[2025-09-29T14:34:30.817+0000] {local_task_job_runner.py:123} INFO - ::group::Pre task execution logs
[2025-09-29T14:34:30.828+0000] {taskinstance.py:2612} INFO - Dependencies all met for dep_context=non-requeueable deps ti=<TaskInstance: example_hello_dag.say_hello scheduled__2025-09-25T00:00:00+00:00 [queued]>
[2025-09-29T14:34:30.832+0000] {taskinstance.py:2612} INFO - Dependencies all met for dep_context=requeueable deps ti=<TaskInstance: example_hello_dag.say_hello scheduled__2025-09-25T00:00:00+00:00 [queued]>
[2025-09-29T14:34:30.832+0000] {taskinstance.py:2865} INFO - Starting attempt 1 of 2
[2025-09-29T14:34:30.840+0000] {taskinstance.py:2888} INFO - Executing <Task(PythonOperator): say_hello> on 2025-09-25 00:00:00+00:00
[2025-09-29T14:34:30.845+0000] {warnings.py:112} WARNING - /home/***/.local/lib/python3.12/site-packages/***/task/task_runner/standard_task_runner.py:70: DeprecationWarning: This process (pid=56) is multi-threaded, use of fork() may lead to deadlocks in the child.
  pid = os.fork()

[2025-09-29T14:34:30.847+0000] {standard_task_runner.py:72} INFO - Started process 60 to run task
[2025-09-29T14:34:30.847+0000] {standard_task_runner.py:104} INFO - Running: ['***', 'tasks', 'run', 'example_hello_dag', 'say_hello', 'scheduled__2025-09-25T00:00:00+00:00', '--job-id', '12', '--raw', '--subdir', 'DAGS_FOLDER/example_hello_dag.py', '--cfg-path', '/tmp/tmpxm2f0pd5']
[2025-09-29T14:34:30.848+0000] {standard_task_runner.py:105} INFO - Job 12: Subtask say_hello
[2025-09-29T14:34:30.885+0000] {task_command.py:467} INFO - Running <TaskInstance: example_hello_dag.say_hello scheduled__2025-09-25T00:00:00+00:00 [running]> on host 69391400d53e
[2025-09-29T14:34:30.957+0000] {taskinstance.py:3131} INFO - Exporting env vars: AIRFLOW_CTX_DAG_OWNER='you' AIRFLOW_CTX_DAG_ID='example_hello_dag' AIRFLOW_CTX_TASK_ID='say_hello' AIRFLOW_CTX_EXECUTION_DATE='2025-09-25T00:00:00+00:00' AIRFLOW_CTX_TRY_NUMBER='1' AIRFLOW_CTX_DAG_RUN_ID='scheduled__2025-09-25T00:00:00+00:00'
[2025-09-29T14:34:30.960+0000] {logging_mixin.py:190} INFO - Task instance is in running state
[2025-09-29T14:34:30.960+0000] {logging_mixin.py:190} INFO -  Previous state of the Task instance: queued
[2025-09-29T14:34:30.961+0000] {logging_mixin.py:190} INFO - Current task name:say_hello state:running start_date:2025-09-29 14:34:30.828515+00:00
[2025-09-29T14:34:30.961+0000] {logging_mixin.py:190} INFO - Dag name:example_hello_dag and current dag run status:running
[2025-09-29T14:34:30.962+0000] {taskinstance.py:731} INFO - ::endgroup::
[2025-09-29T14:34:30.963+0000] {logging_mixin.py:190} INFO - Hello from Airflow!
[2025-09-29T14:34:30.964+0000] {python.py:240} INFO - Done. Returned value was: None
[2025-09-29T14:34:30.973+0000] {taskinstance.py:340} INFO - ::group::Post task execution logs
[2025-09-29T14:34:30.973+0000] {taskinstance.py:352} INFO - Marking task as SUCCESS. dag_id=example_hello_dag, task_id=say_hello, run_id=scheduled__2025-09-25T00:00:00+00:00, execution_date=20250925T000000, start_date=20250929T143430, end_date=20250929T143430
[2025-09-29T14:34:30.981+0000] {logging_mixin.py:190} INFO - Task instance in success state
[2025-09-29T14:34:30.982+0000] {logging_mixin.py:190} INFO -  Previous state of the Task instance: running
[2025-09-29T14:34:30.982+0000] {logging_mixin.py:190} INFO - Dag name:example_hello_dag queued_at:2025-09-29 14:34:27.543134+00:00
[2025-09-29T14:34:30.982+0000] {logging_mixin.py:190} INFO - Task hostname:69391400d53e operator:PythonOperator
[2025-09-29T14:34:31.030+0000] {local_task_job_runner.py:266} INFO - Task exited with return code 0
[2025-09-29T14:34:31.049+0000] {taskinstance.py:3900} INFO - 1 downstream tasks scheduled from follow-on schedule check
[2025-09-29T14:34:31.050+0000] {local_task_job_runner.py:245} INFO - ::endgroup::
