2025-07-28 13:48:44,151 WARNING File not found at path: study_spark/tvss.json
2025-07-28 13:50:29,406 WARNING File not found at path: study_spark/tvss.json
2025-07-28 13:50:58,606 WARNING DataFrame describe:
  summary                 id       name       original_name                                                                                                                                      overview  tagline            status original_language first_air_date last_air_date  number_of_episodes   number_of_seasons                       poster_path       vote_average          vote_count          popularity    origin_country
0   count             152970     152970              152970                                                                                                                                        152970   152970            152970            152970         152970        124031              152336              152970                             96343             152970              152970              152970            152970
1    mean  97322.23791593123   Infinity  16358.675754716982                                                                                                                                          None     None              None              None           None          None  24.493724398697616   1.546028633065307                              None  2.375745956723538  13.758625874354449  3.4854569458027056              None
2  stddev  67273.49314561955        NaN  105419.60944044133                                                                                                                                          None     None              None              None           None          None  135.57088351349208  3.0162159090222245                              None  3.469040114041951  192.41330732805937   22.79330644035094              None
3     min                  1                                                                                                                                                                                                Canceled                aa                   0200-01-22                   0                   0  /100177TXzcG1AA13wsHliOVXygC.jpg                0.0                   0                 0.0  [\n    "AD"\n  ]
4     max             228550  Ｕ字工事の旅！発見              ｢ごくせん｣  🗣Ano-chan opens a TV station at home\n\nUnpredictable music talk variety that invites customers to your home and approaches the real face 👀💭  犯罪心理小组X  Returning Series                zu     2046-02-24    2023-06-11               19925                 345  /zzzYHxgewEtljbvJCxzLlj7ORNO.jpg               10.0               21048            2162.502                []
2025-07-28 13:53:27,911 WARNING File not found at path: study_spark/tvss.json
2025-07-28 13:53:43,428 WARNING DataFrame describe:
  summary                 id       name       original_name                                                                                                                                      overview  tagline            status original_language first_air_date last_air_date  number_of_episodes   number_of_seasons                       poster_path       vote_average          vote_count          popularity    origin_country
0   count             152970     152970              152970                                                                                                                                        152970   152970            152970            152970         152970        124031              152336              152970                             96343             152970              152970              152970            152970
1    mean  97322.23791593123   Infinity  16358.675754716982                                                                                                                                          None     None              None              None           None          None  24.493724398697616   1.546028633065307                              None  2.375745956723538  13.758625874354449  3.4854569458027056              None
2  stddev  67273.49314561955        NaN  105419.60944044133                                                                                                                                          None     None              None              None           None          None  135.57088351349208  3.0162159090222245                              None  3.469040114041951  192.41330732805937   22.79330644035094              None
3     min                  1                                                                                                                                                                                                Canceled                aa                   0200-01-22                   0                   0  /100177TXzcG1AA13wsHliOVXygC.jpg                0.0                   0                 0.0  [\n    "AD"\n  ]
4     max             228550  Ｕ字工事の旅！発見              ｢ごくせん｣  🗣Ano-chan opens a TV station at home\n\nUnpredictable music talk variety that invites customers to your home and approaches the real face 👀💭  犯罪心理小组X  Returning Series                zu     2046-02-24    2023-06-11               19925                 345  /zzzYHxgewEtljbvJCxzLlj7ORNO.jpg               10.0               21048            2162.502                []
2025-07-28 13:53:43,429 WARNING DataFrame schema:
id: IntegerType()
name: StringType()
original_name: StringType()
overview: StringType()
tagline: StringType()
in_production: BooleanType()
status: StringType()
original_language: StringType()
first_air_date: StringType()
last_air_date: StringType()
number_of_episodes: IntegerType()
number_of_seasons: IntegerType()
poster_path: StringType()
vote_average: DoubleType()
vote_count: IntegerType()
popularity: DoubleType()
origin_country: StringType()
2025-07-28 13:57:13,242 WARNING File not found at path: study_spark/tvss.json
2025-07-28 13:57:28,050 WARNING DataFrame describe:
  summary                 id       name       original_name                                                                                                                                      overview  tagline            status original_language first_air_date last_air_date  number_of_episodes   number_of_seasons                       poster_path       vote_average          vote_count          popularity    origin_country
0   count             152970     152970              152970                                                                                                                                        152970   152970            152970            152970         152970        124031              152336              152970                             96343             152970              152970              152970            152970
1    mean  97322.23791593123   Infinity  16358.675754716982                                                                                                                                          None     None              None              None           None          None  24.493724398697616   1.546028633065307                              None  2.375745956723538  13.758625874354449  3.4854569458027056              None
2  stddev  67273.49314561955        NaN  105419.60944044133                                                                                                                                          None     None              None              None           None          None  135.57088351349208  3.0162159090222245                              None  3.469040114041951  192.41330732805937   22.79330644035094              None
3     min                  1                                                                                                                                                                                                Canceled                aa                   0200-01-22                   0                   0  /100177TXzcG1AA13wsHliOVXygC.jpg                0.0                   0                 0.0  [\n    "AD"\n  ]
4     max             228550  Ｕ字工事の旅！発見              ｢ごくせん｣  🗣Ano-chan opens a TV station at home\n\nUnpredictable music talk variety that invites customers to your home and approaches the real face 👀💭  犯罪心理小组X  Returning Series                zu     2046-02-24    2023-06-11               19925                 345  /zzzYHxgewEtljbvJCxzLlj7ORNO.jpg               10.0               21048            2162.502                []
2025-07-28 13:57:28,051 WARNING DataFrame schema:
id: IntegerType()
name: StringType()
original_name: StringType()
overview: StringType()
tagline: StringType()
in_production: BooleanType()
status: StringType()
original_language: StringType()
first_air_date: StringType()
last_air_date: StringType()
number_of_episodes: IntegerType()
number_of_seasons: IntegerType()
poster_path: StringType()
vote_average: DoubleType()
vote_count: IntegerType()
popularity: DoubleType()
origin_country: StringType()
2025-07-28 13:57:28,543 INFO names with status Canceled: 4037
2025-07-28 13:57:28,864 INFO Total records with popularity > 5.0: 16989
2025-07-28 13:57:29,158 INFO names with number_of_episodes < 100: 145573
2025-07-28 13:57:38,076 INFO Batch processing finished. Elapsed time: 25.290872 seconds.
2025-07-28 13:57:38,133 INFO Total records processed: 152970
