[2025-09-24T10:10:50.269+0000] {local_task_job_runner.py:123} INFO - ::group::Pre task execution logs
[2025-09-24T10:10:50.277+0000] {taskinstance.py:2612} INFO - Dependencies all met for dep_context=non-requeueable deps ti=<TaskInstance: example_hello_dag.say_hello scheduled__2025-09-23T00:00:00+00:00 [queued]>
[2025-09-24T10:10:50.281+0000] {taskinstance.py:2612} INFO - Dependencies all met for dep_context=requeueable deps ti=<TaskInstance: example_hello_dag.say_hello scheduled__2025-09-23T00:00:00+00:00 [queued]>
[2025-09-24T10:10:50.281+0000] {taskinstance.py:2865} INFO - Starting attempt 1 of 2
[2025-09-24T10:10:50.288+0000] {taskinstance.py:2888} INFO - Executing <Task(PythonOperator): say_hello> on 2025-09-23 00:00:00+00:00
[2025-09-24T10:10:50.292+0000] {warnings.py:112} WARNING - /home/***/.local/lib/python3.12/site-packages/***/task/task_runner/standard_task_runner.py:70: DeprecationWarning: This process (pid=14551) is multi-threaded, use of fork() may lead to deadlocks in the child.
  pid = os.fork()

[2025-09-24T10:10:50.293+0000] {standard_task_runner.py:72} INFO - Started process 14553 to run task
[2025-09-24T10:10:50.294+0000] {standard_task_runner.py:104} INFO - Running: ['***', 'tasks', 'run', 'example_hello_dag', 'say_hello', 'scheduled__2025-09-23T00:00:00+00:00', '--job-id', '4', '--raw', '--subdir', 'DAGS_FOLDER/example_hello_dag.py', '--cfg-path', '/tmp/tmpvu2wu1zt']
[2025-09-24T10:10:50.294+0000] {standard_task_runner.py:105} INFO - Job 4: Subtask say_hello
[2025-09-24T10:10:50.321+0000] {task_command.py:467} INFO - Running <TaskInstance: example_hello_dag.say_hello scheduled__2025-09-23T00:00:00+00:00 [running]> on host 69391400d53e
[2025-09-24T10:10:50.358+0000] {taskinstance.py:3131} INFO - Exporting env vars: AIRFLOW_CTX_DAG_OWNER='you' AIRFLOW_CTX_DAG_ID='example_hello_dag' AIRFLOW_CTX_TASK_ID='say_hello' AIRFLOW_CTX_EXECUTION_DATE='2025-09-23T00:00:00+00:00' AIRFLOW_CTX_TRY_NUMBER='1' AIRFLOW_CTX_DAG_RUN_ID='scheduled__2025-09-23T00:00:00+00:00'
[2025-09-24T10:10:50.359+0000] {logging_mixin.py:190} INFO - Task instance is in running state
[2025-09-24T10:10:50.359+0000] {logging_mixin.py:190} INFO -  Previous state of the Task instance: queued
[2025-09-24T10:10:50.360+0000] {logging_mixin.py:190} INFO - Current task name:say_hello state:running start_date:2025-09-24 10:10:50.278179+00:00
[2025-09-24T10:10:50.360+0000] {logging_mixin.py:190} INFO - Dag name:example_hello_dag and current dag run status:running
[2025-09-24T10:10:50.360+0000] {taskinstance.py:731} INFO - ::endgroup::
[2025-09-24T10:10:50.360+0000] {logging_mixin.py:190} INFO - Hello from Airflow!
[2025-09-24T10:10:50.360+0000] {python.py:240} INFO - Done. Returned value was: None
[2025-09-24T10:10:50.364+0000] {taskinstance.py:340} INFO - ::group::Post task execution logs
[2025-09-24T10:10:50.365+0000] {taskinstance.py:352} INFO - Marking task as SUCCESS. dag_id=example_hello_dag, task_id=say_hello, run_id=scheduled__2025-09-23T00:00:00+00:00, execution_date=20250923T000000, start_date=20250924T101050, end_date=20250924T101050
[2025-09-24T10:10:50.369+0000] {logging_mixin.py:190} INFO - Task instance in success state
[2025-09-24T10:10:50.369+0000] {logging_mixin.py:190} INFO -  Previous state of the Task instance: running
[2025-09-24T10:10:50.369+0000] {logging_mixin.py:190} INFO - Dag name:example_hello_dag queued_at:2025-09-24 10:10:48.264543+00:00
[2025-09-24T10:10:50.369+0000] {logging_mixin.py:190} INFO - Task hostname:69391400d53e operator:PythonOperator
[2025-09-24T10:10:50.391+0000] {local_task_job_runner.py:266} INFO - Task exited with return code 0
[2025-09-24T10:10:50.402+0000] {taskinstance.py:3900} INFO - 1 downstream tasks scheduled from follow-on schedule check
[2025-09-24T10:10:50.403+0000] {local_task_job_runner.py:245} INFO - ::endgroup::
