[2025-09-29T14:38:21.149+0000] {local_task_job_runner.py:123} INFO - ::group::Pre task execution logs
[2025-09-29T14:38:21.158+0000] {taskinstance.py:2612} INFO - Dependencies all met for dep_context=non-requeueable deps ti=<TaskInstance: file_copy_dag.ensure_directories manual__2025-09-29T14:38:19.638576+00:00 [queued]>
[2025-09-29T14:38:21.164+0000] {taskinstance.py:2612} INFO - Dependencies all met for dep_context=requeueable deps ti=<TaskInstance: file_copy_dag.ensure_directories manual__2025-09-29T14:38:19.638576+00:00 [queued]>
[2025-09-29T14:38:21.164+0000] {taskinstance.py:2865} INFO - Starting attempt 1 of 2
[2025-09-29T14:38:21.171+0000] {taskinstance.py:2888} INFO - Executing <Task(PythonOperator): ensure_directories> on 2025-09-29 14:38:19.638576+00:00
[2025-09-29T14:38:21.174+0000] {warnings.py:112} WARNING - /home/***/.local/lib/python3.12/site-packages/***/task/task_runner/standard_task_runner.py:70: DeprecationWarning: This process (pid=127) is multi-threaded, use of fork() may lead to deadlocks in the child.
  pid = os.fork()

[2025-09-29T14:38:21.176+0000] {standard_task_runner.py:104} INFO - Running: ['***', 'tasks', 'run', 'file_copy_dag', 'ensure_directories', 'manual__2025-09-29T14:38:19.638576+00:00', '--job-id', '17', '--raw', '--subdir', 'DAGS_FOLDER/file_copy_dag.py', '--cfg-path', '/tmp/tmp4mgfcmmd']
[2025-09-29T14:38:21.178+0000] {standard_task_runner.py:72} INFO - Started process 130 to run task
[2025-09-29T14:38:21.178+0000] {standard_task_runner.py:105} INFO - Job 17: Subtask ensure_directories
[2025-09-29T14:38:21.203+0000] {task_command.py:467} INFO - Running <TaskInstance: file_copy_dag.ensure_directories manual__2025-09-29T14:38:19.638576+00:00 [running]> on host 69391400d53e
[2025-09-29T14:38:21.240+0000] {taskinstance.py:3131} INFO - Exporting env vars: AIRFLOW_CTX_DAG_OWNER='you' AIRFLOW_CTX_DAG_ID='file_copy_dag' AIRFLOW_CTX_TASK_ID='ensure_directories' AIRFLOW_CTX_EXECUTION_DATE='2025-09-29T14:38:19.638576+00:00' AIRFLOW_CTX_TRY_NUMBER='1' AIRFLOW_CTX_DAG_RUN_ID='manual__2025-09-29T14:38:19.638576+00:00'
[2025-09-29T14:38:21.241+0000] {logging_mixin.py:190} INFO - Task instance is in running state
[2025-09-29T14:38:21.241+0000] {logging_mixin.py:190} INFO -  Previous state of the Task instance: queued
[2025-09-29T14:38:21.242+0000] {logging_mixin.py:190} INFO - Current task name:ensure_directories state:running start_date:2025-09-29 14:38:21.159450+00:00
[2025-09-29T14:38:21.242+0000] {logging_mixin.py:190} INFO - Dag name:file_copy_dag and current dag run status:running
[2025-09-29T14:38:21.242+0000] {taskinstance.py:731} INFO - ::endgroup::
[2025-09-29T14:38:21.243+0000] {python.py:240} INFO - Done. Returned value was: None
[2025-09-29T14:38:21.247+0000] {taskinstance.py:340} INFO - ::group::Post task execution logs
[2025-09-29T14:38:21.247+0000] {taskinstance.py:352} INFO - Marking task as SUCCESS. dag_id=file_copy_dag, task_id=ensure_directories, run_id=manual__2025-09-29T14:38:19.638576+00:00, execution_date=20250929T143819, start_date=20250929T143821, end_date=20250929T143821
[2025-09-29T14:38:21.251+0000] {logging_mixin.py:190} INFO - Task instance in success state
[2025-09-29T14:38:21.252+0000] {logging_mixin.py:190} INFO -  Previous state of the Task instance: running
[2025-09-29T14:38:21.253+0000] {logging_mixin.py:190} INFO - Dag name:file_copy_dag queued_at:2025-09-29 14:38:19.663467+00:00
[2025-09-29T14:38:21.253+0000] {logging_mixin.py:190} INFO - Task hostname:69391400d53e operator:PythonOperator
[2025-09-29T14:38:21.279+0000] {local_task_job_runner.py:266} INFO - Task exited with return code 0
[2025-09-29T14:38:21.292+0000] {taskinstance.py:3900} INFO - 1 downstream tasks scheduled from follow-on schedule check
[2025-09-29T14:38:21.293+0000] {local_task_job_runner.py:245} INFO - ::endgroup::
