[2025-09-29T14:34:30.267+0000] {processor.py:186} INFO - Started process (PID=79) to work on /home/airflow/.local/lib/python3.12/site-packages/airflow/example_dags/example_sla_dag.py
[2025-09-29T14:34:30.268+0000] {processor.py:914} INFO - Processing file /home/airflow/.local/lib/python3.12/site-packages/airflow/example_dags/example_sla_dag.py for tasks to queue
[2025-09-29T14:34:30.269+0000] {logging_mixin.py:190} INFO - [2025-09-29T14:34:30.269+0000] {dagbag.py:588} INFO - Filling up the DagBag from /home/airflow/.local/lib/python3.12/site-packages/airflow/example_dags/example_sla_dag.py
[2025-09-29T14:34:30.278+0000] {processor.py:925} INFO - DAG(s) 'example_sla_dag' retrieved from /home/airflow/.local/lib/python3.12/site-packages/airflow/example_dags/example_sla_dag.py
[2025-09-29T14:34:30.302+0000] {logging_mixin.py:190} INFO - [2025-09-29T14:34:30.301+0000] {dag.py:3239} INFO - Sync 1 DAGs
[2025-09-29T14:34:30.324+0000] {logging_mixin.py:190} INFO - [2025-09-29T14:34:30.324+0000] {dag.py:4180} INFO - Setting next_dagrun for example_sla_dag to 2025-09-29 14:32:00+00:00, run_after=2025-09-29 14:34:00+00:00
[2025-09-29T14:34:30.346+0000] {processor.py:208} INFO - Processing /home/airflow/.local/lib/python3.12/site-packages/airflow/example_dags/example_sla_dag.py took 0.085 seconds
[2025-09-29T14:35:01.231+0000] {processor.py:186} INFO - Started process (PID=153) to work on /home/airflow/.local/lib/python3.12/site-packages/airflow/example_dags/example_sla_dag.py
[2025-09-29T14:35:01.234+0000] {processor.py:914} INFO - Processing file /home/airflow/.local/lib/python3.12/site-packages/airflow/example_dags/example_sla_dag.py for tasks to queue
[2025-09-29T14:35:01.236+0000] {logging_mixin.py:190} INFO - [2025-09-29T14:35:01.236+0000] {dagbag.py:588} INFO - Filling up the DagBag from /home/airflow/.local/lib/python3.12/site-packages/airflow/example_dags/example_sla_dag.py
[2025-09-29T14:35:01.241+0000] {processor.py:925} INFO - DAG(s) 'example_sla_dag' retrieved from /home/airflow/.local/lib/python3.12/site-packages/airflow/example_dags/example_sla_dag.py
[2025-09-29T14:35:01.252+0000] {logging_mixin.py:190} INFO - [2025-09-29T14:35:01.252+0000] {dag.py:3239} INFO - Sync 1 DAGs
[2025-09-29T14:35:01.266+0000] {logging_mixin.py:190} INFO - [2025-09-29T14:35:01.266+0000] {dag.py:4180} INFO - Setting next_dagrun for example_sla_dag to 2025-09-29 14:32:00+00:00, run_after=2025-09-29 14:34:00+00:00
[2025-09-29T14:35:01.275+0000] {processor.py:208} INFO - Processing /home/airflow/.local/lib/python3.12/site-packages/airflow/example_dags/example_sla_dag.py took 0.048 seconds
[2025-09-29T14:35:31.513+0000] {processor.py:186} INFO - Started process (PID=217) to work on /home/airflow/.local/lib/python3.12/site-packages/airflow/example_dags/example_sla_dag.py
[2025-09-29T14:35:31.513+0000] {processor.py:914} INFO - Processing file /home/airflow/.local/lib/python3.12/site-packages/airflow/example_dags/example_sla_dag.py for tasks to queue
[2025-09-29T14:35:31.515+0000] {logging_mixin.py:190} INFO - [2025-09-29T14:35:31.514+0000] {dagbag.py:588} INFO - Filling up the DagBag from /home/airflow/.local/lib/python3.12/site-packages/airflow/example_dags/example_sla_dag.py
[2025-09-29T14:35:31.520+0000] {processor.py:925} INFO - DAG(s) 'example_sla_dag' retrieved from /home/airflow/.local/lib/python3.12/site-packages/airflow/example_dags/example_sla_dag.py
[2025-09-29T14:35:31.534+0000] {logging_mixin.py:190} INFO - [2025-09-29T14:35:31.534+0000] {dag.py:3239} INFO - Sync 1 DAGs
[2025-09-29T14:35:31.550+0000] {logging_mixin.py:190} INFO - [2025-09-29T14:35:31.550+0000] {dag.py:4180} INFO - Setting next_dagrun for example_sla_dag to 2025-09-29 14:32:00+00:00, run_after=2025-09-29 14:34:00+00:00
[2025-09-29T14:35:31.562+0000] {processor.py:208} INFO - Processing /home/airflow/.local/lib/python3.12/site-packages/airflow/example_dags/example_sla_dag.py took 0.052 seconds
[2025-09-29T14:36:01.732+0000] {processor.py:186} INFO - Started process (PID=281) to work on /home/airflow/.local/lib/python3.12/site-packages/airflow/example_dags/example_sla_dag.py
[2025-09-29T14:36:01.735+0000] {processor.py:914} INFO - Processing file /home/airflow/.local/lib/python3.12/site-packages/airflow/example_dags/example_sla_dag.py for tasks to queue
[2025-09-29T14:36:01.737+0000] {logging_mixin.py:190} INFO - [2025-09-29T14:36:01.737+0000] {dagbag.py:588} INFO - Filling up the DagBag from /home/airflow/.local/lib/python3.12/site-packages/airflow/example_dags/example_sla_dag.py
[2025-09-29T14:36:01.742+0000] {processor.py:925} INFO - DAG(s) 'example_sla_dag' retrieved from /home/airflow/.local/lib/python3.12/site-packages/airflow/example_dags/example_sla_dag.py
[2025-09-29T14:36:01.756+0000] {logging_mixin.py:190} INFO - [2025-09-29T14:36:01.756+0000] {dag.py:3239} INFO - Sync 1 DAGs
[2025-09-29T14:36:01.769+0000] {logging_mixin.py:190} INFO - [2025-09-29T14:36:01.769+0000] {dag.py:4180} INFO - Setting next_dagrun for example_sla_dag to 2025-09-29 14:34:00+00:00, run_after=2025-09-29 14:36:00+00:00
[2025-09-29T14:36:01.778+0000] {processor.py:208} INFO - Processing /home/airflow/.local/lib/python3.12/site-packages/airflow/example_dags/example_sla_dag.py took 0.050 seconds
[2025-09-29T14:36:31.911+0000] {processor.py:186} INFO - Started process (PID=345) to work on /home/airflow/.local/lib/python3.12/site-packages/airflow/example_dags/example_sla_dag.py
[2025-09-29T14:36:31.912+0000] {processor.py:914} INFO - Processing file /home/airflow/.local/lib/python3.12/site-packages/airflow/example_dags/example_sla_dag.py for tasks to queue
[2025-09-29T14:36:31.913+0000] {logging_mixin.py:190} INFO - [2025-09-29T14:36:31.913+0000] {dagbag.py:588} INFO - Filling up the DagBag from /home/airflow/.local/lib/python3.12/site-packages/airflow/example_dags/example_sla_dag.py
[2025-09-29T14:36:31.919+0000] {processor.py:925} INFO - DAG(s) 'example_sla_dag' retrieved from /home/airflow/.local/lib/python3.12/site-packages/airflow/example_dags/example_sla_dag.py
[2025-09-29T14:36:31.928+0000] {logging_mixin.py:190} INFO - [2025-09-29T14:36:31.928+0000] {dag.py:3239} INFO - Sync 1 DAGs
[2025-09-29T14:36:31.941+0000] {logging_mixin.py:190} INFO - [2025-09-29T14:36:31.941+0000] {dag.py:4180} INFO - Setting next_dagrun for example_sla_dag to 2025-09-29 14:34:00+00:00, run_after=2025-09-29 14:36:00+00:00
[2025-09-29T14:36:31.955+0000] {processor.py:208} INFO - Processing /home/airflow/.local/lib/python3.12/site-packages/airflow/example_dags/example_sla_dag.py took 0.047 seconds
[2025-09-29T14:37:02.132+0000] {processor.py:186} INFO - Started process (PID=408) to work on /home/airflow/.local/lib/python3.12/site-packages/airflow/example_dags/example_sla_dag.py
[2025-09-29T14:37:02.133+0000] {processor.py:914} INFO - Processing file /home/airflow/.local/lib/python3.12/site-packages/airflow/example_dags/example_sla_dag.py for tasks to queue
[2025-09-29T14:37:02.134+0000] {logging_mixin.py:190} INFO - [2025-09-29T14:37:02.134+0000] {dagbag.py:588} INFO - Filling up the DagBag from /home/airflow/.local/lib/python3.12/site-packages/airflow/example_dags/example_sla_dag.py
[2025-09-29T14:37:02.139+0000] {processor.py:925} INFO - DAG(s) 'example_sla_dag' retrieved from /home/airflow/.local/lib/python3.12/site-packages/airflow/example_dags/example_sla_dag.py
[2025-09-29T14:37:02.152+0000] {logging_mixin.py:190} INFO - [2025-09-29T14:37:02.152+0000] {dag.py:3239} INFO - Sync 1 DAGs
[2025-09-29T14:37:02.164+0000] {logging_mixin.py:190} INFO - [2025-09-29T14:37:02.164+0000] {dag.py:4180} INFO - Setting next_dagrun for example_sla_dag to 2025-09-29 14:34:00+00:00, run_after=2025-09-29 14:36:00+00:00
[2025-09-29T14:37:02.177+0000] {processor.py:208} INFO - Processing /home/airflow/.local/lib/python3.12/site-packages/airflow/example_dags/example_sla_dag.py took 0.048 seconds
[2025-09-29T14:37:32.493+0000] {processor.py:186} INFO - Started process (PID=472) to work on /home/airflow/.local/lib/python3.12/site-packages/airflow/example_dags/example_sla_dag.py
[2025-09-29T14:37:32.495+0000] {processor.py:914} INFO - Processing file /home/airflow/.local/lib/python3.12/site-packages/airflow/example_dags/example_sla_dag.py for tasks to queue
[2025-09-29T14:37:32.496+0000] {logging_mixin.py:190} INFO - [2025-09-29T14:37:32.496+0000] {dagbag.py:588} INFO - Filling up the DagBag from /home/airflow/.local/lib/python3.12/site-packages/airflow/example_dags/example_sla_dag.py
[2025-09-29T14:37:32.501+0000] {processor.py:925} INFO - DAG(s) 'example_sla_dag' retrieved from /home/airflow/.local/lib/python3.12/site-packages/airflow/example_dags/example_sla_dag.py
[2025-09-29T14:37:32.515+0000] {logging_mixin.py:190} INFO - [2025-09-29T14:37:32.514+0000] {dag.py:3239} INFO - Sync 1 DAGs
[2025-09-29T14:37:32.530+0000] {logging_mixin.py:190} INFO - [2025-09-29T14:37:32.530+0000] {dag.py:4180} INFO - Setting next_dagrun for example_sla_dag to 2025-09-29 14:34:00+00:00, run_after=2025-09-29 14:36:00+00:00
[2025-09-29T14:37:32.539+0000] {processor.py:208} INFO - Processing /home/airflow/.local/lib/python3.12/site-packages/airflow/example_dags/example_sla_dag.py took 0.048 seconds
[2025-09-29T14:38:02.890+0000] {processor.py:186} INFO - Started process (PID=536) to work on /home/airflow/.local/lib/python3.12/site-packages/airflow/example_dags/example_sla_dag.py
[2025-09-29T14:38:02.890+0000] {processor.py:914} INFO - Processing file /home/airflow/.local/lib/python3.12/site-packages/airflow/example_dags/example_sla_dag.py for tasks to queue
[2025-09-29T14:38:02.891+0000] {logging_mixin.py:190} INFO - [2025-09-29T14:38:02.891+0000] {dagbag.py:588} INFO - Filling up the DagBag from /home/airflow/.local/lib/python3.12/site-packages/airflow/example_dags/example_sla_dag.py
[2025-09-29T14:38:02.896+0000] {processor.py:925} INFO - DAG(s) 'example_sla_dag' retrieved from /home/airflow/.local/lib/python3.12/site-packages/airflow/example_dags/example_sla_dag.py
[2025-09-29T14:38:02.906+0000] {logging_mixin.py:190} INFO - [2025-09-29T14:38:02.906+0000] {dag.py:3239} INFO - Sync 1 DAGs
[2025-09-29T14:38:02.918+0000] {logging_mixin.py:190} INFO - [2025-09-29T14:38:02.918+0000] {dag.py:4180} INFO - Setting next_dagrun for example_sla_dag to 2025-09-29 14:36:00+00:00, run_after=2025-09-29 14:38:00+00:00
[2025-09-29T14:38:02.927+0000] {processor.py:208} INFO - Processing /home/airflow/.local/lib/python3.12/site-packages/airflow/example_dags/example_sla_dag.py took 0.040 seconds
[2025-09-29T14:38:33.292+0000] {processor.py:186} INFO - Started process (PID=608) to work on /home/airflow/.local/lib/python3.12/site-packages/airflow/example_dags/example_sla_dag.py
[2025-09-29T14:38:33.293+0000] {processor.py:914} INFO - Processing file /home/airflow/.local/lib/python3.12/site-packages/airflow/example_dags/example_sla_dag.py for tasks to queue
[2025-09-29T14:38:33.294+0000] {logging_mixin.py:190} INFO - [2025-09-29T14:38:33.294+0000] {dagbag.py:588} INFO - Filling up the DagBag from /home/airflow/.local/lib/python3.12/site-packages/airflow/example_dags/example_sla_dag.py
[2025-09-29T14:38:33.299+0000] {processor.py:925} INFO - DAG(s) 'example_sla_dag' retrieved from /home/airflow/.local/lib/python3.12/site-packages/airflow/example_dags/example_sla_dag.py
[2025-09-29T14:38:33.314+0000] {logging_mixin.py:190} INFO - [2025-09-29T14:38:33.314+0000] {dag.py:3239} INFO - Sync 1 DAGs
[2025-09-29T14:38:33.329+0000] {logging_mixin.py:190} INFO - [2025-09-29T14:38:33.329+0000] {dag.py:4180} INFO - Setting next_dagrun for example_sla_dag to 2025-09-29 14:36:00+00:00, run_after=2025-09-29 14:38:00+00:00
[2025-09-29T14:38:33.343+0000] {processor.py:208} INFO - Processing /home/airflow/.local/lib/python3.12/site-packages/airflow/example_dags/example_sla_dag.py took 0.054 seconds
[2025-09-29T14:39:03.808+0000] {processor.py:186} INFO - Started process (PID=671) to work on /home/airflow/.local/lib/python3.12/site-packages/airflow/example_dags/example_sla_dag.py
[2025-09-29T14:39:03.809+0000] {processor.py:914} INFO - Processing file /home/airflow/.local/lib/python3.12/site-packages/airflow/example_dags/example_sla_dag.py for tasks to queue
[2025-09-29T14:39:03.810+0000] {logging_mixin.py:190} INFO - [2025-09-29T14:39:03.810+0000] {dagbag.py:588} INFO - Filling up the DagBag from /home/airflow/.local/lib/python3.12/site-packages/airflow/example_dags/example_sla_dag.py
[2025-09-29T14:39:03.815+0000] {processor.py:925} INFO - DAG(s) 'example_sla_dag' retrieved from /home/airflow/.local/lib/python3.12/site-packages/airflow/example_dags/example_sla_dag.py
[2025-09-29T14:39:03.830+0000] {logging_mixin.py:190} INFO - [2025-09-29T14:39:03.830+0000] {dag.py:3239} INFO - Sync 1 DAGs
[2025-09-29T14:39:03.851+0000] {logging_mixin.py:190} INFO - [2025-09-29T14:39:03.851+0000] {dag.py:4180} INFO - Setting next_dagrun for example_sla_dag to 2025-09-29 14:36:00+00:00, run_after=2025-09-29 14:38:00+00:00
[2025-09-29T14:39:03.867+0000] {processor.py:208} INFO - Processing /home/airflow/.local/lib/python3.12/site-packages/airflow/example_dags/example_sla_dag.py took 0.062 seconds
[2025-09-29T14:39:34.342+0000] {processor.py:186} INFO - Started process (PID=734) to work on /home/airflow/.local/lib/python3.12/site-packages/airflow/example_dags/example_sla_dag.py
[2025-09-29T14:39:34.342+0000] {processor.py:914} INFO - Processing file /home/airflow/.local/lib/python3.12/site-packages/airflow/example_dags/example_sla_dag.py for tasks to queue
[2025-09-29T14:39:34.345+0000] {logging_mixin.py:190} INFO - [2025-09-29T14:39:34.344+0000] {dagbag.py:588} INFO - Filling up the DagBag from /home/airflow/.local/lib/python3.12/site-packages/airflow/example_dags/example_sla_dag.py
[2025-09-29T14:39:34.350+0000] {processor.py:925} INFO - DAG(s) 'example_sla_dag' retrieved from /home/airflow/.local/lib/python3.12/site-packages/airflow/example_dags/example_sla_dag.py
[2025-09-29T14:39:34.364+0000] {logging_mixin.py:190} INFO - [2025-09-29T14:39:34.364+0000] {dag.py:3239} INFO - Sync 1 DAGs
[2025-09-29T14:39:34.383+0000] {logging_mixin.py:190} INFO - [2025-09-29T14:39:34.383+0000] {dag.py:4180} INFO - Setting next_dagrun for example_sla_dag to 2025-09-29 14:36:00+00:00, run_after=2025-09-29 14:38:00+00:00
[2025-09-29T14:39:34.403+0000] {processor.py:208} INFO - Processing /home/airflow/.local/lib/python3.12/site-packages/airflow/example_dags/example_sla_dag.py took 0.065 seconds
[2025-09-29T14:40:04.778+0000] {processor.py:186} INFO - Started process (PID=798) to work on /home/airflow/.local/lib/python3.12/site-packages/airflow/example_dags/example_sla_dag.py
[2025-09-29T14:40:04.779+0000] {processor.py:914} INFO - Processing file /home/airflow/.local/lib/python3.12/site-packages/airflow/example_dags/example_sla_dag.py for tasks to queue
[2025-09-29T14:40:04.781+0000] {logging_mixin.py:190} INFO - [2025-09-29T14:40:04.781+0000] {dagbag.py:588} INFO - Filling up the DagBag from /home/airflow/.local/lib/python3.12/site-packages/airflow/example_dags/example_sla_dag.py
[2025-09-29T14:40:04.786+0000] {processor.py:925} INFO - DAG(s) 'example_sla_dag' retrieved from /home/airflow/.local/lib/python3.12/site-packages/airflow/example_dags/example_sla_dag.py
[2025-09-29T14:40:04.796+0000] {logging_mixin.py:190} INFO - [2025-09-29T14:40:04.796+0000] {dag.py:3239} INFO - Sync 1 DAGs
[2025-09-29T14:40:04.809+0000] {logging_mixin.py:190} INFO - [2025-09-29T14:40:04.809+0000] {dag.py:4180} INFO - Setting next_dagrun for example_sla_dag to 2025-09-29 14:38:00+00:00, run_after=2025-09-29 14:40:00+00:00
[2025-09-29T14:40:04.818+0000] {processor.py:208} INFO - Processing /home/airflow/.local/lib/python3.12/site-packages/airflow/example_dags/example_sla_dag.py took 0.042 seconds
[2025-09-29T14:40:35.145+0000] {processor.py:186} INFO - Started process (PID=861) to work on /home/airflow/.local/lib/python3.12/site-packages/airflow/example_dags/example_sla_dag.py
[2025-09-29T14:40:35.148+0000] {processor.py:914} INFO - Processing file /home/airflow/.local/lib/python3.12/site-packages/airflow/example_dags/example_sla_dag.py for tasks to queue
[2025-09-29T14:40:35.149+0000] {logging_mixin.py:190} INFO - [2025-09-29T14:40:35.149+0000] {dagbag.py:588} INFO - Filling up the DagBag from /home/airflow/.local/lib/python3.12/site-packages/airflow/example_dags/example_sla_dag.py
[2025-09-29T14:40:35.155+0000] {processor.py:925} INFO - DAG(s) 'example_sla_dag' retrieved from /home/airflow/.local/lib/python3.12/site-packages/airflow/example_dags/example_sla_dag.py
[2025-09-29T14:40:35.166+0000] {logging_mixin.py:190} INFO - [2025-09-29T14:40:35.166+0000] {dag.py:3239} INFO - Sync 1 DAGs
[2025-09-29T14:40:35.180+0000] {logging_mixin.py:190} INFO - [2025-09-29T14:40:35.180+0000] {dag.py:4180} INFO - Setting next_dagrun for example_sla_dag to 2025-09-29 14:38:00+00:00, run_after=2025-09-29 14:40:00+00:00
[2025-09-29T14:40:35.192+0000] {processor.py:208} INFO - Processing /home/airflow/.local/lib/python3.12/site-packages/airflow/example_dags/example_sla_dag.py took 0.050 seconds
[2025-09-29T14:41:05.460+0000] {processor.py:186} INFO - Started process (PID=927) to work on /home/airflow/.local/lib/python3.12/site-packages/airflow/example_dags/example_sla_dag.py
[2025-09-29T14:41:05.461+0000] {processor.py:914} INFO - Processing file /home/airflow/.local/lib/python3.12/site-packages/airflow/example_dags/example_sla_dag.py for tasks to queue
[2025-09-29T14:41:05.462+0000] {logging_mixin.py:190} INFO - [2025-09-29T14:41:05.462+0000] {dagbag.py:588} INFO - Filling up the DagBag from /home/airflow/.local/lib/python3.12/site-packages/airflow/example_dags/example_sla_dag.py
[2025-09-29T14:41:05.468+0000] {processor.py:925} INFO - DAG(s) 'example_sla_dag' retrieved from /home/airflow/.local/lib/python3.12/site-packages/airflow/example_dags/example_sla_dag.py
[2025-09-29T14:41:05.481+0000] {logging_mixin.py:190} INFO - [2025-09-29T14:41:05.480+0000] {dag.py:3239} INFO - Sync 1 DAGs
[2025-09-29T14:41:05.492+0000] {logging_mixin.py:190} INFO - [2025-09-29T14:41:05.492+0000] {dag.py:4180} INFO - Setting next_dagrun for example_sla_dag to 2025-09-29 14:38:00+00:00, run_after=2025-09-29 14:40:00+00:00
[2025-09-29T14:41:05.504+0000] {processor.py:208} INFO - Processing /home/airflow/.local/lib/python3.12/site-packages/airflow/example_dags/example_sla_dag.py took 0.047 seconds
[2025-09-29T14:41:35.826+0000] {processor.py:186} INFO - Started process (PID=991) to work on /home/airflow/.local/lib/python3.12/site-packages/airflow/example_dags/example_sla_dag.py
[2025-09-29T14:41:35.827+0000] {processor.py:914} INFO - Processing file /home/airflow/.local/lib/python3.12/site-packages/airflow/example_dags/example_sla_dag.py for tasks to queue
[2025-09-29T14:41:35.829+0000] {logging_mixin.py:190} INFO - [2025-09-29T14:41:35.828+0000] {dagbag.py:588} INFO - Filling up the DagBag from /home/airflow/.local/lib/python3.12/site-packages/airflow/example_dags/example_sla_dag.py
[2025-09-29T14:41:35.834+0000] {processor.py:925} INFO - DAG(s) 'example_sla_dag' retrieved from /home/airflow/.local/lib/python3.12/site-packages/airflow/example_dags/example_sla_dag.py
[2025-09-29T14:41:35.846+0000] {logging_mixin.py:190} INFO - [2025-09-29T14:41:35.845+0000] {dag.py:3239} INFO - Sync 1 DAGs
[2025-09-29T14:41:35.859+0000] {logging_mixin.py:190} INFO - [2025-09-29T14:41:35.859+0000] {dag.py:4180} INFO - Setting next_dagrun for example_sla_dag to 2025-09-29 14:38:00+00:00, run_after=2025-09-29 14:40:00+00:00
[2025-09-29T14:41:35.869+0000] {processor.py:208} INFO - Processing /home/airflow/.local/lib/python3.12/site-packages/airflow/example_dags/example_sla_dag.py took 0.046 seconds
[2025-09-29T14:42:06.321+0000] {processor.py:186} INFO - Started process (PID=1056) to work on /home/airflow/.local/lib/python3.12/site-packages/airflow/example_dags/example_sla_dag.py
[2025-09-29T14:42:06.321+0000] {processor.py:914} INFO - Processing file /home/airflow/.local/lib/python3.12/site-packages/airflow/example_dags/example_sla_dag.py for tasks to queue
[2025-09-29T14:42:06.325+0000] {logging_mixin.py:190} INFO - [2025-09-29T14:42:06.325+0000] {dagbag.py:588} INFO - Filling up the DagBag from /home/airflow/.local/lib/python3.12/site-packages/airflow/example_dags/example_sla_dag.py
[2025-09-29T14:42:06.331+0000] {processor.py:925} INFO - DAG(s) 'example_sla_dag' retrieved from /home/airflow/.local/lib/python3.12/site-packages/airflow/example_dags/example_sla_dag.py
[2025-09-29T14:42:06.343+0000] {logging_mixin.py:190} INFO - [2025-09-29T14:42:06.343+0000] {dag.py:3239} INFO - Sync 1 DAGs
[2025-09-29T14:42:06.360+0000] {logging_mixin.py:190} INFO - [2025-09-29T14:42:06.360+0000] {dag.py:4180} INFO - Setting next_dagrun for example_sla_dag to 2025-09-29 14:40:00+00:00, run_after=2025-09-29 14:42:00+00:00
[2025-09-29T14:42:06.377+0000] {processor.py:208} INFO - Processing /home/airflow/.local/lib/python3.12/site-packages/airflow/example_dags/example_sla_dag.py took 0.061 seconds
[2025-09-29T14:42:36.736+0000] {processor.py:186} INFO - Started process (PID=1120) to work on /home/airflow/.local/lib/python3.12/site-packages/airflow/example_dags/example_sla_dag.py
[2025-09-29T14:42:36.737+0000] {processor.py:914} INFO - Processing file /home/airflow/.local/lib/python3.12/site-packages/airflow/example_dags/example_sla_dag.py for tasks to queue
[2025-09-29T14:42:36.738+0000] {logging_mixin.py:190} INFO - [2025-09-29T14:42:36.738+0000] {dagbag.py:588} INFO - Filling up the DagBag from /home/airflow/.local/lib/python3.12/site-packages/airflow/example_dags/example_sla_dag.py
[2025-09-29T14:42:36.744+0000] {processor.py:925} INFO - DAG(s) 'example_sla_dag' retrieved from /home/airflow/.local/lib/python3.12/site-packages/airflow/example_dags/example_sla_dag.py
[2025-09-29T14:42:36.754+0000] {logging_mixin.py:190} INFO - [2025-09-29T14:42:36.754+0000] {dag.py:3239} INFO - Sync 1 DAGs
[2025-09-29T14:42:36.771+0000] {logging_mixin.py:190} INFO - [2025-09-29T14:42:36.771+0000] {dag.py:4180} INFO - Setting next_dagrun for example_sla_dag to 2025-09-29 14:40:00+00:00, run_after=2025-09-29 14:42:00+00:00
[2025-09-29T14:42:36.784+0000] {processor.py:208} INFO - Processing /home/airflow/.local/lib/python3.12/site-packages/airflow/example_dags/example_sla_dag.py took 0.051 seconds
[2025-09-29T14:43:07.005+0000] {processor.py:186} INFO - Started process (PID=1184) to work on /home/airflow/.local/lib/python3.12/site-packages/airflow/example_dags/example_sla_dag.py
[2025-09-29T14:43:07.005+0000] {processor.py:914} INFO - Processing file /home/airflow/.local/lib/python3.12/site-packages/airflow/example_dags/example_sla_dag.py for tasks to queue
[2025-09-29T14:43:07.007+0000] {logging_mixin.py:190} INFO - [2025-09-29T14:43:07.007+0000] {dagbag.py:588} INFO - Filling up the DagBag from /home/airflow/.local/lib/python3.12/site-packages/airflow/example_dags/example_sla_dag.py
[2025-09-29T14:43:07.013+0000] {processor.py:925} INFO - DAG(s) 'example_sla_dag' retrieved from /home/airflow/.local/lib/python3.12/site-packages/airflow/example_dags/example_sla_dag.py
[2025-09-29T14:43:07.030+0000] {logging_mixin.py:190} INFO - [2025-09-29T14:43:07.030+0000] {dag.py:3239} INFO - Sync 1 DAGs
[2025-09-29T14:43:07.045+0000] {logging_mixin.py:190} INFO - [2025-09-29T14:43:07.045+0000] {dag.py:4180} INFO - Setting next_dagrun for example_sla_dag to 2025-09-29 14:40:00+00:00, run_after=2025-09-29 14:42:00+00:00
[2025-09-29T14:43:07.060+0000] {processor.py:208} INFO - Processing /home/airflow/.local/lib/python3.12/site-packages/airflow/example_dags/example_sla_dag.py took 0.059 seconds
[2025-09-29T14:43:37.236+0000] {processor.py:186} INFO - Started process (PID=1248) to work on /home/airflow/.local/lib/python3.12/site-packages/airflow/example_dags/example_sla_dag.py
[2025-09-29T14:43:37.237+0000] {processor.py:914} INFO - Processing file /home/airflow/.local/lib/python3.12/site-packages/airflow/example_dags/example_sla_dag.py for tasks to queue
[2025-09-29T14:43:37.239+0000] {logging_mixin.py:190} INFO - [2025-09-29T14:43:37.239+0000] {dagbag.py:588} INFO - Filling up the DagBag from /home/airflow/.local/lib/python3.12/site-packages/airflow/example_dags/example_sla_dag.py
[2025-09-29T14:43:37.244+0000] {processor.py:925} INFO - DAG(s) 'example_sla_dag' retrieved from /home/airflow/.local/lib/python3.12/site-packages/airflow/example_dags/example_sla_dag.py
[2025-09-29T14:43:37.254+0000] {logging_mixin.py:190} INFO - [2025-09-29T14:43:37.254+0000] {dag.py:3239} INFO - Sync 1 DAGs
[2025-09-29T14:43:37.267+0000] {logging_mixin.py:190} INFO - [2025-09-29T14:43:37.267+0000] {dag.py:4180} INFO - Setting next_dagrun for example_sla_dag to 2025-09-29 14:40:00+00:00, run_after=2025-09-29 14:42:00+00:00
[2025-09-29T14:43:37.277+0000] {processor.py:208} INFO - Processing /home/airflow/.local/lib/python3.12/site-packages/airflow/example_dags/example_sla_dag.py took 0.044 seconds
[2025-09-29T14:44:08.017+0000] {processor.py:186} INFO - Started process (PID=1312) to work on /home/airflow/.local/lib/python3.12/site-packages/airflow/example_dags/example_sla_dag.py
[2025-09-29T14:44:08.017+0000] {processor.py:914} INFO - Processing file /home/airflow/.local/lib/python3.12/site-packages/airflow/example_dags/example_sla_dag.py for tasks to queue
[2025-09-29T14:44:08.019+0000] {logging_mixin.py:190} INFO - [2025-09-29T14:44:08.019+0000] {dagbag.py:588} INFO - Filling up the DagBag from /home/airflow/.local/lib/python3.12/site-packages/airflow/example_dags/example_sla_dag.py
[2025-09-29T14:44:08.024+0000] {processor.py:925} INFO - DAG(s) 'example_sla_dag' retrieved from /home/airflow/.local/lib/python3.12/site-packages/airflow/example_dags/example_sla_dag.py
[2025-09-29T14:44:08.035+0000] {logging_mixin.py:190} INFO - [2025-09-29T14:44:08.035+0000] {dag.py:3239} INFO - Sync 1 DAGs
[2025-09-29T14:44:08.048+0000] {logging_mixin.py:190} INFO - [2025-09-29T14:44:08.048+0000] {dag.py:4180} INFO - Setting next_dagrun for example_sla_dag to 2025-09-29 14:42:00+00:00, run_after=2025-09-29 14:44:00+00:00
[2025-09-29T14:44:08.057+0000] {processor.py:208} INFO - Processing /home/airflow/.local/lib/python3.12/site-packages/airflow/example_dags/example_sla_dag.py took 0.044 seconds
[2025-09-29T14:44:38.416+0000] {processor.py:186} INFO - Started process (PID=1375) to work on /home/airflow/.local/lib/python3.12/site-packages/airflow/example_dags/example_sla_dag.py
[2025-09-29T14:44:38.417+0000] {processor.py:914} INFO - Processing file /home/airflow/.local/lib/python3.12/site-packages/airflow/example_dags/example_sla_dag.py for tasks to queue
[2025-09-29T14:44:38.418+0000] {logging_mixin.py:190} INFO - [2025-09-29T14:44:38.418+0000] {dagbag.py:588} INFO - Filling up the DagBag from /home/airflow/.local/lib/python3.12/site-packages/airflow/example_dags/example_sla_dag.py
[2025-09-29T14:44:38.424+0000] {processor.py:925} INFO - DAG(s) 'example_sla_dag' retrieved from /home/airflow/.local/lib/python3.12/site-packages/airflow/example_dags/example_sla_dag.py
[2025-09-29T14:44:38.439+0000] {logging_mixin.py:190} INFO - [2025-09-29T14:44:38.439+0000] {dag.py:3239} INFO - Sync 1 DAGs
[2025-09-29T14:44:38.453+0000] {logging_mixin.py:190} INFO - [2025-09-29T14:44:38.453+0000] {dag.py:4180} INFO - Setting next_dagrun for example_sla_dag to 2025-09-29 14:42:00+00:00, run_after=2025-09-29 14:44:00+00:00
[2025-09-29T14:44:38.472+0000] {processor.py:208} INFO - Processing /home/airflow/.local/lib/python3.12/site-packages/airflow/example_dags/example_sla_dag.py took 0.058 seconds
[2025-09-29T14:45:08.827+0000] {processor.py:186} INFO - Started process (PID=1439) to work on /home/airflow/.local/lib/python3.12/site-packages/airflow/example_dags/example_sla_dag.py
[2025-09-29T14:45:08.828+0000] {processor.py:914} INFO - Processing file /home/airflow/.local/lib/python3.12/site-packages/airflow/example_dags/example_sla_dag.py for tasks to queue
[2025-09-29T14:45:08.829+0000] {logging_mixin.py:190} INFO - [2025-09-29T14:45:08.829+0000] {dagbag.py:588} INFO - Filling up the DagBag from /home/airflow/.local/lib/python3.12/site-packages/airflow/example_dags/example_sla_dag.py
[2025-09-29T14:45:08.835+0000] {processor.py:925} INFO - DAG(s) 'example_sla_dag' retrieved from /home/airflow/.local/lib/python3.12/site-packages/airflow/example_dags/example_sla_dag.py
[2025-09-29T14:45:08.847+0000] {logging_mixin.py:190} INFO - [2025-09-29T14:45:08.847+0000] {dag.py:3239} INFO - Sync 1 DAGs
[2025-09-29T14:45:08.861+0000] {logging_mixin.py:190} INFO - [2025-09-29T14:45:08.861+0000] {dag.py:4180} INFO - Setting next_dagrun for example_sla_dag to 2025-09-29 14:42:00+00:00, run_after=2025-09-29 14:44:00+00:00
[2025-09-29T14:45:08.875+0000] {processor.py:208} INFO - Processing /home/airflow/.local/lib/python3.12/site-packages/airflow/example_dags/example_sla_dag.py took 0.050 seconds
[2025-09-29T14:45:39.310+0000] {processor.py:186} INFO - Started process (PID=1503) to work on /home/airflow/.local/lib/python3.12/site-packages/airflow/example_dags/example_sla_dag.py
[2025-09-29T14:45:39.311+0000] {processor.py:914} INFO - Processing file /home/airflow/.local/lib/python3.12/site-packages/airflow/example_dags/example_sla_dag.py for tasks to queue
[2025-09-29T14:45:39.312+0000] {logging_mixin.py:190} INFO - [2025-09-29T14:45:39.312+0000] {dagbag.py:588} INFO - Filling up the DagBag from /home/airflow/.local/lib/python3.12/site-packages/airflow/example_dags/example_sla_dag.py
[2025-09-29T14:45:39.318+0000] {processor.py:925} INFO - DAG(s) 'example_sla_dag' retrieved from /home/airflow/.local/lib/python3.12/site-packages/airflow/example_dags/example_sla_dag.py
[2025-09-29T14:45:39.335+0000] {logging_mixin.py:190} INFO - [2025-09-29T14:45:39.335+0000] {dag.py:3239} INFO - Sync 1 DAGs
[2025-09-29T14:45:39.355+0000] {logging_mixin.py:190} INFO - [2025-09-29T14:45:39.355+0000] {dag.py:4180} INFO - Setting next_dagrun for example_sla_dag to 2025-09-29 14:42:00+00:00, run_after=2025-09-29 14:44:00+00:00
[2025-09-29T14:45:39.367+0000] {processor.py:208} INFO - Processing /home/airflow/.local/lib/python3.12/site-packages/airflow/example_dags/example_sla_dag.py took 0.062 seconds
[2025-09-29T14:46:09.919+0000] {processor.py:186} INFO - Started process (PID=1567) to work on /home/airflow/.local/lib/python3.12/site-packages/airflow/example_dags/example_sla_dag.py
[2025-09-29T14:46:09.920+0000] {processor.py:914} INFO - Processing file /home/airflow/.local/lib/python3.12/site-packages/airflow/example_dags/example_sla_dag.py for tasks to queue
[2025-09-29T14:46:09.922+0000] {logging_mixin.py:190} INFO - [2025-09-29T14:46:09.921+0000] {dagbag.py:588} INFO - Filling up the DagBag from /home/airflow/.local/lib/python3.12/site-packages/airflow/example_dags/example_sla_dag.py
[2025-09-29T14:46:09.928+0000] {processor.py:925} INFO - DAG(s) 'example_sla_dag' retrieved from /home/airflow/.local/lib/python3.12/site-packages/airflow/example_dags/example_sla_dag.py
[2025-09-29T14:46:09.946+0000] {logging_mixin.py:190} INFO - [2025-09-29T14:46:09.946+0000] {dag.py:3239} INFO - Sync 1 DAGs
[2025-09-29T14:46:09.961+0000] {logging_mixin.py:190} INFO - [2025-09-29T14:46:09.961+0000] {dag.py:4180} INFO - Setting next_dagrun for example_sla_dag to 2025-09-29 14:44:00+00:00, run_after=2025-09-29 14:46:00+00:00
[2025-09-29T14:46:09.973+0000] {processor.py:208} INFO - Processing /home/airflow/.local/lib/python3.12/site-packages/airflow/example_dags/example_sla_dag.py took 0.058 seconds
[2025-09-29T14:46:40.445+0000] {processor.py:186} INFO - Started process (PID=1631) to work on /home/airflow/.local/lib/python3.12/site-packages/airflow/example_dags/example_sla_dag.py
[2025-09-29T14:46:40.446+0000] {processor.py:914} INFO - Processing file /home/airflow/.local/lib/python3.12/site-packages/airflow/example_dags/example_sla_dag.py for tasks to queue
[2025-09-29T14:46:40.447+0000] {logging_mixin.py:190} INFO - [2025-09-29T14:46:40.447+0000] {dagbag.py:588} INFO - Filling up the DagBag from /home/airflow/.local/lib/python3.12/site-packages/airflow/example_dags/example_sla_dag.py
[2025-09-29T14:46:40.452+0000] {processor.py:925} INFO - DAG(s) 'example_sla_dag' retrieved from /home/airflow/.local/lib/python3.12/site-packages/airflow/example_dags/example_sla_dag.py
[2025-09-29T14:46:40.463+0000] {logging_mixin.py:190} INFO - [2025-09-29T14:46:40.463+0000] {dag.py:3239} INFO - Sync 1 DAGs
[2025-09-29T14:46:40.476+0000] {logging_mixin.py:190} INFO - [2025-09-29T14:46:40.476+0000] {dag.py:4180} INFO - Setting next_dagrun for example_sla_dag to 2025-09-29 14:44:00+00:00, run_after=2025-09-29 14:46:00+00:00
[2025-09-29T14:46:40.489+0000] {processor.py:208} INFO - Processing /home/airflow/.local/lib/python3.12/site-packages/airflow/example_dags/example_sla_dag.py took 0.047 seconds
[2025-09-29T14:47:10.782+0000] {processor.py:186} INFO - Started process (PID=1695) to work on /home/airflow/.local/lib/python3.12/site-packages/airflow/example_dags/example_sla_dag.py
[2025-09-29T14:47:10.785+0000] {processor.py:914} INFO - Processing file /home/airflow/.local/lib/python3.12/site-packages/airflow/example_dags/example_sla_dag.py for tasks to queue
[2025-09-29T14:47:10.786+0000] {logging_mixin.py:190} INFO - [2025-09-29T14:47:10.786+0000] {dagbag.py:588} INFO - Filling up the DagBag from /home/airflow/.local/lib/python3.12/site-packages/airflow/example_dags/example_sla_dag.py
[2025-09-29T14:47:10.793+0000] {processor.py:925} INFO - DAG(s) 'example_sla_dag' retrieved from /home/airflow/.local/lib/python3.12/site-packages/airflow/example_dags/example_sla_dag.py
[2025-09-29T14:47:10.810+0000] {logging_mixin.py:190} INFO - [2025-09-29T14:47:10.810+0000] {dag.py:3239} INFO - Sync 1 DAGs
[2025-09-29T14:47:10.823+0000] {logging_mixin.py:190} INFO - [2025-09-29T14:47:10.823+0000] {dag.py:4180} INFO - Setting next_dagrun for example_sla_dag to 2025-09-29 14:44:00+00:00, run_after=2025-09-29 14:46:00+00:00
[2025-09-29T14:47:10.834+0000] {processor.py:208} INFO - Processing /home/airflow/.local/lib/python3.12/site-packages/airflow/example_dags/example_sla_dag.py took 0.056 seconds
[2025-09-29T14:47:41.203+0000] {processor.py:186} INFO - Started process (PID=1759) to work on /home/airflow/.local/lib/python3.12/site-packages/airflow/example_dags/example_sla_dag.py
[2025-09-29T14:47:41.205+0000] {processor.py:914} INFO - Processing file /home/airflow/.local/lib/python3.12/site-packages/airflow/example_dags/example_sla_dag.py for tasks to queue
[2025-09-29T14:47:41.207+0000] {logging_mixin.py:190} INFO - [2025-09-29T14:47:41.207+0000] {dagbag.py:588} INFO - Filling up the DagBag from /home/airflow/.local/lib/python3.12/site-packages/airflow/example_dags/example_sla_dag.py
[2025-09-29T14:47:41.212+0000] {processor.py:925} INFO - DAG(s) 'example_sla_dag' retrieved from /home/airflow/.local/lib/python3.12/site-packages/airflow/example_dags/example_sla_dag.py
[2025-09-29T14:47:41.222+0000] {logging_mixin.py:190} INFO - [2025-09-29T14:47:41.222+0000] {dag.py:3239} INFO - Sync 1 DAGs
[2025-09-29T14:47:41.236+0000] {logging_mixin.py:190} INFO - [2025-09-29T14:47:41.236+0000] {dag.py:4180} INFO - Setting next_dagrun for example_sla_dag to 2025-09-29 14:44:00+00:00, run_after=2025-09-29 14:46:00+00:00
[2025-09-29T14:47:41.249+0000] {processor.py:208} INFO - Processing /home/airflow/.local/lib/python3.12/site-packages/airflow/example_dags/example_sla_dag.py took 0.049 seconds
[2025-09-29T14:48:11.638+0000] {processor.py:186} INFO - Started process (PID=1823) to work on /home/airflow/.local/lib/python3.12/site-packages/airflow/example_dags/example_sla_dag.py
[2025-09-29T14:48:11.639+0000] {processor.py:914} INFO - Processing file /home/airflow/.local/lib/python3.12/site-packages/airflow/example_dags/example_sla_dag.py for tasks to queue
[2025-09-29T14:48:11.642+0000] {logging_mixin.py:190} INFO - [2025-09-29T14:48:11.642+0000] {dagbag.py:588} INFO - Filling up the DagBag from /home/airflow/.local/lib/python3.12/site-packages/airflow/example_dags/example_sla_dag.py
[2025-09-29T14:48:11.650+0000] {processor.py:925} INFO - DAG(s) 'example_sla_dag' retrieved from /home/airflow/.local/lib/python3.12/site-packages/airflow/example_dags/example_sla_dag.py
[2025-09-29T14:48:11.664+0000] {logging_mixin.py:190} INFO - [2025-09-29T14:48:11.664+0000] {dag.py:3239} INFO - Sync 1 DAGs
[2025-09-29T14:48:11.679+0000] {logging_mixin.py:190} INFO - [2025-09-29T14:48:11.679+0000] {dag.py:4180} INFO - Setting next_dagrun for example_sla_dag to 2025-09-29 14:46:00+00:00, run_after=2025-09-29 14:48:00+00:00
[2025-09-29T14:48:11.690+0000] {processor.py:208} INFO - Processing /home/airflow/.local/lib/python3.12/site-packages/airflow/example_dags/example_sla_dag.py took 0.056 seconds
[2025-09-29T14:48:41.893+0000] {processor.py:186} INFO - Started process (PID=1887) to work on /home/airflow/.local/lib/python3.12/site-packages/airflow/example_dags/example_sla_dag.py
[2025-09-29T14:48:41.896+0000] {processor.py:914} INFO - Processing file /home/airflow/.local/lib/python3.12/site-packages/airflow/example_dags/example_sla_dag.py for tasks to queue
[2025-09-29T14:48:41.897+0000] {logging_mixin.py:190} INFO - [2025-09-29T14:48:41.897+0000] {dagbag.py:588} INFO - Filling up the DagBag from /home/airflow/.local/lib/python3.12/site-packages/airflow/example_dags/example_sla_dag.py
[2025-09-29T14:48:41.902+0000] {processor.py:925} INFO - DAG(s) 'example_sla_dag' retrieved from /home/airflow/.local/lib/python3.12/site-packages/airflow/example_dags/example_sla_dag.py
[2025-09-29T14:48:41.914+0000] {logging_mixin.py:190} INFO - [2025-09-29T14:48:41.914+0000] {dag.py:3239} INFO - Sync 1 DAGs
[2025-09-29T14:48:41.927+0000] {logging_mixin.py:190} INFO - [2025-09-29T14:48:41.927+0000] {dag.py:4180} INFO - Setting next_dagrun for example_sla_dag to 2025-09-29 14:46:00+00:00, run_after=2025-09-29 14:48:00+00:00
[2025-09-29T14:48:41.937+0000] {processor.py:208} INFO - Processing /home/airflow/.local/lib/python3.12/site-packages/airflow/example_dags/example_sla_dag.py took 0.047 seconds
[2025-09-29T14:49:12.125+0000] {processor.py:186} INFO - Started process (PID=1951) to work on /home/airflow/.local/lib/python3.12/site-packages/airflow/example_dags/example_sla_dag.py
[2025-09-29T14:49:12.125+0000] {processor.py:914} INFO - Processing file /home/airflow/.local/lib/python3.12/site-packages/airflow/example_dags/example_sla_dag.py for tasks to queue
[2025-09-29T14:49:12.128+0000] {logging_mixin.py:190} INFO - [2025-09-29T14:49:12.128+0000] {dagbag.py:588} INFO - Filling up the DagBag from /home/airflow/.local/lib/python3.12/site-packages/airflow/example_dags/example_sla_dag.py
[2025-09-29T14:49:12.134+0000] {processor.py:925} INFO - DAG(s) 'example_sla_dag' retrieved from /home/airflow/.local/lib/python3.12/site-packages/airflow/example_dags/example_sla_dag.py
[2025-09-29T14:49:12.146+0000] {logging_mixin.py:190} INFO - [2025-09-29T14:49:12.146+0000] {dag.py:3239} INFO - Sync 1 DAGs
[2025-09-29T14:49:12.157+0000] {logging_mixin.py:190} INFO - [2025-09-29T14:49:12.157+0000] {dag.py:4180} INFO - Setting next_dagrun for example_sla_dag to 2025-09-29 14:46:00+00:00, run_after=2025-09-29 14:48:00+00:00
[2025-09-29T14:49:12.167+0000] {processor.py:208} INFO - Processing /home/airflow/.local/lib/python3.12/site-packages/airflow/example_dags/example_sla_dag.py took 0.045 seconds
[2025-09-29T14:49:42.631+0000] {processor.py:186} INFO - Started process (PID=2015) to work on /home/airflow/.local/lib/python3.12/site-packages/airflow/example_dags/example_sla_dag.py
[2025-09-29T14:49:42.632+0000] {processor.py:914} INFO - Processing file /home/airflow/.local/lib/python3.12/site-packages/airflow/example_dags/example_sla_dag.py for tasks to queue
[2025-09-29T14:49:42.633+0000] {logging_mixin.py:190} INFO - [2025-09-29T14:49:42.633+0000] {dagbag.py:588} INFO - Filling up the DagBag from /home/airflow/.local/lib/python3.12/site-packages/airflow/example_dags/example_sla_dag.py
[2025-09-29T14:49:42.638+0000] {processor.py:925} INFO - DAG(s) 'example_sla_dag' retrieved from /home/airflow/.local/lib/python3.12/site-packages/airflow/example_dags/example_sla_dag.py
[2025-09-29T14:49:42.648+0000] {logging_mixin.py:190} INFO - [2025-09-29T14:49:42.648+0000] {dag.py:3239} INFO - Sync 1 DAGs
[2025-09-29T14:49:42.659+0000] {logging_mixin.py:190} INFO - [2025-09-29T14:49:42.659+0000] {dag.py:4180} INFO - Setting next_dagrun for example_sla_dag to 2025-09-29 14:46:00+00:00, run_after=2025-09-29 14:48:00+00:00
[2025-09-29T14:49:42.668+0000] {processor.py:208} INFO - Processing /home/airflow/.local/lib/python3.12/site-packages/airflow/example_dags/example_sla_dag.py took 0.040 seconds
[2025-09-29T14:50:12.927+0000] {processor.py:186} INFO - Started process (PID=2079) to work on /home/airflow/.local/lib/python3.12/site-packages/airflow/example_dags/example_sla_dag.py
[2025-09-29T14:50:12.928+0000] {processor.py:914} INFO - Processing file /home/airflow/.local/lib/python3.12/site-packages/airflow/example_dags/example_sla_dag.py for tasks to queue
[2025-09-29T14:50:12.929+0000] {logging_mixin.py:190} INFO - [2025-09-29T14:50:12.929+0000] {dagbag.py:588} INFO - Filling up the DagBag from /home/airflow/.local/lib/python3.12/site-packages/airflow/example_dags/example_sla_dag.py
[2025-09-29T14:50:12.934+0000] {processor.py:925} INFO - DAG(s) 'example_sla_dag' retrieved from /home/airflow/.local/lib/python3.12/site-packages/airflow/example_dags/example_sla_dag.py
[2025-09-29T14:50:12.949+0000] {logging_mixin.py:190} INFO - [2025-09-29T14:50:12.949+0000] {dag.py:3239} INFO - Sync 1 DAGs
[2025-09-29T14:50:12.961+0000] {logging_mixin.py:190} INFO - [2025-09-29T14:50:12.961+0000] {dag.py:4180} INFO - Setting next_dagrun for example_sla_dag to 2025-09-29 14:48:00+00:00, run_after=2025-09-29 14:50:00+00:00
[2025-09-29T14:50:12.974+0000] {processor.py:208} INFO - Processing /home/airflow/.local/lib/python3.12/site-packages/airflow/example_dags/example_sla_dag.py took 0.050 seconds
[2025-09-29T14:50:43.256+0000] {processor.py:186} INFO - Started process (PID=2143) to work on /home/airflow/.local/lib/python3.12/site-packages/airflow/example_dags/example_sla_dag.py
[2025-09-29T14:50:43.256+0000] {processor.py:914} INFO - Processing file /home/airflow/.local/lib/python3.12/site-packages/airflow/example_dags/example_sla_dag.py for tasks to queue
[2025-09-29T14:50:43.257+0000] {logging_mixin.py:190} INFO - [2025-09-29T14:50:43.257+0000] {dagbag.py:588} INFO - Filling up the DagBag from /home/airflow/.local/lib/python3.12/site-packages/airflow/example_dags/example_sla_dag.py
[2025-09-29T14:50:43.263+0000] {processor.py:925} INFO - DAG(s) 'example_sla_dag' retrieved from /home/airflow/.local/lib/python3.12/site-packages/airflow/example_dags/example_sla_dag.py
[2025-09-29T14:50:43.272+0000] {logging_mixin.py:190} INFO - [2025-09-29T14:50:43.272+0000] {dag.py:3239} INFO - Sync 1 DAGs
[2025-09-29T14:50:43.283+0000] {logging_mixin.py:190} INFO - [2025-09-29T14:50:43.283+0000] {dag.py:4180} INFO - Setting next_dagrun for example_sla_dag to 2025-09-29 14:48:00+00:00, run_after=2025-09-29 14:50:00+00:00
[2025-09-29T14:50:43.291+0000] {processor.py:208} INFO - Processing /home/airflow/.local/lib/python3.12/site-packages/airflow/example_dags/example_sla_dag.py took 0.038 seconds
[2025-09-29T14:51:13.459+0000] {processor.py:186} INFO - Started process (PID=2207) to work on /home/airflow/.local/lib/python3.12/site-packages/airflow/example_dags/example_sla_dag.py
[2025-09-29T14:51:13.460+0000] {processor.py:914} INFO - Processing file /home/airflow/.local/lib/python3.12/site-packages/airflow/example_dags/example_sla_dag.py for tasks to queue
[2025-09-29T14:51:13.461+0000] {logging_mixin.py:190} INFO - [2025-09-29T14:51:13.461+0000] {dagbag.py:588} INFO - Filling up the DagBag from /home/airflow/.local/lib/python3.12/site-packages/airflow/example_dags/example_sla_dag.py
[2025-09-29T14:51:13.467+0000] {processor.py:925} INFO - DAG(s) 'example_sla_dag' retrieved from /home/airflow/.local/lib/python3.12/site-packages/airflow/example_dags/example_sla_dag.py
[2025-09-29T14:51:13.479+0000] {logging_mixin.py:190} INFO - [2025-09-29T14:51:13.479+0000] {dag.py:3239} INFO - Sync 1 DAGs
[2025-09-29T14:51:13.491+0000] {logging_mixin.py:190} INFO - [2025-09-29T14:51:13.491+0000] {dag.py:4180} INFO - Setting next_dagrun for example_sla_dag to 2025-09-29 14:48:00+00:00, run_after=2025-09-29 14:50:00+00:00
[2025-09-29T14:51:13.500+0000] {processor.py:208} INFO - Processing /home/airflow/.local/lib/python3.12/site-packages/airflow/example_dags/example_sla_dag.py took 0.044 seconds
[2025-09-29T14:51:43.825+0000] {processor.py:186} INFO - Started process (PID=2271) to work on /home/airflow/.local/lib/python3.12/site-packages/airflow/example_dags/example_sla_dag.py
[2025-09-29T14:51:43.826+0000] {processor.py:914} INFO - Processing file /home/airflow/.local/lib/python3.12/site-packages/airflow/example_dags/example_sla_dag.py for tasks to queue
[2025-09-29T14:51:43.827+0000] {logging_mixin.py:190} INFO - [2025-09-29T14:51:43.827+0000] {dagbag.py:588} INFO - Filling up the DagBag from /home/airflow/.local/lib/python3.12/site-packages/airflow/example_dags/example_sla_dag.py
[2025-09-29T14:51:43.832+0000] {processor.py:925} INFO - DAG(s) 'example_sla_dag' retrieved from /home/airflow/.local/lib/python3.12/site-packages/airflow/example_dags/example_sla_dag.py
[2025-09-29T14:51:43.842+0000] {logging_mixin.py:190} INFO - [2025-09-29T14:51:43.842+0000] {dag.py:3239} INFO - Sync 1 DAGs
[2025-09-29T14:51:43.855+0000] {logging_mixin.py:190} INFO - [2025-09-29T14:51:43.855+0000] {dag.py:4180} INFO - Setting next_dagrun for example_sla_dag to 2025-09-29 14:48:00+00:00, run_after=2025-09-29 14:50:00+00:00
[2025-09-29T14:51:43.863+0000] {processor.py:208} INFO - Processing /home/airflow/.local/lib/python3.12/site-packages/airflow/example_dags/example_sla_dag.py took 0.045 seconds
[2025-09-29T14:52:14.142+0000] {processor.py:186} INFO - Started process (PID=2334) to work on /home/airflow/.local/lib/python3.12/site-packages/airflow/example_dags/example_sla_dag.py
[2025-09-29T14:52:14.143+0000] {processor.py:914} INFO - Processing file /home/airflow/.local/lib/python3.12/site-packages/airflow/example_dags/example_sla_dag.py for tasks to queue
[2025-09-29T14:52:14.144+0000] {logging_mixin.py:190} INFO - [2025-09-29T14:52:14.144+0000] {dagbag.py:588} INFO - Filling up the DagBag from /home/airflow/.local/lib/python3.12/site-packages/airflow/example_dags/example_sla_dag.py
[2025-09-29T14:52:14.150+0000] {processor.py:925} INFO - DAG(s) 'example_sla_dag' retrieved from /home/airflow/.local/lib/python3.12/site-packages/airflow/example_dags/example_sla_dag.py
[2025-09-29T14:52:14.164+0000] {logging_mixin.py:190} INFO - [2025-09-29T14:52:14.164+0000] {dag.py:3239} INFO - Sync 1 DAGs
[2025-09-29T14:52:14.179+0000] {logging_mixin.py:190} INFO - [2025-09-29T14:52:14.179+0000] {dag.py:4180} INFO - Setting next_dagrun for example_sla_dag to 2025-09-29 14:50:00+00:00, run_after=2025-09-29 14:52:00+00:00
[2025-09-29T14:52:14.191+0000] {processor.py:208} INFO - Processing /home/airflow/.local/lib/python3.12/site-packages/airflow/example_dags/example_sla_dag.py took 0.052 seconds
[2025-09-29T14:52:44.359+0000] {processor.py:186} INFO - Started process (PID=2397) to work on /home/airflow/.local/lib/python3.12/site-packages/airflow/example_dags/example_sla_dag.py
[2025-09-29T14:52:44.360+0000] {processor.py:914} INFO - Processing file /home/airflow/.local/lib/python3.12/site-packages/airflow/example_dags/example_sla_dag.py for tasks to queue
[2025-09-29T14:52:44.360+0000] {logging_mixin.py:190} INFO - [2025-09-29T14:52:44.360+0000] {dagbag.py:588} INFO - Filling up the DagBag from /home/airflow/.local/lib/python3.12/site-packages/airflow/example_dags/example_sla_dag.py
[2025-09-29T14:52:44.366+0000] {processor.py:925} INFO - DAG(s) 'example_sla_dag' retrieved from /home/airflow/.local/lib/python3.12/site-packages/airflow/example_dags/example_sla_dag.py
[2025-09-29T14:52:44.380+0000] {logging_mixin.py:190} INFO - [2025-09-29T14:52:44.380+0000] {dag.py:3239} INFO - Sync 1 DAGs
[2025-09-29T14:52:44.392+0000] {logging_mixin.py:190} INFO - [2025-09-29T14:52:44.392+0000] {dag.py:4180} INFO - Setting next_dagrun for example_sla_dag to 2025-09-29 14:50:00+00:00, run_after=2025-09-29 14:52:00+00:00
[2025-09-29T14:52:44.404+0000] {processor.py:208} INFO - Processing /home/airflow/.local/lib/python3.12/site-packages/airflow/example_dags/example_sla_dag.py took 0.048 seconds
[2025-09-29T14:53:14.507+0000] {processor.py:186} INFO - Started process (PID=2460) to work on /home/airflow/.local/lib/python3.12/site-packages/airflow/example_dags/example_sla_dag.py
[2025-09-29T14:53:14.509+0000] {processor.py:914} INFO - Processing file /home/airflow/.local/lib/python3.12/site-packages/airflow/example_dags/example_sla_dag.py for tasks to queue
[2025-09-29T14:53:14.509+0000] {logging_mixin.py:190} INFO - [2025-09-29T14:53:14.509+0000] {dagbag.py:588} INFO - Filling up the DagBag from /home/airflow/.local/lib/python3.12/site-packages/airflow/example_dags/example_sla_dag.py
[2025-09-29T14:53:14.515+0000] {processor.py:925} INFO - DAG(s) 'example_sla_dag' retrieved from /home/airflow/.local/lib/python3.12/site-packages/airflow/example_dags/example_sla_dag.py
[2025-09-29T14:53:14.528+0000] {logging_mixin.py:190} INFO - [2025-09-29T14:53:14.528+0000] {dag.py:3239} INFO - Sync 1 DAGs
[2025-09-29T14:53:14.542+0000] {logging_mixin.py:190} INFO - [2025-09-29T14:53:14.542+0000] {dag.py:4180} INFO - Setting next_dagrun for example_sla_dag to 2025-09-29 14:50:00+00:00, run_after=2025-09-29 14:52:00+00:00
[2025-09-29T14:53:14.552+0000] {processor.py:208} INFO - Processing /home/airflow/.local/lib/python3.12/site-packages/airflow/example_dags/example_sla_dag.py took 0.048 seconds
[2025-09-29T14:53:44.829+0000] {processor.py:186} INFO - Started process (PID=2523) to work on /home/airflow/.local/lib/python3.12/site-packages/airflow/example_dags/example_sla_dag.py
[2025-09-29T14:53:44.832+0000] {processor.py:914} INFO - Processing file /home/airflow/.local/lib/python3.12/site-packages/airflow/example_dags/example_sla_dag.py for tasks to queue
[2025-09-29T14:53:44.833+0000] {logging_mixin.py:190} INFO - [2025-09-29T14:53:44.833+0000] {dagbag.py:588} INFO - Filling up the DagBag from /home/airflow/.local/lib/python3.12/site-packages/airflow/example_dags/example_sla_dag.py
[2025-09-29T14:53:44.838+0000] {processor.py:925} INFO - DAG(s) 'example_sla_dag' retrieved from /home/airflow/.local/lib/python3.12/site-packages/airflow/example_dags/example_sla_dag.py
[2025-09-29T14:53:44.850+0000] {logging_mixin.py:190} INFO - [2025-09-29T14:53:44.850+0000] {dag.py:3239} INFO - Sync 1 DAGs
[2025-09-29T14:53:44.862+0000] {logging_mixin.py:190} INFO - [2025-09-29T14:53:44.862+0000] {dag.py:4180} INFO - Setting next_dagrun for example_sla_dag to 2025-09-29 14:50:00+00:00, run_after=2025-09-29 14:52:00+00:00
[2025-09-29T14:53:44.871+0000] {processor.py:208} INFO - Processing /home/airflow/.local/lib/python3.12/site-packages/airflow/example_dags/example_sla_dag.py took 0.045 seconds
[2025-09-29T14:54:15.079+0000] {processor.py:186} INFO - Started process (PID=2586) to work on /home/airflow/.local/lib/python3.12/site-packages/airflow/example_dags/example_sla_dag.py
[2025-09-29T14:54:15.080+0000] {processor.py:914} INFO - Processing file /home/airflow/.local/lib/python3.12/site-packages/airflow/example_dags/example_sla_dag.py for tasks to queue
[2025-09-29T14:54:15.080+0000] {logging_mixin.py:190} INFO - [2025-09-29T14:54:15.080+0000] {dagbag.py:588} INFO - Filling up the DagBag from /home/airflow/.local/lib/python3.12/site-packages/airflow/example_dags/example_sla_dag.py
[2025-09-29T14:54:15.086+0000] {processor.py:925} INFO - DAG(s) 'example_sla_dag' retrieved from /home/airflow/.local/lib/python3.12/site-packages/airflow/example_dags/example_sla_dag.py
[2025-09-29T14:54:15.096+0000] {logging_mixin.py:190} INFO - [2025-09-29T14:54:15.096+0000] {dag.py:3239} INFO - Sync 1 DAGs
[2025-09-29T14:54:15.108+0000] {logging_mixin.py:190} INFO - [2025-09-29T14:54:15.108+0000] {dag.py:4180} INFO - Setting next_dagrun for example_sla_dag to 2025-09-29 14:52:00+00:00, run_after=2025-09-29 14:54:00+00:00
[2025-09-29T14:54:15.119+0000] {processor.py:208} INFO - Processing /home/airflow/.local/lib/python3.12/site-packages/airflow/example_dags/example_sla_dag.py took 0.043 seconds
[2025-09-29T14:54:45.463+0000] {processor.py:186} INFO - Started process (PID=2649) to work on /home/airflow/.local/lib/python3.12/site-packages/airflow/example_dags/example_sla_dag.py
[2025-09-29T14:54:45.464+0000] {processor.py:914} INFO - Processing file /home/airflow/.local/lib/python3.12/site-packages/airflow/example_dags/example_sla_dag.py for tasks to queue
[2025-09-29T14:54:45.464+0000] {logging_mixin.py:190} INFO - [2025-09-29T14:54:45.464+0000] {dagbag.py:588} INFO - Filling up the DagBag from /home/airflow/.local/lib/python3.12/site-packages/airflow/example_dags/example_sla_dag.py
[2025-09-29T14:54:45.470+0000] {processor.py:925} INFO - DAG(s) 'example_sla_dag' retrieved from /home/airflow/.local/lib/python3.12/site-packages/airflow/example_dags/example_sla_dag.py
[2025-09-29T14:54:45.479+0000] {logging_mixin.py:190} INFO - [2025-09-29T14:54:45.479+0000] {dag.py:3239} INFO - Sync 1 DAGs
[2025-09-29T14:54:45.490+0000] {logging_mixin.py:190} INFO - [2025-09-29T14:54:45.490+0000] {dag.py:4180} INFO - Setting next_dagrun for example_sla_dag to 2025-09-29 14:52:00+00:00, run_after=2025-09-29 14:54:00+00:00
[2025-09-29T14:54:45.497+0000] {processor.py:208} INFO - Processing /home/airflow/.local/lib/python3.12/site-packages/airflow/example_dags/example_sla_dag.py took 0.037 seconds
[2025-09-29T14:55:15.896+0000] {processor.py:186} INFO - Started process (PID=2712) to work on /home/airflow/.local/lib/python3.12/site-packages/airflow/example_dags/example_sla_dag.py
[2025-09-29T14:55:15.897+0000] {processor.py:914} INFO - Processing file /home/airflow/.local/lib/python3.12/site-packages/airflow/example_dags/example_sla_dag.py for tasks to queue
[2025-09-29T14:55:15.897+0000] {logging_mixin.py:190} INFO - [2025-09-29T14:55:15.897+0000] {dagbag.py:588} INFO - Filling up the DagBag from /home/airflow/.local/lib/python3.12/site-packages/airflow/example_dags/example_sla_dag.py
[2025-09-29T14:55:15.903+0000] {processor.py:925} INFO - DAG(s) 'example_sla_dag' retrieved from /home/airflow/.local/lib/python3.12/site-packages/airflow/example_dags/example_sla_dag.py
[2025-09-29T14:55:15.912+0000] {logging_mixin.py:190} INFO - [2025-09-29T14:55:15.912+0000] {dag.py:3239} INFO - Sync 1 DAGs
[2025-09-29T14:55:15.924+0000] {logging_mixin.py:190} INFO - [2025-09-29T14:55:15.923+0000] {dag.py:4180} INFO - Setting next_dagrun for example_sla_dag to 2025-09-29 14:52:00+00:00, run_after=2025-09-29 14:54:00+00:00
[2025-09-29T14:55:15.931+0000] {processor.py:208} INFO - Processing /home/airflow/.local/lib/python3.12/site-packages/airflow/example_dags/example_sla_dag.py took 0.037 seconds
[2025-09-29T14:55:46.315+0000] {processor.py:186} INFO - Started process (PID=2774) to work on /home/airflow/.local/lib/python3.12/site-packages/airflow/example_dags/example_sla_dag.py
[2025-09-29T14:55:46.316+0000] {processor.py:914} INFO - Processing file /home/airflow/.local/lib/python3.12/site-packages/airflow/example_dags/example_sla_dag.py for tasks to queue
[2025-09-29T14:55:46.316+0000] {logging_mixin.py:190} INFO - [2025-09-29T14:55:46.316+0000] {dagbag.py:588} INFO - Filling up the DagBag from /home/airflow/.local/lib/python3.12/site-packages/airflow/example_dags/example_sla_dag.py
[2025-09-29T14:55:46.322+0000] {processor.py:925} INFO - DAG(s) 'example_sla_dag' retrieved from /home/airflow/.local/lib/python3.12/site-packages/airflow/example_dags/example_sla_dag.py
[2025-09-29T14:55:46.331+0000] {logging_mixin.py:190} INFO - [2025-09-29T14:55:46.331+0000] {dag.py:3239} INFO - Sync 1 DAGs
[2025-09-29T14:55:46.342+0000] {logging_mixin.py:190} INFO - [2025-09-29T14:55:46.342+0000] {dag.py:4180} INFO - Setting next_dagrun for example_sla_dag to 2025-09-29 14:52:00+00:00, run_after=2025-09-29 14:54:00+00:00
[2025-09-29T14:55:46.348+0000] {processor.py:208} INFO - Processing /home/airflow/.local/lib/python3.12/site-packages/airflow/example_dags/example_sla_dag.py took 0.036 seconds
[2025-09-29T14:56:16.857+0000] {processor.py:186} INFO - Started process (PID=2837) to work on /home/airflow/.local/lib/python3.12/site-packages/airflow/example_dags/example_sla_dag.py
[2025-09-29T14:56:16.858+0000] {processor.py:914} INFO - Processing file /home/airflow/.local/lib/python3.12/site-packages/airflow/example_dags/example_sla_dag.py for tasks to queue
[2025-09-29T14:56:16.859+0000] {logging_mixin.py:190} INFO - [2025-09-29T14:56:16.859+0000] {dagbag.py:588} INFO - Filling up the DagBag from /home/airflow/.local/lib/python3.12/site-packages/airflow/example_dags/example_sla_dag.py
[2025-09-29T14:56:16.865+0000] {processor.py:925} INFO - DAG(s) 'example_sla_dag' retrieved from /home/airflow/.local/lib/python3.12/site-packages/airflow/example_dags/example_sla_dag.py
[2025-09-29T14:56:16.877+0000] {logging_mixin.py:190} INFO - [2025-09-29T14:56:16.877+0000] {dag.py:3239} INFO - Sync 1 DAGs
[2025-09-29T14:56:16.889+0000] {logging_mixin.py:190} INFO - [2025-09-29T14:56:16.889+0000] {dag.py:4180} INFO - Setting next_dagrun for example_sla_dag to 2025-09-29 14:54:00+00:00, run_after=2025-09-29 14:56:00+00:00
[2025-09-29T14:56:16.903+0000] {processor.py:208} INFO - Processing /home/airflow/.local/lib/python3.12/site-packages/airflow/example_dags/example_sla_dag.py took 0.049 seconds
[2025-09-29T14:56:47.260+0000] {processor.py:186} INFO - Started process (PID=2900) to work on /home/airflow/.local/lib/python3.12/site-packages/airflow/example_dags/example_sla_dag.py
[2025-09-29T14:56:47.261+0000] {processor.py:914} INFO - Processing file /home/airflow/.local/lib/python3.12/site-packages/airflow/example_dags/example_sla_dag.py for tasks to queue
[2025-09-29T14:56:47.264+0000] {logging_mixin.py:190} INFO - [2025-09-29T14:56:47.264+0000] {dagbag.py:588} INFO - Filling up the DagBag from /home/airflow/.local/lib/python3.12/site-packages/airflow/example_dags/example_sla_dag.py
[2025-09-29T14:56:47.270+0000] {processor.py:925} INFO - DAG(s) 'example_sla_dag' retrieved from /home/airflow/.local/lib/python3.12/site-packages/airflow/example_dags/example_sla_dag.py
[2025-09-29T14:56:47.281+0000] {logging_mixin.py:190} INFO - [2025-09-29T14:56:47.281+0000] {dag.py:3239} INFO - Sync 1 DAGs
[2025-09-29T14:56:47.294+0000] {logging_mixin.py:190} INFO - [2025-09-29T14:56:47.294+0000] {dag.py:4180} INFO - Setting next_dagrun for example_sla_dag to 2025-09-29 14:54:00+00:00, run_after=2025-09-29 14:56:00+00:00
[2025-09-29T14:56:47.302+0000] {processor.py:208} INFO - Processing /home/airflow/.local/lib/python3.12/site-packages/airflow/example_dags/example_sla_dag.py took 0.045 seconds
[2025-09-29T14:57:17.811+0000] {processor.py:186} INFO - Started process (PID=2963) to work on /home/airflow/.local/lib/python3.12/site-packages/airflow/example_dags/example_sla_dag.py
[2025-09-29T14:57:17.813+0000] {processor.py:914} INFO - Processing file /home/airflow/.local/lib/python3.12/site-packages/airflow/example_dags/example_sla_dag.py for tasks to queue
[2025-09-29T14:57:17.814+0000] {logging_mixin.py:190} INFO - [2025-09-29T14:57:17.814+0000] {dagbag.py:588} INFO - Filling up the DagBag from /home/airflow/.local/lib/python3.12/site-packages/airflow/example_dags/example_sla_dag.py
[2025-09-29T14:57:17.819+0000] {processor.py:925} INFO - DAG(s) 'example_sla_dag' retrieved from /home/airflow/.local/lib/python3.12/site-packages/airflow/example_dags/example_sla_dag.py
[2025-09-29T14:57:17.830+0000] {logging_mixin.py:190} INFO - [2025-09-29T14:57:17.830+0000] {dag.py:3239} INFO - Sync 1 DAGs
[2025-09-29T14:57:17.845+0000] {logging_mixin.py:190} INFO - [2025-09-29T14:57:17.845+0000] {dag.py:4180} INFO - Setting next_dagrun for example_sla_dag to 2025-09-29 14:54:00+00:00, run_after=2025-09-29 14:56:00+00:00
[2025-09-29T14:57:17.854+0000] {processor.py:208} INFO - Processing /home/airflow/.local/lib/python3.12/site-packages/airflow/example_dags/example_sla_dag.py took 0.046 seconds
[2025-09-29T14:57:48.497+0000] {processor.py:186} INFO - Started process (PID=3026) to work on /home/airflow/.local/lib/python3.12/site-packages/airflow/example_dags/example_sla_dag.py
[2025-09-29T14:57:48.498+0000] {processor.py:914} INFO - Processing file /home/airflow/.local/lib/python3.12/site-packages/airflow/example_dags/example_sla_dag.py for tasks to queue
[2025-09-29T14:57:48.499+0000] {logging_mixin.py:190} INFO - [2025-09-29T14:57:48.499+0000] {dagbag.py:588} INFO - Filling up the DagBag from /home/airflow/.local/lib/python3.12/site-packages/airflow/example_dags/example_sla_dag.py
[2025-09-29T14:57:48.504+0000] {processor.py:925} INFO - DAG(s) 'example_sla_dag' retrieved from /home/airflow/.local/lib/python3.12/site-packages/airflow/example_dags/example_sla_dag.py
[2025-09-29T14:57:48.514+0000] {logging_mixin.py:190} INFO - [2025-09-29T14:57:48.514+0000] {dag.py:3239} INFO - Sync 1 DAGs
[2025-09-29T14:57:48.528+0000] {logging_mixin.py:190} INFO - [2025-09-29T14:57:48.528+0000] {dag.py:4180} INFO - Setting next_dagrun for example_sla_dag to 2025-09-29 14:54:00+00:00, run_after=2025-09-29 14:56:00+00:00
[2025-09-29T14:57:48.536+0000] {processor.py:208} INFO - Processing /home/airflow/.local/lib/python3.12/site-packages/airflow/example_dags/example_sla_dag.py took 0.043 seconds
[2025-09-29T14:58:19.189+0000] {processor.py:186} INFO - Started process (PID=3088) to work on /home/airflow/.local/lib/python3.12/site-packages/airflow/example_dags/example_sla_dag.py
[2025-09-29T14:58:19.191+0000] {processor.py:914} INFO - Processing file /home/airflow/.local/lib/python3.12/site-packages/airflow/example_dags/example_sla_dag.py for tasks to queue
[2025-09-29T14:58:19.192+0000] {logging_mixin.py:190} INFO - [2025-09-29T14:58:19.192+0000] {dagbag.py:588} INFO - Filling up the DagBag from /home/airflow/.local/lib/python3.12/site-packages/airflow/example_dags/example_sla_dag.py
[2025-09-29T14:58:19.197+0000] {processor.py:925} INFO - DAG(s) 'example_sla_dag' retrieved from /home/airflow/.local/lib/python3.12/site-packages/airflow/example_dags/example_sla_dag.py
[2025-09-29T14:58:19.210+0000] {logging_mixin.py:190} INFO - [2025-09-29T14:58:19.210+0000] {dag.py:3239} INFO - Sync 1 DAGs
[2025-09-29T14:58:19.223+0000] {logging_mixin.py:190} INFO - [2025-09-29T14:58:19.223+0000] {dag.py:4180} INFO - Setting next_dagrun for example_sla_dag to 2025-09-29 14:56:00+00:00, run_after=2025-09-29 14:58:00+00:00
[2025-09-29T14:58:19.232+0000] {processor.py:208} INFO - Processing /home/airflow/.local/lib/python3.12/site-packages/airflow/example_dags/example_sla_dag.py took 0.046 seconds
[2025-09-29T14:58:49.839+0000] {processor.py:186} INFO - Started process (PID=3151) to work on /home/airflow/.local/lib/python3.12/site-packages/airflow/example_dags/example_sla_dag.py
[2025-09-29T14:58:49.839+0000] {processor.py:914} INFO - Processing file /home/airflow/.local/lib/python3.12/site-packages/airflow/example_dags/example_sla_dag.py for tasks to queue
[2025-09-29T14:58:49.840+0000] {logging_mixin.py:190} INFO - [2025-09-29T14:58:49.840+0000] {dagbag.py:588} INFO - Filling up the DagBag from /home/airflow/.local/lib/python3.12/site-packages/airflow/example_dags/example_sla_dag.py
[2025-09-29T14:58:49.845+0000] {processor.py:925} INFO - DAG(s) 'example_sla_dag' retrieved from /home/airflow/.local/lib/python3.12/site-packages/airflow/example_dags/example_sla_dag.py
[2025-09-29T14:58:49.855+0000] {logging_mixin.py:190} INFO - [2025-09-29T14:58:49.855+0000] {dag.py:3239} INFO - Sync 1 DAGs
[2025-09-29T14:58:49.866+0000] {logging_mixin.py:190} INFO - [2025-09-29T14:58:49.866+0000] {dag.py:4180} INFO - Setting next_dagrun for example_sla_dag to 2025-09-29 14:56:00+00:00, run_after=2025-09-29 14:58:00+00:00
[2025-09-29T14:58:49.873+0000] {processor.py:208} INFO - Processing /home/airflow/.local/lib/python3.12/site-packages/airflow/example_dags/example_sla_dag.py took 0.037 seconds
[2025-09-29T14:59:20.455+0000] {processor.py:186} INFO - Started process (PID=3214) to work on /home/airflow/.local/lib/python3.12/site-packages/airflow/example_dags/example_sla_dag.py
[2025-09-29T14:59:20.455+0000] {processor.py:914} INFO - Processing file /home/airflow/.local/lib/python3.12/site-packages/airflow/example_dags/example_sla_dag.py for tasks to queue
[2025-09-29T14:59:20.456+0000] {logging_mixin.py:190} INFO - [2025-09-29T14:59:20.456+0000] {dagbag.py:588} INFO - Filling up the DagBag from /home/airflow/.local/lib/python3.12/site-packages/airflow/example_dags/example_sla_dag.py
[2025-09-29T14:59:20.461+0000] {processor.py:925} INFO - DAG(s) 'example_sla_dag' retrieved from /home/airflow/.local/lib/python3.12/site-packages/airflow/example_dags/example_sla_dag.py
[2025-09-29T14:59:20.471+0000] {logging_mixin.py:190} INFO - [2025-09-29T14:59:20.470+0000] {dag.py:3239} INFO - Sync 1 DAGs
[2025-09-29T14:59:20.482+0000] {logging_mixin.py:190} INFO - [2025-09-29T14:59:20.481+0000] {dag.py:4180} INFO - Setting next_dagrun for example_sla_dag to 2025-09-29 14:56:00+00:00, run_after=2025-09-29 14:58:00+00:00
[2025-09-29T14:59:20.489+0000] {processor.py:208} INFO - Processing /home/airflow/.local/lib/python3.12/site-packages/airflow/example_dags/example_sla_dag.py took 0.037 seconds
[2025-09-29T14:59:50.981+0000] {processor.py:186} INFO - Started process (PID=3277) to work on /home/airflow/.local/lib/python3.12/site-packages/airflow/example_dags/example_sla_dag.py
[2025-09-29T14:59:50.984+0000] {processor.py:914} INFO - Processing file /home/airflow/.local/lib/python3.12/site-packages/airflow/example_dags/example_sla_dag.py for tasks to queue
[2025-09-29T14:59:50.985+0000] {logging_mixin.py:190} INFO - [2025-09-29T14:59:50.985+0000] {dagbag.py:588} INFO - Filling up the DagBag from /home/airflow/.local/lib/python3.12/site-packages/airflow/example_dags/example_sla_dag.py
[2025-09-29T14:59:50.990+0000] {processor.py:925} INFO - DAG(s) 'example_sla_dag' retrieved from /home/airflow/.local/lib/python3.12/site-packages/airflow/example_dags/example_sla_dag.py
[2025-09-29T14:59:51.003+0000] {logging_mixin.py:190} INFO - [2025-09-29T14:59:51.002+0000] {dag.py:3239} INFO - Sync 1 DAGs
[2025-09-29T14:59:51.015+0000] {logging_mixin.py:190} INFO - [2025-09-29T14:59:51.014+0000] {dag.py:4180} INFO - Setting next_dagrun for example_sla_dag to 2025-09-29 14:56:00+00:00, run_after=2025-09-29 14:58:00+00:00
[2025-09-29T14:59:51.027+0000] {processor.py:208} INFO - Processing /home/airflow/.local/lib/python3.12/site-packages/airflow/example_dags/example_sla_dag.py took 0.049 seconds
[2025-09-29T15:00:21.599+0000] {processor.py:186} INFO - Started process (PID=3340) to work on /home/airflow/.local/lib/python3.12/site-packages/airflow/example_dags/example_sla_dag.py
[2025-09-29T15:00:21.599+0000] {processor.py:914} INFO - Processing file /home/airflow/.local/lib/python3.12/site-packages/airflow/example_dags/example_sla_dag.py for tasks to queue
[2025-09-29T15:00:21.600+0000] {logging_mixin.py:190} INFO - [2025-09-29T15:00:21.600+0000] {dagbag.py:588} INFO - Filling up the DagBag from /home/airflow/.local/lib/python3.12/site-packages/airflow/example_dags/example_sla_dag.py
[2025-09-29T15:00:21.605+0000] {processor.py:925} INFO - DAG(s) 'example_sla_dag' retrieved from /home/airflow/.local/lib/python3.12/site-packages/airflow/example_dags/example_sla_dag.py
[2025-09-29T15:00:21.614+0000] {logging_mixin.py:190} INFO - [2025-09-29T15:00:21.614+0000] {dag.py:3239} INFO - Sync 1 DAGs
[2025-09-29T15:00:21.626+0000] {logging_mixin.py:190} INFO - [2025-09-29T15:00:21.625+0000] {dag.py:4180} INFO - Setting next_dagrun for example_sla_dag to 2025-09-29 14:58:00+00:00, run_after=2025-09-29 15:00:00+00:00
[2025-09-29T15:00:21.634+0000] {processor.py:208} INFO - Processing /home/airflow/.local/lib/python3.12/site-packages/airflow/example_dags/example_sla_dag.py took 0.039 seconds
[2025-09-29T15:00:52.176+0000] {processor.py:186} INFO - Started process (PID=3403) to work on /home/airflow/.local/lib/python3.12/site-packages/airflow/example_dags/example_sla_dag.py
[2025-09-29T15:00:52.177+0000] {processor.py:914} INFO - Processing file /home/airflow/.local/lib/python3.12/site-packages/airflow/example_dags/example_sla_dag.py for tasks to queue
[2025-09-29T15:00:52.177+0000] {logging_mixin.py:190} INFO - [2025-09-29T15:00:52.177+0000] {dagbag.py:588} INFO - Filling up the DagBag from /home/airflow/.local/lib/python3.12/site-packages/airflow/example_dags/example_sla_dag.py
[2025-09-29T15:00:52.183+0000] {processor.py:925} INFO - DAG(s) 'example_sla_dag' retrieved from /home/airflow/.local/lib/python3.12/site-packages/airflow/example_dags/example_sla_dag.py
[2025-09-29T15:00:52.194+0000] {logging_mixin.py:190} INFO - [2025-09-29T15:00:52.194+0000] {dag.py:3239} INFO - Sync 1 DAGs
[2025-09-29T15:00:52.206+0000] {logging_mixin.py:190} INFO - [2025-09-29T15:00:52.206+0000] {dag.py:4180} INFO - Setting next_dagrun for example_sla_dag to 2025-09-29 14:58:00+00:00, run_after=2025-09-29 15:00:00+00:00
[2025-09-29T15:00:52.214+0000] {processor.py:208} INFO - Processing /home/airflow/.local/lib/python3.12/site-packages/airflow/example_dags/example_sla_dag.py took 0.041 seconds
[2025-09-29T15:01:22.799+0000] {processor.py:186} INFO - Started process (PID=3466) to work on /home/airflow/.local/lib/python3.12/site-packages/airflow/example_dags/example_sla_dag.py
[2025-09-29T15:01:22.799+0000] {processor.py:914} INFO - Processing file /home/airflow/.local/lib/python3.12/site-packages/airflow/example_dags/example_sla_dag.py for tasks to queue
[2025-09-29T15:01:22.800+0000] {logging_mixin.py:190} INFO - [2025-09-29T15:01:22.800+0000] {dagbag.py:588} INFO - Filling up the DagBag from /home/airflow/.local/lib/python3.12/site-packages/airflow/example_dags/example_sla_dag.py
[2025-09-29T15:01:22.806+0000] {processor.py:925} INFO - DAG(s) 'example_sla_dag' retrieved from /home/airflow/.local/lib/python3.12/site-packages/airflow/example_dags/example_sla_dag.py
[2025-09-29T15:01:22.822+0000] {logging_mixin.py:190} INFO - [2025-09-29T15:01:22.822+0000] {dag.py:3239} INFO - Sync 1 DAGs
[2025-09-29T15:01:22.837+0000] {logging_mixin.py:190} INFO - [2025-09-29T15:01:22.837+0000] {dag.py:4180} INFO - Setting next_dagrun for example_sla_dag to 2025-09-29 14:58:00+00:00, run_after=2025-09-29 15:00:00+00:00
[2025-09-29T15:01:22.851+0000] {processor.py:208} INFO - Processing /home/airflow/.local/lib/python3.12/site-packages/airflow/example_dags/example_sla_dag.py took 0.056 seconds
[2025-09-29T15:01:53.317+0000] {processor.py:186} INFO - Started process (PID=3529) to work on /home/airflow/.local/lib/python3.12/site-packages/airflow/example_dags/example_sla_dag.py
[2025-09-29T15:01:53.319+0000] {processor.py:914} INFO - Processing file /home/airflow/.local/lib/python3.12/site-packages/airflow/example_dags/example_sla_dag.py for tasks to queue
[2025-09-29T15:01:53.320+0000] {logging_mixin.py:190} INFO - [2025-09-29T15:01:53.320+0000] {dagbag.py:588} INFO - Filling up the DagBag from /home/airflow/.local/lib/python3.12/site-packages/airflow/example_dags/example_sla_dag.py
[2025-09-29T15:01:53.325+0000] {processor.py:925} INFO - DAG(s) 'example_sla_dag' retrieved from /home/airflow/.local/lib/python3.12/site-packages/airflow/example_dags/example_sla_dag.py
[2025-09-29T15:01:53.337+0000] {logging_mixin.py:190} INFO - [2025-09-29T15:01:53.337+0000] {dag.py:3239} INFO - Sync 1 DAGs
[2025-09-29T15:01:53.353+0000] {logging_mixin.py:190} INFO - [2025-09-29T15:01:53.353+0000] {dag.py:4180} INFO - Setting next_dagrun for example_sla_dag to 2025-09-29 14:58:00+00:00, run_after=2025-09-29 15:00:00+00:00
[2025-09-29T15:01:53.367+0000] {processor.py:208} INFO - Processing /home/airflow/.local/lib/python3.12/site-packages/airflow/example_dags/example_sla_dag.py took 0.052 seconds
[2025-09-29T15:02:23.918+0000] {processor.py:186} INFO - Started process (PID=3592) to work on /home/airflow/.local/lib/python3.12/site-packages/airflow/example_dags/example_sla_dag.py
[2025-09-29T15:02:23.919+0000] {processor.py:914} INFO - Processing file /home/airflow/.local/lib/python3.12/site-packages/airflow/example_dags/example_sla_dag.py for tasks to queue
[2025-09-29T15:02:23.919+0000] {logging_mixin.py:190} INFO - [2025-09-29T15:02:23.919+0000] {dagbag.py:588} INFO - Filling up the DagBag from /home/airflow/.local/lib/python3.12/site-packages/airflow/example_dags/example_sla_dag.py
[2025-09-29T15:02:23.925+0000] {processor.py:925} INFO - DAG(s) 'example_sla_dag' retrieved from /home/airflow/.local/lib/python3.12/site-packages/airflow/example_dags/example_sla_dag.py
[2025-09-29T15:02:23.937+0000] {logging_mixin.py:190} INFO - [2025-09-29T15:02:23.937+0000] {dag.py:3239} INFO - Sync 1 DAGs
[2025-09-29T15:02:23.953+0000] {logging_mixin.py:190} INFO - [2025-09-29T15:02:23.953+0000] {dag.py:4180} INFO - Setting next_dagrun for example_sla_dag to 2025-09-29 15:00:00+00:00, run_after=2025-09-29 15:02:00+00:00
[2025-09-29T15:02:23.966+0000] {processor.py:208} INFO - Processing /home/airflow/.local/lib/python3.12/site-packages/airflow/example_dags/example_sla_dag.py took 0.052 seconds
