[2025-09-29T14:34:29.935+0000] {processor.py:186} INFO - Started process (PID=72) to work on /home/airflow/.local/lib/python3.12/site-packages/airflow/example_dags/example_inlet_event_extra.py
[2025-09-29T14:34:29.937+0000] {processor.py:914} INFO - Processing file /home/airflow/.local/lib/python3.12/site-packages/airflow/example_dags/example_inlet_event_extra.py for tasks to queue
[2025-09-29T14:34:29.940+0000] {logging_mixin.py:190} INFO - [2025-09-29T14:34:29.940+0000] {dagbag.py:588} INFO - Filling up the DagBag from /home/airflow/.local/lib/python3.12/site-packages/airflow/example_dags/example_inlet_event_extra.py
[2025-09-29T14:34:30.027+0000] {processor.py:925} INFO - DAG(s) 'read_dataset_event_from_classic', 'read_dataset_event' retrieved from /home/airflow/.local/lib/python3.12/site-packages/airflow/example_dags/example_inlet_event_extra.py
[2025-09-29T14:34:30.047+0000] {logging_mixin.py:190} INFO - [2025-09-29T14:34:30.047+0000] {dag.py:3239} INFO - Sync 2 DAGs
[2025-09-29T14:34:30.062+0000] {logging_mixin.py:190} INFO - [2025-09-29T14:34:30.062+0000] {dag.py:4180} INFO - Setting next_dagrun for read_dataset_event to 2025-09-28 00:00:00+00:00, run_after=2025-09-29 00:00:00+00:00
[2025-09-29T14:34:30.072+0000] {logging_mixin.py:190} INFO - [2025-09-29T14:34:30.072+0000] {dag.py:4180} INFO - Setting next_dagrun for read_dataset_event_from_classic to 2025-09-28 00:00:00+00:00, run_after=2025-09-29 00:00:00+00:00
[2025-09-29T14:34:30.090+0000] {processor.py:208} INFO - Processing /home/airflow/.local/lib/python3.12/site-packages/airflow/example_dags/example_inlet_event_extra.py took 0.159 seconds
[2025-09-29T14:35:00.973+0000] {processor.py:186} INFO - Started process (PID=146) to work on /home/airflow/.local/lib/python3.12/site-packages/airflow/example_dags/example_inlet_event_extra.py
[2025-09-29T14:35:00.974+0000] {processor.py:914} INFO - Processing file /home/airflow/.local/lib/python3.12/site-packages/airflow/example_dags/example_inlet_event_extra.py for tasks to queue
[2025-09-29T14:35:00.976+0000] {logging_mixin.py:190} INFO - [2025-09-29T14:35:00.976+0000] {dagbag.py:588} INFO - Filling up the DagBag from /home/airflow/.local/lib/python3.12/site-packages/airflow/example_dags/example_inlet_event_extra.py
[2025-09-29T14:35:01.050+0000] {processor.py:925} INFO - DAG(s) 'read_dataset_event', 'read_dataset_event_from_classic' retrieved from /home/airflow/.local/lib/python3.12/site-packages/airflow/example_dags/example_inlet_event_extra.py
[2025-09-29T14:35:01.065+0000] {logging_mixin.py:190} INFO - [2025-09-29T14:35:01.064+0000] {dag.py:3239} INFO - Sync 2 DAGs
[2025-09-29T14:35:01.077+0000] {logging_mixin.py:190} INFO - [2025-09-29T14:35:01.077+0000] {dag.py:4180} INFO - Setting next_dagrun for read_dataset_event to 2025-09-28 00:00:00+00:00, run_after=2025-09-29 00:00:00+00:00
[2025-09-29T14:35:01.081+0000] {logging_mixin.py:190} INFO - [2025-09-29T14:35:01.081+0000] {dag.py:4180} INFO - Setting next_dagrun for read_dataset_event_from_classic to 2025-09-28 00:00:00+00:00, run_after=2025-09-29 00:00:00+00:00
[2025-09-29T14:35:01.094+0000] {processor.py:208} INFO - Processing /home/airflow/.local/lib/python3.12/site-packages/airflow/example_dags/example_inlet_event_extra.py took 0.124 seconds
[2025-09-29T14:35:31.256+0000] {processor.py:186} INFO - Started process (PID=210) to work on /home/airflow/.local/lib/python3.12/site-packages/airflow/example_dags/example_inlet_event_extra.py
[2025-09-29T14:35:31.259+0000] {processor.py:914} INFO - Processing file /home/airflow/.local/lib/python3.12/site-packages/airflow/example_dags/example_inlet_event_extra.py for tasks to queue
[2025-09-29T14:35:31.260+0000] {logging_mixin.py:190} INFO - [2025-09-29T14:35:31.260+0000] {dagbag.py:588} INFO - Filling up the DagBag from /home/airflow/.local/lib/python3.12/site-packages/airflow/example_dags/example_inlet_event_extra.py
[2025-09-29T14:35:31.331+0000] {processor.py:925} INFO - DAG(s) 'read_dataset_event_from_classic', 'read_dataset_event' retrieved from /home/airflow/.local/lib/python3.12/site-packages/airflow/example_dags/example_inlet_event_extra.py
[2025-09-29T14:35:31.344+0000] {logging_mixin.py:190} INFO - [2025-09-29T14:35:31.344+0000] {dag.py:3239} INFO - Sync 2 DAGs
[2025-09-29T14:35:31.358+0000] {logging_mixin.py:190} INFO - [2025-09-29T14:35:31.358+0000] {dag.py:4180} INFO - Setting next_dagrun for read_dataset_event to 2025-09-28 00:00:00+00:00, run_after=2025-09-29 00:00:00+00:00
[2025-09-29T14:35:31.360+0000] {logging_mixin.py:190} INFO - [2025-09-29T14:35:31.360+0000] {dag.py:4180} INFO - Setting next_dagrun for read_dataset_event_from_classic to 2025-09-28 00:00:00+00:00, run_after=2025-09-29 00:00:00+00:00
[2025-09-29T14:35:31.375+0000] {processor.py:208} INFO - Processing /home/airflow/.local/lib/python3.12/site-packages/airflow/example_dags/example_inlet_event_extra.py took 0.122 seconds
[2025-09-29T14:36:01.534+0000] {processor.py:186} INFO - Started process (PID=275) to work on /home/airflow/.local/lib/python3.12/site-packages/airflow/example_dags/example_inlet_event_extra.py
[2025-09-29T14:36:01.534+0000] {processor.py:914} INFO - Processing file /home/airflow/.local/lib/python3.12/site-packages/airflow/example_dags/example_inlet_event_extra.py for tasks to queue
[2025-09-29T14:36:01.536+0000] {logging_mixin.py:190} INFO - [2025-09-29T14:36:01.536+0000] {dagbag.py:588} INFO - Filling up the DagBag from /home/airflow/.local/lib/python3.12/site-packages/airflow/example_dags/example_inlet_event_extra.py
[2025-09-29T14:36:01.606+0000] {processor.py:925} INFO - DAG(s) 'read_dataset_event_from_classic', 'read_dataset_event' retrieved from /home/airflow/.local/lib/python3.12/site-packages/airflow/example_dags/example_inlet_event_extra.py
[2025-09-29T14:36:01.621+0000] {logging_mixin.py:190} INFO - [2025-09-29T14:36:01.621+0000] {dag.py:3239} INFO - Sync 2 DAGs
[2025-09-29T14:36:01.635+0000] {logging_mixin.py:190} INFO - [2025-09-29T14:36:01.635+0000] {dag.py:4180} INFO - Setting next_dagrun for read_dataset_event to 2025-09-28 00:00:00+00:00, run_after=2025-09-29 00:00:00+00:00
[2025-09-29T14:36:01.639+0000] {logging_mixin.py:190} INFO - [2025-09-29T14:36:01.639+0000] {dag.py:4180} INFO - Setting next_dagrun for read_dataset_event_from_classic to 2025-09-28 00:00:00+00:00, run_after=2025-09-29 00:00:00+00:00
[2025-09-29T14:36:01.648+0000] {processor.py:208} INFO - Processing /home/airflow/.local/lib/python3.12/site-packages/airflow/example_dags/example_inlet_event_extra.py took 0.117 seconds
[2025-09-29T14:36:31.670+0000] {processor.py:186} INFO - Started process (PID=338) to work on /home/airflow/.local/lib/python3.12/site-packages/airflow/example_dags/example_inlet_event_extra.py
[2025-09-29T14:36:31.672+0000] {processor.py:914} INFO - Processing file /home/airflow/.local/lib/python3.12/site-packages/airflow/example_dags/example_inlet_event_extra.py for tasks to queue
[2025-09-29T14:36:31.674+0000] {logging_mixin.py:190} INFO - [2025-09-29T14:36:31.674+0000] {dagbag.py:588} INFO - Filling up the DagBag from /home/airflow/.local/lib/python3.12/site-packages/airflow/example_dags/example_inlet_event_extra.py
[2025-09-29T14:36:31.744+0000] {processor.py:925} INFO - DAG(s) 'read_dataset_event_from_classic', 'read_dataset_event' retrieved from /home/airflow/.local/lib/python3.12/site-packages/airflow/example_dags/example_inlet_event_extra.py
[2025-09-29T14:36:31.754+0000] {logging_mixin.py:190} INFO - [2025-09-29T14:36:31.754+0000] {dag.py:3239} INFO - Sync 2 DAGs
[2025-09-29T14:36:31.766+0000] {logging_mixin.py:190} INFO - [2025-09-29T14:36:31.766+0000] {dag.py:4180} INFO - Setting next_dagrun for read_dataset_event to 2025-09-28 00:00:00+00:00, run_after=2025-09-29 00:00:00+00:00
[2025-09-29T14:36:31.771+0000] {logging_mixin.py:190} INFO - [2025-09-29T14:36:31.771+0000] {dag.py:4180} INFO - Setting next_dagrun for read_dataset_event_from_classic to 2025-09-28 00:00:00+00:00, run_after=2025-09-29 00:00:00+00:00
[2025-09-29T14:36:31.781+0000] {processor.py:208} INFO - Processing /home/airflow/.local/lib/python3.12/site-packages/airflow/example_dags/example_inlet_event_extra.py took 0.113 seconds
[2025-09-29T14:37:01.871+0000] {processor.py:186} INFO - Started process (PID=401) to work on /home/airflow/.local/lib/python3.12/site-packages/airflow/example_dags/example_inlet_event_extra.py
[2025-09-29T14:37:01.875+0000] {processor.py:914} INFO - Processing file /home/airflow/.local/lib/python3.12/site-packages/airflow/example_dags/example_inlet_event_extra.py for tasks to queue
[2025-09-29T14:37:01.877+0000] {logging_mixin.py:190} INFO - [2025-09-29T14:37:01.877+0000] {dagbag.py:588} INFO - Filling up the DagBag from /home/airflow/.local/lib/python3.12/site-packages/airflow/example_dags/example_inlet_event_extra.py
[2025-09-29T14:37:01.950+0000] {processor.py:925} INFO - DAG(s) 'read_dataset_event', 'read_dataset_event_from_classic' retrieved from /home/airflow/.local/lib/python3.12/site-packages/airflow/example_dags/example_inlet_event_extra.py
[2025-09-29T14:37:01.961+0000] {logging_mixin.py:190} INFO - [2025-09-29T14:37:01.961+0000] {dag.py:3239} INFO - Sync 2 DAGs
[2025-09-29T14:37:01.974+0000] {logging_mixin.py:190} INFO - [2025-09-29T14:37:01.974+0000] {dag.py:4180} INFO - Setting next_dagrun for read_dataset_event to 2025-09-28 00:00:00+00:00, run_after=2025-09-29 00:00:00+00:00
[2025-09-29T14:37:01.978+0000] {logging_mixin.py:190} INFO - [2025-09-29T14:37:01.978+0000] {dag.py:4180} INFO - Setting next_dagrun for read_dataset_event_from_classic to 2025-09-28 00:00:00+00:00, run_after=2025-09-29 00:00:00+00:00
[2025-09-29T14:37:01.990+0000] {processor.py:208} INFO - Processing /home/airflow/.local/lib/python3.12/site-packages/airflow/example_dags/example_inlet_event_extra.py took 0.122 seconds
[2025-09-29T14:37:32.221+0000] {processor.py:186} INFO - Started process (PID=465) to work on /home/airflow/.local/lib/python3.12/site-packages/airflow/example_dags/example_inlet_event_extra.py
[2025-09-29T14:37:32.222+0000] {processor.py:914} INFO - Processing file /home/airflow/.local/lib/python3.12/site-packages/airflow/example_dags/example_inlet_event_extra.py for tasks to queue
[2025-09-29T14:37:32.224+0000] {logging_mixin.py:190} INFO - [2025-09-29T14:37:32.224+0000] {dagbag.py:588} INFO - Filling up the DagBag from /home/airflow/.local/lib/python3.12/site-packages/airflow/example_dags/example_inlet_event_extra.py
[2025-09-29T14:37:32.296+0000] {processor.py:925} INFO - DAG(s) 'read_dataset_event', 'read_dataset_event_from_classic' retrieved from /home/airflow/.local/lib/python3.12/site-packages/airflow/example_dags/example_inlet_event_extra.py
[2025-09-29T14:37:32.307+0000] {logging_mixin.py:190} INFO - [2025-09-29T14:37:32.307+0000] {dag.py:3239} INFO - Sync 2 DAGs
[2025-09-29T14:37:32.321+0000] {logging_mixin.py:190} INFO - [2025-09-29T14:37:32.321+0000] {dag.py:4180} INFO - Setting next_dagrun for read_dataset_event to 2025-09-28 00:00:00+00:00, run_after=2025-09-29 00:00:00+00:00
[2025-09-29T14:37:32.324+0000] {logging_mixin.py:190} INFO - [2025-09-29T14:37:32.324+0000] {dag.py:4180} INFO - Setting next_dagrun for read_dataset_event_from_classic to 2025-09-28 00:00:00+00:00, run_after=2025-09-29 00:00:00+00:00
[2025-09-29T14:37:32.332+0000] {processor.py:208} INFO - Processing /home/airflow/.local/lib/python3.12/site-packages/airflow/example_dags/example_inlet_event_extra.py took 0.116 seconds
[2025-09-29T14:38:02.613+0000] {processor.py:186} INFO - Started process (PID=529) to work on /home/airflow/.local/lib/python3.12/site-packages/airflow/example_dags/example_inlet_event_extra.py
[2025-09-29T14:38:02.616+0000] {processor.py:914} INFO - Processing file /home/airflow/.local/lib/python3.12/site-packages/airflow/example_dags/example_inlet_event_extra.py for tasks to queue
[2025-09-29T14:38:02.617+0000] {logging_mixin.py:190} INFO - [2025-09-29T14:38:02.617+0000] {dagbag.py:588} INFO - Filling up the DagBag from /home/airflow/.local/lib/python3.12/site-packages/airflow/example_dags/example_inlet_event_extra.py
[2025-09-29T14:38:02.688+0000] {processor.py:925} INFO - DAG(s) 'read_dataset_event_from_classic', 'read_dataset_event' retrieved from /home/airflow/.local/lib/python3.12/site-packages/airflow/example_dags/example_inlet_event_extra.py
[2025-09-29T14:38:02.703+0000] {logging_mixin.py:190} INFO - [2025-09-29T14:38:02.703+0000] {dag.py:3239} INFO - Sync 2 DAGs
[2025-09-29T14:38:02.715+0000] {logging_mixin.py:190} INFO - [2025-09-29T14:38:02.715+0000] {dag.py:4180} INFO - Setting next_dagrun for read_dataset_event to 2025-09-28 00:00:00+00:00, run_after=2025-09-29 00:00:00+00:00
[2025-09-29T14:38:02.721+0000] {logging_mixin.py:190} INFO - [2025-09-29T14:38:02.721+0000] {dag.py:4180} INFO - Setting next_dagrun for read_dataset_event_from_classic to 2025-09-28 00:00:00+00:00, run_after=2025-09-29 00:00:00+00:00
[2025-09-29T14:38:02.732+0000] {processor.py:208} INFO - Processing /home/airflow/.local/lib/python3.12/site-packages/airflow/example_dags/example_inlet_event_extra.py took 0.122 seconds
[2025-09-29T14:38:33.022+0000] {processor.py:186} INFO - Started process (PID=601) to work on /home/airflow/.local/lib/python3.12/site-packages/airflow/example_dags/example_inlet_event_extra.py
[2025-09-29T14:38:33.025+0000] {processor.py:914} INFO - Processing file /home/airflow/.local/lib/python3.12/site-packages/airflow/example_dags/example_inlet_event_extra.py for tasks to queue
[2025-09-29T14:38:33.027+0000] {logging_mixin.py:190} INFO - [2025-09-29T14:38:33.026+0000] {dagbag.py:588} INFO - Filling up the DagBag from /home/airflow/.local/lib/python3.12/site-packages/airflow/example_dags/example_inlet_event_extra.py
[2025-09-29T14:38:33.106+0000] {processor.py:925} INFO - DAG(s) 'read_dataset_event', 'read_dataset_event_from_classic' retrieved from /home/airflow/.local/lib/python3.12/site-packages/airflow/example_dags/example_inlet_event_extra.py
[2025-09-29T14:38:33.119+0000] {logging_mixin.py:190} INFO - [2025-09-29T14:38:33.119+0000] {dag.py:3239} INFO - Sync 2 DAGs
[2025-09-29T14:38:33.132+0000] {logging_mixin.py:190} INFO - [2025-09-29T14:38:33.132+0000] {dag.py:4180} INFO - Setting next_dagrun for read_dataset_event to 2025-09-28 00:00:00+00:00, run_after=2025-09-29 00:00:00+00:00
[2025-09-29T14:38:33.135+0000] {logging_mixin.py:190} INFO - [2025-09-29T14:38:33.135+0000] {dag.py:4180} INFO - Setting next_dagrun for read_dataset_event_from_classic to 2025-09-28 00:00:00+00:00, run_after=2025-09-29 00:00:00+00:00
[2025-09-29T14:38:33.149+0000] {processor.py:208} INFO - Processing /home/airflow/.local/lib/python3.12/site-packages/airflow/example_dags/example_inlet_event_extra.py took 0.131 seconds
[2025-09-29T14:39:03.503+0000] {processor.py:186} INFO - Started process (PID=664) to work on /home/airflow/.local/lib/python3.12/site-packages/airflow/example_dags/example_inlet_event_extra.py
[2025-09-29T14:39:03.507+0000] {processor.py:914} INFO - Processing file /home/airflow/.local/lib/python3.12/site-packages/airflow/example_dags/example_inlet_event_extra.py for tasks to queue
[2025-09-29T14:39:03.511+0000] {logging_mixin.py:190} INFO - [2025-09-29T14:39:03.510+0000] {dagbag.py:588} INFO - Filling up the DagBag from /home/airflow/.local/lib/python3.12/site-packages/airflow/example_dags/example_inlet_event_extra.py
[2025-09-29T14:39:03.613+0000] {processor.py:925} INFO - DAG(s) 'read_dataset_event', 'read_dataset_event_from_classic' retrieved from /home/airflow/.local/lib/python3.12/site-packages/airflow/example_dags/example_inlet_event_extra.py
[2025-09-29T14:39:03.630+0000] {logging_mixin.py:190} INFO - [2025-09-29T14:39:03.628+0000] {dag.py:3239} INFO - Sync 2 DAGs
[2025-09-29T14:39:03.648+0000] {logging_mixin.py:190} INFO - [2025-09-29T14:39:03.647+0000] {dag.py:4180} INFO - Setting next_dagrun for read_dataset_event to 2025-09-28 00:00:00+00:00, run_after=2025-09-29 00:00:00+00:00
[2025-09-29T14:39:03.650+0000] {logging_mixin.py:190} INFO - [2025-09-29T14:39:03.650+0000] {dag.py:4180} INFO - Setting next_dagrun for read_dataset_event_from_classic to 2025-09-28 00:00:00+00:00, run_after=2025-09-29 00:00:00+00:00
[2025-09-29T14:39:03.661+0000] {processor.py:208} INFO - Processing /home/airflow/.local/lib/python3.12/site-packages/airflow/example_dags/example_inlet_event_extra.py took 0.162 seconds
[2025-09-29T14:39:34.034+0000] {processor.py:186} INFO - Started process (PID=727) to work on /home/airflow/.local/lib/python3.12/site-packages/airflow/example_dags/example_inlet_event_extra.py
[2025-09-29T14:39:34.037+0000] {processor.py:914} INFO - Processing file /home/airflow/.local/lib/python3.12/site-packages/airflow/example_dags/example_inlet_event_extra.py for tasks to queue
[2025-09-29T14:39:34.039+0000] {logging_mixin.py:190} INFO - [2025-09-29T14:39:34.038+0000] {dagbag.py:588} INFO - Filling up the DagBag from /home/airflow/.local/lib/python3.12/site-packages/airflow/example_dags/example_inlet_event_extra.py
[2025-09-29T14:39:34.118+0000] {processor.py:925} INFO - DAG(s) 'read_dataset_event_from_classic', 'read_dataset_event' retrieved from /home/airflow/.local/lib/python3.12/site-packages/airflow/example_dags/example_inlet_event_extra.py
[2025-09-29T14:39:34.133+0000] {logging_mixin.py:190} INFO - [2025-09-29T14:39:34.132+0000] {dag.py:3239} INFO - Sync 2 DAGs
[2025-09-29T14:39:34.146+0000] {logging_mixin.py:190} INFO - [2025-09-29T14:39:34.146+0000] {dag.py:4180} INFO - Setting next_dagrun for read_dataset_event to 2025-09-28 00:00:00+00:00, run_after=2025-09-29 00:00:00+00:00
[2025-09-29T14:39:34.154+0000] {logging_mixin.py:190} INFO - [2025-09-29T14:39:34.154+0000] {dag.py:4180} INFO - Setting next_dagrun for read_dataset_event_from_classic to 2025-09-28 00:00:00+00:00, run_after=2025-09-29 00:00:00+00:00
[2025-09-29T14:39:34.165+0000] {processor.py:208} INFO - Processing /home/airflow/.local/lib/python3.12/site-packages/airflow/example_dags/example_inlet_event_extra.py took 0.135 seconds
[2025-09-29T14:40:04.503+0000] {processor.py:186} INFO - Started process (PID=791) to work on /home/airflow/.local/lib/python3.12/site-packages/airflow/example_dags/example_inlet_event_extra.py
[2025-09-29T14:40:04.508+0000] {processor.py:914} INFO - Processing file /home/airflow/.local/lib/python3.12/site-packages/airflow/example_dags/example_inlet_event_extra.py for tasks to queue
[2025-09-29T14:40:04.509+0000] {logging_mixin.py:190} INFO - [2025-09-29T14:40:04.509+0000] {dagbag.py:588} INFO - Filling up the DagBag from /home/airflow/.local/lib/python3.12/site-packages/airflow/example_dags/example_inlet_event_extra.py
[2025-09-29T14:40:04.589+0000] {processor.py:925} INFO - DAG(s) 'read_dataset_event', 'read_dataset_event_from_classic' retrieved from /home/airflow/.local/lib/python3.12/site-packages/airflow/example_dags/example_inlet_event_extra.py
[2025-09-29T14:40:04.600+0000] {logging_mixin.py:190} INFO - [2025-09-29T14:40:04.600+0000] {dag.py:3239} INFO - Sync 2 DAGs
[2025-09-29T14:40:04.613+0000] {logging_mixin.py:190} INFO - [2025-09-29T14:40:04.613+0000] {dag.py:4180} INFO - Setting next_dagrun for read_dataset_event to 2025-09-28 00:00:00+00:00, run_after=2025-09-29 00:00:00+00:00
[2025-09-29T14:40:04.615+0000] {logging_mixin.py:190} INFO - [2025-09-29T14:40:04.615+0000] {dag.py:4180} INFO - Setting next_dagrun for read_dataset_event_from_classic to 2025-09-28 00:00:00+00:00, run_after=2025-09-29 00:00:00+00:00
[2025-09-29T14:40:04.625+0000] {processor.py:208} INFO - Processing /home/airflow/.local/lib/python3.12/site-packages/airflow/example_dags/example_inlet_event_extra.py took 0.125 seconds
[2025-09-29T14:40:34.848+0000] {processor.py:186} INFO - Started process (PID=854) to work on /home/airflow/.local/lib/python3.12/site-packages/airflow/example_dags/example_inlet_event_extra.py
[2025-09-29T14:40:34.852+0000] {processor.py:914} INFO - Processing file /home/airflow/.local/lib/python3.12/site-packages/airflow/example_dags/example_inlet_event_extra.py for tasks to queue
[2025-09-29T14:40:34.854+0000] {logging_mixin.py:190} INFO - [2025-09-29T14:40:34.853+0000] {dagbag.py:588} INFO - Filling up the DagBag from /home/airflow/.local/lib/python3.12/site-packages/airflow/example_dags/example_inlet_event_extra.py
[2025-09-29T14:40:34.934+0000] {processor.py:925} INFO - DAG(s) 'read_dataset_event', 'read_dataset_event_from_classic' retrieved from /home/airflow/.local/lib/python3.12/site-packages/airflow/example_dags/example_inlet_event_extra.py
[2025-09-29T14:40:34.950+0000] {logging_mixin.py:190} INFO - [2025-09-29T14:40:34.950+0000] {dag.py:3239} INFO - Sync 2 DAGs
[2025-09-29T14:40:34.964+0000] {logging_mixin.py:190} INFO - [2025-09-29T14:40:34.964+0000] {dag.py:4180} INFO - Setting next_dagrun for read_dataset_event to 2025-09-28 00:00:00+00:00, run_after=2025-09-29 00:00:00+00:00
[2025-09-29T14:40:34.968+0000] {logging_mixin.py:190} INFO - [2025-09-29T14:40:34.968+0000] {dag.py:4180} INFO - Setting next_dagrun for read_dataset_event_from_classic to 2025-09-28 00:00:00+00:00, run_after=2025-09-29 00:00:00+00:00
[2025-09-29T14:40:34.977+0000] {processor.py:208} INFO - Processing /home/airflow/.local/lib/python3.12/site-packages/airflow/example_dags/example_inlet_event_extra.py took 0.133 seconds
[2025-09-29T14:41:05.212+0000] {processor.py:186} INFO - Started process (PID=920) to work on /home/airflow/.local/lib/python3.12/site-packages/airflow/example_dags/example_inlet_event_extra.py
[2025-09-29T14:41:05.214+0000] {processor.py:914} INFO - Processing file /home/airflow/.local/lib/python3.12/site-packages/airflow/example_dags/example_inlet_event_extra.py for tasks to queue
[2025-09-29T14:41:05.216+0000] {logging_mixin.py:190} INFO - [2025-09-29T14:41:05.216+0000] {dagbag.py:588} INFO - Filling up the DagBag from /home/airflow/.local/lib/python3.12/site-packages/airflow/example_dags/example_inlet_event_extra.py
[2025-09-29T14:41:05.288+0000] {processor.py:925} INFO - DAG(s) 'read_dataset_event_from_classic', 'read_dataset_event' retrieved from /home/airflow/.local/lib/python3.12/site-packages/airflow/example_dags/example_inlet_event_extra.py
[2025-09-29T14:41:05.301+0000] {logging_mixin.py:190} INFO - [2025-09-29T14:41:05.301+0000] {dag.py:3239} INFO - Sync 2 DAGs
[2025-09-29T14:41:05.311+0000] {logging_mixin.py:190} INFO - [2025-09-29T14:41:05.311+0000] {dag.py:4180} INFO - Setting next_dagrun for read_dataset_event to 2025-09-28 00:00:00+00:00, run_after=2025-09-29 00:00:00+00:00
[2025-09-29T14:41:05.314+0000] {logging_mixin.py:190} INFO - [2025-09-29T14:41:05.314+0000] {dag.py:4180} INFO - Setting next_dagrun for read_dataset_event_from_classic to 2025-09-28 00:00:00+00:00, run_after=2025-09-29 00:00:00+00:00
[2025-09-29T14:41:05.325+0000] {processor.py:208} INFO - Processing /home/airflow/.local/lib/python3.12/site-packages/airflow/example_dags/example_inlet_event_extra.py took 0.116 seconds
[2025-09-29T14:41:35.550+0000] {processor.py:186} INFO - Started process (PID=984) to work on /home/airflow/.local/lib/python3.12/site-packages/airflow/example_dags/example_inlet_event_extra.py
[2025-09-29T14:41:35.552+0000] {processor.py:914} INFO - Processing file /home/airflow/.local/lib/python3.12/site-packages/airflow/example_dags/example_inlet_event_extra.py for tasks to queue
[2025-09-29T14:41:35.554+0000] {logging_mixin.py:190} INFO - [2025-09-29T14:41:35.554+0000] {dagbag.py:588} INFO - Filling up the DagBag from /home/airflow/.local/lib/python3.12/site-packages/airflow/example_dags/example_inlet_event_extra.py
[2025-09-29T14:41:35.629+0000] {processor.py:925} INFO - DAG(s) 'read_dataset_event', 'read_dataset_event_from_classic' retrieved from /home/airflow/.local/lib/python3.12/site-packages/airflow/example_dags/example_inlet_event_extra.py
[2025-09-29T14:41:35.644+0000] {logging_mixin.py:190} INFO - [2025-09-29T14:41:35.644+0000] {dag.py:3239} INFO - Sync 2 DAGs
[2025-09-29T14:41:35.657+0000] {logging_mixin.py:190} INFO - [2025-09-29T14:41:35.657+0000] {dag.py:4180} INFO - Setting next_dagrun for read_dataset_event to 2025-09-28 00:00:00+00:00, run_after=2025-09-29 00:00:00+00:00
[2025-09-29T14:41:35.660+0000] {logging_mixin.py:190} INFO - [2025-09-29T14:41:35.660+0000] {dag.py:4180} INFO - Setting next_dagrun for read_dataset_event_from_classic to 2025-09-28 00:00:00+00:00, run_after=2025-09-29 00:00:00+00:00
[2025-09-29T14:41:35.670+0000] {processor.py:208} INFO - Processing /home/airflow/.local/lib/python3.12/site-packages/airflow/example_dags/example_inlet_event_extra.py took 0.124 seconds
[2025-09-29T14:42:06.028+0000] {processor.py:186} INFO - Started process (PID=1049) to work on /home/airflow/.local/lib/python3.12/site-packages/airflow/example_dags/example_inlet_event_extra.py
[2025-09-29T14:42:06.030+0000] {processor.py:914} INFO - Processing file /home/airflow/.local/lib/python3.12/site-packages/airflow/example_dags/example_inlet_event_extra.py for tasks to queue
[2025-09-29T14:42:06.032+0000] {logging_mixin.py:190} INFO - [2025-09-29T14:42:06.032+0000] {dagbag.py:588} INFO - Filling up the DagBag from /home/airflow/.local/lib/python3.12/site-packages/airflow/example_dags/example_inlet_event_extra.py
[2025-09-29T14:42:06.108+0000] {processor.py:925} INFO - DAG(s) 'read_dataset_event_from_classic', 'read_dataset_event' retrieved from /home/airflow/.local/lib/python3.12/site-packages/airflow/example_dags/example_inlet_event_extra.py
[2025-09-29T14:42:06.123+0000] {logging_mixin.py:190} INFO - [2025-09-29T14:42:06.122+0000] {dag.py:3239} INFO - Sync 2 DAGs
[2025-09-29T14:42:06.137+0000] {logging_mixin.py:190} INFO - [2025-09-29T14:42:06.137+0000] {dag.py:4180} INFO - Setting next_dagrun for read_dataset_event to 2025-09-28 00:00:00+00:00, run_after=2025-09-29 00:00:00+00:00
[2025-09-29T14:42:06.140+0000] {logging_mixin.py:190} INFO - [2025-09-29T14:42:06.140+0000] {dag.py:4180} INFO - Setting next_dagrun for read_dataset_event_from_classic to 2025-09-28 00:00:00+00:00, run_after=2025-09-29 00:00:00+00:00
[2025-09-29T14:42:06.151+0000] {processor.py:208} INFO - Processing /home/airflow/.local/lib/python3.12/site-packages/airflow/example_dags/example_inlet_event_extra.py took 0.128 seconds
[2025-09-29T14:42:36.418+0000] {processor.py:186} INFO - Started process (PID=1113) to work on /home/airflow/.local/lib/python3.12/site-packages/airflow/example_dags/example_inlet_event_extra.py
[2025-09-29T14:42:36.422+0000] {processor.py:914} INFO - Processing file /home/airflow/.local/lib/python3.12/site-packages/airflow/example_dags/example_inlet_event_extra.py for tasks to queue
[2025-09-29T14:42:36.423+0000] {logging_mixin.py:190} INFO - [2025-09-29T14:42:36.423+0000] {dagbag.py:588} INFO - Filling up the DagBag from /home/airflow/.local/lib/python3.12/site-packages/airflow/example_dags/example_inlet_event_extra.py
[2025-09-29T14:42:36.495+0000] {processor.py:925} INFO - DAG(s) 'read_dataset_event_from_classic', 'read_dataset_event' retrieved from /home/airflow/.local/lib/python3.12/site-packages/airflow/example_dags/example_inlet_event_extra.py
[2025-09-29T14:42:36.509+0000] {logging_mixin.py:190} INFO - [2025-09-29T14:42:36.509+0000] {dag.py:3239} INFO - Sync 2 DAGs
[2025-09-29T14:42:36.524+0000] {logging_mixin.py:190} INFO - [2025-09-29T14:42:36.524+0000] {dag.py:4180} INFO - Setting next_dagrun for read_dataset_event to 2025-09-28 00:00:00+00:00, run_after=2025-09-29 00:00:00+00:00
[2025-09-29T14:42:36.527+0000] {logging_mixin.py:190} INFO - [2025-09-29T14:42:36.527+0000] {dag.py:4180} INFO - Setting next_dagrun for read_dataset_event_from_classic to 2025-09-28 00:00:00+00:00, run_after=2025-09-29 00:00:00+00:00
[2025-09-29T14:42:36.546+0000] {processor.py:208} INFO - Processing /home/airflow/.local/lib/python3.12/site-packages/airflow/example_dags/example_inlet_event_extra.py took 0.130 seconds
[2025-09-29T14:43:06.734+0000] {processor.py:186} INFO - Started process (PID=1177) to work on /home/airflow/.local/lib/python3.12/site-packages/airflow/example_dags/example_inlet_event_extra.py
[2025-09-29T14:43:06.737+0000] {processor.py:914} INFO - Processing file /home/airflow/.local/lib/python3.12/site-packages/airflow/example_dags/example_inlet_event_extra.py for tasks to queue
[2025-09-29T14:43:06.739+0000] {logging_mixin.py:190} INFO - [2025-09-29T14:43:06.739+0000] {dagbag.py:588} INFO - Filling up the DagBag from /home/airflow/.local/lib/python3.12/site-packages/airflow/example_dags/example_inlet_event_extra.py
[2025-09-29T14:43:06.814+0000] {processor.py:925} INFO - DAG(s) 'read_dataset_event_from_classic', 'read_dataset_event' retrieved from /home/airflow/.local/lib/python3.12/site-packages/airflow/example_dags/example_inlet_event_extra.py
[2025-09-29T14:43:06.825+0000] {logging_mixin.py:190} INFO - [2025-09-29T14:43:06.825+0000] {dag.py:3239} INFO - Sync 2 DAGs
[2025-09-29T14:43:06.838+0000] {logging_mixin.py:190} INFO - [2025-09-29T14:43:06.838+0000] {dag.py:4180} INFO - Setting next_dagrun for read_dataset_event to 2025-09-28 00:00:00+00:00, run_after=2025-09-29 00:00:00+00:00
[2025-09-29T14:43:06.842+0000] {logging_mixin.py:190} INFO - [2025-09-29T14:43:06.842+0000] {dag.py:4180} INFO - Setting next_dagrun for read_dataset_event_from_classic to 2025-09-28 00:00:00+00:00, run_after=2025-09-29 00:00:00+00:00
[2025-09-29T14:43:06.852+0000] {processor.py:208} INFO - Processing /home/airflow/.local/lib/python3.12/site-packages/airflow/example_dags/example_inlet_event_extra.py took 0.121 seconds
[2025-09-29T14:43:37.018+0000] {processor.py:186} INFO - Started process (PID=1242) to work on /home/airflow/.local/lib/python3.12/site-packages/airflow/example_dags/example_inlet_event_extra.py
[2025-09-29T14:43:37.019+0000] {processor.py:914} INFO - Processing file /home/airflow/.local/lib/python3.12/site-packages/airflow/example_dags/example_inlet_event_extra.py for tasks to queue
[2025-09-29T14:43:37.020+0000] {logging_mixin.py:190} INFO - [2025-09-29T14:43:37.019+0000] {dagbag.py:588} INFO - Filling up the DagBag from /home/airflow/.local/lib/python3.12/site-packages/airflow/example_dags/example_inlet_event_extra.py
[2025-09-29T14:43:37.090+0000] {processor.py:925} INFO - DAG(s) 'read_dataset_event', 'read_dataset_event_from_classic' retrieved from /home/airflow/.local/lib/python3.12/site-packages/airflow/example_dags/example_inlet_event_extra.py
[2025-09-29T14:43:37.102+0000] {logging_mixin.py:190} INFO - [2025-09-29T14:43:37.101+0000] {dag.py:3239} INFO - Sync 2 DAGs
[2025-09-29T14:43:37.114+0000] {logging_mixin.py:190} INFO - [2025-09-29T14:43:37.114+0000] {dag.py:4180} INFO - Setting next_dagrun for read_dataset_event to 2025-09-28 00:00:00+00:00, run_after=2025-09-29 00:00:00+00:00
[2025-09-29T14:43:37.118+0000] {logging_mixin.py:190} INFO - [2025-09-29T14:43:37.117+0000] {dag.py:4180} INFO - Setting next_dagrun for read_dataset_event_from_classic to 2025-09-28 00:00:00+00:00, run_after=2025-09-29 00:00:00+00:00
[2025-09-29T14:43:37.127+0000] {processor.py:208} INFO - Processing /home/airflow/.local/lib/python3.12/site-packages/airflow/example_dags/example_inlet_event_extra.py took 0.112 seconds
[2025-09-29T14:44:07.730+0000] {processor.py:186} INFO - Started process (PID=1305) to work on /home/airflow/.local/lib/python3.12/site-packages/airflow/example_dags/example_inlet_event_extra.py
[2025-09-29T14:44:07.730+0000] {processor.py:914} INFO - Processing file /home/airflow/.local/lib/python3.12/site-packages/airflow/example_dags/example_inlet_event_extra.py for tasks to queue
[2025-09-29T14:44:07.733+0000] {logging_mixin.py:190} INFO - [2025-09-29T14:44:07.733+0000] {dagbag.py:588} INFO - Filling up the DagBag from /home/airflow/.local/lib/python3.12/site-packages/airflow/example_dags/example_inlet_event_extra.py
[2025-09-29T14:44:07.804+0000] {processor.py:925} INFO - DAG(s) 'read_dataset_event_from_classic', 'read_dataset_event' retrieved from /home/airflow/.local/lib/python3.12/site-packages/airflow/example_dags/example_inlet_event_extra.py
[2025-09-29T14:44:07.816+0000] {logging_mixin.py:190} INFO - [2025-09-29T14:44:07.816+0000] {dag.py:3239} INFO - Sync 2 DAGs
[2025-09-29T14:44:07.830+0000] {logging_mixin.py:190} INFO - [2025-09-29T14:44:07.830+0000] {dag.py:4180} INFO - Setting next_dagrun for read_dataset_event to 2025-09-28 00:00:00+00:00, run_after=2025-09-29 00:00:00+00:00
[2025-09-29T14:44:07.832+0000] {logging_mixin.py:190} INFO - [2025-09-29T14:44:07.832+0000] {dag.py:4180} INFO - Setting next_dagrun for read_dataset_event_from_classic to 2025-09-28 00:00:00+00:00, run_after=2025-09-29 00:00:00+00:00
[2025-09-29T14:44:07.848+0000] {processor.py:208} INFO - Processing /home/airflow/.local/lib/python3.12/site-packages/airflow/example_dags/example_inlet_event_extra.py took 0.122 seconds
[2025-09-29T14:44:38.113+0000] {processor.py:186} INFO - Started process (PID=1368) to work on /home/airflow/.local/lib/python3.12/site-packages/airflow/example_dags/example_inlet_event_extra.py
[2025-09-29T14:44:38.117+0000] {processor.py:914} INFO - Processing file /home/airflow/.local/lib/python3.12/site-packages/airflow/example_dags/example_inlet_event_extra.py for tasks to queue
[2025-09-29T14:44:38.118+0000] {logging_mixin.py:190} INFO - [2025-09-29T14:44:38.118+0000] {dagbag.py:588} INFO - Filling up the DagBag from /home/airflow/.local/lib/python3.12/site-packages/airflow/example_dags/example_inlet_event_extra.py
[2025-09-29T14:44:38.193+0000] {processor.py:925} INFO - DAG(s) 'read_dataset_event_from_classic', 'read_dataset_event' retrieved from /home/airflow/.local/lib/python3.12/site-packages/airflow/example_dags/example_inlet_event_extra.py
[2025-09-29T14:44:38.213+0000] {logging_mixin.py:190} INFO - [2025-09-29T14:44:38.213+0000] {dag.py:3239} INFO - Sync 2 DAGs
[2025-09-29T14:44:38.228+0000] {logging_mixin.py:190} INFO - [2025-09-29T14:44:38.228+0000] {dag.py:4180} INFO - Setting next_dagrun for read_dataset_event to 2025-09-28 00:00:00+00:00, run_after=2025-09-29 00:00:00+00:00
[2025-09-29T14:44:38.232+0000] {logging_mixin.py:190} INFO - [2025-09-29T14:44:38.232+0000] {dag.py:4180} INFO - Setting next_dagrun for read_dataset_event_from_classic to 2025-09-28 00:00:00+00:00, run_after=2025-09-29 00:00:00+00:00
[2025-09-29T14:44:38.244+0000] {processor.py:208} INFO - Processing /home/airflow/.local/lib/python3.12/site-packages/airflow/example_dags/example_inlet_event_extra.py took 0.135 seconds
[2025-09-29T14:45:08.574+0000] {processor.py:186} INFO - Started process (PID=1432) to work on /home/airflow/.local/lib/python3.12/site-packages/airflow/example_dags/example_inlet_event_extra.py
[2025-09-29T14:45:08.576+0000] {processor.py:914} INFO - Processing file /home/airflow/.local/lib/python3.12/site-packages/airflow/example_dags/example_inlet_event_extra.py for tasks to queue
[2025-09-29T14:45:08.577+0000] {logging_mixin.py:190} INFO - [2025-09-29T14:45:08.577+0000] {dagbag.py:588} INFO - Filling up the DagBag from /home/airflow/.local/lib/python3.12/site-packages/airflow/example_dags/example_inlet_event_extra.py
[2025-09-29T14:45:08.658+0000] {processor.py:925} INFO - DAG(s) 'read_dataset_event', 'read_dataset_event_from_classic' retrieved from /home/airflow/.local/lib/python3.12/site-packages/airflow/example_dags/example_inlet_event_extra.py
[2025-09-29T14:45:08.670+0000] {logging_mixin.py:190} INFO - [2025-09-29T14:45:08.669+0000] {dag.py:3239} INFO - Sync 2 DAGs
[2025-09-29T14:45:08.680+0000] {logging_mixin.py:190} INFO - [2025-09-29T14:45:08.680+0000] {dag.py:4180} INFO - Setting next_dagrun for read_dataset_event to 2025-09-28 00:00:00+00:00, run_after=2025-09-29 00:00:00+00:00
[2025-09-29T14:45:08.685+0000] {logging_mixin.py:190} INFO - [2025-09-29T14:45:08.684+0000] {dag.py:4180} INFO - Setting next_dagrun for read_dataset_event_from_classic to 2025-09-28 00:00:00+00:00, run_after=2025-09-29 00:00:00+00:00
[2025-09-29T14:45:08.694+0000] {processor.py:208} INFO - Processing /home/airflow/.local/lib/python3.12/site-packages/airflow/example_dags/example_inlet_event_extra.py took 0.124 seconds
[2025-09-29T14:45:39.011+0000] {processor.py:186} INFO - Started process (PID=1496) to work on /home/airflow/.local/lib/python3.12/site-packages/airflow/example_dags/example_inlet_event_extra.py
[2025-09-29T14:45:39.011+0000] {processor.py:914} INFO - Processing file /home/airflow/.local/lib/python3.12/site-packages/airflow/example_dags/example_inlet_event_extra.py for tasks to queue
[2025-09-29T14:45:39.015+0000] {logging_mixin.py:190} INFO - [2025-09-29T14:45:39.015+0000] {dagbag.py:588} INFO - Filling up the DagBag from /home/airflow/.local/lib/python3.12/site-packages/airflow/example_dags/example_inlet_event_extra.py
[2025-09-29T14:45:39.090+0000] {processor.py:925} INFO - DAG(s) 'read_dataset_event', 'read_dataset_event_from_classic' retrieved from /home/airflow/.local/lib/python3.12/site-packages/airflow/example_dags/example_inlet_event_extra.py
[2025-09-29T14:45:39.102+0000] {logging_mixin.py:190} INFO - [2025-09-29T14:45:39.101+0000] {dag.py:3239} INFO - Sync 2 DAGs
[2025-09-29T14:45:39.115+0000] {logging_mixin.py:190} INFO - [2025-09-29T14:45:39.115+0000] {dag.py:4180} INFO - Setting next_dagrun for read_dataset_event to 2025-09-28 00:00:00+00:00, run_after=2025-09-29 00:00:00+00:00
[2025-09-29T14:45:39.120+0000] {logging_mixin.py:190} INFO - [2025-09-29T14:45:39.119+0000] {dag.py:4180} INFO - Setting next_dagrun for read_dataset_event_from_classic to 2025-09-28 00:00:00+00:00, run_after=2025-09-29 00:00:00+00:00
[2025-09-29T14:45:39.137+0000] {processor.py:208} INFO - Processing /home/airflow/.local/lib/python3.12/site-packages/airflow/example_dags/example_inlet_event_extra.py took 0.129 seconds
[2025-09-29T14:46:09.594+0000] {processor.py:186} INFO - Started process (PID=1560) to work on /home/airflow/.local/lib/python3.12/site-packages/airflow/example_dags/example_inlet_event_extra.py
[2025-09-29T14:46:09.595+0000] {processor.py:914} INFO - Processing file /home/airflow/.local/lib/python3.12/site-packages/airflow/example_dags/example_inlet_event_extra.py for tasks to queue
[2025-09-29T14:46:09.597+0000] {logging_mixin.py:190} INFO - [2025-09-29T14:46:09.597+0000] {dagbag.py:588} INFO - Filling up the DagBag from /home/airflow/.local/lib/python3.12/site-packages/airflow/example_dags/example_inlet_event_extra.py
[2025-09-29T14:46:09.672+0000] {processor.py:925} INFO - DAG(s) 'read_dataset_event', 'read_dataset_event_from_classic' retrieved from /home/airflow/.local/lib/python3.12/site-packages/airflow/example_dags/example_inlet_event_extra.py
[2025-09-29T14:46:09.686+0000] {logging_mixin.py:190} INFO - [2025-09-29T14:46:09.686+0000] {dag.py:3239} INFO - Sync 2 DAGs
[2025-09-29T14:46:09.701+0000] {logging_mixin.py:190} INFO - [2025-09-29T14:46:09.701+0000] {dag.py:4180} INFO - Setting next_dagrun for read_dataset_event to 2025-09-28 00:00:00+00:00, run_after=2025-09-29 00:00:00+00:00
[2025-09-29T14:46:09.709+0000] {logging_mixin.py:190} INFO - [2025-09-29T14:46:09.709+0000] {dag.py:4180} INFO - Setting next_dagrun for read_dataset_event_from_classic to 2025-09-28 00:00:00+00:00, run_after=2025-09-29 00:00:00+00:00
[2025-09-29T14:46:09.725+0000] {processor.py:208} INFO - Processing /home/airflow/.local/lib/python3.12/site-packages/airflow/example_dags/example_inlet_event_extra.py took 0.134 seconds
[2025-09-29T14:46:40.177+0000] {processor.py:186} INFO - Started process (PID=1624) to work on /home/airflow/.local/lib/python3.12/site-packages/airflow/example_dags/example_inlet_event_extra.py
[2025-09-29T14:46:40.181+0000] {processor.py:914} INFO - Processing file /home/airflow/.local/lib/python3.12/site-packages/airflow/example_dags/example_inlet_event_extra.py for tasks to queue
[2025-09-29T14:46:40.182+0000] {logging_mixin.py:190} INFO - [2025-09-29T14:46:40.182+0000] {dagbag.py:588} INFO - Filling up the DagBag from /home/airflow/.local/lib/python3.12/site-packages/airflow/example_dags/example_inlet_event_extra.py
[2025-09-29T14:46:40.259+0000] {processor.py:925} INFO - DAG(s) 'read_dataset_event', 'read_dataset_event_from_classic' retrieved from /home/airflow/.local/lib/python3.12/site-packages/airflow/example_dags/example_inlet_event_extra.py
[2025-09-29T14:46:40.270+0000] {logging_mixin.py:190} INFO - [2025-09-29T14:46:40.270+0000] {dag.py:3239} INFO - Sync 2 DAGs
[2025-09-29T14:46:40.282+0000] {logging_mixin.py:190} INFO - [2025-09-29T14:46:40.282+0000] {dag.py:4180} INFO - Setting next_dagrun for read_dataset_event to 2025-09-28 00:00:00+00:00, run_after=2025-09-29 00:00:00+00:00
[2025-09-29T14:46:40.286+0000] {logging_mixin.py:190} INFO - [2025-09-29T14:46:40.286+0000] {dag.py:4180} INFO - Setting next_dagrun for read_dataset_event_from_classic to 2025-09-28 00:00:00+00:00, run_after=2025-09-29 00:00:00+00:00
[2025-09-29T14:46:40.300+0000] {processor.py:208} INFO - Processing /home/airflow/.local/lib/python3.12/site-packages/airflow/example_dags/example_inlet_event_extra.py took 0.127 seconds
[2025-09-29T14:47:10.466+0000] {processor.py:186} INFO - Started process (PID=1689) to work on /home/airflow/.local/lib/python3.12/site-packages/airflow/example_dags/example_inlet_event_extra.py
[2025-09-29T14:47:10.468+0000] {processor.py:914} INFO - Processing file /home/airflow/.local/lib/python3.12/site-packages/airflow/example_dags/example_inlet_event_extra.py for tasks to queue
[2025-09-29T14:47:10.469+0000] {logging_mixin.py:190} INFO - [2025-09-29T14:47:10.469+0000] {dagbag.py:588} INFO - Filling up the DagBag from /home/airflow/.local/lib/python3.12/site-packages/airflow/example_dags/example_inlet_event_extra.py
[2025-09-29T14:47:10.547+0000] {processor.py:925} INFO - DAG(s) 'read_dataset_event_from_classic', 'read_dataset_event' retrieved from /home/airflow/.local/lib/python3.12/site-packages/airflow/example_dags/example_inlet_event_extra.py
[2025-09-29T14:47:10.565+0000] {logging_mixin.py:190} INFO - [2025-09-29T14:47:10.564+0000] {dag.py:3239} INFO - Sync 2 DAGs
[2025-09-29T14:47:10.586+0000] {logging_mixin.py:190} INFO - [2025-09-29T14:47:10.586+0000] {dag.py:4180} INFO - Setting next_dagrun for read_dataset_event to 2025-09-28 00:00:00+00:00, run_after=2025-09-29 00:00:00+00:00
[2025-09-29T14:47:10.590+0000] {logging_mixin.py:190} INFO - [2025-09-29T14:47:10.590+0000] {dag.py:4180} INFO - Setting next_dagrun for read_dataset_event_from_classic to 2025-09-28 00:00:00+00:00, run_after=2025-09-29 00:00:00+00:00
[2025-09-29T14:47:10.607+0000] {processor.py:208} INFO - Processing /home/airflow/.local/lib/python3.12/site-packages/airflow/example_dags/example_inlet_event_extra.py took 0.144 seconds
[2025-09-29T14:47:40.950+0000] {processor.py:186} INFO - Started process (PID=1752) to work on /home/airflow/.local/lib/python3.12/site-packages/airflow/example_dags/example_inlet_event_extra.py
[2025-09-29T14:47:40.951+0000] {processor.py:914} INFO - Processing file /home/airflow/.local/lib/python3.12/site-packages/airflow/example_dags/example_inlet_event_extra.py for tasks to queue
[2025-09-29T14:47:40.952+0000] {logging_mixin.py:190} INFO - [2025-09-29T14:47:40.952+0000] {dagbag.py:588} INFO - Filling up the DagBag from /home/airflow/.local/lib/python3.12/site-packages/airflow/example_dags/example_inlet_event_extra.py
[2025-09-29T14:47:41.028+0000] {processor.py:925} INFO - DAG(s) 'read_dataset_event', 'read_dataset_event_from_classic' retrieved from /home/airflow/.local/lib/python3.12/site-packages/airflow/example_dags/example_inlet_event_extra.py
[2025-09-29T14:47:41.039+0000] {logging_mixin.py:190} INFO - [2025-09-29T14:47:41.039+0000] {dag.py:3239} INFO - Sync 2 DAGs
[2025-09-29T14:47:41.052+0000] {logging_mixin.py:190} INFO - [2025-09-29T14:47:41.051+0000] {dag.py:4180} INFO - Setting next_dagrun for read_dataset_event to 2025-09-28 00:00:00+00:00, run_after=2025-09-29 00:00:00+00:00
[2025-09-29T14:47:41.055+0000] {logging_mixin.py:190} INFO - [2025-09-29T14:47:41.055+0000] {dag.py:4180} INFO - Setting next_dagrun for read_dataset_event_from_classic to 2025-09-28 00:00:00+00:00, run_after=2025-09-29 00:00:00+00:00
[2025-09-29T14:47:41.068+0000] {processor.py:208} INFO - Processing /home/airflow/.local/lib/python3.12/site-packages/airflow/example_dags/example_inlet_event_extra.py took 0.121 seconds
[2025-09-29T14:48:11.307+0000] {processor.py:186} INFO - Started process (PID=1816) to work on /home/airflow/.local/lib/python3.12/site-packages/airflow/example_dags/example_inlet_event_extra.py
[2025-09-29T14:48:11.307+0000] {processor.py:914} INFO - Processing file /home/airflow/.local/lib/python3.12/site-packages/airflow/example_dags/example_inlet_event_extra.py for tasks to queue
[2025-09-29T14:48:11.310+0000] {logging_mixin.py:190} INFO - [2025-09-29T14:48:11.309+0000] {dagbag.py:588} INFO - Filling up the DagBag from /home/airflow/.local/lib/python3.12/site-packages/airflow/example_dags/example_inlet_event_extra.py
[2025-09-29T14:48:11.381+0000] {processor.py:925} INFO - DAG(s) 'read_dataset_event_from_classic', 'read_dataset_event' retrieved from /home/airflow/.local/lib/python3.12/site-packages/airflow/example_dags/example_inlet_event_extra.py
[2025-09-29T14:48:11.393+0000] {logging_mixin.py:190} INFO - [2025-09-29T14:48:11.392+0000] {dag.py:3239} INFO - Sync 2 DAGs
[2025-09-29T14:48:11.404+0000] {logging_mixin.py:190} INFO - [2025-09-29T14:48:11.404+0000] {dag.py:4180} INFO - Setting next_dagrun for read_dataset_event to 2025-09-28 00:00:00+00:00, run_after=2025-09-29 00:00:00+00:00
[2025-09-29T14:48:11.407+0000] {logging_mixin.py:190} INFO - [2025-09-29T14:48:11.407+0000] {dag.py:4180} INFO - Setting next_dagrun for read_dataset_event_from_classic to 2025-09-28 00:00:00+00:00, run_after=2025-09-29 00:00:00+00:00
[2025-09-29T14:48:11.419+0000] {processor.py:208} INFO - Processing /home/airflow/.local/lib/python3.12/site-packages/airflow/example_dags/example_inlet_event_extra.py took 0.116 seconds
[2025-09-29T14:48:41.656+0000] {processor.py:186} INFO - Started process (PID=1880) to work on /home/airflow/.local/lib/python3.12/site-packages/airflow/example_dags/example_inlet_event_extra.py
[2025-09-29T14:48:41.660+0000] {processor.py:914} INFO - Processing file /home/airflow/.local/lib/python3.12/site-packages/airflow/example_dags/example_inlet_event_extra.py for tasks to queue
[2025-09-29T14:48:41.661+0000] {logging_mixin.py:190} INFO - [2025-09-29T14:48:41.661+0000] {dagbag.py:588} INFO - Filling up the DagBag from /home/airflow/.local/lib/python3.12/site-packages/airflow/example_dags/example_inlet_event_extra.py
[2025-09-29T14:48:41.732+0000] {processor.py:925} INFO - DAG(s) 'read_dataset_event_from_classic', 'read_dataset_event' retrieved from /home/airflow/.local/lib/python3.12/site-packages/airflow/example_dags/example_inlet_event_extra.py
[2025-09-29T14:48:41.745+0000] {logging_mixin.py:190} INFO - [2025-09-29T14:48:41.745+0000] {dag.py:3239} INFO - Sync 2 DAGs
[2025-09-29T14:48:41.756+0000] {logging_mixin.py:190} INFO - [2025-09-29T14:48:41.756+0000] {dag.py:4180} INFO - Setting next_dagrun for read_dataset_event to 2025-09-28 00:00:00+00:00, run_after=2025-09-29 00:00:00+00:00
[2025-09-29T14:48:41.758+0000] {logging_mixin.py:190} INFO - [2025-09-29T14:48:41.758+0000] {dag.py:4180} INFO - Setting next_dagrun for read_dataset_event_from_classic to 2025-09-28 00:00:00+00:00, run_after=2025-09-29 00:00:00+00:00
[2025-09-29T14:48:41.768+0000] {processor.py:208} INFO - Processing /home/airflow/.local/lib/python3.12/site-packages/airflow/example_dags/example_inlet_event_extra.py took 0.115 seconds
[2025-09-29T14:49:11.854+0000] {processor.py:186} INFO - Started process (PID=1944) to work on /home/airflow/.local/lib/python3.12/site-packages/airflow/example_dags/example_inlet_event_extra.py
[2025-09-29T14:49:11.854+0000] {processor.py:914} INFO - Processing file /home/airflow/.local/lib/python3.12/site-packages/airflow/example_dags/example_inlet_event_extra.py for tasks to queue
[2025-09-29T14:49:11.856+0000] {logging_mixin.py:190} INFO - [2025-09-29T14:49:11.856+0000] {dagbag.py:588} INFO - Filling up the DagBag from /home/airflow/.local/lib/python3.12/site-packages/airflow/example_dags/example_inlet_event_extra.py
[2025-09-29T14:49:11.947+0000] {processor.py:925} INFO - DAG(s) 'read_dataset_event_from_classic', 'read_dataset_event' retrieved from /home/airflow/.local/lib/python3.12/site-packages/airflow/example_dags/example_inlet_event_extra.py
[2025-09-29T14:49:11.962+0000] {logging_mixin.py:190} INFO - [2025-09-29T14:49:11.961+0000] {dag.py:3239} INFO - Sync 2 DAGs
[2025-09-29T14:49:11.974+0000] {logging_mixin.py:190} INFO - [2025-09-29T14:49:11.973+0000] {dag.py:4180} INFO - Setting next_dagrun for read_dataset_event to 2025-09-28 00:00:00+00:00, run_after=2025-09-29 00:00:00+00:00
[2025-09-29T14:49:11.976+0000] {logging_mixin.py:190} INFO - [2025-09-29T14:49:11.976+0000] {dag.py:4180} INFO - Setting next_dagrun for read_dataset_event_from_classic to 2025-09-28 00:00:00+00:00, run_after=2025-09-29 00:00:00+00:00
[2025-09-29T14:49:11.987+0000] {processor.py:208} INFO - Processing /home/airflow/.local/lib/python3.12/site-packages/airflow/example_dags/example_inlet_event_extra.py took 0.136 seconds
[2025-09-29T14:49:42.364+0000] {processor.py:186} INFO - Started process (PID=2008) to work on /home/airflow/.local/lib/python3.12/site-packages/airflow/example_dags/example_inlet_event_extra.py
[2025-09-29T14:49:42.368+0000] {processor.py:914} INFO - Processing file /home/airflow/.local/lib/python3.12/site-packages/airflow/example_dags/example_inlet_event_extra.py for tasks to queue
[2025-09-29T14:49:42.370+0000] {logging_mixin.py:190} INFO - [2025-09-29T14:49:42.369+0000] {dagbag.py:588} INFO - Filling up the DagBag from /home/airflow/.local/lib/python3.12/site-packages/airflow/example_dags/example_inlet_event_extra.py
[2025-09-29T14:49:42.444+0000] {processor.py:925} INFO - DAG(s) 'read_dataset_event_from_classic', 'read_dataset_event' retrieved from /home/airflow/.local/lib/python3.12/site-packages/airflow/example_dags/example_inlet_event_extra.py
[2025-09-29T14:49:42.456+0000] {logging_mixin.py:190} INFO - [2025-09-29T14:49:42.456+0000] {dag.py:3239} INFO - Sync 2 DAGs
[2025-09-29T14:49:42.469+0000] {logging_mixin.py:190} INFO - [2025-09-29T14:49:42.469+0000] {dag.py:4180} INFO - Setting next_dagrun for read_dataset_event to 2025-09-28 00:00:00+00:00, run_after=2025-09-29 00:00:00+00:00
[2025-09-29T14:49:42.472+0000] {logging_mixin.py:190} INFO - [2025-09-29T14:49:42.472+0000] {dag.py:4180} INFO - Setting next_dagrun for read_dataset_event_from_classic to 2025-09-28 00:00:00+00:00, run_after=2025-09-29 00:00:00+00:00
[2025-09-29T14:49:42.487+0000] {processor.py:208} INFO - Processing /home/airflow/.local/lib/python3.12/site-packages/airflow/example_dags/example_inlet_event_extra.py took 0.126 seconds
[2025-09-29T14:50:12.663+0000] {processor.py:186} INFO - Started process (PID=2072) to work on /home/airflow/.local/lib/python3.12/site-packages/airflow/example_dags/example_inlet_event_extra.py
[2025-09-29T14:50:12.664+0000] {processor.py:914} INFO - Processing file /home/airflow/.local/lib/python3.12/site-packages/airflow/example_dags/example_inlet_event_extra.py for tasks to queue
[2025-09-29T14:50:12.666+0000] {logging_mixin.py:190} INFO - [2025-09-29T14:50:12.666+0000] {dagbag.py:588} INFO - Filling up the DagBag from /home/airflow/.local/lib/python3.12/site-packages/airflow/example_dags/example_inlet_event_extra.py
[2025-09-29T14:50:12.743+0000] {processor.py:925} INFO - DAG(s) 'read_dataset_event_from_classic', 'read_dataset_event' retrieved from /home/airflow/.local/lib/python3.12/site-packages/airflow/example_dags/example_inlet_event_extra.py
[2025-09-29T14:50:12.755+0000] {logging_mixin.py:190} INFO - [2025-09-29T14:50:12.755+0000] {dag.py:3239} INFO - Sync 2 DAGs
[2025-09-29T14:50:12.768+0000] {logging_mixin.py:190} INFO - [2025-09-29T14:50:12.768+0000] {dag.py:4180} INFO - Setting next_dagrun for read_dataset_event to 2025-09-28 00:00:00+00:00, run_after=2025-09-29 00:00:00+00:00
[2025-09-29T14:50:12.772+0000] {logging_mixin.py:190} INFO - [2025-09-29T14:50:12.772+0000] {dag.py:4180} INFO - Setting next_dagrun for read_dataset_event_from_classic to 2025-09-28 00:00:00+00:00, run_after=2025-09-29 00:00:00+00:00
[2025-09-29T14:50:12.786+0000] {processor.py:208} INFO - Processing /home/airflow/.local/lib/python3.12/site-packages/airflow/example_dags/example_inlet_event_extra.py took 0.126 seconds
[2025-09-29T14:50:42.998+0000] {processor.py:186} INFO - Started process (PID=2136) to work on /home/airflow/.local/lib/python3.12/site-packages/airflow/example_dags/example_inlet_event_extra.py
[2025-09-29T14:50:42.999+0000] {processor.py:914} INFO - Processing file /home/airflow/.local/lib/python3.12/site-packages/airflow/example_dags/example_inlet_event_extra.py for tasks to queue
[2025-09-29T14:50:43.001+0000] {logging_mixin.py:190} INFO - [2025-09-29T14:50:43.000+0000] {dagbag.py:588} INFO - Filling up the DagBag from /home/airflow/.local/lib/python3.12/site-packages/airflow/example_dags/example_inlet_event_extra.py
[2025-09-29T14:50:43.076+0000] {processor.py:925} INFO - DAG(s) 'read_dataset_event', 'read_dataset_event_from_classic' retrieved from /home/airflow/.local/lib/python3.12/site-packages/airflow/example_dags/example_inlet_event_extra.py
[2025-09-29T14:50:43.088+0000] {logging_mixin.py:190} INFO - [2025-09-29T14:50:43.087+0000] {dag.py:3239} INFO - Sync 2 DAGs
[2025-09-29T14:50:43.104+0000] {logging_mixin.py:190} INFO - [2025-09-29T14:50:43.104+0000] {dag.py:4180} INFO - Setting next_dagrun for read_dataset_event to 2025-09-28 00:00:00+00:00, run_after=2025-09-29 00:00:00+00:00
[2025-09-29T14:50:43.107+0000] {logging_mixin.py:190} INFO - [2025-09-29T14:50:43.107+0000] {dag.py:4180} INFO - Setting next_dagrun for read_dataset_event_from_classic to 2025-09-28 00:00:00+00:00, run_after=2025-09-29 00:00:00+00:00
[2025-09-29T14:50:43.121+0000] {processor.py:208} INFO - Processing /home/airflow/.local/lib/python3.12/site-packages/airflow/example_dags/example_inlet_event_extra.py took 0.126 seconds
[2025-09-29T14:51:13.217+0000] {processor.py:186} INFO - Started process (PID=2200) to work on /home/airflow/.local/lib/python3.12/site-packages/airflow/example_dags/example_inlet_event_extra.py
[2025-09-29T14:51:13.218+0000] {processor.py:914} INFO - Processing file /home/airflow/.local/lib/python3.12/site-packages/airflow/example_dags/example_inlet_event_extra.py for tasks to queue
[2025-09-29T14:51:13.219+0000] {logging_mixin.py:190} INFO - [2025-09-29T14:51:13.219+0000] {dagbag.py:588} INFO - Filling up the DagBag from /home/airflow/.local/lib/python3.12/site-packages/airflow/example_dags/example_inlet_event_extra.py
[2025-09-29T14:51:13.293+0000] {processor.py:925} INFO - DAG(s) 'read_dataset_event', 'read_dataset_event_from_classic' retrieved from /home/airflow/.local/lib/python3.12/site-packages/airflow/example_dags/example_inlet_event_extra.py
[2025-09-29T14:51:13.307+0000] {logging_mixin.py:190} INFO - [2025-09-29T14:51:13.307+0000] {dag.py:3239} INFO - Sync 2 DAGs
[2025-09-29T14:51:13.319+0000] {logging_mixin.py:190} INFO - [2025-09-29T14:51:13.318+0000] {dag.py:4180} INFO - Setting next_dagrun for read_dataset_event to 2025-09-28 00:00:00+00:00, run_after=2025-09-29 00:00:00+00:00
[2025-09-29T14:51:13.322+0000] {logging_mixin.py:190} INFO - [2025-09-29T14:51:13.322+0000] {dag.py:4180} INFO - Setting next_dagrun for read_dataset_event_from_classic to 2025-09-28 00:00:00+00:00, run_after=2025-09-29 00:00:00+00:00
[2025-09-29T14:51:13.332+0000] {processor.py:208} INFO - Processing /home/airflow/.local/lib/python3.12/site-packages/airflow/example_dags/example_inlet_event_extra.py took 0.118 seconds
[2025-09-29T14:51:43.556+0000] {processor.py:186} INFO - Started process (PID=2264) to work on /home/airflow/.local/lib/python3.12/site-packages/airflow/example_dags/example_inlet_event_extra.py
[2025-09-29T14:51:43.559+0000] {processor.py:914} INFO - Processing file /home/airflow/.local/lib/python3.12/site-packages/airflow/example_dags/example_inlet_event_extra.py for tasks to queue
[2025-09-29T14:51:43.560+0000] {logging_mixin.py:190} INFO - [2025-09-29T14:51:43.560+0000] {dagbag.py:588} INFO - Filling up the DagBag from /home/airflow/.local/lib/python3.12/site-packages/airflow/example_dags/example_inlet_event_extra.py
[2025-09-29T14:51:43.629+0000] {processor.py:925} INFO - DAG(s) 'read_dataset_event_from_classic', 'read_dataset_event' retrieved from /home/airflow/.local/lib/python3.12/site-packages/airflow/example_dags/example_inlet_event_extra.py
[2025-09-29T14:51:43.642+0000] {logging_mixin.py:190} INFO - [2025-09-29T14:51:43.642+0000] {dag.py:3239} INFO - Sync 2 DAGs
[2025-09-29T14:51:43.653+0000] {logging_mixin.py:190} INFO - [2025-09-29T14:51:43.653+0000] {dag.py:4180} INFO - Setting next_dagrun for read_dataset_event to 2025-09-28 00:00:00+00:00, run_after=2025-09-29 00:00:00+00:00
[2025-09-29T14:51:43.656+0000] {logging_mixin.py:190} INFO - [2025-09-29T14:51:43.655+0000] {dag.py:4180} INFO - Setting next_dagrun for read_dataset_event_from_classic to 2025-09-28 00:00:00+00:00, run_after=2025-09-29 00:00:00+00:00
[2025-09-29T14:51:43.666+0000] {processor.py:208} INFO - Processing /home/airflow/.local/lib/python3.12/site-packages/airflow/example_dags/example_inlet_event_extra.py took 0.114 seconds
[2025-09-29T14:52:13.873+0000] {processor.py:186} INFO - Started process (PID=2327) to work on /home/airflow/.local/lib/python3.12/site-packages/airflow/example_dags/example_inlet_event_extra.py
[2025-09-29T14:52:13.874+0000] {processor.py:914} INFO - Processing file /home/airflow/.local/lib/python3.12/site-packages/airflow/example_dags/example_inlet_event_extra.py for tasks to queue
[2025-09-29T14:52:13.875+0000] {logging_mixin.py:190} INFO - [2025-09-29T14:52:13.875+0000] {dagbag.py:588} INFO - Filling up the DagBag from /home/airflow/.local/lib/python3.12/site-packages/airflow/example_dags/example_inlet_event_extra.py
[2025-09-29T14:52:13.948+0000] {processor.py:925} INFO - DAG(s) 'read_dataset_event', 'read_dataset_event_from_classic' retrieved from /home/airflow/.local/lib/python3.12/site-packages/airflow/example_dags/example_inlet_event_extra.py
[2025-09-29T14:52:13.962+0000] {logging_mixin.py:190} INFO - [2025-09-29T14:52:13.962+0000] {dag.py:3239} INFO - Sync 2 DAGs
[2025-09-29T14:52:13.977+0000] {logging_mixin.py:190} INFO - [2025-09-29T14:52:13.977+0000] {dag.py:4180} INFO - Setting next_dagrun for read_dataset_event to 2025-09-28 00:00:00+00:00, run_after=2025-09-29 00:00:00+00:00
[2025-09-29T14:52:13.982+0000] {logging_mixin.py:190} INFO - [2025-09-29T14:52:13.981+0000] {dag.py:4180} INFO - Setting next_dagrun for read_dataset_event_from_classic to 2025-09-28 00:00:00+00:00, run_after=2025-09-29 00:00:00+00:00
[2025-09-29T14:52:13.992+0000] {processor.py:208} INFO - Processing /home/airflow/.local/lib/python3.12/site-packages/airflow/example_dags/example_inlet_event_extra.py took 0.123 seconds
[2025-09-29T14:52:44.085+0000] {processor.py:186} INFO - Started process (PID=2390) to work on /home/airflow/.local/lib/python3.12/site-packages/airflow/example_dags/example_inlet_event_extra.py
[2025-09-29T14:52:44.086+0000] {processor.py:914} INFO - Processing file /home/airflow/.local/lib/python3.12/site-packages/airflow/example_dags/example_inlet_event_extra.py for tasks to queue
[2025-09-29T14:52:44.087+0000] {logging_mixin.py:190} INFO - [2025-09-29T14:52:44.086+0000] {dagbag.py:588} INFO - Filling up the DagBag from /home/airflow/.local/lib/python3.12/site-packages/airflow/example_dags/example_inlet_event_extra.py
[2025-09-29T14:52:44.157+0000] {processor.py:925} INFO - DAG(s) 'read_dataset_event', 'read_dataset_event_from_classic' retrieved from /home/airflow/.local/lib/python3.12/site-packages/airflow/example_dags/example_inlet_event_extra.py
[2025-09-29T14:52:44.172+0000] {logging_mixin.py:190} INFO - [2025-09-29T14:52:44.172+0000] {dag.py:3239} INFO - Sync 2 DAGs
[2025-09-29T14:52:44.185+0000] {logging_mixin.py:190} INFO - [2025-09-29T14:52:44.185+0000] {dag.py:4180} INFO - Setting next_dagrun for read_dataset_event to 2025-09-28 00:00:00+00:00, run_after=2025-09-29 00:00:00+00:00
[2025-09-29T14:52:44.191+0000] {logging_mixin.py:190} INFO - [2025-09-29T14:52:44.191+0000] {dag.py:4180} INFO - Setting next_dagrun for read_dataset_event_from_classic to 2025-09-28 00:00:00+00:00, run_after=2025-09-29 00:00:00+00:00
[2025-09-29T14:52:44.201+0000] {processor.py:208} INFO - Processing /home/airflow/.local/lib/python3.12/site-packages/airflow/example_dags/example_inlet_event_extra.py took 0.119 seconds
[2025-09-29T14:53:14.255+0000] {processor.py:186} INFO - Started process (PID=2453) to work on /home/airflow/.local/lib/python3.12/site-packages/airflow/example_dags/example_inlet_event_extra.py
[2025-09-29T14:53:14.256+0000] {processor.py:914} INFO - Processing file /home/airflow/.local/lib/python3.12/site-packages/airflow/example_dags/example_inlet_event_extra.py for tasks to queue
[2025-09-29T14:53:14.257+0000] {logging_mixin.py:190} INFO - [2025-09-29T14:53:14.256+0000] {dagbag.py:588} INFO - Filling up the DagBag from /home/airflow/.local/lib/python3.12/site-packages/airflow/example_dags/example_inlet_event_extra.py
[2025-09-29T14:53:14.327+0000] {processor.py:925} INFO - DAG(s) 'read_dataset_event_from_classic', 'read_dataset_event' retrieved from /home/airflow/.local/lib/python3.12/site-packages/airflow/example_dags/example_inlet_event_extra.py
[2025-09-29T14:53:14.339+0000] {logging_mixin.py:190} INFO - [2025-09-29T14:53:14.339+0000] {dag.py:3239} INFO - Sync 2 DAGs
[2025-09-29T14:53:14.352+0000] {logging_mixin.py:190} INFO - [2025-09-29T14:53:14.352+0000] {dag.py:4180} INFO - Setting next_dagrun for read_dataset_event to 2025-09-28 00:00:00+00:00, run_after=2025-09-29 00:00:00+00:00
[2025-09-29T14:53:14.357+0000] {logging_mixin.py:190} INFO - [2025-09-29T14:53:14.357+0000] {dag.py:4180} INFO - Setting next_dagrun for read_dataset_event_from_classic to 2025-09-28 00:00:00+00:00, run_after=2025-09-29 00:00:00+00:00
[2025-09-29T14:53:14.368+0000] {processor.py:208} INFO - Processing /home/airflow/.local/lib/python3.12/site-packages/airflow/example_dags/example_inlet_event_extra.py took 0.116 seconds
[2025-09-29T14:53:44.518+0000] {processor.py:186} INFO - Started process (PID=2516) to work on /home/airflow/.local/lib/python3.12/site-packages/airflow/example_dags/example_inlet_event_extra.py
[2025-09-29T14:53:44.519+0000] {processor.py:914} INFO - Processing file /home/airflow/.local/lib/python3.12/site-packages/airflow/example_dags/example_inlet_event_extra.py for tasks to queue
[2025-09-29T14:53:44.520+0000] {logging_mixin.py:190} INFO - [2025-09-29T14:53:44.520+0000] {dagbag.py:588} INFO - Filling up the DagBag from /home/airflow/.local/lib/python3.12/site-packages/airflow/example_dags/example_inlet_event_extra.py
[2025-09-29T14:53:44.590+0000] {processor.py:925} INFO - DAG(s) 'read_dataset_event', 'read_dataset_event_from_classic' retrieved from /home/airflow/.local/lib/python3.12/site-packages/airflow/example_dags/example_inlet_event_extra.py
[2025-09-29T14:53:44.601+0000] {logging_mixin.py:190} INFO - [2025-09-29T14:53:44.601+0000] {dag.py:3239} INFO - Sync 2 DAGs
[2025-09-29T14:53:44.615+0000] {logging_mixin.py:190} INFO - [2025-09-29T14:53:44.615+0000] {dag.py:4180} INFO - Setting next_dagrun for read_dataset_event to 2025-09-28 00:00:00+00:00, run_after=2025-09-29 00:00:00+00:00
[2025-09-29T14:53:44.622+0000] {logging_mixin.py:190} INFO - [2025-09-29T14:53:44.622+0000] {dag.py:4180} INFO - Setting next_dagrun for read_dataset_event_from_classic to 2025-09-28 00:00:00+00:00, run_after=2025-09-29 00:00:00+00:00
[2025-09-29T14:53:44.740+0000] {processor.py:208} INFO - Processing /home/airflow/.local/lib/python3.12/site-packages/airflow/example_dags/example_inlet_event_extra.py took 0.225 seconds
[2025-09-29T14:54:14.797+0000] {processor.py:186} INFO - Started process (PID=2581) to work on /home/airflow/.local/lib/python3.12/site-packages/airflow/example_dags/example_inlet_event_extra.py
[2025-09-29T14:54:14.798+0000] {processor.py:914} INFO - Processing file /home/airflow/.local/lib/python3.12/site-packages/airflow/example_dags/example_inlet_event_extra.py for tasks to queue
[2025-09-29T14:54:14.799+0000] {logging_mixin.py:190} INFO - [2025-09-29T14:54:14.798+0000] {dagbag.py:588} INFO - Filling up the DagBag from /home/airflow/.local/lib/python3.12/site-packages/airflow/example_dags/example_inlet_event_extra.py
[2025-09-29T14:54:14.872+0000] {processor.py:925} INFO - DAG(s) 'read_dataset_event', 'read_dataset_event_from_classic' retrieved from /home/airflow/.local/lib/python3.12/site-packages/airflow/example_dags/example_inlet_event_extra.py
[2025-09-29T14:54:14.886+0000] {logging_mixin.py:190} INFO - [2025-09-29T14:54:14.886+0000] {dag.py:3239} INFO - Sync 2 DAGs
[2025-09-29T14:54:14.898+0000] {logging_mixin.py:190} INFO - [2025-09-29T14:54:14.898+0000] {dag.py:4180} INFO - Setting next_dagrun for read_dataset_event to 2025-09-28 00:00:00+00:00, run_after=2025-09-29 00:00:00+00:00
[2025-09-29T14:54:14.901+0000] {logging_mixin.py:190} INFO - [2025-09-29T14:54:14.901+0000] {dag.py:4180} INFO - Setting next_dagrun for read_dataset_event_from_classic to 2025-09-28 00:00:00+00:00, run_after=2025-09-29 00:00:00+00:00
[2025-09-29T14:54:15.019+0000] {processor.py:208} INFO - Processing /home/airflow/.local/lib/python3.12/site-packages/airflow/example_dags/example_inlet_event_extra.py took 0.224 seconds
[2025-09-29T14:54:45.082+0000] {processor.py:186} INFO - Started process (PID=2644) to work on /home/airflow/.local/lib/python3.12/site-packages/airflow/example_dags/example_inlet_event_extra.py
[2025-09-29T14:54:45.085+0000] {processor.py:914} INFO - Processing file /home/airflow/.local/lib/python3.12/site-packages/airflow/example_dags/example_inlet_event_extra.py for tasks to queue
[2025-09-29T14:54:45.087+0000] {logging_mixin.py:190} INFO - [2025-09-29T14:54:45.087+0000] {dagbag.py:588} INFO - Filling up the DagBag from /home/airflow/.local/lib/python3.12/site-packages/airflow/example_dags/example_inlet_event_extra.py
[2025-09-29T14:54:45.155+0000] {processor.py:925} INFO - DAG(s) 'read_dataset_event_from_classic', 'read_dataset_event' retrieved from /home/airflow/.local/lib/python3.12/site-packages/airflow/example_dags/example_inlet_event_extra.py
[2025-09-29T14:54:45.167+0000] {logging_mixin.py:190} INFO - [2025-09-29T14:54:45.167+0000] {dag.py:3239} INFO - Sync 2 DAGs
[2025-09-29T14:54:45.178+0000] {logging_mixin.py:190} INFO - [2025-09-29T14:54:45.178+0000] {dag.py:4180} INFO - Setting next_dagrun for read_dataset_event to 2025-09-28 00:00:00+00:00, run_after=2025-09-29 00:00:00+00:00
[2025-09-29T14:54:45.186+0000] {logging_mixin.py:190} INFO - [2025-09-29T14:54:45.186+0000] {dag.py:4180} INFO - Setting next_dagrun for read_dataset_event_from_classic to 2025-09-28 00:00:00+00:00, run_after=2025-09-29 00:00:00+00:00
[2025-09-29T14:54:45.304+0000] {processor.py:208} INFO - Processing /home/airflow/.local/lib/python3.12/site-packages/airflow/example_dags/example_inlet_event_extra.py took 0.228 seconds
[2025-09-29T14:55:15.512+0000] {processor.py:186} INFO - Started process (PID=2707) to work on /home/airflow/.local/lib/python3.12/site-packages/airflow/example_dags/example_inlet_event_extra.py
[2025-09-29T14:55:15.512+0000] {processor.py:914} INFO - Processing file /home/airflow/.local/lib/python3.12/site-packages/airflow/example_dags/example_inlet_event_extra.py for tasks to queue
[2025-09-29T14:55:15.514+0000] {logging_mixin.py:190} INFO - [2025-09-29T14:55:15.514+0000] {dagbag.py:588} INFO - Filling up the DagBag from /home/airflow/.local/lib/python3.12/site-packages/airflow/example_dags/example_inlet_event_extra.py
[2025-09-29T14:55:15.581+0000] {processor.py:925} INFO - DAG(s) 'read_dataset_event_from_classic', 'read_dataset_event' retrieved from /home/airflow/.local/lib/python3.12/site-packages/airflow/example_dags/example_inlet_event_extra.py
[2025-09-29T14:55:15.598+0000] {logging_mixin.py:190} INFO - [2025-09-29T14:55:15.598+0000] {dag.py:3239} INFO - Sync 2 DAGs
[2025-09-29T14:55:15.614+0000] {logging_mixin.py:190} INFO - [2025-09-29T14:55:15.614+0000] {dag.py:4180} INFO - Setting next_dagrun for read_dataset_event to 2025-09-28 00:00:00+00:00, run_after=2025-09-29 00:00:00+00:00
[2025-09-29T14:55:15.621+0000] {logging_mixin.py:190} INFO - [2025-09-29T14:55:15.620+0000] {dag.py:4180} INFO - Setting next_dagrun for read_dataset_event_from_classic to 2025-09-28 00:00:00+00:00, run_after=2025-09-29 00:00:00+00:00
[2025-09-29T14:55:15.752+0000] {processor.py:208} INFO - Processing /home/airflow/.local/lib/python3.12/site-packages/airflow/example_dags/example_inlet_event_extra.py took 0.243 seconds
[2025-09-29T14:55:45.961+0000] {processor.py:186} INFO - Started process (PID=2769) to work on /home/airflow/.local/lib/python3.12/site-packages/airflow/example_dags/example_inlet_event_extra.py
[2025-09-29T14:55:45.962+0000] {processor.py:914} INFO - Processing file /home/airflow/.local/lib/python3.12/site-packages/airflow/example_dags/example_inlet_event_extra.py for tasks to queue
[2025-09-29T14:55:45.962+0000] {logging_mixin.py:190} INFO - [2025-09-29T14:55:45.962+0000] {dagbag.py:588} INFO - Filling up the DagBag from /home/airflow/.local/lib/python3.12/site-packages/airflow/example_dags/example_inlet_event_extra.py
[2025-09-29T14:55:46.037+0000] {processor.py:925} INFO - DAG(s) 'read_dataset_event', 'read_dataset_event_from_classic' retrieved from /home/airflow/.local/lib/python3.12/site-packages/airflow/example_dags/example_inlet_event_extra.py
[2025-09-29T14:55:46.051+0000] {logging_mixin.py:190} INFO - [2025-09-29T14:55:46.051+0000] {dag.py:3239} INFO - Sync 2 DAGs
[2025-09-29T14:55:46.064+0000] {logging_mixin.py:190} INFO - [2025-09-29T14:55:46.064+0000] {dag.py:4180} INFO - Setting next_dagrun for read_dataset_event to 2025-09-28 00:00:00+00:00, run_after=2025-09-29 00:00:00+00:00
[2025-09-29T14:55:46.067+0000] {logging_mixin.py:190} INFO - [2025-09-29T14:55:46.067+0000] {dag.py:4180} INFO - Setting next_dagrun for read_dataset_event_from_classic to 2025-09-28 00:00:00+00:00, run_after=2025-09-29 00:00:00+00:00
[2025-09-29T14:55:46.188+0000] {processor.py:208} INFO - Processing /home/airflow/.local/lib/python3.12/site-packages/airflow/example_dags/example_inlet_event_extra.py took 0.230 seconds
[2025-09-29T14:56:16.536+0000] {processor.py:186} INFO - Started process (PID=2830) to work on /home/airflow/.local/lib/python3.12/site-packages/airflow/example_dags/example_inlet_event_extra.py
[2025-09-29T14:56:16.536+0000] {processor.py:914} INFO - Processing file /home/airflow/.local/lib/python3.12/site-packages/airflow/example_dags/example_inlet_event_extra.py for tasks to queue
[2025-09-29T14:56:16.537+0000] {logging_mixin.py:190} INFO - [2025-09-29T14:56:16.537+0000] {dagbag.py:588} INFO - Filling up the DagBag from /home/airflow/.local/lib/python3.12/site-packages/airflow/example_dags/example_inlet_event_extra.py
[2025-09-29T14:56:16.610+0000] {processor.py:925} INFO - DAG(s) 'read_dataset_event', 'read_dataset_event_from_classic' retrieved from /home/airflow/.local/lib/python3.12/site-packages/airflow/example_dags/example_inlet_event_extra.py
[2025-09-29T14:56:16.622+0000] {logging_mixin.py:190} INFO - [2025-09-29T14:56:16.622+0000] {dag.py:3239} INFO - Sync 2 DAGs
[2025-09-29T14:56:16.634+0000] {logging_mixin.py:190} INFO - [2025-09-29T14:56:16.634+0000] {dag.py:4180} INFO - Setting next_dagrun for read_dataset_event to 2025-09-28 00:00:00+00:00, run_after=2025-09-29 00:00:00+00:00
[2025-09-29T14:56:16.638+0000] {logging_mixin.py:190} INFO - [2025-09-29T14:56:16.637+0000] {dag.py:4180} INFO - Setting next_dagrun for read_dataset_event_from_classic to 2025-09-28 00:00:00+00:00, run_after=2025-09-29 00:00:00+00:00
[2025-09-29T14:56:16.752+0000] {processor.py:208} INFO - Processing /home/airflow/.local/lib/python3.12/site-packages/airflow/example_dags/example_inlet_event_extra.py took 0.220 seconds
[2025-09-29T14:56:46.998+0000] {processor.py:186} INFO - Started process (PID=2893) to work on /home/airflow/.local/lib/python3.12/site-packages/airflow/example_dags/example_inlet_event_extra.py
[2025-09-29T14:56:46.999+0000] {processor.py:914} INFO - Processing file /home/airflow/.local/lib/python3.12/site-packages/airflow/example_dags/example_inlet_event_extra.py for tasks to queue
[2025-09-29T14:56:47.000+0000] {logging_mixin.py:190} INFO - [2025-09-29T14:56:46.999+0000] {dagbag.py:588} INFO - Filling up the DagBag from /home/airflow/.local/lib/python3.12/site-packages/airflow/example_dags/example_inlet_event_extra.py
[2025-09-29T14:56:47.077+0000] {processor.py:925} INFO - DAG(s) 'read_dataset_event', 'read_dataset_event_from_classic' retrieved from /home/airflow/.local/lib/python3.12/site-packages/airflow/example_dags/example_inlet_event_extra.py
[2025-09-29T14:56:47.090+0000] {logging_mixin.py:190} INFO - [2025-09-29T14:56:47.090+0000] {dag.py:3239} INFO - Sync 2 DAGs
[2025-09-29T14:56:47.103+0000] {logging_mixin.py:190} INFO - [2025-09-29T14:56:47.103+0000] {dag.py:4180} INFO - Setting next_dagrun for read_dataset_event to 2025-09-28 00:00:00+00:00, run_after=2025-09-29 00:00:00+00:00
[2025-09-29T14:56:47.106+0000] {logging_mixin.py:190} INFO - [2025-09-29T14:56:47.106+0000] {dag.py:4180} INFO - Setting next_dagrun for read_dataset_event_from_classic to 2025-09-28 00:00:00+00:00, run_after=2025-09-29 00:00:00+00:00
[2025-09-29T14:56:47.118+0000] {processor.py:208} INFO - Processing /home/airflow/.local/lib/python3.12/site-packages/airflow/example_dags/example_inlet_event_extra.py took 0.124 seconds
[2025-09-29T14:57:17.495+0000] {processor.py:186} INFO - Started process (PID=2956) to work on /home/airflow/.local/lib/python3.12/site-packages/airflow/example_dags/example_inlet_event_extra.py
[2025-09-29T14:57:17.496+0000] {processor.py:914} INFO - Processing file /home/airflow/.local/lib/python3.12/site-packages/airflow/example_dags/example_inlet_event_extra.py for tasks to queue
[2025-09-29T14:57:17.497+0000] {logging_mixin.py:190} INFO - [2025-09-29T14:57:17.497+0000] {dagbag.py:588} INFO - Filling up the DagBag from /home/airflow/.local/lib/python3.12/site-packages/airflow/example_dags/example_inlet_event_extra.py
[2025-09-29T14:57:17.680+0000] {processor.py:925} INFO - DAG(s) 'read_dataset_event', 'read_dataset_event_from_classic' retrieved from /home/airflow/.local/lib/python3.12/site-packages/airflow/example_dags/example_inlet_event_extra.py
[2025-09-29T14:57:17.689+0000] {logging_mixin.py:190} INFO - [2025-09-29T14:57:17.689+0000] {dag.py:3239} INFO - Sync 2 DAGs
[2025-09-29T14:57:17.700+0000] {logging_mixin.py:190} INFO - [2025-09-29T14:57:17.700+0000] {dag.py:4180} INFO - Setting next_dagrun for read_dataset_event to 2025-09-28 00:00:00+00:00, run_after=2025-09-29 00:00:00+00:00
[2025-09-29T14:57:17.702+0000] {logging_mixin.py:190} INFO - [2025-09-29T14:57:17.702+0000] {dag.py:4180} INFO - Setting next_dagrun for read_dataset_event_from_classic to 2025-09-28 00:00:00+00:00, run_after=2025-09-29 00:00:00+00:00
[2025-09-29T14:57:17.715+0000] {processor.py:208} INFO - Processing /home/airflow/.local/lib/python3.12/site-packages/airflow/example_dags/example_inlet_event_extra.py took 0.226 seconds
[2025-09-29T14:57:48.130+0000] {processor.py:186} INFO - Started process (PID=3019) to work on /home/airflow/.local/lib/python3.12/site-packages/airflow/example_dags/example_inlet_event_extra.py
[2025-09-29T14:57:48.130+0000] {processor.py:914} INFO - Processing file /home/airflow/.local/lib/python3.12/site-packages/airflow/example_dags/example_inlet_event_extra.py for tasks to queue
[2025-09-29T14:57:48.131+0000] {logging_mixin.py:190} INFO - [2025-09-29T14:57:48.131+0000] {dagbag.py:588} INFO - Filling up the DagBag from /home/airflow/.local/lib/python3.12/site-packages/airflow/example_dags/example_inlet_event_extra.py
[2025-09-29T14:57:48.364+0000] {processor.py:925} INFO - DAG(s) 'read_dataset_event', 'read_dataset_event_from_classic' retrieved from /home/airflow/.local/lib/python3.12/site-packages/airflow/example_dags/example_inlet_event_extra.py
[2025-09-29T14:57:48.376+0000] {logging_mixin.py:190} INFO - [2025-09-29T14:57:48.376+0000] {dag.py:3239} INFO - Sync 2 DAGs
[2025-09-29T14:57:48.387+0000] {logging_mixin.py:190} INFO - [2025-09-29T14:57:48.387+0000] {dag.py:4180} INFO - Setting next_dagrun for read_dataset_event to 2025-09-28 00:00:00+00:00, run_after=2025-09-29 00:00:00+00:00
[2025-09-29T14:57:48.390+0000] {logging_mixin.py:190} INFO - [2025-09-29T14:57:48.390+0000] {dag.py:4180} INFO - Setting next_dagrun for read_dataset_event_from_classic to 2025-09-28 00:00:00+00:00, run_after=2025-09-29 00:00:00+00:00
[2025-09-29T14:57:48.396+0000] {processor.py:208} INFO - Processing /home/airflow/.local/lib/python3.12/site-packages/airflow/example_dags/example_inlet_event_extra.py took 0.274 seconds
[2025-09-29T14:58:18.869+0000] {processor.py:186} INFO - Started process (PID=3081) to work on /home/airflow/.local/lib/python3.12/site-packages/airflow/example_dags/example_inlet_event_extra.py
[2025-09-29T14:58:18.870+0000] {processor.py:914} INFO - Processing file /home/airflow/.local/lib/python3.12/site-packages/airflow/example_dags/example_inlet_event_extra.py for tasks to queue
[2025-09-29T14:58:18.871+0000] {logging_mixin.py:190} INFO - [2025-09-29T14:58:18.871+0000] {dagbag.py:588} INFO - Filling up the DagBag from /home/airflow/.local/lib/python3.12/site-packages/airflow/example_dags/example_inlet_event_extra.py
[2025-09-29T14:58:19.059+0000] {processor.py:925} INFO - DAG(s) 'read_dataset_event_from_classic', 'read_dataset_event' retrieved from /home/airflow/.local/lib/python3.12/site-packages/airflow/example_dags/example_inlet_event_extra.py
[2025-09-29T14:58:19.068+0000] {logging_mixin.py:190} INFO - [2025-09-29T14:58:19.068+0000] {dag.py:3239} INFO - Sync 2 DAGs
[2025-09-29T14:58:19.079+0000] {logging_mixin.py:190} INFO - [2025-09-29T14:58:19.079+0000] {dag.py:4180} INFO - Setting next_dagrun for read_dataset_event to 2025-09-28 00:00:00+00:00, run_after=2025-09-29 00:00:00+00:00
[2025-09-29T14:58:19.082+0000] {logging_mixin.py:190} INFO - [2025-09-29T14:58:19.081+0000] {dag.py:4180} INFO - Setting next_dagrun for read_dataset_event_from_classic to 2025-09-28 00:00:00+00:00, run_after=2025-09-29 00:00:00+00:00
[2025-09-29T14:58:19.095+0000] {processor.py:208} INFO - Processing /home/airflow/.local/lib/python3.12/site-packages/airflow/example_dags/example_inlet_event_extra.py took 0.229 seconds
[2025-09-29T14:58:49.488+0000] {processor.py:186} INFO - Started process (PID=3144) to work on /home/airflow/.local/lib/python3.12/site-packages/airflow/example_dags/example_inlet_event_extra.py
[2025-09-29T14:58:49.488+0000] {processor.py:914} INFO - Processing file /home/airflow/.local/lib/python3.12/site-packages/airflow/example_dags/example_inlet_event_extra.py for tasks to queue
[2025-09-29T14:58:49.489+0000] {logging_mixin.py:190} INFO - [2025-09-29T14:58:49.489+0000] {dagbag.py:588} INFO - Filling up the DagBag from /home/airflow/.local/lib/python3.12/site-packages/airflow/example_dags/example_inlet_event_extra.py
[2025-09-29T14:58:49.564+0000] {processor.py:925} INFO - DAG(s) 'read_dataset_event_from_classic', 'read_dataset_event' retrieved from /home/airflow/.local/lib/python3.12/site-packages/airflow/example_dags/example_inlet_event_extra.py
[2025-09-29T14:58:49.697+0000] {logging_mixin.py:190} INFO - [2025-09-29T14:58:49.696+0000] {dag.py:3239} INFO - Sync 2 DAGs
[2025-09-29T14:58:49.710+0000] {logging_mixin.py:190} INFO - [2025-09-29T14:58:49.710+0000] {dag.py:4180} INFO - Setting next_dagrun for read_dataset_event to 2025-09-28 00:00:00+00:00, run_after=2025-09-29 00:00:00+00:00
[2025-09-29T14:58:49.713+0000] {logging_mixin.py:190} INFO - [2025-09-29T14:58:49.713+0000] {dag.py:4180} INFO - Setting next_dagrun for read_dataset_event_from_classic to 2025-09-28 00:00:00+00:00, run_after=2025-09-29 00:00:00+00:00
[2025-09-29T14:58:49.722+0000] {processor.py:208} INFO - Processing /home/airflow/.local/lib/python3.12/site-packages/airflow/example_dags/example_inlet_event_extra.py took 0.239 seconds
[2025-09-29T14:59:20.107+0000] {processor.py:186} INFO - Started process (PID=3207) to work on /home/airflow/.local/lib/python3.12/site-packages/airflow/example_dags/example_inlet_event_extra.py
[2025-09-29T14:59:20.108+0000] {processor.py:914} INFO - Processing file /home/airflow/.local/lib/python3.12/site-packages/airflow/example_dags/example_inlet_event_extra.py for tasks to queue
[2025-09-29T14:59:20.108+0000] {logging_mixin.py:190} INFO - [2025-09-29T14:59:20.108+0000] {dagbag.py:588} INFO - Filling up the DagBag from /home/airflow/.local/lib/python3.12/site-packages/airflow/example_dags/example_inlet_event_extra.py
[2025-09-29T14:59:20.186+0000] {processor.py:925} INFO - DAG(s) 'read_dataset_event_from_classic', 'read_dataset_event' retrieved from /home/airflow/.local/lib/python3.12/site-packages/airflow/example_dags/example_inlet_event_extra.py
[2025-09-29T14:59:20.306+0000] {logging_mixin.py:190} INFO - [2025-09-29T14:59:20.306+0000] {dag.py:3239} INFO - Sync 2 DAGs
[2025-09-29T14:59:20.322+0000] {logging_mixin.py:190} INFO - [2025-09-29T14:59:20.322+0000] {dag.py:4180} INFO - Setting next_dagrun for read_dataset_event to 2025-09-28 00:00:00+00:00, run_after=2025-09-29 00:00:00+00:00
[2025-09-29T14:59:20.324+0000] {logging_mixin.py:190} INFO - [2025-09-29T14:59:20.324+0000] {dag.py:4180} INFO - Setting next_dagrun for read_dataset_event_from_classic to 2025-09-28 00:00:00+00:00, run_after=2025-09-29 00:00:00+00:00
[2025-09-29T14:59:20.334+0000] {processor.py:208} INFO - Processing /home/airflow/.local/lib/python3.12/site-packages/airflow/example_dags/example_inlet_event_extra.py took 0.231 seconds
[2025-09-29T14:59:50.676+0000] {processor.py:186} INFO - Started process (PID=3270) to work on /home/airflow/.local/lib/python3.12/site-packages/airflow/example_dags/example_inlet_event_extra.py
[2025-09-29T14:59:50.677+0000] {processor.py:914} INFO - Processing file /home/airflow/.local/lib/python3.12/site-packages/airflow/example_dags/example_inlet_event_extra.py for tasks to queue
[2025-09-29T14:59:50.677+0000] {logging_mixin.py:190} INFO - [2025-09-29T14:59:50.677+0000] {dagbag.py:588} INFO - Filling up the DagBag from /home/airflow/.local/lib/python3.12/site-packages/airflow/example_dags/example_inlet_event_extra.py
[2025-09-29T14:59:50.864+0000] {processor.py:925} INFO - DAG(s) 'read_dataset_event_from_classic', 'read_dataset_event' retrieved from /home/airflow/.local/lib/python3.12/site-packages/airflow/example_dags/example_inlet_event_extra.py
[2025-09-29T14:59:50.874+0000] {logging_mixin.py:190} INFO - [2025-09-29T14:59:50.873+0000] {dag.py:3239} INFO - Sync 2 DAGs
[2025-09-29T14:59:50.885+0000] {logging_mixin.py:190} INFO - [2025-09-29T14:59:50.885+0000] {dag.py:4180} INFO - Setting next_dagrun for read_dataset_event to 2025-09-28 00:00:00+00:00, run_after=2025-09-29 00:00:00+00:00
[2025-09-29T14:59:50.887+0000] {logging_mixin.py:190} INFO - [2025-09-29T14:59:50.887+0000] {dag.py:4180} INFO - Setting next_dagrun for read_dataset_event_from_classic to 2025-09-28 00:00:00+00:00, run_after=2025-09-29 00:00:00+00:00
[2025-09-29T14:59:50.897+0000] {processor.py:208} INFO - Processing /home/airflow/.local/lib/python3.12/site-packages/airflow/example_dags/example_inlet_event_extra.py took 0.225 seconds
[2025-09-29T15:00:21.237+0000] {processor.py:186} INFO - Started process (PID=3333) to work on /home/airflow/.local/lib/python3.12/site-packages/airflow/example_dags/example_inlet_event_extra.py
[2025-09-29T15:00:21.238+0000] {processor.py:914} INFO - Processing file /home/airflow/.local/lib/python3.12/site-packages/airflow/example_dags/example_inlet_event_extra.py for tasks to queue
[2025-09-29T15:00:21.239+0000] {logging_mixin.py:190} INFO - [2025-09-29T15:00:21.239+0000] {dagbag.py:588} INFO - Filling up the DagBag from /home/airflow/.local/lib/python3.12/site-packages/airflow/example_dags/example_inlet_event_extra.py
[2025-09-29T15:00:21.443+0000] {processor.py:925} INFO - DAG(s) 'read_dataset_event', 'read_dataset_event_from_classic' retrieved from /home/airflow/.local/lib/python3.12/site-packages/airflow/example_dags/example_inlet_event_extra.py
[2025-09-29T15:00:21.456+0000] {logging_mixin.py:190} INFO - [2025-09-29T15:00:21.456+0000] {dag.py:3239} INFO - Sync 2 DAGs
[2025-09-29T15:00:21.466+0000] {logging_mixin.py:190} INFO - [2025-09-29T15:00:21.466+0000] {dag.py:4180} INFO - Setting next_dagrun for read_dataset_event to 2025-09-28 00:00:00+00:00, run_after=2025-09-29 00:00:00+00:00
[2025-09-29T15:00:21.468+0000] {logging_mixin.py:190} INFO - [2025-09-29T15:00:21.468+0000] {dag.py:4180} INFO - Setting next_dagrun for read_dataset_event_from_classic to 2025-09-28 00:00:00+00:00, run_after=2025-09-29 00:00:00+00:00
[2025-09-29T15:00:21.477+0000] {processor.py:208} INFO - Processing /home/airflow/.local/lib/python3.12/site-packages/airflow/example_dags/example_inlet_event_extra.py took 0.245 seconds
[2025-09-29T15:00:51.823+0000] {processor.py:186} INFO - Started process (PID=3396) to work on /home/airflow/.local/lib/python3.12/site-packages/airflow/example_dags/example_inlet_event_extra.py
[2025-09-29T15:00:51.824+0000] {processor.py:914} INFO - Processing file /home/airflow/.local/lib/python3.12/site-packages/airflow/example_dags/example_inlet_event_extra.py for tasks to queue
[2025-09-29T15:00:51.824+0000] {logging_mixin.py:190} INFO - [2025-09-29T15:00:51.824+0000] {dagbag.py:588} INFO - Filling up the DagBag from /home/airflow/.local/lib/python3.12/site-packages/airflow/example_dags/example_inlet_event_extra.py
[2025-09-29T15:00:52.006+0000] {processor.py:925} INFO - DAG(s) 'read_dataset_event', 'read_dataset_event_from_classic' retrieved from /home/airflow/.local/lib/python3.12/site-packages/airflow/example_dags/example_inlet_event_extra.py
[2025-09-29T15:00:52.017+0000] {logging_mixin.py:190} INFO - [2025-09-29T15:00:52.017+0000] {dag.py:3239} INFO - Sync 2 DAGs
[2025-09-29T15:00:52.029+0000] {logging_mixin.py:190} INFO - [2025-09-29T15:00:52.029+0000] {dag.py:4180} INFO - Setting next_dagrun for read_dataset_event to 2025-09-28 00:00:00+00:00, run_after=2025-09-29 00:00:00+00:00
[2025-09-29T15:00:52.032+0000] {logging_mixin.py:190} INFO - [2025-09-29T15:00:52.032+0000] {dag.py:4180} INFO - Setting next_dagrun for read_dataset_event_from_classic to 2025-09-28 00:00:00+00:00, run_after=2025-09-29 00:00:00+00:00
[2025-09-29T15:00:52.046+0000] {processor.py:208} INFO - Processing /home/airflow/.local/lib/python3.12/site-packages/airflow/example_dags/example_inlet_event_extra.py took 0.225 seconds
[2025-09-29T15:01:22.422+0000] {processor.py:186} INFO - Started process (PID=3459) to work on /home/airflow/.local/lib/python3.12/site-packages/airflow/example_dags/example_inlet_event_extra.py
[2025-09-29T15:01:22.424+0000] {processor.py:914} INFO - Processing file /home/airflow/.local/lib/python3.12/site-packages/airflow/example_dags/example_inlet_event_extra.py for tasks to queue
[2025-09-29T15:01:22.425+0000] {logging_mixin.py:190} INFO - [2025-09-29T15:01:22.425+0000] {dagbag.py:588} INFO - Filling up the DagBag from /home/airflow/.local/lib/python3.12/site-packages/airflow/example_dags/example_inlet_event_extra.py
[2025-09-29T15:01:22.623+0000] {processor.py:925} INFO - DAG(s) 'read_dataset_event', 'read_dataset_event_from_classic' retrieved from /home/airflow/.local/lib/python3.12/site-packages/airflow/example_dags/example_inlet_event_extra.py
[2025-09-29T15:01:22.638+0000] {logging_mixin.py:190} INFO - [2025-09-29T15:01:22.638+0000] {dag.py:3239} INFO - Sync 2 DAGs
[2025-09-29T15:01:22.650+0000] {logging_mixin.py:190} INFO - [2025-09-29T15:01:22.650+0000] {dag.py:4180} INFO - Setting next_dagrun for read_dataset_event to 2025-09-28 00:00:00+00:00, run_after=2025-09-29 00:00:00+00:00
[2025-09-29T15:01:22.653+0000] {logging_mixin.py:190} INFO - [2025-09-29T15:01:22.652+0000] {dag.py:4180} INFO - Setting next_dagrun for read_dataset_event_from_classic to 2025-09-28 00:00:00+00:00, run_after=2025-09-29 00:00:00+00:00
[2025-09-29T15:01:22.662+0000] {processor.py:208} INFO - Processing /home/airflow/.local/lib/python3.12/site-packages/airflow/example_dags/example_inlet_event_extra.py took 0.243 seconds
[2025-09-29T15:01:53.007+0000] {processor.py:186} INFO - Started process (PID=3522) to work on /home/airflow/.local/lib/python3.12/site-packages/airflow/example_dags/example_inlet_event_extra.py
[2025-09-29T15:01:53.008+0000] {processor.py:914} INFO - Processing file /home/airflow/.local/lib/python3.12/site-packages/airflow/example_dags/example_inlet_event_extra.py for tasks to queue
[2025-09-29T15:01:53.009+0000] {logging_mixin.py:190} INFO - [2025-09-29T15:01:53.008+0000] {dagbag.py:588} INFO - Filling up the DagBag from /home/airflow/.local/lib/python3.12/site-packages/airflow/example_dags/example_inlet_event_extra.py
[2025-09-29T15:01:53.195+0000] {processor.py:925} INFO - DAG(s) 'read_dataset_event', 'read_dataset_event_from_classic' retrieved from /home/airflow/.local/lib/python3.12/site-packages/airflow/example_dags/example_inlet_event_extra.py
[2025-09-29T15:01:53.211+0000] {logging_mixin.py:190} INFO - [2025-09-29T15:01:53.211+0000] {dag.py:3239} INFO - Sync 2 DAGs
[2025-09-29T15:01:53.224+0000] {logging_mixin.py:190} INFO - [2025-09-29T15:01:53.224+0000] {dag.py:4180} INFO - Setting next_dagrun for read_dataset_event to 2025-09-28 00:00:00+00:00, run_after=2025-09-29 00:00:00+00:00
[2025-09-29T15:01:53.226+0000] {logging_mixin.py:190} INFO - [2025-09-29T15:01:53.226+0000] {dag.py:4180} INFO - Setting next_dagrun for read_dataset_event_from_classic to 2025-09-28 00:00:00+00:00, run_after=2025-09-29 00:00:00+00:00
[2025-09-29T15:01:53.233+0000] {processor.py:208} INFO - Processing /home/airflow/.local/lib/python3.12/site-packages/airflow/example_dags/example_inlet_event_extra.py took 0.230 seconds
[2025-09-29T15:02:23.557+0000] {processor.py:186} INFO - Started process (PID=3585) to work on /home/airflow/.local/lib/python3.12/site-packages/airflow/example_dags/example_inlet_event_extra.py
[2025-09-29T15:02:23.558+0000] {processor.py:914} INFO - Processing file /home/airflow/.local/lib/python3.12/site-packages/airflow/example_dags/example_inlet_event_extra.py for tasks to queue
[2025-09-29T15:02:23.559+0000] {logging_mixin.py:190} INFO - [2025-09-29T15:02:23.558+0000] {dagbag.py:588} INFO - Filling up the DagBag from /home/airflow/.local/lib/python3.12/site-packages/airflow/example_dags/example_inlet_event_extra.py
[2025-09-29T15:02:23.752+0000] {processor.py:925} INFO - DAG(s) 'read_dataset_event_from_classic', 'read_dataset_event' retrieved from /home/airflow/.local/lib/python3.12/site-packages/airflow/example_dags/example_inlet_event_extra.py
[2025-09-29T15:02:23.764+0000] {logging_mixin.py:190} INFO - [2025-09-29T15:02:23.763+0000] {dag.py:3239} INFO - Sync 2 DAGs
[2025-09-29T15:02:23.775+0000] {logging_mixin.py:190} INFO - [2025-09-29T15:02:23.775+0000] {dag.py:4180} INFO - Setting next_dagrun for read_dataset_event to 2025-09-28 00:00:00+00:00, run_after=2025-09-29 00:00:00+00:00
[2025-09-29T15:02:23.777+0000] {logging_mixin.py:190} INFO - [2025-09-29T15:02:23.777+0000] {dag.py:4180} INFO - Setting next_dagrun for read_dataset_event_from_classic to 2025-09-28 00:00:00+00:00, run_after=2025-09-29 00:00:00+00:00
[2025-09-29T15:02:23.786+0000] {processor.py:208} INFO - Processing /home/airflow/.local/lib/python3.12/site-packages/airflow/example_dags/example_inlet_event_extra.py took 0.233 seconds
