[2025-09-29T14:34:28.879+0000] {processor.py:186} INFO - Started process (PID=54) to work on /home/airflow/.local/lib/python3.12/site-packages/airflow/example_dags/example_setup_teardown.py
[2025-09-29T14:34:28.881+0000] {processor.py:914} INFO - Processing file /home/airflow/.local/lib/python3.12/site-packages/airflow/example_dags/example_setup_teardown.py for tasks to queue
[2025-09-29T14:34:28.882+0000] {logging_mixin.py:190} INFO - [2025-09-29T14:34:28.882+0000] {dagbag.py:588} INFO - Filling up the DagBag from /home/airflow/.local/lib/python3.12/site-packages/airflow/example_dags/example_setup_teardown.py
[2025-09-29T14:34:28.890+0000] {processor.py:925} INFO - DAG(s) 'example_setup_teardown' retrieved from /home/airflow/.local/lib/python3.12/site-packages/airflow/example_dags/example_setup_teardown.py
[2025-09-29T14:34:28.933+0000] {logging_mixin.py:190} INFO - [2025-09-29T14:34:28.932+0000] {dag.py:3239} INFO - Sync 1 DAGs
[2025-09-29T14:34:28.947+0000] {logging_mixin.py:190} INFO - [2025-09-29T14:34:28.947+0000] {dag.py:4180} INFO - Setting next_dagrun for example_setup_teardown to None, run_after=None
[2025-09-29T14:34:28.982+0000] {processor.py:208} INFO - Processing /home/airflow/.local/lib/python3.12/site-packages/airflow/example_dags/example_setup_teardown.py took 0.107 seconds
[2025-09-29T14:34:59.205+0000] {processor.py:186} INFO - Started process (PID=122) to work on /home/airflow/.local/lib/python3.12/site-packages/airflow/example_dags/example_setup_teardown.py
[2025-09-29T14:34:59.207+0000] {processor.py:914} INFO - Processing file /home/airflow/.local/lib/python3.12/site-packages/airflow/example_dags/example_setup_teardown.py for tasks to queue
[2025-09-29T14:34:59.209+0000] {logging_mixin.py:190} INFO - [2025-09-29T14:34:59.209+0000] {dagbag.py:588} INFO - Filling up the DagBag from /home/airflow/.local/lib/python3.12/site-packages/airflow/example_dags/example_setup_teardown.py
[2025-09-29T14:34:59.214+0000] {processor.py:925} INFO - DAG(s) 'example_setup_teardown' retrieved from /home/airflow/.local/lib/python3.12/site-packages/airflow/example_dags/example_setup_teardown.py
[2025-09-29T14:34:59.225+0000] {logging_mixin.py:190} INFO - [2025-09-29T14:34:59.225+0000] {dag.py:3239} INFO - Sync 1 DAGs
[2025-09-29T14:34:59.234+0000] {logging_mixin.py:190} INFO - [2025-09-29T14:34:59.234+0000] {dag.py:4180} INFO - Setting next_dagrun for example_setup_teardown to None, run_after=None
[2025-09-29T14:34:59.246+0000] {processor.py:208} INFO - Processing /home/airflow/.local/lib/python3.12/site-packages/airflow/example_dags/example_setup_teardown.py took 0.044 seconds
[2025-09-29T14:35:29.669+0000] {processor.py:186} INFO - Started process (PID=186) to work on /home/airflow/.local/lib/python3.12/site-packages/airflow/example_dags/example_setup_teardown.py
[2025-09-29T14:35:29.669+0000] {processor.py:914} INFO - Processing file /home/airflow/.local/lib/python3.12/site-packages/airflow/example_dags/example_setup_teardown.py for tasks to queue
[2025-09-29T14:35:29.671+0000] {logging_mixin.py:190} INFO - [2025-09-29T14:35:29.671+0000] {dagbag.py:588} INFO - Filling up the DagBag from /home/airflow/.local/lib/python3.12/site-packages/airflow/example_dags/example_setup_teardown.py
[2025-09-29T14:35:29.675+0000] {processor.py:925} INFO - DAG(s) 'example_setup_teardown' retrieved from /home/airflow/.local/lib/python3.12/site-packages/airflow/example_dags/example_setup_teardown.py
[2025-09-29T14:35:29.685+0000] {logging_mixin.py:190} INFO - [2025-09-29T14:35:29.685+0000] {dag.py:3239} INFO - Sync 1 DAGs
[2025-09-29T14:35:29.694+0000] {logging_mixin.py:190} INFO - [2025-09-29T14:35:29.694+0000] {dag.py:4180} INFO - Setting next_dagrun for example_setup_teardown to None, run_after=None
[2025-09-29T14:35:29.706+0000] {processor.py:208} INFO - Processing /home/airflow/.local/lib/python3.12/site-packages/airflow/example_dags/example_setup_teardown.py took 0.041 seconds
[2025-09-29T14:35:59.893+0000] {processor.py:186} INFO - Started process (PID=250) to work on /home/airflow/.local/lib/python3.12/site-packages/airflow/example_dags/example_setup_teardown.py
[2025-09-29T14:35:59.894+0000] {processor.py:914} INFO - Processing file /home/airflow/.local/lib/python3.12/site-packages/airflow/example_dags/example_setup_teardown.py for tasks to queue
[2025-09-29T14:35:59.896+0000] {logging_mixin.py:190} INFO - [2025-09-29T14:35:59.895+0000] {dagbag.py:588} INFO - Filling up the DagBag from /home/airflow/.local/lib/python3.12/site-packages/airflow/example_dags/example_setup_teardown.py
[2025-09-29T14:35:59.900+0000] {processor.py:925} INFO - DAG(s) 'example_setup_teardown' retrieved from /home/airflow/.local/lib/python3.12/site-packages/airflow/example_dags/example_setup_teardown.py
[2025-09-29T14:35:59.910+0000] {logging_mixin.py:190} INFO - [2025-09-29T14:35:59.910+0000] {dag.py:3239} INFO - Sync 1 DAGs
[2025-09-29T14:35:59.919+0000] {logging_mixin.py:190} INFO - [2025-09-29T14:35:59.919+0000] {dag.py:4180} INFO - Setting next_dagrun for example_setup_teardown to None, run_after=None
[2025-09-29T14:35:59.928+0000] {processor.py:208} INFO - Processing /home/airflow/.local/lib/python3.12/site-packages/airflow/example_dags/example_setup_teardown.py took 0.038 seconds
[2025-09-29T14:36:30.045+0000] {processor.py:186} INFO - Started process (PID=314) to work on /home/airflow/.local/lib/python3.12/site-packages/airflow/example_dags/example_setup_teardown.py
[2025-09-29T14:36:30.048+0000] {processor.py:914} INFO - Processing file /home/airflow/.local/lib/python3.12/site-packages/airflow/example_dags/example_setup_teardown.py for tasks to queue
[2025-09-29T14:36:30.049+0000] {logging_mixin.py:190} INFO - [2025-09-29T14:36:30.049+0000] {dagbag.py:588} INFO - Filling up the DagBag from /home/airflow/.local/lib/python3.12/site-packages/airflow/example_dags/example_setup_teardown.py
[2025-09-29T14:36:30.054+0000] {processor.py:925} INFO - DAG(s) 'example_setup_teardown' retrieved from /home/airflow/.local/lib/python3.12/site-packages/airflow/example_dags/example_setup_teardown.py
[2025-09-29T14:36:30.065+0000] {logging_mixin.py:190} INFO - [2025-09-29T14:36:30.064+0000] {dag.py:3239} INFO - Sync 1 DAGs
[2025-09-29T14:36:30.070+0000] {logging_mixin.py:190} INFO - [2025-09-29T14:36:30.070+0000] {dag.py:4180} INFO - Setting next_dagrun for example_setup_teardown to None, run_after=None
[2025-09-29T14:36:30.085+0000] {processor.py:208} INFO - Processing /home/airflow/.local/lib/python3.12/site-packages/airflow/example_dags/example_setup_teardown.py took 0.043 seconds
[2025-09-29T14:37:00.247+0000] {processor.py:186} INFO - Started process (PID=378) to work on /home/airflow/.local/lib/python3.12/site-packages/airflow/example_dags/example_setup_teardown.py
[2025-09-29T14:37:00.248+0000] {processor.py:914} INFO - Processing file /home/airflow/.local/lib/python3.12/site-packages/airflow/example_dags/example_setup_teardown.py for tasks to queue
[2025-09-29T14:37:00.249+0000] {logging_mixin.py:190} INFO - [2025-09-29T14:37:00.249+0000] {dagbag.py:588} INFO - Filling up the DagBag from /home/airflow/.local/lib/python3.12/site-packages/airflow/example_dags/example_setup_teardown.py
[2025-09-29T14:37:00.253+0000] {processor.py:925} INFO - DAG(s) 'example_setup_teardown' retrieved from /home/airflow/.local/lib/python3.12/site-packages/airflow/example_dags/example_setup_teardown.py
[2025-09-29T14:37:00.266+0000] {logging_mixin.py:190} INFO - [2025-09-29T14:37:00.266+0000] {dag.py:3239} INFO - Sync 1 DAGs
[2025-09-29T14:37:00.274+0000] {logging_mixin.py:190} INFO - [2025-09-29T14:37:00.273+0000] {dag.py:4180} INFO - Setting next_dagrun for example_setup_teardown to None, run_after=None
[2025-09-29T14:37:00.287+0000] {processor.py:208} INFO - Processing /home/airflow/.local/lib/python3.12/site-packages/airflow/example_dags/example_setup_teardown.py took 0.043 seconds
[2025-09-29T14:37:30.547+0000] {processor.py:186} INFO - Started process (PID=441) to work on /home/airflow/.local/lib/python3.12/site-packages/airflow/example_dags/example_setup_teardown.py
[2025-09-29T14:37:30.547+0000] {processor.py:914} INFO - Processing file /home/airflow/.local/lib/python3.12/site-packages/airflow/example_dags/example_setup_teardown.py for tasks to queue
[2025-09-29T14:37:30.549+0000] {logging_mixin.py:190} INFO - [2025-09-29T14:37:30.548+0000] {dagbag.py:588} INFO - Filling up the DagBag from /home/airflow/.local/lib/python3.12/site-packages/airflow/example_dags/example_setup_teardown.py
[2025-09-29T14:37:30.553+0000] {processor.py:925} INFO - DAG(s) 'example_setup_teardown' retrieved from /home/airflow/.local/lib/python3.12/site-packages/airflow/example_dags/example_setup_teardown.py
[2025-09-29T14:37:30.567+0000] {logging_mixin.py:190} INFO - [2025-09-29T14:37:30.567+0000] {dag.py:3239} INFO - Sync 1 DAGs
[2025-09-29T14:37:30.574+0000] {logging_mixin.py:190} INFO - [2025-09-29T14:37:30.574+0000] {dag.py:4180} INFO - Setting next_dagrun for example_setup_teardown to None, run_after=None
[2025-09-29T14:37:30.589+0000] {processor.py:208} INFO - Processing /home/airflow/.local/lib/python3.12/site-packages/airflow/example_dags/example_setup_teardown.py took 0.046 seconds
[2025-09-29T14:38:00.960+0000] {processor.py:186} INFO - Started process (PID=505) to work on /home/airflow/.local/lib/python3.12/site-packages/airflow/example_dags/example_setup_teardown.py
[2025-09-29T14:38:00.961+0000] {processor.py:914} INFO - Processing file /home/airflow/.local/lib/python3.12/site-packages/airflow/example_dags/example_setup_teardown.py for tasks to queue
[2025-09-29T14:38:00.962+0000] {logging_mixin.py:190} INFO - [2025-09-29T14:38:00.962+0000] {dagbag.py:588} INFO - Filling up the DagBag from /home/airflow/.local/lib/python3.12/site-packages/airflow/example_dags/example_setup_teardown.py
[2025-09-29T14:38:00.967+0000] {processor.py:925} INFO - DAG(s) 'example_setup_teardown' retrieved from /home/airflow/.local/lib/python3.12/site-packages/airflow/example_dags/example_setup_teardown.py
[2025-09-29T14:38:00.979+0000] {logging_mixin.py:190} INFO - [2025-09-29T14:38:00.979+0000] {dag.py:3239} INFO - Sync 1 DAGs
[2025-09-29T14:38:00.988+0000] {logging_mixin.py:190} INFO - [2025-09-29T14:38:00.988+0000] {dag.py:4180} INFO - Setting next_dagrun for example_setup_teardown to None, run_after=None
[2025-09-29T14:38:01.000+0000] {processor.py:208} INFO - Processing /home/airflow/.local/lib/python3.12/site-packages/airflow/example_dags/example_setup_teardown.py took 0.043 seconds
[2025-09-29T14:38:31.389+0000] {processor.py:186} INFO - Started process (PID=583) to work on /home/airflow/.local/lib/python3.12/site-packages/airflow/example_dags/example_setup_teardown.py
[2025-09-29T14:38:31.390+0000] {processor.py:914} INFO - Processing file /home/airflow/.local/lib/python3.12/site-packages/airflow/example_dags/example_setup_teardown.py for tasks to queue
[2025-09-29T14:38:31.392+0000] {logging_mixin.py:190} INFO - [2025-09-29T14:38:31.392+0000] {dagbag.py:588} INFO - Filling up the DagBag from /home/airflow/.local/lib/python3.12/site-packages/airflow/example_dags/example_setup_teardown.py
[2025-09-29T14:38:31.396+0000] {processor.py:925} INFO - DAG(s) 'example_setup_teardown' retrieved from /home/airflow/.local/lib/python3.12/site-packages/airflow/example_dags/example_setup_teardown.py
[2025-09-29T14:38:31.407+0000] {logging_mixin.py:190} INFO - [2025-09-29T14:38:31.407+0000] {dag.py:3239} INFO - Sync 1 DAGs
[2025-09-29T14:38:31.414+0000] {logging_mixin.py:190} INFO - [2025-09-29T14:38:31.414+0000] {dag.py:4180} INFO - Setting next_dagrun for example_setup_teardown to None, run_after=None
[2025-09-29T14:38:31.425+0000] {processor.py:208} INFO - Processing /home/airflow/.local/lib/python3.12/site-packages/airflow/example_dags/example_setup_teardown.py took 0.039 seconds
[2025-09-29T14:39:01.790+0000] {processor.py:186} INFO - Started process (PID=646) to work on /home/airflow/.local/lib/python3.12/site-packages/airflow/example_dags/example_setup_teardown.py
[2025-09-29T14:39:01.794+0000] {processor.py:914} INFO - Processing file /home/airflow/.local/lib/python3.12/site-packages/airflow/example_dags/example_setup_teardown.py for tasks to queue
[2025-09-29T14:39:01.796+0000] {logging_mixin.py:190} INFO - [2025-09-29T14:39:01.796+0000] {dagbag.py:588} INFO - Filling up the DagBag from /home/airflow/.local/lib/python3.12/site-packages/airflow/example_dags/example_setup_teardown.py
[2025-09-29T14:39:01.801+0000] {processor.py:925} INFO - DAG(s) 'example_setup_teardown' retrieved from /home/airflow/.local/lib/python3.12/site-packages/airflow/example_dags/example_setup_teardown.py
[2025-09-29T14:39:01.819+0000] {logging_mixin.py:190} INFO - [2025-09-29T14:39:01.818+0000] {dag.py:3239} INFO - Sync 1 DAGs
[2025-09-29T14:39:01.828+0000] {logging_mixin.py:190} INFO - [2025-09-29T14:39:01.828+0000] {dag.py:4180} INFO - Setting next_dagrun for example_setup_teardown to None, run_after=None
[2025-09-29T14:39:01.842+0000] {processor.py:208} INFO - Processing /home/airflow/.local/lib/python3.12/site-packages/airflow/example_dags/example_setup_teardown.py took 0.055 seconds
[2025-09-29T14:39:32.241+0000] {processor.py:186} INFO - Started process (PID=709) to work on /home/airflow/.local/lib/python3.12/site-packages/airflow/example_dags/example_setup_teardown.py
[2025-09-29T14:39:32.246+0000] {processor.py:914} INFO - Processing file /home/airflow/.local/lib/python3.12/site-packages/airflow/example_dags/example_setup_teardown.py for tasks to queue
[2025-09-29T14:39:32.251+0000] {logging_mixin.py:190} INFO - [2025-09-29T14:39:32.251+0000] {dagbag.py:588} INFO - Filling up the DagBag from /home/airflow/.local/lib/python3.12/site-packages/airflow/example_dags/example_setup_teardown.py
[2025-09-29T14:39:32.257+0000] {processor.py:925} INFO - DAG(s) 'example_setup_teardown' retrieved from /home/airflow/.local/lib/python3.12/site-packages/airflow/example_dags/example_setup_teardown.py
[2025-09-29T14:39:32.274+0000] {logging_mixin.py:190} INFO - [2025-09-29T14:39:32.274+0000] {dag.py:3239} INFO - Sync 1 DAGs
[2025-09-29T14:39:32.284+0000] {logging_mixin.py:190} INFO - [2025-09-29T14:39:32.283+0000] {dag.py:4180} INFO - Setting next_dagrun for example_setup_teardown to None, run_after=None
[2025-09-29T14:39:32.299+0000] {processor.py:208} INFO - Processing /home/airflow/.local/lib/python3.12/site-packages/airflow/example_dags/example_setup_teardown.py took 0.062 seconds
[2025-09-29T14:40:02.780+0000] {processor.py:186} INFO - Started process (PID=773) to work on /home/airflow/.local/lib/python3.12/site-packages/airflow/example_dags/example_setup_teardown.py
[2025-09-29T14:40:02.780+0000] {processor.py:914} INFO - Processing file /home/airflow/.local/lib/python3.12/site-packages/airflow/example_dags/example_setup_teardown.py for tasks to queue
[2025-09-29T14:40:02.781+0000] {logging_mixin.py:190} INFO - [2025-09-29T14:40:02.781+0000] {dagbag.py:588} INFO - Filling up the DagBag from /home/airflow/.local/lib/python3.12/site-packages/airflow/example_dags/example_setup_teardown.py
[2025-09-29T14:40:02.786+0000] {processor.py:925} INFO - DAG(s) 'example_setup_teardown' retrieved from /home/airflow/.local/lib/python3.12/site-packages/airflow/example_dags/example_setup_teardown.py
[2025-09-29T14:40:02.802+0000] {logging_mixin.py:190} INFO - [2025-09-29T14:40:02.801+0000] {dag.py:3239} INFO - Sync 1 DAGs
[2025-09-29T14:40:02.809+0000] {logging_mixin.py:190} INFO - [2025-09-29T14:40:02.809+0000] {dag.py:4180} INFO - Setting next_dagrun for example_setup_teardown to None, run_after=None
[2025-09-29T14:40:02.822+0000] {processor.py:208} INFO - Processing /home/airflow/.local/lib/python3.12/site-packages/airflow/example_dags/example_setup_teardown.py took 0.045 seconds
[2025-09-29T14:40:33.188+0000] {processor.py:186} INFO - Started process (PID=836) to work on /home/airflow/.local/lib/python3.12/site-packages/airflow/example_dags/example_setup_teardown.py
[2025-09-29T14:40:33.189+0000] {processor.py:914} INFO - Processing file /home/airflow/.local/lib/python3.12/site-packages/airflow/example_dags/example_setup_teardown.py for tasks to queue
[2025-09-29T14:40:33.190+0000] {logging_mixin.py:190} INFO - [2025-09-29T14:40:33.190+0000] {dagbag.py:588} INFO - Filling up the DagBag from /home/airflow/.local/lib/python3.12/site-packages/airflow/example_dags/example_setup_teardown.py
[2025-09-29T14:40:33.198+0000] {processor.py:925} INFO - DAG(s) 'example_setup_teardown' retrieved from /home/airflow/.local/lib/python3.12/site-packages/airflow/example_dags/example_setup_teardown.py
[2025-09-29T14:40:33.213+0000] {logging_mixin.py:190} INFO - [2025-09-29T14:40:33.213+0000] {dag.py:3239} INFO - Sync 1 DAGs
[2025-09-29T14:40:33.222+0000] {logging_mixin.py:190} INFO - [2025-09-29T14:40:33.221+0000] {dag.py:4180} INFO - Setting next_dagrun for example_setup_teardown to None, run_after=None
[2025-09-29T14:40:33.233+0000] {processor.py:208} INFO - Processing /home/airflow/.local/lib/python3.12/site-packages/airflow/example_dags/example_setup_teardown.py took 0.050 seconds
[2025-09-29T14:41:03.613+0000] {processor.py:186} INFO - Started process (PID=902) to work on /home/airflow/.local/lib/python3.12/site-packages/airflow/example_dags/example_setup_teardown.py
[2025-09-29T14:41:03.617+0000] {processor.py:914} INFO - Processing file /home/airflow/.local/lib/python3.12/site-packages/airflow/example_dags/example_setup_teardown.py for tasks to queue
[2025-09-29T14:41:03.618+0000] {logging_mixin.py:190} INFO - [2025-09-29T14:41:03.618+0000] {dagbag.py:588} INFO - Filling up the DagBag from /home/airflow/.local/lib/python3.12/site-packages/airflow/example_dags/example_setup_teardown.py
[2025-09-29T14:41:03.622+0000] {processor.py:925} INFO - DAG(s) 'example_setup_teardown' retrieved from /home/airflow/.local/lib/python3.12/site-packages/airflow/example_dags/example_setup_teardown.py
[2025-09-29T14:41:03.636+0000] {logging_mixin.py:190} INFO - [2025-09-29T14:41:03.636+0000] {dag.py:3239} INFO - Sync 1 DAGs
[2025-09-29T14:41:03.643+0000] {logging_mixin.py:190} INFO - [2025-09-29T14:41:03.643+0000] {dag.py:4180} INFO - Setting next_dagrun for example_setup_teardown to None, run_after=None
[2025-09-29T14:41:03.652+0000] {processor.py:208} INFO - Processing /home/airflow/.local/lib/python3.12/site-packages/airflow/example_dags/example_setup_teardown.py took 0.041 seconds
[2025-09-29T14:41:33.868+0000] {processor.py:186} INFO - Started process (PID=966) to work on /home/airflow/.local/lib/python3.12/site-packages/airflow/example_dags/example_setup_teardown.py
[2025-09-29T14:41:33.871+0000] {processor.py:914} INFO - Processing file /home/airflow/.local/lib/python3.12/site-packages/airflow/example_dags/example_setup_teardown.py for tasks to queue
[2025-09-29T14:41:33.873+0000] {logging_mixin.py:190} INFO - [2025-09-29T14:41:33.873+0000] {dagbag.py:588} INFO - Filling up the DagBag from /home/airflow/.local/lib/python3.12/site-packages/airflow/example_dags/example_setup_teardown.py
[2025-09-29T14:41:33.879+0000] {processor.py:925} INFO - DAG(s) 'example_setup_teardown' retrieved from /home/airflow/.local/lib/python3.12/site-packages/airflow/example_dags/example_setup_teardown.py
[2025-09-29T14:41:33.892+0000] {logging_mixin.py:190} INFO - [2025-09-29T14:41:33.892+0000] {dag.py:3239} INFO - Sync 1 DAGs
[2025-09-29T14:41:33.900+0000] {logging_mixin.py:190} INFO - [2025-09-29T14:41:33.900+0000] {dag.py:4180} INFO - Setting next_dagrun for example_setup_teardown to None, run_after=None
[2025-09-29T14:41:33.912+0000] {processor.py:208} INFO - Processing /home/airflow/.local/lib/python3.12/site-packages/airflow/example_dags/example_setup_teardown.py took 0.047 seconds
[2025-09-29T14:42:04.375+0000] {processor.py:186} INFO - Started process (PID=1031) to work on /home/airflow/.local/lib/python3.12/site-packages/airflow/example_dags/example_setup_teardown.py
[2025-09-29T14:42:04.376+0000] {processor.py:914} INFO - Processing file /home/airflow/.local/lib/python3.12/site-packages/airflow/example_dags/example_setup_teardown.py for tasks to queue
[2025-09-29T14:42:04.378+0000] {logging_mixin.py:190} INFO - [2025-09-29T14:42:04.378+0000] {dagbag.py:588} INFO - Filling up the DagBag from /home/airflow/.local/lib/python3.12/site-packages/airflow/example_dags/example_setup_teardown.py
[2025-09-29T14:42:04.386+0000] {processor.py:925} INFO - DAG(s) 'example_setup_teardown' retrieved from /home/airflow/.local/lib/python3.12/site-packages/airflow/example_dags/example_setup_teardown.py
[2025-09-29T14:42:04.402+0000] {logging_mixin.py:190} INFO - [2025-09-29T14:42:04.402+0000] {dag.py:3239} INFO - Sync 1 DAGs
[2025-09-29T14:42:04.411+0000] {logging_mixin.py:190} INFO - [2025-09-29T14:42:04.411+0000] {dag.py:4180} INFO - Setting next_dagrun for example_setup_teardown to None, run_after=None
[2025-09-29T14:42:04.424+0000] {processor.py:208} INFO - Processing /home/airflow/.local/lib/python3.12/site-packages/airflow/example_dags/example_setup_teardown.py took 0.053 seconds
[2025-09-29T14:42:34.786+0000] {processor.py:186} INFO - Started process (PID=1095) to work on /home/airflow/.local/lib/python3.12/site-packages/airflow/example_dags/example_setup_teardown.py
[2025-09-29T14:42:34.787+0000] {processor.py:914} INFO - Processing file /home/airflow/.local/lib/python3.12/site-packages/airflow/example_dags/example_setup_teardown.py for tasks to queue
[2025-09-29T14:42:34.788+0000] {logging_mixin.py:190} INFO - [2025-09-29T14:42:34.788+0000] {dagbag.py:588} INFO - Filling up the DagBag from /home/airflow/.local/lib/python3.12/site-packages/airflow/example_dags/example_setup_teardown.py
[2025-09-29T14:42:34.792+0000] {processor.py:925} INFO - DAG(s) 'example_setup_teardown' retrieved from /home/airflow/.local/lib/python3.12/site-packages/airflow/example_dags/example_setup_teardown.py
[2025-09-29T14:42:34.806+0000] {logging_mixin.py:190} INFO - [2025-09-29T14:42:34.806+0000] {dag.py:3239} INFO - Sync 1 DAGs
[2025-09-29T14:42:34.813+0000] {logging_mixin.py:190} INFO - [2025-09-29T14:42:34.813+0000] {dag.py:4180} INFO - Setting next_dagrun for example_setup_teardown to None, run_after=None
[2025-09-29T14:42:34.823+0000] {processor.py:208} INFO - Processing /home/airflow/.local/lib/python3.12/site-packages/airflow/example_dags/example_setup_teardown.py took 0.040 seconds
[2025-09-29T14:43:05.084+0000] {processor.py:186} INFO - Started process (PID=1159) to work on /home/airflow/.local/lib/python3.12/site-packages/airflow/example_dags/example_setup_teardown.py
[2025-09-29T14:43:05.084+0000] {processor.py:914} INFO - Processing file /home/airflow/.local/lib/python3.12/site-packages/airflow/example_dags/example_setup_teardown.py for tasks to queue
[2025-09-29T14:43:05.086+0000] {logging_mixin.py:190} INFO - [2025-09-29T14:43:05.085+0000] {dagbag.py:588} INFO - Filling up the DagBag from /home/airflow/.local/lib/python3.12/site-packages/airflow/example_dags/example_setup_teardown.py
[2025-09-29T14:43:05.090+0000] {processor.py:925} INFO - DAG(s) 'example_setup_teardown' retrieved from /home/airflow/.local/lib/python3.12/site-packages/airflow/example_dags/example_setup_teardown.py
[2025-09-29T14:43:05.100+0000] {logging_mixin.py:190} INFO - [2025-09-29T14:43:05.099+0000] {dag.py:3239} INFO - Sync 1 DAGs
[2025-09-29T14:43:05.106+0000] {logging_mixin.py:190} INFO - [2025-09-29T14:43:05.106+0000] {dag.py:4180} INFO - Setting next_dagrun for example_setup_teardown to None, run_after=None
[2025-09-29T14:43:05.114+0000] {processor.py:208} INFO - Processing /home/airflow/.local/lib/python3.12/site-packages/airflow/example_dags/example_setup_teardown.py took 0.033 seconds
[2025-09-29T14:43:35.376+0000] {processor.py:186} INFO - Started process (PID=1223) to work on /home/airflow/.local/lib/python3.12/site-packages/airflow/example_dags/example_setup_teardown.py
[2025-09-29T14:43:35.377+0000] {processor.py:914} INFO - Processing file /home/airflow/.local/lib/python3.12/site-packages/airflow/example_dags/example_setup_teardown.py for tasks to queue
[2025-09-29T14:43:35.380+0000] {logging_mixin.py:190} INFO - [2025-09-29T14:43:35.380+0000] {dagbag.py:588} INFO - Filling up the DagBag from /home/airflow/.local/lib/python3.12/site-packages/airflow/example_dags/example_setup_teardown.py
[2025-09-29T14:43:35.385+0000] {processor.py:925} INFO - DAG(s) 'example_setup_teardown' retrieved from /home/airflow/.local/lib/python3.12/site-packages/airflow/example_dags/example_setup_teardown.py
[2025-09-29T14:43:35.398+0000] {logging_mixin.py:190} INFO - [2025-09-29T14:43:35.398+0000] {dag.py:3239} INFO - Sync 1 DAGs
[2025-09-29T14:43:35.407+0000] {logging_mixin.py:190} INFO - [2025-09-29T14:43:35.407+0000] {dag.py:4180} INFO - Setting next_dagrun for example_setup_teardown to None, run_after=None
[2025-09-29T14:43:35.418+0000] {processor.py:208} INFO - Processing /home/airflow/.local/lib/python3.12/site-packages/airflow/example_dags/example_setup_teardown.py took 0.045 seconds
[2025-09-29T14:44:05.556+0000] {processor.py:186} INFO - Started process (PID=1287) to work on /home/airflow/.local/lib/python3.12/site-packages/airflow/example_dags/example_setup_teardown.py
[2025-09-29T14:44:05.557+0000] {processor.py:914} INFO - Processing file /home/airflow/.local/lib/python3.12/site-packages/airflow/example_dags/example_setup_teardown.py for tasks to queue
[2025-09-29T14:44:05.558+0000] {logging_mixin.py:190} INFO - [2025-09-29T14:44:05.558+0000] {dagbag.py:588} INFO - Filling up the DagBag from /home/airflow/.local/lib/python3.12/site-packages/airflow/example_dags/example_setup_teardown.py
[2025-09-29T14:44:05.563+0000] {processor.py:925} INFO - DAG(s) 'example_setup_teardown' retrieved from /home/airflow/.local/lib/python3.12/site-packages/airflow/example_dags/example_setup_teardown.py
[2025-09-29T14:44:05.582+0000] {logging_mixin.py:190} INFO - [2025-09-29T14:44:05.582+0000] {dag.py:3239} INFO - Sync 1 DAGs
[2025-09-29T14:44:05.588+0000] {logging_mixin.py:190} INFO - [2025-09-29T14:44:05.588+0000] {dag.py:4180} INFO - Setting next_dagrun for example_setup_teardown to None, run_after=None
[2025-09-29T14:44:05.601+0000] {processor.py:208} INFO - Processing /home/airflow/.local/lib/python3.12/site-packages/airflow/example_dags/example_setup_teardown.py took 0.049 seconds
[2025-09-29T14:44:36.444+0000] {processor.py:186} INFO - Started process (PID=1350) to work on /home/airflow/.local/lib/python3.12/site-packages/airflow/example_dags/example_setup_teardown.py
[2025-09-29T14:44:36.444+0000] {processor.py:914} INFO - Processing file /home/airflow/.local/lib/python3.12/site-packages/airflow/example_dags/example_setup_teardown.py for tasks to queue
[2025-09-29T14:44:36.446+0000] {logging_mixin.py:190} INFO - [2025-09-29T14:44:36.446+0000] {dagbag.py:588} INFO - Filling up the DagBag from /home/airflow/.local/lib/python3.12/site-packages/airflow/example_dags/example_setup_teardown.py
[2025-09-29T14:44:36.450+0000] {processor.py:925} INFO - DAG(s) 'example_setup_teardown' retrieved from /home/airflow/.local/lib/python3.12/site-packages/airflow/example_dags/example_setup_teardown.py
[2025-09-29T14:44:36.463+0000] {logging_mixin.py:190} INFO - [2025-09-29T14:44:36.463+0000] {dag.py:3239} INFO - Sync 1 DAGs
[2025-09-29T14:44:36.470+0000] {logging_mixin.py:190} INFO - [2025-09-29T14:44:36.470+0000] {dag.py:4180} INFO - Setting next_dagrun for example_setup_teardown to None, run_after=None
[2025-09-29T14:44:36.481+0000] {processor.py:208} INFO - Processing /home/airflow/.local/lib/python3.12/site-packages/airflow/example_dags/example_setup_teardown.py took 0.041 seconds
[2025-09-29T14:45:06.916+0000] {processor.py:186} INFO - Started process (PID=1414) to work on /home/airflow/.local/lib/python3.12/site-packages/airflow/example_dags/example_setup_teardown.py
[2025-09-29T14:45:06.917+0000] {processor.py:914} INFO - Processing file /home/airflow/.local/lib/python3.12/site-packages/airflow/example_dags/example_setup_teardown.py for tasks to queue
[2025-09-29T14:45:06.921+0000] {logging_mixin.py:190} INFO - [2025-09-29T14:45:06.921+0000] {dagbag.py:588} INFO - Filling up the DagBag from /home/airflow/.local/lib/python3.12/site-packages/airflow/example_dags/example_setup_teardown.py
[2025-09-29T14:45:06.926+0000] {processor.py:925} INFO - DAG(s) 'example_setup_teardown' retrieved from /home/airflow/.local/lib/python3.12/site-packages/airflow/example_dags/example_setup_teardown.py
[2025-09-29T14:45:06.942+0000] {logging_mixin.py:190} INFO - [2025-09-29T14:45:06.942+0000] {dag.py:3239} INFO - Sync 1 DAGs
[2025-09-29T14:45:06.950+0000] {logging_mixin.py:190} INFO - [2025-09-29T14:45:06.950+0000] {dag.py:4180} INFO - Setting next_dagrun for example_setup_teardown to None, run_after=None
[2025-09-29T14:45:06.963+0000] {processor.py:208} INFO - Processing /home/airflow/.local/lib/python3.12/site-packages/airflow/example_dags/example_setup_teardown.py took 0.050 seconds
[2025-09-29T14:45:37.311+0000] {processor.py:186} INFO - Started process (PID=1478) to work on /home/airflow/.local/lib/python3.12/site-packages/airflow/example_dags/example_setup_teardown.py
[2025-09-29T14:45:37.314+0000] {processor.py:914} INFO - Processing file /home/airflow/.local/lib/python3.12/site-packages/airflow/example_dags/example_setup_teardown.py for tasks to queue
[2025-09-29T14:45:37.315+0000] {logging_mixin.py:190} INFO - [2025-09-29T14:45:37.315+0000] {dagbag.py:588} INFO - Filling up the DagBag from /home/airflow/.local/lib/python3.12/site-packages/airflow/example_dags/example_setup_teardown.py
[2025-09-29T14:45:37.321+0000] {processor.py:925} INFO - DAG(s) 'example_setup_teardown' retrieved from /home/airflow/.local/lib/python3.12/site-packages/airflow/example_dags/example_setup_teardown.py
[2025-09-29T14:45:37.334+0000] {logging_mixin.py:190} INFO - [2025-09-29T14:45:37.333+0000] {dag.py:3239} INFO - Sync 1 DAGs
[2025-09-29T14:45:37.343+0000] {logging_mixin.py:190} INFO - [2025-09-29T14:45:37.343+0000] {dag.py:4180} INFO - Setting next_dagrun for example_setup_teardown to None, run_after=None
[2025-09-29T14:45:37.357+0000] {processor.py:208} INFO - Processing /home/airflow/.local/lib/python3.12/site-packages/airflow/example_dags/example_setup_teardown.py took 0.049 seconds
[2025-09-29T14:46:07.875+0000] {processor.py:186} INFO - Started process (PID=1542) to work on /home/airflow/.local/lib/python3.12/site-packages/airflow/example_dags/example_setup_teardown.py
[2025-09-29T14:46:07.876+0000] {processor.py:914} INFO - Processing file /home/airflow/.local/lib/python3.12/site-packages/airflow/example_dags/example_setup_teardown.py for tasks to queue
[2025-09-29T14:46:07.877+0000] {logging_mixin.py:190} INFO - [2025-09-29T14:46:07.877+0000] {dagbag.py:588} INFO - Filling up the DagBag from /home/airflow/.local/lib/python3.12/site-packages/airflow/example_dags/example_setup_teardown.py
[2025-09-29T14:46:07.883+0000] {processor.py:925} INFO - DAG(s) 'example_setup_teardown' retrieved from /home/airflow/.local/lib/python3.12/site-packages/airflow/example_dags/example_setup_teardown.py
[2025-09-29T14:46:07.897+0000] {logging_mixin.py:190} INFO - [2025-09-29T14:46:07.897+0000] {dag.py:3239} INFO - Sync 1 DAGs
[2025-09-29T14:46:07.907+0000] {logging_mixin.py:190} INFO - [2025-09-29T14:46:07.906+0000] {dag.py:4180} INFO - Setting next_dagrun for example_setup_teardown to None, run_after=None
[2025-09-29T14:46:07.921+0000] {processor.py:208} INFO - Processing /home/airflow/.local/lib/python3.12/site-packages/airflow/example_dags/example_setup_teardown.py took 0.048 seconds
[2025-09-29T14:46:38.440+0000] {processor.py:186} INFO - Started process (PID=1606) to work on /home/airflow/.local/lib/python3.12/site-packages/airflow/example_dags/example_setup_teardown.py
[2025-09-29T14:46:38.440+0000] {processor.py:914} INFO - Processing file /home/airflow/.local/lib/python3.12/site-packages/airflow/example_dags/example_setup_teardown.py for tasks to queue
[2025-09-29T14:46:38.442+0000] {logging_mixin.py:190} INFO - [2025-09-29T14:46:38.441+0000] {dagbag.py:588} INFO - Filling up the DagBag from /home/airflow/.local/lib/python3.12/site-packages/airflow/example_dags/example_setup_teardown.py
[2025-09-29T14:46:38.446+0000] {processor.py:925} INFO - DAG(s) 'example_setup_teardown' retrieved from /home/airflow/.local/lib/python3.12/site-packages/airflow/example_dags/example_setup_teardown.py
[2025-09-29T14:46:38.456+0000] {logging_mixin.py:190} INFO - [2025-09-29T14:46:38.456+0000] {dag.py:3239} INFO - Sync 1 DAGs
[2025-09-29T14:46:38.463+0000] {logging_mixin.py:190} INFO - [2025-09-29T14:46:38.463+0000] {dag.py:4180} INFO - Setting next_dagrun for example_setup_teardown to None, run_after=None
[2025-09-29T14:46:38.472+0000] {processor.py:208} INFO - Processing /home/airflow/.local/lib/python3.12/site-packages/airflow/example_dags/example_setup_teardown.py took 0.036 seconds
[2025-09-29T14:47:08.810+0000] {processor.py:186} INFO - Started process (PID=1670) to work on /home/airflow/.local/lib/python3.12/site-packages/airflow/example_dags/example_setup_teardown.py
[2025-09-29T14:47:08.813+0000] {processor.py:914} INFO - Processing file /home/airflow/.local/lib/python3.12/site-packages/airflow/example_dags/example_setup_teardown.py for tasks to queue
[2025-09-29T14:47:08.817+0000] {logging_mixin.py:190} INFO - [2025-09-29T14:47:08.817+0000] {dagbag.py:588} INFO - Filling up the DagBag from /home/airflow/.local/lib/python3.12/site-packages/airflow/example_dags/example_setup_teardown.py
[2025-09-29T14:47:08.823+0000] {processor.py:925} INFO - DAG(s) 'example_setup_teardown' retrieved from /home/airflow/.local/lib/python3.12/site-packages/airflow/example_dags/example_setup_teardown.py
[2025-09-29T14:47:08.839+0000] {logging_mixin.py:190} INFO - [2025-09-29T14:47:08.839+0000] {dag.py:3239} INFO - Sync 1 DAGs
[2025-09-29T14:47:08.846+0000] {logging_mixin.py:190} INFO - [2025-09-29T14:47:08.846+0000] {dag.py:4180} INFO - Setting next_dagrun for example_setup_teardown to None, run_after=None
[2025-09-29T14:47:08.856+0000] {processor.py:208} INFO - Processing /home/airflow/.local/lib/python3.12/site-packages/airflow/example_dags/example_setup_teardown.py took 0.049 seconds
[2025-09-29T14:47:39.321+0000] {processor.py:186} INFO - Started process (PID=1734) to work on /home/airflow/.local/lib/python3.12/site-packages/airflow/example_dags/example_setup_teardown.py
[2025-09-29T14:47:39.322+0000] {processor.py:914} INFO - Processing file /home/airflow/.local/lib/python3.12/site-packages/airflow/example_dags/example_setup_teardown.py for tasks to queue
[2025-09-29T14:47:39.324+0000] {logging_mixin.py:190} INFO - [2025-09-29T14:47:39.324+0000] {dagbag.py:588} INFO - Filling up the DagBag from /home/airflow/.local/lib/python3.12/site-packages/airflow/example_dags/example_setup_teardown.py
[2025-09-29T14:47:39.329+0000] {processor.py:925} INFO - DAG(s) 'example_setup_teardown' retrieved from /home/airflow/.local/lib/python3.12/site-packages/airflow/example_dags/example_setup_teardown.py
[2025-09-29T14:47:39.343+0000] {logging_mixin.py:190} INFO - [2025-09-29T14:47:39.343+0000] {dag.py:3239} INFO - Sync 1 DAGs
[2025-09-29T14:47:39.362+0000] {logging_mixin.py:190} INFO - [2025-09-29T14:47:39.362+0000] {dag.py:4180} INFO - Setting next_dagrun for example_setup_teardown to None, run_after=None
[2025-09-29T14:47:39.372+0000] {processor.py:208} INFO - Processing /home/airflow/.local/lib/python3.12/site-packages/airflow/example_dags/example_setup_teardown.py took 0.054 seconds
[2025-09-29T14:48:09.588+0000] {processor.py:186} INFO - Started process (PID=1798) to work on /home/airflow/.local/lib/python3.12/site-packages/airflow/example_dags/example_setup_teardown.py
[2025-09-29T14:48:09.590+0000] {processor.py:914} INFO - Processing file /home/airflow/.local/lib/python3.12/site-packages/airflow/example_dags/example_setup_teardown.py for tasks to queue
[2025-09-29T14:48:09.592+0000] {logging_mixin.py:190} INFO - [2025-09-29T14:48:09.591+0000] {dagbag.py:588} INFO - Filling up the DagBag from /home/airflow/.local/lib/python3.12/site-packages/airflow/example_dags/example_setup_teardown.py
[2025-09-29T14:48:09.596+0000] {processor.py:925} INFO - DAG(s) 'example_setup_teardown' retrieved from /home/airflow/.local/lib/python3.12/site-packages/airflow/example_dags/example_setup_teardown.py
[2025-09-29T14:48:09.613+0000] {logging_mixin.py:190} INFO - [2025-09-29T14:48:09.613+0000] {dag.py:3239} INFO - Sync 1 DAGs
[2025-09-29T14:48:09.619+0000] {logging_mixin.py:190} INFO - [2025-09-29T14:48:09.619+0000] {dag.py:4180} INFO - Setting next_dagrun for example_setup_teardown to None, run_after=None
[2025-09-29T14:48:09.633+0000] {processor.py:208} INFO - Processing /home/airflow/.local/lib/python3.12/site-packages/airflow/example_dags/example_setup_teardown.py took 0.048 seconds
[2025-09-29T14:48:40.087+0000] {processor.py:186} INFO - Started process (PID=1862) to work on /home/airflow/.local/lib/python3.12/site-packages/airflow/example_dags/example_setup_teardown.py
[2025-09-29T14:48:40.088+0000] {processor.py:914} INFO - Processing file /home/airflow/.local/lib/python3.12/site-packages/airflow/example_dags/example_setup_teardown.py for tasks to queue
[2025-09-29T14:48:40.089+0000] {logging_mixin.py:190} INFO - [2025-09-29T14:48:40.089+0000] {dagbag.py:588} INFO - Filling up the DagBag from /home/airflow/.local/lib/python3.12/site-packages/airflow/example_dags/example_setup_teardown.py
[2025-09-29T14:48:40.093+0000] {processor.py:925} INFO - DAG(s) 'example_setup_teardown' retrieved from /home/airflow/.local/lib/python3.12/site-packages/airflow/example_dags/example_setup_teardown.py
[2025-09-29T14:48:40.104+0000] {logging_mixin.py:190} INFO - [2025-09-29T14:48:40.104+0000] {dag.py:3239} INFO - Sync 1 DAGs
[2025-09-29T14:48:40.111+0000] {logging_mixin.py:190} INFO - [2025-09-29T14:48:40.111+0000] {dag.py:4180} INFO - Setting next_dagrun for example_setup_teardown to None, run_after=None
[2025-09-29T14:48:40.122+0000] {processor.py:208} INFO - Processing /home/airflow/.local/lib/python3.12/site-packages/airflow/example_dags/example_setup_teardown.py took 0.039 seconds
[2025-09-29T14:49:10.202+0000] {processor.py:186} INFO - Started process (PID=1926) to work on /home/airflow/.local/lib/python3.12/site-packages/airflow/example_dags/example_setup_teardown.py
[2025-09-29T14:49:10.203+0000] {processor.py:914} INFO - Processing file /home/airflow/.local/lib/python3.12/site-packages/airflow/example_dags/example_setup_teardown.py for tasks to queue
[2025-09-29T14:49:10.204+0000] {logging_mixin.py:190} INFO - [2025-09-29T14:49:10.204+0000] {dagbag.py:588} INFO - Filling up the DagBag from /home/airflow/.local/lib/python3.12/site-packages/airflow/example_dags/example_setup_teardown.py
[2025-09-29T14:49:10.208+0000] {processor.py:925} INFO - DAG(s) 'example_setup_teardown' retrieved from /home/airflow/.local/lib/python3.12/site-packages/airflow/example_dags/example_setup_teardown.py
[2025-09-29T14:49:10.218+0000] {logging_mixin.py:190} INFO - [2025-09-29T14:49:10.218+0000] {dag.py:3239} INFO - Sync 1 DAGs
[2025-09-29T14:49:10.224+0000] {logging_mixin.py:190} INFO - [2025-09-29T14:49:10.224+0000] {dag.py:4180} INFO - Setting next_dagrun for example_setup_teardown to None, run_after=None
[2025-09-29T14:49:10.232+0000] {processor.py:208} INFO - Processing /home/airflow/.local/lib/python3.12/site-packages/airflow/example_dags/example_setup_teardown.py took 0.033 seconds
[2025-09-29T14:49:40.710+0000] {processor.py:186} INFO - Started process (PID=1990) to work on /home/airflow/.local/lib/python3.12/site-packages/airflow/example_dags/example_setup_teardown.py
[2025-09-29T14:49:40.711+0000] {processor.py:914} INFO - Processing file /home/airflow/.local/lib/python3.12/site-packages/airflow/example_dags/example_setup_teardown.py for tasks to queue
[2025-09-29T14:49:40.712+0000] {logging_mixin.py:190} INFO - [2025-09-29T14:49:40.712+0000] {dagbag.py:588} INFO - Filling up the DagBag from /home/airflow/.local/lib/python3.12/site-packages/airflow/example_dags/example_setup_teardown.py
[2025-09-29T14:49:40.717+0000] {processor.py:925} INFO - DAG(s) 'example_setup_teardown' retrieved from /home/airflow/.local/lib/python3.12/site-packages/airflow/example_dags/example_setup_teardown.py
[2025-09-29T14:49:40.733+0000] {logging_mixin.py:190} INFO - [2025-09-29T14:49:40.733+0000] {dag.py:3239} INFO - Sync 1 DAGs
[2025-09-29T14:49:40.742+0000] {logging_mixin.py:190} INFO - [2025-09-29T14:49:40.741+0000] {dag.py:4180} INFO - Setting next_dagrun for example_setup_teardown to None, run_after=None
[2025-09-29T14:49:40.756+0000] {processor.py:208} INFO - Processing /home/airflow/.local/lib/python3.12/site-packages/airflow/example_dags/example_setup_teardown.py took 0.049 seconds
[2025-09-29T14:50:11.079+0000] {processor.py:186} INFO - Started process (PID=2054) to work on /home/airflow/.local/lib/python3.12/site-packages/airflow/example_dags/example_setup_teardown.py
[2025-09-29T14:50:11.080+0000] {processor.py:914} INFO - Processing file /home/airflow/.local/lib/python3.12/site-packages/airflow/example_dags/example_setup_teardown.py for tasks to queue
[2025-09-29T14:50:11.082+0000] {logging_mixin.py:190} INFO - [2025-09-29T14:50:11.082+0000] {dagbag.py:588} INFO - Filling up the DagBag from /home/airflow/.local/lib/python3.12/site-packages/airflow/example_dags/example_setup_teardown.py
[2025-09-29T14:50:11.086+0000] {processor.py:925} INFO - DAG(s) 'example_setup_teardown' retrieved from /home/airflow/.local/lib/python3.12/site-packages/airflow/example_dags/example_setup_teardown.py
[2025-09-29T14:50:11.096+0000] {logging_mixin.py:190} INFO - [2025-09-29T14:50:11.096+0000] {dag.py:3239} INFO - Sync 1 DAGs
[2025-09-29T14:50:11.103+0000] {logging_mixin.py:190} INFO - [2025-09-29T14:50:11.103+0000] {dag.py:4180} INFO - Setting next_dagrun for example_setup_teardown to None, run_after=None
[2025-09-29T14:50:11.119+0000] {processor.py:208} INFO - Processing /home/airflow/.local/lib/python3.12/site-packages/airflow/example_dags/example_setup_teardown.py took 0.043 seconds
[2025-09-29T14:50:41.327+0000] {processor.py:186} INFO - Started process (PID=2118) to work on /home/airflow/.local/lib/python3.12/site-packages/airflow/example_dags/example_setup_teardown.py
[2025-09-29T14:50:41.328+0000] {processor.py:914} INFO - Processing file /home/airflow/.local/lib/python3.12/site-packages/airflow/example_dags/example_setup_teardown.py for tasks to queue
[2025-09-29T14:50:41.329+0000] {logging_mixin.py:190} INFO - [2025-09-29T14:50:41.329+0000] {dagbag.py:588} INFO - Filling up the DagBag from /home/airflow/.local/lib/python3.12/site-packages/airflow/example_dags/example_setup_teardown.py
[2025-09-29T14:50:41.334+0000] {processor.py:925} INFO - DAG(s) 'example_setup_teardown' retrieved from /home/airflow/.local/lib/python3.12/site-packages/airflow/example_dags/example_setup_teardown.py
[2025-09-29T14:50:41.344+0000] {logging_mixin.py:190} INFO - [2025-09-29T14:50:41.344+0000] {dag.py:3239} INFO - Sync 1 DAGs
[2025-09-29T14:50:41.350+0000] {logging_mixin.py:190} INFO - [2025-09-29T14:50:41.350+0000] {dag.py:4180} INFO - Setting next_dagrun for example_setup_teardown to None, run_after=None
[2025-09-29T14:50:41.364+0000] {processor.py:208} INFO - Processing /home/airflow/.local/lib/python3.12/site-packages/airflow/example_dags/example_setup_teardown.py took 0.040 seconds
[2025-09-29T14:51:11.575+0000] {processor.py:186} INFO - Started process (PID=2182) to work on /home/airflow/.local/lib/python3.12/site-packages/airflow/example_dags/example_setup_teardown.py
[2025-09-29T14:51:11.575+0000] {processor.py:914} INFO - Processing file /home/airflow/.local/lib/python3.12/site-packages/airflow/example_dags/example_setup_teardown.py for tasks to queue
[2025-09-29T14:51:11.576+0000] {logging_mixin.py:190} INFO - [2025-09-29T14:51:11.576+0000] {dagbag.py:588} INFO - Filling up the DagBag from /home/airflow/.local/lib/python3.12/site-packages/airflow/example_dags/example_setup_teardown.py
[2025-09-29T14:51:11.580+0000] {processor.py:925} INFO - DAG(s) 'example_setup_teardown' retrieved from /home/airflow/.local/lib/python3.12/site-packages/airflow/example_dags/example_setup_teardown.py
[2025-09-29T14:51:11.592+0000] {logging_mixin.py:190} INFO - [2025-09-29T14:51:11.591+0000] {dag.py:3239} INFO - Sync 1 DAGs
[2025-09-29T14:51:11.598+0000] {logging_mixin.py:190} INFO - [2025-09-29T14:51:11.598+0000] {dag.py:4180} INFO - Setting next_dagrun for example_setup_teardown to None, run_after=None
[2025-09-29T14:51:11.609+0000] {processor.py:208} INFO - Processing /home/airflow/.local/lib/python3.12/site-packages/airflow/example_dags/example_setup_teardown.py took 0.037 seconds
[2025-09-29T14:51:41.993+0000] {processor.py:186} INFO - Started process (PID=2246) to work on /home/airflow/.local/lib/python3.12/site-packages/airflow/example_dags/example_setup_teardown.py
[2025-09-29T14:51:41.994+0000] {processor.py:914} INFO - Processing file /home/airflow/.local/lib/python3.12/site-packages/airflow/example_dags/example_setup_teardown.py for tasks to queue
[2025-09-29T14:51:41.997+0000] {logging_mixin.py:190} INFO - [2025-09-29T14:51:41.997+0000] {dagbag.py:588} INFO - Filling up the DagBag from /home/airflow/.local/lib/python3.12/site-packages/airflow/example_dags/example_setup_teardown.py
[2025-09-29T14:51:42.002+0000] {processor.py:925} INFO - DAG(s) 'example_setup_teardown' retrieved from /home/airflow/.local/lib/python3.12/site-packages/airflow/example_dags/example_setup_teardown.py
[2025-09-29T14:51:42.014+0000] {logging_mixin.py:190} INFO - [2025-09-29T14:51:42.014+0000] {dag.py:3239} INFO - Sync 1 DAGs
[2025-09-29T14:51:42.022+0000] {logging_mixin.py:190} INFO - [2025-09-29T14:51:42.022+0000] {dag.py:4180} INFO - Setting next_dagrun for example_setup_teardown to None, run_after=None
[2025-09-29T14:51:42.034+0000] {processor.py:208} INFO - Processing /home/airflow/.local/lib/python3.12/site-packages/airflow/example_dags/example_setup_teardown.py took 0.044 seconds
[2025-09-29T14:52:12.272+0000] {processor.py:186} INFO - Started process (PID=2309) to work on /home/airflow/.local/lib/python3.12/site-packages/airflow/example_dags/example_setup_teardown.py
[2025-09-29T14:52:12.273+0000] {processor.py:914} INFO - Processing file /home/airflow/.local/lib/python3.12/site-packages/airflow/example_dags/example_setup_teardown.py for tasks to queue
[2025-09-29T14:52:12.274+0000] {logging_mixin.py:190} INFO - [2025-09-29T14:52:12.274+0000] {dagbag.py:588} INFO - Filling up the DagBag from /home/airflow/.local/lib/python3.12/site-packages/airflow/example_dags/example_setup_teardown.py
[2025-09-29T14:52:12.278+0000] {processor.py:925} INFO - DAG(s) 'example_setup_teardown' retrieved from /home/airflow/.local/lib/python3.12/site-packages/airflow/example_dags/example_setup_teardown.py
[2025-09-29T14:52:12.290+0000] {logging_mixin.py:190} INFO - [2025-09-29T14:52:12.290+0000] {dag.py:3239} INFO - Sync 1 DAGs
[2025-09-29T14:52:12.301+0000] {logging_mixin.py:190} INFO - [2025-09-29T14:52:12.301+0000] {dag.py:4180} INFO - Setting next_dagrun for example_setup_teardown to None, run_after=None
[2025-09-29T14:52:12.310+0000] {processor.py:208} INFO - Processing /home/airflow/.local/lib/python3.12/site-packages/airflow/example_dags/example_setup_teardown.py took 0.041 seconds
[2025-09-29T14:52:42.459+0000] {processor.py:186} INFO - Started process (PID=2372) to work on /home/airflow/.local/lib/python3.12/site-packages/airflow/example_dags/example_setup_teardown.py
[2025-09-29T14:52:42.460+0000] {processor.py:914} INFO - Processing file /home/airflow/.local/lib/python3.12/site-packages/airflow/example_dags/example_setup_teardown.py for tasks to queue
[2025-09-29T14:52:42.461+0000] {logging_mixin.py:190} INFO - [2025-09-29T14:52:42.461+0000] {dagbag.py:588} INFO - Filling up the DagBag from /home/airflow/.local/lib/python3.12/site-packages/airflow/example_dags/example_setup_teardown.py
[2025-09-29T14:52:42.466+0000] {processor.py:925} INFO - DAG(s) 'example_setup_teardown' retrieved from /home/airflow/.local/lib/python3.12/site-packages/airflow/example_dags/example_setup_teardown.py
[2025-09-29T14:52:42.476+0000] {logging_mixin.py:190} INFO - [2025-09-29T14:52:42.476+0000] {dag.py:3239} INFO - Sync 1 DAGs
[2025-09-29T14:52:42.483+0000] {logging_mixin.py:190} INFO - [2025-09-29T14:52:42.483+0000] {dag.py:4180} INFO - Setting next_dagrun for example_setup_teardown to None, run_after=None
[2025-09-29T14:52:42.493+0000] {processor.py:208} INFO - Processing /home/airflow/.local/lib/python3.12/site-packages/airflow/example_dags/example_setup_teardown.py took 0.037 seconds
[2025-09-29T14:53:12.651+0000] {processor.py:186} INFO - Started process (PID=2435) to work on /home/airflow/.local/lib/python3.12/site-packages/airflow/example_dags/example_setup_teardown.py
[2025-09-29T14:53:12.651+0000] {processor.py:914} INFO - Processing file /home/airflow/.local/lib/python3.12/site-packages/airflow/example_dags/example_setup_teardown.py for tasks to queue
[2025-09-29T14:53:12.652+0000] {logging_mixin.py:190} INFO - [2025-09-29T14:53:12.651+0000] {dagbag.py:588} INFO - Filling up the DagBag from /home/airflow/.local/lib/python3.12/site-packages/airflow/example_dags/example_setup_teardown.py
[2025-09-29T14:53:12.656+0000] {processor.py:925} INFO - DAG(s) 'example_setup_teardown' retrieved from /home/airflow/.local/lib/python3.12/site-packages/airflow/example_dags/example_setup_teardown.py
[2025-09-29T14:53:12.666+0000] {logging_mixin.py:190} INFO - [2025-09-29T14:53:12.666+0000] {dag.py:3239} INFO - Sync 1 DAGs
[2025-09-29T14:53:12.674+0000] {logging_mixin.py:190} INFO - [2025-09-29T14:53:12.674+0000] {dag.py:4180} INFO - Setting next_dagrun for example_setup_teardown to None, run_after=None
[2025-09-29T14:53:12.682+0000] {processor.py:208} INFO - Processing /home/airflow/.local/lib/python3.12/site-packages/airflow/example_dags/example_setup_teardown.py took 0.035 seconds
[2025-09-29T14:53:42.891+0000] {processor.py:186} INFO - Started process (PID=2498) to work on /home/airflow/.local/lib/python3.12/site-packages/airflow/example_dags/example_setup_teardown.py
[2025-09-29T14:53:42.892+0000] {processor.py:914} INFO - Processing file /home/airflow/.local/lib/python3.12/site-packages/airflow/example_dags/example_setup_teardown.py for tasks to queue
[2025-09-29T14:53:42.894+0000] {logging_mixin.py:190} INFO - [2025-09-29T14:53:42.893+0000] {dagbag.py:588} INFO - Filling up the DagBag from /home/airflow/.local/lib/python3.12/site-packages/airflow/example_dags/example_setup_teardown.py
[2025-09-29T14:53:42.899+0000] {processor.py:925} INFO - DAG(s) 'example_setup_teardown' retrieved from /home/airflow/.local/lib/python3.12/site-packages/airflow/example_dags/example_setup_teardown.py
[2025-09-29T14:53:42.911+0000] {logging_mixin.py:190} INFO - [2025-09-29T14:53:42.910+0000] {dag.py:3239} INFO - Sync 1 DAGs
[2025-09-29T14:53:42.918+0000] {logging_mixin.py:190} INFO - [2025-09-29T14:53:42.918+0000] {dag.py:4180} INFO - Setting next_dagrun for example_setup_teardown to None, run_after=None
[2025-09-29T14:53:42.927+0000] {processor.py:208} INFO - Processing /home/airflow/.local/lib/python3.12/site-packages/airflow/example_dags/example_setup_teardown.py took 0.040 seconds
[2025-09-29T14:54:13.145+0000] {processor.py:186} INFO - Started process (PID=2561) to work on /home/airflow/.local/lib/python3.12/site-packages/airflow/example_dags/example_setup_teardown.py
[2025-09-29T14:54:13.146+0000] {processor.py:914} INFO - Processing file /home/airflow/.local/lib/python3.12/site-packages/airflow/example_dags/example_setup_teardown.py for tasks to queue
[2025-09-29T14:54:13.146+0000] {logging_mixin.py:190} INFO - [2025-09-29T14:54:13.146+0000] {dagbag.py:588} INFO - Filling up the DagBag from /home/airflow/.local/lib/python3.12/site-packages/airflow/example_dags/example_setup_teardown.py
[2025-09-29T14:54:13.151+0000] {processor.py:925} INFO - DAG(s) 'example_setup_teardown' retrieved from /home/airflow/.local/lib/python3.12/site-packages/airflow/example_dags/example_setup_teardown.py
[2025-09-29T14:54:13.161+0000] {logging_mixin.py:190} INFO - [2025-09-29T14:54:13.161+0000] {dag.py:3239} INFO - Sync 1 DAGs
[2025-09-29T14:54:13.168+0000] {logging_mixin.py:190} INFO - [2025-09-29T14:54:13.168+0000] {dag.py:4180} INFO - Setting next_dagrun for example_setup_teardown to None, run_after=None
[2025-09-29T14:54:13.179+0000] {processor.py:208} INFO - Processing /home/airflow/.local/lib/python3.12/site-packages/airflow/example_dags/example_setup_teardown.py took 0.037 seconds
[2025-09-29T14:54:43.420+0000] {processor.py:186} INFO - Started process (PID=2624) to work on /home/airflow/.local/lib/python3.12/site-packages/airflow/example_dags/example_setup_teardown.py
[2025-09-29T14:54:43.423+0000] {processor.py:914} INFO - Processing file /home/airflow/.local/lib/python3.12/site-packages/airflow/example_dags/example_setup_teardown.py for tasks to queue
[2025-09-29T14:54:43.424+0000] {logging_mixin.py:190} INFO - [2025-09-29T14:54:43.423+0000] {dagbag.py:588} INFO - Filling up the DagBag from /home/airflow/.local/lib/python3.12/site-packages/airflow/example_dags/example_setup_teardown.py
[2025-09-29T14:54:43.428+0000] {processor.py:925} INFO - DAG(s) 'example_setup_teardown' retrieved from /home/airflow/.local/lib/python3.12/site-packages/airflow/example_dags/example_setup_teardown.py
[2025-09-29T14:54:43.438+0000] {logging_mixin.py:190} INFO - [2025-09-29T14:54:43.438+0000] {dag.py:3239} INFO - Sync 1 DAGs
[2025-09-29T14:54:43.449+0000] {logging_mixin.py:190} INFO - [2025-09-29T14:54:43.448+0000] {dag.py:4180} INFO - Setting next_dagrun for example_setup_teardown to None, run_after=None
[2025-09-29T14:54:43.460+0000] {processor.py:208} INFO - Processing /home/airflow/.local/lib/python3.12/site-packages/airflow/example_dags/example_setup_teardown.py took 0.040 seconds
[2025-09-29T14:55:13.841+0000] {processor.py:186} INFO - Started process (PID=2687) to work on /home/airflow/.local/lib/python3.12/site-packages/airflow/example_dags/example_setup_teardown.py
[2025-09-29T14:55:13.841+0000] {processor.py:914} INFO - Processing file /home/airflow/.local/lib/python3.12/site-packages/airflow/example_dags/example_setup_teardown.py for tasks to queue
[2025-09-29T14:55:13.842+0000] {logging_mixin.py:190} INFO - [2025-09-29T14:55:13.842+0000] {dagbag.py:588} INFO - Filling up the DagBag from /home/airflow/.local/lib/python3.12/site-packages/airflow/example_dags/example_setup_teardown.py
[2025-09-29T14:55:13.847+0000] {processor.py:925} INFO - DAG(s) 'example_setup_teardown' retrieved from /home/airflow/.local/lib/python3.12/site-packages/airflow/example_dags/example_setup_teardown.py
[2025-09-29T14:55:13.858+0000] {logging_mixin.py:190} INFO - [2025-09-29T14:55:13.858+0000] {dag.py:3239} INFO - Sync 1 DAGs
[2025-09-29T14:55:13.868+0000] {logging_mixin.py:190} INFO - [2025-09-29T14:55:13.868+0000] {dag.py:4180} INFO - Setting next_dagrun for example_setup_teardown to None, run_after=None
[2025-09-29T14:55:13.882+0000] {processor.py:208} INFO - Processing /home/airflow/.local/lib/python3.12/site-packages/airflow/example_dags/example_setup_teardown.py took 0.045 seconds
[2025-09-29T14:55:44.307+0000] {processor.py:186} INFO - Started process (PID=2749) to work on /home/airflow/.local/lib/python3.12/site-packages/airflow/example_dags/example_setup_teardown.py
[2025-09-29T14:55:44.308+0000] {processor.py:914} INFO - Processing file /home/airflow/.local/lib/python3.12/site-packages/airflow/example_dags/example_setup_teardown.py for tasks to queue
[2025-09-29T14:55:44.308+0000] {logging_mixin.py:190} INFO - [2025-09-29T14:55:44.308+0000] {dagbag.py:588} INFO - Filling up the DagBag from /home/airflow/.local/lib/python3.12/site-packages/airflow/example_dags/example_setup_teardown.py
[2025-09-29T14:55:44.313+0000] {processor.py:925} INFO - DAG(s) 'example_setup_teardown' retrieved from /home/airflow/.local/lib/python3.12/site-packages/airflow/example_dags/example_setup_teardown.py
[2025-09-29T14:55:44.323+0000] {logging_mixin.py:190} INFO - [2025-09-29T14:55:44.323+0000] {dag.py:3239} INFO - Sync 1 DAGs
[2025-09-29T14:55:44.330+0000] {logging_mixin.py:190} INFO - [2025-09-29T14:55:44.329+0000] {dag.py:4180} INFO - Setting next_dagrun for example_setup_teardown to None, run_after=None
[2025-09-29T14:55:44.337+0000] {processor.py:208} INFO - Processing /home/airflow/.local/lib/python3.12/site-packages/airflow/example_dags/example_setup_teardown.py took 0.033 seconds
[2025-09-29T14:56:14.889+0000] {processor.py:186} INFO - Started process (PID=2812) to work on /home/airflow/.local/lib/python3.12/site-packages/airflow/example_dags/example_setup_teardown.py
[2025-09-29T14:56:14.891+0000] {processor.py:914} INFO - Processing file /home/airflow/.local/lib/python3.12/site-packages/airflow/example_dags/example_setup_teardown.py for tasks to queue
[2025-09-29T14:56:14.892+0000] {logging_mixin.py:190} INFO - [2025-09-29T14:56:14.892+0000] {dagbag.py:588} INFO - Filling up the DagBag from /home/airflow/.local/lib/python3.12/site-packages/airflow/example_dags/example_setup_teardown.py
[2025-09-29T14:56:14.896+0000] {processor.py:925} INFO - DAG(s) 'example_setup_teardown' retrieved from /home/airflow/.local/lib/python3.12/site-packages/airflow/example_dags/example_setup_teardown.py
[2025-09-29T14:56:14.906+0000] {logging_mixin.py:190} INFO - [2025-09-29T14:56:14.906+0000] {dag.py:3239} INFO - Sync 1 DAGs
[2025-09-29T14:56:14.918+0000] {logging_mixin.py:190} INFO - [2025-09-29T14:56:14.918+0000] {dag.py:4180} INFO - Setting next_dagrun for example_setup_teardown to None, run_after=None
[2025-09-29T14:56:14.930+0000] {processor.py:208} INFO - Processing /home/airflow/.local/lib/python3.12/site-packages/airflow/example_dags/example_setup_teardown.py took 0.044 seconds
[2025-09-29T14:56:45.365+0000] {processor.py:186} INFO - Started process (PID=2875) to work on /home/airflow/.local/lib/python3.12/site-packages/airflow/example_dags/example_setup_teardown.py
[2025-09-29T14:56:45.366+0000] {processor.py:914} INFO - Processing file /home/airflow/.local/lib/python3.12/site-packages/airflow/example_dags/example_setup_teardown.py for tasks to queue
[2025-09-29T14:56:45.367+0000] {logging_mixin.py:190} INFO - [2025-09-29T14:56:45.366+0000] {dagbag.py:588} INFO - Filling up the DagBag from /home/airflow/.local/lib/python3.12/site-packages/airflow/example_dags/example_setup_teardown.py
[2025-09-29T14:56:45.371+0000] {processor.py:925} INFO - DAG(s) 'example_setup_teardown' retrieved from /home/airflow/.local/lib/python3.12/site-packages/airflow/example_dags/example_setup_teardown.py
[2025-09-29T14:56:45.381+0000] {logging_mixin.py:190} INFO - [2025-09-29T14:56:45.381+0000] {dag.py:3239} INFO - Sync 1 DAGs
[2025-09-29T14:56:45.387+0000] {logging_mixin.py:190} INFO - [2025-09-29T14:56:45.387+0000] {dag.py:4180} INFO - Setting next_dagrun for example_setup_teardown to None, run_after=None
[2025-09-29T14:56:45.395+0000] {processor.py:208} INFO - Processing /home/airflow/.local/lib/python3.12/site-packages/airflow/example_dags/example_setup_teardown.py took 0.033 seconds
[2025-09-29T14:57:15.883+0000] {processor.py:186} INFO - Started process (PID=2938) to work on /home/airflow/.local/lib/python3.12/site-packages/airflow/example_dags/example_setup_teardown.py
[2025-09-29T14:57:15.887+0000] {processor.py:914} INFO - Processing file /home/airflow/.local/lib/python3.12/site-packages/airflow/example_dags/example_setup_teardown.py for tasks to queue
[2025-09-29T14:57:15.888+0000] {logging_mixin.py:190} INFO - [2025-09-29T14:57:15.887+0000] {dagbag.py:588} INFO - Filling up the DagBag from /home/airflow/.local/lib/python3.12/site-packages/airflow/example_dags/example_setup_teardown.py
[2025-09-29T14:57:15.893+0000] {processor.py:925} INFO - DAG(s) 'example_setup_teardown' retrieved from /home/airflow/.local/lib/python3.12/site-packages/airflow/example_dags/example_setup_teardown.py
[2025-09-29T14:57:15.906+0000] {logging_mixin.py:190} INFO - [2025-09-29T14:57:15.906+0000] {dag.py:3239} INFO - Sync 1 DAGs
[2025-09-29T14:57:15.914+0000] {logging_mixin.py:190} INFO - [2025-09-29T14:57:15.914+0000] {dag.py:4180} INFO - Setting next_dagrun for example_setup_teardown to None, run_after=None
[2025-09-29T14:57:15.923+0000] {processor.py:208} INFO - Processing /home/airflow/.local/lib/python3.12/site-packages/airflow/example_dags/example_setup_teardown.py took 0.043 seconds
[2025-09-29T14:57:46.469+0000] {processor.py:186} INFO - Started process (PID=3001) to work on /home/airflow/.local/lib/python3.12/site-packages/airflow/example_dags/example_setup_teardown.py
[2025-09-29T14:57:46.469+0000] {processor.py:914} INFO - Processing file /home/airflow/.local/lib/python3.12/site-packages/airflow/example_dags/example_setup_teardown.py for tasks to queue
[2025-09-29T14:57:46.470+0000] {logging_mixin.py:190} INFO - [2025-09-29T14:57:46.469+0000] {dagbag.py:588} INFO - Filling up the DagBag from /home/airflow/.local/lib/python3.12/site-packages/airflow/example_dags/example_setup_teardown.py
[2025-09-29T14:57:46.474+0000] {processor.py:925} INFO - DAG(s) 'example_setup_teardown' retrieved from /home/airflow/.local/lib/python3.12/site-packages/airflow/example_dags/example_setup_teardown.py
[2025-09-29T14:57:46.487+0000] {logging_mixin.py:190} INFO - [2025-09-29T14:57:46.487+0000] {dag.py:3239} INFO - Sync 1 DAGs
[2025-09-29T14:57:46.497+0000] {logging_mixin.py:190} INFO - [2025-09-29T14:57:46.497+0000] {dag.py:4180} INFO - Setting next_dagrun for example_setup_teardown to None, run_after=None
[2025-09-29T14:57:46.509+0000] {processor.py:208} INFO - Processing /home/airflow/.local/lib/python3.12/site-packages/airflow/example_dags/example_setup_teardown.py took 0.044 seconds
[2025-09-29T14:58:17.202+0000] {processor.py:186} INFO - Started process (PID=3063) to work on /home/airflow/.local/lib/python3.12/site-packages/airflow/example_dags/example_setup_teardown.py
[2025-09-29T14:58:17.203+0000] {processor.py:914} INFO - Processing file /home/airflow/.local/lib/python3.12/site-packages/airflow/example_dags/example_setup_teardown.py for tasks to queue
[2025-09-29T14:58:17.204+0000] {logging_mixin.py:190} INFO - [2025-09-29T14:58:17.204+0000] {dagbag.py:588} INFO - Filling up the DagBag from /home/airflow/.local/lib/python3.12/site-packages/airflow/example_dags/example_setup_teardown.py
[2025-09-29T14:58:17.209+0000] {processor.py:925} INFO - DAG(s) 'example_setup_teardown' retrieved from /home/airflow/.local/lib/python3.12/site-packages/airflow/example_dags/example_setup_teardown.py
[2025-09-29T14:58:17.224+0000] {logging_mixin.py:190} INFO - [2025-09-29T14:58:17.224+0000] {dag.py:3239} INFO - Sync 1 DAGs
[2025-09-29T14:58:17.232+0000] {logging_mixin.py:190} INFO - [2025-09-29T14:58:17.232+0000] {dag.py:4180} INFO - Setting next_dagrun for example_setup_teardown to None, run_after=None
[2025-09-29T14:58:17.247+0000] {processor.py:208} INFO - Processing /home/airflow/.local/lib/python3.12/site-packages/airflow/example_dags/example_setup_teardown.py took 0.048 seconds
[2025-09-29T14:58:47.837+0000] {processor.py:186} INFO - Started process (PID=3126) to work on /home/airflow/.local/lib/python3.12/site-packages/airflow/example_dags/example_setup_teardown.py
[2025-09-29T14:58:47.837+0000] {processor.py:914} INFO - Processing file /home/airflow/.local/lib/python3.12/site-packages/airflow/example_dags/example_setup_teardown.py for tasks to queue
[2025-09-29T14:58:47.838+0000] {logging_mixin.py:190} INFO - [2025-09-29T14:58:47.838+0000] {dagbag.py:588} INFO - Filling up the DagBag from /home/airflow/.local/lib/python3.12/site-packages/airflow/example_dags/example_setup_teardown.py
[2025-09-29T14:58:47.842+0000] {processor.py:925} INFO - DAG(s) 'example_setup_teardown' retrieved from /home/airflow/.local/lib/python3.12/site-packages/airflow/example_dags/example_setup_teardown.py
[2025-09-29T14:58:47.852+0000] {logging_mixin.py:190} INFO - [2025-09-29T14:58:47.852+0000] {dag.py:3239} INFO - Sync 1 DAGs
[2025-09-29T14:58:47.858+0000] {logging_mixin.py:190} INFO - [2025-09-29T14:58:47.858+0000] {dag.py:4180} INFO - Setting next_dagrun for example_setup_teardown to None, run_after=None
[2025-09-29T14:58:47.866+0000] {processor.py:208} INFO - Processing /home/airflow/.local/lib/python3.12/site-packages/airflow/example_dags/example_setup_teardown.py took 0.033 seconds
[2025-09-29T14:59:18.483+0000] {processor.py:186} INFO - Started process (PID=3189) to work on /home/airflow/.local/lib/python3.12/site-packages/airflow/example_dags/example_setup_teardown.py
[2025-09-29T14:59:18.484+0000] {processor.py:914} INFO - Processing file /home/airflow/.local/lib/python3.12/site-packages/airflow/example_dags/example_setup_teardown.py for tasks to queue
[2025-09-29T14:59:18.485+0000] {logging_mixin.py:190} INFO - [2025-09-29T14:59:18.485+0000] {dagbag.py:588} INFO - Filling up the DagBag from /home/airflow/.local/lib/python3.12/site-packages/airflow/example_dags/example_setup_teardown.py
[2025-09-29T14:59:18.489+0000] {processor.py:925} INFO - DAG(s) 'example_setup_teardown' retrieved from /home/airflow/.local/lib/python3.12/site-packages/airflow/example_dags/example_setup_teardown.py
[2025-09-29T14:59:18.499+0000] {logging_mixin.py:190} INFO - [2025-09-29T14:59:18.499+0000] {dag.py:3239} INFO - Sync 1 DAGs
[2025-09-29T14:59:18.507+0000] {logging_mixin.py:190} INFO - [2025-09-29T14:59:18.507+0000] {dag.py:4180} INFO - Setting next_dagrun for example_setup_teardown to None, run_after=None
[2025-09-29T14:59:18.519+0000] {processor.py:208} INFO - Processing /home/airflow/.local/lib/python3.12/site-packages/airflow/example_dags/example_setup_teardown.py took 0.040 seconds
[2025-09-29T14:59:49.054+0000] {processor.py:186} INFO - Started process (PID=3252) to work on /home/airflow/.local/lib/python3.12/site-packages/airflow/example_dags/example_setup_teardown.py
[2025-09-29T14:59:49.055+0000] {processor.py:914} INFO - Processing file /home/airflow/.local/lib/python3.12/site-packages/airflow/example_dags/example_setup_teardown.py for tasks to queue
[2025-09-29T14:59:49.055+0000] {logging_mixin.py:190} INFO - [2025-09-29T14:59:49.055+0000] {dagbag.py:588} INFO - Filling up the DagBag from /home/airflow/.local/lib/python3.12/site-packages/airflow/example_dags/example_setup_teardown.py
[2025-09-29T14:59:49.059+0000] {processor.py:925} INFO - DAG(s) 'example_setup_teardown' retrieved from /home/airflow/.local/lib/python3.12/site-packages/airflow/example_dags/example_setup_teardown.py
[2025-09-29T14:59:49.072+0000] {logging_mixin.py:190} INFO - [2025-09-29T14:59:49.071+0000] {dag.py:3239} INFO - Sync 1 DAGs
[2025-09-29T14:59:49.079+0000] {logging_mixin.py:190} INFO - [2025-09-29T14:59:49.079+0000] {dag.py:4180} INFO - Setting next_dagrun for example_setup_teardown to None, run_after=None
[2025-09-29T14:59:49.088+0000] {processor.py:208} INFO - Processing /home/airflow/.local/lib/python3.12/site-packages/airflow/example_dags/example_setup_teardown.py took 0.037 seconds
[2025-09-29T15:00:19.552+0000] {processor.py:186} INFO - Started process (PID=3315) to work on /home/airflow/.local/lib/python3.12/site-packages/airflow/example_dags/example_setup_teardown.py
[2025-09-29T15:00:19.554+0000] {processor.py:914} INFO - Processing file /home/airflow/.local/lib/python3.12/site-packages/airflow/example_dags/example_setup_teardown.py for tasks to queue
[2025-09-29T15:00:19.554+0000] {logging_mixin.py:190} INFO - [2025-09-29T15:00:19.554+0000] {dagbag.py:588} INFO - Filling up the DagBag from /home/airflow/.local/lib/python3.12/site-packages/airflow/example_dags/example_setup_teardown.py
[2025-09-29T15:00:19.560+0000] {processor.py:925} INFO - DAG(s) 'example_setup_teardown' retrieved from /home/airflow/.local/lib/python3.12/site-packages/airflow/example_dags/example_setup_teardown.py
[2025-09-29T15:00:19.571+0000] {logging_mixin.py:190} INFO - [2025-09-29T15:00:19.571+0000] {dag.py:3239} INFO - Sync 1 DAGs
[2025-09-29T15:00:19.579+0000] {logging_mixin.py:190} INFO - [2025-09-29T15:00:19.579+0000] {dag.py:4180} INFO - Setting next_dagrun for example_setup_teardown to None, run_after=None
[2025-09-29T15:00:19.588+0000] {processor.py:208} INFO - Processing /home/airflow/.local/lib/python3.12/site-packages/airflow/example_dags/example_setup_teardown.py took 0.040 seconds
[2025-09-29T15:00:50.180+0000] {processor.py:186} INFO - Started process (PID=3378) to work on /home/airflow/.local/lib/python3.12/site-packages/airflow/example_dags/example_setup_teardown.py
[2025-09-29T15:00:50.181+0000] {processor.py:914} INFO - Processing file /home/airflow/.local/lib/python3.12/site-packages/airflow/example_dags/example_setup_teardown.py for tasks to queue
[2025-09-29T15:00:50.181+0000] {logging_mixin.py:190} INFO - [2025-09-29T15:00:50.181+0000] {dagbag.py:588} INFO - Filling up the DagBag from /home/airflow/.local/lib/python3.12/site-packages/airflow/example_dags/example_setup_teardown.py
[2025-09-29T15:00:50.186+0000] {processor.py:925} INFO - DAG(s) 'example_setup_teardown' retrieved from /home/airflow/.local/lib/python3.12/site-packages/airflow/example_dags/example_setup_teardown.py
[2025-09-29T15:00:50.197+0000] {logging_mixin.py:190} INFO - [2025-09-29T15:00:50.196+0000] {dag.py:3239} INFO - Sync 1 DAGs
[2025-09-29T15:00:50.203+0000] {logging_mixin.py:190} INFO - [2025-09-29T15:00:50.203+0000] {dag.py:4180} INFO - Setting next_dagrun for example_setup_teardown to None, run_after=None
[2025-09-29T15:00:50.211+0000] {processor.py:208} INFO - Processing /home/airflow/.local/lib/python3.12/site-packages/airflow/example_dags/example_setup_teardown.py took 0.033 seconds
[2025-09-29T15:01:20.747+0000] {processor.py:186} INFO - Started process (PID=3441) to work on /home/airflow/.local/lib/python3.12/site-packages/airflow/example_dags/example_setup_teardown.py
[2025-09-29T15:01:20.747+0000] {processor.py:914} INFO - Processing file /home/airflow/.local/lib/python3.12/site-packages/airflow/example_dags/example_setup_teardown.py for tasks to queue
[2025-09-29T15:01:20.748+0000] {logging_mixin.py:190} INFO - [2025-09-29T15:01:20.748+0000] {dagbag.py:588} INFO - Filling up the DagBag from /home/airflow/.local/lib/python3.12/site-packages/airflow/example_dags/example_setup_teardown.py
[2025-09-29T15:01:20.753+0000] {processor.py:925} INFO - DAG(s) 'example_setup_teardown' retrieved from /home/airflow/.local/lib/python3.12/site-packages/airflow/example_dags/example_setup_teardown.py
[2025-09-29T15:01:20.768+0000] {logging_mixin.py:190} INFO - [2025-09-29T15:01:20.768+0000] {dag.py:3239} INFO - Sync 1 DAGs
[2025-09-29T15:01:20.775+0000] {logging_mixin.py:190} INFO - [2025-09-29T15:01:20.775+0000] {dag.py:4180} INFO - Setting next_dagrun for example_setup_teardown to None, run_after=None
[2025-09-29T15:01:20.787+0000] {processor.py:208} INFO - Processing /home/airflow/.local/lib/python3.12/site-packages/airflow/example_dags/example_setup_teardown.py took 0.044 seconds
[2025-09-29T15:01:51.344+0000] {processor.py:186} INFO - Started process (PID=3504) to work on /home/airflow/.local/lib/python3.12/site-packages/airflow/example_dags/example_setup_teardown.py
[2025-09-29T15:01:51.346+0000] {processor.py:914} INFO - Processing file /home/airflow/.local/lib/python3.12/site-packages/airflow/example_dags/example_setup_teardown.py for tasks to queue
[2025-09-29T15:01:51.346+0000] {logging_mixin.py:190} INFO - [2025-09-29T15:01:51.346+0000] {dagbag.py:588} INFO - Filling up the DagBag from /home/airflow/.local/lib/python3.12/site-packages/airflow/example_dags/example_setup_teardown.py
[2025-09-29T15:01:51.350+0000] {processor.py:925} INFO - DAG(s) 'example_setup_teardown' retrieved from /home/airflow/.local/lib/python3.12/site-packages/airflow/example_dags/example_setup_teardown.py
[2025-09-29T15:01:51.366+0000] {logging_mixin.py:190} INFO - [2025-09-29T15:01:51.365+0000] {dag.py:3239} INFO - Sync 1 DAGs
[2025-09-29T15:01:51.373+0000] {logging_mixin.py:190} INFO - [2025-09-29T15:01:51.373+0000] {dag.py:4180} INFO - Setting next_dagrun for example_setup_teardown to None, run_after=None
[2025-09-29T15:01:51.384+0000] {processor.py:208} INFO - Processing /home/airflow/.local/lib/python3.12/site-packages/airflow/example_dags/example_setup_teardown.py took 0.043 seconds
[2025-09-29T15:02:21.805+0000] {processor.py:186} INFO - Started process (PID=3567) to work on /home/airflow/.local/lib/python3.12/site-packages/airflow/example_dags/example_setup_teardown.py
[2025-09-29T15:02:21.809+0000] {processor.py:914} INFO - Processing file /home/airflow/.local/lib/python3.12/site-packages/airflow/example_dags/example_setup_teardown.py for tasks to queue
[2025-09-29T15:02:21.810+0000] {logging_mixin.py:190} INFO - [2025-09-29T15:02:21.810+0000] {dagbag.py:588} INFO - Filling up the DagBag from /home/airflow/.local/lib/python3.12/site-packages/airflow/example_dags/example_setup_teardown.py
[2025-09-29T15:02:21.815+0000] {processor.py:925} INFO - DAG(s) 'example_setup_teardown' retrieved from /home/airflow/.local/lib/python3.12/site-packages/airflow/example_dags/example_setup_teardown.py
[2025-09-29T15:02:21.827+0000] {logging_mixin.py:190} INFO - [2025-09-29T15:02:21.827+0000] {dag.py:3239} INFO - Sync 1 DAGs
[2025-09-29T15:02:21.836+0000] {logging_mixin.py:190} INFO - [2025-09-29T15:02:21.836+0000] {dag.py:4180} INFO - Setting next_dagrun for example_setup_teardown to None, run_after=None
[2025-09-29T15:02:21.849+0000] {processor.py:208} INFO - Processing /home/airflow/.local/lib/python3.12/site-packages/airflow/example_dags/example_setup_teardown.py took 0.047 seconds
