[2025-09-29T14:34:29.346+0000] {processor.py:186} INFO - Started process (PID=62) to work on /home/airflow/.local/lib/python3.12/site-packages/airflow/example_dags/example_task_group.py
[2025-09-29T14:34:29.347+0000] {processor.py:914} INFO - Processing file /home/airflow/.local/lib/python3.12/site-packages/airflow/example_dags/example_task_group.py for tasks to queue
[2025-09-29T14:34:29.349+0000] {logging_mixin.py:190} INFO - [2025-09-29T14:34:29.348+0000] {dagbag.py:588} INFO - Filling up the DagBag from /home/airflow/.local/lib/python3.12/site-packages/airflow/example_dags/example_task_group.py
[2025-09-29T14:34:29.357+0000] {processor.py:925} INFO - DAG(s) 'example_task_group' retrieved from /home/airflow/.local/lib/python3.12/site-packages/airflow/example_dags/example_task_group.py
[2025-09-29T14:34:29.380+0000] {logging_mixin.py:190} INFO - [2025-09-29T14:34:29.380+0000] {dag.py:3239} INFO - Sync 1 DAGs
[2025-09-29T14:34:29.389+0000] {logging_mixin.py:190} INFO - [2025-09-29T14:34:29.389+0000] {dag.py:4180} INFO - Setting next_dagrun for example_task_group to None, run_after=None
[2025-09-29T14:34:29.407+0000] {processor.py:208} INFO - Processing /home/airflow/.local/lib/python3.12/site-packages/airflow/example_dags/example_task_group.py took 0.065 seconds
[2025-09-29T14:34:59.500+0000] {processor.py:186} INFO - Started process (PID=130) to work on /home/airflow/.local/lib/python3.12/site-packages/airflow/example_dags/example_task_group.py
[2025-09-29T14:34:59.501+0000] {processor.py:914} INFO - Processing file /home/airflow/.local/lib/python3.12/site-packages/airflow/example_dags/example_task_group.py for tasks to queue
[2025-09-29T14:34:59.502+0000] {logging_mixin.py:190} INFO - [2025-09-29T14:34:59.502+0000] {dagbag.py:588} INFO - Filling up the DagBag from /home/airflow/.local/lib/python3.12/site-packages/airflow/example_dags/example_task_group.py
[2025-09-29T14:34:59.507+0000] {processor.py:925} INFO - DAG(s) 'example_task_group' retrieved from /home/airflow/.local/lib/python3.12/site-packages/airflow/example_dags/example_task_group.py
[2025-09-29T14:34:59.518+0000] {logging_mixin.py:190} INFO - [2025-09-29T14:34:59.518+0000] {dag.py:3239} INFO - Sync 1 DAGs
[2025-09-29T14:34:59.525+0000] {logging_mixin.py:190} INFO - [2025-09-29T14:34:59.525+0000] {dag.py:4180} INFO - Setting next_dagrun for example_task_group to None, run_after=None
[2025-09-29T14:34:59.534+0000] {processor.py:208} INFO - Processing /home/airflow/.local/lib/python3.12/site-packages/airflow/example_dags/example_task_group.py took 0.037 seconds
[2025-09-29T14:35:29.928+0000] {processor.py:186} INFO - Started process (PID=194) to work on /home/airflow/.local/lib/python3.12/site-packages/airflow/example_dags/example_task_group.py
[2025-09-29T14:35:29.929+0000] {processor.py:914} INFO - Processing file /home/airflow/.local/lib/python3.12/site-packages/airflow/example_dags/example_task_group.py for tasks to queue
[2025-09-29T14:35:29.931+0000] {logging_mixin.py:190} INFO - [2025-09-29T14:35:29.930+0000] {dagbag.py:588} INFO - Filling up the DagBag from /home/airflow/.local/lib/python3.12/site-packages/airflow/example_dags/example_task_group.py
[2025-09-29T14:35:29.936+0000] {processor.py:925} INFO - DAG(s) 'example_task_group' retrieved from /home/airflow/.local/lib/python3.12/site-packages/airflow/example_dags/example_task_group.py
[2025-09-29T14:35:29.948+0000] {logging_mixin.py:190} INFO - [2025-09-29T14:35:29.948+0000] {dag.py:3239} INFO - Sync 1 DAGs
[2025-09-29T14:35:29.955+0000] {logging_mixin.py:190} INFO - [2025-09-29T14:35:29.955+0000] {dag.py:4180} INFO - Setting next_dagrun for example_task_group to None, run_after=None
[2025-09-29T14:35:29.970+0000] {processor.py:208} INFO - Processing /home/airflow/.local/lib/python3.12/site-packages/airflow/example_dags/example_task_group.py took 0.045 seconds
[2025-09-29T14:36:00.147+0000] {processor.py:186} INFO - Started process (PID=258) to work on /home/airflow/.local/lib/python3.12/site-packages/airflow/example_dags/example_task_group.py
[2025-09-29T14:36:00.148+0000] {processor.py:914} INFO - Processing file /home/airflow/.local/lib/python3.12/site-packages/airflow/example_dags/example_task_group.py for tasks to queue
[2025-09-29T14:36:00.149+0000] {logging_mixin.py:190} INFO - [2025-09-29T14:36:00.149+0000] {dagbag.py:588} INFO - Filling up the DagBag from /home/airflow/.local/lib/python3.12/site-packages/airflow/example_dags/example_task_group.py
[2025-09-29T14:36:00.154+0000] {processor.py:925} INFO - DAG(s) 'example_task_group' retrieved from /home/airflow/.local/lib/python3.12/site-packages/airflow/example_dags/example_task_group.py
[2025-09-29T14:36:00.164+0000] {logging_mixin.py:190} INFO - [2025-09-29T14:36:00.164+0000] {dag.py:3239} INFO - Sync 1 DAGs
[2025-09-29T14:36:00.171+0000] {logging_mixin.py:190} INFO - [2025-09-29T14:36:00.171+0000] {dag.py:4180} INFO - Setting next_dagrun for example_task_group to None, run_after=None
[2025-09-29T14:36:00.181+0000] {processor.py:208} INFO - Processing /home/airflow/.local/lib/python3.12/site-packages/airflow/example_dags/example_task_group.py took 0.037 seconds
[2025-09-29T14:36:30.293+0000] {processor.py:186} INFO - Started process (PID=322) to work on /home/airflow/.local/lib/python3.12/site-packages/airflow/example_dags/example_task_group.py
[2025-09-29T14:36:30.294+0000] {processor.py:914} INFO - Processing file /home/airflow/.local/lib/python3.12/site-packages/airflow/example_dags/example_task_group.py for tasks to queue
[2025-09-29T14:36:30.295+0000] {logging_mixin.py:190} INFO - [2025-09-29T14:36:30.295+0000] {dagbag.py:588} INFO - Filling up the DagBag from /home/airflow/.local/lib/python3.12/site-packages/airflow/example_dags/example_task_group.py
[2025-09-29T14:36:30.300+0000] {processor.py:925} INFO - DAG(s) 'example_task_group' retrieved from /home/airflow/.local/lib/python3.12/site-packages/airflow/example_dags/example_task_group.py
[2025-09-29T14:36:30.312+0000] {logging_mixin.py:190} INFO - [2025-09-29T14:36:30.312+0000] {dag.py:3239} INFO - Sync 1 DAGs
[2025-09-29T14:36:30.320+0000] {logging_mixin.py:190} INFO - [2025-09-29T14:36:30.320+0000] {dag.py:4180} INFO - Setting next_dagrun for example_task_group to None, run_after=None
[2025-09-29T14:36:30.336+0000] {processor.py:208} INFO - Processing /home/airflow/.local/lib/python3.12/site-packages/airflow/example_dags/example_task_group.py took 0.046 seconds
[2025-09-29T14:37:00.516+0000] {processor.py:186} INFO - Started process (PID=386) to work on /home/airflow/.local/lib/python3.12/site-packages/airflow/example_dags/example_task_group.py
[2025-09-29T14:37:00.517+0000] {processor.py:914} INFO - Processing file /home/airflow/.local/lib/python3.12/site-packages/airflow/example_dags/example_task_group.py for tasks to queue
[2025-09-29T14:37:00.518+0000] {logging_mixin.py:190} INFO - [2025-09-29T14:37:00.518+0000] {dagbag.py:588} INFO - Filling up the DagBag from /home/airflow/.local/lib/python3.12/site-packages/airflow/example_dags/example_task_group.py
[2025-09-29T14:37:00.523+0000] {processor.py:925} INFO - DAG(s) 'example_task_group' retrieved from /home/airflow/.local/lib/python3.12/site-packages/airflow/example_dags/example_task_group.py
[2025-09-29T14:37:00.535+0000] {logging_mixin.py:190} INFO - [2025-09-29T14:37:00.535+0000] {dag.py:3239} INFO - Sync 1 DAGs
[2025-09-29T14:37:00.543+0000] {logging_mixin.py:190} INFO - [2025-09-29T14:37:00.543+0000] {dag.py:4180} INFO - Setting next_dagrun for example_task_group to None, run_after=None
[2025-09-29T14:37:00.557+0000] {processor.py:208} INFO - Processing /home/airflow/.local/lib/python3.12/site-packages/airflow/example_dags/example_task_group.py took 0.044 seconds
[2025-09-29T14:37:30.810+0000] {processor.py:186} INFO - Started process (PID=449) to work on /home/airflow/.local/lib/python3.12/site-packages/airflow/example_dags/example_task_group.py
[2025-09-29T14:37:30.811+0000] {processor.py:914} INFO - Processing file /home/airflow/.local/lib/python3.12/site-packages/airflow/example_dags/example_task_group.py for tasks to queue
[2025-09-29T14:37:30.812+0000] {logging_mixin.py:190} INFO - [2025-09-29T14:37:30.812+0000] {dagbag.py:588} INFO - Filling up the DagBag from /home/airflow/.local/lib/python3.12/site-packages/airflow/example_dags/example_task_group.py
[2025-09-29T14:37:30.818+0000] {processor.py:925} INFO - DAG(s) 'example_task_group' retrieved from /home/airflow/.local/lib/python3.12/site-packages/airflow/example_dags/example_task_group.py
[2025-09-29T14:37:30.830+0000] {logging_mixin.py:190} INFO - [2025-09-29T14:37:30.830+0000] {dag.py:3239} INFO - Sync 1 DAGs
[2025-09-29T14:37:30.837+0000] {logging_mixin.py:190} INFO - [2025-09-29T14:37:30.837+0000] {dag.py:4180} INFO - Setting next_dagrun for example_task_group to None, run_after=None
[2025-09-29T14:37:30.847+0000] {processor.py:208} INFO - Processing /home/airflow/.local/lib/python3.12/site-packages/airflow/example_dags/example_task_group.py took 0.040 seconds
[2025-09-29T14:38:01.259+0000] {processor.py:186} INFO - Started process (PID=519) to work on /home/airflow/.local/lib/python3.12/site-packages/airflow/example_dags/example_task_group.py
[2025-09-29T14:38:01.261+0000] {processor.py:914} INFO - Processing file /home/airflow/.local/lib/python3.12/site-packages/airflow/example_dags/example_task_group.py for tasks to queue
[2025-09-29T14:38:01.263+0000] {logging_mixin.py:190} INFO - [2025-09-29T14:38:01.263+0000] {dagbag.py:588} INFO - Filling up the DagBag from /home/airflow/.local/lib/python3.12/site-packages/airflow/example_dags/example_task_group.py
[2025-09-29T14:38:01.267+0000] {processor.py:925} INFO - DAG(s) 'example_task_group' retrieved from /home/airflow/.local/lib/python3.12/site-packages/airflow/example_dags/example_task_group.py
[2025-09-29T14:38:01.284+0000] {logging_mixin.py:190} INFO - [2025-09-29T14:38:01.284+0000] {dag.py:3239} INFO - Sync 1 DAGs
[2025-09-29T14:38:01.293+0000] {logging_mixin.py:190} INFO - [2025-09-29T14:38:01.293+0000] {dag.py:4180} INFO - Setting next_dagrun for example_task_group to None, run_after=None
[2025-09-29T14:38:01.304+0000] {processor.py:208} INFO - Processing /home/airflow/.local/lib/python3.12/site-packages/airflow/example_dags/example_task_group.py took 0.049 seconds
[2025-09-29T14:38:31.648+0000] {processor.py:186} INFO - Started process (PID=591) to work on /home/airflow/.local/lib/python3.12/site-packages/airflow/example_dags/example_task_group.py
[2025-09-29T14:38:31.649+0000] {processor.py:914} INFO - Processing file /home/airflow/.local/lib/python3.12/site-packages/airflow/example_dags/example_task_group.py for tasks to queue
[2025-09-29T14:38:31.651+0000] {logging_mixin.py:190} INFO - [2025-09-29T14:38:31.650+0000] {dagbag.py:588} INFO - Filling up the DagBag from /home/airflow/.local/lib/python3.12/site-packages/airflow/example_dags/example_task_group.py
[2025-09-29T14:38:31.655+0000] {processor.py:925} INFO - DAG(s) 'example_task_group' retrieved from /home/airflow/.local/lib/python3.12/site-packages/airflow/example_dags/example_task_group.py
[2025-09-29T14:38:31.667+0000] {logging_mixin.py:190} INFO - [2025-09-29T14:38:31.667+0000] {dag.py:3239} INFO - Sync 1 DAGs
[2025-09-29T14:38:31.676+0000] {logging_mixin.py:190} INFO - [2025-09-29T14:38:31.676+0000] {dag.py:4180} INFO - Setting next_dagrun for example_task_group to None, run_after=None
[2025-09-29T14:38:31.690+0000] {processor.py:208} INFO - Processing /home/airflow/.local/lib/python3.12/site-packages/airflow/example_dags/example_task_group.py took 0.045 seconds
[2025-09-29T14:39:02.067+0000] {processor.py:186} INFO - Started process (PID=654) to work on /home/airflow/.local/lib/python3.12/site-packages/airflow/example_dags/example_task_group.py
[2025-09-29T14:39:02.071+0000] {processor.py:914} INFO - Processing file /home/airflow/.local/lib/python3.12/site-packages/airflow/example_dags/example_task_group.py for tasks to queue
[2025-09-29T14:39:02.072+0000] {logging_mixin.py:190} INFO - [2025-09-29T14:39:02.072+0000] {dagbag.py:588} INFO - Filling up the DagBag from /home/airflow/.local/lib/python3.12/site-packages/airflow/example_dags/example_task_group.py
[2025-09-29T14:39:02.080+0000] {processor.py:925} INFO - DAG(s) 'example_task_group' retrieved from /home/airflow/.local/lib/python3.12/site-packages/airflow/example_dags/example_task_group.py
[2025-09-29T14:39:02.094+0000] {logging_mixin.py:190} INFO - [2025-09-29T14:39:02.094+0000] {dag.py:3239} INFO - Sync 1 DAGs
[2025-09-29T14:39:02.101+0000] {logging_mixin.py:190} INFO - [2025-09-29T14:39:02.101+0000] {dag.py:4180} INFO - Setting next_dagrun for example_task_group to None, run_after=None
[2025-09-29T14:39:02.115+0000] {processor.py:208} INFO - Processing /home/airflow/.local/lib/python3.12/site-packages/airflow/example_dags/example_task_group.py took 0.051 seconds
[2025-09-29T14:39:32.624+0000] {processor.py:186} INFO - Started process (PID=717) to work on /home/airflow/.local/lib/python3.12/site-packages/airflow/example_dags/example_task_group.py
[2025-09-29T14:39:32.625+0000] {processor.py:914} INFO - Processing file /home/airflow/.local/lib/python3.12/site-packages/airflow/example_dags/example_task_group.py for tasks to queue
[2025-09-29T14:39:32.628+0000] {logging_mixin.py:190} INFO - [2025-09-29T14:39:32.627+0000] {dagbag.py:588} INFO - Filling up the DagBag from /home/airflow/.local/lib/python3.12/site-packages/airflow/example_dags/example_task_group.py
[2025-09-29T14:39:32.633+0000] {processor.py:925} INFO - DAG(s) 'example_task_group' retrieved from /home/airflow/.local/lib/python3.12/site-packages/airflow/example_dags/example_task_group.py
[2025-09-29T14:39:32.646+0000] {logging_mixin.py:190} INFO - [2025-09-29T14:39:32.646+0000] {dag.py:3239} INFO - Sync 1 DAGs
[2025-09-29T14:39:32.654+0000] {logging_mixin.py:190} INFO - [2025-09-29T14:39:32.654+0000] {dag.py:4180} INFO - Setting next_dagrun for example_task_group to None, run_after=None
[2025-09-29T14:39:32.670+0000] {processor.py:208} INFO - Processing /home/airflow/.local/lib/python3.12/site-packages/airflow/example_dags/example_task_group.py took 0.049 seconds
[2025-09-29T14:40:03.085+0000] {processor.py:186} INFO - Started process (PID=781) to work on /home/airflow/.local/lib/python3.12/site-packages/airflow/example_dags/example_task_group.py
[2025-09-29T14:40:03.086+0000] {processor.py:914} INFO - Processing file /home/airflow/.local/lib/python3.12/site-packages/airflow/example_dags/example_task_group.py for tasks to queue
[2025-09-29T14:40:03.087+0000] {logging_mixin.py:190} INFO - [2025-09-29T14:40:03.087+0000] {dagbag.py:588} INFO - Filling up the DagBag from /home/airflow/.local/lib/python3.12/site-packages/airflow/example_dags/example_task_group.py
[2025-09-29T14:40:03.092+0000] {processor.py:925} INFO - DAG(s) 'example_task_group' retrieved from /home/airflow/.local/lib/python3.12/site-packages/airflow/example_dags/example_task_group.py
[2025-09-29T14:40:03.103+0000] {logging_mixin.py:190} INFO - [2025-09-29T14:40:03.103+0000] {dag.py:3239} INFO - Sync 1 DAGs
[2025-09-29T14:40:03.110+0000] {logging_mixin.py:190} INFO - [2025-09-29T14:40:03.110+0000] {dag.py:4180} INFO - Setting next_dagrun for example_task_group to None, run_after=None
[2025-09-29T14:40:03.124+0000] {processor.py:208} INFO - Processing /home/airflow/.local/lib/python3.12/site-packages/airflow/example_dags/example_task_group.py took 0.042 seconds
[2025-09-29T14:40:33.471+0000] {processor.py:186} INFO - Started process (PID=844) to work on /home/airflow/.local/lib/python3.12/site-packages/airflow/example_dags/example_task_group.py
[2025-09-29T14:40:33.471+0000] {processor.py:914} INFO - Processing file /home/airflow/.local/lib/python3.12/site-packages/airflow/example_dags/example_task_group.py for tasks to queue
[2025-09-29T14:40:33.473+0000] {logging_mixin.py:190} INFO - [2025-09-29T14:40:33.472+0000] {dagbag.py:588} INFO - Filling up the DagBag from /home/airflow/.local/lib/python3.12/site-packages/airflow/example_dags/example_task_group.py
[2025-09-29T14:40:33.477+0000] {processor.py:925} INFO - DAG(s) 'example_task_group' retrieved from /home/airflow/.local/lib/python3.12/site-packages/airflow/example_dags/example_task_group.py
[2025-09-29T14:40:33.489+0000] {logging_mixin.py:190} INFO - [2025-09-29T14:40:33.489+0000] {dag.py:3239} INFO - Sync 1 DAGs
[2025-09-29T14:40:33.497+0000] {logging_mixin.py:190} INFO - [2025-09-29T14:40:33.497+0000] {dag.py:4180} INFO - Setting next_dagrun for example_task_group to None, run_after=None
[2025-09-29T14:40:33.507+0000] {processor.py:208} INFO - Processing /home/airflow/.local/lib/python3.12/site-packages/airflow/example_dags/example_task_group.py took 0.040 seconds
[2025-09-29T14:41:03.866+0000] {processor.py:186} INFO - Started process (PID=910) to work on /home/airflow/.local/lib/python3.12/site-packages/airflow/example_dags/example_task_group.py
[2025-09-29T14:41:03.867+0000] {processor.py:914} INFO - Processing file /home/airflow/.local/lib/python3.12/site-packages/airflow/example_dags/example_task_group.py for tasks to queue
[2025-09-29T14:41:03.869+0000] {logging_mixin.py:190} INFO - [2025-09-29T14:41:03.869+0000] {dagbag.py:588} INFO - Filling up the DagBag from /home/airflow/.local/lib/python3.12/site-packages/airflow/example_dags/example_task_group.py
[2025-09-29T14:41:03.873+0000] {processor.py:925} INFO - DAG(s) 'example_task_group' retrieved from /home/airflow/.local/lib/python3.12/site-packages/airflow/example_dags/example_task_group.py
[2025-09-29T14:41:03.885+0000] {logging_mixin.py:190} INFO - [2025-09-29T14:41:03.885+0000] {dag.py:3239} INFO - Sync 1 DAGs
[2025-09-29T14:41:03.893+0000] {logging_mixin.py:190} INFO - [2025-09-29T14:41:03.892+0000] {dag.py:4180} INFO - Setting next_dagrun for example_task_group to None, run_after=None
[2025-09-29T14:41:03.905+0000] {processor.py:208} INFO - Processing /home/airflow/.local/lib/python3.12/site-packages/airflow/example_dags/example_task_group.py took 0.042 seconds
[2025-09-29T14:41:34.143+0000] {processor.py:186} INFO - Started process (PID=974) to work on /home/airflow/.local/lib/python3.12/site-packages/airflow/example_dags/example_task_group.py
[2025-09-29T14:41:34.144+0000] {processor.py:914} INFO - Processing file /home/airflow/.local/lib/python3.12/site-packages/airflow/example_dags/example_task_group.py for tasks to queue
[2025-09-29T14:41:34.145+0000] {logging_mixin.py:190} INFO - [2025-09-29T14:41:34.145+0000] {dagbag.py:588} INFO - Filling up the DagBag from /home/airflow/.local/lib/python3.12/site-packages/airflow/example_dags/example_task_group.py
[2025-09-29T14:41:34.150+0000] {processor.py:925} INFO - DAG(s) 'example_task_group' retrieved from /home/airflow/.local/lib/python3.12/site-packages/airflow/example_dags/example_task_group.py
[2025-09-29T14:41:34.162+0000] {logging_mixin.py:190} INFO - [2025-09-29T14:41:34.162+0000] {dag.py:3239} INFO - Sync 1 DAGs
[2025-09-29T14:41:34.170+0000] {logging_mixin.py:190} INFO - [2025-09-29T14:41:34.170+0000] {dag.py:4180} INFO - Setting next_dagrun for example_task_group to None, run_after=None
[2025-09-29T14:41:34.181+0000] {processor.py:208} INFO - Processing /home/airflow/.local/lib/python3.12/site-packages/airflow/example_dags/example_task_group.py took 0.041 seconds
[2025-09-29T14:42:04.671+0000] {processor.py:186} INFO - Started process (PID=1039) to work on /home/airflow/.local/lib/python3.12/site-packages/airflow/example_dags/example_task_group.py
[2025-09-29T14:42:04.672+0000] {processor.py:914} INFO - Processing file /home/airflow/.local/lib/python3.12/site-packages/airflow/example_dags/example_task_group.py for tasks to queue
[2025-09-29T14:42:04.673+0000] {logging_mixin.py:190} INFO - [2025-09-29T14:42:04.673+0000] {dagbag.py:588} INFO - Filling up the DagBag from /home/airflow/.local/lib/python3.12/site-packages/airflow/example_dags/example_task_group.py
[2025-09-29T14:42:04.679+0000] {processor.py:925} INFO - DAG(s) 'example_task_group' retrieved from /home/airflow/.local/lib/python3.12/site-packages/airflow/example_dags/example_task_group.py
[2025-09-29T14:42:04.691+0000] {logging_mixin.py:190} INFO - [2025-09-29T14:42:04.691+0000] {dag.py:3239} INFO - Sync 1 DAGs
[2025-09-29T14:42:04.699+0000] {logging_mixin.py:190} INFO - [2025-09-29T14:42:04.699+0000] {dag.py:4180} INFO - Setting next_dagrun for example_task_group to None, run_after=None
[2025-09-29T14:42:04.711+0000] {processor.py:208} INFO - Processing /home/airflow/.local/lib/python3.12/site-packages/airflow/example_dags/example_task_group.py took 0.043 seconds
[2025-09-29T14:42:35.045+0000] {processor.py:186} INFO - Started process (PID=1103) to work on /home/airflow/.local/lib/python3.12/site-packages/airflow/example_dags/example_task_group.py
[2025-09-29T14:42:35.047+0000] {processor.py:914} INFO - Processing file /home/airflow/.local/lib/python3.12/site-packages/airflow/example_dags/example_task_group.py for tasks to queue
[2025-09-29T14:42:35.048+0000] {logging_mixin.py:190} INFO - [2025-09-29T14:42:35.048+0000] {dagbag.py:588} INFO - Filling up the DagBag from /home/airflow/.local/lib/python3.12/site-packages/airflow/example_dags/example_task_group.py
[2025-09-29T14:42:35.053+0000] {processor.py:925} INFO - DAG(s) 'example_task_group' retrieved from /home/airflow/.local/lib/python3.12/site-packages/airflow/example_dags/example_task_group.py
[2025-09-29T14:42:35.067+0000] {logging_mixin.py:190} INFO - [2025-09-29T14:42:35.066+0000] {dag.py:3239} INFO - Sync 1 DAGs
[2025-09-29T14:42:35.074+0000] {logging_mixin.py:190} INFO - [2025-09-29T14:42:35.074+0000] {dag.py:4180} INFO - Setting next_dagrun for example_task_group to None, run_after=None
[2025-09-29T14:42:35.084+0000] {processor.py:208} INFO - Processing /home/airflow/.local/lib/python3.12/site-packages/airflow/example_dags/example_task_group.py took 0.043 seconds
[2025-09-29T14:43:05.361+0000] {processor.py:186} INFO - Started process (PID=1167) to work on /home/airflow/.local/lib/python3.12/site-packages/airflow/example_dags/example_task_group.py
[2025-09-29T14:43:05.361+0000] {processor.py:914} INFO - Processing file /home/airflow/.local/lib/python3.12/site-packages/airflow/example_dags/example_task_group.py for tasks to queue
[2025-09-29T14:43:05.363+0000] {logging_mixin.py:190} INFO - [2025-09-29T14:43:05.362+0000] {dagbag.py:588} INFO - Filling up the DagBag from /home/airflow/.local/lib/python3.12/site-packages/airflow/example_dags/example_task_group.py
[2025-09-29T14:43:05.367+0000] {processor.py:925} INFO - DAG(s) 'example_task_group' retrieved from /home/airflow/.local/lib/python3.12/site-packages/airflow/example_dags/example_task_group.py
[2025-09-29T14:43:05.377+0000] {logging_mixin.py:190} INFO - [2025-09-29T14:43:05.377+0000] {dag.py:3239} INFO - Sync 1 DAGs
[2025-09-29T14:43:05.384+0000] {logging_mixin.py:190} INFO - [2025-09-29T14:43:05.384+0000] {dag.py:4180} INFO - Setting next_dagrun for example_task_group to None, run_after=None
[2025-09-29T14:43:05.393+0000] {processor.py:208} INFO - Processing /home/airflow/.local/lib/python3.12/site-packages/airflow/example_dags/example_task_group.py took 0.036 seconds
[2025-09-29T14:43:35.655+0000] {processor.py:186} INFO - Started process (PID=1231) to work on /home/airflow/.local/lib/python3.12/site-packages/airflow/example_dags/example_task_group.py
[2025-09-29T14:43:35.655+0000] {processor.py:914} INFO - Processing file /home/airflow/.local/lib/python3.12/site-packages/airflow/example_dags/example_task_group.py for tasks to queue
[2025-09-29T14:43:35.657+0000] {logging_mixin.py:190} INFO - [2025-09-29T14:43:35.657+0000] {dagbag.py:588} INFO - Filling up the DagBag from /home/airflow/.local/lib/python3.12/site-packages/airflow/example_dags/example_task_group.py
[2025-09-29T14:43:35.662+0000] {processor.py:925} INFO - DAG(s) 'example_task_group' retrieved from /home/airflow/.local/lib/python3.12/site-packages/airflow/example_dags/example_task_group.py
[2025-09-29T14:43:35.673+0000] {logging_mixin.py:190} INFO - [2025-09-29T14:43:35.673+0000] {dag.py:3239} INFO - Sync 1 DAGs
[2025-09-29T14:43:35.684+0000] {logging_mixin.py:190} INFO - [2025-09-29T14:43:35.684+0000] {dag.py:4180} INFO - Setting next_dagrun for example_task_group to None, run_after=None
[2025-09-29T14:43:35.698+0000] {processor.py:208} INFO - Processing /home/airflow/.local/lib/python3.12/site-packages/airflow/example_dags/example_task_group.py took 0.046 seconds
[2025-09-29T14:44:06.290+0000] {processor.py:186} INFO - Started process (PID=1295) to work on /home/airflow/.local/lib/python3.12/site-packages/airflow/example_dags/example_task_group.py
[2025-09-29T14:44:06.295+0000] {processor.py:914} INFO - Processing file /home/airflow/.local/lib/python3.12/site-packages/airflow/example_dags/example_task_group.py for tasks to queue
[2025-09-29T14:44:06.300+0000] {logging_mixin.py:190} INFO - [2025-09-29T14:44:06.299+0000] {dagbag.py:588} INFO - Filling up the DagBag from /home/airflow/.local/lib/python3.12/site-packages/airflow/example_dags/example_task_group.py
[2025-09-29T14:44:06.305+0000] {processor.py:925} INFO - DAG(s) 'example_task_group' retrieved from /home/airflow/.local/lib/python3.12/site-packages/airflow/example_dags/example_task_group.py
[2025-09-29T14:44:06.321+0000] {logging_mixin.py:190} INFO - [2025-09-29T14:44:06.321+0000] {dag.py:3239} INFO - Sync 1 DAGs
[2025-09-29T14:44:06.328+0000] {logging_mixin.py:190} INFO - [2025-09-29T14:44:06.328+0000] {dag.py:4180} INFO - Setting next_dagrun for example_task_group to None, run_after=None
[2025-09-29T14:44:06.339+0000] {processor.py:208} INFO - Processing /home/airflow/.local/lib/python3.12/site-packages/airflow/example_dags/example_task_group.py took 0.053 seconds
[2025-09-29T14:44:36.750+0000] {processor.py:186} INFO - Started process (PID=1358) to work on /home/airflow/.local/lib/python3.12/site-packages/airflow/example_dags/example_task_group.py
[2025-09-29T14:44:36.750+0000] {processor.py:914} INFO - Processing file /home/airflow/.local/lib/python3.12/site-packages/airflow/example_dags/example_task_group.py for tasks to queue
[2025-09-29T14:44:36.752+0000] {logging_mixin.py:190} INFO - [2025-09-29T14:44:36.752+0000] {dagbag.py:588} INFO - Filling up the DagBag from /home/airflow/.local/lib/python3.12/site-packages/airflow/example_dags/example_task_group.py
[2025-09-29T14:44:36.756+0000] {processor.py:925} INFO - DAG(s) 'example_task_group' retrieved from /home/airflow/.local/lib/python3.12/site-packages/airflow/example_dags/example_task_group.py
[2025-09-29T14:44:36.767+0000] {logging_mixin.py:190} INFO - [2025-09-29T14:44:36.767+0000] {dag.py:3239} INFO - Sync 1 DAGs
[2025-09-29T14:44:36.777+0000] {logging_mixin.py:190} INFO - [2025-09-29T14:44:36.776+0000] {dag.py:4180} INFO - Setting next_dagrun for example_task_group to None, run_after=None
[2025-09-29T14:44:36.790+0000] {processor.py:208} INFO - Processing /home/airflow/.local/lib/python3.12/site-packages/airflow/example_dags/example_task_group.py took 0.044 seconds
[2025-09-29T14:45:07.182+0000] {processor.py:186} INFO - Started process (PID=1422) to work on /home/airflow/.local/lib/python3.12/site-packages/airflow/example_dags/example_task_group.py
[2025-09-29T14:45:07.182+0000] {processor.py:914} INFO - Processing file /home/airflow/.local/lib/python3.12/site-packages/airflow/example_dags/example_task_group.py for tasks to queue
[2025-09-29T14:45:07.184+0000] {logging_mixin.py:190} INFO - [2025-09-29T14:45:07.183+0000] {dagbag.py:588} INFO - Filling up the DagBag from /home/airflow/.local/lib/python3.12/site-packages/airflow/example_dags/example_task_group.py
[2025-09-29T14:45:07.188+0000] {processor.py:925} INFO - DAG(s) 'example_task_group' retrieved from /home/airflow/.local/lib/python3.12/site-packages/airflow/example_dags/example_task_group.py
[2025-09-29T14:45:07.201+0000] {logging_mixin.py:190} INFO - [2025-09-29T14:45:07.201+0000] {dag.py:3239} INFO - Sync 1 DAGs
[2025-09-29T14:45:07.209+0000] {logging_mixin.py:190} INFO - [2025-09-29T14:45:07.209+0000] {dag.py:4180} INFO - Setting next_dagrun for example_task_group to None, run_after=None
[2025-09-29T14:45:07.229+0000] {processor.py:208} INFO - Processing /home/airflow/.local/lib/python3.12/site-packages/airflow/example_dags/example_task_group.py took 0.050 seconds
[2025-09-29T14:45:37.640+0000] {processor.py:186} INFO - Started process (PID=1486) to work on /home/airflow/.local/lib/python3.12/site-packages/airflow/example_dags/example_task_group.py
[2025-09-29T14:45:37.640+0000] {processor.py:914} INFO - Processing file /home/airflow/.local/lib/python3.12/site-packages/airflow/example_dags/example_task_group.py for tasks to queue
[2025-09-29T14:45:37.642+0000] {logging_mixin.py:190} INFO - [2025-09-29T14:45:37.642+0000] {dagbag.py:588} INFO - Filling up the DagBag from /home/airflow/.local/lib/python3.12/site-packages/airflow/example_dags/example_task_group.py
[2025-09-29T14:45:37.647+0000] {processor.py:925} INFO - DAG(s) 'example_task_group' retrieved from /home/airflow/.local/lib/python3.12/site-packages/airflow/example_dags/example_task_group.py
[2025-09-29T14:45:37.664+0000] {logging_mixin.py:190} INFO - [2025-09-29T14:45:37.663+0000] {dag.py:3239} INFO - Sync 1 DAGs
[2025-09-29T14:45:37.671+0000] {logging_mixin.py:190} INFO - [2025-09-29T14:45:37.670+0000] {dag.py:4180} INFO - Setting next_dagrun for example_task_group to None, run_after=None
[2025-09-29T14:45:37.692+0000] {processor.py:208} INFO - Processing /home/airflow/.local/lib/python3.12/site-packages/airflow/example_dags/example_task_group.py took 0.055 seconds
[2025-09-29T14:46:08.166+0000] {processor.py:186} INFO - Started process (PID=1550) to work on /home/airflow/.local/lib/python3.12/site-packages/airflow/example_dags/example_task_group.py
[2025-09-29T14:46:08.167+0000] {processor.py:914} INFO - Processing file /home/airflow/.local/lib/python3.12/site-packages/airflow/example_dags/example_task_group.py for tasks to queue
[2025-09-29T14:46:08.168+0000] {logging_mixin.py:190} INFO - [2025-09-29T14:46:08.168+0000] {dagbag.py:588} INFO - Filling up the DagBag from /home/airflow/.local/lib/python3.12/site-packages/airflow/example_dags/example_task_group.py
[2025-09-29T14:46:08.177+0000] {processor.py:925} INFO - DAG(s) 'example_task_group' retrieved from /home/airflow/.local/lib/python3.12/site-packages/airflow/example_dags/example_task_group.py
[2025-09-29T14:46:08.198+0000] {logging_mixin.py:190} INFO - [2025-09-29T14:46:08.198+0000] {dag.py:3239} INFO - Sync 1 DAGs
[2025-09-29T14:46:08.209+0000] {logging_mixin.py:190} INFO - [2025-09-29T14:46:08.209+0000] {dag.py:4180} INFO - Setting next_dagrun for example_task_group to None, run_after=None
[2025-09-29T14:46:08.221+0000] {processor.py:208} INFO - Processing /home/airflow/.local/lib/python3.12/site-packages/airflow/example_dags/example_task_group.py took 0.059 seconds
[2025-09-29T14:46:38.785+0000] {processor.py:186} INFO - Started process (PID=1614) to work on /home/airflow/.local/lib/python3.12/site-packages/airflow/example_dags/example_task_group.py
[2025-09-29T14:46:38.785+0000] {processor.py:914} INFO - Processing file /home/airflow/.local/lib/python3.12/site-packages/airflow/example_dags/example_task_group.py for tasks to queue
[2025-09-29T14:46:38.788+0000] {logging_mixin.py:190} INFO - [2025-09-29T14:46:38.788+0000] {dagbag.py:588} INFO - Filling up the DagBag from /home/airflow/.local/lib/python3.12/site-packages/airflow/example_dags/example_task_group.py
[2025-09-29T14:46:38.793+0000] {processor.py:925} INFO - DAG(s) 'example_task_group' retrieved from /home/airflow/.local/lib/python3.12/site-packages/airflow/example_dags/example_task_group.py
[2025-09-29T14:46:38.811+0000] {logging_mixin.py:190} INFO - [2025-09-29T14:46:38.811+0000] {dag.py:3239} INFO - Sync 1 DAGs
[2025-09-29T14:46:38.821+0000] {logging_mixin.py:190} INFO - [2025-09-29T14:46:38.821+0000] {dag.py:4180} INFO - Setting next_dagrun for example_task_group to None, run_after=None
[2025-09-29T14:46:38.833+0000] {processor.py:208} INFO - Processing /home/airflow/.local/lib/python3.12/site-packages/airflow/example_dags/example_task_group.py took 0.051 seconds
[2025-09-29T14:47:09.067+0000] {processor.py:186} INFO - Started process (PID=1678) to work on /home/airflow/.local/lib/python3.12/site-packages/airflow/example_dags/example_task_group.py
[2025-09-29T14:47:09.069+0000] {processor.py:914} INFO - Processing file /home/airflow/.local/lib/python3.12/site-packages/airflow/example_dags/example_task_group.py for tasks to queue
[2025-09-29T14:47:09.071+0000] {logging_mixin.py:190} INFO - [2025-09-29T14:47:09.071+0000] {dagbag.py:588} INFO - Filling up the DagBag from /home/airflow/.local/lib/python3.12/site-packages/airflow/example_dags/example_task_group.py
[2025-09-29T14:47:09.076+0000] {processor.py:925} INFO - DAG(s) 'example_task_group' retrieved from /home/airflow/.local/lib/python3.12/site-packages/airflow/example_dags/example_task_group.py
[2025-09-29T14:47:09.089+0000] {logging_mixin.py:190} INFO - [2025-09-29T14:47:09.089+0000] {dag.py:3239} INFO - Sync 1 DAGs
[2025-09-29T14:47:09.096+0000] {logging_mixin.py:190} INFO - [2025-09-29T14:47:09.096+0000] {dag.py:4180} INFO - Setting next_dagrun for example_task_group to None, run_after=None
[2025-09-29T14:47:09.110+0000] {processor.py:208} INFO - Processing /home/airflow/.local/lib/python3.12/site-packages/airflow/example_dags/example_task_group.py took 0.046 seconds
[2025-09-29T14:47:39.574+0000] {processor.py:186} INFO - Started process (PID=1742) to work on /home/airflow/.local/lib/python3.12/site-packages/airflow/example_dags/example_task_group.py
[2025-09-29T14:47:39.577+0000] {processor.py:914} INFO - Processing file /home/airflow/.local/lib/python3.12/site-packages/airflow/example_dags/example_task_group.py for tasks to queue
[2025-09-29T14:47:39.578+0000] {logging_mixin.py:190} INFO - [2025-09-29T14:47:39.578+0000] {dagbag.py:588} INFO - Filling up the DagBag from /home/airflow/.local/lib/python3.12/site-packages/airflow/example_dags/example_task_group.py
[2025-09-29T14:47:39.586+0000] {processor.py:925} INFO - DAG(s) 'example_task_group' retrieved from /home/airflow/.local/lib/python3.12/site-packages/airflow/example_dags/example_task_group.py
[2025-09-29T14:47:39.603+0000] {logging_mixin.py:190} INFO - [2025-09-29T14:47:39.603+0000] {dag.py:3239} INFO - Sync 1 DAGs
[2025-09-29T14:47:39.610+0000] {logging_mixin.py:190} INFO - [2025-09-29T14:47:39.610+0000] {dag.py:4180} INFO - Setting next_dagrun for example_task_group to None, run_after=None
[2025-09-29T14:47:39.619+0000] {processor.py:208} INFO - Processing /home/airflow/.local/lib/python3.12/site-packages/airflow/example_dags/example_task_group.py took 0.049 seconds
[2025-09-29T14:48:09.909+0000] {processor.py:186} INFO - Started process (PID=1806) to work on /home/airflow/.local/lib/python3.12/site-packages/airflow/example_dags/example_task_group.py
[2025-09-29T14:48:09.910+0000] {processor.py:914} INFO - Processing file /home/airflow/.local/lib/python3.12/site-packages/airflow/example_dags/example_task_group.py for tasks to queue
[2025-09-29T14:48:09.911+0000] {logging_mixin.py:190} INFO - [2025-09-29T14:48:09.911+0000] {dagbag.py:588} INFO - Filling up the DagBag from /home/airflow/.local/lib/python3.12/site-packages/airflow/example_dags/example_task_group.py
[2025-09-29T14:48:09.916+0000] {processor.py:925} INFO - DAG(s) 'example_task_group' retrieved from /home/airflow/.local/lib/python3.12/site-packages/airflow/example_dags/example_task_group.py
[2025-09-29T14:48:09.928+0000] {logging_mixin.py:190} INFO - [2025-09-29T14:48:09.928+0000] {dag.py:3239} INFO - Sync 1 DAGs
[2025-09-29T14:48:09.935+0000] {logging_mixin.py:190} INFO - [2025-09-29T14:48:09.935+0000] {dag.py:4180} INFO - Setting next_dagrun for example_task_group to None, run_after=None
[2025-09-29T14:48:09.945+0000] {processor.py:208} INFO - Processing /home/airflow/.local/lib/python3.12/site-packages/airflow/example_dags/example_task_group.py took 0.040 seconds
[2025-09-29T14:48:40.315+0000] {processor.py:186} INFO - Started process (PID=1870) to work on /home/airflow/.local/lib/python3.12/site-packages/airflow/example_dags/example_task_group.py
[2025-09-29T14:48:40.316+0000] {processor.py:914} INFO - Processing file /home/airflow/.local/lib/python3.12/site-packages/airflow/example_dags/example_task_group.py for tasks to queue
[2025-09-29T14:48:40.318+0000] {logging_mixin.py:190} INFO - [2025-09-29T14:48:40.317+0000] {dagbag.py:588} INFO - Filling up the DagBag from /home/airflow/.local/lib/python3.12/site-packages/airflow/example_dags/example_task_group.py
[2025-09-29T14:48:40.322+0000] {processor.py:925} INFO - DAG(s) 'example_task_group' retrieved from /home/airflow/.local/lib/python3.12/site-packages/airflow/example_dags/example_task_group.py
[2025-09-29T14:48:40.332+0000] {logging_mixin.py:190} INFO - [2025-09-29T14:48:40.332+0000] {dag.py:3239} INFO - Sync 1 DAGs
[2025-09-29T14:48:40.340+0000] {logging_mixin.py:190} INFO - [2025-09-29T14:48:40.339+0000] {dag.py:4180} INFO - Setting next_dagrun for example_task_group to None, run_after=None
[2025-09-29T14:48:40.353+0000] {processor.py:208} INFO - Processing /home/airflow/.local/lib/python3.12/site-packages/airflow/example_dags/example_task_group.py took 0.041 seconds
[2025-09-29T14:49:10.429+0000] {processor.py:186} INFO - Started process (PID=1934) to work on /home/airflow/.local/lib/python3.12/site-packages/airflow/example_dags/example_task_group.py
[2025-09-29T14:49:10.429+0000] {processor.py:914} INFO - Processing file /home/airflow/.local/lib/python3.12/site-packages/airflow/example_dags/example_task_group.py for tasks to queue
[2025-09-29T14:49:10.431+0000] {logging_mixin.py:190} INFO - [2025-09-29T14:49:10.431+0000] {dagbag.py:588} INFO - Filling up the DagBag from /home/airflow/.local/lib/python3.12/site-packages/airflow/example_dags/example_task_group.py
[2025-09-29T14:49:10.435+0000] {processor.py:925} INFO - DAG(s) 'example_task_group' retrieved from /home/airflow/.local/lib/python3.12/site-packages/airflow/example_dags/example_task_group.py
[2025-09-29T14:49:10.446+0000] {logging_mixin.py:190} INFO - [2025-09-29T14:49:10.446+0000] {dag.py:3239} INFO - Sync 1 DAGs
[2025-09-29T14:49:10.453+0000] {logging_mixin.py:190} INFO - [2025-09-29T14:49:10.453+0000] {dag.py:4180} INFO - Setting next_dagrun for example_task_group to None, run_after=None
[2025-09-29T14:49:10.464+0000] {processor.py:208} INFO - Processing /home/airflow/.local/lib/python3.12/site-packages/airflow/example_dags/example_task_group.py took 0.038 seconds
[2025-09-29T14:49:40.979+0000] {processor.py:186} INFO - Started process (PID=1998) to work on /home/airflow/.local/lib/python3.12/site-packages/airflow/example_dags/example_task_group.py
[2025-09-29T14:49:40.981+0000] {processor.py:914} INFO - Processing file /home/airflow/.local/lib/python3.12/site-packages/airflow/example_dags/example_task_group.py for tasks to queue
[2025-09-29T14:49:40.982+0000] {logging_mixin.py:190} INFO - [2025-09-29T14:49:40.982+0000] {dagbag.py:588} INFO - Filling up the DagBag from /home/airflow/.local/lib/python3.12/site-packages/airflow/example_dags/example_task_group.py
[2025-09-29T14:49:40.987+0000] {processor.py:925} INFO - DAG(s) 'example_task_group' retrieved from /home/airflow/.local/lib/python3.12/site-packages/airflow/example_dags/example_task_group.py
[2025-09-29T14:49:41.002+0000] {logging_mixin.py:190} INFO - [2025-09-29T14:49:41.002+0000] {dag.py:3239} INFO - Sync 1 DAGs
[2025-09-29T14:49:41.010+0000] {logging_mixin.py:190} INFO - [2025-09-29T14:49:41.009+0000] {dag.py:4180} INFO - Setting next_dagrun for example_task_group to None, run_after=None
[2025-09-29T14:49:41.019+0000] {processor.py:208} INFO - Processing /home/airflow/.local/lib/python3.12/site-packages/airflow/example_dags/example_task_group.py took 0.044 seconds
[2025-09-29T14:50:11.315+0000] {processor.py:186} INFO - Started process (PID=2062) to work on /home/airflow/.local/lib/python3.12/site-packages/airflow/example_dags/example_task_group.py
[2025-09-29T14:50:11.315+0000] {processor.py:914} INFO - Processing file /home/airflow/.local/lib/python3.12/site-packages/airflow/example_dags/example_task_group.py for tasks to queue
[2025-09-29T14:50:11.317+0000] {logging_mixin.py:190} INFO - [2025-09-29T14:50:11.317+0000] {dagbag.py:588} INFO - Filling up the DagBag from /home/airflow/.local/lib/python3.12/site-packages/airflow/example_dags/example_task_group.py
[2025-09-29T14:50:11.322+0000] {processor.py:925} INFO - DAG(s) 'example_task_group' retrieved from /home/airflow/.local/lib/python3.12/site-packages/airflow/example_dags/example_task_group.py
[2025-09-29T14:50:11.334+0000] {logging_mixin.py:190} INFO - [2025-09-29T14:50:11.334+0000] {dag.py:3239} INFO - Sync 1 DAGs
[2025-09-29T14:50:11.341+0000] {logging_mixin.py:190} INFO - [2025-09-29T14:50:11.341+0000] {dag.py:4180} INFO - Setting next_dagrun for example_task_group to None, run_after=None
[2025-09-29T14:50:11.357+0000] {processor.py:208} INFO - Processing /home/airflow/.local/lib/python3.12/site-packages/airflow/example_dags/example_task_group.py took 0.045 seconds
[2025-09-29T14:50:41.622+0000] {processor.py:186} INFO - Started process (PID=2126) to work on /home/airflow/.local/lib/python3.12/site-packages/airflow/example_dags/example_task_group.py
[2025-09-29T14:50:41.624+0000] {processor.py:914} INFO - Processing file /home/airflow/.local/lib/python3.12/site-packages/airflow/example_dags/example_task_group.py for tasks to queue
[2025-09-29T14:50:41.626+0000] {logging_mixin.py:190} INFO - [2025-09-29T14:50:41.626+0000] {dagbag.py:588} INFO - Filling up the DagBag from /home/airflow/.local/lib/python3.12/site-packages/airflow/example_dags/example_task_group.py
[2025-09-29T14:50:41.631+0000] {processor.py:925} INFO - DAG(s) 'example_task_group' retrieved from /home/airflow/.local/lib/python3.12/site-packages/airflow/example_dags/example_task_group.py
[2025-09-29T14:50:41.643+0000] {logging_mixin.py:190} INFO - [2025-09-29T14:50:41.643+0000] {dag.py:3239} INFO - Sync 1 DAGs
[2025-09-29T14:50:41.653+0000] {logging_mixin.py:190} INFO - [2025-09-29T14:50:41.653+0000] {dag.py:4180} INFO - Setting next_dagrun for example_task_group to None, run_after=None
[2025-09-29T14:50:41.664+0000] {processor.py:208} INFO - Processing /home/airflow/.local/lib/python3.12/site-packages/airflow/example_dags/example_task_group.py took 0.045 seconds
[2025-09-29T14:51:11.820+0000] {processor.py:186} INFO - Started process (PID=2190) to work on /home/airflow/.local/lib/python3.12/site-packages/airflow/example_dags/example_task_group.py
[2025-09-29T14:51:11.820+0000] {processor.py:914} INFO - Processing file /home/airflow/.local/lib/python3.12/site-packages/airflow/example_dags/example_task_group.py for tasks to queue
[2025-09-29T14:51:11.822+0000] {logging_mixin.py:190} INFO - [2025-09-29T14:51:11.821+0000] {dagbag.py:588} INFO - Filling up the DagBag from /home/airflow/.local/lib/python3.12/site-packages/airflow/example_dags/example_task_group.py
[2025-09-29T14:51:11.827+0000] {processor.py:925} INFO - DAG(s) 'example_task_group' retrieved from /home/airflow/.local/lib/python3.12/site-packages/airflow/example_dags/example_task_group.py
[2025-09-29T14:51:11.841+0000] {logging_mixin.py:190} INFO - [2025-09-29T14:51:11.841+0000] {dag.py:3239} INFO - Sync 1 DAGs
[2025-09-29T14:51:11.847+0000] {logging_mixin.py:190} INFO - [2025-09-29T14:51:11.847+0000] {dag.py:4180} INFO - Setting next_dagrun for example_task_group to None, run_after=None
[2025-09-29T14:51:11.858+0000] {processor.py:208} INFO - Processing /home/airflow/.local/lib/python3.12/site-packages/airflow/example_dags/example_task_group.py took 0.041 seconds
[2025-09-29T14:51:42.251+0000] {processor.py:186} INFO - Started process (PID=2254) to work on /home/airflow/.local/lib/python3.12/site-packages/airflow/example_dags/example_task_group.py
[2025-09-29T14:51:42.252+0000] {processor.py:914} INFO - Processing file /home/airflow/.local/lib/python3.12/site-packages/airflow/example_dags/example_task_group.py for tasks to queue
[2025-09-29T14:51:42.253+0000] {logging_mixin.py:190} INFO - [2025-09-29T14:51:42.253+0000] {dagbag.py:588} INFO - Filling up the DagBag from /home/airflow/.local/lib/python3.12/site-packages/airflow/example_dags/example_task_group.py
[2025-09-29T14:51:42.258+0000] {processor.py:925} INFO - DAG(s) 'example_task_group' retrieved from /home/airflow/.local/lib/python3.12/site-packages/airflow/example_dags/example_task_group.py
[2025-09-29T14:51:42.268+0000] {logging_mixin.py:190} INFO - [2025-09-29T14:51:42.268+0000] {dag.py:3239} INFO - Sync 1 DAGs
[2025-09-29T14:51:42.275+0000] {logging_mixin.py:190} INFO - [2025-09-29T14:51:42.275+0000] {dag.py:4180} INFO - Setting next_dagrun for example_task_group to None, run_after=None
[2025-09-29T14:51:42.282+0000] {processor.py:208} INFO - Processing /home/airflow/.local/lib/python3.12/site-packages/airflow/example_dags/example_task_group.py took 0.034 seconds
[2025-09-29T14:52:12.512+0000] {processor.py:186} INFO - Started process (PID=2317) to work on /home/airflow/.local/lib/python3.12/site-packages/airflow/example_dags/example_task_group.py
[2025-09-29T14:52:12.515+0000] {processor.py:914} INFO - Processing file /home/airflow/.local/lib/python3.12/site-packages/airflow/example_dags/example_task_group.py for tasks to queue
[2025-09-29T14:52:12.516+0000] {logging_mixin.py:190} INFO - [2025-09-29T14:52:12.516+0000] {dagbag.py:588} INFO - Filling up the DagBag from /home/airflow/.local/lib/python3.12/site-packages/airflow/example_dags/example_task_group.py
[2025-09-29T14:52:12.521+0000] {processor.py:925} INFO - DAG(s) 'example_task_group' retrieved from /home/airflow/.local/lib/python3.12/site-packages/airflow/example_dags/example_task_group.py
[2025-09-29T14:52:12.534+0000] {logging_mixin.py:190} INFO - [2025-09-29T14:52:12.534+0000] {dag.py:3239} INFO - Sync 1 DAGs
[2025-09-29T14:52:12.541+0000] {logging_mixin.py:190} INFO - [2025-09-29T14:52:12.541+0000] {dag.py:4180} INFO - Setting next_dagrun for example_task_group to None, run_after=None
[2025-09-29T14:52:12.551+0000] {processor.py:208} INFO - Processing /home/airflow/.local/lib/python3.12/site-packages/airflow/example_dags/example_task_group.py took 0.042 seconds
[2025-09-29T14:52:42.732+0000] {processor.py:186} INFO - Started process (PID=2380) to work on /home/airflow/.local/lib/python3.12/site-packages/airflow/example_dags/example_task_group.py
[2025-09-29T14:52:42.732+0000] {processor.py:914} INFO - Processing file /home/airflow/.local/lib/python3.12/site-packages/airflow/example_dags/example_task_group.py for tasks to queue
[2025-09-29T14:52:42.733+0000] {logging_mixin.py:190} INFO - [2025-09-29T14:52:42.733+0000] {dagbag.py:588} INFO - Filling up the DagBag from /home/airflow/.local/lib/python3.12/site-packages/airflow/example_dags/example_task_group.py
[2025-09-29T14:52:42.738+0000] {processor.py:925} INFO - DAG(s) 'example_task_group' retrieved from /home/airflow/.local/lib/python3.12/site-packages/airflow/example_dags/example_task_group.py
[2025-09-29T14:52:42.751+0000] {logging_mixin.py:190} INFO - [2025-09-29T14:52:42.751+0000] {dag.py:3239} INFO - Sync 1 DAGs
[2025-09-29T14:52:42.758+0000] {logging_mixin.py:190} INFO - [2025-09-29T14:52:42.758+0000] {dag.py:4180} INFO - Setting next_dagrun for example_task_group to None, run_after=None
[2025-09-29T14:52:42.769+0000] {processor.py:208} INFO - Processing /home/airflow/.local/lib/python3.12/site-packages/airflow/example_dags/example_task_group.py took 0.040 seconds
[2025-09-29T14:53:12.917+0000] {processor.py:186} INFO - Started process (PID=2443) to work on /home/airflow/.local/lib/python3.12/site-packages/airflow/example_dags/example_task_group.py
[2025-09-29T14:53:12.917+0000] {processor.py:914} INFO - Processing file /home/airflow/.local/lib/python3.12/site-packages/airflow/example_dags/example_task_group.py for tasks to queue
[2025-09-29T14:53:12.918+0000] {logging_mixin.py:190} INFO - [2025-09-29T14:53:12.918+0000] {dagbag.py:588} INFO - Filling up the DagBag from /home/airflow/.local/lib/python3.12/site-packages/airflow/example_dags/example_task_group.py
[2025-09-29T14:53:12.922+0000] {processor.py:925} INFO - DAG(s) 'example_task_group' retrieved from /home/airflow/.local/lib/python3.12/site-packages/airflow/example_dags/example_task_group.py
[2025-09-29T14:53:12.935+0000] {logging_mixin.py:190} INFO - [2025-09-29T14:53:12.935+0000] {dag.py:3239} INFO - Sync 1 DAGs
[2025-09-29T14:53:12.942+0000] {logging_mixin.py:190} INFO - [2025-09-29T14:53:12.942+0000] {dag.py:4180} INFO - Setting next_dagrun for example_task_group to None, run_after=None
[2025-09-29T14:53:12.952+0000] {processor.py:208} INFO - Processing /home/airflow/.local/lib/python3.12/site-packages/airflow/example_dags/example_task_group.py took 0.038 seconds
[2025-09-29T14:53:43.128+0000] {processor.py:186} INFO - Started process (PID=2506) to work on /home/airflow/.local/lib/python3.12/site-packages/airflow/example_dags/example_task_group.py
[2025-09-29T14:53:43.130+0000] {processor.py:914} INFO - Processing file /home/airflow/.local/lib/python3.12/site-packages/airflow/example_dags/example_task_group.py for tasks to queue
[2025-09-29T14:53:43.130+0000] {logging_mixin.py:190} INFO - [2025-09-29T14:53:43.130+0000] {dagbag.py:588} INFO - Filling up the DagBag from /home/airflow/.local/lib/python3.12/site-packages/airflow/example_dags/example_task_group.py
[2025-09-29T14:53:43.135+0000] {processor.py:925} INFO - DAG(s) 'example_task_group' retrieved from /home/airflow/.local/lib/python3.12/site-packages/airflow/example_dags/example_task_group.py
[2025-09-29T14:53:43.148+0000] {logging_mixin.py:190} INFO - [2025-09-29T14:53:43.147+0000] {dag.py:3239} INFO - Sync 1 DAGs
[2025-09-29T14:53:43.155+0000] {logging_mixin.py:190} INFO - [2025-09-29T14:53:43.155+0000] {dag.py:4180} INFO - Setting next_dagrun for example_task_group to None, run_after=None
[2025-09-29T14:53:43.166+0000] {processor.py:208} INFO - Processing /home/airflow/.local/lib/python3.12/site-packages/airflow/example_dags/example_task_group.py took 0.041 seconds
[2025-09-29T14:54:13.376+0000] {processor.py:186} INFO - Started process (PID=2569) to work on /home/airflow/.local/lib/python3.12/site-packages/airflow/example_dags/example_task_group.py
[2025-09-29T14:54:13.376+0000] {processor.py:914} INFO - Processing file /home/airflow/.local/lib/python3.12/site-packages/airflow/example_dags/example_task_group.py for tasks to queue
[2025-09-29T14:54:13.377+0000] {logging_mixin.py:190} INFO - [2025-09-29T14:54:13.377+0000] {dagbag.py:588} INFO - Filling up the DagBag from /home/airflow/.local/lib/python3.12/site-packages/airflow/example_dags/example_task_group.py
[2025-09-29T14:54:13.381+0000] {processor.py:925} INFO - DAG(s) 'example_task_group' retrieved from /home/airflow/.local/lib/python3.12/site-packages/airflow/example_dags/example_task_group.py
[2025-09-29T14:54:13.394+0000] {logging_mixin.py:190} INFO - [2025-09-29T14:54:13.393+0000] {dag.py:3239} INFO - Sync 1 DAGs
[2025-09-29T14:54:13.401+0000] {logging_mixin.py:190} INFO - [2025-09-29T14:54:13.401+0000] {dag.py:4180} INFO - Setting next_dagrun for example_task_group to None, run_after=None
[2025-09-29T14:54:13.411+0000] {processor.py:208} INFO - Processing /home/airflow/.local/lib/python3.12/site-packages/airflow/example_dags/example_task_group.py took 0.039 seconds
[2025-09-29T14:54:43.706+0000] {processor.py:186} INFO - Started process (PID=2632) to work on /home/airflow/.local/lib/python3.12/site-packages/airflow/example_dags/example_task_group.py
[2025-09-29T14:54:43.707+0000] {processor.py:914} INFO - Processing file /home/airflow/.local/lib/python3.12/site-packages/airflow/example_dags/example_task_group.py for tasks to queue
[2025-09-29T14:54:43.708+0000] {logging_mixin.py:190} INFO - [2025-09-29T14:54:43.708+0000] {dagbag.py:588} INFO - Filling up the DagBag from /home/airflow/.local/lib/python3.12/site-packages/airflow/example_dags/example_task_group.py
[2025-09-29T14:54:43.713+0000] {processor.py:925} INFO - DAG(s) 'example_task_group' retrieved from /home/airflow/.local/lib/python3.12/site-packages/airflow/example_dags/example_task_group.py
[2025-09-29T14:54:43.723+0000] {logging_mixin.py:190} INFO - [2025-09-29T14:54:43.723+0000] {dag.py:3239} INFO - Sync 1 DAGs
[2025-09-29T14:54:43.731+0000] {logging_mixin.py:190} INFO - [2025-09-29T14:54:43.731+0000] {dag.py:4180} INFO - Setting next_dagrun for example_task_group to None, run_after=None
[2025-09-29T14:54:43.741+0000] {processor.py:208} INFO - Processing /home/airflow/.local/lib/python3.12/site-packages/airflow/example_dags/example_task_group.py took 0.039 seconds
[2025-09-29T14:55:14.095+0000] {processor.py:186} INFO - Started process (PID=2695) to work on /home/airflow/.local/lib/python3.12/site-packages/airflow/example_dags/example_task_group.py
[2025-09-29T14:55:14.097+0000] {processor.py:914} INFO - Processing file /home/airflow/.local/lib/python3.12/site-packages/airflow/example_dags/example_task_group.py for tasks to queue
[2025-09-29T14:55:14.098+0000] {logging_mixin.py:190} INFO - [2025-09-29T14:55:14.098+0000] {dagbag.py:588} INFO - Filling up the DagBag from /home/airflow/.local/lib/python3.12/site-packages/airflow/example_dags/example_task_group.py
[2025-09-29T14:55:14.104+0000] {processor.py:925} INFO - DAG(s) 'example_task_group' retrieved from /home/airflow/.local/lib/python3.12/site-packages/airflow/example_dags/example_task_group.py
[2025-09-29T14:55:14.117+0000] {logging_mixin.py:190} INFO - [2025-09-29T14:55:14.117+0000] {dag.py:3239} INFO - Sync 1 DAGs
[2025-09-29T14:55:14.125+0000] {logging_mixin.py:190} INFO - [2025-09-29T14:55:14.124+0000] {dag.py:4180} INFO - Setting next_dagrun for example_task_group to None, run_after=None
[2025-09-29T14:55:14.133+0000] {processor.py:208} INFO - Processing /home/airflow/.local/lib/python3.12/site-packages/airflow/example_dags/example_task_group.py took 0.042 seconds
[2025-09-29T14:55:44.580+0000] {processor.py:186} INFO - Started process (PID=2757) to work on /home/airflow/.local/lib/python3.12/site-packages/airflow/example_dags/example_task_group.py
[2025-09-29T14:55:44.580+0000] {processor.py:914} INFO - Processing file /home/airflow/.local/lib/python3.12/site-packages/airflow/example_dags/example_task_group.py for tasks to queue
[2025-09-29T14:55:44.581+0000] {logging_mixin.py:190} INFO - [2025-09-29T14:55:44.581+0000] {dagbag.py:588} INFO - Filling up the DagBag from /home/airflow/.local/lib/python3.12/site-packages/airflow/example_dags/example_task_group.py
[2025-09-29T14:55:44.586+0000] {processor.py:925} INFO - DAG(s) 'example_task_group' retrieved from /home/airflow/.local/lib/python3.12/site-packages/airflow/example_dags/example_task_group.py
[2025-09-29T14:55:44.601+0000] {logging_mixin.py:190} INFO - [2025-09-29T14:55:44.601+0000] {dag.py:3239} INFO - Sync 1 DAGs
[2025-09-29T14:55:44.608+0000] {logging_mixin.py:190} INFO - [2025-09-29T14:55:44.608+0000] {dag.py:4180} INFO - Setting next_dagrun for example_task_group to None, run_after=None
[2025-09-29T14:55:44.619+0000] {processor.py:208} INFO - Processing /home/airflow/.local/lib/python3.12/site-packages/airflow/example_dags/example_task_group.py took 0.042 seconds
[2025-09-29T14:56:15.162+0000] {processor.py:186} INFO - Started process (PID=2820) to work on /home/airflow/.local/lib/python3.12/site-packages/airflow/example_dags/example_task_group.py
[2025-09-29T14:56:15.162+0000] {processor.py:914} INFO - Processing file /home/airflow/.local/lib/python3.12/site-packages/airflow/example_dags/example_task_group.py for tasks to queue
[2025-09-29T14:56:15.163+0000] {logging_mixin.py:190} INFO - [2025-09-29T14:56:15.163+0000] {dagbag.py:588} INFO - Filling up the DagBag from /home/airflow/.local/lib/python3.12/site-packages/airflow/example_dags/example_task_group.py
[2025-09-29T14:56:15.167+0000] {processor.py:925} INFO - DAG(s) 'example_task_group' retrieved from /home/airflow/.local/lib/python3.12/site-packages/airflow/example_dags/example_task_group.py
[2025-09-29T14:56:15.183+0000] {logging_mixin.py:190} INFO - [2025-09-29T14:56:15.183+0000] {dag.py:3239} INFO - Sync 1 DAGs
[2025-09-29T14:56:15.191+0000] {logging_mixin.py:190} INFO - [2025-09-29T14:56:15.191+0000] {dag.py:4180} INFO - Setting next_dagrun for example_task_group to None, run_after=None
[2025-09-29T14:56:15.201+0000] {processor.py:208} INFO - Processing /home/airflow/.local/lib/python3.12/site-packages/airflow/example_dags/example_task_group.py took 0.042 seconds
[2025-09-29T14:56:45.603+0000] {processor.py:186} INFO - Started process (PID=2883) to work on /home/airflow/.local/lib/python3.12/site-packages/airflow/example_dags/example_task_group.py
[2025-09-29T14:56:45.606+0000] {processor.py:914} INFO - Processing file /home/airflow/.local/lib/python3.12/site-packages/airflow/example_dags/example_task_group.py for tasks to queue
[2025-09-29T14:56:45.607+0000] {logging_mixin.py:190} INFO - [2025-09-29T14:56:45.607+0000] {dagbag.py:588} INFO - Filling up the DagBag from /home/airflow/.local/lib/python3.12/site-packages/airflow/example_dags/example_task_group.py
[2025-09-29T14:56:45.611+0000] {processor.py:925} INFO - DAG(s) 'example_task_group' retrieved from /home/airflow/.local/lib/python3.12/site-packages/airflow/example_dags/example_task_group.py
[2025-09-29T14:56:45.626+0000] {logging_mixin.py:190} INFO - [2025-09-29T14:56:45.626+0000] {dag.py:3239} INFO - Sync 1 DAGs
[2025-09-29T14:56:45.634+0000] {logging_mixin.py:190} INFO - [2025-09-29T14:56:45.633+0000] {dag.py:4180} INFO - Setting next_dagrun for example_task_group to None, run_after=None
[2025-09-29T14:56:45.642+0000] {processor.py:208} INFO - Processing /home/airflow/.local/lib/python3.12/site-packages/airflow/example_dags/example_task_group.py took 0.043 seconds
[2025-09-29T14:57:16.128+0000] {processor.py:186} INFO - Started process (PID=2946) to work on /home/airflow/.local/lib/python3.12/site-packages/airflow/example_dags/example_task_group.py
[2025-09-29T14:57:16.128+0000] {processor.py:914} INFO - Processing file /home/airflow/.local/lib/python3.12/site-packages/airflow/example_dags/example_task_group.py for tasks to queue
[2025-09-29T14:57:16.129+0000] {logging_mixin.py:190} INFO - [2025-09-29T14:57:16.129+0000] {dagbag.py:588} INFO - Filling up the DagBag from /home/airflow/.local/lib/python3.12/site-packages/airflow/example_dags/example_task_group.py
[2025-09-29T14:57:16.133+0000] {processor.py:925} INFO - DAG(s) 'example_task_group' retrieved from /home/airflow/.local/lib/python3.12/site-packages/airflow/example_dags/example_task_group.py
[2025-09-29T14:57:16.146+0000] {logging_mixin.py:190} INFO - [2025-09-29T14:57:16.146+0000] {dag.py:3239} INFO - Sync 1 DAGs
[2025-09-29T14:57:16.153+0000] {logging_mixin.py:190} INFO - [2025-09-29T14:57:16.153+0000] {dag.py:4180} INFO - Setting next_dagrun for example_task_group to None, run_after=None
[2025-09-29T14:57:16.163+0000] {processor.py:208} INFO - Processing /home/airflow/.local/lib/python3.12/site-packages/airflow/example_dags/example_task_group.py took 0.039 seconds
[2025-09-29T14:57:46.742+0000] {processor.py:186} INFO - Started process (PID=3009) to work on /home/airflow/.local/lib/python3.12/site-packages/airflow/example_dags/example_task_group.py
[2025-09-29T14:57:46.743+0000] {processor.py:914} INFO - Processing file /home/airflow/.local/lib/python3.12/site-packages/airflow/example_dags/example_task_group.py for tasks to queue
[2025-09-29T14:57:46.745+0000] {logging_mixin.py:190} INFO - [2025-09-29T14:57:46.745+0000] {dagbag.py:588} INFO - Filling up the DagBag from /home/airflow/.local/lib/python3.12/site-packages/airflow/example_dags/example_task_group.py
[2025-09-29T14:57:46.749+0000] {processor.py:925} INFO - DAG(s) 'example_task_group' retrieved from /home/airflow/.local/lib/python3.12/site-packages/airflow/example_dags/example_task_group.py
[2025-09-29T14:57:46.762+0000] {logging_mixin.py:190} INFO - [2025-09-29T14:57:46.762+0000] {dag.py:3239} INFO - Sync 1 DAGs
[2025-09-29T14:57:46.769+0000] {logging_mixin.py:190} INFO - [2025-09-29T14:57:46.769+0000] {dag.py:4180} INFO - Setting next_dagrun for example_task_group to None, run_after=None
[2025-09-29T14:57:46.779+0000] {processor.py:208} INFO - Processing /home/airflow/.local/lib/python3.12/site-packages/airflow/example_dags/example_task_group.py took 0.040 seconds
[2025-09-29T14:58:17.490+0000] {processor.py:186} INFO - Started process (PID=3071) to work on /home/airflow/.local/lib/python3.12/site-packages/airflow/example_dags/example_task_group.py
[2025-09-29T14:58:17.491+0000] {processor.py:914} INFO - Processing file /home/airflow/.local/lib/python3.12/site-packages/airflow/example_dags/example_task_group.py for tasks to queue
[2025-09-29T14:58:17.492+0000] {logging_mixin.py:190} INFO - [2025-09-29T14:58:17.492+0000] {dagbag.py:588} INFO - Filling up the DagBag from /home/airflow/.local/lib/python3.12/site-packages/airflow/example_dags/example_task_group.py
[2025-09-29T14:58:17.497+0000] {processor.py:925} INFO - DAG(s) 'example_task_group' retrieved from /home/airflow/.local/lib/python3.12/site-packages/airflow/example_dags/example_task_group.py
[2025-09-29T14:58:17.508+0000] {logging_mixin.py:190} INFO - [2025-09-29T14:58:17.507+0000] {dag.py:3239} INFO - Sync 1 DAGs
[2025-09-29T14:58:17.515+0000] {logging_mixin.py:190} INFO - [2025-09-29T14:58:17.515+0000] {dag.py:4180} INFO - Setting next_dagrun for example_task_group to None, run_after=None
[2025-09-29T14:58:17.526+0000] {processor.py:208} INFO - Processing /home/airflow/.local/lib/python3.12/site-packages/airflow/example_dags/example_task_group.py took 0.038 seconds
[2025-09-29T14:58:48.096+0000] {processor.py:186} INFO - Started process (PID=3134) to work on /home/airflow/.local/lib/python3.12/site-packages/airflow/example_dags/example_task_group.py
[2025-09-29T14:58:48.097+0000] {processor.py:914} INFO - Processing file /home/airflow/.local/lib/python3.12/site-packages/airflow/example_dags/example_task_group.py for tasks to queue
[2025-09-29T14:58:48.098+0000] {logging_mixin.py:190} INFO - [2025-09-29T14:58:48.098+0000] {dagbag.py:588} INFO - Filling up the DagBag from /home/airflow/.local/lib/python3.12/site-packages/airflow/example_dags/example_task_group.py
[2025-09-29T14:58:48.103+0000] {processor.py:925} INFO - DAG(s) 'example_task_group' retrieved from /home/airflow/.local/lib/python3.12/site-packages/airflow/example_dags/example_task_group.py
[2025-09-29T14:58:48.116+0000] {logging_mixin.py:190} INFO - [2025-09-29T14:58:48.116+0000] {dag.py:3239} INFO - Sync 1 DAGs
[2025-09-29T14:58:48.123+0000] {logging_mixin.py:190} INFO - [2025-09-29T14:58:48.123+0000] {dag.py:4180} INFO - Setting next_dagrun for example_task_group to None, run_after=None
[2025-09-29T14:58:48.134+0000] {processor.py:208} INFO - Processing /home/airflow/.local/lib/python3.12/site-packages/airflow/example_dags/example_task_group.py took 0.041 seconds
[2025-09-29T14:59:18.724+0000] {processor.py:186} INFO - Started process (PID=3197) to work on /home/airflow/.local/lib/python3.12/site-packages/airflow/example_dags/example_task_group.py
[2025-09-29T14:59:18.724+0000] {processor.py:914} INFO - Processing file /home/airflow/.local/lib/python3.12/site-packages/airflow/example_dags/example_task_group.py for tasks to queue
[2025-09-29T14:59:18.725+0000] {logging_mixin.py:190} INFO - [2025-09-29T14:59:18.725+0000] {dagbag.py:588} INFO - Filling up the DagBag from /home/airflow/.local/lib/python3.12/site-packages/airflow/example_dags/example_task_group.py
[2025-09-29T14:59:18.731+0000] {processor.py:925} INFO - DAG(s) 'example_task_group' retrieved from /home/airflow/.local/lib/python3.12/site-packages/airflow/example_dags/example_task_group.py
[2025-09-29T14:59:18.742+0000] {logging_mixin.py:190} INFO - [2025-09-29T14:59:18.742+0000] {dag.py:3239} INFO - Sync 1 DAGs
[2025-09-29T14:59:18.750+0000] {logging_mixin.py:190} INFO - [2025-09-29T14:59:18.750+0000] {dag.py:4180} INFO - Setting next_dagrun for example_task_group to None, run_after=None
[2025-09-29T14:59:18.763+0000] {processor.py:208} INFO - Processing /home/airflow/.local/lib/python3.12/site-packages/airflow/example_dags/example_task_group.py took 0.042 seconds
[2025-09-29T14:59:49.292+0000] {processor.py:186} INFO - Started process (PID=3260) to work on /home/airflow/.local/lib/python3.12/site-packages/airflow/example_dags/example_task_group.py
[2025-09-29T14:59:49.293+0000] {processor.py:914} INFO - Processing file /home/airflow/.local/lib/python3.12/site-packages/airflow/example_dags/example_task_group.py for tasks to queue
[2025-09-29T14:59:49.294+0000] {logging_mixin.py:190} INFO - [2025-09-29T14:59:49.293+0000] {dagbag.py:588} INFO - Filling up the DagBag from /home/airflow/.local/lib/python3.12/site-packages/airflow/example_dags/example_task_group.py
[2025-09-29T14:59:49.298+0000] {processor.py:925} INFO - DAG(s) 'example_task_group' retrieved from /home/airflow/.local/lib/python3.12/site-packages/airflow/example_dags/example_task_group.py
[2025-09-29T14:59:49.308+0000] {logging_mixin.py:190} INFO - [2025-09-29T14:59:49.308+0000] {dag.py:3239} INFO - Sync 1 DAGs
[2025-09-29T14:59:49.316+0000] {logging_mixin.py:190} INFO - [2025-09-29T14:59:49.315+0000] {dag.py:4180} INFO - Setting next_dagrun for example_task_group to None, run_after=None
[2025-09-29T14:59:49.330+0000] {processor.py:208} INFO - Processing /home/airflow/.local/lib/python3.12/site-packages/airflow/example_dags/example_task_group.py took 0.041 seconds
[2025-09-29T15:00:19.852+0000] {processor.py:186} INFO - Started process (PID=3323) to work on /home/airflow/.local/lib/python3.12/site-packages/airflow/example_dags/example_task_group.py
[2025-09-29T15:00:19.853+0000] {processor.py:914} INFO - Processing file /home/airflow/.local/lib/python3.12/site-packages/airflow/example_dags/example_task_group.py for tasks to queue
[2025-09-29T15:00:19.855+0000] {logging_mixin.py:190} INFO - [2025-09-29T15:00:19.855+0000] {dagbag.py:588} INFO - Filling up the DagBag from /home/airflow/.local/lib/python3.12/site-packages/airflow/example_dags/example_task_group.py
[2025-09-29T15:00:19.860+0000] {processor.py:925} INFO - DAG(s) 'example_task_group' retrieved from /home/airflow/.local/lib/python3.12/site-packages/airflow/example_dags/example_task_group.py
[2025-09-29T15:00:19.873+0000] {logging_mixin.py:190} INFO - [2025-09-29T15:00:19.872+0000] {dag.py:3239} INFO - Sync 1 DAGs
[2025-09-29T15:00:19.880+0000] {logging_mixin.py:190} INFO - [2025-09-29T15:00:19.880+0000] {dag.py:4180} INFO - Setting next_dagrun for example_task_group to None, run_after=None
[2025-09-29T15:00:19.890+0000] {processor.py:208} INFO - Processing /home/airflow/.local/lib/python3.12/site-packages/airflow/example_dags/example_task_group.py took 0.042 seconds
[2025-09-29T15:00:50.428+0000] {processor.py:186} INFO - Started process (PID=3386) to work on /home/airflow/.local/lib/python3.12/site-packages/airflow/example_dags/example_task_group.py
[2025-09-29T15:00:50.429+0000] {processor.py:914} INFO - Processing file /home/airflow/.local/lib/python3.12/site-packages/airflow/example_dags/example_task_group.py for tasks to queue
[2025-09-29T15:00:50.430+0000] {logging_mixin.py:190} INFO - [2025-09-29T15:00:50.430+0000] {dagbag.py:588} INFO - Filling up the DagBag from /home/airflow/.local/lib/python3.12/site-packages/airflow/example_dags/example_task_group.py
[2025-09-29T15:00:50.436+0000] {processor.py:925} INFO - DAG(s) 'example_task_group' retrieved from /home/airflow/.local/lib/python3.12/site-packages/airflow/example_dags/example_task_group.py
[2025-09-29T15:00:50.450+0000] {logging_mixin.py:190} INFO - [2025-09-29T15:00:50.450+0000] {dag.py:3239} INFO - Sync 1 DAGs
[2025-09-29T15:00:50.457+0000] {logging_mixin.py:190} INFO - [2025-09-29T15:00:50.457+0000] {dag.py:4180} INFO - Setting next_dagrun for example_task_group to None, run_after=None
[2025-09-29T15:00:50.471+0000] {processor.py:208} INFO - Processing /home/airflow/.local/lib/python3.12/site-packages/airflow/example_dags/example_task_group.py took 0.046 seconds
[2025-09-29T15:01:21.047+0000] {processor.py:186} INFO - Started process (PID=3449) to work on /home/airflow/.local/lib/python3.12/site-packages/airflow/example_dags/example_task_group.py
[2025-09-29T15:01:21.048+0000] {processor.py:914} INFO - Processing file /home/airflow/.local/lib/python3.12/site-packages/airflow/example_dags/example_task_group.py for tasks to queue
[2025-09-29T15:01:21.049+0000] {logging_mixin.py:190} INFO - [2025-09-29T15:01:21.048+0000] {dagbag.py:588} INFO - Filling up the DagBag from /home/airflow/.local/lib/python3.12/site-packages/airflow/example_dags/example_task_group.py
[2025-09-29T15:01:21.054+0000] {processor.py:925} INFO - DAG(s) 'example_task_group' retrieved from /home/airflow/.local/lib/python3.12/site-packages/airflow/example_dags/example_task_group.py
[2025-09-29T15:01:21.068+0000] {logging_mixin.py:190} INFO - [2025-09-29T15:01:21.068+0000] {dag.py:3239} INFO - Sync 1 DAGs
[2025-09-29T15:01:21.076+0000] {logging_mixin.py:190} INFO - [2025-09-29T15:01:21.075+0000] {dag.py:4180} INFO - Setting next_dagrun for example_task_group to None, run_after=None
[2025-09-29T15:01:21.091+0000] {processor.py:208} INFO - Processing /home/airflow/.local/lib/python3.12/site-packages/airflow/example_dags/example_task_group.py took 0.047 seconds
[2025-09-29T15:01:51.613+0000] {processor.py:186} INFO - Started process (PID=3512) to work on /home/airflow/.local/lib/python3.12/site-packages/airflow/example_dags/example_task_group.py
[2025-09-29T15:01:51.613+0000] {processor.py:914} INFO - Processing file /home/airflow/.local/lib/python3.12/site-packages/airflow/example_dags/example_task_group.py for tasks to queue
[2025-09-29T15:01:51.614+0000] {logging_mixin.py:190} INFO - [2025-09-29T15:01:51.614+0000] {dagbag.py:588} INFO - Filling up the DagBag from /home/airflow/.local/lib/python3.12/site-packages/airflow/example_dags/example_task_group.py
[2025-09-29T15:01:51.619+0000] {processor.py:925} INFO - DAG(s) 'example_task_group' retrieved from /home/airflow/.local/lib/python3.12/site-packages/airflow/example_dags/example_task_group.py
[2025-09-29T15:01:51.630+0000] {logging_mixin.py:190} INFO - [2025-09-29T15:01:51.630+0000] {dag.py:3239} INFO - Sync 1 DAGs
[2025-09-29T15:01:51.639+0000] {logging_mixin.py:190} INFO - [2025-09-29T15:01:51.639+0000] {dag.py:4180} INFO - Setting next_dagrun for example_task_group to None, run_after=None
[2025-09-29T15:01:51.651+0000] {processor.py:208} INFO - Processing /home/airflow/.local/lib/python3.12/site-packages/airflow/example_dags/example_task_group.py took 0.041 seconds
[2025-09-29T15:02:22.143+0000] {processor.py:186} INFO - Started process (PID=3575) to work on /home/airflow/.local/lib/python3.12/site-packages/airflow/example_dags/example_task_group.py
[2025-09-29T15:02:22.145+0000] {processor.py:914} INFO - Processing file /home/airflow/.local/lib/python3.12/site-packages/airflow/example_dags/example_task_group.py for tasks to queue
[2025-09-29T15:02:22.146+0000] {logging_mixin.py:190} INFO - [2025-09-29T15:02:22.145+0000] {dagbag.py:588} INFO - Filling up the DagBag from /home/airflow/.local/lib/python3.12/site-packages/airflow/example_dags/example_task_group.py
[2025-09-29T15:02:22.153+0000] {processor.py:925} INFO - DAG(s) 'example_task_group' retrieved from /home/airflow/.local/lib/python3.12/site-packages/airflow/example_dags/example_task_group.py
[2025-09-29T15:02:22.169+0000] {logging_mixin.py:190} INFO - [2025-09-29T15:02:22.169+0000] {dag.py:3239} INFO - Sync 1 DAGs
[2025-09-29T15:02:22.178+0000] {logging_mixin.py:190} INFO - [2025-09-29T15:02:22.178+0000] {dag.py:4180} INFO - Setting next_dagrun for example_task_group to None, run_after=None
[2025-09-29T15:02:22.193+0000] {processor.py:208} INFO - Processing /home/airflow/.local/lib/python3.12/site-packages/airflow/example_dags/example_task_group.py took 0.055 seconds
