[2025-09-29T14:34:28.803+0000] {processor.py:186} INFO - Started process (PID=52) to work on /home/airflow/.local/lib/python3.12/site-packages/airflow/example_dags/example_python_decorator.py
[2025-09-29T14:34:28.803+0000] {processor.py:914} INFO - Processing file /home/airflow/.local/lib/python3.12/site-packages/airflow/example_dags/example_python_decorator.py for tasks to queue
[2025-09-29T14:34:28.805+0000] {logging_mixin.py:190} INFO - [2025-09-29T14:34:28.804+0000] {dagbag.py:588} INFO - Filling up the DagBag from /home/airflow/.local/lib/python3.12/site-packages/airflow/example_dags/example_python_decorator.py
[2025-09-29T14:34:28.815+0000] {processor.py:925} INFO - DAG(s) 'example_python_decorator' retrieved from /home/airflow/.local/lib/python3.12/site-packages/airflow/example_dags/example_python_decorator.py
[2025-09-29T14:34:28.907+0000] {logging_mixin.py:190} INFO - [2025-09-29T14:34:28.906+0000] {dag.py:3239} INFO - Sync 1 DAGs
[2025-09-29T14:34:28.931+0000] {logging_mixin.py:190} INFO - [2025-09-29T14:34:28.931+0000] {dag.py:4180} INFO - Setting next_dagrun for example_python_decorator to None, run_after=None
[2025-09-29T14:34:28.978+0000] {processor.py:208} INFO - Processing /home/airflow/.local/lib/python3.12/site-packages/airflow/example_dags/example_python_decorator.py took 0.179 seconds
[2025-09-29T14:34:59.153+0000] {processor.py:186} INFO - Started process (PID=121) to work on /home/airflow/.local/lib/python3.12/site-packages/airflow/example_dags/example_python_decorator.py
[2025-09-29T14:34:59.154+0000] {processor.py:914} INFO - Processing file /home/airflow/.local/lib/python3.12/site-packages/airflow/example_dags/example_python_decorator.py for tasks to queue
[2025-09-29T14:34:59.155+0000] {logging_mixin.py:190} INFO - [2025-09-29T14:34:59.155+0000] {dagbag.py:588} INFO - Filling up the DagBag from /home/airflow/.local/lib/python3.12/site-packages/airflow/example_dags/example_python_decorator.py
[2025-09-29T14:34:59.166+0000] {processor.py:925} INFO - DAG(s) 'example_python_decorator' retrieved from /home/airflow/.local/lib/python3.12/site-packages/airflow/example_dags/example_python_decorator.py
[2025-09-29T14:34:59.186+0000] {logging_mixin.py:190} INFO - [2025-09-29T14:34:59.186+0000] {dag.py:3239} INFO - Sync 1 DAGs
[2025-09-29T14:34:59.194+0000] {logging_mixin.py:190} INFO - [2025-09-29T14:34:59.193+0000] {dag.py:4180} INFO - Setting next_dagrun for example_python_decorator to None, run_after=None
[2025-09-29T14:34:59.204+0000] {processor.py:208} INFO - Processing /home/airflow/.local/lib/python3.12/site-packages/airflow/example_dags/example_python_decorator.py took 0.054 seconds
[2025-09-29T14:35:29.609+0000] {processor.py:186} INFO - Started process (PID=184) to work on /home/airflow/.local/lib/python3.12/site-packages/airflow/example_dags/example_python_decorator.py
[2025-09-29T14:35:29.611+0000] {processor.py:914} INFO - Processing file /home/airflow/.local/lib/python3.12/site-packages/airflow/example_dags/example_python_decorator.py for tasks to queue
[2025-09-29T14:35:29.612+0000] {logging_mixin.py:190} INFO - [2025-09-29T14:35:29.612+0000] {dagbag.py:588} INFO - Filling up the DagBag from /home/airflow/.local/lib/python3.12/site-packages/airflow/example_dags/example_python_decorator.py
[2025-09-29T14:35:29.619+0000] {processor.py:925} INFO - DAG(s) 'example_python_decorator' retrieved from /home/airflow/.local/lib/python3.12/site-packages/airflow/example_dags/example_python_decorator.py
[2025-09-29T14:35:29.630+0000] {logging_mixin.py:190} INFO - [2025-09-29T14:35:29.630+0000] {dag.py:3239} INFO - Sync 1 DAGs
[2025-09-29T14:35:29.638+0000] {logging_mixin.py:190} INFO - [2025-09-29T14:35:29.637+0000] {dag.py:4180} INFO - Setting next_dagrun for example_python_decorator to None, run_after=None
[2025-09-29T14:35:29.652+0000] {processor.py:208} INFO - Processing /home/airflow/.local/lib/python3.12/site-packages/airflow/example_dags/example_python_decorator.py took 0.045 seconds
[2025-09-29T14:35:59.834+0000] {processor.py:186} INFO - Started process (PID=248) to work on /home/airflow/.local/lib/python3.12/site-packages/airflow/example_dags/example_python_decorator.py
[2025-09-29T14:35:59.837+0000] {processor.py:914} INFO - Processing file /home/airflow/.local/lib/python3.12/site-packages/airflow/example_dags/example_python_decorator.py for tasks to queue
[2025-09-29T14:35:59.839+0000] {logging_mixin.py:190} INFO - [2025-09-29T14:35:59.838+0000] {dagbag.py:588} INFO - Filling up the DagBag from /home/airflow/.local/lib/python3.12/site-packages/airflow/example_dags/example_python_decorator.py
[2025-09-29T14:35:59.846+0000] {processor.py:925} INFO - DAG(s) 'example_python_decorator' retrieved from /home/airflow/.local/lib/python3.12/site-packages/airflow/example_dags/example_python_decorator.py
[2025-09-29T14:35:59.860+0000] {logging_mixin.py:190} INFO - [2025-09-29T14:35:59.860+0000] {dag.py:3239} INFO - Sync 1 DAGs
[2025-09-29T14:35:59.866+0000] {logging_mixin.py:190} INFO - [2025-09-29T14:35:59.866+0000] {dag.py:4180} INFO - Setting next_dagrun for example_python_decorator to None, run_after=None
[2025-09-29T14:35:59.879+0000] {processor.py:208} INFO - Processing /home/airflow/.local/lib/python3.12/site-packages/airflow/example_dags/example_python_decorator.py took 0.048 seconds
[2025-09-29T14:36:29.988+0000] {processor.py:186} INFO - Started process (PID=312) to work on /home/airflow/.local/lib/python3.12/site-packages/airflow/example_dags/example_python_decorator.py
[2025-09-29T14:36:29.988+0000] {processor.py:914} INFO - Processing file /home/airflow/.local/lib/python3.12/site-packages/airflow/example_dags/example_python_decorator.py for tasks to queue
[2025-09-29T14:36:29.989+0000] {logging_mixin.py:190} INFO - [2025-09-29T14:36:29.989+0000] {dagbag.py:588} INFO - Filling up the DagBag from /home/airflow/.local/lib/python3.12/site-packages/airflow/example_dags/example_python_decorator.py
[2025-09-29T14:36:29.996+0000] {processor.py:925} INFO - DAG(s) 'example_python_decorator' retrieved from /home/airflow/.local/lib/python3.12/site-packages/airflow/example_dags/example_python_decorator.py
[2025-09-29T14:36:30.007+0000] {logging_mixin.py:190} INFO - [2025-09-29T14:36:30.007+0000] {dag.py:3239} INFO - Sync 1 DAGs
[2025-09-29T14:36:30.015+0000] {logging_mixin.py:190} INFO - [2025-09-29T14:36:30.014+0000] {dag.py:4180} INFO - Setting next_dagrun for example_python_decorator to None, run_after=None
[2025-09-29T14:36:30.031+0000] {processor.py:208} INFO - Processing /home/airflow/.local/lib/python3.12/site-packages/airflow/example_dags/example_python_decorator.py took 0.047 seconds
[2025-09-29T14:37:00.158+0000] {processor.py:186} INFO - Started process (PID=376) to work on /home/airflow/.local/lib/python3.12/site-packages/airflow/example_dags/example_python_decorator.py
[2025-09-29T14:37:00.159+0000] {processor.py:914} INFO - Processing file /home/airflow/.local/lib/python3.12/site-packages/airflow/example_dags/example_python_decorator.py for tasks to queue
[2025-09-29T14:37:00.160+0000] {logging_mixin.py:190} INFO - [2025-09-29T14:37:00.160+0000] {dagbag.py:588} INFO - Filling up the DagBag from /home/airflow/.local/lib/python3.12/site-packages/airflow/example_dags/example_python_decorator.py
[2025-09-29T14:37:00.167+0000] {processor.py:925} INFO - DAG(s) 'example_python_decorator' retrieved from /home/airflow/.local/lib/python3.12/site-packages/airflow/example_dags/example_python_decorator.py
[2025-09-29T14:37:00.184+0000] {logging_mixin.py:190} INFO - [2025-09-29T14:37:00.183+0000] {dag.py:3239} INFO - Sync 1 DAGs
[2025-09-29T14:37:00.190+0000] {logging_mixin.py:190} INFO - [2025-09-29T14:37:00.190+0000] {dag.py:4180} INFO - Setting next_dagrun for example_python_decorator to None, run_after=None
[2025-09-29T14:37:00.198+0000] {processor.py:208} INFO - Processing /home/airflow/.local/lib/python3.12/site-packages/airflow/example_dags/example_python_decorator.py took 0.044 seconds
[2025-09-29T14:37:30.480+0000] {processor.py:186} INFO - Started process (PID=439) to work on /home/airflow/.local/lib/python3.12/site-packages/airflow/example_dags/example_python_decorator.py
[2025-09-29T14:37:30.481+0000] {processor.py:914} INFO - Processing file /home/airflow/.local/lib/python3.12/site-packages/airflow/example_dags/example_python_decorator.py for tasks to queue
[2025-09-29T14:37:30.484+0000] {logging_mixin.py:190} INFO - [2025-09-29T14:37:30.484+0000] {dagbag.py:588} INFO - Filling up the DagBag from /home/airflow/.local/lib/python3.12/site-packages/airflow/example_dags/example_python_decorator.py
[2025-09-29T14:37:30.492+0000] {processor.py:925} INFO - DAG(s) 'example_python_decorator' retrieved from /home/airflow/.local/lib/python3.12/site-packages/airflow/example_dags/example_python_decorator.py
[2025-09-29T14:37:30.512+0000] {logging_mixin.py:190} INFO - [2025-09-29T14:37:30.511+0000] {dag.py:3239} INFO - Sync 1 DAGs
[2025-09-29T14:37:30.521+0000] {logging_mixin.py:190} INFO - [2025-09-29T14:37:30.521+0000] {dag.py:4180} INFO - Setting next_dagrun for example_python_decorator to None, run_after=None
[2025-09-29T14:37:30.533+0000] {processor.py:208} INFO - Processing /home/airflow/.local/lib/python3.12/site-packages/airflow/example_dags/example_python_decorator.py took 0.056 seconds
[2025-09-29T14:38:00.895+0000] {processor.py:186} INFO - Started process (PID=503) to work on /home/airflow/.local/lib/python3.12/site-packages/airflow/example_dags/example_python_decorator.py
[2025-09-29T14:38:00.896+0000] {processor.py:914} INFO - Processing file /home/airflow/.local/lib/python3.12/site-packages/airflow/example_dags/example_python_decorator.py for tasks to queue
[2025-09-29T14:38:00.897+0000] {logging_mixin.py:190} INFO - [2025-09-29T14:38:00.897+0000] {dagbag.py:588} INFO - Filling up the DagBag from /home/airflow/.local/lib/python3.12/site-packages/airflow/example_dags/example_python_decorator.py
[2025-09-29T14:38:00.908+0000] {processor.py:925} INFO - DAG(s) 'example_python_decorator' retrieved from /home/airflow/.local/lib/python3.12/site-packages/airflow/example_dags/example_python_decorator.py
[2025-09-29T14:38:00.927+0000] {logging_mixin.py:190} INFO - [2025-09-29T14:38:00.927+0000] {dag.py:3239} INFO - Sync 1 DAGs
[2025-09-29T14:38:00.936+0000] {logging_mixin.py:190} INFO - [2025-09-29T14:38:00.936+0000] {dag.py:4180} INFO - Setting next_dagrun for example_python_decorator to None, run_after=None
[2025-09-29T14:38:00.950+0000] {processor.py:208} INFO - Processing /home/airflow/.local/lib/python3.12/site-packages/airflow/example_dags/example_python_decorator.py took 0.058 seconds
[2025-09-29T14:38:31.326+0000] {processor.py:186} INFO - Started process (PID=581) to work on /home/airflow/.local/lib/python3.12/site-packages/airflow/example_dags/example_python_decorator.py
[2025-09-29T14:38:31.329+0000] {processor.py:914} INFO - Processing file /home/airflow/.local/lib/python3.12/site-packages/airflow/example_dags/example_python_decorator.py for tasks to queue
[2025-09-29T14:38:31.331+0000] {logging_mixin.py:190} INFO - [2025-09-29T14:38:31.331+0000] {dagbag.py:588} INFO - Filling up the DagBag from /home/airflow/.local/lib/python3.12/site-packages/airflow/example_dags/example_python_decorator.py
[2025-09-29T14:38:31.343+0000] {processor.py:925} INFO - DAG(s) 'example_python_decorator' retrieved from /home/airflow/.local/lib/python3.12/site-packages/airflow/example_dags/example_python_decorator.py
[2025-09-29T14:38:31.364+0000] {logging_mixin.py:190} INFO - [2025-09-29T14:38:31.364+0000] {dag.py:3239} INFO - Sync 1 DAGs
[2025-09-29T14:38:31.372+0000] {logging_mixin.py:190} INFO - [2025-09-29T14:38:31.372+0000] {dag.py:4180} INFO - Setting next_dagrun for example_python_decorator to None, run_after=None
[2025-09-29T14:38:31.386+0000] {processor.py:208} INFO - Processing /home/airflow/.local/lib/python3.12/site-packages/airflow/example_dags/example_python_decorator.py took 0.065 seconds
[2025-09-29T14:39:01.736+0000] {processor.py:186} INFO - Started process (PID=644) to work on /home/airflow/.local/lib/python3.12/site-packages/airflow/example_dags/example_python_decorator.py
[2025-09-29T14:39:01.736+0000] {processor.py:914} INFO - Processing file /home/airflow/.local/lib/python3.12/site-packages/airflow/example_dags/example_python_decorator.py for tasks to queue
[2025-09-29T14:39:01.738+0000] {logging_mixin.py:190} INFO - [2025-09-29T14:39:01.738+0000] {dagbag.py:588} INFO - Filling up the DagBag from /home/airflow/.local/lib/python3.12/site-packages/airflow/example_dags/example_python_decorator.py
[2025-09-29T14:39:01.745+0000] {processor.py:925} INFO - DAG(s) 'example_python_decorator' retrieved from /home/airflow/.local/lib/python3.12/site-packages/airflow/example_dags/example_python_decorator.py
[2025-09-29T14:39:01.757+0000] {logging_mixin.py:190} INFO - [2025-09-29T14:39:01.757+0000] {dag.py:3239} INFO - Sync 1 DAGs
[2025-09-29T14:39:01.764+0000] {logging_mixin.py:190} INFO - [2025-09-29T14:39:01.764+0000] {dag.py:4180} INFO - Setting next_dagrun for example_python_decorator to None, run_after=None
[2025-09-29T14:39:01.773+0000] {processor.py:208} INFO - Processing /home/airflow/.local/lib/python3.12/site-packages/airflow/example_dags/example_python_decorator.py took 0.040 seconds
[2025-09-29T14:39:32.172+0000] {processor.py:186} INFO - Started process (PID=707) to work on /home/airflow/.local/lib/python3.12/site-packages/airflow/example_dags/example_python_decorator.py
[2025-09-29T14:39:32.173+0000] {processor.py:914} INFO - Processing file /home/airflow/.local/lib/python3.12/site-packages/airflow/example_dags/example_python_decorator.py for tasks to queue
[2025-09-29T14:39:32.175+0000] {logging_mixin.py:190} INFO - [2025-09-29T14:39:32.175+0000] {dagbag.py:588} INFO - Filling up the DagBag from /home/airflow/.local/lib/python3.12/site-packages/airflow/example_dags/example_python_decorator.py
[2025-09-29T14:39:32.185+0000] {processor.py:925} INFO - DAG(s) 'example_python_decorator' retrieved from /home/airflow/.local/lib/python3.12/site-packages/airflow/example_dags/example_python_decorator.py
[2025-09-29T14:39:32.198+0000] {logging_mixin.py:190} INFO - [2025-09-29T14:39:32.198+0000] {dag.py:3239} INFO - Sync 1 DAGs
[2025-09-29T14:39:32.206+0000] {logging_mixin.py:190} INFO - [2025-09-29T14:39:32.205+0000] {dag.py:4180} INFO - Setting next_dagrun for example_python_decorator to None, run_after=None
[2025-09-29T14:39:32.219+0000] {processor.py:208} INFO - Processing /home/airflow/.local/lib/python3.12/site-packages/airflow/example_dags/example_python_decorator.py took 0.051 seconds
[2025-09-29T14:40:02.727+0000] {processor.py:186} INFO - Started process (PID=771) to work on /home/airflow/.local/lib/python3.12/site-packages/airflow/example_dags/example_python_decorator.py
[2025-09-29T14:40:02.728+0000] {processor.py:914} INFO - Processing file /home/airflow/.local/lib/python3.12/site-packages/airflow/example_dags/example_python_decorator.py for tasks to queue
[2025-09-29T14:40:02.729+0000] {logging_mixin.py:190} INFO - [2025-09-29T14:40:02.729+0000] {dagbag.py:588} INFO - Filling up the DagBag from /home/airflow/.local/lib/python3.12/site-packages/airflow/example_dags/example_python_decorator.py
[2025-09-29T14:40:02.736+0000] {processor.py:925} INFO - DAG(s) 'example_python_decorator' retrieved from /home/airflow/.local/lib/python3.12/site-packages/airflow/example_dags/example_python_decorator.py
[2025-09-29T14:40:02.748+0000] {logging_mixin.py:190} INFO - [2025-09-29T14:40:02.748+0000] {dag.py:3239} INFO - Sync 1 DAGs
[2025-09-29T14:40:02.754+0000] {logging_mixin.py:190} INFO - [2025-09-29T14:40:02.754+0000] {dag.py:4180} INFO - Setting next_dagrun for example_python_decorator to None, run_after=None
[2025-09-29T14:40:02.763+0000] {processor.py:208} INFO - Processing /home/airflow/.local/lib/python3.12/site-packages/airflow/example_dags/example_python_decorator.py took 0.040 seconds
[2025-09-29T14:40:33.115+0000] {processor.py:186} INFO - Started process (PID=834) to work on /home/airflow/.local/lib/python3.12/site-packages/airflow/example_dags/example_python_decorator.py
[2025-09-29T14:40:33.116+0000] {processor.py:914} INFO - Processing file /home/airflow/.local/lib/python3.12/site-packages/airflow/example_dags/example_python_decorator.py for tasks to queue
[2025-09-29T14:40:33.117+0000] {logging_mixin.py:190} INFO - [2025-09-29T14:40:33.117+0000] {dagbag.py:588} INFO - Filling up the DagBag from /home/airflow/.local/lib/python3.12/site-packages/airflow/example_dags/example_python_decorator.py
[2025-09-29T14:40:33.125+0000] {processor.py:925} INFO - DAG(s) 'example_python_decorator' retrieved from /home/airflow/.local/lib/python3.12/site-packages/airflow/example_dags/example_python_decorator.py
[2025-09-29T14:40:33.142+0000] {logging_mixin.py:190} INFO - [2025-09-29T14:40:33.142+0000] {dag.py:3239} INFO - Sync 1 DAGs
[2025-09-29T14:40:33.149+0000] {logging_mixin.py:190} INFO - [2025-09-29T14:40:33.149+0000] {dag.py:4180} INFO - Setting next_dagrun for example_python_decorator to None, run_after=None
[2025-09-29T14:40:33.160+0000] {processor.py:208} INFO - Processing /home/airflow/.local/lib/python3.12/site-packages/airflow/example_dags/example_python_decorator.py took 0.049 seconds
[2025-09-29T14:41:03.557+0000] {processor.py:186} INFO - Started process (PID=900) to work on /home/airflow/.local/lib/python3.12/site-packages/airflow/example_dags/example_python_decorator.py
[2025-09-29T14:41:03.560+0000] {processor.py:914} INFO - Processing file /home/airflow/.local/lib/python3.12/site-packages/airflow/example_dags/example_python_decorator.py for tasks to queue
[2025-09-29T14:41:03.562+0000] {logging_mixin.py:190} INFO - [2025-09-29T14:41:03.562+0000] {dagbag.py:588} INFO - Filling up the DagBag from /home/airflow/.local/lib/python3.12/site-packages/airflow/example_dags/example_python_decorator.py
[2025-09-29T14:41:03.569+0000] {processor.py:925} INFO - DAG(s) 'example_python_decorator' retrieved from /home/airflow/.local/lib/python3.12/site-packages/airflow/example_dags/example_python_decorator.py
[2025-09-29T14:41:03.583+0000] {logging_mixin.py:190} INFO - [2025-09-29T14:41:03.582+0000] {dag.py:3239} INFO - Sync 1 DAGs
[2025-09-29T14:41:03.589+0000] {logging_mixin.py:190} INFO - [2025-09-29T14:41:03.589+0000] {dag.py:4180} INFO - Setting next_dagrun for example_python_decorator to None, run_after=None
[2025-09-29T14:41:03.599+0000] {processor.py:208} INFO - Processing /home/airflow/.local/lib/python3.12/site-packages/airflow/example_dags/example_python_decorator.py took 0.045 seconds
[2025-09-29T14:41:33.803+0000] {processor.py:186} INFO - Started process (PID=964) to work on /home/airflow/.local/lib/python3.12/site-packages/airflow/example_dags/example_python_decorator.py
[2025-09-29T14:41:33.806+0000] {processor.py:914} INFO - Processing file /home/airflow/.local/lib/python3.12/site-packages/airflow/example_dags/example_python_decorator.py for tasks to queue
[2025-09-29T14:41:33.808+0000] {logging_mixin.py:190} INFO - [2025-09-29T14:41:33.807+0000] {dagbag.py:588} INFO - Filling up the DagBag from /home/airflow/.local/lib/python3.12/site-packages/airflow/example_dags/example_python_decorator.py
[2025-09-29T14:41:33.817+0000] {processor.py:925} INFO - DAG(s) 'example_python_decorator' retrieved from /home/airflow/.local/lib/python3.12/site-packages/airflow/example_dags/example_python_decorator.py
[2025-09-29T14:41:33.831+0000] {logging_mixin.py:190} INFO - [2025-09-29T14:41:33.831+0000] {dag.py:3239} INFO - Sync 1 DAGs
[2025-09-29T14:41:33.840+0000] {logging_mixin.py:190} INFO - [2025-09-29T14:41:33.840+0000] {dag.py:4180} INFO - Setting next_dagrun for example_python_decorator to None, run_after=None
[2025-09-29T14:41:33.851+0000] {processor.py:208} INFO - Processing /home/airflow/.local/lib/python3.12/site-packages/airflow/example_dags/example_python_decorator.py took 0.051 seconds
[2025-09-29T14:42:04.305+0000] {processor.py:186} INFO - Started process (PID=1029) to work on /home/airflow/.local/lib/python3.12/site-packages/airflow/example_dags/example_python_decorator.py
[2025-09-29T14:42:04.305+0000] {processor.py:914} INFO - Processing file /home/airflow/.local/lib/python3.12/site-packages/airflow/example_dags/example_python_decorator.py for tasks to queue
[2025-09-29T14:42:04.307+0000] {logging_mixin.py:190} INFO - [2025-09-29T14:42:04.307+0000] {dagbag.py:588} INFO - Filling up the DagBag from /home/airflow/.local/lib/python3.12/site-packages/airflow/example_dags/example_python_decorator.py
[2025-09-29T14:42:04.316+0000] {processor.py:925} INFO - DAG(s) 'example_python_decorator' retrieved from /home/airflow/.local/lib/python3.12/site-packages/airflow/example_dags/example_python_decorator.py
[2025-09-29T14:42:04.333+0000] {logging_mixin.py:190} INFO - [2025-09-29T14:42:04.333+0000] {dag.py:3239} INFO - Sync 1 DAGs
[2025-09-29T14:42:04.342+0000] {logging_mixin.py:190} INFO - [2025-09-29T14:42:04.342+0000] {dag.py:4180} INFO - Setting next_dagrun for example_python_decorator to None, run_after=None
[2025-09-29T14:42:04.356+0000] {processor.py:208} INFO - Processing /home/airflow/.local/lib/python3.12/site-packages/airflow/example_dags/example_python_decorator.py took 0.055 seconds
[2025-09-29T14:42:34.716+0000] {processor.py:186} INFO - Started process (PID=1093) to work on /home/airflow/.local/lib/python3.12/site-packages/airflow/example_dags/example_python_decorator.py
[2025-09-29T14:42:34.717+0000] {processor.py:914} INFO - Processing file /home/airflow/.local/lib/python3.12/site-packages/airflow/example_dags/example_python_decorator.py for tasks to queue
[2025-09-29T14:42:34.721+0000] {logging_mixin.py:190} INFO - [2025-09-29T14:42:34.721+0000] {dagbag.py:588} INFO - Filling up the DagBag from /home/airflow/.local/lib/python3.12/site-packages/airflow/example_dags/example_python_decorator.py
[2025-09-29T14:42:34.728+0000] {processor.py:925} INFO - DAG(s) 'example_python_decorator' retrieved from /home/airflow/.local/lib/python3.12/site-packages/airflow/example_dags/example_python_decorator.py
[2025-09-29T14:42:34.747+0000] {logging_mixin.py:190} INFO - [2025-09-29T14:42:34.747+0000] {dag.py:3239} INFO - Sync 1 DAGs
[2025-09-29T14:42:34.756+0000] {logging_mixin.py:190} INFO - [2025-09-29T14:42:34.756+0000] {dag.py:4180} INFO - Setting next_dagrun for example_python_decorator to None, run_after=None
[2025-09-29T14:42:34.766+0000] {processor.py:208} INFO - Processing /home/airflow/.local/lib/python3.12/site-packages/airflow/example_dags/example_python_decorator.py took 0.053 seconds
[2025-09-29T14:43:05.029+0000] {processor.py:186} INFO - Started process (PID=1157) to work on /home/airflow/.local/lib/python3.12/site-packages/airflow/example_dags/example_python_decorator.py
[2025-09-29T14:43:05.030+0000] {processor.py:914} INFO - Processing file /home/airflow/.local/lib/python3.12/site-packages/airflow/example_dags/example_python_decorator.py for tasks to queue
[2025-09-29T14:43:05.031+0000] {logging_mixin.py:190} INFO - [2025-09-29T14:43:05.031+0000] {dagbag.py:588} INFO - Filling up the DagBag from /home/airflow/.local/lib/python3.12/site-packages/airflow/example_dags/example_python_decorator.py
[2025-09-29T14:43:05.038+0000] {processor.py:925} INFO - DAG(s) 'example_python_decorator' retrieved from /home/airflow/.local/lib/python3.12/site-packages/airflow/example_dags/example_python_decorator.py
[2025-09-29T14:43:05.051+0000] {logging_mixin.py:190} INFO - [2025-09-29T14:43:05.051+0000] {dag.py:3239} INFO - Sync 1 DAGs
[2025-09-29T14:43:05.058+0000] {logging_mixin.py:190} INFO - [2025-09-29T14:43:05.057+0000] {dag.py:4180} INFO - Setting next_dagrun for example_python_decorator to None, run_after=None
[2025-09-29T14:43:05.071+0000] {processor.py:208} INFO - Processing /home/airflow/.local/lib/python3.12/site-packages/airflow/example_dags/example_python_decorator.py took 0.045 seconds
[2025-09-29T14:43:35.309+0000] {processor.py:186} INFO - Started process (PID=1221) to work on /home/airflow/.local/lib/python3.12/site-packages/airflow/example_dags/example_python_decorator.py
[2025-09-29T14:43:35.309+0000] {processor.py:914} INFO - Processing file /home/airflow/.local/lib/python3.12/site-packages/airflow/example_dags/example_python_decorator.py for tasks to queue
[2025-09-29T14:43:35.311+0000] {logging_mixin.py:190} INFO - [2025-09-29T14:43:35.310+0000] {dagbag.py:588} INFO - Filling up the DagBag from /home/airflow/.local/lib/python3.12/site-packages/airflow/example_dags/example_python_decorator.py
[2025-09-29T14:43:35.318+0000] {processor.py:925} INFO - DAG(s) 'example_python_decorator' retrieved from /home/airflow/.local/lib/python3.12/site-packages/airflow/example_dags/example_python_decorator.py
[2025-09-29T14:43:35.330+0000] {logging_mixin.py:190} INFO - [2025-09-29T14:43:35.330+0000] {dag.py:3239} INFO - Sync 1 DAGs
[2025-09-29T14:43:35.339+0000] {logging_mixin.py:190} INFO - [2025-09-29T14:43:35.339+0000] {dag.py:4180} INFO - Setting next_dagrun for example_python_decorator to None, run_after=None
[2025-09-29T14:43:35.351+0000] {processor.py:208} INFO - Processing /home/airflow/.local/lib/python3.12/site-packages/airflow/example_dags/example_python_decorator.py took 0.045 seconds
[2025-09-29T14:44:05.483+0000] {processor.py:186} INFO - Started process (PID=1285) to work on /home/airflow/.local/lib/python3.12/site-packages/airflow/example_dags/example_python_decorator.py
[2025-09-29T14:44:05.484+0000] {processor.py:914} INFO - Processing file /home/airflow/.local/lib/python3.12/site-packages/airflow/example_dags/example_python_decorator.py for tasks to queue
[2025-09-29T14:44:05.485+0000] {logging_mixin.py:190} INFO - [2025-09-29T14:44:05.485+0000] {dagbag.py:588} INFO - Filling up the DagBag from /home/airflow/.local/lib/python3.12/site-packages/airflow/example_dags/example_python_decorator.py
[2025-09-29T14:44:05.493+0000] {processor.py:925} INFO - DAG(s) 'example_python_decorator' retrieved from /home/airflow/.local/lib/python3.12/site-packages/airflow/example_dags/example_python_decorator.py
[2025-09-29T14:44:05.509+0000] {logging_mixin.py:190} INFO - [2025-09-29T14:44:05.509+0000] {dag.py:3239} INFO - Sync 1 DAGs
[2025-09-29T14:44:05.517+0000] {logging_mixin.py:190} INFO - [2025-09-29T14:44:05.517+0000] {dag.py:4180} INFO - Setting next_dagrun for example_python_decorator to None, run_after=None
[2025-09-29T14:44:05.534+0000] {processor.py:208} INFO - Processing /home/airflow/.local/lib/python3.12/site-packages/airflow/example_dags/example_python_decorator.py took 0.054 seconds
[2025-09-29T14:44:36.385+0000] {processor.py:186} INFO - Started process (PID=1348) to work on /home/airflow/.local/lib/python3.12/site-packages/airflow/example_dags/example_python_decorator.py
[2025-09-29T14:44:36.386+0000] {processor.py:914} INFO - Processing file /home/airflow/.local/lib/python3.12/site-packages/airflow/example_dags/example_python_decorator.py for tasks to queue
[2025-09-29T14:44:36.387+0000] {logging_mixin.py:190} INFO - [2025-09-29T14:44:36.387+0000] {dagbag.py:588} INFO - Filling up the DagBag from /home/airflow/.local/lib/python3.12/site-packages/airflow/example_dags/example_python_decorator.py
[2025-09-29T14:44:36.394+0000] {processor.py:925} INFO - DAG(s) 'example_python_decorator' retrieved from /home/airflow/.local/lib/python3.12/site-packages/airflow/example_dags/example_python_decorator.py
[2025-09-29T14:44:36.408+0000] {logging_mixin.py:190} INFO - [2025-09-29T14:44:36.408+0000] {dag.py:3239} INFO - Sync 1 DAGs
[2025-09-29T14:44:36.416+0000] {logging_mixin.py:190} INFO - [2025-09-29T14:44:36.416+0000] {dag.py:4180} INFO - Setting next_dagrun for example_python_decorator to None, run_after=None
[2025-09-29T14:44:36.429+0000] {processor.py:208} INFO - Processing /home/airflow/.local/lib/python3.12/site-packages/airflow/example_dags/example_python_decorator.py took 0.047 seconds
[2025-09-29T14:45:06.855+0000] {processor.py:186} INFO - Started process (PID=1412) to work on /home/airflow/.local/lib/python3.12/site-packages/airflow/example_dags/example_python_decorator.py
[2025-09-29T14:45:06.856+0000] {processor.py:914} INFO - Processing file /home/airflow/.local/lib/python3.12/site-packages/airflow/example_dags/example_python_decorator.py for tasks to queue
[2025-09-29T14:45:06.858+0000] {logging_mixin.py:190} INFO - [2025-09-29T14:45:06.857+0000] {dagbag.py:588} INFO - Filling up the DagBag from /home/airflow/.local/lib/python3.12/site-packages/airflow/example_dags/example_python_decorator.py
[2025-09-29T14:45:06.864+0000] {processor.py:925} INFO - DAG(s) 'example_python_decorator' retrieved from /home/airflow/.local/lib/python3.12/site-packages/airflow/example_dags/example_python_decorator.py
[2025-09-29T14:45:06.875+0000] {logging_mixin.py:190} INFO - [2025-09-29T14:45:06.875+0000] {dag.py:3239} INFO - Sync 1 DAGs
[2025-09-29T14:45:06.884+0000] {logging_mixin.py:190} INFO - [2025-09-29T14:45:06.884+0000] {dag.py:4180} INFO - Setting next_dagrun for example_python_decorator to None, run_after=None
[2025-09-29T14:45:06.900+0000] {processor.py:208} INFO - Processing /home/airflow/.local/lib/python3.12/site-packages/airflow/example_dags/example_python_decorator.py took 0.048 seconds
[2025-09-29T14:45:37.194+0000] {processor.py:186} INFO - Started process (PID=1476) to work on /home/airflow/.local/lib/python3.12/site-packages/airflow/example_dags/example_python_decorator.py
[2025-09-29T14:45:37.196+0000] {processor.py:914} INFO - Processing file /home/airflow/.local/lib/python3.12/site-packages/airflow/example_dags/example_python_decorator.py for tasks to queue
[2025-09-29T14:45:37.199+0000] {logging_mixin.py:190} INFO - [2025-09-29T14:45:37.198+0000] {dagbag.py:588} INFO - Filling up the DagBag from /home/airflow/.local/lib/python3.12/site-packages/airflow/example_dags/example_python_decorator.py
[2025-09-29T14:45:37.210+0000] {processor.py:925} INFO - DAG(s) 'example_python_decorator' retrieved from /home/airflow/.local/lib/python3.12/site-packages/airflow/example_dags/example_python_decorator.py
[2025-09-29T14:45:37.227+0000] {logging_mixin.py:190} INFO - [2025-09-29T14:45:37.227+0000] {dag.py:3239} INFO - Sync 1 DAGs
[2025-09-29T14:45:37.235+0000] {logging_mixin.py:190} INFO - [2025-09-29T14:45:37.235+0000] {dag.py:4180} INFO - Setting next_dagrun for example_python_decorator to None, run_after=None
[2025-09-29T14:45:37.248+0000] {processor.py:208} INFO - Processing /home/airflow/.local/lib/python3.12/site-packages/airflow/example_dags/example_python_decorator.py took 0.057 seconds
[2025-09-29T14:46:07.804+0000] {processor.py:186} INFO - Started process (PID=1540) to work on /home/airflow/.local/lib/python3.12/site-packages/airflow/example_dags/example_python_decorator.py
[2025-09-29T14:46:07.805+0000] {processor.py:914} INFO - Processing file /home/airflow/.local/lib/python3.12/site-packages/airflow/example_dags/example_python_decorator.py for tasks to queue
[2025-09-29T14:46:07.807+0000] {logging_mixin.py:190} INFO - [2025-09-29T14:46:07.807+0000] {dagbag.py:588} INFO - Filling up the DagBag from /home/airflow/.local/lib/python3.12/site-packages/airflow/example_dags/example_python_decorator.py
[2025-09-29T14:46:07.817+0000] {processor.py:925} INFO - DAG(s) 'example_python_decorator' retrieved from /home/airflow/.local/lib/python3.12/site-packages/airflow/example_dags/example_python_decorator.py
[2025-09-29T14:46:07.833+0000] {logging_mixin.py:190} INFO - [2025-09-29T14:46:07.833+0000] {dag.py:3239} INFO - Sync 1 DAGs
[2025-09-29T14:46:07.841+0000] {logging_mixin.py:190} INFO - [2025-09-29T14:46:07.841+0000] {dag.py:4180} INFO - Setting next_dagrun for example_python_decorator to None, run_after=None
[2025-09-29T14:46:07.856+0000] {processor.py:208} INFO - Processing /home/airflow/.local/lib/python3.12/site-packages/airflow/example_dags/example_python_decorator.py took 0.056 seconds
[2025-09-29T14:46:38.384+0000] {processor.py:186} INFO - Started process (PID=1604) to work on /home/airflow/.local/lib/python3.12/site-packages/airflow/example_dags/example_python_decorator.py
[2025-09-29T14:46:38.384+0000] {processor.py:914} INFO - Processing file /home/airflow/.local/lib/python3.12/site-packages/airflow/example_dags/example_python_decorator.py for tasks to queue
[2025-09-29T14:46:38.386+0000] {logging_mixin.py:190} INFO - [2025-09-29T14:46:38.386+0000] {dagbag.py:588} INFO - Filling up the DagBag from /home/airflow/.local/lib/python3.12/site-packages/airflow/example_dags/example_python_decorator.py
[2025-09-29T14:46:38.393+0000] {processor.py:925} INFO - DAG(s) 'example_python_decorator' retrieved from /home/airflow/.local/lib/python3.12/site-packages/airflow/example_dags/example_python_decorator.py
[2025-09-29T14:46:38.406+0000] {logging_mixin.py:190} INFO - [2025-09-29T14:46:38.406+0000] {dag.py:3239} INFO - Sync 1 DAGs
[2025-09-29T14:46:38.416+0000] {logging_mixin.py:190} INFO - [2025-09-29T14:46:38.416+0000] {dag.py:4180} INFO - Setting next_dagrun for example_python_decorator to None, run_after=None
[2025-09-29T14:46:38.427+0000] {processor.py:208} INFO - Processing /home/airflow/.local/lib/python3.12/site-packages/airflow/example_dags/example_python_decorator.py took 0.047 seconds
[2025-09-29T14:47:08.743+0000] {processor.py:186} INFO - Started process (PID=1668) to work on /home/airflow/.local/lib/python3.12/site-packages/airflow/example_dags/example_python_decorator.py
[2025-09-29T14:47:08.744+0000] {processor.py:914} INFO - Processing file /home/airflow/.local/lib/python3.12/site-packages/airflow/example_dags/example_python_decorator.py for tasks to queue
[2025-09-29T14:47:08.745+0000] {logging_mixin.py:190} INFO - [2025-09-29T14:47:08.745+0000] {dagbag.py:588} INFO - Filling up the DagBag from /home/airflow/.local/lib/python3.12/site-packages/airflow/example_dags/example_python_decorator.py
[2025-09-29T14:47:08.754+0000] {processor.py:925} INFO - DAG(s) 'example_python_decorator' retrieved from /home/airflow/.local/lib/python3.12/site-packages/airflow/example_dags/example_python_decorator.py
[2025-09-29T14:47:08.775+0000] {logging_mixin.py:190} INFO - [2025-09-29T14:47:08.774+0000] {dag.py:3239} INFO - Sync 1 DAGs
[2025-09-29T14:47:08.785+0000] {logging_mixin.py:190} INFO - [2025-09-29T14:47:08.785+0000] {dag.py:4180} INFO - Setting next_dagrun for example_python_decorator to None, run_after=None
[2025-09-29T14:47:08.795+0000] {processor.py:208} INFO - Processing /home/airflow/.local/lib/python3.12/site-packages/airflow/example_dags/example_python_decorator.py took 0.055 seconds
[2025-09-29T14:47:39.262+0000] {processor.py:186} INFO - Started process (PID=1732) to work on /home/airflow/.local/lib/python3.12/site-packages/airflow/example_dags/example_python_decorator.py
[2025-09-29T14:47:39.264+0000] {processor.py:914} INFO - Processing file /home/airflow/.local/lib/python3.12/site-packages/airflow/example_dags/example_python_decorator.py for tasks to queue
[2025-09-29T14:47:39.265+0000] {logging_mixin.py:190} INFO - [2025-09-29T14:47:39.265+0000] {dagbag.py:588} INFO - Filling up the DagBag from /home/airflow/.local/lib/python3.12/site-packages/airflow/example_dags/example_python_decorator.py
[2025-09-29T14:47:39.273+0000] {processor.py:925} INFO - DAG(s) 'example_python_decorator' retrieved from /home/airflow/.local/lib/python3.12/site-packages/airflow/example_dags/example_python_decorator.py
[2025-09-29T14:47:39.284+0000] {logging_mixin.py:190} INFO - [2025-09-29T14:47:39.284+0000] {dag.py:3239} INFO - Sync 1 DAGs
[2025-09-29T14:47:39.291+0000] {logging_mixin.py:190} INFO - [2025-09-29T14:47:39.291+0000] {dag.py:4180} INFO - Setting next_dagrun for example_python_decorator to None, run_after=None
[2025-09-29T14:47:39.302+0000] {processor.py:208} INFO - Processing /home/airflow/.local/lib/python3.12/site-packages/airflow/example_dags/example_python_decorator.py took 0.044 seconds
[2025-09-29T14:48:09.539+0000] {processor.py:186} INFO - Started process (PID=1796) to work on /home/airflow/.local/lib/python3.12/site-packages/airflow/example_dags/example_python_decorator.py
[2025-09-29T14:48:09.539+0000] {processor.py:914} INFO - Processing file /home/airflow/.local/lib/python3.12/site-packages/airflow/example_dags/example_python_decorator.py for tasks to queue
[2025-09-29T14:48:09.541+0000] {logging_mixin.py:190} INFO - [2025-09-29T14:48:09.540+0000] {dagbag.py:588} INFO - Filling up the DagBag from /home/airflow/.local/lib/python3.12/site-packages/airflow/example_dags/example_python_decorator.py
[2025-09-29T14:48:09.547+0000] {processor.py:925} INFO - DAG(s) 'example_python_decorator' retrieved from /home/airflow/.local/lib/python3.12/site-packages/airflow/example_dags/example_python_decorator.py
[2025-09-29T14:48:09.557+0000] {logging_mixin.py:190} INFO - [2025-09-29T14:48:09.557+0000] {dag.py:3239} INFO - Sync 1 DAGs
[2025-09-29T14:48:09.563+0000] {logging_mixin.py:190} INFO - [2025-09-29T14:48:09.563+0000] {dag.py:4180} INFO - Setting next_dagrun for example_python_decorator to None, run_after=None
[2025-09-29T14:48:09.572+0000] {processor.py:208} INFO - Processing /home/airflow/.local/lib/python3.12/site-packages/airflow/example_dags/example_python_decorator.py took 0.036 seconds
[2025-09-29T14:48:40.029+0000] {processor.py:186} INFO - Started process (PID=1860) to work on /home/airflow/.local/lib/python3.12/site-packages/airflow/example_dags/example_python_decorator.py
[2025-09-29T14:48:40.030+0000] {processor.py:914} INFO - Processing file /home/airflow/.local/lib/python3.12/site-packages/airflow/example_dags/example_python_decorator.py for tasks to queue
[2025-09-29T14:48:40.031+0000] {logging_mixin.py:190} INFO - [2025-09-29T14:48:40.031+0000] {dagbag.py:588} INFO - Filling up the DagBag from /home/airflow/.local/lib/python3.12/site-packages/airflow/example_dags/example_python_decorator.py
[2025-09-29T14:48:40.039+0000] {processor.py:925} INFO - DAG(s) 'example_python_decorator' retrieved from /home/airflow/.local/lib/python3.12/site-packages/airflow/example_dags/example_python_decorator.py
[2025-09-29T14:48:40.052+0000] {logging_mixin.py:190} INFO - [2025-09-29T14:48:40.052+0000] {dag.py:3239} INFO - Sync 1 DAGs
[2025-09-29T14:48:40.058+0000] {logging_mixin.py:190} INFO - [2025-09-29T14:48:40.058+0000] {dag.py:4180} INFO - Setting next_dagrun for example_python_decorator to None, run_after=None
[2025-09-29T14:48:40.069+0000] {processor.py:208} INFO - Processing /home/airflow/.local/lib/python3.12/site-packages/airflow/example_dags/example_python_decorator.py took 0.043 seconds
[2025-09-29T14:49:10.150+0000] {processor.py:186} INFO - Started process (PID=1924) to work on /home/airflow/.local/lib/python3.12/site-packages/airflow/example_dags/example_python_decorator.py
[2025-09-29T14:49:10.150+0000] {processor.py:914} INFO - Processing file /home/airflow/.local/lib/python3.12/site-packages/airflow/example_dags/example_python_decorator.py for tasks to queue
[2025-09-29T14:49:10.152+0000] {logging_mixin.py:190} INFO - [2025-09-29T14:49:10.152+0000] {dagbag.py:588} INFO - Filling up the DagBag from /home/airflow/.local/lib/python3.12/site-packages/airflow/example_dags/example_python_decorator.py
[2025-09-29T14:49:10.159+0000] {processor.py:925} INFO - DAG(s) 'example_python_decorator' retrieved from /home/airflow/.local/lib/python3.12/site-packages/airflow/example_dags/example_python_decorator.py
[2025-09-29T14:49:10.171+0000] {logging_mixin.py:190} INFO - [2025-09-29T14:49:10.171+0000] {dag.py:3239} INFO - Sync 1 DAGs
[2025-09-29T14:49:10.177+0000] {logging_mixin.py:190} INFO - [2025-09-29T14:49:10.177+0000] {dag.py:4180} INFO - Setting next_dagrun for example_python_decorator to None, run_after=None
[2025-09-29T14:49:10.189+0000] {processor.py:208} INFO - Processing /home/airflow/.local/lib/python3.12/site-packages/airflow/example_dags/example_python_decorator.py took 0.042 seconds
[2025-09-29T14:49:40.654+0000] {processor.py:186} INFO - Started process (PID=1988) to work on /home/airflow/.local/lib/python3.12/site-packages/airflow/example_dags/example_python_decorator.py
[2025-09-29T14:49:40.657+0000] {processor.py:914} INFO - Processing file /home/airflow/.local/lib/python3.12/site-packages/airflow/example_dags/example_python_decorator.py for tasks to queue
[2025-09-29T14:49:40.659+0000] {logging_mixin.py:190} INFO - [2025-09-29T14:49:40.659+0000] {dagbag.py:588} INFO - Filling up the DagBag from /home/airflow/.local/lib/python3.12/site-packages/airflow/example_dags/example_python_decorator.py
[2025-09-29T14:49:40.667+0000] {processor.py:925} INFO - DAG(s) 'example_python_decorator' retrieved from /home/airflow/.local/lib/python3.12/site-packages/airflow/example_dags/example_python_decorator.py
[2025-09-29T14:49:40.684+0000] {logging_mixin.py:190} INFO - [2025-09-29T14:49:40.684+0000] {dag.py:3239} INFO - Sync 1 DAGs
[2025-09-29T14:49:40.691+0000] {logging_mixin.py:190} INFO - [2025-09-29T14:49:40.691+0000] {dag.py:4180} INFO - Setting next_dagrun for example_python_decorator to None, run_after=None
[2025-09-29T14:49:40.702+0000] {processor.py:208} INFO - Processing /home/airflow/.local/lib/python3.12/site-packages/airflow/example_dags/example_python_decorator.py took 0.051 seconds
[2025-09-29T14:50:11.022+0000] {processor.py:186} INFO - Started process (PID=2052) to work on /home/airflow/.local/lib/python3.12/site-packages/airflow/example_dags/example_python_decorator.py
[2025-09-29T14:50:11.023+0000] {processor.py:914} INFO - Processing file /home/airflow/.local/lib/python3.12/site-packages/airflow/example_dags/example_python_decorator.py for tasks to queue
[2025-09-29T14:50:11.025+0000] {logging_mixin.py:190} INFO - [2025-09-29T14:50:11.025+0000] {dagbag.py:588} INFO - Filling up the DagBag from /home/airflow/.local/lib/python3.12/site-packages/airflow/example_dags/example_python_decorator.py
[2025-09-29T14:50:11.034+0000] {processor.py:925} INFO - DAG(s) 'example_python_decorator' retrieved from /home/airflow/.local/lib/python3.12/site-packages/airflow/example_dags/example_python_decorator.py
[2025-09-29T14:50:11.044+0000] {logging_mixin.py:190} INFO - [2025-09-29T14:50:11.044+0000] {dag.py:3239} INFO - Sync 1 DAGs
[2025-09-29T14:50:11.051+0000] {logging_mixin.py:190} INFO - [2025-09-29T14:50:11.051+0000] {dag.py:4180} INFO - Setting next_dagrun for example_python_decorator to None, run_after=None
[2025-09-29T14:50:11.065+0000] {processor.py:208} INFO - Processing /home/airflow/.local/lib/python3.12/site-packages/airflow/example_dags/example_python_decorator.py took 0.046 seconds
[2025-09-29T14:50:41.268+0000] {processor.py:186} INFO - Started process (PID=2116) to work on /home/airflow/.local/lib/python3.12/site-packages/airflow/example_dags/example_python_decorator.py
[2025-09-29T14:50:41.269+0000] {processor.py:914} INFO - Processing file /home/airflow/.local/lib/python3.12/site-packages/airflow/example_dags/example_python_decorator.py for tasks to queue
[2025-09-29T14:50:41.271+0000] {logging_mixin.py:190} INFO - [2025-09-29T14:50:41.270+0000] {dagbag.py:588} INFO - Filling up the DagBag from /home/airflow/.local/lib/python3.12/site-packages/airflow/example_dags/example_python_decorator.py
[2025-09-29T14:50:41.279+0000] {processor.py:925} INFO - DAG(s) 'example_python_decorator' retrieved from /home/airflow/.local/lib/python3.12/site-packages/airflow/example_dags/example_python_decorator.py
[2025-09-29T14:50:41.289+0000] {logging_mixin.py:190} INFO - [2025-09-29T14:50:41.289+0000] {dag.py:3239} INFO - Sync 1 DAGs
[2025-09-29T14:50:41.297+0000] {logging_mixin.py:190} INFO - [2025-09-29T14:50:41.297+0000] {dag.py:4180} INFO - Setting next_dagrun for example_python_decorator to None, run_after=None
[2025-09-29T14:50:41.312+0000] {processor.py:208} INFO - Processing /home/airflow/.local/lib/python3.12/site-packages/airflow/example_dags/example_python_decorator.py took 0.047 seconds
[2025-09-29T14:51:11.519+0000] {processor.py:186} INFO - Started process (PID=2180) to work on /home/airflow/.local/lib/python3.12/site-packages/airflow/example_dags/example_python_decorator.py
[2025-09-29T14:51:11.520+0000] {processor.py:914} INFO - Processing file /home/airflow/.local/lib/python3.12/site-packages/airflow/example_dags/example_python_decorator.py for tasks to queue
[2025-09-29T14:51:11.521+0000] {logging_mixin.py:190} INFO - [2025-09-29T14:51:11.521+0000] {dagbag.py:588} INFO - Filling up the DagBag from /home/airflow/.local/lib/python3.12/site-packages/airflow/example_dags/example_python_decorator.py
[2025-09-29T14:51:11.528+0000] {processor.py:925} INFO - DAG(s) 'example_python_decorator' retrieved from /home/airflow/.local/lib/python3.12/site-packages/airflow/example_dags/example_python_decorator.py
[2025-09-29T14:51:11.542+0000] {logging_mixin.py:190} INFO - [2025-09-29T14:51:11.542+0000] {dag.py:3239} INFO - Sync 1 DAGs
[2025-09-29T14:51:11.549+0000] {logging_mixin.py:190} INFO - [2025-09-29T14:51:11.549+0000] {dag.py:4180} INFO - Setting next_dagrun for example_python_decorator to None, run_after=None
[2025-09-29T14:51:11.561+0000] {processor.py:208} INFO - Processing /home/airflow/.local/lib/python3.12/site-packages/airflow/example_dags/example_python_decorator.py took 0.045 seconds
[2025-09-29T14:51:41.882+0000] {processor.py:186} INFO - Started process (PID=2244) to work on /home/airflow/.local/lib/python3.12/site-packages/airflow/example_dags/example_python_decorator.py
[2025-09-29T14:51:41.882+0000] {processor.py:914} INFO - Processing file /home/airflow/.local/lib/python3.12/site-packages/airflow/example_dags/example_python_decorator.py for tasks to queue
[2025-09-29T14:51:41.884+0000] {logging_mixin.py:190} INFO - [2025-09-29T14:51:41.884+0000] {dagbag.py:588} INFO - Filling up the DagBag from /home/airflow/.local/lib/python3.12/site-packages/airflow/example_dags/example_python_decorator.py
[2025-09-29T14:51:41.893+0000] {processor.py:925} INFO - DAG(s) 'example_python_decorator' retrieved from /home/airflow/.local/lib/python3.12/site-packages/airflow/example_dags/example_python_decorator.py
[2025-09-29T14:51:41.909+0000] {logging_mixin.py:190} INFO - [2025-09-29T14:51:41.909+0000] {dag.py:3239} INFO - Sync 1 DAGs
[2025-09-29T14:51:41.917+0000] {logging_mixin.py:190} INFO - [2025-09-29T14:51:41.917+0000] {dag.py:4180} INFO - Setting next_dagrun for example_python_decorator to None, run_after=None
[2025-09-29T14:51:41.929+0000] {processor.py:208} INFO - Processing /home/airflow/.local/lib/python3.12/site-packages/airflow/example_dags/example_python_decorator.py took 0.051 seconds
[2025-09-29T14:52:12.177+0000] {processor.py:186} INFO - Started process (PID=2307) to work on /home/airflow/.local/lib/python3.12/site-packages/airflow/example_dags/example_python_decorator.py
[2025-09-29T14:52:12.177+0000] {processor.py:914} INFO - Processing file /home/airflow/.local/lib/python3.12/site-packages/airflow/example_dags/example_python_decorator.py for tasks to queue
[2025-09-29T14:52:12.179+0000] {logging_mixin.py:190} INFO - [2025-09-29T14:52:12.179+0000] {dagbag.py:588} INFO - Filling up the DagBag from /home/airflow/.local/lib/python3.12/site-packages/airflow/example_dags/example_python_decorator.py
[2025-09-29T14:52:12.185+0000] {processor.py:925} INFO - DAG(s) 'example_python_decorator' retrieved from /home/airflow/.local/lib/python3.12/site-packages/airflow/example_dags/example_python_decorator.py
[2025-09-29T14:52:12.197+0000] {logging_mixin.py:190} INFO - [2025-09-29T14:52:12.197+0000] {dag.py:3239} INFO - Sync 1 DAGs
[2025-09-29T14:52:12.204+0000] {logging_mixin.py:190} INFO - [2025-09-29T14:52:12.204+0000] {dag.py:4180} INFO - Setting next_dagrun for example_python_decorator to None, run_after=None
[2025-09-29T14:52:12.213+0000] {processor.py:208} INFO - Processing /home/airflow/.local/lib/python3.12/site-packages/airflow/example_dags/example_python_decorator.py took 0.038 seconds
[2025-09-29T14:52:42.365+0000] {processor.py:186} INFO - Started process (PID=2369) to work on /home/airflow/.local/lib/python3.12/site-packages/airflow/example_dags/example_python_decorator.py
[2025-09-29T14:52:42.366+0000] {processor.py:914} INFO - Processing file /home/airflow/.local/lib/python3.12/site-packages/airflow/example_dags/example_python_decorator.py for tasks to queue
[2025-09-29T14:52:42.366+0000] {logging_mixin.py:190} INFO - [2025-09-29T14:52:42.366+0000] {dagbag.py:588} INFO - Filling up the DagBag from /home/airflow/.local/lib/python3.12/site-packages/airflow/example_dags/example_python_decorator.py
[2025-09-29T14:52:42.374+0000] {processor.py:925} INFO - DAG(s) 'example_python_decorator' retrieved from /home/airflow/.local/lib/python3.12/site-packages/airflow/example_dags/example_python_decorator.py
[2025-09-29T14:52:42.385+0000] {logging_mixin.py:190} INFO - [2025-09-29T14:52:42.384+0000] {dag.py:3239} INFO - Sync 1 DAGs
[2025-09-29T14:52:42.391+0000] {logging_mixin.py:190} INFO - [2025-09-29T14:52:42.391+0000] {dag.py:4180} INFO - Setting next_dagrun for example_python_decorator to None, run_after=None
[2025-09-29T14:52:42.399+0000] {processor.py:208} INFO - Processing /home/airflow/.local/lib/python3.12/site-packages/airflow/example_dags/example_python_decorator.py took 0.036 seconds
[2025-09-29T14:53:12.553+0000] {processor.py:186} INFO - Started process (PID=2432) to work on /home/airflow/.local/lib/python3.12/site-packages/airflow/example_dags/example_python_decorator.py
[2025-09-29T14:53:12.554+0000] {processor.py:914} INFO - Processing file /home/airflow/.local/lib/python3.12/site-packages/airflow/example_dags/example_python_decorator.py for tasks to queue
[2025-09-29T14:53:12.554+0000] {logging_mixin.py:190} INFO - [2025-09-29T14:53:12.554+0000] {dagbag.py:588} INFO - Filling up the DagBag from /home/airflow/.local/lib/python3.12/site-packages/airflow/example_dags/example_python_decorator.py
[2025-09-29T14:53:12.561+0000] {processor.py:925} INFO - DAG(s) 'example_python_decorator' retrieved from /home/airflow/.local/lib/python3.12/site-packages/airflow/example_dags/example_python_decorator.py
[2025-09-29T14:53:12.571+0000] {logging_mixin.py:190} INFO - [2025-09-29T14:53:12.571+0000] {dag.py:3239} INFO - Sync 1 DAGs
[2025-09-29T14:53:12.577+0000] {logging_mixin.py:190} INFO - [2025-09-29T14:53:12.577+0000] {dag.py:4180} INFO - Setting next_dagrun for example_python_decorator to None, run_after=None
[2025-09-29T14:53:12.586+0000] {processor.py:208} INFO - Processing /home/airflow/.local/lib/python3.12/site-packages/airflow/example_dags/example_python_decorator.py took 0.035 seconds
[2025-09-29T14:53:42.834+0000] {processor.py:186} INFO - Started process (PID=2496) to work on /home/airflow/.local/lib/python3.12/site-packages/airflow/example_dags/example_python_decorator.py
[2025-09-29T14:53:42.834+0000] {processor.py:914} INFO - Processing file /home/airflow/.local/lib/python3.12/site-packages/airflow/example_dags/example_python_decorator.py for tasks to queue
[2025-09-29T14:53:42.837+0000] {logging_mixin.py:190} INFO - [2025-09-29T14:53:42.836+0000] {dagbag.py:588} INFO - Filling up the DagBag from /home/airflow/.local/lib/python3.12/site-packages/airflow/example_dags/example_python_decorator.py
[2025-09-29T14:53:42.844+0000] {processor.py:925} INFO - DAG(s) 'example_python_decorator' retrieved from /home/airflow/.local/lib/python3.12/site-packages/airflow/example_dags/example_python_decorator.py
[2025-09-29T14:53:42.858+0000] {logging_mixin.py:190} INFO - [2025-09-29T14:53:42.858+0000] {dag.py:3239} INFO - Sync 1 DAGs
[2025-09-29T14:53:42.866+0000] {logging_mixin.py:190} INFO - [2025-09-29T14:53:42.866+0000] {dag.py:4180} INFO - Setting next_dagrun for example_python_decorator to None, run_after=None
[2025-09-29T14:53:42.875+0000] {processor.py:208} INFO - Processing /home/airflow/.local/lib/python3.12/site-packages/airflow/example_dags/example_python_decorator.py took 0.044 seconds
[2025-09-29T14:54:13.061+0000] {processor.py:186} INFO - Started process (PID=2559) to work on /home/airflow/.local/lib/python3.12/site-packages/airflow/example_dags/example_python_decorator.py
[2025-09-29T14:54:13.062+0000] {processor.py:914} INFO - Processing file /home/airflow/.local/lib/python3.12/site-packages/airflow/example_dags/example_python_decorator.py for tasks to queue
[2025-09-29T14:54:13.063+0000] {logging_mixin.py:190} INFO - [2025-09-29T14:54:13.063+0000] {dagbag.py:588} INFO - Filling up the DagBag from /home/airflow/.local/lib/python3.12/site-packages/airflow/example_dags/example_python_decorator.py
[2025-09-29T14:54:13.070+0000] {processor.py:925} INFO - DAG(s) 'example_python_decorator' retrieved from /home/airflow/.local/lib/python3.12/site-packages/airflow/example_dags/example_python_decorator.py
[2025-09-29T14:54:13.081+0000] {logging_mixin.py:190} INFO - [2025-09-29T14:54:13.081+0000] {dag.py:3239} INFO - Sync 1 DAGs
[2025-09-29T14:54:13.088+0000] {logging_mixin.py:190} INFO - [2025-09-29T14:54:13.088+0000] {dag.py:4180} INFO - Setting next_dagrun for example_python_decorator to None, run_after=None
[2025-09-29T14:54:13.101+0000] {processor.py:208} INFO - Processing /home/airflow/.local/lib/python3.12/site-packages/airflow/example_dags/example_python_decorator.py took 0.043 seconds
[2025-09-29T14:54:43.330+0000] {processor.py:186} INFO - Started process (PID=2622) to work on /home/airflow/.local/lib/python3.12/site-packages/airflow/example_dags/example_python_decorator.py
[2025-09-29T14:54:43.331+0000] {processor.py:914} INFO - Processing file /home/airflow/.local/lib/python3.12/site-packages/airflow/example_dags/example_python_decorator.py for tasks to queue
[2025-09-29T14:54:43.331+0000] {logging_mixin.py:190} INFO - [2025-09-29T14:54:43.331+0000] {dagbag.py:588} INFO - Filling up the DagBag from /home/airflow/.local/lib/python3.12/site-packages/airflow/example_dags/example_python_decorator.py
[2025-09-29T14:54:43.338+0000] {processor.py:925} INFO - DAG(s) 'example_python_decorator' retrieved from /home/airflow/.local/lib/python3.12/site-packages/airflow/example_dags/example_python_decorator.py
[2025-09-29T14:54:43.350+0000] {logging_mixin.py:190} INFO - [2025-09-29T14:54:43.350+0000] {dag.py:3239} INFO - Sync 1 DAGs
[2025-09-29T14:54:43.357+0000] {logging_mixin.py:190} INFO - [2025-09-29T14:54:43.357+0000] {dag.py:4180} INFO - Setting next_dagrun for example_python_decorator to None, run_after=None
[2025-09-29T14:54:43.367+0000] {processor.py:208} INFO - Processing /home/airflow/.local/lib/python3.12/site-packages/airflow/example_dags/example_python_decorator.py took 0.040 seconds
[2025-09-29T14:55:13.780+0000] {processor.py:186} INFO - Started process (PID=2685) to work on /home/airflow/.local/lib/python3.12/site-packages/airflow/example_dags/example_python_decorator.py
[2025-09-29T14:55:13.781+0000] {processor.py:914} INFO - Processing file /home/airflow/.local/lib/python3.12/site-packages/airflow/example_dags/example_python_decorator.py for tasks to queue
[2025-09-29T14:55:13.782+0000] {logging_mixin.py:190} INFO - [2025-09-29T14:55:13.782+0000] {dagbag.py:588} INFO - Filling up the DagBag from /home/airflow/.local/lib/python3.12/site-packages/airflow/example_dags/example_python_decorator.py
[2025-09-29T14:55:13.789+0000] {processor.py:925} INFO - DAG(s) 'example_python_decorator' retrieved from /home/airflow/.local/lib/python3.12/site-packages/airflow/example_dags/example_python_decorator.py
[2025-09-29T14:55:13.803+0000] {logging_mixin.py:190} INFO - [2025-09-29T14:55:13.803+0000] {dag.py:3239} INFO - Sync 1 DAGs
[2025-09-29T14:55:13.810+0000] {logging_mixin.py:190} INFO - [2025-09-29T14:55:13.810+0000] {dag.py:4180} INFO - Setting next_dagrun for example_python_decorator to None, run_after=None
[2025-09-29T14:55:13.825+0000] {processor.py:208} INFO - Processing /home/airflow/.local/lib/python3.12/site-packages/airflow/example_dags/example_python_decorator.py took 0.048 seconds
[2025-09-29T14:55:44.250+0000] {processor.py:186} INFO - Started process (PID=2747) to work on /home/airflow/.local/lib/python3.12/site-packages/airflow/example_dags/example_python_decorator.py
[2025-09-29T14:55:44.250+0000] {processor.py:914} INFO - Processing file /home/airflow/.local/lib/python3.12/site-packages/airflow/example_dags/example_python_decorator.py for tasks to queue
[2025-09-29T14:55:44.251+0000] {logging_mixin.py:190} INFO - [2025-09-29T14:55:44.251+0000] {dagbag.py:588} INFO - Filling up the DagBag from /home/airflow/.local/lib/python3.12/site-packages/airflow/example_dags/example_python_decorator.py
[2025-09-29T14:55:44.258+0000] {processor.py:925} INFO - DAG(s) 'example_python_decorator' retrieved from /home/airflow/.local/lib/python3.12/site-packages/airflow/example_dags/example_python_decorator.py
[2025-09-29T14:55:44.272+0000] {logging_mixin.py:190} INFO - [2025-09-29T14:55:44.272+0000] {dag.py:3239} INFO - Sync 1 DAGs
[2025-09-29T14:55:44.282+0000] {logging_mixin.py:190} INFO - [2025-09-29T14:55:44.282+0000] {dag.py:4180} INFO - Setting next_dagrun for example_python_decorator to None, run_after=None
[2025-09-29T14:55:44.294+0000] {processor.py:208} INFO - Processing /home/airflow/.local/lib/python3.12/site-packages/airflow/example_dags/example_python_decorator.py took 0.048 seconds
[2025-09-29T14:56:14.824+0000] {processor.py:186} INFO - Started process (PID=2810) to work on /home/airflow/.local/lib/python3.12/site-packages/airflow/example_dags/example_python_decorator.py
[2025-09-29T14:56:14.825+0000] {processor.py:914} INFO - Processing file /home/airflow/.local/lib/python3.12/site-packages/airflow/example_dags/example_python_decorator.py for tasks to queue
[2025-09-29T14:56:14.826+0000] {logging_mixin.py:190} INFO - [2025-09-29T14:56:14.826+0000] {dagbag.py:588} INFO - Filling up the DagBag from /home/airflow/.local/lib/python3.12/site-packages/airflow/example_dags/example_python_decorator.py
[2025-09-29T14:56:14.834+0000] {processor.py:925} INFO - DAG(s) 'example_python_decorator' retrieved from /home/airflow/.local/lib/python3.12/site-packages/airflow/example_dags/example_python_decorator.py
[2025-09-29T14:56:14.848+0000] {logging_mixin.py:190} INFO - [2025-09-29T14:56:14.848+0000] {dag.py:3239} INFO - Sync 1 DAGs
[2025-09-29T14:56:14.856+0000] {logging_mixin.py:190} INFO - [2025-09-29T14:56:14.856+0000] {dag.py:4180} INFO - Setting next_dagrun for example_python_decorator to None, run_after=None
[2025-09-29T14:56:14.874+0000] {processor.py:208} INFO - Processing /home/airflow/.local/lib/python3.12/site-packages/airflow/example_dags/example_python_decorator.py took 0.054 seconds
[2025-09-29T14:56:45.313+0000] {processor.py:186} INFO - Started process (PID=2873) to work on /home/airflow/.local/lib/python3.12/site-packages/airflow/example_dags/example_python_decorator.py
[2025-09-29T14:56:45.314+0000] {processor.py:914} INFO - Processing file /home/airflow/.local/lib/python3.12/site-packages/airflow/example_dags/example_python_decorator.py for tasks to queue
[2025-09-29T14:56:45.314+0000] {logging_mixin.py:190} INFO - [2025-09-29T14:56:45.314+0000] {dagbag.py:588} INFO - Filling up the DagBag from /home/airflow/.local/lib/python3.12/site-packages/airflow/example_dags/example_python_decorator.py
[2025-09-29T14:56:45.322+0000] {processor.py:925} INFO - DAG(s) 'example_python_decorator' retrieved from /home/airflow/.local/lib/python3.12/site-packages/airflow/example_dags/example_python_decorator.py
[2025-09-29T14:56:45.335+0000] {logging_mixin.py:190} INFO - [2025-09-29T14:56:45.334+0000] {dag.py:3239} INFO - Sync 1 DAGs
[2025-09-29T14:56:45.342+0000] {logging_mixin.py:190} INFO - [2025-09-29T14:56:45.342+0000] {dag.py:4180} INFO - Setting next_dagrun for example_python_decorator to None, run_after=None
[2025-09-29T14:56:45.352+0000] {processor.py:208} INFO - Processing /home/airflow/.local/lib/python3.12/site-packages/airflow/example_dags/example_python_decorator.py took 0.042 seconds
[2025-09-29T14:57:15.827+0000] {processor.py:186} INFO - Started process (PID=2936) to work on /home/airflow/.local/lib/python3.12/site-packages/airflow/example_dags/example_python_decorator.py
[2025-09-29T14:57:15.827+0000] {processor.py:914} INFO - Processing file /home/airflow/.local/lib/python3.12/site-packages/airflow/example_dags/example_python_decorator.py for tasks to queue
[2025-09-29T14:57:15.828+0000] {logging_mixin.py:190} INFO - [2025-09-29T14:57:15.828+0000] {dagbag.py:588} INFO - Filling up the DagBag from /home/airflow/.local/lib/python3.12/site-packages/airflow/example_dags/example_python_decorator.py
[2025-09-29T14:57:15.836+0000] {processor.py:925} INFO - DAG(s) 'example_python_decorator' retrieved from /home/airflow/.local/lib/python3.12/site-packages/airflow/example_dags/example_python_decorator.py
[2025-09-29T14:57:15.848+0000] {logging_mixin.py:190} INFO - [2025-09-29T14:57:15.848+0000] {dag.py:3239} INFO - Sync 1 DAGs
[2025-09-29T14:57:15.856+0000] {logging_mixin.py:190} INFO - [2025-09-29T14:57:15.856+0000] {dag.py:4180} INFO - Setting next_dagrun for example_python_decorator to None, run_after=None
[2025-09-29T14:57:15.865+0000] {processor.py:208} INFO - Processing /home/airflow/.local/lib/python3.12/site-packages/airflow/example_dags/example_python_decorator.py took 0.041 seconds
[2025-09-29T14:57:46.418+0000] {processor.py:186} INFO - Started process (PID=2999) to work on /home/airflow/.local/lib/python3.12/site-packages/airflow/example_dags/example_python_decorator.py
[2025-09-29T14:57:46.418+0000] {processor.py:914} INFO - Processing file /home/airflow/.local/lib/python3.12/site-packages/airflow/example_dags/example_python_decorator.py for tasks to queue
[2025-09-29T14:57:46.421+0000] {logging_mixin.py:190} INFO - [2025-09-29T14:57:46.421+0000] {dagbag.py:588} INFO - Filling up the DagBag from /home/airflow/.local/lib/python3.12/site-packages/airflow/example_dags/example_python_decorator.py
[2025-09-29T14:57:46.429+0000] {processor.py:925} INFO - DAG(s) 'example_python_decorator' retrieved from /home/airflow/.local/lib/python3.12/site-packages/airflow/example_dags/example_python_decorator.py
[2025-09-29T14:57:46.445+0000] {logging_mixin.py:190} INFO - [2025-09-29T14:57:46.445+0000] {dag.py:3239} INFO - Sync 1 DAGs
[2025-09-29T14:57:46.455+0000] {logging_mixin.py:190} INFO - [2025-09-29T14:57:46.455+0000] {dag.py:4180} INFO - Setting next_dagrun for example_python_decorator to None, run_after=None
[2025-09-29T14:57:46.465+0000] {processor.py:208} INFO - Processing /home/airflow/.local/lib/python3.12/site-packages/airflow/example_dags/example_python_decorator.py took 0.050 seconds
[2025-09-29T14:58:17.147+0000] {processor.py:186} INFO - Started process (PID=3061) to work on /home/airflow/.local/lib/python3.12/site-packages/airflow/example_dags/example_python_decorator.py
[2025-09-29T14:58:17.148+0000] {processor.py:914} INFO - Processing file /home/airflow/.local/lib/python3.12/site-packages/airflow/example_dags/example_python_decorator.py for tasks to queue
[2025-09-29T14:58:17.149+0000] {logging_mixin.py:190} INFO - [2025-09-29T14:58:17.148+0000] {dagbag.py:588} INFO - Filling up the DagBag from /home/airflow/.local/lib/python3.12/site-packages/airflow/example_dags/example_python_decorator.py
[2025-09-29T14:58:17.157+0000] {processor.py:925} INFO - DAG(s) 'example_python_decorator' retrieved from /home/airflow/.local/lib/python3.12/site-packages/airflow/example_dags/example_python_decorator.py
[2025-09-29T14:58:17.172+0000] {logging_mixin.py:190} INFO - [2025-09-29T14:58:17.172+0000] {dag.py:3239} INFO - Sync 1 DAGs
[2025-09-29T14:58:17.182+0000] {logging_mixin.py:190} INFO - [2025-09-29T14:58:17.182+0000] {dag.py:4180} INFO - Setting next_dagrun for example_python_decorator to None, run_after=None
[2025-09-29T14:58:17.194+0000] {processor.py:208} INFO - Processing /home/airflow/.local/lib/python3.12/site-packages/airflow/example_dags/example_python_decorator.py took 0.050 seconds
[2025-09-29T14:58:47.788+0000] {processor.py:186} INFO - Started process (PID=3124) to work on /home/airflow/.local/lib/python3.12/site-packages/airflow/example_dags/example_python_decorator.py
[2025-09-29T14:58:47.788+0000] {processor.py:914} INFO - Processing file /home/airflow/.local/lib/python3.12/site-packages/airflow/example_dags/example_python_decorator.py for tasks to queue
[2025-09-29T14:58:47.789+0000] {logging_mixin.py:190} INFO - [2025-09-29T14:58:47.789+0000] {dagbag.py:588} INFO - Filling up the DagBag from /home/airflow/.local/lib/python3.12/site-packages/airflow/example_dags/example_python_decorator.py
[2025-09-29T14:58:47.796+0000] {processor.py:925} INFO - DAG(s) 'example_python_decorator' retrieved from /home/airflow/.local/lib/python3.12/site-packages/airflow/example_dags/example_python_decorator.py
[2025-09-29T14:58:47.810+0000] {logging_mixin.py:190} INFO - [2025-09-29T14:58:47.810+0000] {dag.py:3239} INFO - Sync 1 DAGs
[2025-09-29T14:58:47.817+0000] {logging_mixin.py:190} INFO - [2025-09-29T14:58:47.816+0000] {dag.py:4180} INFO - Setting next_dagrun for example_python_decorator to None, run_after=None
[2025-09-29T14:58:47.826+0000] {processor.py:208} INFO - Processing /home/airflow/.local/lib/python3.12/site-packages/airflow/example_dags/example_python_decorator.py took 0.041 seconds
[2025-09-29T14:59:18.392+0000] {processor.py:186} INFO - Started process (PID=3187) to work on /home/airflow/.local/lib/python3.12/site-packages/airflow/example_dags/example_python_decorator.py
[2025-09-29T14:59:18.393+0000] {processor.py:914} INFO - Processing file /home/airflow/.local/lib/python3.12/site-packages/airflow/example_dags/example_python_decorator.py for tasks to queue
[2025-09-29T14:59:18.394+0000] {logging_mixin.py:190} INFO - [2025-09-29T14:59:18.393+0000] {dagbag.py:588} INFO - Filling up the DagBag from /home/airflow/.local/lib/python3.12/site-packages/airflow/example_dags/example_python_decorator.py
[2025-09-29T14:59:18.406+0000] {processor.py:925} INFO - DAG(s) 'example_python_decorator' retrieved from /home/airflow/.local/lib/python3.12/site-packages/airflow/example_dags/example_python_decorator.py
[2025-09-29T14:59:18.417+0000] {logging_mixin.py:190} INFO - [2025-09-29T14:59:18.417+0000] {dag.py:3239} INFO - Sync 1 DAGs
[2025-09-29T14:59:18.424+0000] {logging_mixin.py:190} INFO - [2025-09-29T14:59:18.424+0000] {dag.py:4180} INFO - Setting next_dagrun for example_python_decorator to None, run_after=None
[2025-09-29T14:59:18.440+0000] {processor.py:208} INFO - Processing /home/airflow/.local/lib/python3.12/site-packages/airflow/example_dags/example_python_decorator.py took 0.052 seconds
[2025-09-29T14:59:48.986+0000] {processor.py:186} INFO - Started process (PID=3250) to work on /home/airflow/.local/lib/python3.12/site-packages/airflow/example_dags/example_python_decorator.py
[2025-09-29T14:59:48.986+0000] {processor.py:914} INFO - Processing file /home/airflow/.local/lib/python3.12/site-packages/airflow/example_dags/example_python_decorator.py for tasks to queue
[2025-09-29T14:59:48.987+0000] {logging_mixin.py:190} INFO - [2025-09-29T14:59:48.987+0000] {dagbag.py:588} INFO - Filling up the DagBag from /home/airflow/.local/lib/python3.12/site-packages/airflow/example_dags/example_python_decorator.py
[2025-09-29T14:59:48.993+0000] {processor.py:925} INFO - DAG(s) 'example_python_decorator' retrieved from /home/airflow/.local/lib/python3.12/site-packages/airflow/example_dags/example_python_decorator.py
[2025-09-29T14:59:49.005+0000] {logging_mixin.py:190} INFO - [2025-09-29T14:59:49.005+0000] {dag.py:3239} INFO - Sync 1 DAGs
[2025-09-29T14:59:49.012+0000] {logging_mixin.py:190} INFO - [2025-09-29T14:59:49.012+0000] {dag.py:4180} INFO - Setting next_dagrun for example_python_decorator to None, run_after=None
[2025-09-29T14:59:49.020+0000] {processor.py:208} INFO - Processing /home/airflow/.local/lib/python3.12/site-packages/airflow/example_dags/example_python_decorator.py took 0.038 seconds
[2025-09-29T15:00:19.472+0000] {processor.py:186} INFO - Started process (PID=3313) to work on /home/airflow/.local/lib/python3.12/site-packages/airflow/example_dags/example_python_decorator.py
[2025-09-29T15:00:19.473+0000] {processor.py:914} INFO - Processing file /home/airflow/.local/lib/python3.12/site-packages/airflow/example_dags/example_python_decorator.py for tasks to queue
[2025-09-29T15:00:19.474+0000] {logging_mixin.py:190} INFO - [2025-09-29T15:00:19.473+0000] {dagbag.py:588} INFO - Filling up the DagBag from /home/airflow/.local/lib/python3.12/site-packages/airflow/example_dags/example_python_decorator.py
[2025-09-29T15:00:19.480+0000] {processor.py:925} INFO - DAG(s) 'example_python_decorator' retrieved from /home/airflow/.local/lib/python3.12/site-packages/airflow/example_dags/example_python_decorator.py
[2025-09-29T15:00:19.491+0000] {logging_mixin.py:190} INFO - [2025-09-29T15:00:19.491+0000] {dag.py:3239} INFO - Sync 1 DAGs
[2025-09-29T15:00:19.499+0000] {logging_mixin.py:190} INFO - [2025-09-29T15:00:19.499+0000] {dag.py:4180} INFO - Setting next_dagrun for example_python_decorator to None, run_after=None
[2025-09-29T15:00:19.509+0000] {processor.py:208} INFO - Processing /home/airflow/.local/lib/python3.12/site-packages/airflow/example_dags/example_python_decorator.py took 0.043 seconds
[2025-09-29T15:00:50.084+0000] {processor.py:186} INFO - Started process (PID=3376) to work on /home/airflow/.local/lib/python3.12/site-packages/airflow/example_dags/example_python_decorator.py
[2025-09-29T15:00:50.085+0000] {processor.py:914} INFO - Processing file /home/airflow/.local/lib/python3.12/site-packages/airflow/example_dags/example_python_decorator.py for tasks to queue
[2025-09-29T15:00:50.086+0000] {logging_mixin.py:190} INFO - [2025-09-29T15:00:50.086+0000] {dagbag.py:588} INFO - Filling up the DagBag from /home/airflow/.local/lib/python3.12/site-packages/airflow/example_dags/example_python_decorator.py
[2025-09-29T15:00:50.095+0000] {processor.py:925} INFO - DAG(s) 'example_python_decorator' retrieved from /home/airflow/.local/lib/python3.12/site-packages/airflow/example_dags/example_python_decorator.py
[2025-09-29T15:00:50.108+0000] {logging_mixin.py:190} INFO - [2025-09-29T15:00:50.108+0000] {dag.py:3239} INFO - Sync 1 DAGs
[2025-09-29T15:00:50.115+0000] {logging_mixin.py:190} INFO - [2025-09-29T15:00:50.115+0000] {dag.py:4180} INFO - Setting next_dagrun for example_python_decorator to None, run_after=None
[2025-09-29T15:00:50.126+0000] {processor.py:208} INFO - Processing /home/airflow/.local/lib/python3.12/site-packages/airflow/example_dags/example_python_decorator.py took 0.044 seconds
[2025-09-29T15:01:20.686+0000] {processor.py:186} INFO - Started process (PID=3439) to work on /home/airflow/.local/lib/python3.12/site-packages/airflow/example_dags/example_python_decorator.py
[2025-09-29T15:01:20.687+0000] {processor.py:914} INFO - Processing file /home/airflow/.local/lib/python3.12/site-packages/airflow/example_dags/example_python_decorator.py for tasks to queue
[2025-09-29T15:01:20.688+0000] {logging_mixin.py:190} INFO - [2025-09-29T15:01:20.687+0000] {dagbag.py:588} INFO - Filling up the DagBag from /home/airflow/.local/lib/python3.12/site-packages/airflow/example_dags/example_python_decorator.py
[2025-09-29T15:01:20.696+0000] {processor.py:925} INFO - DAG(s) 'example_python_decorator' retrieved from /home/airflow/.local/lib/python3.12/site-packages/airflow/example_dags/example_python_decorator.py
[2025-09-29T15:01:20.708+0000] {logging_mixin.py:190} INFO - [2025-09-29T15:01:20.708+0000] {dag.py:3239} INFO - Sync 1 DAGs
[2025-09-29T15:01:20.716+0000] {logging_mixin.py:190} INFO - [2025-09-29T15:01:20.716+0000] {dag.py:4180} INFO - Setting next_dagrun for example_python_decorator to None, run_after=None
[2025-09-29T15:01:20.725+0000] {processor.py:208} INFO - Processing /home/airflow/.local/lib/python3.12/site-packages/airflow/example_dags/example_python_decorator.py took 0.042 seconds
[2025-09-29T15:01:51.263+0000] {processor.py:186} INFO - Started process (PID=3502) to work on /home/airflow/.local/lib/python3.12/site-packages/airflow/example_dags/example_python_decorator.py
[2025-09-29T15:01:51.264+0000] {processor.py:914} INFO - Processing file /home/airflow/.local/lib/python3.12/site-packages/airflow/example_dags/example_python_decorator.py for tasks to queue
[2025-09-29T15:01:51.265+0000] {logging_mixin.py:190} INFO - [2025-09-29T15:01:51.265+0000] {dagbag.py:588} INFO - Filling up the DagBag from /home/airflow/.local/lib/python3.12/site-packages/airflow/example_dags/example_python_decorator.py
[2025-09-29T15:01:51.277+0000] {processor.py:925} INFO - DAG(s) 'example_python_decorator' retrieved from /home/airflow/.local/lib/python3.12/site-packages/airflow/example_dags/example_python_decorator.py
[2025-09-29T15:01:51.288+0000] {logging_mixin.py:190} INFO - [2025-09-29T15:01:51.288+0000] {dag.py:3239} INFO - Sync 1 DAGs
[2025-09-29T15:01:51.296+0000] {logging_mixin.py:190} INFO - [2025-09-29T15:01:51.295+0000] {dag.py:4180} INFO - Setting next_dagrun for example_python_decorator to None, run_after=None
[2025-09-29T15:01:51.305+0000] {processor.py:208} INFO - Processing /home/airflow/.local/lib/python3.12/site-packages/airflow/example_dags/example_python_decorator.py took 0.048 seconds
[2025-09-29T15:02:21.742+0000] {processor.py:186} INFO - Started process (PID=3565) to work on /home/airflow/.local/lib/python3.12/site-packages/airflow/example_dags/example_python_decorator.py
[2025-09-29T15:02:21.744+0000] {processor.py:914} INFO - Processing file /home/airflow/.local/lib/python3.12/site-packages/airflow/example_dags/example_python_decorator.py for tasks to queue
[2025-09-29T15:02:21.745+0000] {logging_mixin.py:190} INFO - [2025-09-29T15:02:21.745+0000] {dagbag.py:588} INFO - Filling up the DagBag from /home/airflow/.local/lib/python3.12/site-packages/airflow/example_dags/example_python_decorator.py
[2025-09-29T15:02:21.752+0000] {processor.py:925} INFO - DAG(s) 'example_python_decorator' retrieved from /home/airflow/.local/lib/python3.12/site-packages/airflow/example_dags/example_python_decorator.py
[2025-09-29T15:02:21.768+0000] {logging_mixin.py:190} INFO - [2025-09-29T15:02:21.767+0000] {dag.py:3239} INFO - Sync 1 DAGs
[2025-09-29T15:02:21.776+0000] {logging_mixin.py:190} INFO - [2025-09-29T15:02:21.776+0000] {dag.py:4180} INFO - Setting next_dagrun for example_python_decorator to None, run_after=None
[2025-09-29T15:02:21.788+0000] {processor.py:208} INFO - Processing /home/airflow/.local/lib/python3.12/site-packages/airflow/example_dags/example_python_decorator.py took 0.049 seconds
