[2025-09-29T14:34:30.786+0000] {processor.py:186} INFO - Started process (PID=91) to work on /home/airflow/.local/lib/python3.12/site-packages/airflow/example_dags/example_complex.py
[2025-09-29T14:34:30.787+0000] {processor.py:914} INFO - Processing file /home/airflow/.local/lib/python3.12/site-packages/airflow/example_dags/example_complex.py for tasks to queue
[2025-09-29T14:34:30.789+0000] {logging_mixin.py:190} INFO - [2025-09-29T14:34:30.788+0000] {dagbag.py:588} INFO - Filling up the DagBag from /home/airflow/.local/lib/python3.12/site-packages/airflow/example_dags/example_complex.py
[2025-09-29T14:34:30.796+0000] {processor.py:925} INFO - DAG(s) 'example_complex' retrieved from /home/airflow/.local/lib/python3.12/site-packages/airflow/example_dags/example_complex.py
[2025-09-29T14:34:30.818+0000] {logging_mixin.py:190} INFO - [2025-09-29T14:34:30.818+0000] {dag.py:3239} INFO - Sync 1 DAGs
[2025-09-29T14:34:30.828+0000] {logging_mixin.py:190} INFO - [2025-09-29T14:34:30.828+0000] {dag.py:4180} INFO - Setting next_dagrun for example_complex to None, run_after=None
[2025-09-29T14:34:30.850+0000] {processor.py:208} INFO - Processing /home/airflow/.local/lib/python3.12/site-packages/airflow/example_dags/example_complex.py took 0.068 seconds
[2025-09-29T14:35:01.506+0000] {processor.py:186} INFO - Started process (PID=159) to work on /home/airflow/.local/lib/python3.12/site-packages/airflow/example_dags/example_complex.py
[2025-09-29T14:35:01.507+0000] {processor.py:914} INFO - Processing file /home/airflow/.local/lib/python3.12/site-packages/airflow/example_dags/example_complex.py for tasks to queue
[2025-09-29T14:35:01.508+0000] {logging_mixin.py:190} INFO - [2025-09-29T14:35:01.508+0000] {dagbag.py:588} INFO - Filling up the DagBag from /home/airflow/.local/lib/python3.12/site-packages/airflow/example_dags/example_complex.py
[2025-09-29T14:35:01.513+0000] {processor.py:925} INFO - DAG(s) 'example_complex' retrieved from /home/airflow/.local/lib/python3.12/site-packages/airflow/example_dags/example_complex.py
[2025-09-29T14:35:01.531+0000] {logging_mixin.py:190} INFO - [2025-09-29T14:35:01.530+0000] {dag.py:3239} INFO - Sync 1 DAGs
[2025-09-29T14:35:01.540+0000] {logging_mixin.py:190} INFO - [2025-09-29T14:35:01.540+0000] {dag.py:4180} INFO - Setting next_dagrun for example_complex to None, run_after=None
[2025-09-29T14:35:01.552+0000] {processor.py:208} INFO - Processing /home/airflow/.local/lib/python3.12/site-packages/airflow/example_dags/example_complex.py took 0.049 seconds
[2025-09-29T14:35:31.788+0000] {processor.py:186} INFO - Started process (PID=223) to work on /home/airflow/.local/lib/python3.12/site-packages/airflow/example_dags/example_complex.py
[2025-09-29T14:35:31.788+0000] {processor.py:914} INFO - Processing file /home/airflow/.local/lib/python3.12/site-packages/airflow/example_dags/example_complex.py for tasks to queue
[2025-09-29T14:35:31.791+0000] {logging_mixin.py:190} INFO - [2025-09-29T14:35:31.790+0000] {dagbag.py:588} INFO - Filling up the DagBag from /home/airflow/.local/lib/python3.12/site-packages/airflow/example_dags/example_complex.py
[2025-09-29T14:35:31.797+0000] {processor.py:925} INFO - DAG(s) 'example_complex' retrieved from /home/airflow/.local/lib/python3.12/site-packages/airflow/example_dags/example_complex.py
[2025-09-29T14:35:31.815+0000] {logging_mixin.py:190} INFO - [2025-09-29T14:35:31.815+0000] {dag.py:3239} INFO - Sync 1 DAGs
[2025-09-29T14:35:31.822+0000] {logging_mixin.py:190} INFO - [2025-09-29T14:35:31.822+0000] {dag.py:4180} INFO - Setting next_dagrun for example_complex to None, run_after=None
[2025-09-29T14:35:31.832+0000] {processor.py:208} INFO - Processing /home/airflow/.local/lib/python3.12/site-packages/airflow/example_dags/example_complex.py took 0.047 seconds
[2025-09-29T14:36:02.000+0000] {processor.py:186} INFO - Started process (PID=287) to work on /home/airflow/.local/lib/python3.12/site-packages/airflow/example_dags/example_complex.py
[2025-09-29T14:36:02.001+0000] {processor.py:914} INFO - Processing file /home/airflow/.local/lib/python3.12/site-packages/airflow/example_dags/example_complex.py for tasks to queue
[2025-09-29T14:36:02.003+0000] {logging_mixin.py:190} INFO - [2025-09-29T14:36:02.003+0000] {dagbag.py:588} INFO - Filling up the DagBag from /home/airflow/.local/lib/python3.12/site-packages/airflow/example_dags/example_complex.py
[2025-09-29T14:36:02.009+0000] {processor.py:925} INFO - DAG(s) 'example_complex' retrieved from /home/airflow/.local/lib/python3.12/site-packages/airflow/example_dags/example_complex.py
[2025-09-29T14:36:02.026+0000] {logging_mixin.py:190} INFO - [2025-09-29T14:36:02.026+0000] {dag.py:3239} INFO - Sync 1 DAGs
[2025-09-29T14:36:02.033+0000] {logging_mixin.py:190} INFO - [2025-09-29T14:36:02.033+0000] {dag.py:4180} INFO - Setting next_dagrun for example_complex to None, run_after=None
[2025-09-29T14:36:02.046+0000] {processor.py:208} INFO - Processing /home/airflow/.local/lib/python3.12/site-packages/airflow/example_dags/example_complex.py took 0.049 seconds
[2025-09-29T14:36:32.059+0000] {processor.py:186} INFO - Started process (PID=350) to work on /home/airflow/.local/lib/python3.12/site-packages/airflow/example_dags/example_complex.py
[2025-09-29T14:36:32.059+0000] {processor.py:914} INFO - Processing file /home/airflow/.local/lib/python3.12/site-packages/airflow/example_dags/example_complex.py for tasks to queue
[2025-09-29T14:36:32.061+0000] {logging_mixin.py:190} INFO - [2025-09-29T14:36:32.060+0000] {dagbag.py:588} INFO - Filling up the DagBag from /home/airflow/.local/lib/python3.12/site-packages/airflow/example_dags/example_complex.py
[2025-09-29T14:36:32.066+0000] {processor.py:925} INFO - DAG(s) 'example_complex' retrieved from /home/airflow/.local/lib/python3.12/site-packages/airflow/example_dags/example_complex.py
[2025-09-29T14:36:32.080+0000] {logging_mixin.py:190} INFO - [2025-09-29T14:36:32.080+0000] {dag.py:3239} INFO - Sync 1 DAGs
[2025-09-29T14:36:32.086+0000] {logging_mixin.py:190} INFO - [2025-09-29T14:36:32.086+0000] {dag.py:4180} INFO - Setting next_dagrun for example_complex to None, run_after=None
[2025-09-29T14:36:32.095+0000] {processor.py:208} INFO - Processing /home/airflow/.local/lib/python3.12/site-packages/airflow/example_dags/example_complex.py took 0.039 seconds
[2025-09-29T14:37:02.277+0000] {processor.py:186} INFO - Started process (PID=413) to work on /home/airflow/.local/lib/python3.12/site-packages/airflow/example_dags/example_complex.py
[2025-09-29T14:37:02.278+0000] {processor.py:914} INFO - Processing file /home/airflow/.local/lib/python3.12/site-packages/airflow/example_dags/example_complex.py for tasks to queue
[2025-09-29T14:37:02.279+0000] {logging_mixin.py:190} INFO - [2025-09-29T14:37:02.279+0000] {dagbag.py:588} INFO - Filling up the DagBag from /home/airflow/.local/lib/python3.12/site-packages/airflow/example_dags/example_complex.py
[2025-09-29T14:37:02.284+0000] {processor.py:925} INFO - DAG(s) 'example_complex' retrieved from /home/airflow/.local/lib/python3.12/site-packages/airflow/example_dags/example_complex.py
[2025-09-29T14:37:02.299+0000] {logging_mixin.py:190} INFO - [2025-09-29T14:37:02.299+0000] {dag.py:3239} INFO - Sync 1 DAGs
[2025-09-29T14:37:02.306+0000] {logging_mixin.py:190} INFO - [2025-09-29T14:37:02.306+0000] {dag.py:4180} INFO - Setting next_dagrun for example_complex to None, run_after=None
[2025-09-29T14:37:02.315+0000] {processor.py:208} INFO - Processing /home/airflow/.local/lib/python3.12/site-packages/airflow/example_dags/example_complex.py took 0.042 seconds
[2025-09-29T14:37:32.658+0000] {processor.py:186} INFO - Started process (PID=477) to work on /home/airflow/.local/lib/python3.12/site-packages/airflow/example_dags/example_complex.py
[2025-09-29T14:37:32.659+0000] {processor.py:914} INFO - Processing file /home/airflow/.local/lib/python3.12/site-packages/airflow/example_dags/example_complex.py for tasks to queue
[2025-09-29T14:37:32.660+0000] {logging_mixin.py:190} INFO - [2025-09-29T14:37:32.660+0000] {dagbag.py:588} INFO - Filling up the DagBag from /home/airflow/.local/lib/python3.12/site-packages/airflow/example_dags/example_complex.py
[2025-09-29T14:37:32.666+0000] {processor.py:925} INFO - DAG(s) 'example_complex' retrieved from /home/airflow/.local/lib/python3.12/site-packages/airflow/example_dags/example_complex.py
[2025-09-29T14:37:32.681+0000] {logging_mixin.py:190} INFO - [2025-09-29T14:37:32.681+0000] {dag.py:3239} INFO - Sync 1 DAGs
[2025-09-29T14:37:32.687+0000] {logging_mixin.py:190} INFO - [2025-09-29T14:37:32.687+0000] {dag.py:4180} INFO - Setting next_dagrun for example_complex to None, run_after=None
[2025-09-29T14:37:32.698+0000] {processor.py:208} INFO - Processing /home/airflow/.local/lib/python3.12/site-packages/airflow/example_dags/example_complex.py took 0.043 seconds
[2025-09-29T14:38:03.059+0000] {processor.py:186} INFO - Started process (PID=541) to work on /home/airflow/.local/lib/python3.12/site-packages/airflow/example_dags/example_complex.py
[2025-09-29T14:38:03.060+0000] {processor.py:914} INFO - Processing file /home/airflow/.local/lib/python3.12/site-packages/airflow/example_dags/example_complex.py for tasks to queue
[2025-09-29T14:38:03.065+0000] {logging_mixin.py:190} INFO - [2025-09-29T14:38:03.064+0000] {dagbag.py:588} INFO - Filling up the DagBag from /home/airflow/.local/lib/python3.12/site-packages/airflow/example_dags/example_complex.py
[2025-09-29T14:38:03.070+0000] {processor.py:925} INFO - DAG(s) 'example_complex' retrieved from /home/airflow/.local/lib/python3.12/site-packages/airflow/example_dags/example_complex.py
[2025-09-29T14:38:03.084+0000] {logging_mixin.py:190} INFO - [2025-09-29T14:38:03.084+0000] {dag.py:3239} INFO - Sync 1 DAGs
[2025-09-29T14:38:03.091+0000] {logging_mixin.py:190} INFO - [2025-09-29T14:38:03.090+0000] {dag.py:4180} INFO - Setting next_dagrun for example_complex to None, run_after=None
[2025-09-29T14:38:03.100+0000] {processor.py:208} INFO - Processing /home/airflow/.local/lib/python3.12/site-packages/airflow/example_dags/example_complex.py took 0.044 seconds
[2025-09-29T14:38:33.440+0000] {processor.py:186} INFO - Started process (PID=613) to work on /home/airflow/.local/lib/python3.12/site-packages/airflow/example_dags/example_complex.py
[2025-09-29T14:38:33.441+0000] {processor.py:914} INFO - Processing file /home/airflow/.local/lib/python3.12/site-packages/airflow/example_dags/example_complex.py for tasks to queue
[2025-09-29T14:38:33.442+0000] {logging_mixin.py:190} INFO - [2025-09-29T14:38:33.442+0000] {dagbag.py:588} INFO - Filling up the DagBag from /home/airflow/.local/lib/python3.12/site-packages/airflow/example_dags/example_complex.py
[2025-09-29T14:38:33.448+0000] {processor.py:925} INFO - DAG(s) 'example_complex' retrieved from /home/airflow/.local/lib/python3.12/site-packages/airflow/example_dags/example_complex.py
[2025-09-29T14:38:33.469+0000] {logging_mixin.py:190} INFO - [2025-09-29T14:38:33.469+0000] {dag.py:3239} INFO - Sync 1 DAGs
[2025-09-29T14:38:33.476+0000] {logging_mixin.py:190} INFO - [2025-09-29T14:38:33.476+0000] {dag.py:4180} INFO - Setting next_dagrun for example_complex to None, run_after=None
[2025-09-29T14:38:33.485+0000] {processor.py:208} INFO - Processing /home/airflow/.local/lib/python3.12/site-packages/airflow/example_dags/example_complex.py took 0.048 seconds
[2025-09-29T14:39:04.087+0000] {processor.py:186} INFO - Started process (PID=677) to work on /home/airflow/.local/lib/python3.12/site-packages/airflow/example_dags/example_complex.py
[2025-09-29T14:39:04.088+0000] {processor.py:914} INFO - Processing file /home/airflow/.local/lib/python3.12/site-packages/airflow/example_dags/example_complex.py for tasks to queue
[2025-09-29T14:39:04.090+0000] {logging_mixin.py:190} INFO - [2025-09-29T14:39:04.090+0000] {dagbag.py:588} INFO - Filling up the DagBag from /home/airflow/.local/lib/python3.12/site-packages/airflow/example_dags/example_complex.py
[2025-09-29T14:39:04.099+0000] {processor.py:925} INFO - DAG(s) 'example_complex' retrieved from /home/airflow/.local/lib/python3.12/site-packages/airflow/example_dags/example_complex.py
[2025-09-29T14:39:04.116+0000] {logging_mixin.py:190} INFO - [2025-09-29T14:39:04.116+0000] {dag.py:3239} INFO - Sync 1 DAGs
[2025-09-29T14:39:04.124+0000] {logging_mixin.py:190} INFO - [2025-09-29T14:39:04.124+0000] {dag.py:4180} INFO - Setting next_dagrun for example_complex to None, run_after=None
[2025-09-29T14:39:04.133+0000] {processor.py:208} INFO - Processing /home/airflow/.local/lib/python3.12/site-packages/airflow/example_dags/example_complex.py took 0.049 seconds
[2025-09-29T14:39:34.639+0000] {processor.py:186} INFO - Started process (PID=740) to work on /home/airflow/.local/lib/python3.12/site-packages/airflow/example_dags/example_complex.py
[2025-09-29T14:39:34.640+0000] {processor.py:914} INFO - Processing file /home/airflow/.local/lib/python3.12/site-packages/airflow/example_dags/example_complex.py for tasks to queue
[2025-09-29T14:39:34.641+0000] {logging_mixin.py:190} INFO - [2025-09-29T14:39:34.641+0000] {dagbag.py:588} INFO - Filling up the DagBag from /home/airflow/.local/lib/python3.12/site-packages/airflow/example_dags/example_complex.py
[2025-09-29T14:39:34.647+0000] {processor.py:925} INFO - DAG(s) 'example_complex' retrieved from /home/airflow/.local/lib/python3.12/site-packages/airflow/example_dags/example_complex.py
[2025-09-29T14:39:34.664+0000] {logging_mixin.py:190} INFO - [2025-09-29T14:39:34.664+0000] {dag.py:3239} INFO - Sync 1 DAGs
[2025-09-29T14:39:34.671+0000] {logging_mixin.py:190} INFO - [2025-09-29T14:39:34.671+0000] {dag.py:4180} INFO - Setting next_dagrun for example_complex to None, run_after=None
[2025-09-29T14:39:34.685+0000] {processor.py:208} INFO - Processing /home/airflow/.local/lib/python3.12/site-packages/airflow/example_dags/example_complex.py took 0.050 seconds
[2025-09-29T14:40:04.965+0000] {processor.py:186} INFO - Started process (PID=803) to work on /home/airflow/.local/lib/python3.12/site-packages/airflow/example_dags/example_complex.py
[2025-09-29T14:40:04.965+0000] {processor.py:914} INFO - Processing file /home/airflow/.local/lib/python3.12/site-packages/airflow/example_dags/example_complex.py for tasks to queue
[2025-09-29T14:40:04.967+0000] {logging_mixin.py:190} INFO - [2025-09-29T14:40:04.966+0000] {dagbag.py:588} INFO - Filling up the DagBag from /home/airflow/.local/lib/python3.12/site-packages/airflow/example_dags/example_complex.py
[2025-09-29T14:40:04.972+0000] {processor.py:925} INFO - DAG(s) 'example_complex' retrieved from /home/airflow/.local/lib/python3.12/site-packages/airflow/example_dags/example_complex.py
[2025-09-29T14:40:04.987+0000] {logging_mixin.py:190} INFO - [2025-09-29T14:40:04.987+0000] {dag.py:3239} INFO - Sync 1 DAGs
[2025-09-29T14:40:04.994+0000] {logging_mixin.py:190} INFO - [2025-09-29T14:40:04.994+0000] {dag.py:4180} INFO - Setting next_dagrun for example_complex to None, run_after=None
[2025-09-29T14:40:05.010+0000] {processor.py:208} INFO - Processing /home/airflow/.local/lib/python3.12/site-packages/airflow/example_dags/example_complex.py took 0.049 seconds
[2025-09-29T14:40:35.449+0000] {processor.py:186} INFO - Started process (PID=867) to work on /home/airflow/.local/lib/python3.12/site-packages/airflow/example_dags/example_complex.py
[2025-09-29T14:40:35.450+0000] {processor.py:914} INFO - Processing file /home/airflow/.local/lib/python3.12/site-packages/airflow/example_dags/example_complex.py for tasks to queue
[2025-09-29T14:40:35.452+0000] {logging_mixin.py:190} INFO - [2025-09-29T14:40:35.452+0000] {dagbag.py:588} INFO - Filling up the DagBag from /home/airflow/.local/lib/python3.12/site-packages/airflow/example_dags/example_complex.py
[2025-09-29T14:40:35.459+0000] {processor.py:925} INFO - DAG(s) 'example_complex' retrieved from /home/airflow/.local/lib/python3.12/site-packages/airflow/example_dags/example_complex.py
[2025-09-29T14:40:35.479+0000] {logging_mixin.py:190} INFO - [2025-09-29T14:40:35.479+0000] {dag.py:3239} INFO - Sync 1 DAGs
[2025-09-29T14:40:35.488+0000] {logging_mixin.py:190} INFO - [2025-09-29T14:40:35.488+0000] {dag.py:4180} INFO - Setting next_dagrun for example_complex to None, run_after=None
[2025-09-29T14:40:35.501+0000] {processor.py:208} INFO - Processing /home/airflow/.local/lib/python3.12/site-packages/airflow/example_dags/example_complex.py took 0.056 seconds
[2025-09-29T14:41:05.718+0000] {processor.py:186} INFO - Started process (PID=933) to work on /home/airflow/.local/lib/python3.12/site-packages/airflow/example_dags/example_complex.py
[2025-09-29T14:41:05.720+0000] {processor.py:914} INFO - Processing file /home/airflow/.local/lib/python3.12/site-packages/airflow/example_dags/example_complex.py for tasks to queue
[2025-09-29T14:41:05.721+0000] {logging_mixin.py:190} INFO - [2025-09-29T14:41:05.721+0000] {dagbag.py:588} INFO - Filling up the DagBag from /home/airflow/.local/lib/python3.12/site-packages/airflow/example_dags/example_complex.py
[2025-09-29T14:41:05.726+0000] {processor.py:925} INFO - DAG(s) 'example_complex' retrieved from /home/airflow/.local/lib/python3.12/site-packages/airflow/example_dags/example_complex.py
[2025-09-29T14:41:05.747+0000] {logging_mixin.py:190} INFO - [2025-09-29T14:41:05.747+0000] {dag.py:3239} INFO - Sync 1 DAGs
[2025-09-29T14:41:05.754+0000] {logging_mixin.py:190} INFO - [2025-09-29T14:41:05.753+0000] {dag.py:4180} INFO - Setting next_dagrun for example_complex to None, run_after=None
[2025-09-29T14:41:05.767+0000] {processor.py:208} INFO - Processing /home/airflow/.local/lib/python3.12/site-packages/airflow/example_dags/example_complex.py took 0.053 seconds
[2025-09-29T14:41:36.243+0000] {processor.py:186} INFO - Started process (PID=997) to work on /home/airflow/.local/lib/python3.12/site-packages/airflow/example_dags/example_complex.py
[2025-09-29T14:41:36.244+0000] {processor.py:914} INFO - Processing file /home/airflow/.local/lib/python3.12/site-packages/airflow/example_dags/example_complex.py for tasks to queue
[2025-09-29T14:41:36.245+0000] {logging_mixin.py:190} INFO - [2025-09-29T14:41:36.245+0000] {dagbag.py:588} INFO - Filling up the DagBag from /home/airflow/.local/lib/python3.12/site-packages/airflow/example_dags/example_complex.py
[2025-09-29T14:41:36.251+0000] {processor.py:925} INFO - DAG(s) 'example_complex' retrieved from /home/airflow/.local/lib/python3.12/site-packages/airflow/example_dags/example_complex.py
[2025-09-29T14:41:36.268+0000] {logging_mixin.py:190} INFO - [2025-09-29T14:41:36.268+0000] {dag.py:3239} INFO - Sync 1 DAGs
[2025-09-29T14:41:36.276+0000] {logging_mixin.py:190} INFO - [2025-09-29T14:41:36.276+0000] {dag.py:4180} INFO - Setting next_dagrun for example_complex to None, run_after=None
[2025-09-29T14:41:36.292+0000] {processor.py:208} INFO - Processing /home/airflow/.local/lib/python3.12/site-packages/airflow/example_dags/example_complex.py took 0.053 seconds
[2025-09-29T14:42:06.646+0000] {processor.py:186} INFO - Started process (PID=1062) to work on /home/airflow/.local/lib/python3.12/site-packages/airflow/example_dags/example_complex.py
[2025-09-29T14:42:06.647+0000] {processor.py:914} INFO - Processing file /home/airflow/.local/lib/python3.12/site-packages/airflow/example_dags/example_complex.py for tasks to queue
[2025-09-29T14:42:06.649+0000] {logging_mixin.py:190} INFO - [2025-09-29T14:42:06.649+0000] {dagbag.py:588} INFO - Filling up the DagBag from /home/airflow/.local/lib/python3.12/site-packages/airflow/example_dags/example_complex.py
[2025-09-29T14:42:06.658+0000] {processor.py:925} INFO - DAG(s) 'example_complex' retrieved from /home/airflow/.local/lib/python3.12/site-packages/airflow/example_dags/example_complex.py
[2025-09-29T14:42:06.688+0000] {logging_mixin.py:190} INFO - [2025-09-29T14:42:06.688+0000] {dag.py:3239} INFO - Sync 1 DAGs
[2025-09-29T14:42:06.699+0000] {logging_mixin.py:190} INFO - [2025-09-29T14:42:06.699+0000] {dag.py:4180} INFO - Setting next_dagrun for example_complex to None, run_after=None
[2025-09-29T14:42:06.711+0000] {processor.py:208} INFO - Processing /home/airflow/.local/lib/python3.12/site-packages/airflow/example_dags/example_complex.py took 0.068 seconds
[2025-09-29T14:42:36.998+0000] {processor.py:186} INFO - Started process (PID=1126) to work on /home/airflow/.local/lib/python3.12/site-packages/airflow/example_dags/example_complex.py
[2025-09-29T14:42:36.998+0000] {processor.py:914} INFO - Processing file /home/airflow/.local/lib/python3.12/site-packages/airflow/example_dags/example_complex.py for tasks to queue
[2025-09-29T14:42:37.000+0000] {logging_mixin.py:190} INFO - [2025-09-29T14:42:36.999+0000] {dagbag.py:588} INFO - Filling up the DagBag from /home/airflow/.local/lib/python3.12/site-packages/airflow/example_dags/example_complex.py
[2025-09-29T14:42:37.005+0000] {processor.py:925} INFO - DAG(s) 'example_complex' retrieved from /home/airflow/.local/lib/python3.12/site-packages/airflow/example_dags/example_complex.py
[2025-09-29T14:42:37.019+0000] {logging_mixin.py:190} INFO - [2025-09-29T14:42:37.019+0000] {dag.py:3239} INFO - Sync 1 DAGs
[2025-09-29T14:42:37.026+0000] {logging_mixin.py:190} INFO - [2025-09-29T14:42:37.026+0000] {dag.py:4180} INFO - Setting next_dagrun for example_complex to None, run_after=None
[2025-09-29T14:42:37.035+0000] {processor.py:208} INFO - Processing /home/airflow/.local/lib/python3.12/site-packages/airflow/example_dags/example_complex.py took 0.041 seconds
[2025-09-29T14:43:07.273+0000] {processor.py:186} INFO - Started process (PID=1190) to work on /home/airflow/.local/lib/python3.12/site-packages/airflow/example_dags/example_complex.py
[2025-09-29T14:43:07.274+0000] {processor.py:914} INFO - Processing file /home/airflow/.local/lib/python3.12/site-packages/airflow/example_dags/example_complex.py for tasks to queue
[2025-09-29T14:43:07.277+0000] {logging_mixin.py:190} INFO - [2025-09-29T14:43:07.277+0000] {dagbag.py:588} INFO - Filling up the DagBag from /home/airflow/.local/lib/python3.12/site-packages/airflow/example_dags/example_complex.py
[2025-09-29T14:43:07.284+0000] {processor.py:925} INFO - DAG(s) 'example_complex' retrieved from /home/airflow/.local/lib/python3.12/site-packages/airflow/example_dags/example_complex.py
[2025-09-29T14:43:07.302+0000] {logging_mixin.py:190} INFO - [2025-09-29T14:43:07.302+0000] {dag.py:3239} INFO - Sync 1 DAGs
[2025-09-29T14:43:07.309+0000] {logging_mixin.py:190} INFO - [2025-09-29T14:43:07.309+0000] {dag.py:4180} INFO - Setting next_dagrun for example_complex to None, run_after=None
[2025-09-29T14:43:07.319+0000] {processor.py:208} INFO - Processing /home/airflow/.local/lib/python3.12/site-packages/airflow/example_dags/example_complex.py took 0.049 seconds
[2025-09-29T14:43:37.490+0000] {processor.py:186} INFO - Started process (PID=1254) to work on /home/airflow/.local/lib/python3.12/site-packages/airflow/example_dags/example_complex.py
[2025-09-29T14:43:37.491+0000] {processor.py:914} INFO - Processing file /home/airflow/.local/lib/python3.12/site-packages/airflow/example_dags/example_complex.py for tasks to queue
[2025-09-29T14:43:37.493+0000] {logging_mixin.py:190} INFO - [2025-09-29T14:43:37.493+0000] {dagbag.py:588} INFO - Filling up the DagBag from /home/airflow/.local/lib/python3.12/site-packages/airflow/example_dags/example_complex.py
[2025-09-29T14:43:37.499+0000] {processor.py:925} INFO - DAG(s) 'example_complex' retrieved from /home/airflow/.local/lib/python3.12/site-packages/airflow/example_dags/example_complex.py
[2025-09-29T14:43:37.520+0000] {logging_mixin.py:190} INFO - [2025-09-29T14:43:37.520+0000] {dag.py:3239} INFO - Sync 1 DAGs
[2025-09-29T14:43:37.528+0000] {logging_mixin.py:190} INFO - [2025-09-29T14:43:37.528+0000] {dag.py:4180} INFO - Setting next_dagrun for example_complex to None, run_after=None
[2025-09-29T14:43:37.537+0000] {processor.py:208} INFO - Processing /home/airflow/.local/lib/python3.12/site-packages/airflow/example_dags/example_complex.py took 0.050 seconds
[2025-09-29T14:44:08.348+0000] {processor.py:186} INFO - Started process (PID=1318) to work on /home/airflow/.local/lib/python3.12/site-packages/airflow/example_dags/example_complex.py
[2025-09-29T14:44:08.349+0000] {processor.py:914} INFO - Processing file /home/airflow/.local/lib/python3.12/site-packages/airflow/example_dags/example_complex.py for tasks to queue
[2025-09-29T14:44:08.350+0000] {logging_mixin.py:190} INFO - [2025-09-29T14:44:08.350+0000] {dagbag.py:588} INFO - Filling up the DagBag from /home/airflow/.local/lib/python3.12/site-packages/airflow/example_dags/example_complex.py
[2025-09-29T14:44:08.356+0000] {processor.py:925} INFO - DAG(s) 'example_complex' retrieved from /home/airflow/.local/lib/python3.12/site-packages/airflow/example_dags/example_complex.py
[2025-09-29T14:44:08.373+0000] {logging_mixin.py:190} INFO - [2025-09-29T14:44:08.372+0000] {dag.py:3239} INFO - Sync 1 DAGs
[2025-09-29T14:44:08.382+0000] {logging_mixin.py:190} INFO - [2025-09-29T14:44:08.382+0000] {dag.py:4180} INFO - Setting next_dagrun for example_complex to None, run_after=None
[2025-09-29T14:44:08.398+0000] {processor.py:208} INFO - Processing /home/airflow/.local/lib/python3.12/site-packages/airflow/example_dags/example_complex.py took 0.053 seconds
[2025-09-29T14:44:38.685+0000] {processor.py:186} INFO - Started process (PID=1381) to work on /home/airflow/.local/lib/python3.12/site-packages/airflow/example_dags/example_complex.py
[2025-09-29T14:44:38.686+0000] {processor.py:914} INFO - Processing file /home/airflow/.local/lib/python3.12/site-packages/airflow/example_dags/example_complex.py for tasks to queue
[2025-09-29T14:44:38.687+0000] {logging_mixin.py:190} INFO - [2025-09-29T14:44:38.687+0000] {dagbag.py:588} INFO - Filling up the DagBag from /home/airflow/.local/lib/python3.12/site-packages/airflow/example_dags/example_complex.py
[2025-09-29T14:44:38.693+0000] {processor.py:925} INFO - DAG(s) 'example_complex' retrieved from /home/airflow/.local/lib/python3.12/site-packages/airflow/example_dags/example_complex.py
[2025-09-29T14:44:38.713+0000] {logging_mixin.py:190} INFO - [2025-09-29T14:44:38.713+0000] {dag.py:3239} INFO - Sync 1 DAGs
[2025-09-29T14:44:38.723+0000] {logging_mixin.py:190} INFO - [2025-09-29T14:44:38.722+0000] {dag.py:4180} INFO - Setting next_dagrun for example_complex to None, run_after=None
[2025-09-29T14:44:38.739+0000] {processor.py:208} INFO - Processing /home/airflow/.local/lib/python3.12/site-packages/airflow/example_dags/example_complex.py took 0.057 seconds
[2025-09-29T14:45:08.971+0000] {processor.py:186} INFO - Started process (PID=1444) to work on /home/airflow/.local/lib/python3.12/site-packages/airflow/example_dags/example_complex.py
[2025-09-29T14:45:08.973+0000] {processor.py:914} INFO - Processing file /home/airflow/.local/lib/python3.12/site-packages/airflow/example_dags/example_complex.py for tasks to queue
[2025-09-29T14:45:08.975+0000] {logging_mixin.py:190} INFO - [2025-09-29T14:45:08.975+0000] {dagbag.py:588} INFO - Filling up the DagBag from /home/airflow/.local/lib/python3.12/site-packages/airflow/example_dags/example_complex.py
[2025-09-29T14:45:08.982+0000] {processor.py:925} INFO - DAG(s) 'example_complex' retrieved from /home/airflow/.local/lib/python3.12/site-packages/airflow/example_dags/example_complex.py
[2025-09-29T14:45:08.997+0000] {logging_mixin.py:190} INFO - [2025-09-29T14:45:08.997+0000] {dag.py:3239} INFO - Sync 1 DAGs
[2025-09-29T14:45:09.003+0000] {logging_mixin.py:190} INFO - [2025-09-29T14:45:09.003+0000] {dag.py:4180} INFO - Setting next_dagrun for example_complex to None, run_after=None
[2025-09-29T14:45:09.012+0000] {processor.py:208} INFO - Processing /home/airflow/.local/lib/python3.12/site-packages/airflow/example_dags/example_complex.py took 0.043 seconds
[2025-09-29T14:45:39.611+0000] {processor.py:186} INFO - Started process (PID=1509) to work on /home/airflow/.local/lib/python3.12/site-packages/airflow/example_dags/example_complex.py
[2025-09-29T14:45:39.613+0000] {processor.py:914} INFO - Processing file /home/airflow/.local/lib/python3.12/site-packages/airflow/example_dags/example_complex.py for tasks to queue
[2025-09-29T14:45:39.615+0000] {logging_mixin.py:190} INFO - [2025-09-29T14:45:39.615+0000] {dagbag.py:588} INFO - Filling up the DagBag from /home/airflow/.local/lib/python3.12/site-packages/airflow/example_dags/example_complex.py
[2025-09-29T14:45:39.624+0000] {processor.py:925} INFO - DAG(s) 'example_complex' retrieved from /home/airflow/.local/lib/python3.12/site-packages/airflow/example_dags/example_complex.py
[2025-09-29T14:45:39.643+0000] {logging_mixin.py:190} INFO - [2025-09-29T14:45:39.643+0000] {dag.py:3239} INFO - Sync 1 DAGs
[2025-09-29T14:45:39.650+0000] {logging_mixin.py:190} INFO - [2025-09-29T14:45:39.650+0000] {dag.py:4180} INFO - Setting next_dagrun for example_complex to None, run_after=None
[2025-09-29T14:45:39.659+0000] {processor.py:208} INFO - Processing /home/airflow/.local/lib/python3.12/site-packages/airflow/example_dags/example_complex.py took 0.051 seconds
[2025-09-29T14:46:10.193+0000] {processor.py:186} INFO - Started process (PID=1573) to work on /home/airflow/.local/lib/python3.12/site-packages/airflow/example_dags/example_complex.py
[2025-09-29T14:46:10.197+0000] {processor.py:914} INFO - Processing file /home/airflow/.local/lib/python3.12/site-packages/airflow/example_dags/example_complex.py for tasks to queue
[2025-09-29T14:46:10.198+0000] {logging_mixin.py:190} INFO - [2025-09-29T14:46:10.198+0000] {dagbag.py:588} INFO - Filling up the DagBag from /home/airflow/.local/lib/python3.12/site-packages/airflow/example_dags/example_complex.py
[2025-09-29T14:46:10.206+0000] {processor.py:925} INFO - DAG(s) 'example_complex' retrieved from /home/airflow/.local/lib/python3.12/site-packages/airflow/example_dags/example_complex.py
[2025-09-29T14:46:10.224+0000] {logging_mixin.py:190} INFO - [2025-09-29T14:46:10.223+0000] {dag.py:3239} INFO - Sync 1 DAGs
[2025-09-29T14:46:10.232+0000] {logging_mixin.py:190} INFO - [2025-09-29T14:46:10.232+0000] {dag.py:4180} INFO - Setting next_dagrun for example_complex to None, run_after=None
[2025-09-29T14:46:10.246+0000] {processor.py:208} INFO - Processing /home/airflow/.local/lib/python3.12/site-packages/airflow/example_dags/example_complex.py took 0.056 seconds
[2025-09-29T14:46:40.719+0000] {processor.py:186} INFO - Started process (PID=1637) to work on /home/airflow/.local/lib/python3.12/site-packages/airflow/example_dags/example_complex.py
[2025-09-29T14:46:40.720+0000] {processor.py:914} INFO - Processing file /home/airflow/.local/lib/python3.12/site-packages/airflow/example_dags/example_complex.py for tasks to queue
[2025-09-29T14:46:40.723+0000] {logging_mixin.py:190} INFO - [2025-09-29T14:46:40.723+0000] {dagbag.py:588} INFO - Filling up the DagBag from /home/airflow/.local/lib/python3.12/site-packages/airflow/example_dags/example_complex.py
[2025-09-29T14:46:40.731+0000] {processor.py:925} INFO - DAG(s) 'example_complex' retrieved from /home/airflow/.local/lib/python3.12/site-packages/airflow/example_dags/example_complex.py
[2025-09-29T14:46:40.752+0000] {logging_mixin.py:190} INFO - [2025-09-29T14:46:40.752+0000] {dag.py:3239} INFO - Sync 1 DAGs
[2025-09-29T14:46:40.759+0000] {logging_mixin.py:190} INFO - [2025-09-29T14:46:40.759+0000] {dag.py:4180} INFO - Setting next_dagrun for example_complex to None, run_after=None
[2025-09-29T14:46:40.772+0000] {processor.py:208} INFO - Processing /home/airflow/.local/lib/python3.12/site-packages/airflow/example_dags/example_complex.py took 0.056 seconds
[2025-09-29T14:47:11.090+0000] {processor.py:186} INFO - Started process (PID=1701) to work on /home/airflow/.local/lib/python3.12/site-packages/airflow/example_dags/example_complex.py
[2025-09-29T14:47:11.091+0000] {processor.py:914} INFO - Processing file /home/airflow/.local/lib/python3.12/site-packages/airflow/example_dags/example_complex.py for tasks to queue
[2025-09-29T14:47:11.093+0000] {logging_mixin.py:190} INFO - [2025-09-29T14:47:11.092+0000] {dagbag.py:588} INFO - Filling up the DagBag from /home/airflow/.local/lib/python3.12/site-packages/airflow/example_dags/example_complex.py
[2025-09-29T14:47:11.099+0000] {processor.py:925} INFO - DAG(s) 'example_complex' retrieved from /home/airflow/.local/lib/python3.12/site-packages/airflow/example_dags/example_complex.py
[2025-09-29T14:47:11.118+0000] {logging_mixin.py:190} INFO - [2025-09-29T14:47:11.117+0000] {dag.py:3239} INFO - Sync 1 DAGs
[2025-09-29T14:47:11.125+0000] {logging_mixin.py:190} INFO - [2025-09-29T14:47:11.125+0000] {dag.py:4180} INFO - Setting next_dagrun for example_complex to None, run_after=None
[2025-09-29T14:47:11.136+0000] {processor.py:208} INFO - Processing /home/airflow/.local/lib/python3.12/site-packages/airflow/example_dags/example_complex.py took 0.050 seconds
[2025-09-29T14:47:41.458+0000] {processor.py:186} INFO - Started process (PID=1765) to work on /home/airflow/.local/lib/python3.12/site-packages/airflow/example_dags/example_complex.py
[2025-09-29T14:47:41.459+0000] {processor.py:914} INFO - Processing file /home/airflow/.local/lib/python3.12/site-packages/airflow/example_dags/example_complex.py for tasks to queue
[2025-09-29T14:47:41.461+0000] {logging_mixin.py:190} INFO - [2025-09-29T14:47:41.461+0000] {dagbag.py:588} INFO - Filling up the DagBag from /home/airflow/.local/lib/python3.12/site-packages/airflow/example_dags/example_complex.py
[2025-09-29T14:47:41.467+0000] {processor.py:925} INFO - DAG(s) 'example_complex' retrieved from /home/airflow/.local/lib/python3.12/site-packages/airflow/example_dags/example_complex.py
[2025-09-29T14:47:41.486+0000] {logging_mixin.py:190} INFO - [2025-09-29T14:47:41.486+0000] {dag.py:3239} INFO - Sync 1 DAGs
[2025-09-29T14:47:41.495+0000] {logging_mixin.py:190} INFO - [2025-09-29T14:47:41.495+0000] {dag.py:4180} INFO - Setting next_dagrun for example_complex to None, run_after=None
[2025-09-29T14:47:41.507+0000] {processor.py:208} INFO - Processing /home/airflow/.local/lib/python3.12/site-packages/airflow/example_dags/example_complex.py took 0.052 seconds
[2025-09-29T14:48:11.986+0000] {processor.py:186} INFO - Started process (PID=1829) to work on /home/airflow/.local/lib/python3.12/site-packages/airflow/example_dags/example_complex.py
[2025-09-29T14:48:11.987+0000] {processor.py:914} INFO - Processing file /home/airflow/.local/lib/python3.12/site-packages/airflow/example_dags/example_complex.py for tasks to queue
[2025-09-29T14:48:11.988+0000] {logging_mixin.py:190} INFO - [2025-09-29T14:48:11.988+0000] {dagbag.py:588} INFO - Filling up the DagBag from /home/airflow/.local/lib/python3.12/site-packages/airflow/example_dags/example_complex.py
[2025-09-29T14:48:11.995+0000] {processor.py:925} INFO - DAG(s) 'example_complex' retrieved from /home/airflow/.local/lib/python3.12/site-packages/airflow/example_dags/example_complex.py
[2025-09-29T14:48:12.017+0000] {logging_mixin.py:190} INFO - [2025-09-29T14:48:12.016+0000] {dag.py:3239} INFO - Sync 1 DAGs
[2025-09-29T14:48:12.025+0000] {logging_mixin.py:190} INFO - [2025-09-29T14:48:12.025+0000] {dag.py:4180} INFO - Setting next_dagrun for example_complex to None, run_after=None
[2025-09-29T14:48:12.036+0000] {processor.py:208} INFO - Processing /home/airflow/.local/lib/python3.12/site-packages/airflow/example_dags/example_complex.py took 0.054 seconds
[2025-09-29T14:48:42.132+0000] {processor.py:186} INFO - Started process (PID=1893) to work on /home/airflow/.local/lib/python3.12/site-packages/airflow/example_dags/example_complex.py
[2025-09-29T14:48:42.135+0000] {processor.py:914} INFO - Processing file /home/airflow/.local/lib/python3.12/site-packages/airflow/example_dags/example_complex.py for tasks to queue
[2025-09-29T14:48:42.136+0000] {logging_mixin.py:190} INFO - [2025-09-29T14:48:42.136+0000] {dagbag.py:588} INFO - Filling up the DagBag from /home/airflow/.local/lib/python3.12/site-packages/airflow/example_dags/example_complex.py
[2025-09-29T14:48:42.142+0000] {processor.py:925} INFO - DAG(s) 'example_complex' retrieved from /home/airflow/.local/lib/python3.12/site-packages/airflow/example_dags/example_complex.py
[2025-09-29T14:48:42.158+0000] {logging_mixin.py:190} INFO - [2025-09-29T14:48:42.157+0000] {dag.py:3239} INFO - Sync 1 DAGs
[2025-09-29T14:48:42.164+0000] {logging_mixin.py:190} INFO - [2025-09-29T14:48:42.164+0000] {dag.py:4180} INFO - Setting next_dagrun for example_complex to None, run_after=None
[2025-09-29T14:48:42.173+0000] {processor.py:208} INFO - Processing /home/airflow/.local/lib/python3.12/site-packages/airflow/example_dags/example_complex.py took 0.044 seconds
[2025-09-29T14:49:12.284+0000] {processor.py:186} INFO - Started process (PID=1956) to work on /home/airflow/.local/lib/python3.12/site-packages/airflow/example_dags/example_complex.py
[2025-09-29T14:49:12.284+0000] {processor.py:914} INFO - Processing file /home/airflow/.local/lib/python3.12/site-packages/airflow/example_dags/example_complex.py for tasks to queue
[2025-09-29T14:49:12.286+0000] {logging_mixin.py:190} INFO - [2025-09-29T14:49:12.286+0000] {dagbag.py:588} INFO - Filling up the DagBag from /home/airflow/.local/lib/python3.12/site-packages/airflow/example_dags/example_complex.py
[2025-09-29T14:49:12.291+0000] {processor.py:925} INFO - DAG(s) 'example_complex' retrieved from /home/airflow/.local/lib/python3.12/site-packages/airflow/example_dags/example_complex.py
[2025-09-29T14:49:12.305+0000] {logging_mixin.py:190} INFO - [2025-09-29T14:49:12.305+0000] {dag.py:3239} INFO - Sync 1 DAGs
[2025-09-29T14:49:12.311+0000] {logging_mixin.py:190} INFO - [2025-09-29T14:49:12.311+0000] {dag.py:4180} INFO - Setting next_dagrun for example_complex to None, run_after=None
[2025-09-29T14:49:12.320+0000] {processor.py:208} INFO - Processing /home/airflow/.local/lib/python3.12/site-packages/airflow/example_dags/example_complex.py took 0.039 seconds
[2025-09-29T14:49:42.948+0000] {processor.py:186} INFO - Started process (PID=2021) to work on /home/airflow/.local/lib/python3.12/site-packages/airflow/example_dags/example_complex.py
[2025-09-29T14:49:42.950+0000] {processor.py:914} INFO - Processing file /home/airflow/.local/lib/python3.12/site-packages/airflow/example_dags/example_complex.py for tasks to queue
[2025-09-29T14:49:42.952+0000] {logging_mixin.py:190} INFO - [2025-09-29T14:49:42.952+0000] {dagbag.py:588} INFO - Filling up the DagBag from /home/airflow/.local/lib/python3.12/site-packages/airflow/example_dags/example_complex.py
[2025-09-29T14:49:42.960+0000] {processor.py:925} INFO - DAG(s) 'example_complex' retrieved from /home/airflow/.local/lib/python3.12/site-packages/airflow/example_dags/example_complex.py
[2025-09-29T14:49:42.980+0000] {logging_mixin.py:190} INFO - [2025-09-29T14:49:42.979+0000] {dag.py:3239} INFO - Sync 1 DAGs
[2025-09-29T14:49:42.990+0000] {logging_mixin.py:190} INFO - [2025-09-29T14:49:42.990+0000] {dag.py:4180} INFO - Setting next_dagrun for example_complex to None, run_after=None
[2025-09-29T14:49:43.004+0000] {processor.py:208} INFO - Processing /home/airflow/.local/lib/python3.12/site-packages/airflow/example_dags/example_complex.py took 0.059 seconds
[2025-09-29T14:50:13.194+0000] {processor.py:186} INFO - Started process (PID=2085) to work on /home/airflow/.local/lib/python3.12/site-packages/airflow/example_dags/example_complex.py
[2025-09-29T14:50:13.194+0000] {processor.py:914} INFO - Processing file /home/airflow/.local/lib/python3.12/site-packages/airflow/example_dags/example_complex.py for tasks to queue
[2025-09-29T14:50:13.196+0000] {logging_mixin.py:190} INFO - [2025-09-29T14:50:13.196+0000] {dagbag.py:588} INFO - Filling up the DagBag from /home/airflow/.local/lib/python3.12/site-packages/airflow/example_dags/example_complex.py
[2025-09-29T14:50:13.203+0000] {processor.py:925} INFO - DAG(s) 'example_complex' retrieved from /home/airflow/.local/lib/python3.12/site-packages/airflow/example_dags/example_complex.py
[2025-09-29T14:50:13.225+0000] {logging_mixin.py:190} INFO - [2025-09-29T14:50:13.225+0000] {dag.py:3239} INFO - Sync 1 DAGs
[2025-09-29T14:50:13.236+0000] {logging_mixin.py:190} INFO - [2025-09-29T14:50:13.236+0000] {dag.py:4180} INFO - Setting next_dagrun for example_complex to None, run_after=None
[2025-09-29T14:50:13.250+0000] {processor.py:208} INFO - Processing /home/airflow/.local/lib/python3.12/site-packages/airflow/example_dags/example_complex.py took 0.059 seconds
[2025-09-29T14:50:43.551+0000] {processor.py:186} INFO - Started process (PID=2149) to work on /home/airflow/.local/lib/python3.12/site-packages/airflow/example_dags/example_complex.py
[2025-09-29T14:50:43.551+0000] {processor.py:914} INFO - Processing file /home/airflow/.local/lib/python3.12/site-packages/airflow/example_dags/example_complex.py for tasks to queue
[2025-09-29T14:50:43.553+0000] {logging_mixin.py:190} INFO - [2025-09-29T14:50:43.552+0000] {dagbag.py:588} INFO - Filling up the DagBag from /home/airflow/.local/lib/python3.12/site-packages/airflow/example_dags/example_complex.py
[2025-09-29T14:50:43.559+0000] {processor.py:925} INFO - DAG(s) 'example_complex' retrieved from /home/airflow/.local/lib/python3.12/site-packages/airflow/example_dags/example_complex.py
[2025-09-29T14:50:43.574+0000] {logging_mixin.py:190} INFO - [2025-09-29T14:50:43.573+0000] {dag.py:3239} INFO - Sync 1 DAGs
[2025-09-29T14:50:43.584+0000] {logging_mixin.py:190} INFO - [2025-09-29T14:50:43.584+0000] {dag.py:4180} INFO - Setting next_dagrun for example_complex to None, run_after=None
[2025-09-29T14:50:43.598+0000] {processor.py:208} INFO - Processing /home/airflow/.local/lib/python3.12/site-packages/airflow/example_dags/example_complex.py took 0.050 seconds
[2025-09-29T14:51:13.771+0000] {processor.py:186} INFO - Started process (PID=2213) to work on /home/airflow/.local/lib/python3.12/site-packages/airflow/example_dags/example_complex.py
[2025-09-29T14:51:13.771+0000] {processor.py:914} INFO - Processing file /home/airflow/.local/lib/python3.12/site-packages/airflow/example_dags/example_complex.py for tasks to queue
[2025-09-29T14:51:13.774+0000] {logging_mixin.py:190} INFO - [2025-09-29T14:51:13.774+0000] {dagbag.py:588} INFO - Filling up the DagBag from /home/airflow/.local/lib/python3.12/site-packages/airflow/example_dags/example_complex.py
[2025-09-29T14:51:13.780+0000] {processor.py:925} INFO - DAG(s) 'example_complex' retrieved from /home/airflow/.local/lib/python3.12/site-packages/airflow/example_dags/example_complex.py
[2025-09-29T14:51:13.799+0000] {logging_mixin.py:190} INFO - [2025-09-29T14:51:13.799+0000] {dag.py:3239} INFO - Sync 1 DAGs
[2025-09-29T14:51:13.806+0000] {logging_mixin.py:190} INFO - [2025-09-29T14:51:13.806+0000] {dag.py:4180} INFO - Setting next_dagrun for example_complex to None, run_after=None
[2025-09-29T14:51:13.816+0000] {processor.py:208} INFO - Processing /home/airflow/.local/lib/python3.12/site-packages/airflow/example_dags/example_complex.py took 0.048 seconds
[2025-09-29T14:51:44.238+0000] {processor.py:186} INFO - Started process (PID=2277) to work on /home/airflow/.local/lib/python3.12/site-packages/airflow/example_dags/example_complex.py
[2025-09-29T14:51:44.239+0000] {processor.py:914} INFO - Processing file /home/airflow/.local/lib/python3.12/site-packages/airflow/example_dags/example_complex.py for tasks to queue
[2025-09-29T14:51:44.241+0000] {logging_mixin.py:190} INFO - [2025-09-29T14:51:44.240+0000] {dagbag.py:588} INFO - Filling up the DagBag from /home/airflow/.local/lib/python3.12/site-packages/airflow/example_dags/example_complex.py
[2025-09-29T14:51:44.247+0000] {processor.py:925} INFO - DAG(s) 'example_complex' retrieved from /home/airflow/.local/lib/python3.12/site-packages/airflow/example_dags/example_complex.py
[2025-09-29T14:51:44.264+0000] {logging_mixin.py:190} INFO - [2025-09-29T14:51:44.264+0000] {dag.py:3239} INFO - Sync 1 DAGs
[2025-09-29T14:51:44.272+0000] {logging_mixin.py:190} INFO - [2025-09-29T14:51:44.272+0000] {dag.py:4180} INFO - Setting next_dagrun for example_complex to None, run_after=None
[2025-09-29T14:51:44.286+0000] {processor.py:208} INFO - Processing /home/airflow/.local/lib/python3.12/site-packages/airflow/example_dags/example_complex.py took 0.052 seconds
[2025-09-29T14:52:14.407+0000] {processor.py:186} INFO - Started process (PID=2340) to work on /home/airflow/.local/lib/python3.12/site-packages/airflow/example_dags/example_complex.py
[2025-09-29T14:52:14.408+0000] {processor.py:914} INFO - Processing file /home/airflow/.local/lib/python3.12/site-packages/airflow/example_dags/example_complex.py for tasks to queue
[2025-09-29T14:52:14.409+0000] {logging_mixin.py:190} INFO - [2025-09-29T14:52:14.409+0000] {dagbag.py:588} INFO - Filling up the DagBag from /home/airflow/.local/lib/python3.12/site-packages/airflow/example_dags/example_complex.py
[2025-09-29T14:52:14.415+0000] {processor.py:925} INFO - DAG(s) 'example_complex' retrieved from /home/airflow/.local/lib/python3.12/site-packages/airflow/example_dags/example_complex.py
[2025-09-29T14:52:14.432+0000] {logging_mixin.py:190} INFO - [2025-09-29T14:52:14.431+0000] {dag.py:3239} INFO - Sync 1 DAGs
[2025-09-29T14:52:14.439+0000] {logging_mixin.py:190} INFO - [2025-09-29T14:52:14.439+0000] {dag.py:4180} INFO - Setting next_dagrun for example_complex to None, run_after=None
[2025-09-29T14:52:14.453+0000] {processor.py:208} INFO - Processing /home/airflow/.local/lib/python3.12/site-packages/airflow/example_dags/example_complex.py took 0.049 seconds
[2025-09-29T14:52:44.600+0000] {processor.py:186} INFO - Started process (PID=2403) to work on /home/airflow/.local/lib/python3.12/site-packages/airflow/example_dags/example_complex.py
[2025-09-29T14:52:44.601+0000] {processor.py:914} INFO - Processing file /home/airflow/.local/lib/python3.12/site-packages/airflow/example_dags/example_complex.py for tasks to queue
[2025-09-29T14:52:44.601+0000] {logging_mixin.py:190} INFO - [2025-09-29T14:52:44.601+0000] {dagbag.py:588} INFO - Filling up the DagBag from /home/airflow/.local/lib/python3.12/site-packages/airflow/example_dags/example_complex.py
[2025-09-29T14:52:44.607+0000] {processor.py:925} INFO - DAG(s) 'example_complex' retrieved from /home/airflow/.local/lib/python3.12/site-packages/airflow/example_dags/example_complex.py
[2025-09-29T14:52:44.623+0000] {logging_mixin.py:190} INFO - [2025-09-29T14:52:44.622+0000] {dag.py:3239} INFO - Sync 1 DAGs
[2025-09-29T14:52:44.629+0000] {logging_mixin.py:190} INFO - [2025-09-29T14:52:44.629+0000] {dag.py:4180} INFO - Setting next_dagrun for example_complex to None, run_after=None
[2025-09-29T14:52:44.638+0000] {processor.py:208} INFO - Processing /home/airflow/.local/lib/python3.12/site-packages/airflow/example_dags/example_complex.py took 0.041 seconds
[2025-09-29T14:53:14.798+0000] {processor.py:186} INFO - Started process (PID=2466) to work on /home/airflow/.local/lib/python3.12/site-packages/airflow/example_dags/example_complex.py
[2025-09-29T14:53:14.799+0000] {processor.py:914} INFO - Processing file /home/airflow/.local/lib/python3.12/site-packages/airflow/example_dags/example_complex.py for tasks to queue
[2025-09-29T14:53:14.800+0000] {logging_mixin.py:190} INFO - [2025-09-29T14:53:14.800+0000] {dagbag.py:588} INFO - Filling up the DagBag from /home/airflow/.local/lib/python3.12/site-packages/airflow/example_dags/example_complex.py
[2025-09-29T14:53:14.806+0000] {processor.py:925} INFO - DAG(s) 'example_complex' retrieved from /home/airflow/.local/lib/python3.12/site-packages/airflow/example_dags/example_complex.py
[2025-09-29T14:53:14.820+0000] {logging_mixin.py:190} INFO - [2025-09-29T14:53:14.820+0000] {dag.py:3239} INFO - Sync 1 DAGs
[2025-09-29T14:53:14.828+0000] {logging_mixin.py:190} INFO - [2025-09-29T14:53:14.828+0000] {dag.py:4180} INFO - Setting next_dagrun for example_complex to None, run_after=None
[2025-09-29T14:53:14.839+0000] {processor.py:208} INFO - Processing /home/airflow/.local/lib/python3.12/site-packages/airflow/example_dags/example_complex.py took 0.043 seconds
[2025-09-29T14:53:45.068+0000] {processor.py:186} INFO - Started process (PID=2529) to work on /home/airflow/.local/lib/python3.12/site-packages/airflow/example_dags/example_complex.py
[2025-09-29T14:53:45.068+0000] {processor.py:914} INFO - Processing file /home/airflow/.local/lib/python3.12/site-packages/airflow/example_dags/example_complex.py for tasks to queue
[2025-09-29T14:53:45.069+0000] {logging_mixin.py:190} INFO - [2025-09-29T14:53:45.069+0000] {dagbag.py:588} INFO - Filling up the DagBag from /home/airflow/.local/lib/python3.12/site-packages/airflow/example_dags/example_complex.py
[2025-09-29T14:53:45.076+0000] {processor.py:925} INFO - DAG(s) 'example_complex' retrieved from /home/airflow/.local/lib/python3.12/site-packages/airflow/example_dags/example_complex.py
[2025-09-29T14:53:45.090+0000] {logging_mixin.py:190} INFO - [2025-09-29T14:53:45.090+0000] {dag.py:3239} INFO - Sync 1 DAGs
[2025-09-29T14:53:45.098+0000] {logging_mixin.py:190} INFO - [2025-09-29T14:53:45.098+0000] {dag.py:4180} INFO - Setting next_dagrun for example_complex to None, run_after=None
[2025-09-29T14:53:45.110+0000] {processor.py:208} INFO - Processing /home/airflow/.local/lib/python3.12/site-packages/airflow/example_dags/example_complex.py took 0.045 seconds
[2025-09-29T14:54:15.318+0000] {processor.py:186} INFO - Started process (PID=2592) to work on /home/airflow/.local/lib/python3.12/site-packages/airflow/example_dags/example_complex.py
[2025-09-29T14:54:15.319+0000] {processor.py:914} INFO - Processing file /home/airflow/.local/lib/python3.12/site-packages/airflow/example_dags/example_complex.py for tasks to queue
[2025-09-29T14:54:15.321+0000] {logging_mixin.py:190} INFO - [2025-09-29T14:54:15.321+0000] {dagbag.py:588} INFO - Filling up the DagBag from /home/airflow/.local/lib/python3.12/site-packages/airflow/example_dags/example_complex.py
[2025-09-29T14:54:15.327+0000] {processor.py:925} INFO - DAG(s) 'example_complex' retrieved from /home/airflow/.local/lib/python3.12/site-packages/airflow/example_dags/example_complex.py
[2025-09-29T14:54:15.343+0000] {logging_mixin.py:190} INFO - [2025-09-29T14:54:15.343+0000] {dag.py:3239} INFO - Sync 1 DAGs
[2025-09-29T14:54:15.350+0000] {logging_mixin.py:190} INFO - [2025-09-29T14:54:15.350+0000] {dag.py:4180} INFO - Setting next_dagrun for example_complex to None, run_after=None
[2025-09-29T14:54:15.360+0000] {processor.py:208} INFO - Processing /home/airflow/.local/lib/python3.12/site-packages/airflow/example_dags/example_complex.py took 0.045 seconds
[2025-09-29T14:54:45.750+0000] {processor.py:186} INFO - Started process (PID=2655) to work on /home/airflow/.local/lib/python3.12/site-packages/airflow/example_dags/example_complex.py
[2025-09-29T14:54:45.750+0000] {processor.py:914} INFO - Processing file /home/airflow/.local/lib/python3.12/site-packages/airflow/example_dags/example_complex.py for tasks to queue
[2025-09-29T14:54:45.751+0000] {logging_mixin.py:190} INFO - [2025-09-29T14:54:45.751+0000] {dagbag.py:588} INFO - Filling up the DagBag from /home/airflow/.local/lib/python3.12/site-packages/airflow/example_dags/example_complex.py
[2025-09-29T14:54:45.757+0000] {processor.py:925} INFO - DAG(s) 'example_complex' retrieved from /home/airflow/.local/lib/python3.12/site-packages/airflow/example_dags/example_complex.py
[2025-09-29T14:54:45.773+0000] {logging_mixin.py:190} INFO - [2025-09-29T14:54:45.773+0000] {dag.py:3239} INFO - Sync 1 DAGs
[2025-09-29T14:54:45.780+0000] {logging_mixin.py:190} INFO - [2025-09-29T14:54:45.780+0000] {dag.py:4180} INFO - Setting next_dagrun for example_complex to None, run_after=None
[2025-09-29T14:54:45.789+0000] {processor.py:208} INFO - Processing /home/airflow/.local/lib/python3.12/site-packages/airflow/example_dags/example_complex.py took 0.043 seconds
[2025-09-29T14:55:16.303+0000] {processor.py:186} INFO - Started process (PID=2718) to work on /home/airflow/.local/lib/python3.12/site-packages/airflow/example_dags/example_complex.py
[2025-09-29T14:55:16.303+0000] {processor.py:914} INFO - Processing file /home/airflow/.local/lib/python3.12/site-packages/airflow/example_dags/example_complex.py for tasks to queue
[2025-09-29T14:55:16.304+0000] {logging_mixin.py:190} INFO - [2025-09-29T14:55:16.304+0000] {dagbag.py:588} INFO - Filling up the DagBag from /home/airflow/.local/lib/python3.12/site-packages/airflow/example_dags/example_complex.py
[2025-09-29T14:55:16.310+0000] {processor.py:925} INFO - DAG(s) 'example_complex' retrieved from /home/airflow/.local/lib/python3.12/site-packages/airflow/example_dags/example_complex.py
[2025-09-29T14:55:16.325+0000] {logging_mixin.py:190} INFO - [2025-09-29T14:55:16.325+0000] {dag.py:3239} INFO - Sync 1 DAGs
[2025-09-29T14:55:16.334+0000] {logging_mixin.py:190} INFO - [2025-09-29T14:55:16.334+0000] {dag.py:4180} INFO - Setting next_dagrun for example_complex to None, run_after=None
[2025-09-29T14:55:16.350+0000] {processor.py:208} INFO - Processing /home/airflow/.local/lib/python3.12/site-packages/airflow/example_dags/example_complex.py took 0.050 seconds
[2025-09-29T14:55:46.692+0000] {processor.py:186} INFO - Started process (PID=2780) to work on /home/airflow/.local/lib/python3.12/site-packages/airflow/example_dags/example_complex.py
[2025-09-29T14:55:46.694+0000] {processor.py:914} INFO - Processing file /home/airflow/.local/lib/python3.12/site-packages/airflow/example_dags/example_complex.py for tasks to queue
[2025-09-29T14:55:46.695+0000] {logging_mixin.py:190} INFO - [2025-09-29T14:55:46.695+0000] {dagbag.py:588} INFO - Filling up the DagBag from /home/airflow/.local/lib/python3.12/site-packages/airflow/example_dags/example_complex.py
[2025-09-29T14:55:46.701+0000] {processor.py:925} INFO - DAG(s) 'example_complex' retrieved from /home/airflow/.local/lib/python3.12/site-packages/airflow/example_dags/example_complex.py
[2025-09-29T14:55:46.722+0000] {logging_mixin.py:190} INFO - [2025-09-29T14:55:46.722+0000] {dag.py:3239} INFO - Sync 1 DAGs
[2025-09-29T14:55:46.729+0000] {logging_mixin.py:190} INFO - [2025-09-29T14:55:46.729+0000] {dag.py:4180} INFO - Setting next_dagrun for example_complex to None, run_after=None
[2025-09-29T14:55:46.738+0000] {processor.py:208} INFO - Processing /home/airflow/.local/lib/python3.12/site-packages/airflow/example_dags/example_complex.py took 0.049 seconds
[2025-09-29T14:56:17.029+0000] {processor.py:186} INFO - Started process (PID=2842) to work on /home/airflow/.local/lib/python3.12/site-packages/airflow/example_dags/example_complex.py
[2025-09-29T14:56:17.030+0000] {processor.py:914} INFO - Processing file /home/airflow/.local/lib/python3.12/site-packages/airflow/example_dags/example_complex.py for tasks to queue
[2025-09-29T14:56:17.031+0000] {logging_mixin.py:190} INFO - [2025-09-29T14:56:17.030+0000] {dagbag.py:588} INFO - Filling up the DagBag from /home/airflow/.local/lib/python3.12/site-packages/airflow/example_dags/example_complex.py
[2025-09-29T14:56:17.037+0000] {processor.py:925} INFO - DAG(s) 'example_complex' retrieved from /home/airflow/.local/lib/python3.12/site-packages/airflow/example_dags/example_complex.py
[2025-09-29T14:56:17.052+0000] {logging_mixin.py:190} INFO - [2025-09-29T14:56:17.052+0000] {dag.py:3239} INFO - Sync 1 DAGs
[2025-09-29T14:56:17.059+0000] {logging_mixin.py:190} INFO - [2025-09-29T14:56:17.059+0000] {dag.py:4180} INFO - Setting next_dagrun for example_complex to None, run_after=None
[2025-09-29T14:56:17.072+0000] {processor.py:208} INFO - Processing /home/airflow/.local/lib/python3.12/site-packages/airflow/example_dags/example_complex.py took 0.046 seconds
[2025-09-29T14:56:47.375+0000] {processor.py:186} INFO - Started process (PID=2904) to work on /home/airflow/.local/lib/python3.12/site-packages/airflow/example_dags/example_complex.py
[2025-09-29T14:56:47.376+0000] {processor.py:914} INFO - Processing file /home/airflow/.local/lib/python3.12/site-packages/airflow/example_dags/example_complex.py for tasks to queue
[2025-09-29T14:56:47.376+0000] {logging_mixin.py:190} INFO - [2025-09-29T14:56:47.376+0000] {dagbag.py:588} INFO - Filling up the DagBag from /home/airflow/.local/lib/python3.12/site-packages/airflow/example_dags/example_complex.py
[2025-09-29T14:56:47.382+0000] {processor.py:925} INFO - DAG(s) 'example_complex' retrieved from /home/airflow/.local/lib/python3.12/site-packages/airflow/example_dags/example_complex.py
[2025-09-29T14:56:47.400+0000] {logging_mixin.py:190} INFO - [2025-09-29T14:56:47.400+0000] {dag.py:3239} INFO - Sync 1 DAGs
[2025-09-29T14:56:47.407+0000] {logging_mixin.py:190} INFO - [2025-09-29T14:56:47.407+0000] {dag.py:4180} INFO - Setting next_dagrun for example_complex to None, run_after=None
[2025-09-29T14:56:47.416+0000] {processor.py:208} INFO - Processing /home/airflow/.local/lib/python3.12/site-packages/airflow/example_dags/example_complex.py took 0.043 seconds
[2025-09-29T14:57:18.176+0000] {processor.py:186} INFO - Started process (PID=2969) to work on /home/airflow/.local/lib/python3.12/site-packages/airflow/example_dags/example_complex.py
[2025-09-29T14:57:18.177+0000] {processor.py:914} INFO - Processing file /home/airflow/.local/lib/python3.12/site-packages/airflow/example_dags/example_complex.py for tasks to queue
[2025-09-29T14:57:18.178+0000] {logging_mixin.py:190} INFO - [2025-09-29T14:57:18.177+0000] {dagbag.py:588} INFO - Filling up the DagBag from /home/airflow/.local/lib/python3.12/site-packages/airflow/example_dags/example_complex.py
[2025-09-29T14:57:18.186+0000] {processor.py:925} INFO - DAG(s) 'example_complex' retrieved from /home/airflow/.local/lib/python3.12/site-packages/airflow/example_dags/example_complex.py
[2025-09-29T14:57:18.204+0000] {logging_mixin.py:190} INFO - [2025-09-29T14:57:18.204+0000] {dag.py:3239} INFO - Sync 1 DAGs
[2025-09-29T14:57:18.212+0000] {logging_mixin.py:190} INFO - [2025-09-29T14:57:18.212+0000] {dag.py:4180} INFO - Setting next_dagrun for example_complex to None, run_after=None
[2025-09-29T14:57:18.223+0000] {processor.py:208} INFO - Processing /home/airflow/.local/lib/python3.12/site-packages/airflow/example_dags/example_complex.py took 0.051 seconds
[2025-09-29T14:57:48.852+0000] {processor.py:186} INFO - Started process (PID=3032) to work on /home/airflow/.local/lib/python3.12/site-packages/airflow/example_dags/example_complex.py
[2025-09-29T14:57:48.853+0000] {processor.py:914} INFO - Processing file /home/airflow/.local/lib/python3.12/site-packages/airflow/example_dags/example_complex.py for tasks to queue
[2025-09-29T14:57:48.853+0000] {logging_mixin.py:190} INFO - [2025-09-29T14:57:48.853+0000] {dagbag.py:588} INFO - Filling up the DagBag from /home/airflow/.local/lib/python3.12/site-packages/airflow/example_dags/example_complex.py
[2025-09-29T14:57:48.859+0000] {processor.py:925} INFO - DAG(s) 'example_complex' retrieved from /home/airflow/.local/lib/python3.12/site-packages/airflow/example_dags/example_complex.py
[2025-09-29T14:57:48.879+0000] {logging_mixin.py:190} INFO - [2025-09-29T14:57:48.879+0000] {dag.py:3239} INFO - Sync 1 DAGs
[2025-09-29T14:57:48.887+0000] {logging_mixin.py:190} INFO - [2025-09-29T14:57:48.887+0000] {dag.py:4180} INFO - Setting next_dagrun for example_complex to None, run_after=None
[2025-09-29T14:57:48.897+0000] {processor.py:208} INFO - Processing /home/airflow/.local/lib/python3.12/site-packages/airflow/example_dags/example_complex.py took 0.048 seconds
[2025-09-29T14:58:19.541+0000] {processor.py:186} INFO - Started process (PID=3094) to work on /home/airflow/.local/lib/python3.12/site-packages/airflow/example_dags/example_complex.py
[2025-09-29T14:58:19.541+0000] {processor.py:914} INFO - Processing file /home/airflow/.local/lib/python3.12/site-packages/airflow/example_dags/example_complex.py for tasks to queue
[2025-09-29T14:58:19.543+0000] {logging_mixin.py:190} INFO - [2025-09-29T14:58:19.542+0000] {dagbag.py:588} INFO - Filling up the DagBag from /home/airflow/.local/lib/python3.12/site-packages/airflow/example_dags/example_complex.py
[2025-09-29T14:58:19.549+0000] {processor.py:925} INFO - DAG(s) 'example_complex' retrieved from /home/airflow/.local/lib/python3.12/site-packages/airflow/example_dags/example_complex.py
[2025-09-29T14:58:19.568+0000] {logging_mixin.py:190} INFO - [2025-09-29T14:58:19.567+0000] {dag.py:3239} INFO - Sync 1 DAGs
[2025-09-29T14:58:19.575+0000] {logging_mixin.py:190} INFO - [2025-09-29T14:58:19.575+0000] {dag.py:4180} INFO - Setting next_dagrun for example_complex to None, run_after=None
[2025-09-29T14:58:19.586+0000] {processor.py:208} INFO - Processing /home/airflow/.local/lib/python3.12/site-packages/airflow/example_dags/example_complex.py took 0.048 seconds
[2025-09-29T14:58:50.206+0000] {processor.py:186} INFO - Started process (PID=3157) to work on /home/airflow/.local/lib/python3.12/site-packages/airflow/example_dags/example_complex.py
[2025-09-29T14:58:50.208+0000] {processor.py:914} INFO - Processing file /home/airflow/.local/lib/python3.12/site-packages/airflow/example_dags/example_complex.py for tasks to queue
[2025-09-29T14:58:50.208+0000] {logging_mixin.py:190} INFO - [2025-09-29T14:58:50.208+0000] {dagbag.py:588} INFO - Filling up the DagBag from /home/airflow/.local/lib/python3.12/site-packages/airflow/example_dags/example_complex.py
[2025-09-29T14:58:50.214+0000] {processor.py:925} INFO - DAG(s) 'example_complex' retrieved from /home/airflow/.local/lib/python3.12/site-packages/airflow/example_dags/example_complex.py
[2025-09-29T14:58:50.235+0000] {logging_mixin.py:190} INFO - [2025-09-29T14:58:50.234+0000] {dag.py:3239} INFO - Sync 1 DAGs
[2025-09-29T14:58:50.242+0000] {logging_mixin.py:190} INFO - [2025-09-29T14:58:50.242+0000] {dag.py:4180} INFO - Setting next_dagrun for example_complex to None, run_after=None
[2025-09-29T14:58:50.250+0000] {processor.py:208} INFO - Processing /home/airflow/.local/lib/python3.12/site-packages/airflow/example_dags/example_complex.py took 0.046 seconds
[2025-09-29T14:59:20.845+0000] {processor.py:186} INFO - Started process (PID=3220) to work on /home/airflow/.local/lib/python3.12/site-packages/airflow/example_dags/example_complex.py
[2025-09-29T14:59:20.846+0000] {processor.py:914} INFO - Processing file /home/airflow/.local/lib/python3.12/site-packages/airflow/example_dags/example_complex.py for tasks to queue
[2025-09-29T14:59:20.846+0000] {logging_mixin.py:190} INFO - [2025-09-29T14:59:20.846+0000] {dagbag.py:588} INFO - Filling up the DagBag from /home/airflow/.local/lib/python3.12/site-packages/airflow/example_dags/example_complex.py
[2025-09-29T14:59:20.852+0000] {processor.py:925} INFO - DAG(s) 'example_complex' retrieved from /home/airflow/.local/lib/python3.12/site-packages/airflow/example_dags/example_complex.py
[2025-09-29T14:59:20.867+0000] {logging_mixin.py:190} INFO - [2025-09-29T14:59:20.867+0000] {dag.py:3239} INFO - Sync 1 DAGs
[2025-09-29T14:59:20.875+0000] {logging_mixin.py:190} INFO - [2025-09-29T14:59:20.875+0000] {dag.py:4180} INFO - Setting next_dagrun for example_complex to None, run_after=None
[2025-09-29T14:59:20.888+0000] {processor.py:208} INFO - Processing /home/airflow/.local/lib/python3.12/site-packages/airflow/example_dags/example_complex.py took 0.046 seconds
[2025-09-29T14:59:51.338+0000] {processor.py:186} INFO - Started process (PID=3283) to work on /home/airflow/.local/lib/python3.12/site-packages/airflow/example_dags/example_complex.py
[2025-09-29T14:59:51.339+0000] {processor.py:914} INFO - Processing file /home/airflow/.local/lib/python3.12/site-packages/airflow/example_dags/example_complex.py for tasks to queue
[2025-09-29T14:59:51.339+0000] {logging_mixin.py:190} INFO - [2025-09-29T14:59:51.339+0000] {dagbag.py:588} INFO - Filling up the DagBag from /home/airflow/.local/lib/python3.12/site-packages/airflow/example_dags/example_complex.py
[2025-09-29T14:59:51.345+0000] {processor.py:925} INFO - DAG(s) 'example_complex' retrieved from /home/airflow/.local/lib/python3.12/site-packages/airflow/example_dags/example_complex.py
[2025-09-29T14:59:51.361+0000] {logging_mixin.py:190} INFO - [2025-09-29T14:59:51.361+0000] {dag.py:3239} INFO - Sync 1 DAGs
[2025-09-29T14:59:51.368+0000] {logging_mixin.py:190} INFO - [2025-09-29T14:59:51.368+0000] {dag.py:4180} INFO - Setting next_dagrun for example_complex to None, run_after=None
[2025-09-29T14:59:51.378+0000] {processor.py:208} INFO - Processing /home/airflow/.local/lib/python3.12/site-packages/airflow/example_dags/example_complex.py took 0.043 seconds
[2025-09-29T15:00:21.992+0000] {processor.py:186} INFO - Started process (PID=3346) to work on /home/airflow/.local/lib/python3.12/site-packages/airflow/example_dags/example_complex.py
[2025-09-29T15:00:21.993+0000] {processor.py:914} INFO - Processing file /home/airflow/.local/lib/python3.12/site-packages/airflow/example_dags/example_complex.py for tasks to queue
[2025-09-29T15:00:21.993+0000] {logging_mixin.py:190} INFO - [2025-09-29T15:00:21.993+0000] {dagbag.py:588} INFO - Filling up the DagBag from /home/airflow/.local/lib/python3.12/site-packages/airflow/example_dags/example_complex.py
[2025-09-29T15:00:22.000+0000] {processor.py:925} INFO - DAG(s) 'example_complex' retrieved from /home/airflow/.local/lib/python3.12/site-packages/airflow/example_dags/example_complex.py
[2025-09-29T15:00:22.015+0000] {logging_mixin.py:190} INFO - [2025-09-29T15:00:22.014+0000] {dag.py:3239} INFO - Sync 1 DAGs
[2025-09-29T15:00:22.022+0000] {logging_mixin.py:190} INFO - [2025-09-29T15:00:22.022+0000] {dag.py:4180} INFO - Setting next_dagrun for example_complex to None, run_after=None
[2025-09-29T15:00:22.036+0000] {processor.py:208} INFO - Processing /home/airflow/.local/lib/python3.12/site-packages/airflow/example_dags/example_complex.py took 0.047 seconds
[2025-09-29T15:00:52.569+0000] {processor.py:186} INFO - Started process (PID=3409) to work on /home/airflow/.local/lib/python3.12/site-packages/airflow/example_dags/example_complex.py
[2025-09-29T15:00:52.570+0000] {processor.py:914} INFO - Processing file /home/airflow/.local/lib/python3.12/site-packages/airflow/example_dags/example_complex.py for tasks to queue
[2025-09-29T15:00:52.571+0000] {logging_mixin.py:190} INFO - [2025-09-29T15:00:52.570+0000] {dagbag.py:588} INFO - Filling up the DagBag from /home/airflow/.local/lib/python3.12/site-packages/airflow/example_dags/example_complex.py
[2025-09-29T15:00:52.576+0000] {processor.py:925} INFO - DAG(s) 'example_complex' retrieved from /home/airflow/.local/lib/python3.12/site-packages/airflow/example_dags/example_complex.py
[2025-09-29T15:00:52.594+0000] {logging_mixin.py:190} INFO - [2025-09-29T15:00:52.593+0000] {dag.py:3239} INFO - Sync 1 DAGs
[2025-09-29T15:00:52.602+0000] {logging_mixin.py:190} INFO - [2025-09-29T15:00:52.602+0000] {dag.py:4180} INFO - Setting next_dagrun for example_complex to None, run_after=None
[2025-09-29T15:00:52.617+0000] {processor.py:208} INFO - Processing /home/airflow/.local/lib/python3.12/site-packages/airflow/example_dags/example_complex.py took 0.051 seconds
[2025-09-29T15:01:23.194+0000] {processor.py:186} INFO - Started process (PID=3472) to work on /home/airflow/.local/lib/python3.12/site-packages/airflow/example_dags/example_complex.py
[2025-09-29T15:01:23.194+0000] {processor.py:914} INFO - Processing file /home/airflow/.local/lib/python3.12/site-packages/airflow/example_dags/example_complex.py for tasks to queue
[2025-09-29T15:01:23.195+0000] {logging_mixin.py:190} INFO - [2025-09-29T15:01:23.195+0000] {dagbag.py:588} INFO - Filling up the DagBag from /home/airflow/.local/lib/python3.12/site-packages/airflow/example_dags/example_complex.py
[2025-09-29T15:01:23.202+0000] {processor.py:925} INFO - DAG(s) 'example_complex' retrieved from /home/airflow/.local/lib/python3.12/site-packages/airflow/example_dags/example_complex.py
[2025-09-29T15:01:23.220+0000] {logging_mixin.py:190} INFO - [2025-09-29T15:01:23.220+0000] {dag.py:3239} INFO - Sync 1 DAGs
[2025-09-29T15:01:23.228+0000] {logging_mixin.py:190} INFO - [2025-09-29T15:01:23.228+0000] {dag.py:4180} INFO - Setting next_dagrun for example_complex to None, run_after=None
[2025-09-29T15:01:23.240+0000] {processor.py:208} INFO - Processing /home/airflow/.local/lib/python3.12/site-packages/airflow/example_dags/example_complex.py took 0.050 seconds
[2025-09-29T15:01:53.678+0000] {processor.py:186} INFO - Started process (PID=3535) to work on /home/airflow/.local/lib/python3.12/site-packages/airflow/example_dags/example_complex.py
[2025-09-29T15:01:53.679+0000] {processor.py:914} INFO - Processing file /home/airflow/.local/lib/python3.12/site-packages/airflow/example_dags/example_complex.py for tasks to queue
[2025-09-29T15:01:53.680+0000] {logging_mixin.py:190} INFO - [2025-09-29T15:01:53.680+0000] {dagbag.py:588} INFO - Filling up the DagBag from /home/airflow/.local/lib/python3.12/site-packages/airflow/example_dags/example_complex.py
[2025-09-29T15:01:53.686+0000] {processor.py:925} INFO - DAG(s) 'example_complex' retrieved from /home/airflow/.local/lib/python3.12/site-packages/airflow/example_dags/example_complex.py
[2025-09-29T15:01:53.708+0000] {logging_mixin.py:190} INFO - [2025-09-29T15:01:53.708+0000] {dag.py:3239} INFO - Sync 1 DAGs
[2025-09-29T15:01:53.719+0000] {logging_mixin.py:190} INFO - [2025-09-29T15:01:53.719+0000] {dag.py:4180} INFO - Setting next_dagrun for example_complex to None, run_after=None
[2025-09-29T15:01:53.733+0000] {processor.py:208} INFO - Processing /home/airflow/.local/lib/python3.12/site-packages/airflow/example_dags/example_complex.py took 0.059 seconds
[2025-09-29T15:02:24.321+0000] {processor.py:186} INFO - Started process (PID=3598) to work on /home/airflow/.local/lib/python3.12/site-packages/airflow/example_dags/example_complex.py
[2025-09-29T15:02:24.322+0000] {processor.py:914} INFO - Processing file /home/airflow/.local/lib/python3.12/site-packages/airflow/example_dags/example_complex.py for tasks to queue
[2025-09-29T15:02:24.323+0000] {logging_mixin.py:190} INFO - [2025-09-29T15:02:24.322+0000] {dagbag.py:588} INFO - Filling up the DagBag from /home/airflow/.local/lib/python3.12/site-packages/airflow/example_dags/example_complex.py
[2025-09-29T15:02:24.329+0000] {processor.py:925} INFO - DAG(s) 'example_complex' retrieved from /home/airflow/.local/lib/python3.12/site-packages/airflow/example_dags/example_complex.py
[2025-09-29T15:02:24.347+0000] {logging_mixin.py:190} INFO - [2025-09-29T15:02:24.347+0000] {dag.py:3239} INFO - Sync 1 DAGs
[2025-09-29T15:02:24.355+0000] {logging_mixin.py:190} INFO - [2025-09-29T15:02:24.355+0000] {dag.py:4180} INFO - Setting next_dagrun for example_complex to None, run_after=None
[2025-09-29T15:02:24.366+0000] {processor.py:208} INFO - Processing /home/airflow/.local/lib/python3.12/site-packages/airflow/example_dags/example_complex.py took 0.049 seconds
