[2025-09-29T14:34:30.250+0000] {processor.py:186} INFO - Started process (PID=78) to work on /home/airflow/.local/lib/python3.12/site-packages/airflow/example_dags/example_bash_decorator.py
[2025-09-29T14:34:30.251+0000] {processor.py:914} INFO - Processing file /home/airflow/.local/lib/python3.12/site-packages/airflow/example_dags/example_bash_decorator.py for tasks to queue
[2025-09-29T14:34:30.253+0000] {logging_mixin.py:190} INFO - [2025-09-29T14:34:30.252+0000] {dagbag.py:588} INFO - Filling up the DagBag from /home/airflow/.local/lib/python3.12/site-packages/airflow/example_dags/example_bash_decorator.py
[2025-09-29T14:34:30.262+0000] {processor.py:925} INFO - DAG(s) 'example_bash_decorator' retrieved from /home/airflow/.local/lib/python3.12/site-packages/airflow/example_dags/example_bash_decorator.py
[2025-09-29T14:34:30.359+0000] {logging_mixin.py:190} INFO - [2025-09-29T14:34:30.359+0000] {dag.py:3239} INFO - Sync 1 DAGs
[2025-09-29T14:34:30.370+0000] {logging_mixin.py:190} INFO - [2025-09-29T14:34:30.369+0000] {dag.py:4180} INFO - Setting next_dagrun for example_bash_decorator to None, run_after=None
[2025-09-29T14:34:30.390+0000] {processor.py:208} INFO - Processing /home/airflow/.local/lib/python3.12/site-packages/airflow/example_dags/example_bash_decorator.py took 0.144 seconds
[2025-09-29T14:35:01.208+0000] {processor.py:186} INFO - Started process (PID=152) to work on /home/airflow/.local/lib/python3.12/site-packages/airflow/example_dags/example_bash_decorator.py
[2025-09-29T14:35:01.209+0000] {processor.py:914} INFO - Processing file /home/airflow/.local/lib/python3.12/site-packages/airflow/example_dags/example_bash_decorator.py for tasks to queue
[2025-09-29T14:35:01.210+0000] {logging_mixin.py:190} INFO - [2025-09-29T14:35:01.210+0000] {dagbag.py:588} INFO - Filling up the DagBag from /home/airflow/.local/lib/python3.12/site-packages/airflow/example_dags/example_bash_decorator.py
[2025-09-29T14:35:01.217+0000] {processor.py:925} INFO - DAG(s) 'example_bash_decorator' retrieved from /home/airflow/.local/lib/python3.12/site-packages/airflow/example_dags/example_bash_decorator.py
[2025-09-29T14:35:01.230+0000] {logging_mixin.py:190} INFO - [2025-09-29T14:35:01.230+0000] {dag.py:3239} INFO - Sync 1 DAGs
[2025-09-29T14:35:01.238+0000] {logging_mixin.py:190} INFO - [2025-09-29T14:35:01.238+0000] {dag.py:4180} INFO - Setting next_dagrun for example_bash_decorator to None, run_after=None
[2025-09-29T14:35:01.256+0000] {processor.py:208} INFO - Processing /home/airflow/.local/lib/python3.12/site-packages/airflow/example_dags/example_bash_decorator.py took 0.052 seconds
[2025-09-29T14:35:31.458+0000] {processor.py:186} INFO - Started process (PID=216) to work on /home/airflow/.local/lib/python3.12/site-packages/airflow/example_dags/example_bash_decorator.py
[2025-09-29T14:35:31.458+0000] {processor.py:914} INFO - Processing file /home/airflow/.local/lib/python3.12/site-packages/airflow/example_dags/example_bash_decorator.py for tasks to queue
[2025-09-29T14:35:31.459+0000] {logging_mixin.py:190} INFO - [2025-09-29T14:35:31.459+0000] {dagbag.py:588} INFO - Filling up the DagBag from /home/airflow/.local/lib/python3.12/site-packages/airflow/example_dags/example_bash_decorator.py
[2025-09-29T14:35:31.469+0000] {processor.py:925} INFO - DAG(s) 'example_bash_decorator' retrieved from /home/airflow/.local/lib/python3.12/site-packages/airflow/example_dags/example_bash_decorator.py
[2025-09-29T14:35:31.486+0000] {logging_mixin.py:190} INFO - [2025-09-29T14:35:31.486+0000] {dag.py:3239} INFO - Sync 1 DAGs
[2025-09-29T14:35:31.494+0000] {logging_mixin.py:190} INFO - [2025-09-29T14:35:31.494+0000] {dag.py:4180} INFO - Setting next_dagrun for example_bash_decorator to None, run_after=None
[2025-09-29T14:35:31.506+0000] {processor.py:208} INFO - Processing /home/airflow/.local/lib/python3.12/site-packages/airflow/example_dags/example_bash_decorator.py took 0.052 seconds
[2025-09-29T14:36:01.716+0000] {processor.py:186} INFO - Started process (PID=280) to work on /home/airflow/.local/lib/python3.12/site-packages/airflow/example_dags/example_bash_decorator.py
[2025-09-29T14:36:01.716+0000] {processor.py:914} INFO - Processing file /home/airflow/.local/lib/python3.12/site-packages/airflow/example_dags/example_bash_decorator.py for tasks to queue
[2025-09-29T14:36:01.718+0000] {logging_mixin.py:190} INFO - [2025-09-29T14:36:01.718+0000] {dagbag.py:588} INFO - Filling up the DagBag from /home/airflow/.local/lib/python3.12/site-packages/airflow/example_dags/example_bash_decorator.py
[2025-09-29T14:36:01.726+0000] {processor.py:925} INFO - DAG(s) 'example_bash_decorator' retrieved from /home/airflow/.local/lib/python3.12/site-packages/airflow/example_dags/example_bash_decorator.py
[2025-09-29T14:36:01.737+0000] {logging_mixin.py:190} INFO - [2025-09-29T14:36:01.737+0000] {dag.py:3239} INFO - Sync 1 DAGs
[2025-09-29T14:36:01.746+0000] {logging_mixin.py:190} INFO - [2025-09-29T14:36:01.746+0000] {dag.py:4180} INFO - Setting next_dagrun for example_bash_decorator to None, run_after=None
[2025-09-29T14:36:01.761+0000] {processor.py:208} INFO - Processing /home/airflow/.local/lib/python3.12/site-packages/airflow/example_dags/example_bash_decorator.py took 0.049 seconds
[2025-09-29T14:36:31.873+0000] {processor.py:186} INFO - Started process (PID=344) to work on /home/airflow/.local/lib/python3.12/site-packages/airflow/example_dags/example_bash_decorator.py
[2025-09-29T14:36:31.874+0000] {processor.py:914} INFO - Processing file /home/airflow/.local/lib/python3.12/site-packages/airflow/example_dags/example_bash_decorator.py for tasks to queue
[2025-09-29T14:36:31.875+0000] {logging_mixin.py:190} INFO - [2025-09-29T14:36:31.875+0000] {dagbag.py:588} INFO - Filling up the DagBag from /home/airflow/.local/lib/python3.12/site-packages/airflow/example_dags/example_bash_decorator.py
[2025-09-29T14:36:31.883+0000] {processor.py:925} INFO - DAG(s) 'example_bash_decorator' retrieved from /home/airflow/.local/lib/python3.12/site-packages/airflow/example_dags/example_bash_decorator.py
[2025-09-29T14:36:31.897+0000] {logging_mixin.py:190} INFO - [2025-09-29T14:36:31.897+0000] {dag.py:3239} INFO - Sync 1 DAGs
[2025-09-29T14:36:31.907+0000] {logging_mixin.py:190} INFO - [2025-09-29T14:36:31.907+0000] {dag.py:4180} INFO - Setting next_dagrun for example_bash_decorator to None, run_after=None
[2025-09-29T14:36:31.915+0000] {processor.py:208} INFO - Processing /home/airflow/.local/lib/python3.12/site-packages/airflow/example_dags/example_bash_decorator.py took 0.045 seconds
[2025-09-29T14:37:02.080+0000] {processor.py:186} INFO - Started process (PID=407) to work on /home/airflow/.local/lib/python3.12/site-packages/airflow/example_dags/example_bash_decorator.py
[2025-09-29T14:37:02.081+0000] {processor.py:914} INFO - Processing file /home/airflow/.local/lib/python3.12/site-packages/airflow/example_dags/example_bash_decorator.py for tasks to queue
[2025-09-29T14:37:02.082+0000] {logging_mixin.py:190} INFO - [2025-09-29T14:37:02.082+0000] {dagbag.py:588} INFO - Filling up the DagBag from /home/airflow/.local/lib/python3.12/site-packages/airflow/example_dags/example_bash_decorator.py
[2025-09-29T14:37:02.090+0000] {processor.py:925} INFO - DAG(s) 'example_bash_decorator' retrieved from /home/airflow/.local/lib/python3.12/site-packages/airflow/example_dags/example_bash_decorator.py
[2025-09-29T14:37:02.103+0000] {logging_mixin.py:190} INFO - [2025-09-29T14:37:02.103+0000] {dag.py:3239} INFO - Sync 1 DAGs
[2025-09-29T14:37:02.112+0000] {logging_mixin.py:190} INFO - [2025-09-29T14:37:02.112+0000] {dag.py:4180} INFO - Setting next_dagrun for example_bash_decorator to None, run_after=None
[2025-09-29T14:37:02.124+0000] {processor.py:208} INFO - Processing /home/airflow/.local/lib/python3.12/site-packages/airflow/example_dags/example_bash_decorator.py took 0.047 seconds
[2025-09-29T14:37:32.459+0000] {processor.py:186} INFO - Started process (PID=471) to work on /home/airflow/.local/lib/python3.12/site-packages/airflow/example_dags/example_bash_decorator.py
[2025-09-29T14:37:32.460+0000] {processor.py:914} INFO - Processing file /home/airflow/.local/lib/python3.12/site-packages/airflow/example_dags/example_bash_decorator.py for tasks to queue
[2025-09-29T14:37:32.461+0000] {logging_mixin.py:190} INFO - [2025-09-29T14:37:32.461+0000] {dagbag.py:588} INFO - Filling up the DagBag from /home/airflow/.local/lib/python3.12/site-packages/airflow/example_dags/example_bash_decorator.py
[2025-09-29T14:37:32.473+0000] {processor.py:925} INFO - DAG(s) 'example_bash_decorator' retrieved from /home/airflow/.local/lib/python3.12/site-packages/airflow/example_dags/example_bash_decorator.py
[2025-09-29T14:37:32.489+0000] {logging_mixin.py:190} INFO - [2025-09-29T14:37:32.489+0000] {dag.py:3239} INFO - Sync 1 DAGs
[2025-09-29T14:37:32.497+0000] {logging_mixin.py:190} INFO - [2025-09-29T14:37:32.497+0000] {dag.py:4180} INFO - Setting next_dagrun for example_bash_decorator to None, run_after=None
[2025-09-29T14:37:32.514+0000] {processor.py:208} INFO - Processing /home/airflow/.local/lib/python3.12/site-packages/airflow/example_dags/example_bash_decorator.py took 0.059 seconds
[2025-09-29T14:38:02.824+0000] {processor.py:186} INFO - Started process (PID=535) to work on /home/airflow/.local/lib/python3.12/site-packages/airflow/example_dags/example_bash_decorator.py
[2025-09-29T14:38:02.825+0000] {processor.py:914} INFO - Processing file /home/airflow/.local/lib/python3.12/site-packages/airflow/example_dags/example_bash_decorator.py for tasks to queue
[2025-09-29T14:38:02.826+0000] {logging_mixin.py:190} INFO - [2025-09-29T14:38:02.826+0000] {dagbag.py:588} INFO - Filling up the DagBag from /home/airflow/.local/lib/python3.12/site-packages/airflow/example_dags/example_bash_decorator.py
[2025-09-29T14:38:02.838+0000] {processor.py:925} INFO - DAG(s) 'example_bash_decorator' retrieved from /home/airflow/.local/lib/python3.12/site-packages/airflow/example_dags/example_bash_decorator.py
[2025-09-29T14:38:02.853+0000] {logging_mixin.py:190} INFO - [2025-09-29T14:38:02.853+0000] {dag.py:3239} INFO - Sync 1 DAGs
[2025-09-29T14:38:02.862+0000] {logging_mixin.py:190} INFO - [2025-09-29T14:38:02.862+0000] {dag.py:4180} INFO - Setting next_dagrun for example_bash_decorator to None, run_after=None
[2025-09-29T14:38:02.876+0000] {processor.py:208} INFO - Processing /home/airflow/.local/lib/python3.12/site-packages/airflow/example_dags/example_bash_decorator.py took 0.057 seconds
[2025-09-29T14:38:33.234+0000] {processor.py:186} INFO - Started process (PID=607) to work on /home/airflow/.local/lib/python3.12/site-packages/airflow/example_dags/example_bash_decorator.py
[2025-09-29T14:38:33.235+0000] {processor.py:914} INFO - Processing file /home/airflow/.local/lib/python3.12/site-packages/airflow/example_dags/example_bash_decorator.py for tasks to queue
[2025-09-29T14:38:33.236+0000] {logging_mixin.py:190} INFO - [2025-09-29T14:38:33.236+0000] {dagbag.py:588} INFO - Filling up the DagBag from /home/airflow/.local/lib/python3.12/site-packages/airflow/example_dags/example_bash_decorator.py
[2025-09-29T14:38:33.243+0000] {processor.py:925} INFO - DAG(s) 'example_bash_decorator' retrieved from /home/airflow/.local/lib/python3.12/site-packages/airflow/example_dags/example_bash_decorator.py
[2025-09-29T14:38:33.262+0000] {logging_mixin.py:190} INFO - [2025-09-29T14:38:33.262+0000] {dag.py:3239} INFO - Sync 1 DAGs
[2025-09-29T14:38:33.273+0000] {logging_mixin.py:190} INFO - [2025-09-29T14:38:33.273+0000] {dag.py:4180} INFO - Setting next_dagrun for example_bash_decorator to None, run_after=None
[2025-09-29T14:38:33.285+0000] {processor.py:208} INFO - Processing /home/airflow/.local/lib/python3.12/site-packages/airflow/example_dags/example_bash_decorator.py took 0.054 seconds
[2025-09-29T14:39:03.755+0000] {processor.py:186} INFO - Started process (PID=670) to work on /home/airflow/.local/lib/python3.12/site-packages/airflow/example_dags/example_bash_decorator.py
[2025-09-29T14:39:03.760+0000] {processor.py:914} INFO - Processing file /home/airflow/.local/lib/python3.12/site-packages/airflow/example_dags/example_bash_decorator.py for tasks to queue
[2025-09-29T14:39:03.761+0000] {logging_mixin.py:190} INFO - [2025-09-29T14:39:03.761+0000] {dagbag.py:588} INFO - Filling up the DagBag from /home/airflow/.local/lib/python3.12/site-packages/airflow/example_dags/example_bash_decorator.py
[2025-09-29T14:39:03.768+0000] {processor.py:925} INFO - DAG(s) 'example_bash_decorator' retrieved from /home/airflow/.local/lib/python3.12/site-packages/airflow/example_dags/example_bash_decorator.py
[2025-09-29T14:39:03.784+0000] {logging_mixin.py:190} INFO - [2025-09-29T14:39:03.784+0000] {dag.py:3239} INFO - Sync 1 DAGs
[2025-09-29T14:39:03.793+0000] {logging_mixin.py:190} INFO - [2025-09-29T14:39:03.793+0000] {dag.py:4180} INFO - Setting next_dagrun for example_bash_decorator to None, run_after=None
[2025-09-29T14:39:03.801+0000] {processor.py:208} INFO - Processing /home/airflow/.local/lib/python3.12/site-packages/airflow/example_dags/example_bash_decorator.py took 0.049 seconds
[2025-09-29T14:39:34.277+0000] {processor.py:186} INFO - Started process (PID=733) to work on /home/airflow/.local/lib/python3.12/site-packages/airflow/example_dags/example_bash_decorator.py
[2025-09-29T14:39:34.278+0000] {processor.py:914} INFO - Processing file /home/airflow/.local/lib/python3.12/site-packages/airflow/example_dags/example_bash_decorator.py for tasks to queue
[2025-09-29T14:39:34.280+0000] {logging_mixin.py:190} INFO - [2025-09-29T14:39:34.280+0000] {dagbag.py:588} INFO - Filling up the DagBag from /home/airflow/.local/lib/python3.12/site-packages/airflow/example_dags/example_bash_decorator.py
[2025-09-29T14:39:34.289+0000] {processor.py:925} INFO - DAG(s) 'example_bash_decorator' retrieved from /home/airflow/.local/lib/python3.12/site-packages/airflow/example_dags/example_bash_decorator.py
[2025-09-29T14:39:34.311+0000] {logging_mixin.py:190} INFO - [2025-09-29T14:39:34.311+0000] {dag.py:3239} INFO - Sync 1 DAGs
[2025-09-29T14:39:34.323+0000] {logging_mixin.py:190} INFO - [2025-09-29T14:39:34.323+0000] {dag.py:4180} INFO - Setting next_dagrun for example_bash_decorator to None, run_after=None
[2025-09-29T14:39:34.337+0000] {processor.py:208} INFO - Processing /home/airflow/.local/lib/python3.12/site-packages/airflow/example_dags/example_bash_decorator.py took 0.064 seconds
[2025-09-29T14:40:04.725+0000] {processor.py:186} INFO - Started process (PID=797) to work on /home/airflow/.local/lib/python3.12/site-packages/airflow/example_dags/example_bash_decorator.py
[2025-09-29T14:40:04.726+0000] {processor.py:914} INFO - Processing file /home/airflow/.local/lib/python3.12/site-packages/airflow/example_dags/example_bash_decorator.py for tasks to queue
[2025-09-29T14:40:04.727+0000] {logging_mixin.py:190} INFO - [2025-09-29T14:40:04.727+0000] {dagbag.py:588} INFO - Filling up the DagBag from /home/airflow/.local/lib/python3.12/site-packages/airflow/example_dags/example_bash_decorator.py
[2025-09-29T14:40:04.734+0000] {processor.py:925} INFO - DAG(s) 'example_bash_decorator' retrieved from /home/airflow/.local/lib/python3.12/site-packages/airflow/example_dags/example_bash_decorator.py
[2025-09-29T14:40:04.747+0000] {logging_mixin.py:190} INFO - [2025-09-29T14:40:04.747+0000] {dag.py:3239} INFO - Sync 1 DAGs
[2025-09-29T14:40:04.754+0000] {logging_mixin.py:190} INFO - [2025-09-29T14:40:04.754+0000] {dag.py:4180} INFO - Setting next_dagrun for example_bash_decorator to None, run_after=None
[2025-09-29T14:40:04.766+0000] {processor.py:208} INFO - Processing /home/airflow/.local/lib/python3.12/site-packages/airflow/example_dags/example_bash_decorator.py took 0.044 seconds
[2025-09-29T14:40:35.092+0000] {processor.py:186} INFO - Started process (PID=860) to work on /home/airflow/.local/lib/python3.12/site-packages/airflow/example_dags/example_bash_decorator.py
[2025-09-29T14:40:35.093+0000] {processor.py:914} INFO - Processing file /home/airflow/.local/lib/python3.12/site-packages/airflow/example_dags/example_bash_decorator.py for tasks to queue
[2025-09-29T14:40:35.096+0000] {logging_mixin.py:190} INFO - [2025-09-29T14:40:35.096+0000] {dagbag.py:588} INFO - Filling up the DagBag from /home/airflow/.local/lib/python3.12/site-packages/airflow/example_dags/example_bash_decorator.py
[2025-09-29T14:40:35.105+0000] {processor.py:925} INFO - DAG(s) 'example_bash_decorator' retrieved from /home/airflow/.local/lib/python3.12/site-packages/airflow/example_dags/example_bash_decorator.py
[2025-09-29T14:40:35.121+0000] {logging_mixin.py:190} INFO - [2025-09-29T14:40:35.120+0000] {dag.py:3239} INFO - Sync 1 DAGs
[2025-09-29T14:40:35.129+0000] {logging_mixin.py:190} INFO - [2025-09-29T14:40:35.128+0000] {dag.py:4180} INFO - Setting next_dagrun for example_bash_decorator to None, run_after=None
[2025-09-29T14:40:35.143+0000] {processor.py:208} INFO - Processing /home/airflow/.local/lib/python3.12/site-packages/airflow/example_dags/example_bash_decorator.py took 0.055 seconds
[2025-09-29T14:41:05.447+0000] {processor.py:186} INFO - Started process (PID=926) to work on /home/airflow/.local/lib/python3.12/site-packages/airflow/example_dags/example_bash_decorator.py
[2025-09-29T14:41:05.447+0000] {processor.py:914} INFO - Processing file /home/airflow/.local/lib/python3.12/site-packages/airflow/example_dags/example_bash_decorator.py for tasks to queue
[2025-09-29T14:41:05.449+0000] {logging_mixin.py:190} INFO - [2025-09-29T14:41:05.449+0000] {dagbag.py:588} INFO - Filling up the DagBag from /home/airflow/.local/lib/python3.12/site-packages/airflow/example_dags/example_bash_decorator.py
[2025-09-29T14:41:05.456+0000] {processor.py:925} INFO - DAG(s) 'example_bash_decorator' retrieved from /home/airflow/.local/lib/python3.12/site-packages/airflow/example_dags/example_bash_decorator.py
[2025-09-29T14:41:05.472+0000] {logging_mixin.py:190} INFO - [2025-09-29T14:41:05.472+0000] {dag.py:3239} INFO - Sync 1 DAGs
[2025-09-29T14:41:05.483+0000] {logging_mixin.py:190} INFO - [2025-09-29T14:41:05.483+0000] {dag.py:4180} INFO - Setting next_dagrun for example_bash_decorator to None, run_after=None
[2025-09-29T14:41:05.492+0000] {processor.py:208} INFO - Processing /home/airflow/.local/lib/python3.12/site-packages/airflow/example_dags/example_bash_decorator.py took 0.049 seconds
[2025-09-29T14:41:35.766+0000] {processor.py:186} INFO - Started process (PID=990) to work on /home/airflow/.local/lib/python3.12/site-packages/airflow/example_dags/example_bash_decorator.py
[2025-09-29T14:41:35.769+0000] {processor.py:914} INFO - Processing file /home/airflow/.local/lib/python3.12/site-packages/airflow/example_dags/example_bash_decorator.py for tasks to queue
[2025-09-29T14:41:35.771+0000] {logging_mixin.py:190} INFO - [2025-09-29T14:41:35.770+0000] {dagbag.py:588} INFO - Filling up the DagBag from /home/airflow/.local/lib/python3.12/site-packages/airflow/example_dags/example_bash_decorator.py
[2025-09-29T14:41:35.779+0000] {processor.py:925} INFO - DAG(s) 'example_bash_decorator' retrieved from /home/airflow/.local/lib/python3.12/site-packages/airflow/example_dags/example_bash_decorator.py
[2025-09-29T14:41:35.792+0000] {logging_mixin.py:190} INFO - [2025-09-29T14:41:35.792+0000] {dag.py:3239} INFO - Sync 1 DAGs
[2025-09-29T14:41:35.802+0000] {logging_mixin.py:190} INFO - [2025-09-29T14:41:35.802+0000] {dag.py:4180} INFO - Setting next_dagrun for example_bash_decorator to None, run_after=None
[2025-09-29T14:41:35.814+0000] {processor.py:208} INFO - Processing /home/airflow/.local/lib/python3.12/site-packages/airflow/example_dags/example_bash_decorator.py took 0.052 seconds
[2025-09-29T14:42:06.268+0000] {processor.py:186} INFO - Started process (PID=1055) to work on /home/airflow/.local/lib/python3.12/site-packages/airflow/example_dags/example_bash_decorator.py
[2025-09-29T14:42:06.269+0000] {processor.py:914} INFO - Processing file /home/airflow/.local/lib/python3.12/site-packages/airflow/example_dags/example_bash_decorator.py for tasks to queue
[2025-09-29T14:42:06.271+0000] {logging_mixin.py:190} INFO - [2025-09-29T14:42:06.270+0000] {dagbag.py:588} INFO - Filling up the DagBag from /home/airflow/.local/lib/python3.12/site-packages/airflow/example_dags/example_bash_decorator.py
[2025-09-29T14:42:06.280+0000] {processor.py:925} INFO - DAG(s) 'example_bash_decorator' retrieved from /home/airflow/.local/lib/python3.12/site-packages/airflow/example_dags/example_bash_decorator.py
[2025-09-29T14:42:06.300+0000] {logging_mixin.py:190} INFO - [2025-09-29T14:42:06.299+0000] {dag.py:3239} INFO - Sync 1 DAGs
[2025-09-29T14:42:06.309+0000] {logging_mixin.py:190} INFO - [2025-09-29T14:42:06.309+0000] {dag.py:4180} INFO - Setting next_dagrun for example_bash_decorator to None, run_after=None
[2025-09-29T14:42:06.321+0000] {processor.py:208} INFO - Processing /home/airflow/.local/lib/python3.12/site-packages/airflow/example_dags/example_bash_decorator.py took 0.057 seconds
[2025-09-29T14:42:36.688+0000] {processor.py:186} INFO - Started process (PID=1119) to work on /home/airflow/.local/lib/python3.12/site-packages/airflow/example_dags/example_bash_decorator.py
[2025-09-29T14:42:36.689+0000] {processor.py:914} INFO - Processing file /home/airflow/.local/lib/python3.12/site-packages/airflow/example_dags/example_bash_decorator.py for tasks to queue
[2025-09-29T14:42:36.693+0000] {logging_mixin.py:190} INFO - [2025-09-29T14:42:36.693+0000] {dagbag.py:588} INFO - Filling up the DagBag from /home/airflow/.local/lib/python3.12/site-packages/airflow/example_dags/example_bash_decorator.py
[2025-09-29T14:42:36.700+0000] {processor.py:925} INFO - DAG(s) 'example_bash_decorator' retrieved from /home/airflow/.local/lib/python3.12/site-packages/airflow/example_dags/example_bash_decorator.py
[2025-09-29T14:42:36.715+0000] {logging_mixin.py:190} INFO - [2025-09-29T14:42:36.715+0000] {dag.py:3239} INFO - Sync 1 DAGs
[2025-09-29T14:42:36.724+0000] {logging_mixin.py:190} INFO - [2025-09-29T14:42:36.724+0000] {dag.py:4180} INFO - Setting next_dagrun for example_bash_decorator to None, run_after=None
[2025-09-29T14:42:36.732+0000] {processor.py:208} INFO - Processing /home/airflow/.local/lib/python3.12/site-packages/airflow/example_dags/example_bash_decorator.py took 0.048 seconds
[2025-09-29T14:43:06.949+0000] {processor.py:186} INFO - Started process (PID=1183) to work on /home/airflow/.local/lib/python3.12/site-packages/airflow/example_dags/example_bash_decorator.py
[2025-09-29T14:43:06.950+0000] {processor.py:914} INFO - Processing file /home/airflow/.local/lib/python3.12/site-packages/airflow/example_dags/example_bash_decorator.py for tasks to queue
[2025-09-29T14:43:06.951+0000] {logging_mixin.py:190} INFO - [2025-09-29T14:43:06.951+0000] {dagbag.py:588} INFO - Filling up the DagBag from /home/airflow/.local/lib/python3.12/site-packages/airflow/example_dags/example_bash_decorator.py
[2025-09-29T14:43:06.959+0000] {processor.py:925} INFO - DAG(s) 'example_bash_decorator' retrieved from /home/airflow/.local/lib/python3.12/site-packages/airflow/example_dags/example_bash_decorator.py
[2025-09-29T14:43:06.971+0000] {logging_mixin.py:190} INFO - [2025-09-29T14:43:06.971+0000] {dag.py:3239} INFO - Sync 1 DAGs
[2025-09-29T14:43:06.981+0000] {logging_mixin.py:190} INFO - [2025-09-29T14:43:06.981+0000] {dag.py:4180} INFO - Setting next_dagrun for example_bash_decorator to None, run_after=None
[2025-09-29T14:43:06.994+0000] {processor.py:208} INFO - Processing /home/airflow/.local/lib/python3.12/site-packages/airflow/example_dags/example_bash_decorator.py took 0.049 seconds
[2025-09-29T14:43:37.182+0000] {processor.py:186} INFO - Started process (PID=1247) to work on /home/airflow/.local/lib/python3.12/site-packages/airflow/example_dags/example_bash_decorator.py
[2025-09-29T14:43:37.183+0000] {processor.py:914} INFO - Processing file /home/airflow/.local/lib/python3.12/site-packages/airflow/example_dags/example_bash_decorator.py for tasks to queue
[2025-09-29T14:43:37.185+0000] {logging_mixin.py:190} INFO - [2025-09-29T14:43:37.185+0000] {dagbag.py:588} INFO - Filling up the DagBag from /home/airflow/.local/lib/python3.12/site-packages/airflow/example_dags/example_bash_decorator.py
[2025-09-29T14:43:37.192+0000] {processor.py:925} INFO - DAG(s) 'example_bash_decorator' retrieved from /home/airflow/.local/lib/python3.12/site-packages/airflow/example_dags/example_bash_decorator.py
[2025-09-29T14:43:37.203+0000] {logging_mixin.py:190} INFO - [2025-09-29T14:43:37.203+0000] {dag.py:3239} INFO - Sync 1 DAGs
[2025-09-29T14:43:37.210+0000] {logging_mixin.py:190} INFO - [2025-09-29T14:43:37.210+0000] {dag.py:4180} INFO - Setting next_dagrun for example_bash_decorator to None, run_after=None
[2025-09-29T14:43:37.220+0000] {processor.py:208} INFO - Processing /home/airflow/.local/lib/python3.12/site-packages/airflow/example_dags/example_bash_decorator.py took 0.040 seconds
[2025-09-29T14:44:07.954+0000] {processor.py:186} INFO - Started process (PID=1311) to work on /home/airflow/.local/lib/python3.12/site-packages/airflow/example_dags/example_bash_decorator.py
[2025-09-29T14:44:07.958+0000] {processor.py:914} INFO - Processing file /home/airflow/.local/lib/python3.12/site-packages/airflow/example_dags/example_bash_decorator.py for tasks to queue
[2025-09-29T14:44:07.959+0000] {logging_mixin.py:190} INFO - [2025-09-29T14:44:07.959+0000] {dagbag.py:588} INFO - Filling up the DagBag from /home/airflow/.local/lib/python3.12/site-packages/airflow/example_dags/example_bash_decorator.py
[2025-09-29T14:44:07.967+0000] {processor.py:925} INFO - DAG(s) 'example_bash_decorator' retrieved from /home/airflow/.local/lib/python3.12/site-packages/airflow/example_dags/example_bash_decorator.py
[2025-09-29T14:44:07.985+0000] {logging_mixin.py:190} INFO - [2025-09-29T14:44:07.985+0000] {dag.py:3239} INFO - Sync 1 DAGs
[2025-09-29T14:44:07.993+0000] {logging_mixin.py:190} INFO - [2025-09-29T14:44:07.993+0000] {dag.py:4180} INFO - Setting next_dagrun for example_bash_decorator to None, run_after=None
[2025-09-29T14:44:08.007+0000] {processor.py:208} INFO - Processing /home/airflow/.local/lib/python3.12/site-packages/airflow/example_dags/example_bash_decorator.py took 0.056 seconds
[2025-09-29T14:44:38.352+0000] {processor.py:186} INFO - Started process (PID=1374) to work on /home/airflow/.local/lib/python3.12/site-packages/airflow/example_dags/example_bash_decorator.py
[2025-09-29T14:44:38.358+0000] {processor.py:914} INFO - Processing file /home/airflow/.local/lib/python3.12/site-packages/airflow/example_dags/example_bash_decorator.py for tasks to queue
[2025-09-29T14:44:38.359+0000] {logging_mixin.py:190} INFO - [2025-09-29T14:44:38.359+0000] {dagbag.py:588} INFO - Filling up the DagBag from /home/airflow/.local/lib/python3.12/site-packages/airflow/example_dags/example_bash_decorator.py
[2025-09-29T14:44:38.366+0000] {processor.py:925} INFO - DAG(s) 'example_bash_decorator' retrieved from /home/airflow/.local/lib/python3.12/site-packages/airflow/example_dags/example_bash_decorator.py
[2025-09-29T14:44:38.381+0000] {logging_mixin.py:190} INFO - [2025-09-29T14:44:38.381+0000] {dag.py:3239} INFO - Sync 1 DAGs
[2025-09-29T14:44:38.388+0000] {logging_mixin.py:190} INFO - [2025-09-29T14:44:38.388+0000] {dag.py:4180} INFO - Setting next_dagrun for example_bash_decorator to None, run_after=None
[2025-09-29T14:44:38.402+0000] {processor.py:208} INFO - Processing /home/airflow/.local/lib/python3.12/site-packages/airflow/example_dags/example_bash_decorator.py took 0.052 seconds
[2025-09-29T14:45:08.777+0000] {processor.py:186} INFO - Started process (PID=1438) to work on /home/airflow/.local/lib/python3.12/site-packages/airflow/example_dags/example_bash_decorator.py
[2025-09-29T14:45:08.778+0000] {processor.py:914} INFO - Processing file /home/airflow/.local/lib/python3.12/site-packages/airflow/example_dags/example_bash_decorator.py for tasks to queue
[2025-09-29T14:45:08.780+0000] {logging_mixin.py:190} INFO - [2025-09-29T14:45:08.780+0000] {dagbag.py:588} INFO - Filling up the DagBag from /home/airflow/.local/lib/python3.12/site-packages/airflow/example_dags/example_bash_decorator.py
[2025-09-29T14:45:08.788+0000] {processor.py:925} INFO - DAG(s) 'example_bash_decorator' retrieved from /home/airflow/.local/lib/python3.12/site-packages/airflow/example_dags/example_bash_decorator.py
[2025-09-29T14:45:08.801+0000] {logging_mixin.py:190} INFO - [2025-09-29T14:45:08.801+0000] {dag.py:3239} INFO - Sync 1 DAGs
[2025-09-29T14:45:08.808+0000] {logging_mixin.py:190} INFO - [2025-09-29T14:45:08.807+0000] {dag.py:4180} INFO - Setting next_dagrun for example_bash_decorator to None, run_after=None
[2025-09-29T14:45:08.820+0000] {processor.py:208} INFO - Processing /home/airflow/.local/lib/python3.12/site-packages/airflow/example_dags/example_bash_decorator.py took 0.046 seconds
[2025-09-29T14:45:39.230+0000] {processor.py:186} INFO - Started process (PID=1502) to work on /home/airflow/.local/lib/python3.12/site-packages/airflow/example_dags/example_bash_decorator.py
[2025-09-29T14:45:39.231+0000] {processor.py:914} INFO - Processing file /home/airflow/.local/lib/python3.12/site-packages/airflow/example_dags/example_bash_decorator.py for tasks to queue
[2025-09-29T14:45:39.232+0000] {logging_mixin.py:190} INFO - [2025-09-29T14:45:39.232+0000] {dagbag.py:588} INFO - Filling up the DagBag from /home/airflow/.local/lib/python3.12/site-packages/airflow/example_dags/example_bash_decorator.py
[2025-09-29T14:45:39.240+0000] {processor.py:925} INFO - DAG(s) 'example_bash_decorator' retrieved from /home/airflow/.local/lib/python3.12/site-packages/airflow/example_dags/example_bash_decorator.py
[2025-09-29T14:45:39.264+0000] {logging_mixin.py:190} INFO - [2025-09-29T14:45:39.264+0000] {dag.py:3239} INFO - Sync 1 DAGs
[2025-09-29T14:45:39.274+0000] {logging_mixin.py:190} INFO - [2025-09-29T14:45:39.274+0000] {dag.py:4180} INFO - Setting next_dagrun for example_bash_decorator to None, run_after=None
[2025-09-29T14:45:39.289+0000] {processor.py:208} INFO - Processing /home/airflow/.local/lib/python3.12/site-packages/airflow/example_dags/example_bash_decorator.py took 0.062 seconds
[2025-09-29T14:46:09.909+0000] {processor.py:186} INFO - Started process (PID=1566) to work on /home/airflow/.local/lib/python3.12/site-packages/airflow/example_dags/example_bash_decorator.py
[2025-09-29T14:46:09.909+0000] {processor.py:914} INFO - Processing file /home/airflow/.local/lib/python3.12/site-packages/airflow/example_dags/example_bash_decorator.py for tasks to queue
[2025-09-29T14:46:09.914+0000] {logging_mixin.py:190} INFO - [2025-09-29T14:46:09.914+0000] {dagbag.py:588} INFO - Filling up the DagBag from /home/airflow/.local/lib/python3.12/site-packages/airflow/example_dags/example_bash_decorator.py
[2025-09-29T14:46:09.926+0000] {processor.py:925} INFO - DAG(s) 'example_bash_decorator' retrieved from /home/airflow/.local/lib/python3.12/site-packages/airflow/example_dags/example_bash_decorator.py
[2025-09-29T14:46:09.943+0000] {logging_mixin.py:190} INFO - [2025-09-29T14:46:09.943+0000] {dag.py:3239} INFO - Sync 1 DAGs
[2025-09-29T14:46:09.953+0000] {logging_mixin.py:190} INFO - [2025-09-29T14:46:09.953+0000] {dag.py:4180} INFO - Setting next_dagrun for example_bash_decorator to None, run_after=None
[2025-09-29T14:46:09.966+0000] {processor.py:208} INFO - Processing /home/airflow/.local/lib/python3.12/site-packages/airflow/example_dags/example_bash_decorator.py took 0.063 seconds
[2025-09-29T14:46:40.392+0000] {processor.py:186} INFO - Started process (PID=1630) to work on /home/airflow/.local/lib/python3.12/site-packages/airflow/example_dags/example_bash_decorator.py
[2025-09-29T14:46:40.393+0000] {processor.py:914} INFO - Processing file /home/airflow/.local/lib/python3.12/site-packages/airflow/example_dags/example_bash_decorator.py for tasks to queue
[2025-09-29T14:46:40.394+0000] {logging_mixin.py:190} INFO - [2025-09-29T14:46:40.394+0000] {dagbag.py:588} INFO - Filling up the DagBag from /home/airflow/.local/lib/python3.12/site-packages/airflow/example_dags/example_bash_decorator.py
[2025-09-29T14:46:40.401+0000] {processor.py:925} INFO - DAG(s) 'example_bash_decorator' retrieved from /home/airflow/.local/lib/python3.12/site-packages/airflow/example_dags/example_bash_decorator.py
[2025-09-29T14:46:40.419+0000] {logging_mixin.py:190} INFO - [2025-09-29T14:46:40.419+0000] {dag.py:3239} INFO - Sync 1 DAGs
[2025-09-29T14:46:40.429+0000] {logging_mixin.py:190} INFO - [2025-09-29T14:46:40.429+0000] {dag.py:4180} INFO - Setting next_dagrun for example_bash_decorator to None, run_after=None
[2025-09-29T14:46:40.437+0000] {processor.py:208} INFO - Processing /home/airflow/.local/lib/python3.12/site-packages/airflow/example_dags/example_bash_decorator.py took 0.049 seconds
[2025-09-29T14:47:10.763+0000] {processor.py:186} INFO - Started process (PID=1694) to work on /home/airflow/.local/lib/python3.12/site-packages/airflow/example_dags/example_bash_decorator.py
[2025-09-29T14:47:10.764+0000] {processor.py:914} INFO - Processing file /home/airflow/.local/lib/python3.12/site-packages/airflow/example_dags/example_bash_decorator.py for tasks to queue
[2025-09-29T14:47:10.765+0000] {logging_mixin.py:190} INFO - [2025-09-29T14:47:10.765+0000] {dagbag.py:588} INFO - Filling up the DagBag from /home/airflow/.local/lib/python3.12/site-packages/airflow/example_dags/example_bash_decorator.py
[2025-09-29T14:47:10.774+0000] {processor.py:925} INFO - DAG(s) 'example_bash_decorator' retrieved from /home/airflow/.local/lib/python3.12/site-packages/airflow/example_dags/example_bash_decorator.py
[2025-09-29T14:47:10.789+0000] {logging_mixin.py:190} INFO - [2025-09-29T14:47:10.789+0000] {dag.py:3239} INFO - Sync 1 DAGs
[2025-09-29T14:47:10.799+0000] {logging_mixin.py:190} INFO - [2025-09-29T14:47:10.799+0000] {dag.py:4180} INFO - Setting next_dagrun for example_bash_decorator to None, run_after=None
[2025-09-29T14:47:10.816+0000] {processor.py:208} INFO - Processing /home/airflow/.local/lib/python3.12/site-packages/airflow/example_dags/example_bash_decorator.py took 0.057 seconds
[2025-09-29T14:47:41.162+0000] {processor.py:186} INFO - Started process (PID=1758) to work on /home/airflow/.local/lib/python3.12/site-packages/airflow/example_dags/example_bash_decorator.py
[2025-09-29T14:47:41.163+0000] {processor.py:914} INFO - Processing file /home/airflow/.local/lib/python3.12/site-packages/airflow/example_dags/example_bash_decorator.py for tasks to queue
[2025-09-29T14:47:41.165+0000] {logging_mixin.py:190} INFO - [2025-09-29T14:47:41.164+0000] {dagbag.py:588} INFO - Filling up the DagBag from /home/airflow/.local/lib/python3.12/site-packages/airflow/example_dags/example_bash_decorator.py
[2025-09-29T14:47:41.171+0000] {processor.py:925} INFO - DAG(s) 'example_bash_decorator' retrieved from /home/airflow/.local/lib/python3.12/site-packages/airflow/example_dags/example_bash_decorator.py
[2025-09-29T14:47:41.186+0000] {logging_mixin.py:190} INFO - [2025-09-29T14:47:41.186+0000] {dag.py:3239} INFO - Sync 1 DAGs
[2025-09-29T14:47:41.193+0000] {logging_mixin.py:190} INFO - [2025-09-29T14:47:41.193+0000] {dag.py:4180} INFO - Setting next_dagrun for example_bash_decorator to None, run_after=None
[2025-09-29T14:47:41.202+0000] {processor.py:208} INFO - Processing /home/airflow/.local/lib/python3.12/site-packages/airflow/example_dags/example_bash_decorator.py took 0.043 seconds
[2025-09-29T14:48:11.561+0000] {processor.py:186} INFO - Started process (PID=1822) to work on /home/airflow/.local/lib/python3.12/site-packages/airflow/example_dags/example_bash_decorator.py
[2025-09-29T14:48:11.563+0000] {processor.py:914} INFO - Processing file /home/airflow/.local/lib/python3.12/site-packages/airflow/example_dags/example_bash_decorator.py for tasks to queue
[2025-09-29T14:48:11.565+0000] {logging_mixin.py:190} INFO - [2025-09-29T14:48:11.565+0000] {dagbag.py:588} INFO - Filling up the DagBag from /home/airflow/.local/lib/python3.12/site-packages/airflow/example_dags/example_bash_decorator.py
[2025-09-29T14:48:11.599+0000] {processor.py:925} INFO - DAG(s) 'example_bash_decorator' retrieved from /home/airflow/.local/lib/python3.12/site-packages/airflow/example_dags/example_bash_decorator.py
[2025-09-29T14:48:11.630+0000] {logging_mixin.py:190} INFO - [2025-09-29T14:48:11.629+0000] {dag.py:3239} INFO - Sync 1 DAGs
[2025-09-29T14:48:11.639+0000] {logging_mixin.py:190} INFO - [2025-09-29T14:48:11.638+0000] {dag.py:4180} INFO - Setting next_dagrun for example_bash_decorator to None, run_after=None
[2025-09-29T14:48:11.655+0000] {processor.py:208} INFO - Processing /home/airflow/.local/lib/python3.12/site-packages/airflow/example_dags/example_bash_decorator.py took 0.098 seconds
[2025-09-29T14:48:41.870+0000] {processor.py:186} INFO - Started process (PID=1886) to work on /home/airflow/.local/lib/python3.12/site-packages/airflow/example_dags/example_bash_decorator.py
[2025-09-29T14:48:41.871+0000] {processor.py:914} INFO - Processing file /home/airflow/.local/lib/python3.12/site-packages/airflow/example_dags/example_bash_decorator.py for tasks to queue
[2025-09-29T14:48:41.872+0000] {logging_mixin.py:190} INFO - [2025-09-29T14:48:41.872+0000] {dagbag.py:588} INFO - Filling up the DagBag from /home/airflow/.local/lib/python3.12/site-packages/airflow/example_dags/example_bash_decorator.py
[2025-09-29T14:48:41.881+0000] {processor.py:925} INFO - DAG(s) 'example_bash_decorator' retrieved from /home/airflow/.local/lib/python3.12/site-packages/airflow/example_dags/example_bash_decorator.py
[2025-09-29T14:48:41.892+0000] {logging_mixin.py:190} INFO - [2025-09-29T14:48:41.892+0000] {dag.py:3239} INFO - Sync 1 DAGs
[2025-09-29T14:48:41.898+0000] {logging_mixin.py:190} INFO - [2025-09-29T14:48:41.898+0000] {dag.py:4180} INFO - Setting next_dagrun for example_bash_decorator to None, run_after=None
[2025-09-29T14:48:41.911+0000] {processor.py:208} INFO - Processing /home/airflow/.local/lib/python3.12/site-packages/airflow/example_dags/example_bash_decorator.py took 0.044 seconds
[2025-09-29T14:49:12.104+0000] {processor.py:186} INFO - Started process (PID=1950) to work on /home/airflow/.local/lib/python3.12/site-packages/airflow/example_dags/example_bash_decorator.py
[2025-09-29T14:49:12.105+0000] {processor.py:914} INFO - Processing file /home/airflow/.local/lib/python3.12/site-packages/airflow/example_dags/example_bash_decorator.py for tasks to queue
[2025-09-29T14:49:12.106+0000] {logging_mixin.py:190} INFO - [2025-09-29T14:49:12.106+0000] {dagbag.py:588} INFO - Filling up the DagBag from /home/airflow/.local/lib/python3.12/site-packages/airflow/example_dags/example_bash_decorator.py
[2025-09-29T14:49:12.114+0000] {processor.py:925} INFO - DAG(s) 'example_bash_decorator' retrieved from /home/airflow/.local/lib/python3.12/site-packages/airflow/example_dags/example_bash_decorator.py
[2025-09-29T14:49:12.126+0000] {logging_mixin.py:190} INFO - [2025-09-29T14:49:12.126+0000] {dag.py:3239} INFO - Sync 1 DAGs
[2025-09-29T14:49:12.133+0000] {logging_mixin.py:190} INFO - [2025-09-29T14:49:12.133+0000] {dag.py:4180} INFO - Setting next_dagrun for example_bash_decorator to None, run_after=None
[2025-09-29T14:49:12.149+0000] {processor.py:208} INFO - Processing /home/airflow/.local/lib/python3.12/site-packages/airflow/example_dags/example_bash_decorator.py took 0.048 seconds
[2025-09-29T14:49:42.579+0000] {processor.py:186} INFO - Started process (PID=2014) to work on /home/airflow/.local/lib/python3.12/site-packages/airflow/example_dags/example_bash_decorator.py
[2025-09-29T14:49:42.580+0000] {processor.py:914} INFO - Processing file /home/airflow/.local/lib/python3.12/site-packages/airflow/example_dags/example_bash_decorator.py for tasks to queue
[2025-09-29T14:49:42.581+0000] {logging_mixin.py:190} INFO - [2025-09-29T14:49:42.581+0000] {dagbag.py:588} INFO - Filling up the DagBag from /home/airflow/.local/lib/python3.12/site-packages/airflow/example_dags/example_bash_decorator.py
[2025-09-29T14:49:42.589+0000] {processor.py:925} INFO - DAG(s) 'example_bash_decorator' retrieved from /home/airflow/.local/lib/python3.12/site-packages/airflow/example_dags/example_bash_decorator.py
[2025-09-29T14:49:42.600+0000] {logging_mixin.py:190} INFO - [2025-09-29T14:49:42.600+0000] {dag.py:3239} INFO - Sync 1 DAGs
[2025-09-29T14:49:42.607+0000] {logging_mixin.py:190} INFO - [2025-09-29T14:49:42.607+0000] {dag.py:4180} INFO - Setting next_dagrun for example_bash_decorator to None, run_after=None
[2025-09-29T14:49:42.619+0000] {processor.py:208} INFO - Processing /home/airflow/.local/lib/python3.12/site-packages/airflow/example_dags/example_bash_decorator.py took 0.043 seconds
[2025-09-29T14:50:12.875+0000] {processor.py:186} INFO - Started process (PID=2078) to work on /home/airflow/.local/lib/python3.12/site-packages/airflow/example_dags/example_bash_decorator.py
[2025-09-29T14:50:12.876+0000] {processor.py:914} INFO - Processing file /home/airflow/.local/lib/python3.12/site-packages/airflow/example_dags/example_bash_decorator.py for tasks to queue
[2025-09-29T14:50:12.879+0000] {logging_mixin.py:190} INFO - [2025-09-29T14:50:12.879+0000] {dagbag.py:588} INFO - Filling up the DagBag from /home/airflow/.local/lib/python3.12/site-packages/airflow/example_dags/example_bash_decorator.py
[2025-09-29T14:50:12.886+0000] {processor.py:925} INFO - DAG(s) 'example_bash_decorator' retrieved from /home/airflow/.local/lib/python3.12/site-packages/airflow/example_dags/example_bash_decorator.py
[2025-09-29T14:50:12.899+0000] {logging_mixin.py:190} INFO - [2025-09-29T14:50:12.899+0000] {dag.py:3239} INFO - Sync 1 DAGs
[2025-09-29T14:50:12.907+0000] {logging_mixin.py:190} INFO - [2025-09-29T14:50:12.907+0000] {dag.py:4180} INFO - Setting next_dagrun for example_bash_decorator to None, run_after=None
[2025-09-29T14:50:12.920+0000] {processor.py:208} INFO - Processing /home/airflow/.local/lib/python3.12/site-packages/airflow/example_dags/example_bash_decorator.py took 0.048 seconds
[2025-09-29T14:50:43.207+0000] {processor.py:186} INFO - Started process (PID=2142) to work on /home/airflow/.local/lib/python3.12/site-packages/airflow/example_dags/example_bash_decorator.py
[2025-09-29T14:50:43.208+0000] {processor.py:914} INFO - Processing file /home/airflow/.local/lib/python3.12/site-packages/airflow/example_dags/example_bash_decorator.py for tasks to queue
[2025-09-29T14:50:43.209+0000] {logging_mixin.py:190} INFO - [2025-09-29T14:50:43.209+0000] {dagbag.py:588} INFO - Filling up the DagBag from /home/airflow/.local/lib/python3.12/site-packages/airflow/example_dags/example_bash_decorator.py
[2025-09-29T14:50:43.216+0000] {processor.py:925} INFO - DAG(s) 'example_bash_decorator' retrieved from /home/airflow/.local/lib/python3.12/site-packages/airflow/example_dags/example_bash_decorator.py
[2025-09-29T14:50:43.227+0000] {logging_mixin.py:190} INFO - [2025-09-29T14:50:43.227+0000] {dag.py:3239} INFO - Sync 1 DAGs
[2025-09-29T14:50:43.233+0000] {logging_mixin.py:190} INFO - [2025-09-29T14:50:43.233+0000] {dag.py:4180} INFO - Setting next_dagrun for example_bash_decorator to None, run_after=None
[2025-09-29T14:50:43.244+0000] {processor.py:208} INFO - Processing /home/airflow/.local/lib/python3.12/site-packages/airflow/example_dags/example_bash_decorator.py took 0.039 seconds
[2025-09-29T14:51:13.445+0000] {processor.py:186} INFO - Started process (PID=2206) to work on /home/airflow/.local/lib/python3.12/site-packages/airflow/example_dags/example_bash_decorator.py
[2025-09-29T14:51:13.448+0000] {processor.py:914} INFO - Processing file /home/airflow/.local/lib/python3.12/site-packages/airflow/example_dags/example_bash_decorator.py for tasks to queue
[2025-09-29T14:51:13.450+0000] {logging_mixin.py:190} INFO - [2025-09-29T14:51:13.449+0000] {dagbag.py:588} INFO - Filling up the DagBag from /home/airflow/.local/lib/python3.12/site-packages/airflow/example_dags/example_bash_decorator.py
[2025-09-29T14:51:13.458+0000] {processor.py:925} INFO - DAG(s) 'example_bash_decorator' retrieved from /home/airflow/.local/lib/python3.12/site-packages/airflow/example_dags/example_bash_decorator.py
[2025-09-29T14:51:13.472+0000] {logging_mixin.py:190} INFO - [2025-09-29T14:51:13.471+0000] {dag.py:3239} INFO - Sync 1 DAGs
[2025-09-29T14:51:13.479+0000] {logging_mixin.py:190} INFO - [2025-09-29T14:51:13.479+0000] {dag.py:4180} INFO - Setting next_dagrun for example_bash_decorator to None, run_after=None
[2025-09-29T14:51:13.491+0000] {processor.py:208} INFO - Processing /home/airflow/.local/lib/python3.12/site-packages/airflow/example_dags/example_bash_decorator.py took 0.049 seconds
[2025-09-29T14:51:43.765+0000] {processor.py:186} INFO - Started process (PID=2270) to work on /home/airflow/.local/lib/python3.12/site-packages/airflow/example_dags/example_bash_decorator.py
[2025-09-29T14:51:43.769+0000] {processor.py:914} INFO - Processing file /home/airflow/.local/lib/python3.12/site-packages/airflow/example_dags/example_bash_decorator.py for tasks to queue
[2025-09-29T14:51:43.770+0000] {logging_mixin.py:190} INFO - [2025-09-29T14:51:43.770+0000] {dagbag.py:588} INFO - Filling up the DagBag from /home/airflow/.local/lib/python3.12/site-packages/airflow/example_dags/example_bash_decorator.py
[2025-09-29T14:51:43.777+0000] {processor.py:925} INFO - DAG(s) 'example_bash_decorator' retrieved from /home/airflow/.local/lib/python3.12/site-packages/airflow/example_dags/example_bash_decorator.py
[2025-09-29T14:51:43.789+0000] {logging_mixin.py:190} INFO - [2025-09-29T14:51:43.789+0000] {dag.py:3239} INFO - Sync 1 DAGs
[2025-09-29T14:51:43.797+0000] {logging_mixin.py:190} INFO - [2025-09-29T14:51:43.797+0000] {dag.py:4180} INFO - Setting next_dagrun for example_bash_decorator to None, run_after=None
[2025-09-29T14:51:43.808+0000] {processor.py:208} INFO - Processing /home/airflow/.local/lib/python3.12/site-packages/airflow/example_dags/example_bash_decorator.py took 0.046 seconds
[2025-09-29T14:52:14.124+0000] {processor.py:186} INFO - Started process (PID=2333) to work on /home/airflow/.local/lib/python3.12/site-packages/airflow/example_dags/example_bash_decorator.py
[2025-09-29T14:52:14.124+0000] {processor.py:914} INFO - Processing file /home/airflow/.local/lib/python3.12/site-packages/airflow/example_dags/example_bash_decorator.py for tasks to queue
[2025-09-29T14:52:14.125+0000] {logging_mixin.py:190} INFO - [2025-09-29T14:52:14.125+0000] {dagbag.py:588} INFO - Filling up the DagBag from /home/airflow/.local/lib/python3.12/site-packages/airflow/example_dags/example_bash_decorator.py
[2025-09-29T14:52:14.135+0000] {processor.py:925} INFO - DAG(s) 'example_bash_decorator' retrieved from /home/airflow/.local/lib/python3.12/site-packages/airflow/example_dags/example_bash_decorator.py
[2025-09-29T14:52:14.155+0000] {logging_mixin.py:190} INFO - [2025-09-29T14:52:14.155+0000] {dag.py:3239} INFO - Sync 1 DAGs
[2025-09-29T14:52:14.164+0000] {logging_mixin.py:190} INFO - [2025-09-29T14:52:14.163+0000] {dag.py:4180} INFO - Setting next_dagrun for example_bash_decorator to None, run_after=None
[2025-09-29T14:52:14.176+0000] {processor.py:208} INFO - Processing /home/airflow/.local/lib/python3.12/site-packages/airflow/example_dags/example_bash_decorator.py took 0.057 seconds
[2025-09-29T14:52:44.313+0000] {processor.py:186} INFO - Started process (PID=2396) to work on /home/airflow/.local/lib/python3.12/site-packages/airflow/example_dags/example_bash_decorator.py
[2025-09-29T14:52:44.314+0000] {processor.py:914} INFO - Processing file /home/airflow/.local/lib/python3.12/site-packages/airflow/example_dags/example_bash_decorator.py for tasks to queue
[2025-09-29T14:52:44.314+0000] {logging_mixin.py:190} INFO - [2025-09-29T14:52:44.314+0000] {dagbag.py:588} INFO - Filling up the DagBag from /home/airflow/.local/lib/python3.12/site-packages/airflow/example_dags/example_bash_decorator.py
[2025-09-29T14:52:44.321+0000] {processor.py:925} INFO - DAG(s) 'example_bash_decorator' retrieved from /home/airflow/.local/lib/python3.12/site-packages/airflow/example_dags/example_bash_decorator.py
[2025-09-29T14:52:44.333+0000] {logging_mixin.py:190} INFO - [2025-09-29T14:52:44.332+0000] {dag.py:3239} INFO - Sync 1 DAGs
[2025-09-29T14:52:44.339+0000] {logging_mixin.py:190} INFO - [2025-09-29T14:52:44.339+0000] {dag.py:4180} INFO - Setting next_dagrun for example_bash_decorator to None, run_after=None
[2025-09-29T14:52:44.347+0000] {processor.py:208} INFO - Processing /home/airflow/.local/lib/python3.12/site-packages/airflow/example_dags/example_bash_decorator.py took 0.036 seconds
[2025-09-29T14:53:14.455+0000] {processor.py:186} INFO - Started process (PID=2459) to work on /home/airflow/.local/lib/python3.12/site-packages/airflow/example_dags/example_bash_decorator.py
[2025-09-29T14:53:14.459+0000] {processor.py:914} INFO - Processing file /home/airflow/.local/lib/python3.12/site-packages/airflow/example_dags/example_bash_decorator.py for tasks to queue
[2025-09-29T14:53:14.459+0000] {logging_mixin.py:190} INFO - [2025-09-29T14:53:14.459+0000] {dagbag.py:588} INFO - Filling up the DagBag from /home/airflow/.local/lib/python3.12/site-packages/airflow/example_dags/example_bash_decorator.py
[2025-09-29T14:53:14.467+0000] {processor.py:925} INFO - DAG(s) 'example_bash_decorator' retrieved from /home/airflow/.local/lib/python3.12/site-packages/airflow/example_dags/example_bash_decorator.py
[2025-09-29T14:53:14.481+0000] {logging_mixin.py:190} INFO - [2025-09-29T14:53:14.481+0000] {dag.py:3239} INFO - Sync 1 DAGs
[2025-09-29T14:53:14.489+0000] {logging_mixin.py:190} INFO - [2025-09-29T14:53:14.489+0000] {dag.py:4180} INFO - Setting next_dagrun for example_bash_decorator to None, run_after=None
[2025-09-29T14:53:14.499+0000] {processor.py:208} INFO - Processing /home/airflow/.local/lib/python3.12/site-packages/airflow/example_dags/example_bash_decorator.py took 0.048 seconds
[2025-09-29T14:53:44.808+0000] {processor.py:186} INFO - Started process (PID=2522) to work on /home/airflow/.local/lib/python3.12/site-packages/airflow/example_dags/example_bash_decorator.py
[2025-09-29T14:53:44.809+0000] {processor.py:914} INFO - Processing file /home/airflow/.local/lib/python3.12/site-packages/airflow/example_dags/example_bash_decorator.py for tasks to queue
[2025-09-29T14:53:44.810+0000] {logging_mixin.py:190} INFO - [2025-09-29T14:53:44.809+0000] {dagbag.py:588} INFO - Filling up the DagBag from /home/airflow/.local/lib/python3.12/site-packages/airflow/example_dags/example_bash_decorator.py
[2025-09-29T14:53:44.817+0000] {processor.py:925} INFO - DAG(s) 'example_bash_decorator' retrieved from /home/airflow/.local/lib/python3.12/site-packages/airflow/example_dags/example_bash_decorator.py
[2025-09-29T14:53:44.829+0000] {logging_mixin.py:190} INFO - [2025-09-29T14:53:44.828+0000] {dag.py:3239} INFO - Sync 1 DAGs
[2025-09-29T14:53:44.836+0000] {logging_mixin.py:190} INFO - [2025-09-29T14:53:44.836+0000] {dag.py:4180} INFO - Setting next_dagrun for example_bash_decorator to None, run_after=None
[2025-09-29T14:53:44.846+0000] {processor.py:208} INFO - Processing /home/airflow/.local/lib/python3.12/site-packages/airflow/example_dags/example_bash_decorator.py took 0.041 seconds
[2025-09-29T14:54:15.036+0000] {processor.py:186} INFO - Started process (PID=2585) to work on /home/airflow/.local/lib/python3.12/site-packages/airflow/example_dags/example_bash_decorator.py
[2025-09-29T14:54:15.038+0000] {processor.py:914} INFO - Processing file /home/airflow/.local/lib/python3.12/site-packages/airflow/example_dags/example_bash_decorator.py for tasks to queue
[2025-09-29T14:54:15.039+0000] {logging_mixin.py:190} INFO - [2025-09-29T14:54:15.039+0000] {dagbag.py:588} INFO - Filling up the DagBag from /home/airflow/.local/lib/python3.12/site-packages/airflow/example_dags/example_bash_decorator.py
[2025-09-29T14:54:15.047+0000] {processor.py:925} INFO - DAG(s) 'example_bash_decorator' retrieved from /home/airflow/.local/lib/python3.12/site-packages/airflow/example_dags/example_bash_decorator.py
[2025-09-29T14:54:15.064+0000] {logging_mixin.py:190} INFO - [2025-09-29T14:54:15.064+0000] {dag.py:3239} INFO - Sync 1 DAGs
[2025-09-29T14:54:15.071+0000] {logging_mixin.py:190} INFO - [2025-09-29T14:54:15.071+0000] {dag.py:4180} INFO - Setting next_dagrun for example_bash_decorator to None, run_after=None
[2025-09-29T14:54:15.080+0000] {processor.py:208} INFO - Processing /home/airflow/.local/lib/python3.12/site-packages/airflow/example_dags/example_bash_decorator.py took 0.047 seconds
[2025-09-29T14:54:45.407+0000] {processor.py:186} INFO - Started process (PID=2648) to work on /home/airflow/.local/lib/python3.12/site-packages/airflow/example_dags/example_bash_decorator.py
[2025-09-29T14:54:45.407+0000] {processor.py:914} INFO - Processing file /home/airflow/.local/lib/python3.12/site-packages/airflow/example_dags/example_bash_decorator.py for tasks to queue
[2025-09-29T14:54:45.408+0000] {logging_mixin.py:190} INFO - [2025-09-29T14:54:45.408+0000] {dagbag.py:588} INFO - Filling up the DagBag from /home/airflow/.local/lib/python3.12/site-packages/airflow/example_dags/example_bash_decorator.py
[2025-09-29T14:54:45.416+0000] {processor.py:925} INFO - DAG(s) 'example_bash_decorator' retrieved from /home/airflow/.local/lib/python3.12/site-packages/airflow/example_dags/example_bash_decorator.py
[2025-09-29T14:54:45.429+0000] {logging_mixin.py:190} INFO - [2025-09-29T14:54:45.429+0000] {dag.py:3239} INFO - Sync 1 DAGs
[2025-09-29T14:54:45.439+0000] {logging_mixin.py:190} INFO - [2025-09-29T14:54:45.439+0000] {dag.py:4180} INFO - Setting next_dagrun for example_bash_decorator to None, run_after=None
[2025-09-29T14:54:45.451+0000] {processor.py:208} INFO - Processing /home/airflow/.local/lib/python3.12/site-packages/airflow/example_dags/example_bash_decorator.py took 0.047 seconds
[2025-09-29T14:55:15.839+0000] {processor.py:186} INFO - Started process (PID=2711) to work on /home/airflow/.local/lib/python3.12/site-packages/airflow/example_dags/example_bash_decorator.py
[2025-09-29T14:55:15.839+0000] {processor.py:914} INFO - Processing file /home/airflow/.local/lib/python3.12/site-packages/airflow/example_dags/example_bash_decorator.py for tasks to queue
[2025-09-29T14:55:15.840+0000] {logging_mixin.py:190} INFO - [2025-09-29T14:55:15.840+0000] {dagbag.py:588} INFO - Filling up the DagBag from /home/airflow/.local/lib/python3.12/site-packages/airflow/example_dags/example_bash_decorator.py
[2025-09-29T14:55:15.850+0000] {processor.py:925} INFO - DAG(s) 'example_bash_decorator' retrieved from /home/airflow/.local/lib/python3.12/site-packages/airflow/example_dags/example_bash_decorator.py
[2025-09-29T14:55:15.864+0000] {logging_mixin.py:190} INFO - [2025-09-29T14:55:15.864+0000] {dag.py:3239} INFO - Sync 1 DAGs
[2025-09-29T14:55:15.871+0000] {logging_mixin.py:190} INFO - [2025-09-29T14:55:15.870+0000] {dag.py:4180} INFO - Setting next_dagrun for example_bash_decorator to None, run_after=None
[2025-09-29T14:55:15.884+0000] {processor.py:208} INFO - Processing /home/airflow/.local/lib/python3.12/site-packages/airflow/example_dags/example_bash_decorator.py took 0.048 seconds
[2025-09-29T14:55:46.261+0000] {processor.py:186} INFO - Started process (PID=2773) to work on /home/airflow/.local/lib/python3.12/site-packages/airflow/example_dags/example_bash_decorator.py
[2025-09-29T14:55:46.264+0000] {processor.py:914} INFO - Processing file /home/airflow/.local/lib/python3.12/site-packages/airflow/example_dags/example_bash_decorator.py for tasks to queue
[2025-09-29T14:55:46.265+0000] {logging_mixin.py:190} INFO - [2025-09-29T14:55:46.264+0000] {dagbag.py:588} INFO - Filling up the DagBag from /home/airflow/.local/lib/python3.12/site-packages/airflow/example_dags/example_bash_decorator.py
[2025-09-29T14:55:46.271+0000] {processor.py:925} INFO - DAG(s) 'example_bash_decorator' retrieved from /home/airflow/.local/lib/python3.12/site-packages/airflow/example_dags/example_bash_decorator.py
[2025-09-29T14:55:46.288+0000] {logging_mixin.py:190} INFO - [2025-09-29T14:55:46.288+0000] {dag.py:3239} INFO - Sync 1 DAGs
[2025-09-29T14:55:46.294+0000] {logging_mixin.py:190} INFO - [2025-09-29T14:55:46.294+0000] {dag.py:4180} INFO - Setting next_dagrun for example_bash_decorator to None, run_after=None
[2025-09-29T14:55:46.307+0000] {processor.py:208} INFO - Processing /home/airflow/.local/lib/python3.12/site-packages/airflow/example_dags/example_bash_decorator.py took 0.049 seconds
[2025-09-29T14:56:16.829+0000] {processor.py:186} INFO - Started process (PID=2836) to work on /home/airflow/.local/lib/python3.12/site-packages/airflow/example_dags/example_bash_decorator.py
[2025-09-29T14:56:16.830+0000] {processor.py:914} INFO - Processing file /home/airflow/.local/lib/python3.12/site-packages/airflow/example_dags/example_bash_decorator.py for tasks to queue
[2025-09-29T14:56:16.831+0000] {logging_mixin.py:190} INFO - [2025-09-29T14:56:16.831+0000] {dagbag.py:588} INFO - Filling up the DagBag from /home/airflow/.local/lib/python3.12/site-packages/airflow/example_dags/example_bash_decorator.py
[2025-09-29T14:56:16.839+0000] {processor.py:925} INFO - DAG(s) 'example_bash_decorator' retrieved from /home/airflow/.local/lib/python3.12/site-packages/airflow/example_dags/example_bash_decorator.py
[2025-09-29T14:56:16.855+0000] {logging_mixin.py:190} INFO - [2025-09-29T14:56:16.854+0000] {dag.py:3239} INFO - Sync 1 DAGs
[2025-09-29T14:56:16.863+0000] {logging_mixin.py:190} INFO - [2025-09-29T14:56:16.863+0000] {dag.py:4180} INFO - Setting next_dagrun for example_bash_decorator to None, run_after=None
[2025-09-29T14:56:16.873+0000] {processor.py:208} INFO - Processing /home/airflow/.local/lib/python3.12/site-packages/airflow/example_dags/example_bash_decorator.py took 0.047 seconds
[2025-09-29T14:56:47.238+0000] {processor.py:186} INFO - Started process (PID=2899) to work on /home/airflow/.local/lib/python3.12/site-packages/airflow/example_dags/example_bash_decorator.py
[2025-09-29T14:56:47.239+0000] {processor.py:914} INFO - Processing file /home/airflow/.local/lib/python3.12/site-packages/airflow/example_dags/example_bash_decorator.py for tasks to queue
[2025-09-29T14:56:47.239+0000] {logging_mixin.py:190} INFO - [2025-09-29T14:56:47.239+0000] {dagbag.py:588} INFO - Filling up the DagBag from /home/airflow/.local/lib/python3.12/site-packages/airflow/example_dags/example_bash_decorator.py
[2025-09-29T14:56:47.247+0000] {processor.py:925} INFO - DAG(s) 'example_bash_decorator' retrieved from /home/airflow/.local/lib/python3.12/site-packages/airflow/example_dags/example_bash_decorator.py
[2025-09-29T14:56:47.258+0000] {logging_mixin.py:190} INFO - [2025-09-29T14:56:47.258+0000] {dag.py:3239} INFO - Sync 1 DAGs
[2025-09-29T14:56:47.268+0000] {logging_mixin.py:190} INFO - [2025-09-29T14:56:47.268+0000] {dag.py:4180} INFO - Setting next_dagrun for example_bash_decorator to None, run_after=None
[2025-09-29T14:56:47.281+0000] {processor.py:208} INFO - Processing /home/airflow/.local/lib/python3.12/site-packages/airflow/example_dags/example_bash_decorator.py took 0.046 seconds
[2025-09-29T14:57:17.785+0000] {processor.py:186} INFO - Started process (PID=2962) to work on /home/airflow/.local/lib/python3.12/site-packages/airflow/example_dags/example_bash_decorator.py
[2025-09-29T14:57:17.786+0000] {processor.py:914} INFO - Processing file /home/airflow/.local/lib/python3.12/site-packages/airflow/example_dags/example_bash_decorator.py for tasks to queue
[2025-09-29T14:57:17.787+0000] {logging_mixin.py:190} INFO - [2025-09-29T14:57:17.787+0000] {dagbag.py:588} INFO - Filling up the DagBag from /home/airflow/.local/lib/python3.12/site-packages/airflow/example_dags/example_bash_decorator.py
[2025-09-29T14:57:17.798+0000] {processor.py:925} INFO - DAG(s) 'example_bash_decorator' retrieved from /home/airflow/.local/lib/python3.12/site-packages/airflow/example_dags/example_bash_decorator.py
[2025-09-29T14:57:17.809+0000] {logging_mixin.py:190} INFO - [2025-09-29T14:57:17.809+0000] {dag.py:3239} INFO - Sync 1 DAGs
[2025-09-29T14:57:17.816+0000] {logging_mixin.py:190} INFO - [2025-09-29T14:57:17.816+0000] {dag.py:4180} INFO - Setting next_dagrun for example_bash_decorator to None, run_after=None
[2025-09-29T14:57:17.826+0000] {processor.py:208} INFO - Processing /home/airflow/.local/lib/python3.12/site-packages/airflow/example_dags/example_bash_decorator.py took 0.044 seconds
[2025-09-29T14:57:48.457+0000] {processor.py:186} INFO - Started process (PID=3025) to work on /home/airflow/.local/lib/python3.12/site-packages/airflow/example_dags/example_bash_decorator.py
[2025-09-29T14:57:48.458+0000] {processor.py:914} INFO - Processing file /home/airflow/.local/lib/python3.12/site-packages/airflow/example_dags/example_bash_decorator.py for tasks to queue
[2025-09-29T14:57:48.460+0000] {logging_mixin.py:190} INFO - [2025-09-29T14:57:48.459+0000] {dagbag.py:588} INFO - Filling up the DagBag from /home/airflow/.local/lib/python3.12/site-packages/airflow/example_dags/example_bash_decorator.py
[2025-09-29T14:57:48.467+0000] {processor.py:925} INFO - DAG(s) 'example_bash_decorator' retrieved from /home/airflow/.local/lib/python3.12/site-packages/airflow/example_dags/example_bash_decorator.py
[2025-09-29T14:57:48.482+0000] {logging_mixin.py:190} INFO - [2025-09-29T14:57:48.482+0000] {dag.py:3239} INFO - Sync 1 DAGs
[2025-09-29T14:57:48.491+0000] {logging_mixin.py:190} INFO - [2025-09-29T14:57:48.491+0000] {dag.py:4180} INFO - Setting next_dagrun for example_bash_decorator to None, run_after=None
[2025-09-29T14:57:48.501+0000] {processor.py:208} INFO - Processing /home/airflow/.local/lib/python3.12/site-packages/airflow/example_dags/example_bash_decorator.py took 0.047 seconds
[2025-09-29T14:58:19.167+0000] {processor.py:186} INFO - Started process (PID=3087) to work on /home/airflow/.local/lib/python3.12/site-packages/airflow/example_dags/example_bash_decorator.py
[2025-09-29T14:58:19.168+0000] {processor.py:914} INFO - Processing file /home/airflow/.local/lib/python3.12/site-packages/airflow/example_dags/example_bash_decorator.py for tasks to queue
[2025-09-29T14:58:19.168+0000] {logging_mixin.py:190} INFO - [2025-09-29T14:58:19.168+0000] {dagbag.py:588} INFO - Filling up the DagBag from /home/airflow/.local/lib/python3.12/site-packages/airflow/example_dags/example_bash_decorator.py
[2025-09-29T14:58:19.176+0000] {processor.py:925} INFO - DAG(s) 'example_bash_decorator' retrieved from /home/airflow/.local/lib/python3.12/site-packages/airflow/example_dags/example_bash_decorator.py
[2025-09-29T14:58:19.187+0000] {logging_mixin.py:190} INFO - [2025-09-29T14:58:19.187+0000] {dag.py:3239} INFO - Sync 1 DAGs
[2025-09-29T14:58:19.195+0000] {logging_mixin.py:190} INFO - [2025-09-29T14:58:19.195+0000] {dag.py:4180} INFO - Setting next_dagrun for example_bash_decorator to None, run_after=None
[2025-09-29T14:58:19.207+0000] {processor.py:208} INFO - Processing /home/airflow/.local/lib/python3.12/site-packages/airflow/example_dags/example_bash_decorator.py took 0.043 seconds
[2025-09-29T14:58:49.784+0000] {processor.py:186} INFO - Started process (PID=3150) to work on /home/airflow/.local/lib/python3.12/site-packages/airflow/example_dags/example_bash_decorator.py
[2025-09-29T14:58:49.787+0000] {processor.py:914} INFO - Processing file /home/airflow/.local/lib/python3.12/site-packages/airflow/example_dags/example_bash_decorator.py for tasks to queue
[2025-09-29T14:58:49.787+0000] {logging_mixin.py:190} INFO - [2025-09-29T14:58:49.787+0000] {dagbag.py:588} INFO - Filling up the DagBag from /home/airflow/.local/lib/python3.12/site-packages/airflow/example_dags/example_bash_decorator.py
[2025-09-29T14:58:49.795+0000] {processor.py:925} INFO - DAG(s) 'example_bash_decorator' retrieved from /home/airflow/.local/lib/python3.12/site-packages/airflow/example_dags/example_bash_decorator.py
[2025-09-29T14:58:49.807+0000] {logging_mixin.py:190} INFO - [2025-09-29T14:58:49.807+0000] {dag.py:3239} INFO - Sync 1 DAGs
[2025-09-29T14:58:49.815+0000] {logging_mixin.py:190} INFO - [2025-09-29T14:58:49.815+0000] {dag.py:4180} INFO - Setting next_dagrun for example_bash_decorator to None, run_after=None
[2025-09-29T14:58:49.826+0000] {processor.py:208} INFO - Processing /home/airflow/.local/lib/python3.12/site-packages/airflow/example_dags/example_bash_decorator.py took 0.045 seconds
[2025-09-29T14:59:20.396+0000] {processor.py:186} INFO - Started process (PID=3213) to work on /home/airflow/.local/lib/python3.12/site-packages/airflow/example_dags/example_bash_decorator.py
[2025-09-29T14:59:20.396+0000] {processor.py:914} INFO - Processing file /home/airflow/.local/lib/python3.12/site-packages/airflow/example_dags/example_bash_decorator.py for tasks to queue
[2025-09-29T14:59:20.397+0000] {logging_mixin.py:190} INFO - [2025-09-29T14:59:20.397+0000] {dagbag.py:588} INFO - Filling up the DagBag from /home/airflow/.local/lib/python3.12/site-packages/airflow/example_dags/example_bash_decorator.py
[2025-09-29T14:59:20.405+0000] {processor.py:925} INFO - DAG(s) 'example_bash_decorator' retrieved from /home/airflow/.local/lib/python3.12/site-packages/airflow/example_dags/example_bash_decorator.py
[2025-09-29T14:59:20.421+0000] {logging_mixin.py:190} INFO - [2025-09-29T14:59:20.421+0000] {dag.py:3239} INFO - Sync 1 DAGs
[2025-09-29T14:59:20.427+0000] {logging_mixin.py:190} INFO - [2025-09-29T14:59:20.427+0000] {dag.py:4180} INFO - Setting next_dagrun for example_bash_decorator to None, run_after=None
[2025-09-29T14:59:20.441+0000] {processor.py:208} INFO - Processing /home/airflow/.local/lib/python3.12/site-packages/airflow/example_dags/example_bash_decorator.py took 0.048 seconds
[2025-09-29T14:59:50.960+0000] {processor.py:186} INFO - Started process (PID=3276) to work on /home/airflow/.local/lib/python3.12/site-packages/airflow/example_dags/example_bash_decorator.py
[2025-09-29T14:59:50.961+0000] {processor.py:914} INFO - Processing file /home/airflow/.local/lib/python3.12/site-packages/airflow/example_dags/example_bash_decorator.py for tasks to queue
[2025-09-29T14:59:50.961+0000] {logging_mixin.py:190} INFO - [2025-09-29T14:59:50.961+0000] {dagbag.py:588} INFO - Filling up the DagBag from /home/airflow/.local/lib/python3.12/site-packages/airflow/example_dags/example_bash_decorator.py
[2025-09-29T14:59:50.969+0000] {processor.py:925} INFO - DAG(s) 'example_bash_decorator' retrieved from /home/airflow/.local/lib/python3.12/site-packages/airflow/example_dags/example_bash_decorator.py
[2025-09-29T14:59:50.980+0000] {logging_mixin.py:190} INFO - [2025-09-29T14:59:50.979+0000] {dag.py:3239} INFO - Sync 1 DAGs
[2025-09-29T14:59:50.987+0000] {logging_mixin.py:190} INFO - [2025-09-29T14:59:50.987+0000] {dag.py:4180} INFO - Setting next_dagrun for example_bash_decorator to None, run_after=None
[2025-09-29T14:59:50.998+0000] {processor.py:208} INFO - Processing /home/airflow/.local/lib/python3.12/site-packages/airflow/example_dags/example_bash_decorator.py took 0.041 seconds
[2025-09-29T15:00:21.542+0000] {processor.py:186} INFO - Started process (PID=3339) to work on /home/airflow/.local/lib/python3.12/site-packages/airflow/example_dags/example_bash_decorator.py
[2025-09-29T15:00:21.543+0000] {processor.py:914} INFO - Processing file /home/airflow/.local/lib/python3.12/site-packages/airflow/example_dags/example_bash_decorator.py for tasks to queue
[2025-09-29T15:00:21.544+0000] {logging_mixin.py:190} INFO - [2025-09-29T15:00:21.544+0000] {dagbag.py:588} INFO - Filling up the DagBag from /home/airflow/.local/lib/python3.12/site-packages/airflow/example_dags/example_bash_decorator.py
[2025-09-29T15:00:21.552+0000] {processor.py:925} INFO - DAG(s) 'example_bash_decorator' retrieved from /home/airflow/.local/lib/python3.12/site-packages/airflow/example_dags/example_bash_decorator.py
[2025-09-29T15:00:21.570+0000] {logging_mixin.py:190} INFO - [2025-09-29T15:00:21.570+0000] {dag.py:3239} INFO - Sync 1 DAGs
[2025-09-29T15:00:21.577+0000] {logging_mixin.py:190} INFO - [2025-09-29T15:00:21.576+0000] {dag.py:4180} INFO - Setting next_dagrun for example_bash_decorator to None, run_after=None
[2025-09-29T15:00:21.586+0000] {processor.py:208} INFO - Processing /home/airflow/.local/lib/python3.12/site-packages/airflow/example_dags/example_bash_decorator.py took 0.047 seconds
[2025-09-29T15:00:52.114+0000] {processor.py:186} INFO - Started process (PID=3402) to work on /home/airflow/.local/lib/python3.12/site-packages/airflow/example_dags/example_bash_decorator.py
[2025-09-29T15:00:52.115+0000] {processor.py:914} INFO - Processing file /home/airflow/.local/lib/python3.12/site-packages/airflow/example_dags/example_bash_decorator.py for tasks to queue
[2025-09-29T15:00:52.115+0000] {logging_mixin.py:190} INFO - [2025-09-29T15:00:52.115+0000] {dagbag.py:588} INFO - Filling up the DagBag from /home/airflow/.local/lib/python3.12/site-packages/airflow/example_dags/example_bash_decorator.py
[2025-09-29T15:00:52.124+0000] {processor.py:925} INFO - DAG(s) 'example_bash_decorator' retrieved from /home/airflow/.local/lib/python3.12/site-packages/airflow/example_dags/example_bash_decorator.py
[2025-09-29T15:00:52.142+0000] {logging_mixin.py:190} INFO - [2025-09-29T15:00:52.142+0000] {dag.py:3239} INFO - Sync 1 DAGs
[2025-09-29T15:00:52.149+0000] {logging_mixin.py:190} INFO - [2025-09-29T15:00:52.149+0000] {dag.py:4180} INFO - Setting next_dagrun for example_bash_decorator to None, run_after=None
[2025-09-29T15:00:52.161+0000] {processor.py:208} INFO - Processing /home/airflow/.local/lib/python3.12/site-packages/airflow/example_dags/example_bash_decorator.py took 0.050 seconds
[2025-09-29T15:01:22.736+0000] {processor.py:186} INFO - Started process (PID=3465) to work on /home/airflow/.local/lib/python3.12/site-packages/airflow/example_dags/example_bash_decorator.py
[2025-09-29T15:01:22.738+0000] {processor.py:914} INFO - Processing file /home/airflow/.local/lib/python3.12/site-packages/airflow/example_dags/example_bash_decorator.py for tasks to queue
[2025-09-29T15:01:22.738+0000] {logging_mixin.py:190} INFO - [2025-09-29T15:01:22.738+0000] {dagbag.py:588} INFO - Filling up the DagBag from /home/airflow/.local/lib/python3.12/site-packages/airflow/example_dags/example_bash_decorator.py
[2025-09-29T15:01:22.747+0000] {processor.py:925} INFO - DAG(s) 'example_bash_decorator' retrieved from /home/airflow/.local/lib/python3.12/site-packages/airflow/example_dags/example_bash_decorator.py
[2025-09-29T15:01:22.759+0000] {logging_mixin.py:190} INFO - [2025-09-29T15:01:22.759+0000] {dag.py:3239} INFO - Sync 1 DAGs
[2025-09-29T15:01:22.770+0000] {logging_mixin.py:190} INFO - [2025-09-29T15:01:22.770+0000] {dag.py:4180} INFO - Setting next_dagrun for example_bash_decorator to None, run_after=None
[2025-09-29T15:01:22.782+0000] {processor.py:208} INFO - Processing /home/airflow/.local/lib/python3.12/site-packages/airflow/example_dags/example_bash_decorator.py took 0.050 seconds
[2025-09-29T15:01:53.257+0000] {processor.py:186} INFO - Started process (PID=3527) to work on /home/airflow/.local/lib/python3.12/site-packages/airflow/example_dags/example_bash_decorator.py
[2025-09-29T15:01:53.259+0000] {processor.py:914} INFO - Processing file /home/airflow/.local/lib/python3.12/site-packages/airflow/example_dags/example_bash_decorator.py for tasks to queue
[2025-09-29T15:01:53.260+0000] {logging_mixin.py:190} INFO - [2025-09-29T15:01:53.260+0000] {dagbag.py:588} INFO - Filling up the DagBag from /home/airflow/.local/lib/python3.12/site-packages/airflow/example_dags/example_bash_decorator.py
[2025-09-29T15:01:53.267+0000] {processor.py:925} INFO - DAG(s) 'example_bash_decorator' retrieved from /home/airflow/.local/lib/python3.12/site-packages/airflow/example_dags/example_bash_decorator.py
[2025-09-29T15:01:53.280+0000] {logging_mixin.py:190} INFO - [2025-09-29T15:01:53.280+0000] {dag.py:3239} INFO - Sync 1 DAGs
[2025-09-29T15:01:53.288+0000] {logging_mixin.py:190} INFO - [2025-09-29T15:01:53.288+0000] {dag.py:4180} INFO - Setting next_dagrun for example_bash_decorator to None, run_after=None
[2025-09-29T15:01:53.300+0000] {processor.py:208} INFO - Processing /home/airflow/.local/lib/python3.12/site-packages/airflow/example_dags/example_bash_decorator.py took 0.045 seconds
[2025-09-29T15:02:23.859+0000] {processor.py:186} INFO - Started process (PID=3591) to work on /home/airflow/.local/lib/python3.12/site-packages/airflow/example_dags/example_bash_decorator.py
[2025-09-29T15:02:23.860+0000] {processor.py:914} INFO - Processing file /home/airflow/.local/lib/python3.12/site-packages/airflow/example_dags/example_bash_decorator.py for tasks to queue
[2025-09-29T15:02:23.861+0000] {logging_mixin.py:190} INFO - [2025-09-29T15:02:23.861+0000] {dagbag.py:588} INFO - Filling up the DagBag from /home/airflow/.local/lib/python3.12/site-packages/airflow/example_dags/example_bash_decorator.py
[2025-09-29T15:02:23.869+0000] {processor.py:925} INFO - DAG(s) 'example_bash_decorator' retrieved from /home/airflow/.local/lib/python3.12/site-packages/airflow/example_dags/example_bash_decorator.py
[2025-09-29T15:02:23.882+0000] {logging_mixin.py:190} INFO - [2025-09-29T15:02:23.882+0000] {dag.py:3239} INFO - Sync 1 DAGs
[2025-09-29T15:02:23.890+0000] {logging_mixin.py:190} INFO - [2025-09-29T15:02:23.889+0000] {dag.py:4180} INFO - Setting next_dagrun for example_bash_decorator to None, run_after=None
[2025-09-29T15:02:23.901+0000] {processor.py:208} INFO - Processing /home/airflow/.local/lib/python3.12/site-packages/airflow/example_dags/example_bash_decorator.py took 0.045 seconds
