[2025-09-29T14:34:29.610+0000] {processor.py:186} INFO - Started process (PID=66) to work on /home/airflow/.local/lib/python3.12/site-packages/airflow/example_dags/example_branch_labels.py
[2025-09-29T14:34:29.612+0000] {processor.py:914} INFO - Processing file /home/airflow/.local/lib/python3.12/site-packages/airflow/example_dags/example_branch_labels.py for tasks to queue
[2025-09-29T14:34:29.614+0000] {logging_mixin.py:190} INFO - [2025-09-29T14:34:29.614+0000] {dagbag.py:588} INFO - Filling up the DagBag from /home/airflow/.local/lib/python3.12/site-packages/airflow/example_dags/example_branch_labels.py
[2025-09-29T14:34:29.620+0000] {processor.py:925} INFO - DAG(s) 'example_branch_labels' retrieved from /home/airflow/.local/lib/python3.12/site-packages/airflow/example_dags/example_branch_labels.py
[2025-09-29T14:34:29.638+0000] {logging_mixin.py:190} INFO - [2025-09-29T14:34:29.638+0000] {dag.py:3239} INFO - Sync 1 DAGs
[2025-09-29T14:34:29.656+0000] {logging_mixin.py:190} INFO - [2025-09-29T14:34:29.656+0000] {dag.py:4180} INFO - Setting next_dagrun for example_branch_labels to 2025-09-28 00:00:00+00:00, run_after=2025-09-29 00:00:00+00:00
[2025-09-29T14:34:29.666+0000] {processor.py:208} INFO - Processing /home/airflow/.local/lib/python3.12/site-packages/airflow/example_dags/example_branch_labels.py took 0.060 seconds
[2025-09-29T14:34:59.750+0000] {processor.py:186} INFO - Started process (PID=134) to work on /home/airflow/.local/lib/python3.12/site-packages/airflow/example_dags/example_branch_labels.py
[2025-09-29T14:34:59.751+0000] {processor.py:914} INFO - Processing file /home/airflow/.local/lib/python3.12/site-packages/airflow/example_dags/example_branch_labels.py for tasks to queue
[2025-09-29T14:34:59.752+0000] {logging_mixin.py:190} INFO - [2025-09-29T14:34:59.752+0000] {dagbag.py:588} INFO - Filling up the DagBag from /home/airflow/.local/lib/python3.12/site-packages/airflow/example_dags/example_branch_labels.py
[2025-09-29T14:34:59.757+0000] {processor.py:925} INFO - DAG(s) 'example_branch_labels' retrieved from /home/airflow/.local/lib/python3.12/site-packages/airflow/example_dags/example_branch_labels.py
[2025-09-29T14:34:59.770+0000] {logging_mixin.py:190} INFO - [2025-09-29T14:34:59.770+0000] {dag.py:3239} INFO - Sync 1 DAGs
[2025-09-29T14:34:59.786+0000] {logging_mixin.py:190} INFO - [2025-09-29T14:34:59.786+0000] {dag.py:4180} INFO - Setting next_dagrun for example_branch_labels to 2025-09-28 00:00:00+00:00, run_after=2025-09-29 00:00:00+00:00
[2025-09-29T14:34:59.803+0000] {processor.py:208} INFO - Processing /home/airflow/.local/lib/python3.12/site-packages/airflow/example_dags/example_branch_labels.py took 0.056 seconds
[2025-09-29T14:35:30.049+0000] {processor.py:186} INFO - Started process (PID=198) to work on /home/airflow/.local/lib/python3.12/site-packages/airflow/example_dags/example_branch_labels.py
[2025-09-29T14:35:30.049+0000] {processor.py:914} INFO - Processing file /home/airflow/.local/lib/python3.12/site-packages/airflow/example_dags/example_branch_labels.py for tasks to queue
[2025-09-29T14:35:30.050+0000] {logging_mixin.py:190} INFO - [2025-09-29T14:35:30.050+0000] {dagbag.py:588} INFO - Filling up the DagBag from /home/airflow/.local/lib/python3.12/site-packages/airflow/example_dags/example_branch_labels.py
[2025-09-29T14:35:30.055+0000] {processor.py:925} INFO - DAG(s) 'example_branch_labels' retrieved from /home/airflow/.local/lib/python3.12/site-packages/airflow/example_dags/example_branch_labels.py
[2025-09-29T14:35:30.067+0000] {logging_mixin.py:190} INFO - [2025-09-29T14:35:30.067+0000] {dag.py:3239} INFO - Sync 1 DAGs
[2025-09-29T14:35:30.080+0000] {logging_mixin.py:190} INFO - [2025-09-29T14:35:30.080+0000] {dag.py:4180} INFO - Setting next_dagrun for example_branch_labels to 2025-09-28 00:00:00+00:00, run_after=2025-09-29 00:00:00+00:00
[2025-09-29T14:35:30.094+0000] {processor.py:208} INFO - Processing /home/airflow/.local/lib/python3.12/site-packages/airflow/example_dags/example_branch_labels.py took 0.049 seconds
[2025-09-29T14:36:00.276+0000] {processor.py:186} INFO - Started process (PID=262) to work on /home/airflow/.local/lib/python3.12/site-packages/airflow/example_dags/example_branch_labels.py
[2025-09-29T14:36:00.277+0000] {processor.py:914} INFO - Processing file /home/airflow/.local/lib/python3.12/site-packages/airflow/example_dags/example_branch_labels.py for tasks to queue
[2025-09-29T14:36:00.278+0000] {logging_mixin.py:190} INFO - [2025-09-29T14:36:00.278+0000] {dagbag.py:588} INFO - Filling up the DagBag from /home/airflow/.local/lib/python3.12/site-packages/airflow/example_dags/example_branch_labels.py
[2025-09-29T14:36:00.283+0000] {processor.py:925} INFO - DAG(s) 'example_branch_labels' retrieved from /home/airflow/.local/lib/python3.12/site-packages/airflow/example_dags/example_branch_labels.py
[2025-09-29T14:36:00.295+0000] {logging_mixin.py:190} INFO - [2025-09-29T14:36:00.295+0000] {dag.py:3239} INFO - Sync 1 DAGs
[2025-09-29T14:36:00.308+0000] {logging_mixin.py:190} INFO - [2025-09-29T14:36:00.308+0000] {dag.py:4180} INFO - Setting next_dagrun for example_branch_labels to 2025-09-28 00:00:00+00:00, run_after=2025-09-29 00:00:00+00:00
[2025-09-29T14:36:00.319+0000] {processor.py:208} INFO - Processing /home/airflow/.local/lib/python3.12/site-packages/airflow/example_dags/example_branch_labels.py took 0.045 seconds
[2025-09-29T14:36:30.419+0000] {processor.py:186} INFO - Started process (PID=326) to work on /home/airflow/.local/lib/python3.12/site-packages/airflow/example_dags/example_branch_labels.py
[2025-09-29T14:36:30.419+0000] {processor.py:914} INFO - Processing file /home/airflow/.local/lib/python3.12/site-packages/airflow/example_dags/example_branch_labels.py for tasks to queue
[2025-09-29T14:36:30.421+0000] {logging_mixin.py:190} INFO - [2025-09-29T14:36:30.421+0000] {dagbag.py:588} INFO - Filling up the DagBag from /home/airflow/.local/lib/python3.12/site-packages/airflow/example_dags/example_branch_labels.py
[2025-09-29T14:36:30.426+0000] {processor.py:925} INFO - DAG(s) 'example_branch_labels' retrieved from /home/airflow/.local/lib/python3.12/site-packages/airflow/example_dags/example_branch_labels.py
[2025-09-29T14:36:30.440+0000] {logging_mixin.py:190} INFO - [2025-09-29T14:36:30.440+0000] {dag.py:3239} INFO - Sync 1 DAGs
[2025-09-29T14:36:30.453+0000] {logging_mixin.py:190} INFO - [2025-09-29T14:36:30.453+0000] {dag.py:4180} INFO - Setting next_dagrun for example_branch_labels to 2025-09-28 00:00:00+00:00, run_after=2025-09-29 00:00:00+00:00
[2025-09-29T14:36:30.462+0000] {processor.py:208} INFO - Processing /home/airflow/.local/lib/python3.12/site-packages/airflow/example_dags/example_branch_labels.py took 0.046 seconds
[2025-09-29T14:37:00.660+0000] {processor.py:186} INFO - Started process (PID=390) to work on /home/airflow/.local/lib/python3.12/site-packages/airflow/example_dags/example_branch_labels.py
[2025-09-29T14:37:00.661+0000] {processor.py:914} INFO - Processing file /home/airflow/.local/lib/python3.12/site-packages/airflow/example_dags/example_branch_labels.py for tasks to queue
[2025-09-29T14:37:00.662+0000] {logging_mixin.py:190} INFO - [2025-09-29T14:37:00.662+0000] {dagbag.py:588} INFO - Filling up the DagBag from /home/airflow/.local/lib/python3.12/site-packages/airflow/example_dags/example_branch_labels.py
[2025-09-29T14:37:00.668+0000] {processor.py:925} INFO - DAG(s) 'example_branch_labels' retrieved from /home/airflow/.local/lib/python3.12/site-packages/airflow/example_dags/example_branch_labels.py
[2025-09-29T14:37:00.683+0000] {logging_mixin.py:190} INFO - [2025-09-29T14:37:00.683+0000] {dag.py:3239} INFO - Sync 1 DAGs
[2025-09-29T14:37:00.695+0000] {logging_mixin.py:190} INFO - [2025-09-29T14:37:00.695+0000] {dag.py:4180} INFO - Setting next_dagrun for example_branch_labels to 2025-09-28 00:00:00+00:00, run_after=2025-09-29 00:00:00+00:00
[2025-09-29T14:37:00.710+0000] {processor.py:208} INFO - Processing /home/airflow/.local/lib/python3.12/site-packages/airflow/example_dags/example_branch_labels.py took 0.054 seconds
[2025-09-29T14:37:30.991+0000] {processor.py:186} INFO - Started process (PID=459) to work on /home/airflow/.local/lib/python3.12/site-packages/airflow/example_dags/example_branch_labels.py
[2025-09-29T14:37:30.992+0000] {processor.py:914} INFO - Processing file /home/airflow/.local/lib/python3.12/site-packages/airflow/example_dags/example_branch_labels.py for tasks to queue
[2025-09-29T14:37:30.993+0000] {logging_mixin.py:190} INFO - [2025-09-29T14:37:30.993+0000] {dagbag.py:588} INFO - Filling up the DagBag from /home/airflow/.local/lib/python3.12/site-packages/airflow/example_dags/example_branch_labels.py
[2025-09-29T14:37:30.998+0000] {processor.py:925} INFO - DAG(s) 'example_branch_labels' retrieved from /home/airflow/.local/lib/python3.12/site-packages/airflow/example_dags/example_branch_labels.py
[2025-09-29T14:37:31.015+0000] {logging_mixin.py:190} INFO - [2025-09-29T14:37:31.015+0000] {dag.py:3239} INFO - Sync 1 DAGs
[2025-09-29T14:37:31.032+0000] {logging_mixin.py:190} INFO - [2025-09-29T14:37:31.032+0000] {dag.py:4180} INFO - Setting next_dagrun for example_branch_labels to 2025-09-28 00:00:00+00:00, run_after=2025-09-29 00:00:00+00:00
[2025-09-29T14:37:31.045+0000] {processor.py:208} INFO - Processing /home/airflow/.local/lib/python3.12/site-packages/airflow/example_dags/example_branch_labels.py took 0.057 seconds
[2025-09-29T14:38:01.399+0000] {processor.py:186} INFO - Started process (PID=523) to work on /home/airflow/.local/lib/python3.12/site-packages/airflow/example_dags/example_branch_labels.py
[2025-09-29T14:38:01.401+0000] {processor.py:914} INFO - Processing file /home/airflow/.local/lib/python3.12/site-packages/airflow/example_dags/example_branch_labels.py for tasks to queue
[2025-09-29T14:38:01.404+0000] {logging_mixin.py:190} INFO - [2025-09-29T14:38:01.404+0000] {dagbag.py:588} INFO - Filling up the DagBag from /home/airflow/.local/lib/python3.12/site-packages/airflow/example_dags/example_branch_labels.py
[2025-09-29T14:38:01.410+0000] {processor.py:925} INFO - DAG(s) 'example_branch_labels' retrieved from /home/airflow/.local/lib/python3.12/site-packages/airflow/example_dags/example_branch_labels.py
[2025-09-29T14:38:01.426+0000] {logging_mixin.py:190} INFO - [2025-09-29T14:38:01.426+0000] {dag.py:3239} INFO - Sync 1 DAGs
[2025-09-29T14:38:01.436+0000] {logging_mixin.py:190} INFO - [2025-09-29T14:38:01.436+0000] {dag.py:4180} INFO - Setting next_dagrun for example_branch_labels to 2025-09-28 00:00:00+00:00, run_after=2025-09-29 00:00:00+00:00
[2025-09-29T14:38:01.445+0000] {processor.py:208} INFO - Processing /home/airflow/.local/lib/python3.12/site-packages/airflow/example_dags/example_branch_labels.py took 0.049 seconds
[2025-09-29T14:38:31.782+0000] {processor.py:186} INFO - Started process (PID=595) to work on /home/airflow/.local/lib/python3.12/site-packages/airflow/example_dags/example_branch_labels.py
[2025-09-29T14:38:31.782+0000] {processor.py:914} INFO - Processing file /home/airflow/.local/lib/python3.12/site-packages/airflow/example_dags/example_branch_labels.py for tasks to queue
[2025-09-29T14:38:31.784+0000] {logging_mixin.py:190} INFO - [2025-09-29T14:38:31.784+0000] {dagbag.py:588} INFO - Filling up the DagBag from /home/airflow/.local/lib/python3.12/site-packages/airflow/example_dags/example_branch_labels.py
[2025-09-29T14:38:31.789+0000] {processor.py:925} INFO - DAG(s) 'example_branch_labels' retrieved from /home/airflow/.local/lib/python3.12/site-packages/airflow/example_dags/example_branch_labels.py
[2025-09-29T14:38:31.805+0000] {logging_mixin.py:190} INFO - [2025-09-29T14:38:31.805+0000] {dag.py:3239} INFO - Sync 1 DAGs
[2025-09-29T14:38:31.815+0000] {logging_mixin.py:190} INFO - [2025-09-29T14:38:31.815+0000] {dag.py:4180} INFO - Setting next_dagrun for example_branch_labels to 2025-09-28 00:00:00+00:00, run_after=2025-09-29 00:00:00+00:00
[2025-09-29T14:38:31.824+0000] {processor.py:208} INFO - Processing /home/airflow/.local/lib/python3.12/site-packages/airflow/example_dags/example_branch_labels.py took 0.046 seconds
[2025-09-29T14:39:02.204+0000] {processor.py:186} INFO - Started process (PID=658) to work on /home/airflow/.local/lib/python3.12/site-packages/airflow/example_dags/example_branch_labels.py
[2025-09-29T14:39:02.205+0000] {processor.py:914} INFO - Processing file /home/airflow/.local/lib/python3.12/site-packages/airflow/example_dags/example_branch_labels.py for tasks to queue
[2025-09-29T14:39:02.208+0000] {logging_mixin.py:190} INFO - [2025-09-29T14:39:02.208+0000] {dagbag.py:588} INFO - Filling up the DagBag from /home/airflow/.local/lib/python3.12/site-packages/airflow/example_dags/example_branch_labels.py
[2025-09-29T14:39:02.213+0000] {processor.py:925} INFO - DAG(s) 'example_branch_labels' retrieved from /home/airflow/.local/lib/python3.12/site-packages/airflow/example_dags/example_branch_labels.py
[2025-09-29T14:39:02.229+0000] {logging_mixin.py:190} INFO - [2025-09-29T14:39:02.229+0000] {dag.py:3239} INFO - Sync 1 DAGs
[2025-09-29T14:39:02.239+0000] {logging_mixin.py:190} INFO - [2025-09-29T14:39:02.239+0000] {dag.py:4180} INFO - Setting next_dagrun for example_branch_labels to 2025-09-28 00:00:00+00:00, run_after=2025-09-29 00:00:00+00:00
[2025-09-29T14:39:02.248+0000] {processor.py:208} INFO - Processing /home/airflow/.local/lib/python3.12/site-packages/airflow/example_dags/example_branch_labels.py took 0.048 seconds
[2025-09-29T14:39:32.772+0000] {processor.py:186} INFO - Started process (PID=721) to work on /home/airflow/.local/lib/python3.12/site-packages/airflow/example_dags/example_branch_labels.py
[2025-09-29T14:39:32.773+0000] {processor.py:914} INFO - Processing file /home/airflow/.local/lib/python3.12/site-packages/airflow/example_dags/example_branch_labels.py for tasks to queue
[2025-09-29T14:39:32.774+0000] {logging_mixin.py:190} INFO - [2025-09-29T14:39:32.774+0000] {dagbag.py:588} INFO - Filling up the DagBag from /home/airflow/.local/lib/python3.12/site-packages/airflow/example_dags/example_branch_labels.py
[2025-09-29T14:39:32.780+0000] {processor.py:925} INFO - DAG(s) 'example_branch_labels' retrieved from /home/airflow/.local/lib/python3.12/site-packages/airflow/example_dags/example_branch_labels.py
[2025-09-29T14:39:32.792+0000] {logging_mixin.py:190} INFO - [2025-09-29T14:39:32.792+0000] {dag.py:3239} INFO - Sync 1 DAGs
[2025-09-29T14:39:32.805+0000] {logging_mixin.py:190} INFO - [2025-09-29T14:39:32.805+0000] {dag.py:4180} INFO - Setting next_dagrun for example_branch_labels to 2025-09-28 00:00:00+00:00, run_after=2025-09-29 00:00:00+00:00
[2025-09-29T14:39:32.819+0000] {processor.py:208} INFO - Processing /home/airflow/.local/lib/python3.12/site-packages/airflow/example_dags/example_branch_labels.py took 0.051 seconds
[2025-09-29T14:40:03.256+0000] {processor.py:186} INFO - Started process (PID=785) to work on /home/airflow/.local/lib/python3.12/site-packages/airflow/example_dags/example_branch_labels.py
[2025-09-29T14:40:03.257+0000] {processor.py:914} INFO - Processing file /home/airflow/.local/lib/python3.12/site-packages/airflow/example_dags/example_branch_labels.py for tasks to queue
[2025-09-29T14:40:03.259+0000] {logging_mixin.py:190} INFO - [2025-09-29T14:40:03.259+0000] {dagbag.py:588} INFO - Filling up the DagBag from /home/airflow/.local/lib/python3.12/site-packages/airflow/example_dags/example_branch_labels.py
[2025-09-29T14:40:03.264+0000] {processor.py:925} INFO - DAG(s) 'example_branch_labels' retrieved from /home/airflow/.local/lib/python3.12/site-packages/airflow/example_dags/example_branch_labels.py
[2025-09-29T14:40:03.276+0000] {logging_mixin.py:190} INFO - [2025-09-29T14:40:03.275+0000] {dag.py:3239} INFO - Sync 1 DAGs
[2025-09-29T14:40:03.288+0000] {logging_mixin.py:190} INFO - [2025-09-29T14:40:03.288+0000] {dag.py:4180} INFO - Setting next_dagrun for example_branch_labels to 2025-09-28 00:00:00+00:00, run_after=2025-09-29 00:00:00+00:00
[2025-09-29T14:40:03.300+0000] {processor.py:208} INFO - Processing /home/airflow/.local/lib/python3.12/site-packages/airflow/example_dags/example_branch_labels.py took 0.048 seconds
[2025-09-29T14:40:33.607+0000] {processor.py:186} INFO - Started process (PID=848) to work on /home/airflow/.local/lib/python3.12/site-packages/airflow/example_dags/example_branch_labels.py
[2025-09-29T14:40:33.610+0000] {processor.py:914} INFO - Processing file /home/airflow/.local/lib/python3.12/site-packages/airflow/example_dags/example_branch_labels.py for tasks to queue
[2025-09-29T14:40:33.612+0000] {logging_mixin.py:190} INFO - [2025-09-29T14:40:33.611+0000] {dagbag.py:588} INFO - Filling up the DagBag from /home/airflow/.local/lib/python3.12/site-packages/airflow/example_dags/example_branch_labels.py
[2025-09-29T14:40:33.617+0000] {processor.py:925} INFO - DAG(s) 'example_branch_labels' retrieved from /home/airflow/.local/lib/python3.12/site-packages/airflow/example_dags/example_branch_labels.py
[2025-09-29T14:40:33.630+0000] {logging_mixin.py:190} INFO - [2025-09-29T14:40:33.630+0000] {dag.py:3239} INFO - Sync 1 DAGs
[2025-09-29T14:40:33.644+0000] {logging_mixin.py:190} INFO - [2025-09-29T14:40:33.644+0000] {dag.py:4180} INFO - Setting next_dagrun for example_branch_labels to 2025-09-28 00:00:00+00:00, run_after=2025-09-29 00:00:00+00:00
[2025-09-29T14:40:33.654+0000] {processor.py:208} INFO - Processing /home/airflow/.local/lib/python3.12/site-packages/airflow/example_dags/example_branch_labels.py took 0.051 seconds
[2025-09-29T14:41:03.984+0000] {processor.py:186} INFO - Started process (PID=914) to work on /home/airflow/.local/lib/python3.12/site-packages/airflow/example_dags/example_branch_labels.py
[2025-09-29T14:41:03.985+0000] {processor.py:914} INFO - Processing file /home/airflow/.local/lib/python3.12/site-packages/airflow/example_dags/example_branch_labels.py for tasks to queue
[2025-09-29T14:41:03.986+0000] {logging_mixin.py:190} INFO - [2025-09-29T14:41:03.986+0000] {dagbag.py:588} INFO - Filling up the DagBag from /home/airflow/.local/lib/python3.12/site-packages/airflow/example_dags/example_branch_labels.py
[2025-09-29T14:41:03.991+0000] {processor.py:925} INFO - DAG(s) 'example_branch_labels' retrieved from /home/airflow/.local/lib/python3.12/site-packages/airflow/example_dags/example_branch_labels.py
[2025-09-29T14:41:04.002+0000] {logging_mixin.py:190} INFO - [2025-09-29T14:41:04.002+0000] {dag.py:3239} INFO - Sync 1 DAGs
[2025-09-29T14:41:04.013+0000] {logging_mixin.py:190} INFO - [2025-09-29T14:41:04.012+0000] {dag.py:4180} INFO - Setting next_dagrun for example_branch_labels to 2025-09-28 00:00:00+00:00, run_after=2025-09-29 00:00:00+00:00
[2025-09-29T14:41:04.025+0000] {processor.py:208} INFO - Processing /home/airflow/.local/lib/python3.12/site-packages/airflow/example_dags/example_branch_labels.py took 0.043 seconds
[2025-09-29T14:41:34.271+0000] {processor.py:186} INFO - Started process (PID=978) to work on /home/airflow/.local/lib/python3.12/site-packages/airflow/example_dags/example_branch_labels.py
[2025-09-29T14:41:34.272+0000] {processor.py:914} INFO - Processing file /home/airflow/.local/lib/python3.12/site-packages/airflow/example_dags/example_branch_labels.py for tasks to queue
[2025-09-29T14:41:34.273+0000] {logging_mixin.py:190} INFO - [2025-09-29T14:41:34.273+0000] {dagbag.py:588} INFO - Filling up the DagBag from /home/airflow/.local/lib/python3.12/site-packages/airflow/example_dags/example_branch_labels.py
[2025-09-29T14:41:34.278+0000] {processor.py:925} INFO - DAG(s) 'example_branch_labels' retrieved from /home/airflow/.local/lib/python3.12/site-packages/airflow/example_dags/example_branch_labels.py
[2025-09-29T14:41:34.290+0000] {logging_mixin.py:190} INFO - [2025-09-29T14:41:34.290+0000] {dag.py:3239} INFO - Sync 1 DAGs
[2025-09-29T14:41:34.302+0000] {logging_mixin.py:190} INFO - [2025-09-29T14:41:34.302+0000] {dag.py:4180} INFO - Setting next_dagrun for example_branch_labels to 2025-09-28 00:00:00+00:00, run_after=2025-09-29 00:00:00+00:00
[2025-09-29T14:41:34.312+0000] {processor.py:208} INFO - Processing /home/airflow/.local/lib/python3.12/site-packages/airflow/example_dags/example_branch_labels.py took 0.045 seconds
[2025-09-29T14:42:04.806+0000] {processor.py:186} INFO - Started process (PID=1043) to work on /home/airflow/.local/lib/python3.12/site-packages/airflow/example_dags/example_branch_labels.py
[2025-09-29T14:42:04.806+0000] {processor.py:914} INFO - Processing file /home/airflow/.local/lib/python3.12/site-packages/airflow/example_dags/example_branch_labels.py for tasks to queue
[2025-09-29T14:42:04.808+0000] {logging_mixin.py:190} INFO - [2025-09-29T14:42:04.808+0000] {dagbag.py:588} INFO - Filling up the DagBag from /home/airflow/.local/lib/python3.12/site-packages/airflow/example_dags/example_branch_labels.py
[2025-09-29T14:42:04.813+0000] {processor.py:925} INFO - DAG(s) 'example_branch_labels' retrieved from /home/airflow/.local/lib/python3.12/site-packages/airflow/example_dags/example_branch_labels.py
[2025-09-29T14:42:04.825+0000] {logging_mixin.py:190} INFO - [2025-09-29T14:42:04.825+0000] {dag.py:3239} INFO - Sync 1 DAGs
[2025-09-29T14:42:04.838+0000] {logging_mixin.py:190} INFO - [2025-09-29T14:42:04.838+0000] {dag.py:4180} INFO - Setting next_dagrun for example_branch_labels to 2025-09-28 00:00:00+00:00, run_after=2025-09-29 00:00:00+00:00
[2025-09-29T14:42:04.851+0000] {processor.py:208} INFO - Processing /home/airflow/.local/lib/python3.12/site-packages/airflow/example_dags/example_branch_labels.py took 0.049 seconds
[2025-09-29T14:42:35.173+0000] {processor.py:186} INFO - Started process (PID=1107) to work on /home/airflow/.local/lib/python3.12/site-packages/airflow/example_dags/example_branch_labels.py
[2025-09-29T14:42:35.174+0000] {processor.py:914} INFO - Processing file /home/airflow/.local/lib/python3.12/site-packages/airflow/example_dags/example_branch_labels.py for tasks to queue
[2025-09-29T14:42:35.175+0000] {logging_mixin.py:190} INFO - [2025-09-29T14:42:35.175+0000] {dagbag.py:588} INFO - Filling up the DagBag from /home/airflow/.local/lib/python3.12/site-packages/airflow/example_dags/example_branch_labels.py
[2025-09-29T14:42:35.180+0000] {processor.py:925} INFO - DAG(s) 'example_branch_labels' retrieved from /home/airflow/.local/lib/python3.12/site-packages/airflow/example_dags/example_branch_labels.py
[2025-09-29T14:42:35.196+0000] {logging_mixin.py:190} INFO - [2025-09-29T14:42:35.195+0000] {dag.py:3239} INFO - Sync 1 DAGs
[2025-09-29T14:42:35.208+0000] {logging_mixin.py:190} INFO - [2025-09-29T14:42:35.208+0000] {dag.py:4180} INFO - Setting next_dagrun for example_branch_labels to 2025-09-28 00:00:00+00:00, run_after=2025-09-29 00:00:00+00:00
[2025-09-29T14:42:35.221+0000] {processor.py:208} INFO - Processing /home/airflow/.local/lib/python3.12/site-packages/airflow/example_dags/example_branch_labels.py took 0.051 seconds
[2025-09-29T14:43:05.475+0000] {processor.py:186} INFO - Started process (PID=1171) to work on /home/airflow/.local/lib/python3.12/site-packages/airflow/example_dags/example_branch_labels.py
[2025-09-29T14:43:05.476+0000] {processor.py:914} INFO - Processing file /home/airflow/.local/lib/python3.12/site-packages/airflow/example_dags/example_branch_labels.py for tasks to queue
[2025-09-29T14:43:05.477+0000] {logging_mixin.py:190} INFO - [2025-09-29T14:43:05.477+0000] {dagbag.py:588} INFO - Filling up the DagBag from /home/airflow/.local/lib/python3.12/site-packages/airflow/example_dags/example_branch_labels.py
[2025-09-29T14:43:05.482+0000] {processor.py:925} INFO - DAG(s) 'example_branch_labels' retrieved from /home/airflow/.local/lib/python3.12/site-packages/airflow/example_dags/example_branch_labels.py
[2025-09-29T14:43:05.492+0000] {logging_mixin.py:190} INFO - [2025-09-29T14:43:05.492+0000] {dag.py:3239} INFO - Sync 1 DAGs
[2025-09-29T14:43:05.504+0000] {logging_mixin.py:190} INFO - [2025-09-29T14:43:05.504+0000] {dag.py:4180} INFO - Setting next_dagrun for example_branch_labels to 2025-09-28 00:00:00+00:00, run_after=2025-09-29 00:00:00+00:00
[2025-09-29T14:43:05.513+0000] {processor.py:208} INFO - Processing /home/airflow/.local/lib/python3.12/site-packages/airflow/example_dags/example_branch_labels.py took 0.041 seconds
[2025-09-29T14:43:35.774+0000] {processor.py:186} INFO - Started process (PID=1235) to work on /home/airflow/.local/lib/python3.12/site-packages/airflow/example_dags/example_branch_labels.py
[2025-09-29T14:43:35.775+0000] {processor.py:914} INFO - Processing file /home/airflow/.local/lib/python3.12/site-packages/airflow/example_dags/example_branch_labels.py for tasks to queue
[2025-09-29T14:43:35.776+0000] {logging_mixin.py:190} INFO - [2025-09-29T14:43:35.776+0000] {dagbag.py:588} INFO - Filling up the DagBag from /home/airflow/.local/lib/python3.12/site-packages/airflow/example_dags/example_branch_labels.py
[2025-09-29T14:43:35.781+0000] {processor.py:925} INFO - DAG(s) 'example_branch_labels' retrieved from /home/airflow/.local/lib/python3.12/site-packages/airflow/example_dags/example_branch_labels.py
[2025-09-29T14:43:35.791+0000] {logging_mixin.py:190} INFO - [2025-09-29T14:43:35.791+0000] {dag.py:3239} INFO - Sync 1 DAGs
[2025-09-29T14:43:35.804+0000] {logging_mixin.py:190} INFO - [2025-09-29T14:43:35.804+0000] {dag.py:4180} INFO - Setting next_dagrun for example_branch_labels to 2025-09-28 00:00:00+00:00, run_after=2025-09-29 00:00:00+00:00
[2025-09-29T14:43:35.813+0000] {processor.py:208} INFO - Processing /home/airflow/.local/lib/python3.12/site-packages/airflow/example_dags/example_branch_labels.py took 0.042 seconds
[2025-09-29T14:44:06.455+0000] {processor.py:186} INFO - Started process (PID=1299) to work on /home/airflow/.local/lib/python3.12/site-packages/airflow/example_dags/example_branch_labels.py
[2025-09-29T14:44:06.457+0000] {processor.py:914} INFO - Processing file /home/airflow/.local/lib/python3.12/site-packages/airflow/example_dags/example_branch_labels.py for tasks to queue
[2025-09-29T14:44:06.460+0000] {logging_mixin.py:190} INFO - [2025-09-29T14:44:06.459+0000] {dagbag.py:588} INFO - Filling up the DagBag from /home/airflow/.local/lib/python3.12/site-packages/airflow/example_dags/example_branch_labels.py
[2025-09-29T14:44:06.465+0000] {processor.py:925} INFO - DAG(s) 'example_branch_labels' retrieved from /home/airflow/.local/lib/python3.12/site-packages/airflow/example_dags/example_branch_labels.py
[2025-09-29T14:44:06.483+0000] {logging_mixin.py:190} INFO - [2025-09-29T14:44:06.482+0000] {dag.py:3239} INFO - Sync 1 DAGs
[2025-09-29T14:44:06.496+0000] {logging_mixin.py:190} INFO - [2025-09-29T14:44:06.496+0000] {dag.py:4180} INFO - Setting next_dagrun for example_branch_labels to 2025-09-28 00:00:00+00:00, run_after=2025-09-29 00:00:00+00:00
[2025-09-29T14:44:06.506+0000] {processor.py:208} INFO - Processing /home/airflow/.local/lib/python3.12/site-packages/airflow/example_dags/example_branch_labels.py took 0.055 seconds
[2025-09-29T14:44:36.880+0000] {processor.py:186} INFO - Started process (PID=1362) to work on /home/airflow/.local/lib/python3.12/site-packages/airflow/example_dags/example_branch_labels.py
[2025-09-29T14:44:36.881+0000] {processor.py:914} INFO - Processing file /home/airflow/.local/lib/python3.12/site-packages/airflow/example_dags/example_branch_labels.py for tasks to queue
[2025-09-29T14:44:36.884+0000] {logging_mixin.py:190} INFO - [2025-09-29T14:44:36.883+0000] {dagbag.py:588} INFO - Filling up the DagBag from /home/airflow/.local/lib/python3.12/site-packages/airflow/example_dags/example_branch_labels.py
[2025-09-29T14:44:36.889+0000] {processor.py:925} INFO - DAG(s) 'example_branch_labels' retrieved from /home/airflow/.local/lib/python3.12/site-packages/airflow/example_dags/example_branch_labels.py
[2025-09-29T14:44:36.899+0000] {logging_mixin.py:190} INFO - [2025-09-29T14:44:36.899+0000] {dag.py:3239} INFO - Sync 1 DAGs
[2025-09-29T14:44:36.911+0000] {logging_mixin.py:190} INFO - [2025-09-29T14:44:36.911+0000] {dag.py:4180} INFO - Setting next_dagrun for example_branch_labels to 2025-09-28 00:00:00+00:00, run_after=2025-09-29 00:00:00+00:00
[2025-09-29T14:44:36.925+0000] {processor.py:208} INFO - Processing /home/airflow/.local/lib/python3.12/site-packages/airflow/example_dags/example_branch_labels.py took 0.048 seconds
[2025-09-29T14:45:07.317+0000] {processor.py:186} INFO - Started process (PID=1426) to work on /home/airflow/.local/lib/python3.12/site-packages/airflow/example_dags/example_branch_labels.py
[2025-09-29T14:45:07.320+0000] {processor.py:914} INFO - Processing file /home/airflow/.local/lib/python3.12/site-packages/airflow/example_dags/example_branch_labels.py for tasks to queue
[2025-09-29T14:45:07.321+0000] {logging_mixin.py:190} INFO - [2025-09-29T14:45:07.321+0000] {dagbag.py:588} INFO - Filling up the DagBag from /home/airflow/.local/lib/python3.12/site-packages/airflow/example_dags/example_branch_labels.py
[2025-09-29T14:45:07.326+0000] {processor.py:925} INFO - DAG(s) 'example_branch_labels' retrieved from /home/airflow/.local/lib/python3.12/site-packages/airflow/example_dags/example_branch_labels.py
[2025-09-29T14:45:07.338+0000] {logging_mixin.py:190} INFO - [2025-09-29T14:45:07.338+0000] {dag.py:3239} INFO - Sync 1 DAGs
[2025-09-29T14:45:07.352+0000] {logging_mixin.py:190} INFO - [2025-09-29T14:45:07.352+0000] {dag.py:4180} INFO - Setting next_dagrun for example_branch_labels to 2025-09-28 00:00:00+00:00, run_after=2025-09-29 00:00:00+00:00
[2025-09-29T14:45:07.366+0000] {processor.py:208} INFO - Processing /home/airflow/.local/lib/python3.12/site-packages/airflow/example_dags/example_branch_labels.py took 0.052 seconds
[2025-09-29T14:45:37.777+0000] {processor.py:186} INFO - Started process (PID=1490) to work on /home/airflow/.local/lib/python3.12/site-packages/airflow/example_dags/example_branch_labels.py
[2025-09-29T14:45:37.778+0000] {processor.py:914} INFO - Processing file /home/airflow/.local/lib/python3.12/site-packages/airflow/example_dags/example_branch_labels.py for tasks to queue
[2025-09-29T14:45:37.779+0000] {logging_mixin.py:190} INFO - [2025-09-29T14:45:37.779+0000] {dagbag.py:588} INFO - Filling up the DagBag from /home/airflow/.local/lib/python3.12/site-packages/airflow/example_dags/example_branch_labels.py
[2025-09-29T14:45:37.785+0000] {processor.py:925} INFO - DAG(s) 'example_branch_labels' retrieved from /home/airflow/.local/lib/python3.12/site-packages/airflow/example_dags/example_branch_labels.py
[2025-09-29T14:45:37.801+0000] {logging_mixin.py:190} INFO - [2025-09-29T14:45:37.801+0000] {dag.py:3239} INFO - Sync 1 DAGs
[2025-09-29T14:45:37.815+0000] {logging_mixin.py:190} INFO - [2025-09-29T14:45:37.815+0000] {dag.py:4180} INFO - Setting next_dagrun for example_branch_labels to 2025-09-28 00:00:00+00:00, run_after=2025-09-29 00:00:00+00:00
[2025-09-29T14:45:37.825+0000] {processor.py:208} INFO - Processing /home/airflow/.local/lib/python3.12/site-packages/airflow/example_dags/example_branch_labels.py took 0.051 seconds
[2025-09-29T14:46:08.312+0000] {processor.py:186} INFO - Started process (PID=1554) to work on /home/airflow/.local/lib/python3.12/site-packages/airflow/example_dags/example_branch_labels.py
[2025-09-29T14:46:08.313+0000] {processor.py:914} INFO - Processing file /home/airflow/.local/lib/python3.12/site-packages/airflow/example_dags/example_branch_labels.py for tasks to queue
[2025-09-29T14:46:08.314+0000] {logging_mixin.py:190} INFO - [2025-09-29T14:46:08.314+0000] {dagbag.py:588} INFO - Filling up the DagBag from /home/airflow/.local/lib/python3.12/site-packages/airflow/example_dags/example_branch_labels.py
[2025-09-29T14:46:08.319+0000] {processor.py:925} INFO - DAG(s) 'example_branch_labels' retrieved from /home/airflow/.local/lib/python3.12/site-packages/airflow/example_dags/example_branch_labels.py
[2025-09-29T14:46:08.331+0000] {logging_mixin.py:190} INFO - [2025-09-29T14:46:08.331+0000] {dag.py:3239} INFO - Sync 1 DAGs
[2025-09-29T14:46:08.344+0000] {logging_mixin.py:190} INFO - [2025-09-29T14:46:08.343+0000] {dag.py:4180} INFO - Setting next_dagrun for example_branch_labels to 2025-09-28 00:00:00+00:00, run_after=2025-09-29 00:00:00+00:00
[2025-09-29T14:46:08.353+0000] {processor.py:208} INFO - Processing /home/airflow/.local/lib/python3.12/site-packages/airflow/example_dags/example_branch_labels.py took 0.045 seconds
[2025-09-29T14:46:38.938+0000] {processor.py:186} INFO - Started process (PID=1618) to work on /home/airflow/.local/lib/python3.12/site-packages/airflow/example_dags/example_branch_labels.py
[2025-09-29T14:46:38.939+0000] {processor.py:914} INFO - Processing file /home/airflow/.local/lib/python3.12/site-packages/airflow/example_dags/example_branch_labels.py for tasks to queue
[2025-09-29T14:46:38.941+0000] {logging_mixin.py:190} INFO - [2025-09-29T14:46:38.941+0000] {dagbag.py:588} INFO - Filling up the DagBag from /home/airflow/.local/lib/python3.12/site-packages/airflow/example_dags/example_branch_labels.py
[2025-09-29T14:46:38.946+0000] {processor.py:925} INFO - DAG(s) 'example_branch_labels' retrieved from /home/airflow/.local/lib/python3.12/site-packages/airflow/example_dags/example_branch_labels.py
[2025-09-29T14:46:38.958+0000] {logging_mixin.py:190} INFO - [2025-09-29T14:46:38.958+0000] {dag.py:3239} INFO - Sync 1 DAGs
[2025-09-29T14:46:38.969+0000] {logging_mixin.py:190} INFO - [2025-09-29T14:46:38.969+0000] {dag.py:4180} INFO - Setting next_dagrun for example_branch_labels to 2025-09-28 00:00:00+00:00, run_after=2025-09-29 00:00:00+00:00
[2025-09-29T14:46:38.981+0000] {processor.py:208} INFO - Processing /home/airflow/.local/lib/python3.12/site-packages/airflow/example_dags/example_branch_labels.py took 0.046 seconds
[2025-09-29T14:47:09.193+0000] {processor.py:186} INFO - Started process (PID=1682) to work on /home/airflow/.local/lib/python3.12/site-packages/airflow/example_dags/example_branch_labels.py
[2025-09-29T14:47:09.194+0000] {processor.py:914} INFO - Processing file /home/airflow/.local/lib/python3.12/site-packages/airflow/example_dags/example_branch_labels.py for tasks to queue
[2025-09-29T14:47:09.196+0000] {logging_mixin.py:190} INFO - [2025-09-29T14:47:09.195+0000] {dagbag.py:588} INFO - Filling up the DagBag from /home/airflow/.local/lib/python3.12/site-packages/airflow/example_dags/example_branch_labels.py
[2025-09-29T14:47:09.202+0000] {processor.py:925} INFO - DAG(s) 'example_branch_labels' retrieved from /home/airflow/.local/lib/python3.12/site-packages/airflow/example_dags/example_branch_labels.py
[2025-09-29T14:47:09.216+0000] {logging_mixin.py:190} INFO - [2025-09-29T14:47:09.216+0000] {dag.py:3239} INFO - Sync 1 DAGs
[2025-09-29T14:47:09.227+0000] {logging_mixin.py:190} INFO - [2025-09-29T14:47:09.227+0000] {dag.py:4180} INFO - Setting next_dagrun for example_branch_labels to 2025-09-28 00:00:00+00:00, run_after=2025-09-29 00:00:00+00:00
[2025-09-29T14:47:09.236+0000] {processor.py:208} INFO - Processing /home/airflow/.local/lib/python3.12/site-packages/airflow/example_dags/example_branch_labels.py took 0.046 seconds
[2025-09-29T14:47:39.708+0000] {processor.py:186} INFO - Started process (PID=1746) to work on /home/airflow/.local/lib/python3.12/site-packages/airflow/example_dags/example_branch_labels.py
[2025-09-29T14:47:39.708+0000] {processor.py:914} INFO - Processing file /home/airflow/.local/lib/python3.12/site-packages/airflow/example_dags/example_branch_labels.py for tasks to queue
[2025-09-29T14:47:39.709+0000] {logging_mixin.py:190} INFO - [2025-09-29T14:47:39.709+0000] {dagbag.py:588} INFO - Filling up the DagBag from /home/airflow/.local/lib/python3.12/site-packages/airflow/example_dags/example_branch_labels.py
[2025-09-29T14:47:39.714+0000] {processor.py:925} INFO - DAG(s) 'example_branch_labels' retrieved from /home/airflow/.local/lib/python3.12/site-packages/airflow/example_dags/example_branch_labels.py
[2025-09-29T14:47:39.725+0000] {logging_mixin.py:190} INFO - [2025-09-29T14:47:39.725+0000] {dag.py:3239} INFO - Sync 1 DAGs
[2025-09-29T14:47:39.735+0000] {logging_mixin.py:190} INFO - [2025-09-29T14:47:39.735+0000] {dag.py:4180} INFO - Setting next_dagrun for example_branch_labels to 2025-09-28 00:00:00+00:00, run_after=2025-09-29 00:00:00+00:00
[2025-09-29T14:47:39.746+0000] {processor.py:208} INFO - Processing /home/airflow/.local/lib/python3.12/site-packages/airflow/example_dags/example_branch_labels.py took 0.042 seconds
[2025-09-29T14:48:10.029+0000] {processor.py:186} INFO - Started process (PID=1810) to work on /home/airflow/.local/lib/python3.12/site-packages/airflow/example_dags/example_branch_labels.py
[2025-09-29T14:48:10.029+0000] {processor.py:914} INFO - Processing file /home/airflow/.local/lib/python3.12/site-packages/airflow/example_dags/example_branch_labels.py for tasks to queue
[2025-09-29T14:48:10.031+0000] {logging_mixin.py:190} INFO - [2025-09-29T14:48:10.031+0000] {dagbag.py:588} INFO - Filling up the DagBag from /home/airflow/.local/lib/python3.12/site-packages/airflow/example_dags/example_branch_labels.py
[2025-09-29T14:48:10.038+0000] {processor.py:925} INFO - DAG(s) 'example_branch_labels' retrieved from /home/airflow/.local/lib/python3.12/site-packages/airflow/example_dags/example_branch_labels.py
[2025-09-29T14:48:10.051+0000] {logging_mixin.py:190} INFO - [2025-09-29T14:48:10.051+0000] {dag.py:3239} INFO - Sync 1 DAGs
[2025-09-29T14:48:10.063+0000] {logging_mixin.py:190} INFO - [2025-09-29T14:48:10.063+0000] {dag.py:4180} INFO - Setting next_dagrun for example_branch_labels to 2025-09-28 00:00:00+00:00, run_after=2025-09-29 00:00:00+00:00
[2025-09-29T14:48:10.072+0000] {processor.py:208} INFO - Processing /home/airflow/.local/lib/python3.12/site-packages/airflow/example_dags/example_branch_labels.py took 0.046 seconds
[2025-09-29T14:48:40.434+0000] {processor.py:186} INFO - Started process (PID=1874) to work on /home/airflow/.local/lib/python3.12/site-packages/airflow/example_dags/example_branch_labels.py
[2025-09-29T14:48:40.435+0000] {processor.py:914} INFO - Processing file /home/airflow/.local/lib/python3.12/site-packages/airflow/example_dags/example_branch_labels.py for tasks to queue
[2025-09-29T14:48:40.436+0000] {logging_mixin.py:190} INFO - [2025-09-29T14:48:40.436+0000] {dagbag.py:588} INFO - Filling up the DagBag from /home/airflow/.local/lib/python3.12/site-packages/airflow/example_dags/example_branch_labels.py
[2025-09-29T14:48:40.442+0000] {processor.py:925} INFO - DAG(s) 'example_branch_labels' retrieved from /home/airflow/.local/lib/python3.12/site-packages/airflow/example_dags/example_branch_labels.py
[2025-09-29T14:48:40.455+0000] {logging_mixin.py:190} INFO - [2025-09-29T14:48:40.455+0000] {dag.py:3239} INFO - Sync 1 DAGs
[2025-09-29T14:48:40.465+0000] {logging_mixin.py:190} INFO - [2025-09-29T14:48:40.465+0000] {dag.py:4180} INFO - Setting next_dagrun for example_branch_labels to 2025-09-28 00:00:00+00:00, run_after=2025-09-29 00:00:00+00:00
[2025-09-29T14:48:40.474+0000] {processor.py:208} INFO - Processing /home/airflow/.local/lib/python3.12/site-packages/airflow/example_dags/example_branch_labels.py took 0.043 seconds
[2025-09-29T14:49:10.551+0000] {processor.py:186} INFO - Started process (PID=1938) to work on /home/airflow/.local/lib/python3.12/site-packages/airflow/example_dags/example_branch_labels.py
[2025-09-29T14:49:10.552+0000] {processor.py:914} INFO - Processing file /home/airflow/.local/lib/python3.12/site-packages/airflow/example_dags/example_branch_labels.py for tasks to queue
[2025-09-29T14:49:10.553+0000] {logging_mixin.py:190} INFO - [2025-09-29T14:49:10.553+0000] {dagbag.py:588} INFO - Filling up the DagBag from /home/airflow/.local/lib/python3.12/site-packages/airflow/example_dags/example_branch_labels.py
[2025-09-29T14:49:10.558+0000] {processor.py:925} INFO - DAG(s) 'example_branch_labels' retrieved from /home/airflow/.local/lib/python3.12/site-packages/airflow/example_dags/example_branch_labels.py
[2025-09-29T14:49:10.569+0000] {logging_mixin.py:190} INFO - [2025-09-29T14:49:10.569+0000] {dag.py:3239} INFO - Sync 1 DAGs
[2025-09-29T14:49:10.580+0000] {logging_mixin.py:190} INFO - [2025-09-29T14:49:10.580+0000] {dag.py:4180} INFO - Setting next_dagrun for example_branch_labels to 2025-09-28 00:00:00+00:00, run_after=2025-09-29 00:00:00+00:00
[2025-09-29T14:49:10.589+0000] {processor.py:208} INFO - Processing /home/airflow/.local/lib/python3.12/site-packages/airflow/example_dags/example_branch_labels.py took 0.042 seconds
[2025-09-29T14:49:41.109+0000] {processor.py:186} INFO - Started process (PID=2002) to work on /home/airflow/.local/lib/python3.12/site-packages/airflow/example_dags/example_branch_labels.py
[2025-09-29T14:49:41.112+0000] {processor.py:914} INFO - Processing file /home/airflow/.local/lib/python3.12/site-packages/airflow/example_dags/example_branch_labels.py for tasks to queue
[2025-09-29T14:49:41.113+0000] {logging_mixin.py:190} INFO - [2025-09-29T14:49:41.113+0000] {dagbag.py:588} INFO - Filling up the DagBag from /home/airflow/.local/lib/python3.12/site-packages/airflow/example_dags/example_branch_labels.py
[2025-09-29T14:49:41.120+0000] {processor.py:925} INFO - DAG(s) 'example_branch_labels' retrieved from /home/airflow/.local/lib/python3.12/site-packages/airflow/example_dags/example_branch_labels.py
[2025-09-29T14:49:41.137+0000] {logging_mixin.py:190} INFO - [2025-09-29T14:49:41.137+0000] {dag.py:3239} INFO - Sync 1 DAGs
[2025-09-29T14:49:41.151+0000] {logging_mixin.py:190} INFO - [2025-09-29T14:49:41.150+0000] {dag.py:4180} INFO - Setting next_dagrun for example_branch_labels to 2025-09-28 00:00:00+00:00, run_after=2025-09-29 00:00:00+00:00
[2025-09-29T14:49:41.166+0000] {processor.py:208} INFO - Processing /home/airflow/.local/lib/python3.12/site-packages/airflow/example_dags/example_branch_labels.py took 0.060 seconds
[2025-09-29T14:50:11.433+0000] {processor.py:186} INFO - Started process (PID=2066) to work on /home/airflow/.local/lib/python3.12/site-packages/airflow/example_dags/example_branch_labels.py
[2025-09-29T14:50:11.434+0000] {processor.py:914} INFO - Processing file /home/airflow/.local/lib/python3.12/site-packages/airflow/example_dags/example_branch_labels.py for tasks to queue
[2025-09-29T14:50:11.436+0000] {logging_mixin.py:190} INFO - [2025-09-29T14:50:11.435+0000] {dagbag.py:588} INFO - Filling up the DagBag from /home/airflow/.local/lib/python3.12/site-packages/airflow/example_dags/example_branch_labels.py
[2025-09-29T14:50:11.440+0000] {processor.py:925} INFO - DAG(s) 'example_branch_labels' retrieved from /home/airflow/.local/lib/python3.12/site-packages/airflow/example_dags/example_branch_labels.py
[2025-09-29T14:50:11.450+0000] {logging_mixin.py:190} INFO - [2025-09-29T14:50:11.450+0000] {dag.py:3239} INFO - Sync 1 DAGs
[2025-09-29T14:50:11.461+0000] {logging_mixin.py:190} INFO - [2025-09-29T14:50:11.461+0000] {dag.py:4180} INFO - Setting next_dagrun for example_branch_labels to 2025-09-28 00:00:00+00:00, run_after=2025-09-29 00:00:00+00:00
[2025-09-29T14:50:11.474+0000] {processor.py:208} INFO - Processing /home/airflow/.local/lib/python3.12/site-packages/airflow/example_dags/example_branch_labels.py took 0.044 seconds
[2025-09-29T14:50:41.733+0000] {processor.py:186} INFO - Started process (PID=2130) to work on /home/airflow/.local/lib/python3.12/site-packages/airflow/example_dags/example_branch_labels.py
[2025-09-29T14:50:41.734+0000] {processor.py:914} INFO - Processing file /home/airflow/.local/lib/python3.12/site-packages/airflow/example_dags/example_branch_labels.py for tasks to queue
[2025-09-29T14:50:41.736+0000] {logging_mixin.py:190} INFO - [2025-09-29T14:50:41.736+0000] {dagbag.py:588} INFO - Filling up the DagBag from /home/airflow/.local/lib/python3.12/site-packages/airflow/example_dags/example_branch_labels.py
[2025-09-29T14:50:41.741+0000] {processor.py:925} INFO - DAG(s) 'example_branch_labels' retrieved from /home/airflow/.local/lib/python3.12/site-packages/airflow/example_dags/example_branch_labels.py
[2025-09-29T14:50:41.755+0000] {logging_mixin.py:190} INFO - [2025-09-29T14:50:41.754+0000] {dag.py:3239} INFO - Sync 1 DAGs
[2025-09-29T14:50:41.766+0000] {logging_mixin.py:190} INFO - [2025-09-29T14:50:41.766+0000] {dag.py:4180} INFO - Setting next_dagrun for example_branch_labels to 2025-09-28 00:00:00+00:00, run_after=2025-09-29 00:00:00+00:00
[2025-09-29T14:50:41.778+0000] {processor.py:208} INFO - Processing /home/airflow/.local/lib/python3.12/site-packages/airflow/example_dags/example_branch_labels.py took 0.048 seconds
[2025-09-29T14:51:11.922+0000] {processor.py:186} INFO - Started process (PID=2193) to work on /home/airflow/.local/lib/python3.12/site-packages/airflow/example_dags/example_branch_labels.py
[2025-09-29T14:51:11.923+0000] {processor.py:914} INFO - Processing file /home/airflow/.local/lib/python3.12/site-packages/airflow/example_dags/example_branch_labels.py for tasks to queue
[2025-09-29T14:51:11.925+0000] {logging_mixin.py:190} INFO - [2025-09-29T14:51:11.925+0000] {dagbag.py:588} INFO - Filling up the DagBag from /home/airflow/.local/lib/python3.12/site-packages/airflow/example_dags/example_branch_labels.py
[2025-09-29T14:51:11.930+0000] {processor.py:925} INFO - DAG(s) 'example_branch_labels' retrieved from /home/airflow/.local/lib/python3.12/site-packages/airflow/example_dags/example_branch_labels.py
[2025-09-29T14:51:11.940+0000] {logging_mixin.py:190} INFO - [2025-09-29T14:51:11.940+0000] {dag.py:3239} INFO - Sync 1 DAGs
[2025-09-29T14:51:11.951+0000] {logging_mixin.py:190} INFO - [2025-09-29T14:51:11.951+0000] {dag.py:4180} INFO - Setting next_dagrun for example_branch_labels to 2025-09-28 00:00:00+00:00, run_after=2025-09-29 00:00:00+00:00
[2025-09-29T14:51:11.962+0000] {processor.py:208} INFO - Processing /home/airflow/.local/lib/python3.12/site-packages/airflow/example_dags/example_branch_labels.py took 0.043 seconds
[2025-09-29T14:51:42.363+0000] {processor.py:186} INFO - Started process (PID=2258) to work on /home/airflow/.local/lib/python3.12/site-packages/airflow/example_dags/example_branch_labels.py
[2025-09-29T14:51:42.364+0000] {processor.py:914} INFO - Processing file /home/airflow/.local/lib/python3.12/site-packages/airflow/example_dags/example_branch_labels.py for tasks to queue
[2025-09-29T14:51:42.365+0000] {logging_mixin.py:190} INFO - [2025-09-29T14:51:42.365+0000] {dagbag.py:588} INFO - Filling up the DagBag from /home/airflow/.local/lib/python3.12/site-packages/airflow/example_dags/example_branch_labels.py
[2025-09-29T14:51:42.370+0000] {processor.py:925} INFO - DAG(s) 'example_branch_labels' retrieved from /home/airflow/.local/lib/python3.12/site-packages/airflow/example_dags/example_branch_labels.py
[2025-09-29T14:51:42.380+0000] {logging_mixin.py:190} INFO - [2025-09-29T14:51:42.380+0000] {dag.py:3239} INFO - Sync 1 DAGs
[2025-09-29T14:51:42.391+0000] {logging_mixin.py:190} INFO - [2025-09-29T14:51:42.391+0000] {dag.py:4180} INFO - Setting next_dagrun for example_branch_labels to 2025-09-28 00:00:00+00:00, run_after=2025-09-29 00:00:00+00:00
[2025-09-29T14:51:42.399+0000] {processor.py:208} INFO - Processing /home/airflow/.local/lib/python3.12/site-packages/airflow/example_dags/example_branch_labels.py took 0.039 seconds
[2025-09-29T14:52:12.630+0000] {processor.py:186} INFO - Started process (PID=2321) to work on /home/airflow/.local/lib/python3.12/site-packages/airflow/example_dags/example_branch_labels.py
[2025-09-29T14:52:12.633+0000] {processor.py:914} INFO - Processing file /home/airflow/.local/lib/python3.12/site-packages/airflow/example_dags/example_branch_labels.py for tasks to queue
[2025-09-29T14:52:12.635+0000] {logging_mixin.py:190} INFO - [2025-09-29T14:52:12.635+0000] {dagbag.py:588} INFO - Filling up the DagBag from /home/airflow/.local/lib/python3.12/site-packages/airflow/example_dags/example_branch_labels.py
[2025-09-29T14:52:12.640+0000] {processor.py:925} INFO - DAG(s) 'example_branch_labels' retrieved from /home/airflow/.local/lib/python3.12/site-packages/airflow/example_dags/example_branch_labels.py
[2025-09-29T14:52:12.652+0000] {logging_mixin.py:190} INFO - [2025-09-29T14:52:12.652+0000] {dag.py:3239} INFO - Sync 1 DAGs
[2025-09-29T14:52:12.664+0000] {logging_mixin.py:190} INFO - [2025-09-29T14:52:12.663+0000] {dag.py:4180} INFO - Setting next_dagrun for example_branch_labels to 2025-09-28 00:00:00+00:00, run_after=2025-09-29 00:00:00+00:00
[2025-09-29T14:52:12.672+0000] {processor.py:208} INFO - Processing /home/airflow/.local/lib/python3.12/site-packages/airflow/example_dags/example_branch_labels.py took 0.045 seconds
[2025-09-29T14:52:42.850+0000] {processor.py:186} INFO - Started process (PID=2384) to work on /home/airflow/.local/lib/python3.12/site-packages/airflow/example_dags/example_branch_labels.py
[2025-09-29T14:52:42.851+0000] {processor.py:914} INFO - Processing file /home/airflow/.local/lib/python3.12/site-packages/airflow/example_dags/example_branch_labels.py for tasks to queue
[2025-09-29T14:52:42.851+0000] {logging_mixin.py:190} INFO - [2025-09-29T14:52:42.851+0000] {dagbag.py:588} INFO - Filling up the DagBag from /home/airflow/.local/lib/python3.12/site-packages/airflow/example_dags/example_branch_labels.py
[2025-09-29T14:52:42.856+0000] {processor.py:925} INFO - DAG(s) 'example_branch_labels' retrieved from /home/airflow/.local/lib/python3.12/site-packages/airflow/example_dags/example_branch_labels.py
[2025-09-29T14:52:42.867+0000] {logging_mixin.py:190} INFO - [2025-09-29T14:52:42.867+0000] {dag.py:3239} INFO - Sync 1 DAGs
[2025-09-29T14:52:42.878+0000] {logging_mixin.py:190} INFO - [2025-09-29T14:52:42.878+0000] {dag.py:4180} INFO - Setting next_dagrun for example_branch_labels to 2025-09-28 00:00:00+00:00, run_after=2025-09-29 00:00:00+00:00
[2025-09-29T14:52:42.887+0000] {processor.py:208} INFO - Processing /home/airflow/.local/lib/python3.12/site-packages/airflow/example_dags/example_branch_labels.py took 0.039 seconds
[2025-09-29T14:53:13.019+0000] {processor.py:186} INFO - Started process (PID=2446) to work on /home/airflow/.local/lib/python3.12/site-packages/airflow/example_dags/example_branch_labels.py
[2025-09-29T14:53:13.019+0000] {processor.py:914} INFO - Processing file /home/airflow/.local/lib/python3.12/site-packages/airflow/example_dags/example_branch_labels.py for tasks to queue
[2025-09-29T14:53:13.020+0000] {logging_mixin.py:190} INFO - [2025-09-29T14:53:13.020+0000] {dagbag.py:588} INFO - Filling up the DagBag from /home/airflow/.local/lib/python3.12/site-packages/airflow/example_dags/example_branch_labels.py
[2025-09-29T14:53:13.025+0000] {processor.py:925} INFO - DAG(s) 'example_branch_labels' retrieved from /home/airflow/.local/lib/python3.12/site-packages/airflow/example_dags/example_branch_labels.py
[2025-09-29T14:53:13.035+0000] {logging_mixin.py:190} INFO - [2025-09-29T14:53:13.035+0000] {dag.py:3239} INFO - Sync 1 DAGs
[2025-09-29T14:53:13.048+0000] {logging_mixin.py:190} INFO - [2025-09-29T14:53:13.048+0000] {dag.py:4180} INFO - Setting next_dagrun for example_branch_labels to 2025-09-28 00:00:00+00:00, run_after=2025-09-29 00:00:00+00:00
[2025-09-29T14:53:13.059+0000] {processor.py:208} INFO - Processing /home/airflow/.local/lib/python3.12/site-packages/airflow/example_dags/example_branch_labels.py took 0.043 seconds
[2025-09-29T14:53:43.245+0000] {processor.py:186} INFO - Started process (PID=2510) to work on /home/airflow/.local/lib/python3.12/site-packages/airflow/example_dags/example_branch_labels.py
[2025-09-29T14:53:43.245+0000] {processor.py:914} INFO - Processing file /home/airflow/.local/lib/python3.12/site-packages/airflow/example_dags/example_branch_labels.py for tasks to queue
[2025-09-29T14:53:43.246+0000] {logging_mixin.py:190} INFO - [2025-09-29T14:53:43.246+0000] {dagbag.py:588} INFO - Filling up the DagBag from /home/airflow/.local/lib/python3.12/site-packages/airflow/example_dags/example_branch_labels.py
[2025-09-29T14:53:43.251+0000] {processor.py:925} INFO - DAG(s) 'example_branch_labels' retrieved from /home/airflow/.local/lib/python3.12/site-packages/airflow/example_dags/example_branch_labels.py
[2025-09-29T14:53:43.261+0000] {logging_mixin.py:190} INFO - [2025-09-29T14:53:43.261+0000] {dag.py:3239} INFO - Sync 1 DAGs
[2025-09-29T14:53:43.272+0000] {logging_mixin.py:190} INFO - [2025-09-29T14:53:43.272+0000] {dag.py:4180} INFO - Setting next_dagrun for example_branch_labels to 2025-09-28 00:00:00+00:00, run_after=2025-09-29 00:00:00+00:00
[2025-09-29T14:53:43.283+0000] {processor.py:208} INFO - Processing /home/airflow/.local/lib/python3.12/site-packages/airflow/example_dags/example_branch_labels.py took 0.042 seconds
[2025-09-29T14:54:13.494+0000] {processor.py:186} INFO - Started process (PID=2573) to work on /home/airflow/.local/lib/python3.12/site-packages/airflow/example_dags/example_branch_labels.py
[2025-09-29T14:54:13.495+0000] {processor.py:914} INFO - Processing file /home/airflow/.local/lib/python3.12/site-packages/airflow/example_dags/example_branch_labels.py for tasks to queue
[2025-09-29T14:54:13.496+0000] {logging_mixin.py:190} INFO - [2025-09-29T14:54:13.496+0000] {dagbag.py:588} INFO - Filling up the DagBag from /home/airflow/.local/lib/python3.12/site-packages/airflow/example_dags/example_branch_labels.py
[2025-09-29T14:54:13.502+0000] {processor.py:925} INFO - DAG(s) 'example_branch_labels' retrieved from /home/airflow/.local/lib/python3.12/site-packages/airflow/example_dags/example_branch_labels.py
[2025-09-29T14:54:13.513+0000] {logging_mixin.py:190} INFO - [2025-09-29T14:54:13.513+0000] {dag.py:3239} INFO - Sync 1 DAGs
[2025-09-29T14:54:13.526+0000] {logging_mixin.py:190} INFO - [2025-09-29T14:54:13.525+0000] {dag.py:4180} INFO - Setting next_dagrun for example_branch_labels to 2025-09-28 00:00:00+00:00, run_after=2025-09-29 00:00:00+00:00
[2025-09-29T14:54:13.540+0000] {processor.py:208} INFO - Processing /home/airflow/.local/lib/python3.12/site-packages/airflow/example_dags/example_branch_labels.py took 0.049 seconds
[2025-09-29T14:54:43.823+0000] {processor.py:186} INFO - Started process (PID=2636) to work on /home/airflow/.local/lib/python3.12/site-packages/airflow/example_dags/example_branch_labels.py
[2025-09-29T14:54:43.823+0000] {processor.py:914} INFO - Processing file /home/airflow/.local/lib/python3.12/site-packages/airflow/example_dags/example_branch_labels.py for tasks to queue
[2025-09-29T14:54:43.824+0000] {logging_mixin.py:190} INFO - [2025-09-29T14:54:43.824+0000] {dagbag.py:588} INFO - Filling up the DagBag from /home/airflow/.local/lib/python3.12/site-packages/airflow/example_dags/example_branch_labels.py
[2025-09-29T14:54:43.829+0000] {processor.py:925} INFO - DAG(s) 'example_branch_labels' retrieved from /home/airflow/.local/lib/python3.12/site-packages/airflow/example_dags/example_branch_labels.py
[2025-09-29T14:54:43.839+0000] {logging_mixin.py:190} INFO - [2025-09-29T14:54:43.838+0000] {dag.py:3239} INFO - Sync 1 DAGs
[2025-09-29T14:54:43.850+0000] {logging_mixin.py:190} INFO - [2025-09-29T14:54:43.850+0000] {dag.py:4180} INFO - Setting next_dagrun for example_branch_labels to 2025-09-28 00:00:00+00:00, run_after=2025-09-29 00:00:00+00:00
[2025-09-29T14:54:43.860+0000] {processor.py:208} INFO - Processing /home/airflow/.local/lib/python3.12/site-packages/airflow/example_dags/example_branch_labels.py took 0.040 seconds
[2025-09-29T14:55:14.230+0000] {processor.py:186} INFO - Started process (PID=2699) to work on /home/airflow/.local/lib/python3.12/site-packages/airflow/example_dags/example_branch_labels.py
[2025-09-29T14:55:14.232+0000] {processor.py:914} INFO - Processing file /home/airflow/.local/lib/python3.12/site-packages/airflow/example_dags/example_branch_labels.py for tasks to queue
[2025-09-29T14:55:14.233+0000] {logging_mixin.py:190} INFO - [2025-09-29T14:55:14.233+0000] {dagbag.py:588} INFO - Filling up the DagBag from /home/airflow/.local/lib/python3.12/site-packages/airflow/example_dags/example_branch_labels.py
[2025-09-29T14:55:14.238+0000] {processor.py:925} INFO - DAG(s) 'example_branch_labels' retrieved from /home/airflow/.local/lib/python3.12/site-packages/airflow/example_dags/example_branch_labels.py
[2025-09-29T14:55:14.254+0000] {logging_mixin.py:190} INFO - [2025-09-29T14:55:14.254+0000] {dag.py:3239} INFO - Sync 1 DAGs
[2025-09-29T14:55:14.266+0000] {logging_mixin.py:190} INFO - [2025-09-29T14:55:14.266+0000] {dag.py:4180} INFO - Setting next_dagrun for example_branch_labels to 2025-09-28 00:00:00+00:00, run_after=2025-09-29 00:00:00+00:00
[2025-09-29T14:55:14.280+0000] {processor.py:208} INFO - Processing /home/airflow/.local/lib/python3.12/site-packages/airflow/example_dags/example_branch_labels.py took 0.053 seconds
[2025-09-29T14:55:44.693+0000] {processor.py:186} INFO - Started process (PID=2761) to work on /home/airflow/.local/lib/python3.12/site-packages/airflow/example_dags/example_branch_labels.py
[2025-09-29T14:55:44.693+0000] {processor.py:914} INFO - Processing file /home/airflow/.local/lib/python3.12/site-packages/airflow/example_dags/example_branch_labels.py for tasks to queue
[2025-09-29T14:55:44.694+0000] {logging_mixin.py:190} INFO - [2025-09-29T14:55:44.694+0000] {dagbag.py:588} INFO - Filling up the DagBag from /home/airflow/.local/lib/python3.12/site-packages/airflow/example_dags/example_branch_labels.py
[2025-09-29T14:55:44.699+0000] {processor.py:925} INFO - DAG(s) 'example_branch_labels' retrieved from /home/airflow/.local/lib/python3.12/site-packages/airflow/example_dags/example_branch_labels.py
[2025-09-29T14:55:44.712+0000] {logging_mixin.py:190} INFO - [2025-09-29T14:55:44.712+0000] {dag.py:3239} INFO - Sync 1 DAGs
[2025-09-29T14:55:44.725+0000] {logging_mixin.py:190} INFO - [2025-09-29T14:55:44.725+0000] {dag.py:4180} INFO - Setting next_dagrun for example_branch_labels to 2025-09-28 00:00:00+00:00, run_after=2025-09-29 00:00:00+00:00
[2025-09-29T14:55:44.736+0000] {processor.py:208} INFO - Processing /home/airflow/.local/lib/python3.12/site-packages/airflow/example_dags/example_branch_labels.py took 0.047 seconds
[2025-09-29T14:56:15.278+0000] {processor.py:186} INFO - Started process (PID=2824) to work on /home/airflow/.local/lib/python3.12/site-packages/airflow/example_dags/example_branch_labels.py
[2025-09-29T14:56:15.279+0000] {processor.py:914} INFO - Processing file /home/airflow/.local/lib/python3.12/site-packages/airflow/example_dags/example_branch_labels.py for tasks to queue
[2025-09-29T14:56:15.279+0000] {logging_mixin.py:190} INFO - [2025-09-29T14:56:15.279+0000] {dagbag.py:588} INFO - Filling up the DagBag from /home/airflow/.local/lib/python3.12/site-packages/airflow/example_dags/example_branch_labels.py
[2025-09-29T14:56:15.284+0000] {processor.py:925} INFO - DAG(s) 'example_branch_labels' retrieved from /home/airflow/.local/lib/python3.12/site-packages/airflow/example_dags/example_branch_labels.py
[2025-09-29T14:56:15.295+0000] {logging_mixin.py:190} INFO - [2025-09-29T14:56:15.295+0000] {dag.py:3239} INFO - Sync 1 DAGs
[2025-09-29T14:56:15.306+0000] {logging_mixin.py:190} INFO - [2025-09-29T14:56:15.306+0000] {dag.py:4180} INFO - Setting next_dagrun for example_branch_labels to 2025-09-28 00:00:00+00:00, run_after=2025-09-29 00:00:00+00:00
[2025-09-29T14:56:15.313+0000] {processor.py:208} INFO - Processing /home/airflow/.local/lib/python3.12/site-packages/airflow/example_dags/example_branch_labels.py took 0.037 seconds
[2025-09-29T14:56:45.732+0000] {processor.py:186} INFO - Started process (PID=2887) to work on /home/airflow/.local/lib/python3.12/site-packages/airflow/example_dags/example_branch_labels.py
[2025-09-29T14:56:45.733+0000] {processor.py:914} INFO - Processing file /home/airflow/.local/lib/python3.12/site-packages/airflow/example_dags/example_branch_labels.py for tasks to queue
[2025-09-29T14:56:45.734+0000] {logging_mixin.py:190} INFO - [2025-09-29T14:56:45.734+0000] {dagbag.py:588} INFO - Filling up the DagBag from /home/airflow/.local/lib/python3.12/site-packages/airflow/example_dags/example_branch_labels.py
[2025-09-29T14:56:45.740+0000] {processor.py:925} INFO - DAG(s) 'example_branch_labels' retrieved from /home/airflow/.local/lib/python3.12/site-packages/airflow/example_dags/example_branch_labels.py
[2025-09-29T14:56:45.753+0000] {logging_mixin.py:190} INFO - [2025-09-29T14:56:45.753+0000] {dag.py:3239} INFO - Sync 1 DAGs
[2025-09-29T14:56:45.765+0000] {logging_mixin.py:190} INFO - [2025-09-29T14:56:45.765+0000] {dag.py:4180} INFO - Setting next_dagrun for example_branch_labels to 2025-09-28 00:00:00+00:00, run_after=2025-09-29 00:00:00+00:00
[2025-09-29T14:56:45.776+0000] {processor.py:208} INFO - Processing /home/airflow/.local/lib/python3.12/site-packages/airflow/example_dags/example_branch_labels.py took 0.047 seconds
[2025-09-29T14:57:16.239+0000] {processor.py:186} INFO - Started process (PID=2950) to work on /home/airflow/.local/lib/python3.12/site-packages/airflow/example_dags/example_branch_labels.py
[2025-09-29T14:57:16.240+0000] {processor.py:914} INFO - Processing file /home/airflow/.local/lib/python3.12/site-packages/airflow/example_dags/example_branch_labels.py for tasks to queue
[2025-09-29T14:57:16.240+0000] {logging_mixin.py:190} INFO - [2025-09-29T14:57:16.240+0000] {dagbag.py:588} INFO - Filling up the DagBag from /home/airflow/.local/lib/python3.12/site-packages/airflow/example_dags/example_branch_labels.py
[2025-09-29T14:57:16.245+0000] {processor.py:925} INFO - DAG(s) 'example_branch_labels' retrieved from /home/airflow/.local/lib/python3.12/site-packages/airflow/example_dags/example_branch_labels.py
[2025-09-29T14:57:16.257+0000] {logging_mixin.py:190} INFO - [2025-09-29T14:57:16.257+0000] {dag.py:3239} INFO - Sync 1 DAGs
[2025-09-29T14:57:16.269+0000] {logging_mixin.py:190} INFO - [2025-09-29T14:57:16.269+0000] {dag.py:4180} INFO - Setting next_dagrun for example_branch_labels to 2025-09-28 00:00:00+00:00, run_after=2025-09-29 00:00:00+00:00
[2025-09-29T14:57:16.281+0000] {processor.py:208} INFO - Processing /home/airflow/.local/lib/python3.12/site-packages/airflow/example_dags/example_branch_labels.py took 0.045 seconds
[2025-09-29T14:57:46.858+0000] {processor.py:186} INFO - Started process (PID=3013) to work on /home/airflow/.local/lib/python3.12/site-packages/airflow/example_dags/example_branch_labels.py
[2025-09-29T14:57:46.858+0000] {processor.py:914} INFO - Processing file /home/airflow/.local/lib/python3.12/site-packages/airflow/example_dags/example_branch_labels.py for tasks to queue
[2025-09-29T14:57:46.859+0000] {logging_mixin.py:190} INFO - [2025-09-29T14:57:46.859+0000] {dagbag.py:588} INFO - Filling up the DagBag from /home/airflow/.local/lib/python3.12/site-packages/airflow/example_dags/example_branch_labels.py
[2025-09-29T14:57:46.864+0000] {processor.py:925} INFO - DAG(s) 'example_branch_labels' retrieved from /home/airflow/.local/lib/python3.12/site-packages/airflow/example_dags/example_branch_labels.py
[2025-09-29T14:57:46.874+0000] {logging_mixin.py:190} INFO - [2025-09-29T14:57:46.873+0000] {dag.py:3239} INFO - Sync 1 DAGs
[2025-09-29T14:57:46.886+0000] {logging_mixin.py:190} INFO - [2025-09-29T14:57:46.886+0000] {dag.py:4180} INFO - Setting next_dagrun for example_branch_labels to 2025-09-28 00:00:00+00:00, run_after=2025-09-29 00:00:00+00:00
[2025-09-29T14:57:46.895+0000] {processor.py:208} INFO - Processing /home/airflow/.local/lib/python3.12/site-packages/airflow/example_dags/example_branch_labels.py took 0.041 seconds
[2025-09-29T14:58:17.603+0000] {processor.py:186} INFO - Started process (PID=3075) to work on /home/airflow/.local/lib/python3.12/site-packages/airflow/example_dags/example_branch_labels.py
[2025-09-29T14:58:17.603+0000] {processor.py:914} INFO - Processing file /home/airflow/.local/lib/python3.12/site-packages/airflow/example_dags/example_branch_labels.py for tasks to queue
[2025-09-29T14:58:17.604+0000] {logging_mixin.py:190} INFO - [2025-09-29T14:58:17.604+0000] {dagbag.py:588} INFO - Filling up the DagBag from /home/airflow/.local/lib/python3.12/site-packages/airflow/example_dags/example_branch_labels.py
[2025-09-29T14:58:17.609+0000] {processor.py:925} INFO - DAG(s) 'example_branch_labels' retrieved from /home/airflow/.local/lib/python3.12/site-packages/airflow/example_dags/example_branch_labels.py
[2025-09-29T14:58:17.620+0000] {logging_mixin.py:190} INFO - [2025-09-29T14:58:17.620+0000] {dag.py:3239} INFO - Sync 1 DAGs
[2025-09-29T14:58:17.631+0000] {logging_mixin.py:190} INFO - [2025-09-29T14:58:17.631+0000] {dag.py:4180} INFO - Setting next_dagrun for example_branch_labels to 2025-09-28 00:00:00+00:00, run_after=2025-09-29 00:00:00+00:00
[2025-09-29T14:58:17.640+0000] {processor.py:208} INFO - Processing /home/airflow/.local/lib/python3.12/site-packages/airflow/example_dags/example_branch_labels.py took 0.041 seconds
[2025-09-29T14:58:48.222+0000] {processor.py:186} INFO - Started process (PID=3138) to work on /home/airflow/.local/lib/python3.12/site-packages/airflow/example_dags/example_branch_labels.py
[2025-09-29T14:58:48.222+0000] {processor.py:914} INFO - Processing file /home/airflow/.local/lib/python3.12/site-packages/airflow/example_dags/example_branch_labels.py for tasks to queue
[2025-09-29T14:58:48.223+0000] {logging_mixin.py:190} INFO - [2025-09-29T14:58:48.223+0000] {dagbag.py:588} INFO - Filling up the DagBag from /home/airflow/.local/lib/python3.12/site-packages/airflow/example_dags/example_branch_labels.py
[2025-09-29T14:58:48.229+0000] {processor.py:925} INFO - DAG(s) 'example_branch_labels' retrieved from /home/airflow/.local/lib/python3.12/site-packages/airflow/example_dags/example_branch_labels.py
[2025-09-29T14:58:48.246+0000] {logging_mixin.py:190} INFO - [2025-09-29T14:58:48.246+0000] {dag.py:3239} INFO - Sync 1 DAGs
[2025-09-29T14:58:48.257+0000] {logging_mixin.py:190} INFO - [2025-09-29T14:58:48.257+0000] {dag.py:4180} INFO - Setting next_dagrun for example_branch_labels to 2025-09-28 00:00:00+00:00, run_after=2025-09-29 00:00:00+00:00
[2025-09-29T14:58:48.268+0000] {processor.py:208} INFO - Processing /home/airflow/.local/lib/python3.12/site-packages/airflow/example_dags/example_branch_labels.py took 0.049 seconds
[2025-09-29T14:59:18.842+0000] {processor.py:186} INFO - Started process (PID=3201) to work on /home/airflow/.local/lib/python3.12/site-packages/airflow/example_dags/example_branch_labels.py
[2025-09-29T14:59:18.843+0000] {processor.py:914} INFO - Processing file /home/airflow/.local/lib/python3.12/site-packages/airflow/example_dags/example_branch_labels.py for tasks to queue
[2025-09-29T14:59:18.843+0000] {logging_mixin.py:190} INFO - [2025-09-29T14:59:18.843+0000] {dagbag.py:588} INFO - Filling up the DagBag from /home/airflow/.local/lib/python3.12/site-packages/airflow/example_dags/example_branch_labels.py
[2025-09-29T14:59:18.848+0000] {processor.py:925} INFO - DAG(s) 'example_branch_labels' retrieved from /home/airflow/.local/lib/python3.12/site-packages/airflow/example_dags/example_branch_labels.py
[2025-09-29T14:59:18.859+0000] {logging_mixin.py:190} INFO - [2025-09-29T14:59:18.859+0000] {dag.py:3239} INFO - Sync 1 DAGs
[2025-09-29T14:59:18.870+0000] {logging_mixin.py:190} INFO - [2025-09-29T14:59:18.870+0000] {dag.py:4180} INFO - Setting next_dagrun for example_branch_labels to 2025-09-28 00:00:00+00:00, run_after=2025-09-29 00:00:00+00:00
[2025-09-29T14:59:18.881+0000] {processor.py:208} INFO - Processing /home/airflow/.local/lib/python3.12/site-packages/airflow/example_dags/example_branch_labels.py took 0.042 seconds
[2025-09-29T14:59:49.414+0000] {processor.py:186} INFO - Started process (PID=3264) to work on /home/airflow/.local/lib/python3.12/site-packages/airflow/example_dags/example_branch_labels.py
[2025-09-29T14:59:49.415+0000] {processor.py:914} INFO - Processing file /home/airflow/.local/lib/python3.12/site-packages/airflow/example_dags/example_branch_labels.py for tasks to queue
[2025-09-29T14:59:49.415+0000] {logging_mixin.py:190} INFO - [2025-09-29T14:59:49.415+0000] {dagbag.py:588} INFO - Filling up the DagBag from /home/airflow/.local/lib/python3.12/site-packages/airflow/example_dags/example_branch_labels.py
[2025-09-29T14:59:49.420+0000] {processor.py:925} INFO - DAG(s) 'example_branch_labels' retrieved from /home/airflow/.local/lib/python3.12/site-packages/airflow/example_dags/example_branch_labels.py
[2025-09-29T14:59:49.430+0000] {logging_mixin.py:190} INFO - [2025-09-29T14:59:49.430+0000] {dag.py:3239} INFO - Sync 1 DAGs
[2025-09-29T14:59:49.440+0000] {logging_mixin.py:190} INFO - [2025-09-29T14:59:49.440+0000] {dag.py:4180} INFO - Setting next_dagrun for example_branch_labels to 2025-09-28 00:00:00+00:00, run_after=2025-09-29 00:00:00+00:00
[2025-09-29T14:59:49.448+0000] {processor.py:208} INFO - Processing /home/airflow/.local/lib/python3.12/site-packages/airflow/example_dags/example_branch_labels.py took 0.037 seconds
[2025-09-29T15:00:19.975+0000] {processor.py:186} INFO - Started process (PID=3327) to work on /home/airflow/.local/lib/python3.12/site-packages/airflow/example_dags/example_branch_labels.py
[2025-09-29T15:00:19.975+0000] {processor.py:914} INFO - Processing file /home/airflow/.local/lib/python3.12/site-packages/airflow/example_dags/example_branch_labels.py for tasks to queue
[2025-09-29T15:00:19.976+0000] {logging_mixin.py:190} INFO - [2025-09-29T15:00:19.976+0000] {dagbag.py:588} INFO - Filling up the DagBag from /home/airflow/.local/lib/python3.12/site-packages/airflow/example_dags/example_branch_labels.py
[2025-09-29T15:00:19.981+0000] {processor.py:925} INFO - DAG(s) 'example_branch_labels' retrieved from /home/airflow/.local/lib/python3.12/site-packages/airflow/example_dags/example_branch_labels.py
[2025-09-29T15:00:19.991+0000] {logging_mixin.py:190} INFO - [2025-09-29T15:00:19.991+0000] {dag.py:3239} INFO - Sync 1 DAGs
[2025-09-29T15:00:20.002+0000] {logging_mixin.py:190} INFO - [2025-09-29T15:00:20.002+0000] {dag.py:4180} INFO - Setting next_dagrun for example_branch_labels to 2025-09-28 00:00:00+00:00, run_after=2025-09-29 00:00:00+00:00
[2025-09-29T15:00:20.010+0000] {processor.py:208} INFO - Processing /home/airflow/.local/lib/python3.12/site-packages/airflow/example_dags/example_branch_labels.py took 0.038 seconds
[2025-09-29T15:00:50.558+0000] {processor.py:186} INFO - Started process (PID=3390) to work on /home/airflow/.local/lib/python3.12/site-packages/airflow/example_dags/example_branch_labels.py
[2025-09-29T15:00:50.558+0000] {processor.py:914} INFO - Processing file /home/airflow/.local/lib/python3.12/site-packages/airflow/example_dags/example_branch_labels.py for tasks to queue
[2025-09-29T15:00:50.559+0000] {logging_mixin.py:190} INFO - [2025-09-29T15:00:50.559+0000] {dagbag.py:588} INFO - Filling up the DagBag from /home/airflow/.local/lib/python3.12/site-packages/airflow/example_dags/example_branch_labels.py
[2025-09-29T15:00:50.564+0000] {processor.py:925} INFO - DAG(s) 'example_branch_labels' retrieved from /home/airflow/.local/lib/python3.12/site-packages/airflow/example_dags/example_branch_labels.py
[2025-09-29T15:00:50.577+0000] {logging_mixin.py:190} INFO - [2025-09-29T15:00:50.577+0000] {dag.py:3239} INFO - Sync 1 DAGs
[2025-09-29T15:00:50.592+0000] {logging_mixin.py:190} INFO - [2025-09-29T15:00:50.591+0000] {dag.py:4180} INFO - Setting next_dagrun for example_branch_labels to 2025-09-28 00:00:00+00:00, run_after=2025-09-29 00:00:00+00:00
[2025-09-29T15:00:50.604+0000] {processor.py:208} INFO - Processing /home/airflow/.local/lib/python3.12/site-packages/airflow/example_dags/example_branch_labels.py took 0.050 seconds
[2025-09-29T15:01:21.188+0000] {processor.py:186} INFO - Started process (PID=3453) to work on /home/airflow/.local/lib/python3.12/site-packages/airflow/example_dags/example_branch_labels.py
[2025-09-29T15:01:21.189+0000] {processor.py:914} INFO - Processing file /home/airflow/.local/lib/python3.12/site-packages/airflow/example_dags/example_branch_labels.py for tasks to queue
[2025-09-29T15:01:21.189+0000] {logging_mixin.py:190} INFO - [2025-09-29T15:01:21.189+0000] {dagbag.py:588} INFO - Filling up the DagBag from /home/airflow/.local/lib/python3.12/site-packages/airflow/example_dags/example_branch_labels.py
[2025-09-29T15:01:21.195+0000] {processor.py:925} INFO - DAG(s) 'example_branch_labels' retrieved from /home/airflow/.local/lib/python3.12/site-packages/airflow/example_dags/example_branch_labels.py
[2025-09-29T15:01:21.211+0000] {logging_mixin.py:190} INFO - [2025-09-29T15:01:21.211+0000] {dag.py:3239} INFO - Sync 1 DAGs
[2025-09-29T15:01:21.224+0000] {logging_mixin.py:190} INFO - [2025-09-29T15:01:21.224+0000] {dag.py:4180} INFO - Setting next_dagrun for example_branch_labels to 2025-09-28 00:00:00+00:00, run_after=2025-09-29 00:00:00+00:00
[2025-09-29T15:01:21.237+0000] {processor.py:208} INFO - Processing /home/airflow/.local/lib/python3.12/site-packages/airflow/example_dags/example_branch_labels.py took 0.052 seconds
[2025-09-29T15:01:51.735+0000] {processor.py:186} INFO - Started process (PID=3516) to work on /home/airflow/.local/lib/python3.12/site-packages/airflow/example_dags/example_branch_labels.py
[2025-09-29T15:01:51.736+0000] {processor.py:914} INFO - Processing file /home/airflow/.local/lib/python3.12/site-packages/airflow/example_dags/example_branch_labels.py for tasks to queue
[2025-09-29T15:01:51.736+0000] {logging_mixin.py:190} INFO - [2025-09-29T15:01:51.736+0000] {dagbag.py:588} INFO - Filling up the DagBag from /home/airflow/.local/lib/python3.12/site-packages/airflow/example_dags/example_branch_labels.py
[2025-09-29T15:01:51.741+0000] {processor.py:925} INFO - DAG(s) 'example_branch_labels' retrieved from /home/airflow/.local/lib/python3.12/site-packages/airflow/example_dags/example_branch_labels.py
[2025-09-29T15:01:51.752+0000] {logging_mixin.py:190} INFO - [2025-09-29T15:01:51.752+0000] {dag.py:3239} INFO - Sync 1 DAGs
[2025-09-29T15:01:51.764+0000] {logging_mixin.py:190} INFO - [2025-09-29T15:01:51.763+0000] {dag.py:4180} INFO - Setting next_dagrun for example_branch_labels to 2025-09-28 00:00:00+00:00, run_after=2025-09-29 00:00:00+00:00
[2025-09-29T15:01:51.772+0000] {processor.py:208} INFO - Processing /home/airflow/.local/lib/python3.12/site-packages/airflow/example_dags/example_branch_labels.py took 0.040 seconds
[2025-09-29T15:02:22.289+0000] {processor.py:186} INFO - Started process (PID=3579) to work on /home/airflow/.local/lib/python3.12/site-packages/airflow/example_dags/example_branch_labels.py
[2025-09-29T15:02:22.290+0000] {processor.py:914} INFO - Processing file /home/airflow/.local/lib/python3.12/site-packages/airflow/example_dags/example_branch_labels.py for tasks to queue
[2025-09-29T15:02:22.291+0000] {logging_mixin.py:190} INFO - [2025-09-29T15:02:22.291+0000] {dagbag.py:588} INFO - Filling up the DagBag from /home/airflow/.local/lib/python3.12/site-packages/airflow/example_dags/example_branch_labels.py
[2025-09-29T15:02:22.298+0000] {processor.py:925} INFO - DAG(s) 'example_branch_labels' retrieved from /home/airflow/.local/lib/python3.12/site-packages/airflow/example_dags/example_branch_labels.py
[2025-09-29T15:02:22.310+0000] {logging_mixin.py:190} INFO - [2025-09-29T15:02:22.310+0000] {dag.py:3239} INFO - Sync 1 DAGs
[2025-09-29T15:02:22.321+0000] {logging_mixin.py:190} INFO - [2025-09-29T15:02:22.321+0000] {dag.py:4180} INFO - Setting next_dagrun for example_branch_labels to 2025-09-28 00:00:00+00:00, run_after=2025-09-29 00:00:00+00:00
[2025-09-29T15:02:22.335+0000] {processor.py:208} INFO - Processing /home/airflow/.local/lib/python3.12/site-packages/airflow/example_dags/example_branch_labels.py took 0.049 seconds
