[2025-09-29T14:34:28.807+0000] {processor.py:186} INFO - Started process (PID=53) to work on /home/airflow/.local/lib/python3.12/site-packages/airflow/example_dags/example_display_name.py
[2025-09-29T14:34:28.809+0000] {processor.py:914} INFO - Processing file /home/airflow/.local/lib/python3.12/site-packages/airflow/example_dags/example_display_name.py for tasks to queue
[2025-09-29T14:34:28.811+0000] {logging_mixin.py:190} INFO - [2025-09-29T14:34:28.811+0000] {dagbag.py:588} INFO - Filling up the DagBag from /home/airflow/.local/lib/python3.12/site-packages/airflow/example_dags/example_display_name.py
[2025-09-29T14:34:28.819+0000] {processor.py:925} INFO - DAG(s) 'example_display_name' retrieved from /home/airflow/.local/lib/python3.12/site-packages/airflow/example_dags/example_display_name.py
[2025-09-29T14:34:28.838+0000] {logging_mixin.py:190} INFO - [2025-09-29T14:34:28.838+0000] {dag.py:3239} INFO - Sync 1 DAGs
[2025-09-29T14:34:28.850+0000] {logging_mixin.py:190} INFO - [2025-09-29T14:34:28.850+0000] {dag.py:4180} INFO - Setting next_dagrun for example_display_name to None, run_after=None
[2025-09-29T14:34:28.861+0000] {processor.py:208} INFO - Processing /home/airflow/.local/lib/python3.12/site-packages/airflow/example_dags/example_display_name.py took 0.058 seconds
[2025-09-29T14:34:59.143+0000] {processor.py:186} INFO - Started process (PID=120) to work on /home/airflow/.local/lib/python3.12/site-packages/airflow/example_dags/example_display_name.py
[2025-09-29T14:34:59.144+0000] {processor.py:914} INFO - Processing file /home/airflow/.local/lib/python3.12/site-packages/airflow/example_dags/example_display_name.py for tasks to queue
[2025-09-29T14:34:59.145+0000] {logging_mixin.py:190} INFO - [2025-09-29T14:34:59.145+0000] {dagbag.py:588} INFO - Filling up the DagBag from /home/airflow/.local/lib/python3.12/site-packages/airflow/example_dags/example_display_name.py
[2025-09-29T14:34:59.150+0000] {processor.py:925} INFO - DAG(s) 'example_display_name' retrieved from /home/airflow/.local/lib/python3.12/site-packages/airflow/example_dags/example_display_name.py
[2025-09-29T14:34:59.164+0000] {logging_mixin.py:190} INFO - [2025-09-29T14:34:59.164+0000] {dag.py:3239} INFO - Sync 1 DAGs
[2025-09-29T14:34:59.171+0000] {logging_mixin.py:190} INFO - [2025-09-29T14:34:59.171+0000] {dag.py:4180} INFO - Setting next_dagrun for example_display_name to None, run_after=None
[2025-09-29T14:34:59.186+0000] {processor.py:208} INFO - Processing /home/airflow/.local/lib/python3.12/site-packages/airflow/example_dags/example_display_name.py took 0.046 seconds
[2025-09-29T14:35:29.639+0000] {processor.py:186} INFO - Started process (PID=185) to work on /home/airflow/.local/lib/python3.12/site-packages/airflow/example_dags/example_display_name.py
[2025-09-29T14:35:29.640+0000] {processor.py:914} INFO - Processing file /home/airflow/.local/lib/python3.12/site-packages/airflow/example_dags/example_display_name.py for tasks to queue
[2025-09-29T14:35:29.642+0000] {logging_mixin.py:190} INFO - [2025-09-29T14:35:29.642+0000] {dagbag.py:588} INFO - Filling up the DagBag from /home/airflow/.local/lib/python3.12/site-packages/airflow/example_dags/example_display_name.py
[2025-09-29T14:35:29.648+0000] {processor.py:925} INFO - DAG(s) 'example_display_name' retrieved from /home/airflow/.local/lib/python3.12/site-packages/airflow/example_dags/example_display_name.py
[2025-09-29T14:35:29.661+0000] {logging_mixin.py:190} INFO - [2025-09-29T14:35:29.661+0000] {dag.py:3239} INFO - Sync 1 DAGs
[2025-09-29T14:35:29.668+0000] {logging_mixin.py:190} INFO - [2025-09-29T14:35:29.668+0000] {dag.py:4180} INFO - Setting next_dagrun for example_display_name to None, run_after=None
[2025-09-29T14:35:29.677+0000] {processor.py:208} INFO - Processing /home/airflow/.local/lib/python3.12/site-packages/airflow/example_dags/example_display_name.py took 0.041 seconds
[2025-09-29T14:35:59.852+0000] {processor.py:186} INFO - Started process (PID=249) to work on /home/airflow/.local/lib/python3.12/site-packages/airflow/example_dags/example_display_name.py
[2025-09-29T14:35:59.853+0000] {processor.py:914} INFO - Processing file /home/airflow/.local/lib/python3.12/site-packages/airflow/example_dags/example_display_name.py for tasks to queue
[2025-09-29T14:35:59.855+0000] {logging_mixin.py:190} INFO - [2025-09-29T14:35:59.854+0000] {dagbag.py:588} INFO - Filling up the DagBag from /home/airflow/.local/lib/python3.12/site-packages/airflow/example_dags/example_display_name.py
[2025-09-29T14:35:59.862+0000] {processor.py:925} INFO - DAG(s) 'example_display_name' retrieved from /home/airflow/.local/lib/python3.12/site-packages/airflow/example_dags/example_display_name.py
[2025-09-29T14:35:59.875+0000] {logging_mixin.py:190} INFO - [2025-09-29T14:35:59.875+0000] {dag.py:3239} INFO - Sync 1 DAGs
[2025-09-29T14:35:59.882+0000] {logging_mixin.py:190} INFO - [2025-09-29T14:35:59.882+0000] {dag.py:4180} INFO - Setting next_dagrun for example_display_name to None, run_after=None
[2025-09-29T14:35:59.891+0000] {processor.py:208} INFO - Processing /home/airflow/.local/lib/python3.12/site-packages/airflow/example_dags/example_display_name.py took 0.043 seconds
[2025-09-29T14:36:30.008+0000] {processor.py:186} INFO - Started process (PID=313) to work on /home/airflow/.local/lib/python3.12/site-packages/airflow/example_dags/example_display_name.py
[2025-09-29T14:36:30.011+0000] {processor.py:914} INFO - Processing file /home/airflow/.local/lib/python3.12/site-packages/airflow/example_dags/example_display_name.py for tasks to queue
[2025-09-29T14:36:30.014+0000] {logging_mixin.py:190} INFO - [2025-09-29T14:36:30.013+0000] {dagbag.py:588} INFO - Filling up the DagBag from /home/airflow/.local/lib/python3.12/site-packages/airflow/example_dags/example_display_name.py
[2025-09-29T14:36:30.017+0000] {processor.py:925} INFO - DAG(s) 'example_display_name' retrieved from /home/airflow/.local/lib/python3.12/site-packages/airflow/example_dags/example_display_name.py
[2025-09-29T14:36:30.029+0000] {logging_mixin.py:190} INFO - [2025-09-29T14:36:30.029+0000] {dag.py:3239} INFO - Sync 1 DAGs
[2025-09-29T14:36:30.036+0000] {logging_mixin.py:190} INFO - [2025-09-29T14:36:30.036+0000] {dag.py:4180} INFO - Setting next_dagrun for example_display_name to None, run_after=None
[2025-09-29T14:36:30.045+0000] {processor.py:208} INFO - Processing /home/airflow/.local/lib/python3.12/site-packages/airflow/example_dags/example_display_name.py took 0.040 seconds
[2025-09-29T14:37:00.212+0000] {processor.py:186} INFO - Started process (PID=377) to work on /home/airflow/.local/lib/python3.12/site-packages/airflow/example_dags/example_display_name.py
[2025-09-29T14:37:00.214+0000] {processor.py:914} INFO - Processing file /home/airflow/.local/lib/python3.12/site-packages/airflow/example_dags/example_display_name.py for tasks to queue
[2025-09-29T14:37:00.217+0000] {logging_mixin.py:190} INFO - [2025-09-29T14:37:00.216+0000] {dagbag.py:588} INFO - Filling up the DagBag from /home/airflow/.local/lib/python3.12/site-packages/airflow/example_dags/example_display_name.py
[2025-09-29T14:37:00.220+0000] {processor.py:925} INFO - DAG(s) 'example_display_name' retrieved from /home/airflow/.local/lib/python3.12/site-packages/airflow/example_dags/example_display_name.py
[2025-09-29T14:37:00.235+0000] {logging_mixin.py:190} INFO - [2025-09-29T14:37:00.235+0000] {dag.py:3239} INFO - Sync 1 DAGs
[2025-09-29T14:37:00.242+0000] {logging_mixin.py:190} INFO - [2025-09-29T14:37:00.242+0000] {dag.py:4180} INFO - Setting next_dagrun for example_display_name to None, run_after=None
[2025-09-29T14:37:00.255+0000] {processor.py:208} INFO - Processing /home/airflow/.local/lib/python3.12/site-packages/airflow/example_dags/example_display_name.py took 0.047 seconds
[2025-09-29T14:37:30.493+0000] {processor.py:186} INFO - Started process (PID=440) to work on /home/airflow/.local/lib/python3.12/site-packages/airflow/example_dags/example_display_name.py
[2025-09-29T14:37:30.495+0000] {processor.py:914} INFO - Processing file /home/airflow/.local/lib/python3.12/site-packages/airflow/example_dags/example_display_name.py for tasks to queue
[2025-09-29T14:37:30.496+0000] {logging_mixin.py:190} INFO - [2025-09-29T14:37:30.496+0000] {dagbag.py:588} INFO - Filling up the DagBag from /home/airflow/.local/lib/python3.12/site-packages/airflow/example_dags/example_display_name.py
[2025-09-29T14:37:30.501+0000] {processor.py:925} INFO - DAG(s) 'example_display_name' retrieved from /home/airflow/.local/lib/python3.12/site-packages/airflow/example_dags/example_display_name.py
[2025-09-29T14:37:30.518+0000] {logging_mixin.py:190} INFO - [2025-09-29T14:37:30.518+0000] {dag.py:3239} INFO - Sync 1 DAGs
[2025-09-29T14:37:30.526+0000] {logging_mixin.py:190} INFO - [2025-09-29T14:37:30.526+0000] {dag.py:4180} INFO - Setting next_dagrun for example_display_name to None, run_after=None
[2025-09-29T14:37:30.539+0000] {processor.py:208} INFO - Processing /home/airflow/.local/lib/python3.12/site-packages/airflow/example_dags/example_display_name.py took 0.049 seconds
[2025-09-29T14:38:00.906+0000] {processor.py:186} INFO - Started process (PID=504) to work on /home/airflow/.local/lib/python3.12/site-packages/airflow/example_dags/example_display_name.py
[2025-09-29T14:38:00.907+0000] {processor.py:914} INFO - Processing file /home/airflow/.local/lib/python3.12/site-packages/airflow/example_dags/example_display_name.py for tasks to queue
[2025-09-29T14:38:00.908+0000] {logging_mixin.py:190} INFO - [2025-09-29T14:38:00.908+0000] {dagbag.py:588} INFO - Filling up the DagBag from /home/airflow/.local/lib/python3.12/site-packages/airflow/example_dags/example_display_name.py
[2025-09-29T14:38:00.912+0000] {processor.py:925} INFO - DAG(s) 'example_display_name' retrieved from /home/airflow/.local/lib/python3.12/site-packages/airflow/example_dags/example_display_name.py
[2025-09-29T14:38:00.923+0000] {logging_mixin.py:190} INFO - [2025-09-29T14:38:00.923+0000] {dag.py:3239} INFO - Sync 1 DAGs
[2025-09-29T14:38:00.931+0000] {logging_mixin.py:190} INFO - [2025-09-29T14:38:00.931+0000] {dag.py:4180} INFO - Setting next_dagrun for example_display_name to None, run_after=None
[2025-09-29T14:38:00.945+0000] {processor.py:208} INFO - Processing /home/airflow/.local/lib/python3.12/site-packages/airflow/example_dags/example_display_name.py took 0.041 seconds
[2025-09-29T14:38:31.328+0000] {processor.py:186} INFO - Started process (PID=582) to work on /home/airflow/.local/lib/python3.12/site-packages/airflow/example_dags/example_display_name.py
[2025-09-29T14:38:31.329+0000] {processor.py:914} INFO - Processing file /home/airflow/.local/lib/python3.12/site-packages/airflow/example_dags/example_display_name.py for tasks to queue
[2025-09-29T14:38:31.331+0000] {logging_mixin.py:190} INFO - [2025-09-29T14:38:31.331+0000] {dagbag.py:588} INFO - Filling up the DagBag from /home/airflow/.local/lib/python3.12/site-packages/airflow/example_dags/example_display_name.py
[2025-09-29T14:38:31.336+0000] {processor.py:925} INFO - DAG(s) 'example_display_name' retrieved from /home/airflow/.local/lib/python3.12/site-packages/airflow/example_dags/example_display_name.py
[2025-09-29T14:38:31.349+0000] {logging_mixin.py:190} INFO - [2025-09-29T14:38:31.349+0000] {dag.py:3239} INFO - Sync 1 DAGs
[2025-09-29T14:38:31.360+0000] {logging_mixin.py:190} INFO - [2025-09-29T14:38:31.360+0000] {dag.py:4180} INFO - Setting next_dagrun for example_display_name to None, run_after=None
[2025-09-29T14:38:31.373+0000] {processor.py:208} INFO - Processing /home/airflow/.local/lib/python3.12/site-packages/airflow/example_dags/example_display_name.py took 0.048 seconds
[2025-09-29T14:39:01.787+0000] {processor.py:186} INFO - Started process (PID=645) to work on /home/airflow/.local/lib/python3.12/site-packages/airflow/example_dags/example_display_name.py
[2025-09-29T14:39:01.788+0000] {processor.py:914} INFO - Processing file /home/airflow/.local/lib/python3.12/site-packages/airflow/example_dags/example_display_name.py for tasks to queue
[2025-09-29T14:39:01.789+0000] {logging_mixin.py:190} INFO - [2025-09-29T14:39:01.789+0000] {dagbag.py:588} INFO - Filling up the DagBag from /home/airflow/.local/lib/python3.12/site-packages/airflow/example_dags/example_display_name.py
[2025-09-29T14:39:01.794+0000] {processor.py:925} INFO - DAG(s) 'example_display_name' retrieved from /home/airflow/.local/lib/python3.12/site-packages/airflow/example_dags/example_display_name.py
[2025-09-29T14:39:01.810+0000] {logging_mixin.py:190} INFO - [2025-09-29T14:39:01.809+0000] {dag.py:3239} INFO - Sync 1 DAGs
[2025-09-29T14:39:01.818+0000] {logging_mixin.py:190} INFO - [2025-09-29T14:39:01.818+0000] {dag.py:4180} INFO - Setting next_dagrun for example_display_name to None, run_after=None
[2025-09-29T14:39:01.835+0000] {processor.py:208} INFO - Processing /home/airflow/.local/lib/python3.12/site-packages/airflow/example_dags/example_display_name.py took 0.051 seconds
[2025-09-29T14:39:32.224+0000] {processor.py:186} INFO - Started process (PID=708) to work on /home/airflow/.local/lib/python3.12/site-packages/airflow/example_dags/example_display_name.py
[2025-09-29T14:39:32.225+0000] {processor.py:914} INFO - Processing file /home/airflow/.local/lib/python3.12/site-packages/airflow/example_dags/example_display_name.py for tasks to queue
[2025-09-29T14:39:32.226+0000] {logging_mixin.py:190} INFO - [2025-09-29T14:39:32.226+0000] {dagbag.py:588} INFO - Filling up the DagBag from /home/airflow/.local/lib/python3.12/site-packages/airflow/example_dags/example_display_name.py
[2025-09-29T14:39:32.232+0000] {processor.py:925} INFO - DAG(s) 'example_display_name' retrieved from /home/airflow/.local/lib/python3.12/site-packages/airflow/example_dags/example_display_name.py
[2025-09-29T14:39:32.247+0000] {logging_mixin.py:190} INFO - [2025-09-29T14:39:32.247+0000] {dag.py:3239} INFO - Sync 1 DAGs
[2025-09-29T14:39:32.256+0000] {logging_mixin.py:190} INFO - [2025-09-29T14:39:32.255+0000] {dag.py:4180} INFO - Setting next_dagrun for example_display_name to None, run_after=None
[2025-09-29T14:39:32.271+0000] {processor.py:208} INFO - Processing /home/airflow/.local/lib/python3.12/site-packages/airflow/example_dags/example_display_name.py took 0.051 seconds
[2025-09-29T14:40:02.740+0000] {processor.py:186} INFO - Started process (PID=772) to work on /home/airflow/.local/lib/python3.12/site-packages/airflow/example_dags/example_display_name.py
[2025-09-29T14:40:02.741+0000] {processor.py:914} INFO - Processing file /home/airflow/.local/lib/python3.12/site-packages/airflow/example_dags/example_display_name.py for tasks to queue
[2025-09-29T14:40:02.742+0000] {logging_mixin.py:190} INFO - [2025-09-29T14:40:02.742+0000] {dagbag.py:588} INFO - Filling up the DagBag from /home/airflow/.local/lib/python3.12/site-packages/airflow/example_dags/example_display_name.py
[2025-09-29T14:40:02.746+0000] {processor.py:925} INFO - DAG(s) 'example_display_name' retrieved from /home/airflow/.local/lib/python3.12/site-packages/airflow/example_dags/example_display_name.py
[2025-09-29T14:40:02.756+0000] {logging_mixin.py:190} INFO - [2025-09-29T14:40:02.756+0000] {dag.py:3239} INFO - Sync 1 DAGs
[2025-09-29T14:40:02.762+0000] {logging_mixin.py:190} INFO - [2025-09-29T14:40:02.762+0000] {dag.py:4180} INFO - Setting next_dagrun for example_display_name to None, run_after=None
[2025-09-29T14:40:02.772+0000] {processor.py:208} INFO - Processing /home/airflow/.local/lib/python3.12/site-packages/airflow/example_dags/example_display_name.py took 0.035 seconds
[2025-09-29T14:40:33.175+0000] {processor.py:186} INFO - Started process (PID=835) to work on /home/airflow/.local/lib/python3.12/site-packages/airflow/example_dags/example_display_name.py
[2025-09-29T14:40:33.176+0000] {processor.py:914} INFO - Processing file /home/airflow/.local/lib/python3.12/site-packages/airflow/example_dags/example_display_name.py for tasks to queue
[2025-09-29T14:40:33.178+0000] {logging_mixin.py:190} INFO - [2025-09-29T14:40:33.178+0000] {dagbag.py:588} INFO - Filling up the DagBag from /home/airflow/.local/lib/python3.12/site-packages/airflow/example_dags/example_display_name.py
[2025-09-29T14:40:33.183+0000] {processor.py:925} INFO - DAG(s) 'example_display_name' retrieved from /home/airflow/.local/lib/python3.12/site-packages/airflow/example_dags/example_display_name.py
[2025-09-29T14:40:33.201+0000] {logging_mixin.py:190} INFO - [2025-09-29T14:40:33.200+0000] {dag.py:3239} INFO - Sync 1 DAGs
[2025-09-29T14:40:33.208+0000] {logging_mixin.py:190} INFO - [2025-09-29T14:40:33.208+0000] {dag.py:4180} INFO - Setting next_dagrun for example_display_name to None, run_after=None
[2025-09-29T14:40:33.221+0000] {processor.py:208} INFO - Processing /home/airflow/.local/lib/python3.12/site-packages/airflow/example_dags/example_display_name.py took 0.050 seconds
[2025-09-29T14:41:03.602+0000] {processor.py:186} INFO - Started process (PID=901) to work on /home/airflow/.local/lib/python3.12/site-packages/airflow/example_dags/example_display_name.py
[2025-09-29T14:41:03.602+0000] {processor.py:914} INFO - Processing file /home/airflow/.local/lib/python3.12/site-packages/airflow/example_dags/example_display_name.py for tasks to queue
[2025-09-29T14:41:03.604+0000] {logging_mixin.py:190} INFO - [2025-09-29T14:41:03.604+0000] {dagbag.py:588} INFO - Filling up the DagBag from /home/airflow/.local/lib/python3.12/site-packages/airflow/example_dags/example_display_name.py
[2025-09-29T14:41:03.608+0000] {processor.py:925} INFO - DAG(s) 'example_display_name' retrieved from /home/airflow/.local/lib/python3.12/site-packages/airflow/example_dags/example_display_name.py
[2025-09-29T14:41:03.617+0000] {logging_mixin.py:190} INFO - [2025-09-29T14:41:03.617+0000] {dag.py:3239} INFO - Sync 1 DAGs
[2025-09-29T14:41:03.624+0000] {logging_mixin.py:190} INFO - [2025-09-29T14:41:03.624+0000] {dag.py:4180} INFO - Setting next_dagrun for example_display_name to None, run_after=None
[2025-09-29T14:41:03.637+0000] {processor.py:208} INFO - Processing /home/airflow/.local/lib/python3.12/site-packages/airflow/example_dags/example_display_name.py took 0.038 seconds
[2025-09-29T14:41:33.851+0000] {processor.py:186} INFO - Started process (PID=965) to work on /home/airflow/.local/lib/python3.12/site-packages/airflow/example_dags/example_display_name.py
[2025-09-29T14:41:33.855+0000] {processor.py:914} INFO - Processing file /home/airflow/.local/lib/python3.12/site-packages/airflow/example_dags/example_display_name.py for tasks to queue
[2025-09-29T14:41:33.856+0000] {logging_mixin.py:190} INFO - [2025-09-29T14:41:33.856+0000] {dagbag.py:588} INFO - Filling up the DagBag from /home/airflow/.local/lib/python3.12/site-packages/airflow/example_dags/example_display_name.py
[2025-09-29T14:41:33.860+0000] {processor.py:925} INFO - DAG(s) 'example_display_name' retrieved from /home/airflow/.local/lib/python3.12/site-packages/airflow/example_dags/example_display_name.py
[2025-09-29T14:41:33.872+0000] {logging_mixin.py:190} INFO - [2025-09-29T14:41:33.872+0000] {dag.py:3239} INFO - Sync 1 DAGs
[2025-09-29T14:41:33.879+0000] {logging_mixin.py:190} INFO - [2025-09-29T14:41:33.879+0000] {dag.py:4180} INFO - Setting next_dagrun for example_display_name to None, run_after=None
[2025-09-29T14:41:33.893+0000] {processor.py:208} INFO - Processing /home/airflow/.local/lib/python3.12/site-packages/airflow/example_dags/example_display_name.py took 0.046 seconds
[2025-09-29T14:42:04.365+0000] {processor.py:186} INFO - Started process (PID=1030) to work on /home/airflow/.local/lib/python3.12/site-packages/airflow/example_dags/example_display_name.py
[2025-09-29T14:42:04.369+0000] {processor.py:914} INFO - Processing file /home/airflow/.local/lib/python3.12/site-packages/airflow/example_dags/example_display_name.py for tasks to queue
[2025-09-29T14:42:04.371+0000] {logging_mixin.py:190} INFO - [2025-09-29T14:42:04.370+0000] {dagbag.py:588} INFO - Filling up the DagBag from /home/airflow/.local/lib/python3.12/site-packages/airflow/example_dags/example_display_name.py
[2025-09-29T14:42:04.375+0000] {processor.py:925} INFO - DAG(s) 'example_display_name' retrieved from /home/airflow/.local/lib/python3.12/site-packages/airflow/example_dags/example_display_name.py
[2025-09-29T14:42:04.391+0000] {logging_mixin.py:190} INFO - [2025-09-29T14:42:04.390+0000] {dag.py:3239} INFO - Sync 1 DAGs
[2025-09-29T14:42:04.398+0000] {logging_mixin.py:190} INFO - [2025-09-29T14:42:04.398+0000] {dag.py:4180} INFO - Setting next_dagrun for example_display_name to None, run_after=None
[2025-09-29T14:42:04.409+0000] {processor.py:208} INFO - Processing /home/airflow/.local/lib/python3.12/site-packages/airflow/example_dags/example_display_name.py took 0.048 seconds
[2025-09-29T14:42:34.765+0000] {processor.py:186} INFO - Started process (PID=1094) to work on /home/airflow/.local/lib/python3.12/site-packages/airflow/example_dags/example_display_name.py
[2025-09-29T14:42:34.766+0000] {processor.py:914} INFO - Processing file /home/airflow/.local/lib/python3.12/site-packages/airflow/example_dags/example_display_name.py for tasks to queue
[2025-09-29T14:42:34.768+0000] {logging_mixin.py:190} INFO - [2025-09-29T14:42:34.768+0000] {dagbag.py:588} INFO - Filling up the DagBag from /home/airflow/.local/lib/python3.12/site-packages/airflow/example_dags/example_display_name.py
[2025-09-29T14:42:34.773+0000] {processor.py:925} INFO - DAG(s) 'example_display_name' retrieved from /home/airflow/.local/lib/python3.12/site-packages/airflow/example_dags/example_display_name.py
[2025-09-29T14:42:34.782+0000] {logging_mixin.py:190} INFO - [2025-09-29T14:42:34.782+0000] {dag.py:3239} INFO - Sync 1 DAGs
[2025-09-29T14:42:34.789+0000] {logging_mixin.py:190} INFO - [2025-09-29T14:42:34.789+0000] {dag.py:4180} INFO - Setting next_dagrun for example_display_name to None, run_after=None
[2025-09-29T14:42:34.805+0000] {processor.py:208} INFO - Processing /home/airflow/.local/lib/python3.12/site-packages/airflow/example_dags/example_display_name.py took 0.043 seconds
[2025-09-29T14:43:05.038+0000] {processor.py:186} INFO - Started process (PID=1158) to work on /home/airflow/.local/lib/python3.12/site-packages/airflow/example_dags/example_display_name.py
[2025-09-29T14:43:05.040+0000] {processor.py:914} INFO - Processing file /home/airflow/.local/lib/python3.12/site-packages/airflow/example_dags/example_display_name.py for tasks to queue
[2025-09-29T14:43:05.041+0000] {logging_mixin.py:190} INFO - [2025-09-29T14:43:05.041+0000] {dagbag.py:588} INFO - Filling up the DagBag from /home/airflow/.local/lib/python3.12/site-packages/airflow/example_dags/example_display_name.py
[2025-09-29T14:43:05.046+0000] {processor.py:925} INFO - DAG(s) 'example_display_name' retrieved from /home/airflow/.local/lib/python3.12/site-packages/airflow/example_dags/example_display_name.py
[2025-09-29T14:43:05.057+0000] {logging_mixin.py:190} INFO - [2025-09-29T14:43:05.057+0000] {dag.py:3239} INFO - Sync 1 DAGs
[2025-09-29T14:43:05.063+0000] {logging_mixin.py:190} INFO - [2025-09-29T14:43:05.063+0000] {dag.py:4180} INFO - Setting next_dagrun for example_display_name to None, run_after=None
[2025-09-29T14:43:05.075+0000] {processor.py:208} INFO - Processing /home/airflow/.local/lib/python3.12/site-packages/airflow/example_dags/example_display_name.py took 0.040 seconds
[2025-09-29T14:43:35.366+0000] {processor.py:186} INFO - Started process (PID=1222) to work on /home/airflow/.local/lib/python3.12/site-packages/airflow/example_dags/example_display_name.py
[2025-09-29T14:43:35.367+0000] {processor.py:914} INFO - Processing file /home/airflow/.local/lib/python3.12/site-packages/airflow/example_dags/example_display_name.py for tasks to queue
[2025-09-29T14:43:35.368+0000] {logging_mixin.py:190} INFO - [2025-09-29T14:43:35.368+0000] {dagbag.py:588} INFO - Filling up the DagBag from /home/airflow/.local/lib/python3.12/site-packages/airflow/example_dags/example_display_name.py
[2025-09-29T14:43:35.372+0000] {processor.py:925} INFO - DAG(s) 'example_display_name' retrieved from /home/airflow/.local/lib/python3.12/site-packages/airflow/example_dags/example_display_name.py
[2025-09-29T14:43:35.385+0000] {logging_mixin.py:190} INFO - [2025-09-29T14:43:35.385+0000] {dag.py:3239} INFO - Sync 1 DAGs
[2025-09-29T14:43:35.393+0000] {logging_mixin.py:190} INFO - [2025-09-29T14:43:35.393+0000] {dag.py:4180} INFO - Setting next_dagrun for example_display_name to None, run_after=None
[2025-09-29T14:43:35.406+0000] {processor.py:208} INFO - Processing /home/airflow/.local/lib/python3.12/site-packages/airflow/example_dags/example_display_name.py took 0.043 seconds
[2025-09-29T14:44:05.548+0000] {processor.py:186} INFO - Started process (PID=1286) to work on /home/airflow/.local/lib/python3.12/site-packages/airflow/example_dags/example_display_name.py
[2025-09-29T14:44:05.549+0000] {processor.py:914} INFO - Processing file /home/airflow/.local/lib/python3.12/site-packages/airflow/example_dags/example_display_name.py for tasks to queue
[2025-09-29T14:44:05.550+0000] {logging_mixin.py:190} INFO - [2025-09-29T14:44:05.550+0000] {dagbag.py:588} INFO - Filling up the DagBag from /home/airflow/.local/lib/python3.12/site-packages/airflow/example_dags/example_display_name.py
[2025-09-29T14:44:05.554+0000] {processor.py:925} INFO - DAG(s) 'example_display_name' retrieved from /home/airflow/.local/lib/python3.12/site-packages/airflow/example_dags/example_display_name.py
[2025-09-29T14:44:05.569+0000] {logging_mixin.py:190} INFO - [2025-09-29T14:44:05.569+0000] {dag.py:3239} INFO - Sync 1 DAGs
[2025-09-29T14:44:05.578+0000] {logging_mixin.py:190} INFO - [2025-09-29T14:44:05.578+0000] {dag.py:4180} INFO - Setting next_dagrun for example_display_name to None, run_after=None
[2025-09-29T14:44:05.593+0000] {processor.py:208} INFO - Processing /home/airflow/.local/lib/python3.12/site-packages/airflow/example_dags/example_display_name.py took 0.048 seconds
[2025-09-29T14:44:36.437+0000] {processor.py:186} INFO - Started process (PID=1349) to work on /home/airflow/.local/lib/python3.12/site-packages/airflow/example_dags/example_display_name.py
[2025-09-29T14:44:36.438+0000] {processor.py:914} INFO - Processing file /home/airflow/.local/lib/python3.12/site-packages/airflow/example_dags/example_display_name.py for tasks to queue
[2025-09-29T14:44:36.440+0000] {logging_mixin.py:190} INFO - [2025-09-29T14:44:36.439+0000] {dagbag.py:588} INFO - Filling up the DagBag from /home/airflow/.local/lib/python3.12/site-packages/airflow/example_dags/example_display_name.py
[2025-09-29T14:44:36.444+0000] {processor.py:925} INFO - DAG(s) 'example_display_name' retrieved from /home/airflow/.local/lib/python3.12/site-packages/airflow/example_dags/example_display_name.py
[2025-09-29T14:44:36.459+0000] {logging_mixin.py:190} INFO - [2025-09-29T14:44:36.458+0000] {dag.py:3239} INFO - Sync 1 DAGs
[2025-09-29T14:44:36.468+0000] {logging_mixin.py:190} INFO - [2025-09-29T14:44:36.468+0000] {dag.py:4180} INFO - Setting next_dagrun for example_display_name to None, run_after=None
[2025-09-29T14:44:36.482+0000] {processor.py:208} INFO - Processing /home/airflow/.local/lib/python3.12/site-packages/airflow/example_dags/example_display_name.py took 0.048 seconds
[2025-09-29T14:45:06.877+0000] {processor.py:186} INFO - Started process (PID=1413) to work on /home/airflow/.local/lib/python3.12/site-packages/airflow/example_dags/example_display_name.py
[2025-09-29T14:45:06.879+0000] {processor.py:914} INFO - Processing file /home/airflow/.local/lib/python3.12/site-packages/airflow/example_dags/example_display_name.py for tasks to queue
[2025-09-29T14:45:06.881+0000] {logging_mixin.py:190} INFO - [2025-09-29T14:45:06.880+0000] {dagbag.py:588} INFO - Filling up the DagBag from /home/airflow/.local/lib/python3.12/site-packages/airflow/example_dags/example_display_name.py
[2025-09-29T14:45:06.884+0000] {processor.py:925} INFO - DAG(s) 'example_display_name' retrieved from /home/airflow/.local/lib/python3.12/site-packages/airflow/example_dags/example_display_name.py
[2025-09-29T14:45:06.897+0000] {logging_mixin.py:190} INFO - [2025-09-29T14:45:06.897+0000] {dag.py:3239} INFO - Sync 1 DAGs
[2025-09-29T14:45:06.907+0000] {logging_mixin.py:190} INFO - [2025-09-29T14:45:06.907+0000] {dag.py:4180} INFO - Setting next_dagrun for example_display_name to None, run_after=None
[2025-09-29T14:45:06.916+0000] {processor.py:208} INFO - Processing /home/airflow/.local/lib/python3.12/site-packages/airflow/example_dags/example_display_name.py took 0.041 seconds
[2025-09-29T14:45:37.262+0000] {processor.py:186} INFO - Started process (PID=1477) to work on /home/airflow/.local/lib/python3.12/site-packages/airflow/example_dags/example_display_name.py
[2025-09-29T14:45:37.263+0000] {processor.py:914} INFO - Processing file /home/airflow/.local/lib/python3.12/site-packages/airflow/example_dags/example_display_name.py for tasks to queue
[2025-09-29T14:45:37.264+0000] {logging_mixin.py:190} INFO - [2025-09-29T14:45:37.264+0000] {dagbag.py:588} INFO - Filling up the DagBag from /home/airflow/.local/lib/python3.12/site-packages/airflow/example_dags/example_display_name.py
[2025-09-29T14:45:37.268+0000] {processor.py:925} INFO - DAG(s) 'example_display_name' retrieved from /home/airflow/.local/lib/python3.12/site-packages/airflow/example_dags/example_display_name.py
[2025-09-29T14:45:37.279+0000] {logging_mixin.py:190} INFO - [2025-09-29T14:45:37.278+0000] {dag.py:3239} INFO - Sync 1 DAGs
[2025-09-29T14:45:37.285+0000] {logging_mixin.py:190} INFO - [2025-09-29T14:45:37.285+0000] {dag.py:4180} INFO - Setting next_dagrun for example_display_name to None, run_after=None
[2025-09-29T14:45:37.296+0000] {processor.py:208} INFO - Processing /home/airflow/.local/lib/python3.12/site-packages/airflow/example_dags/example_display_name.py took 0.037 seconds
[2025-09-29T14:46:07.866+0000] {processor.py:186} INFO - Started process (PID=1541) to work on /home/airflow/.local/lib/python3.12/site-packages/airflow/example_dags/example_display_name.py
[2025-09-29T14:46:07.866+0000] {processor.py:914} INFO - Processing file /home/airflow/.local/lib/python3.12/site-packages/airflow/example_dags/example_display_name.py for tasks to queue
[2025-09-29T14:46:07.867+0000] {logging_mixin.py:190} INFO - [2025-09-29T14:46:07.867+0000] {dagbag.py:588} INFO - Filling up the DagBag from /home/airflow/.local/lib/python3.12/site-packages/airflow/example_dags/example_display_name.py
[2025-09-29T14:46:07.872+0000] {processor.py:925} INFO - DAG(s) 'example_display_name' retrieved from /home/airflow/.local/lib/python3.12/site-packages/airflow/example_dags/example_display_name.py
[2025-09-29T14:46:07.890+0000] {logging_mixin.py:190} INFO - [2025-09-29T14:46:07.889+0000] {dag.py:3239} INFO - Sync 1 DAGs
[2025-09-29T14:46:07.897+0000] {logging_mixin.py:190} INFO - [2025-09-29T14:46:07.897+0000] {dag.py:4180} INFO - Setting next_dagrun for example_display_name to None, run_after=None
[2025-09-29T14:46:07.913+0000] {processor.py:208} INFO - Processing /home/airflow/.local/lib/python3.12/site-packages/airflow/example_dags/example_display_name.py took 0.051 seconds
[2025-09-29T14:46:38.388+0000] {processor.py:186} INFO - Started process (PID=1605) to work on /home/airflow/.local/lib/python3.12/site-packages/airflow/example_dags/example_display_name.py
[2025-09-29T14:46:38.388+0000] {processor.py:914} INFO - Processing file /home/airflow/.local/lib/python3.12/site-packages/airflow/example_dags/example_display_name.py for tasks to queue
[2025-09-29T14:46:38.389+0000] {logging_mixin.py:190} INFO - [2025-09-29T14:46:38.389+0000] {dagbag.py:588} INFO - Filling up the DagBag from /home/airflow/.local/lib/python3.12/site-packages/airflow/example_dags/example_display_name.py
[2025-09-29T14:46:38.395+0000] {processor.py:925} INFO - DAG(s) 'example_display_name' retrieved from /home/airflow/.local/lib/python3.12/site-packages/airflow/example_dags/example_display_name.py
[2025-09-29T14:46:38.407+0000] {logging_mixin.py:190} INFO - [2025-09-29T14:46:38.406+0000] {dag.py:3239} INFO - Sync 1 DAGs
[2025-09-29T14:46:38.414+0000] {logging_mixin.py:190} INFO - [2025-09-29T14:46:38.414+0000] {dag.py:4180} INFO - Setting next_dagrun for example_display_name to None, run_after=None
[2025-09-29T14:46:38.425+0000] {processor.py:208} INFO - Processing /home/airflow/.local/lib/python3.12/site-packages/airflow/example_dags/example_display_name.py took 0.040 seconds
[2025-09-29T14:47:08.796+0000] {processor.py:186} INFO - Started process (PID=1669) to work on /home/airflow/.local/lib/python3.12/site-packages/airflow/example_dags/example_display_name.py
[2025-09-29T14:47:08.799+0000] {processor.py:914} INFO - Processing file /home/airflow/.local/lib/python3.12/site-packages/airflow/example_dags/example_display_name.py for tasks to queue
[2025-09-29T14:47:08.800+0000] {logging_mixin.py:190} INFO - [2025-09-29T14:47:08.800+0000] {dagbag.py:588} INFO - Filling up the DagBag from /home/airflow/.local/lib/python3.12/site-packages/airflow/example_dags/example_display_name.py
[2025-09-29T14:47:08.804+0000] {processor.py:925} INFO - DAG(s) 'example_display_name' retrieved from /home/airflow/.local/lib/python3.12/site-packages/airflow/example_dags/example_display_name.py
[2025-09-29T14:47:08.814+0000] {logging_mixin.py:190} INFO - [2025-09-29T14:47:08.813+0000] {dag.py:3239} INFO - Sync 1 DAGs
[2025-09-29T14:47:08.822+0000] {logging_mixin.py:190} INFO - [2025-09-29T14:47:08.822+0000] {dag.py:4180} INFO - Setting next_dagrun for example_display_name to None, run_after=None
[2025-09-29T14:47:08.836+0000] {processor.py:208} INFO - Processing /home/airflow/.local/lib/python3.12/site-packages/airflow/example_dags/example_display_name.py took 0.043 seconds
[2025-09-29T14:47:39.293+0000] {processor.py:186} INFO - Started process (PID=1733) to work on /home/airflow/.local/lib/python3.12/site-packages/airflow/example_dags/example_display_name.py
[2025-09-29T14:47:39.294+0000] {processor.py:914} INFO - Processing file /home/airflow/.local/lib/python3.12/site-packages/airflow/example_dags/example_display_name.py for tasks to queue
[2025-09-29T14:47:39.296+0000] {logging_mixin.py:190} INFO - [2025-09-29T14:47:39.296+0000] {dagbag.py:588} INFO - Filling up the DagBag from /home/airflow/.local/lib/python3.12/site-packages/airflow/example_dags/example_display_name.py
[2025-09-29T14:47:39.301+0000] {processor.py:925} INFO - DAG(s) 'example_display_name' retrieved from /home/airflow/.local/lib/python3.12/site-packages/airflow/example_dags/example_display_name.py
[2025-09-29T14:47:39.313+0000] {logging_mixin.py:190} INFO - [2025-09-29T14:47:39.313+0000] {dag.py:3239} INFO - Sync 1 DAGs
[2025-09-29T14:47:39.322+0000] {logging_mixin.py:190} INFO - [2025-09-29T14:47:39.322+0000] {dag.py:4180} INFO - Setting next_dagrun for example_display_name to None, run_after=None
[2025-09-29T14:47:39.333+0000] {processor.py:208} INFO - Processing /home/airflow/.local/lib/python3.12/site-packages/airflow/example_dags/example_display_name.py took 0.043 seconds
[2025-09-29T14:48:09.584+0000] {processor.py:186} INFO - Started process (PID=1797) to work on /home/airflow/.local/lib/python3.12/site-packages/airflow/example_dags/example_display_name.py
[2025-09-29T14:48:09.585+0000] {processor.py:914} INFO - Processing file /home/airflow/.local/lib/python3.12/site-packages/airflow/example_dags/example_display_name.py for tasks to queue
[2025-09-29T14:48:09.586+0000] {logging_mixin.py:190} INFO - [2025-09-29T14:48:09.586+0000] {dagbag.py:588} INFO - Filling up the DagBag from /home/airflow/.local/lib/python3.12/site-packages/airflow/example_dags/example_display_name.py
[2025-09-29T14:48:09.590+0000] {processor.py:925} INFO - DAG(s) 'example_display_name' retrieved from /home/airflow/.local/lib/python3.12/site-packages/airflow/example_dags/example_display_name.py
[2025-09-29T14:48:09.606+0000] {logging_mixin.py:190} INFO - [2025-09-29T14:48:09.606+0000] {dag.py:3239} INFO - Sync 1 DAGs
[2025-09-29T14:48:09.614+0000] {logging_mixin.py:190} INFO - [2025-09-29T14:48:09.614+0000] {dag.py:4180} INFO - Setting next_dagrun for example_display_name to None, run_after=None
[2025-09-29T14:48:09.630+0000] {processor.py:208} INFO - Processing /home/airflow/.local/lib/python3.12/site-packages/airflow/example_dags/example_display_name.py took 0.049 seconds
[2025-09-29T14:48:40.060+0000] {processor.py:186} INFO - Started process (PID=1861) to work on /home/airflow/.local/lib/python3.12/site-packages/airflow/example_dags/example_display_name.py
[2025-09-29T14:48:40.061+0000] {processor.py:914} INFO - Processing file /home/airflow/.local/lib/python3.12/site-packages/airflow/example_dags/example_display_name.py for tasks to queue
[2025-09-29T14:48:40.062+0000] {logging_mixin.py:190} INFO - [2025-09-29T14:48:40.062+0000] {dagbag.py:588} INFO - Filling up the DagBag from /home/airflow/.local/lib/python3.12/site-packages/airflow/example_dags/example_display_name.py
[2025-09-29T14:48:40.066+0000] {processor.py:925} INFO - DAG(s) 'example_display_name' retrieved from /home/airflow/.local/lib/python3.12/site-packages/airflow/example_dags/example_display_name.py
[2025-09-29T14:48:40.078+0000] {logging_mixin.py:190} INFO - [2025-09-29T14:48:40.078+0000] {dag.py:3239} INFO - Sync 1 DAGs
[2025-09-29T14:48:40.085+0000] {logging_mixin.py:190} INFO - [2025-09-29T14:48:40.085+0000] {dag.py:4180} INFO - Setting next_dagrun for example_display_name to None, run_after=None
[2025-09-29T14:48:40.095+0000] {processor.py:208} INFO - Processing /home/airflow/.local/lib/python3.12/site-packages/airflow/example_dags/example_display_name.py took 0.038 seconds
[2025-09-29T14:49:10.159+0000] {processor.py:186} INFO - Started process (PID=1925) to work on /home/airflow/.local/lib/python3.12/site-packages/airflow/example_dags/example_display_name.py
[2025-09-29T14:49:10.161+0000] {processor.py:914} INFO - Processing file /home/airflow/.local/lib/python3.12/site-packages/airflow/example_dags/example_display_name.py for tasks to queue
[2025-09-29T14:49:10.162+0000] {logging_mixin.py:190} INFO - [2025-09-29T14:49:10.162+0000] {dagbag.py:588} INFO - Filling up the DagBag from /home/airflow/.local/lib/python3.12/site-packages/airflow/example_dags/example_display_name.py
[2025-09-29T14:49:10.166+0000] {processor.py:925} INFO - DAG(s) 'example_display_name' retrieved from /home/airflow/.local/lib/python3.12/site-packages/airflow/example_dags/example_display_name.py
[2025-09-29T14:49:10.177+0000] {logging_mixin.py:190} INFO - [2025-09-29T14:49:10.177+0000] {dag.py:3239} INFO - Sync 1 DAGs
[2025-09-29T14:49:10.183+0000] {logging_mixin.py:190} INFO - [2025-09-29T14:49:10.183+0000] {dag.py:4180} INFO - Setting next_dagrun for example_display_name to None, run_after=None
[2025-09-29T14:49:10.194+0000] {processor.py:208} INFO - Processing /home/airflow/.local/lib/python3.12/site-packages/airflow/example_dags/example_display_name.py took 0.037 seconds
[2025-09-29T14:49:40.656+0000] {processor.py:186} INFO - Started process (PID=1989) to work on /home/airflow/.local/lib/python3.12/site-packages/airflow/example_dags/example_display_name.py
[2025-09-29T14:49:40.657+0000] {processor.py:914} INFO - Processing file /home/airflow/.local/lib/python3.12/site-packages/airflow/example_dags/example_display_name.py for tasks to queue
[2025-09-29T14:49:40.659+0000] {logging_mixin.py:190} INFO - [2025-09-29T14:49:40.659+0000] {dagbag.py:588} INFO - Filling up the DagBag from /home/airflow/.local/lib/python3.12/site-packages/airflow/example_dags/example_display_name.py
[2025-09-29T14:49:40.663+0000] {processor.py:925} INFO - DAG(s) 'example_display_name' retrieved from /home/airflow/.local/lib/python3.12/site-packages/airflow/example_dags/example_display_name.py
[2025-09-29T14:49:40.675+0000] {logging_mixin.py:190} INFO - [2025-09-29T14:49:40.674+0000] {dag.py:3239} INFO - Sync 1 DAGs
[2025-09-29T14:49:40.683+0000] {logging_mixin.py:190} INFO - [2025-09-29T14:49:40.683+0000] {dag.py:4180} INFO - Setting next_dagrun for example_display_name to None, run_after=None
[2025-09-29T14:49:40.696+0000] {processor.py:208} INFO - Processing /home/airflow/.local/lib/python3.12/site-packages/airflow/example_dags/example_display_name.py took 0.043 seconds
[2025-09-29T14:50:11.039+0000] {processor.py:186} INFO - Started process (PID=2053) to work on /home/airflow/.local/lib/python3.12/site-packages/airflow/example_dags/example_display_name.py
[2025-09-29T14:50:11.044+0000] {processor.py:914} INFO - Processing file /home/airflow/.local/lib/python3.12/site-packages/airflow/example_dags/example_display_name.py for tasks to queue
[2025-09-29T14:50:11.048+0000] {logging_mixin.py:190} INFO - [2025-09-29T14:50:11.048+0000] {dagbag.py:588} INFO - Filling up the DagBag from /home/airflow/.local/lib/python3.12/site-packages/airflow/example_dags/example_display_name.py
[2025-09-29T14:50:11.053+0000] {processor.py:925} INFO - DAG(s) 'example_display_name' retrieved from /home/airflow/.local/lib/python3.12/site-packages/airflow/example_dags/example_display_name.py
[2025-09-29T14:50:11.065+0000] {logging_mixin.py:190} INFO - [2025-09-29T14:50:11.065+0000] {dag.py:3239} INFO - Sync 1 DAGs
[2025-09-29T14:50:11.073+0000] {logging_mixin.py:190} INFO - [2025-09-29T14:50:11.073+0000] {dag.py:4180} INFO - Setting next_dagrun for example_display_name to None, run_after=None
[2025-09-29T14:50:11.082+0000] {processor.py:208} INFO - Processing /home/airflow/.local/lib/python3.12/site-packages/airflow/example_dags/example_display_name.py took 0.046 seconds
[2025-09-29T14:50:41.285+0000] {processor.py:186} INFO - Started process (PID=2117) to work on /home/airflow/.local/lib/python3.12/site-packages/airflow/example_dags/example_display_name.py
[2025-09-29T14:50:41.288+0000] {processor.py:914} INFO - Processing file /home/airflow/.local/lib/python3.12/site-packages/airflow/example_dags/example_display_name.py for tasks to queue
[2025-09-29T14:50:41.289+0000] {logging_mixin.py:190} INFO - [2025-09-29T14:50:41.289+0000] {dagbag.py:588} INFO - Filling up the DagBag from /home/airflow/.local/lib/python3.12/site-packages/airflow/example_dags/example_display_name.py
[2025-09-29T14:50:41.293+0000] {processor.py:925} INFO - DAG(s) 'example_display_name' retrieved from /home/airflow/.local/lib/python3.12/site-packages/airflow/example_dags/example_display_name.py
[2025-09-29T14:50:41.306+0000] {logging_mixin.py:190} INFO - [2025-09-29T14:50:41.306+0000] {dag.py:3239} INFO - Sync 1 DAGs
[2025-09-29T14:50:41.313+0000] {logging_mixin.py:190} INFO - [2025-09-29T14:50:41.313+0000] {dag.py:4180} INFO - Setting next_dagrun for example_display_name to None, run_after=None
[2025-09-29T14:50:41.324+0000] {processor.py:208} INFO - Processing /home/airflow/.local/lib/python3.12/site-packages/airflow/example_dags/example_display_name.py took 0.043 seconds
[2025-09-29T14:51:11.528+0000] {processor.py:186} INFO - Started process (PID=2181) to work on /home/airflow/.local/lib/python3.12/site-packages/airflow/example_dags/example_display_name.py
[2025-09-29T14:51:11.529+0000] {processor.py:914} INFO - Processing file /home/airflow/.local/lib/python3.12/site-packages/airflow/example_dags/example_display_name.py for tasks to queue
[2025-09-29T14:51:11.530+0000] {logging_mixin.py:190} INFO - [2025-09-29T14:51:11.530+0000] {dagbag.py:588} INFO - Filling up the DagBag from /home/airflow/.local/lib/python3.12/site-packages/airflow/example_dags/example_display_name.py
[2025-09-29T14:51:11.535+0000] {processor.py:925} INFO - DAG(s) 'example_display_name' retrieved from /home/airflow/.local/lib/python3.12/site-packages/airflow/example_dags/example_display_name.py
[2025-09-29T14:51:11.551+0000] {logging_mixin.py:190} INFO - [2025-09-29T14:51:11.551+0000] {dag.py:3239} INFO - Sync 1 DAGs
[2025-09-29T14:51:11.557+0000] {logging_mixin.py:190} INFO - [2025-09-29T14:51:11.557+0000] {dag.py:4180} INFO - Setting next_dagrun for example_display_name to None, run_after=None
[2025-09-29T14:51:11.567+0000] {processor.py:208} INFO - Processing /home/airflow/.local/lib/python3.12/site-packages/airflow/example_dags/example_display_name.py took 0.043 seconds
[2025-09-29T14:51:41.944+0000] {processor.py:186} INFO - Started process (PID=2245) to work on /home/airflow/.local/lib/python3.12/site-packages/airflow/example_dags/example_display_name.py
[2025-09-29T14:51:41.945+0000] {processor.py:914} INFO - Processing file /home/airflow/.local/lib/python3.12/site-packages/airflow/example_dags/example_display_name.py for tasks to queue
[2025-09-29T14:51:41.946+0000] {logging_mixin.py:190} INFO - [2025-09-29T14:51:41.946+0000] {dagbag.py:588} INFO - Filling up the DagBag from /home/airflow/.local/lib/python3.12/site-packages/airflow/example_dags/example_display_name.py
[2025-09-29T14:51:41.950+0000] {processor.py:925} INFO - DAG(s) 'example_display_name' retrieved from /home/airflow/.local/lib/python3.12/site-packages/airflow/example_dags/example_display_name.py
[2025-09-29T14:51:41.962+0000] {logging_mixin.py:190} INFO - [2025-09-29T14:51:41.962+0000] {dag.py:3239} INFO - Sync 1 DAGs
[2025-09-29T14:51:41.969+0000] {logging_mixin.py:190} INFO - [2025-09-29T14:51:41.969+0000] {dag.py:4180} INFO - Setting next_dagrun for example_display_name to None, run_after=None
[2025-09-29T14:51:41.979+0000] {processor.py:208} INFO - Processing /home/airflow/.local/lib/python3.12/site-packages/airflow/example_dags/example_display_name.py took 0.039 seconds
[2025-09-29T14:52:12.226+0000] {processor.py:186} INFO - Started process (PID=2308) to work on /home/airflow/.local/lib/python3.12/site-packages/airflow/example_dags/example_display_name.py
[2025-09-29T14:52:12.226+0000] {processor.py:914} INFO - Processing file /home/airflow/.local/lib/python3.12/site-packages/airflow/example_dags/example_display_name.py for tasks to queue
[2025-09-29T14:52:12.227+0000] {logging_mixin.py:190} INFO - [2025-09-29T14:52:12.227+0000] {dagbag.py:588} INFO - Filling up the DagBag from /home/airflow/.local/lib/python3.12/site-packages/airflow/example_dags/example_display_name.py
[2025-09-29T14:52:12.231+0000] {processor.py:925} INFO - DAG(s) 'example_display_name' retrieved from /home/airflow/.local/lib/python3.12/site-packages/airflow/example_dags/example_display_name.py
[2025-09-29T14:52:12.240+0000] {logging_mixin.py:190} INFO - [2025-09-29T14:52:12.240+0000] {dag.py:3239} INFO - Sync 1 DAGs
[2025-09-29T14:52:12.247+0000] {logging_mixin.py:190} INFO - [2025-09-29T14:52:12.247+0000] {dag.py:4180} INFO - Setting next_dagrun for example_display_name to None, run_after=None
[2025-09-29T14:52:12.258+0000] {processor.py:208} INFO - Processing /home/airflow/.local/lib/python3.12/site-packages/airflow/example_dags/example_display_name.py took 0.035 seconds
[2025-09-29T14:52:42.410+0000] {processor.py:186} INFO - Started process (PID=2370) to work on /home/airflow/.local/lib/python3.12/site-packages/airflow/example_dags/example_display_name.py
[2025-09-29T14:52:42.411+0000] {processor.py:914} INFO - Processing file /home/airflow/.local/lib/python3.12/site-packages/airflow/example_dags/example_display_name.py for tasks to queue
[2025-09-29T14:52:42.411+0000] {logging_mixin.py:190} INFO - [2025-09-29T14:52:42.411+0000] {dagbag.py:588} INFO - Filling up the DagBag from /home/airflow/.local/lib/python3.12/site-packages/airflow/example_dags/example_display_name.py
[2025-09-29T14:52:42.415+0000] {processor.py:925} INFO - DAG(s) 'example_display_name' retrieved from /home/airflow/.local/lib/python3.12/site-packages/airflow/example_dags/example_display_name.py
[2025-09-29T14:52:42.426+0000] {logging_mixin.py:190} INFO - [2025-09-29T14:52:42.425+0000] {dag.py:3239} INFO - Sync 1 DAGs
[2025-09-29T14:52:42.433+0000] {logging_mixin.py:190} INFO - [2025-09-29T14:52:42.433+0000] {dag.py:4180} INFO - Setting next_dagrun for example_display_name to None, run_after=None
[2025-09-29T14:52:42.442+0000] {processor.py:208} INFO - Processing /home/airflow/.local/lib/python3.12/site-packages/airflow/example_dags/example_display_name.py took 0.035 seconds
[2025-09-29T14:53:12.603+0000] {processor.py:186} INFO - Started process (PID=2434) to work on /home/airflow/.local/lib/python3.12/site-packages/airflow/example_dags/example_display_name.py
[2025-09-29T14:53:12.604+0000] {processor.py:914} INFO - Processing file /home/airflow/.local/lib/python3.12/site-packages/airflow/example_dags/example_display_name.py for tasks to queue
[2025-09-29T14:53:12.605+0000] {logging_mixin.py:190} INFO - [2025-09-29T14:53:12.605+0000] {dagbag.py:588} INFO - Filling up the DagBag from /home/airflow/.local/lib/python3.12/site-packages/airflow/example_dags/example_display_name.py
[2025-09-29T14:53:12.610+0000] {processor.py:925} INFO - DAG(s) 'example_display_name' retrieved from /home/airflow/.local/lib/python3.12/site-packages/airflow/example_dags/example_display_name.py
[2025-09-29T14:53:12.619+0000] {logging_mixin.py:190} INFO - [2025-09-29T14:53:12.619+0000] {dag.py:3239} INFO - Sync 1 DAGs
[2025-09-29T14:53:12.627+0000] {logging_mixin.py:190} INFO - [2025-09-29T14:53:12.627+0000] {dag.py:4180} INFO - Setting next_dagrun for example_display_name to None, run_after=None
[2025-09-29T14:53:12.637+0000] {processor.py:208} INFO - Processing /home/airflow/.local/lib/python3.12/site-packages/airflow/example_dags/example_display_name.py took 0.037 seconds
[2025-09-29T14:53:42.868+0000] {processor.py:186} INFO - Started process (PID=2497) to work on /home/airflow/.local/lib/python3.12/site-packages/airflow/example_dags/example_display_name.py
[2025-09-29T14:53:42.869+0000] {processor.py:914} INFO - Processing file /home/airflow/.local/lib/python3.12/site-packages/airflow/example_dags/example_display_name.py for tasks to queue
[2025-09-29T14:53:42.869+0000] {logging_mixin.py:190} INFO - [2025-09-29T14:53:42.869+0000] {dagbag.py:588} INFO - Filling up the DagBag from /home/airflow/.local/lib/python3.12/site-packages/airflow/example_dags/example_display_name.py
[2025-09-29T14:53:42.873+0000] {processor.py:925} INFO - DAG(s) 'example_display_name' retrieved from /home/airflow/.local/lib/python3.12/site-packages/airflow/example_dags/example_display_name.py
[2025-09-29T14:53:42.883+0000] {logging_mixin.py:190} INFO - [2025-09-29T14:53:42.883+0000] {dag.py:3239} INFO - Sync 1 DAGs
[2025-09-29T14:53:42.891+0000] {logging_mixin.py:190} INFO - [2025-09-29T14:53:42.891+0000] {dag.py:4180} INFO - Setting next_dagrun for example_display_name to None, run_after=None
[2025-09-29T14:53:42.903+0000] {processor.py:208} INFO - Processing /home/airflow/.local/lib/python3.12/site-packages/airflow/example_dags/example_display_name.py took 0.039 seconds
[2025-09-29T14:54:13.119+0000] {processor.py:186} INFO - Started process (PID=2560) to work on /home/airflow/.local/lib/python3.12/site-packages/airflow/example_dags/example_display_name.py
[2025-09-29T14:54:13.120+0000] {processor.py:914} INFO - Processing file /home/airflow/.local/lib/python3.12/site-packages/airflow/example_dags/example_display_name.py for tasks to queue
[2025-09-29T14:54:13.121+0000] {logging_mixin.py:190} INFO - [2025-09-29T14:54:13.121+0000] {dagbag.py:588} INFO - Filling up the DagBag from /home/airflow/.local/lib/python3.12/site-packages/airflow/example_dags/example_display_name.py
[2025-09-29T14:54:13.126+0000] {processor.py:925} INFO - DAG(s) 'example_display_name' retrieved from /home/airflow/.local/lib/python3.12/site-packages/airflow/example_dags/example_display_name.py
[2025-09-29T14:54:13.137+0000] {logging_mixin.py:190} INFO - [2025-09-29T14:54:13.137+0000] {dag.py:3239} INFO - Sync 1 DAGs
[2025-09-29T14:54:13.144+0000] {logging_mixin.py:190} INFO - [2025-09-29T14:54:13.144+0000] {dag.py:4180} INFO - Setting next_dagrun for example_display_name to None, run_after=None
[2025-09-29T14:54:13.153+0000] {processor.py:208} INFO - Processing /home/airflow/.local/lib/python3.12/site-packages/airflow/example_dags/example_display_name.py took 0.038 seconds
[2025-09-29T14:54:43.384+0000] {processor.py:186} INFO - Started process (PID=2623) to work on /home/airflow/.local/lib/python3.12/site-packages/airflow/example_dags/example_display_name.py
[2025-09-29T14:54:43.384+0000] {processor.py:914} INFO - Processing file /home/airflow/.local/lib/python3.12/site-packages/airflow/example_dags/example_display_name.py for tasks to queue
[2025-09-29T14:54:43.385+0000] {logging_mixin.py:190} INFO - [2025-09-29T14:54:43.385+0000] {dagbag.py:588} INFO - Filling up the DagBag from /home/airflow/.local/lib/python3.12/site-packages/airflow/example_dags/example_display_name.py
[2025-09-29T14:54:43.389+0000] {processor.py:925} INFO - DAG(s) 'example_display_name' retrieved from /home/airflow/.local/lib/python3.12/site-packages/airflow/example_dags/example_display_name.py
[2025-09-29T14:54:43.403+0000] {logging_mixin.py:190} INFO - [2025-09-29T14:54:43.403+0000] {dag.py:3239} INFO - Sync 1 DAGs
[2025-09-29T14:54:43.411+0000] {logging_mixin.py:190} INFO - [2025-09-29T14:54:43.411+0000] {dag.py:4180} INFO - Setting next_dagrun for example_display_name to None, run_after=None
[2025-09-29T14:54:43.420+0000] {processor.py:208} INFO - Processing /home/airflow/.local/lib/python3.12/site-packages/airflow/example_dags/example_display_name.py took 0.039 seconds
[2025-09-29T14:55:13.795+0000] {processor.py:186} INFO - Started process (PID=2686) to work on /home/airflow/.local/lib/python3.12/site-packages/airflow/example_dags/example_display_name.py
[2025-09-29T14:55:13.797+0000] {processor.py:914} INFO - Processing file /home/airflow/.local/lib/python3.12/site-packages/airflow/example_dags/example_display_name.py for tasks to queue
[2025-09-29T14:55:13.798+0000] {logging_mixin.py:190} INFO - [2025-09-29T14:55:13.797+0000] {dagbag.py:588} INFO - Filling up the DagBag from /home/airflow/.local/lib/python3.12/site-packages/airflow/example_dags/example_display_name.py
[2025-09-29T14:55:13.805+0000] {processor.py:925} INFO - DAG(s) 'example_display_name' retrieved from /home/airflow/.local/lib/python3.12/site-packages/airflow/example_dags/example_display_name.py
[2025-09-29T14:55:13.819+0000] {logging_mixin.py:190} INFO - [2025-09-29T14:55:13.819+0000] {dag.py:3239} INFO - Sync 1 DAGs
[2025-09-29T14:55:13.829+0000] {logging_mixin.py:190} INFO - [2025-09-29T14:55:13.829+0000] {dag.py:4180} INFO - Setting next_dagrun for example_display_name to None, run_after=None
[2025-09-29T14:55:13.837+0000] {processor.py:208} INFO - Processing /home/airflow/.local/lib/python3.12/site-packages/airflow/example_dags/example_display_name.py took 0.046 seconds
[2025-09-29T14:55:44.259+0000] {processor.py:186} INFO - Started process (PID=2748) to work on /home/airflow/.local/lib/python3.12/site-packages/airflow/example_dags/example_display_name.py
[2025-09-29T14:55:44.260+0000] {processor.py:914} INFO - Processing file /home/airflow/.local/lib/python3.12/site-packages/airflow/example_dags/example_display_name.py for tasks to queue
[2025-09-29T14:55:44.260+0000] {logging_mixin.py:190} INFO - [2025-09-29T14:55:44.260+0000] {dagbag.py:588} INFO - Filling up the DagBag from /home/airflow/.local/lib/python3.12/site-packages/airflow/example_dags/example_display_name.py
[2025-09-29T14:55:44.266+0000] {processor.py:925} INFO - DAG(s) 'example_display_name' retrieved from /home/airflow/.local/lib/python3.12/site-packages/airflow/example_dags/example_display_name.py
[2025-09-29T14:55:44.275+0000] {logging_mixin.py:190} INFO - [2025-09-29T14:55:44.275+0000] {dag.py:3239} INFO - Sync 1 DAGs
[2025-09-29T14:55:44.283+0000] {logging_mixin.py:190} INFO - [2025-09-29T14:55:44.283+0000] {dag.py:4180} INFO - Setting next_dagrun for example_display_name to None, run_after=None
[2025-09-29T14:55:44.294+0000] {processor.py:208} INFO - Processing /home/airflow/.local/lib/python3.12/site-packages/airflow/example_dags/example_display_name.py took 0.038 seconds
[2025-09-29T14:56:14.850+0000] {processor.py:186} INFO - Started process (PID=2811) to work on /home/airflow/.local/lib/python3.12/site-packages/airflow/example_dags/example_display_name.py
[2025-09-29T14:56:14.852+0000] {processor.py:914} INFO - Processing file /home/airflow/.local/lib/python3.12/site-packages/airflow/example_dags/example_display_name.py for tasks to queue
[2025-09-29T14:56:14.854+0000] {logging_mixin.py:190} INFO - [2025-09-29T14:56:14.854+0000] {dagbag.py:588} INFO - Filling up the DagBag from /home/airflow/.local/lib/python3.12/site-packages/airflow/example_dags/example_display_name.py
[2025-09-29T14:56:14.858+0000] {processor.py:925} INFO - DAG(s) 'example_display_name' retrieved from /home/airflow/.local/lib/python3.12/site-packages/airflow/example_dags/example_display_name.py
[2025-09-29T14:56:14.869+0000] {logging_mixin.py:190} INFO - [2025-09-29T14:56:14.869+0000] {dag.py:3239} INFO - Sync 1 DAGs
[2025-09-29T14:56:14.879+0000] {logging_mixin.py:190} INFO - [2025-09-29T14:56:14.879+0000] {dag.py:4180} INFO - Setting next_dagrun for example_display_name to None, run_after=None
[2025-09-29T14:56:14.888+0000] {processor.py:208} INFO - Processing /home/airflow/.local/lib/python3.12/site-packages/airflow/example_dags/example_display_name.py took 0.041 seconds
[2025-09-29T14:56:45.317+0000] {processor.py:186} INFO - Started process (PID=2874) to work on /home/airflow/.local/lib/python3.12/site-packages/airflow/example_dags/example_display_name.py
[2025-09-29T14:56:45.318+0000] {processor.py:914} INFO - Processing file /home/airflow/.local/lib/python3.12/site-packages/airflow/example_dags/example_display_name.py for tasks to queue
[2025-09-29T14:56:45.320+0000] {logging_mixin.py:190} INFO - [2025-09-29T14:56:45.319+0000] {dagbag.py:588} INFO - Filling up the DagBag from /home/airflow/.local/lib/python3.12/site-packages/airflow/example_dags/example_display_name.py
[2025-09-29T14:56:45.324+0000] {processor.py:925} INFO - DAG(s) 'example_display_name' retrieved from /home/airflow/.local/lib/python3.12/site-packages/airflow/example_dags/example_display_name.py
[2025-09-29T14:56:45.336+0000] {logging_mixin.py:190} INFO - [2025-09-29T14:56:45.336+0000] {dag.py:3239} INFO - Sync 1 DAGs
[2025-09-29T14:56:45.344+0000] {logging_mixin.py:190} INFO - [2025-09-29T14:56:45.344+0000] {dag.py:4180} INFO - Setting next_dagrun for example_display_name to None, run_after=None
[2025-09-29T14:56:45.356+0000] {processor.py:208} INFO - Processing /home/airflow/.local/lib/python3.12/site-packages/airflow/example_dags/example_display_name.py took 0.043 seconds
[2025-09-29T14:57:15.872+0000] {processor.py:186} INFO - Started process (PID=2937) to work on /home/airflow/.local/lib/python3.12/site-packages/airflow/example_dags/example_display_name.py
[2025-09-29T14:57:15.873+0000] {processor.py:914} INFO - Processing file /home/airflow/.local/lib/python3.12/site-packages/airflow/example_dags/example_display_name.py for tasks to queue
[2025-09-29T14:57:15.874+0000] {logging_mixin.py:190} INFO - [2025-09-29T14:57:15.873+0000] {dagbag.py:588} INFO - Filling up the DagBag from /home/airflow/.local/lib/python3.12/site-packages/airflow/example_dags/example_display_name.py
[2025-09-29T14:57:15.877+0000] {processor.py:925} INFO - DAG(s) 'example_display_name' retrieved from /home/airflow/.local/lib/python3.12/site-packages/airflow/example_dags/example_display_name.py
[2025-09-29T14:57:15.887+0000] {logging_mixin.py:190} INFO - [2025-09-29T14:57:15.887+0000] {dag.py:3239} INFO - Sync 1 DAGs
[2025-09-29T14:57:15.894+0000] {logging_mixin.py:190} INFO - [2025-09-29T14:57:15.894+0000] {dag.py:4180} INFO - Setting next_dagrun for example_display_name to None, run_after=None
[2025-09-29T14:57:15.906+0000] {processor.py:208} INFO - Processing /home/airflow/.local/lib/python3.12/site-packages/airflow/example_dags/example_display_name.py took 0.037 seconds
[2025-09-29T14:57:46.418+0000] {processor.py:186} INFO - Started process (PID=3000) to work on /home/airflow/.local/lib/python3.12/site-packages/airflow/example_dags/example_display_name.py
[2025-09-29T14:57:46.418+0000] {processor.py:914} INFO - Processing file /home/airflow/.local/lib/python3.12/site-packages/airflow/example_dags/example_display_name.py for tasks to queue
[2025-09-29T14:57:46.419+0000] {logging_mixin.py:190} INFO - [2025-09-29T14:57:46.419+0000] {dagbag.py:588} INFO - Filling up the DagBag from /home/airflow/.local/lib/python3.12/site-packages/airflow/example_dags/example_display_name.py
[2025-09-29T14:57:46.423+0000] {processor.py:925} INFO - DAG(s) 'example_display_name' retrieved from /home/airflow/.local/lib/python3.12/site-packages/airflow/example_dags/example_display_name.py
[2025-09-29T14:57:46.433+0000] {logging_mixin.py:190} INFO - [2025-09-29T14:57:46.433+0000] {dag.py:3239} INFO - Sync 1 DAGs
[2025-09-29T14:57:46.441+0000] {logging_mixin.py:190} INFO - [2025-09-29T14:57:46.441+0000] {dag.py:4180} INFO - Setting next_dagrun for example_display_name to None, run_after=None
[2025-09-29T14:57:46.454+0000] {processor.py:208} INFO - Processing /home/airflow/.local/lib/python3.12/site-packages/airflow/example_dags/example_display_name.py took 0.039 seconds
[2025-09-29T14:58:17.151+0000] {processor.py:186} INFO - Started process (PID=3062) to work on /home/airflow/.local/lib/python3.12/site-packages/airflow/example_dags/example_display_name.py
[2025-09-29T14:58:17.152+0000] {processor.py:914} INFO - Processing file /home/airflow/.local/lib/python3.12/site-packages/airflow/example_dags/example_display_name.py for tasks to queue
[2025-09-29T14:58:17.153+0000] {logging_mixin.py:190} INFO - [2025-09-29T14:58:17.153+0000] {dagbag.py:588} INFO - Filling up the DagBag from /home/airflow/.local/lib/python3.12/site-packages/airflow/example_dags/example_display_name.py
[2025-09-29T14:58:17.158+0000] {processor.py:925} INFO - DAG(s) 'example_display_name' retrieved from /home/airflow/.local/lib/python3.12/site-packages/airflow/example_dags/example_display_name.py
[2025-09-29T14:58:17.169+0000] {logging_mixin.py:190} INFO - [2025-09-29T14:58:17.169+0000] {dag.py:3239} INFO - Sync 1 DAGs
[2025-09-29T14:58:17.177+0000] {logging_mixin.py:190} INFO - [2025-09-29T14:58:17.176+0000] {dag.py:4180} INFO - Setting next_dagrun for example_display_name to None, run_after=None
[2025-09-29T14:58:17.189+0000] {processor.py:208} INFO - Processing /home/airflow/.local/lib/python3.12/site-packages/airflow/example_dags/example_display_name.py took 0.041 seconds
[2025-09-29T14:58:47.791+0000] {processor.py:186} INFO - Started process (PID=3125) to work on /home/airflow/.local/lib/python3.12/site-packages/airflow/example_dags/example_display_name.py
[2025-09-29T14:58:47.793+0000] {processor.py:914} INFO - Processing file /home/airflow/.local/lib/python3.12/site-packages/airflow/example_dags/example_display_name.py for tasks to queue
[2025-09-29T14:58:47.793+0000] {logging_mixin.py:190} INFO - [2025-09-29T14:58:47.793+0000] {dagbag.py:588} INFO - Filling up the DagBag from /home/airflow/.local/lib/python3.12/site-packages/airflow/example_dags/example_display_name.py
[2025-09-29T14:58:47.797+0000] {processor.py:925} INFO - DAG(s) 'example_display_name' retrieved from /home/airflow/.local/lib/python3.12/site-packages/airflow/example_dags/example_display_name.py
[2025-09-29T14:58:47.809+0000] {logging_mixin.py:190} INFO - [2025-09-29T14:58:47.809+0000] {dag.py:3239} INFO - Sync 1 DAGs
[2025-09-29T14:58:47.815+0000] {logging_mixin.py:190} INFO - [2025-09-29T14:58:47.815+0000] {dag.py:4180} INFO - Setting next_dagrun for example_display_name to None, run_after=None
[2025-09-29T14:58:47.824+0000] {processor.py:208} INFO - Processing /home/airflow/.local/lib/python3.12/site-packages/airflow/example_dags/example_display_name.py took 0.036 seconds
[2025-09-29T14:59:18.454+0000] {processor.py:186} INFO - Started process (PID=3188) to work on /home/airflow/.local/lib/python3.12/site-packages/airflow/example_dags/example_display_name.py
[2025-09-29T14:59:18.455+0000] {processor.py:914} INFO - Processing file /home/airflow/.local/lib/python3.12/site-packages/airflow/example_dags/example_display_name.py for tasks to queue
[2025-09-29T14:59:18.456+0000] {logging_mixin.py:190} INFO - [2025-09-29T14:59:18.456+0000] {dagbag.py:588} INFO - Filling up the DagBag from /home/airflow/.local/lib/python3.12/site-packages/airflow/example_dags/example_display_name.py
[2025-09-29T14:59:18.461+0000] {processor.py:925} INFO - DAG(s) 'example_display_name' retrieved from /home/airflow/.local/lib/python3.12/site-packages/airflow/example_dags/example_display_name.py
[2025-09-29T14:59:18.475+0000] {logging_mixin.py:190} INFO - [2025-09-29T14:59:18.475+0000] {dag.py:3239} INFO - Sync 1 DAGs
[2025-09-29T14:59:18.482+0000] {logging_mixin.py:190} INFO - [2025-09-29T14:59:18.482+0000] {dag.py:4180} INFO - Setting next_dagrun for example_display_name to None, run_after=None
[2025-09-29T14:59:18.492+0000] {processor.py:208} INFO - Processing /home/airflow/.local/lib/python3.12/site-packages/airflow/example_dags/example_display_name.py took 0.041 seconds
[2025-09-29T14:59:49.034+0000] {processor.py:186} INFO - Started process (PID=3251) to work on /home/airflow/.local/lib/python3.12/site-packages/airflow/example_dags/example_display_name.py
[2025-09-29T14:59:49.037+0000] {processor.py:914} INFO - Processing file /home/airflow/.local/lib/python3.12/site-packages/airflow/example_dags/example_display_name.py for tasks to queue
[2025-09-29T14:59:49.037+0000] {logging_mixin.py:190} INFO - [2025-09-29T14:59:49.037+0000] {dagbag.py:588} INFO - Filling up the DagBag from /home/airflow/.local/lib/python3.12/site-packages/airflow/example_dags/example_display_name.py
[2025-09-29T14:59:49.042+0000] {processor.py:925} INFO - DAG(s) 'example_display_name' retrieved from /home/airflow/.local/lib/python3.12/site-packages/airflow/example_dags/example_display_name.py
[2025-09-29T14:59:49.051+0000] {logging_mixin.py:190} INFO - [2025-09-29T14:59:49.051+0000] {dag.py:3239} INFO - Sync 1 DAGs
[2025-09-29T14:59:49.058+0000] {logging_mixin.py:190} INFO - [2025-09-29T14:59:49.058+0000] {dag.py:4180} INFO - Setting next_dagrun for example_display_name to None, run_after=None
[2025-09-29T14:59:49.068+0000] {processor.py:208} INFO - Processing /home/airflow/.local/lib/python3.12/site-packages/airflow/example_dags/example_display_name.py took 0.037 seconds
[2025-09-29T15:00:19.525+0000] {processor.py:186} INFO - Started process (PID=3314) to work on /home/airflow/.local/lib/python3.12/site-packages/airflow/example_dags/example_display_name.py
[2025-09-29T15:00:19.526+0000] {processor.py:914} INFO - Processing file /home/airflow/.local/lib/python3.12/site-packages/airflow/example_dags/example_display_name.py for tasks to queue
[2025-09-29T15:00:19.527+0000] {logging_mixin.py:190} INFO - [2025-09-29T15:00:19.527+0000] {dagbag.py:588} INFO - Filling up the DagBag from /home/airflow/.local/lib/python3.12/site-packages/airflow/example_dags/example_display_name.py
[2025-09-29T15:00:19.531+0000] {processor.py:925} INFO - DAG(s) 'example_display_name' retrieved from /home/airflow/.local/lib/python3.12/site-packages/airflow/example_dags/example_display_name.py
[2025-09-29T15:00:19.544+0000] {logging_mixin.py:190} INFO - [2025-09-29T15:00:19.544+0000] {dag.py:3239} INFO - Sync 1 DAGs
[2025-09-29T15:00:19.552+0000] {logging_mixin.py:190} INFO - [2025-09-29T15:00:19.552+0000] {dag.py:4180} INFO - Setting next_dagrun for example_display_name to None, run_after=None
[2025-09-29T15:00:19.562+0000] {processor.py:208} INFO - Processing /home/airflow/.local/lib/python3.12/site-packages/airflow/example_dags/example_display_name.py took 0.041 seconds
[2025-09-29T15:00:50.135+0000] {processor.py:186} INFO - Started process (PID=3377) to work on /home/airflow/.local/lib/python3.12/site-packages/airflow/example_dags/example_display_name.py
[2025-09-29T15:00:50.136+0000] {processor.py:914} INFO - Processing file /home/airflow/.local/lib/python3.12/site-packages/airflow/example_dags/example_display_name.py for tasks to queue
[2025-09-29T15:00:50.137+0000] {logging_mixin.py:190} INFO - [2025-09-29T15:00:50.136+0000] {dagbag.py:588} INFO - Filling up the DagBag from /home/airflow/.local/lib/python3.12/site-packages/airflow/example_dags/example_display_name.py
[2025-09-29T15:00:50.141+0000] {processor.py:925} INFO - DAG(s) 'example_display_name' retrieved from /home/airflow/.local/lib/python3.12/site-packages/airflow/example_dags/example_display_name.py
[2025-09-29T15:00:50.152+0000] {logging_mixin.py:190} INFO - [2025-09-29T15:00:50.152+0000] {dag.py:3239} INFO - Sync 1 DAGs
[2025-09-29T15:00:50.159+0000] {logging_mixin.py:190} INFO - [2025-09-29T15:00:50.159+0000] {dag.py:4180} INFO - Setting next_dagrun for example_display_name to None, run_after=None
[2025-09-29T15:00:50.168+0000] {processor.py:208} INFO - Processing /home/airflow/.local/lib/python3.12/site-packages/airflow/example_dags/example_display_name.py took 0.036 seconds
[2025-09-29T15:01:20.739+0000] {processor.py:186} INFO - Started process (PID=3440) to work on /home/airflow/.local/lib/python3.12/site-packages/airflow/example_dags/example_display_name.py
[2025-09-29T15:01:20.742+0000] {processor.py:914} INFO - Processing file /home/airflow/.local/lib/python3.12/site-packages/airflow/example_dags/example_display_name.py for tasks to queue
[2025-09-29T15:01:20.742+0000] {logging_mixin.py:190} INFO - [2025-09-29T15:01:20.742+0000] {dagbag.py:588} INFO - Filling up the DagBag from /home/airflow/.local/lib/python3.12/site-packages/airflow/example_dags/example_display_name.py
[2025-09-29T15:01:20.750+0000] {processor.py:925} INFO - DAG(s) 'example_display_name' retrieved from /home/airflow/.local/lib/python3.12/site-packages/airflow/example_dags/example_display_name.py
[2025-09-29T15:01:20.763+0000] {logging_mixin.py:190} INFO - [2025-09-29T15:01:20.763+0000] {dag.py:3239} INFO - Sync 1 DAGs
[2025-09-29T15:01:20.771+0000] {logging_mixin.py:190} INFO - [2025-09-29T15:01:20.771+0000] {dag.py:4180} INFO - Setting next_dagrun for example_display_name to None, run_after=None
[2025-09-29T15:01:20.782+0000] {processor.py:208} INFO - Processing /home/airflow/.local/lib/python3.12/site-packages/airflow/example_dags/example_display_name.py took 0.046 seconds
[2025-09-29T15:01:51.323+0000] {processor.py:186} INFO - Started process (PID=3503) to work on /home/airflow/.local/lib/python3.12/site-packages/airflow/example_dags/example_display_name.py
[2025-09-29T15:01:51.324+0000] {processor.py:914} INFO - Processing file /home/airflow/.local/lib/python3.12/site-packages/airflow/example_dags/example_display_name.py for tasks to queue
[2025-09-29T15:01:51.325+0000] {logging_mixin.py:190} INFO - [2025-09-29T15:01:51.325+0000] {dagbag.py:588} INFO - Filling up the DagBag from /home/airflow/.local/lib/python3.12/site-packages/airflow/example_dags/example_display_name.py
[2025-09-29T15:01:51.330+0000] {processor.py:925} INFO - DAG(s) 'example_display_name' retrieved from /home/airflow/.local/lib/python3.12/site-packages/airflow/example_dags/example_display_name.py
[2025-09-29T15:01:51.340+0000] {logging_mixin.py:190} INFO - [2025-09-29T15:01:51.340+0000] {dag.py:3239} INFO - Sync 1 DAGs
[2025-09-29T15:01:51.348+0000] {logging_mixin.py:190} INFO - [2025-09-29T15:01:51.348+0000] {dag.py:4180} INFO - Setting next_dagrun for example_display_name to None, run_after=None
[2025-09-29T15:01:51.363+0000] {processor.py:208} INFO - Processing /home/airflow/.local/lib/python3.12/site-packages/airflow/example_dags/example_display_name.py took 0.044 seconds
[2025-09-29T15:02:21.792+0000] {processor.py:186} INFO - Started process (PID=3566) to work on /home/airflow/.local/lib/python3.12/site-packages/airflow/example_dags/example_display_name.py
[2025-09-29T15:02:21.793+0000] {processor.py:914} INFO - Processing file /home/airflow/.local/lib/python3.12/site-packages/airflow/example_dags/example_display_name.py for tasks to queue
[2025-09-29T15:02:21.793+0000] {logging_mixin.py:190} INFO - [2025-09-29T15:02:21.793+0000] {dagbag.py:588} INFO - Filling up the DagBag from /home/airflow/.local/lib/python3.12/site-packages/airflow/example_dags/example_display_name.py
[2025-09-29T15:02:21.798+0000] {processor.py:925} INFO - DAG(s) 'example_display_name' retrieved from /home/airflow/.local/lib/python3.12/site-packages/airflow/example_dags/example_display_name.py
[2025-09-29T15:02:21.811+0000] {logging_mixin.py:190} INFO - [2025-09-29T15:02:21.811+0000] {dag.py:3239} INFO - Sync 1 DAGs
[2025-09-29T15:02:21.822+0000] {logging_mixin.py:190} INFO - [2025-09-29T15:02:21.822+0000] {dag.py:4180} INFO - Setting next_dagrun for example_display_name to None, run_after=None
[2025-09-29T15:02:21.840+0000] {processor.py:208} INFO - Processing /home/airflow/.local/lib/python3.12/site-packages/airflow/example_dags/example_display_name.py took 0.051 seconds
