[2025-09-29T14:34:29.839+0000] {processor.py:186} INFO - Started process (PID=70) to work on /home/airflow/.local/lib/python3.12/site-packages/airflow/example_dags/example_branch_python_dop_operator_3.py
[2025-09-29T14:34:29.842+0000] {processor.py:914} INFO - Processing file /home/airflow/.local/lib/python3.12/site-packages/airflow/example_dags/example_branch_python_dop_operator_3.py for tasks to queue
[2025-09-29T14:34:29.845+0000] {logging_mixin.py:190} INFO - [2025-09-29T14:34:29.845+0000] {dagbag.py:588} INFO - Filling up the DagBag from /home/airflow/.local/lib/python3.12/site-packages/airflow/example_dags/example_branch_python_dop_operator_3.py
[2025-09-29T14:34:29.854+0000] {processor.py:925} INFO - DAG(s) 'example_branch_dop_operator_v3' retrieved from /home/airflow/.local/lib/python3.12/site-packages/airflow/example_dags/example_branch_python_dop_operator_3.py
[2025-09-29T14:34:29.882+0000] {logging_mixin.py:190} INFO - [2025-09-29T14:34:29.882+0000] {dag.py:3239} INFO - Sync 1 DAGs
[2025-09-29T14:34:29.898+0000] {logging_mixin.py:190} INFO - [2025-09-29T14:34:29.898+0000] {dag.py:4180} INFO - Setting next_dagrun for example_branch_dop_operator_v3 to 2025-09-29 14:33:00+00:00, run_after=2025-09-29 14:34:00+00:00
[2025-09-29T14:34:29.915+0000] {processor.py:208} INFO - Processing /home/airflow/.local/lib/python3.12/site-packages/airflow/example_dags/example_branch_python_dop_operator_3.py took 0.080 seconds
[2025-09-29T14:35:00.879+0000] {processor.py:186} INFO - Started process (PID=144) to work on /home/airflow/.local/lib/python3.12/site-packages/airflow/example_dags/example_branch_python_dop_operator_3.py
[2025-09-29T14:35:00.880+0000] {processor.py:914} INFO - Processing file /home/airflow/.local/lib/python3.12/site-packages/airflow/example_dags/example_branch_python_dop_operator_3.py for tasks to queue
[2025-09-29T14:35:00.881+0000] {logging_mixin.py:190} INFO - [2025-09-29T14:35:00.881+0000] {dagbag.py:588} INFO - Filling up the DagBag from /home/airflow/.local/lib/python3.12/site-packages/airflow/example_dags/example_branch_python_dop_operator_3.py
[2025-09-29T14:35:00.886+0000] {processor.py:925} INFO - DAG(s) 'example_branch_dop_operator_v3' retrieved from /home/airflow/.local/lib/python3.12/site-packages/airflow/example_dags/example_branch_python_dop_operator_3.py
[2025-09-29T14:35:00.896+0000] {logging_mixin.py:190} INFO - [2025-09-29T14:35:00.896+0000] {dag.py:3239} INFO - Sync 1 DAGs
[2025-09-29T14:35:00.910+0000] {logging_mixin.py:190} INFO - [2025-09-29T14:35:00.910+0000] {dag.py:4180} INFO - Setting next_dagrun for example_branch_dop_operator_v3 to 2025-09-29 14:34:00+00:00, run_after=2025-09-29 14:35:00+00:00
[2025-09-29T14:35:00.926+0000] {processor.py:208} INFO - Processing /home/airflow/.local/lib/python3.12/site-packages/airflow/example_dags/example_branch_python_dop_operator_3.py took 0.050 seconds
[2025-09-29T14:35:31.175+0000] {processor.py:186} INFO - Started process (PID=208) to work on /home/airflow/.local/lib/python3.12/site-packages/airflow/example_dags/example_branch_python_dop_operator_3.py
[2025-09-29T14:35:31.176+0000] {processor.py:914} INFO - Processing file /home/airflow/.local/lib/python3.12/site-packages/airflow/example_dags/example_branch_python_dop_operator_3.py for tasks to queue
[2025-09-29T14:35:31.177+0000] {logging_mixin.py:190} INFO - [2025-09-29T14:35:31.177+0000] {dagbag.py:588} INFO - Filling up the DagBag from /home/airflow/.local/lib/python3.12/site-packages/airflow/example_dags/example_branch_python_dop_operator_3.py
[2025-09-29T14:35:31.183+0000] {processor.py:925} INFO - DAG(s) 'example_branch_dop_operator_v3' retrieved from /home/airflow/.local/lib/python3.12/site-packages/airflow/example_dags/example_branch_python_dop_operator_3.py
[2025-09-29T14:35:31.193+0000] {logging_mixin.py:190} INFO - [2025-09-29T14:35:31.193+0000] {dag.py:3239} INFO - Sync 1 DAGs
[2025-09-29T14:35:31.208+0000] {logging_mixin.py:190} INFO - [2025-09-29T14:35:31.208+0000] {dag.py:4180} INFO - Setting next_dagrun for example_branch_dop_operator_v3 to 2025-09-29 14:34:00+00:00, run_after=2025-09-29 14:35:00+00:00
[2025-09-29T14:35:31.222+0000] {processor.py:208} INFO - Processing /home/airflow/.local/lib/python3.12/site-packages/airflow/example_dags/example_branch_python_dop_operator_3.py took 0.049 seconds
[2025-09-29T14:36:01.409+0000] {processor.py:186} INFO - Started process (PID=272) to work on /home/airflow/.local/lib/python3.12/site-packages/airflow/example_dags/example_branch_python_dop_operator_3.py
[2025-09-29T14:36:01.410+0000] {processor.py:914} INFO - Processing file /home/airflow/.local/lib/python3.12/site-packages/airflow/example_dags/example_branch_python_dop_operator_3.py for tasks to queue
[2025-09-29T14:36:01.411+0000] {logging_mixin.py:190} INFO - [2025-09-29T14:36:01.411+0000] {dagbag.py:588} INFO - Filling up the DagBag from /home/airflow/.local/lib/python3.12/site-packages/airflow/example_dags/example_branch_python_dop_operator_3.py
[2025-09-29T14:36:01.416+0000] {processor.py:925} INFO - DAG(s) 'example_branch_dop_operator_v3' retrieved from /home/airflow/.local/lib/python3.12/site-packages/airflow/example_dags/example_branch_python_dop_operator_3.py
[2025-09-29T14:36:01.426+0000] {logging_mixin.py:190} INFO - [2025-09-29T14:36:01.426+0000] {dag.py:3239} INFO - Sync 1 DAGs
[2025-09-29T14:36:01.440+0000] {logging_mixin.py:190} INFO - [2025-09-29T14:36:01.440+0000] {dag.py:4180} INFO - Setting next_dagrun for example_branch_dop_operator_v3 to 2025-09-29 14:35:00+00:00, run_after=2025-09-29 14:36:00+00:00
[2025-09-29T14:36:01.457+0000] {processor.py:208} INFO - Processing /home/airflow/.local/lib/python3.12/site-packages/airflow/example_dags/example_branch_python_dop_operator_3.py took 0.050 seconds
[2025-09-29T14:36:31.485+0000] {processor.py:186} INFO - Started process (PID=335) to work on /home/airflow/.local/lib/python3.12/site-packages/airflow/example_dags/example_branch_python_dop_operator_3.py
[2025-09-29T14:36:31.488+0000] {processor.py:914} INFO - Processing file /home/airflow/.local/lib/python3.12/site-packages/airflow/example_dags/example_branch_python_dop_operator_3.py for tasks to queue
[2025-09-29T14:36:31.490+0000] {logging_mixin.py:190} INFO - [2025-09-29T14:36:31.490+0000] {dagbag.py:588} INFO - Filling up the DagBag from /home/airflow/.local/lib/python3.12/site-packages/airflow/example_dags/example_branch_python_dop_operator_3.py
[2025-09-29T14:36:31.496+0000] {processor.py:925} INFO - DAG(s) 'example_branch_dop_operator_v3' retrieved from /home/airflow/.local/lib/python3.12/site-packages/airflow/example_dags/example_branch_python_dop_operator_3.py
[2025-09-29T14:36:31.511+0000] {logging_mixin.py:190} INFO - [2025-09-29T14:36:31.511+0000] {dag.py:3239} INFO - Sync 1 DAGs
[2025-09-29T14:36:31.523+0000] {logging_mixin.py:190} INFO - [2025-09-29T14:36:31.523+0000] {dag.py:4180} INFO - Setting next_dagrun for example_branch_dop_operator_v3 to 2025-09-29 14:35:00+00:00, run_after=2025-09-29 14:36:00+00:00
[2025-09-29T14:36:31.537+0000] {processor.py:208} INFO - Processing /home/airflow/.local/lib/python3.12/site-packages/airflow/example_dags/example_branch_python_dop_operator_3.py took 0.055 seconds
[2025-09-29T14:37:01.799+0000] {processor.py:186} INFO - Started process (PID=399) to work on /home/airflow/.local/lib/python3.12/site-packages/airflow/example_dags/example_branch_python_dop_operator_3.py
[2025-09-29T14:37:01.799+0000] {processor.py:914} INFO - Processing file /home/airflow/.local/lib/python3.12/site-packages/airflow/example_dags/example_branch_python_dop_operator_3.py for tasks to queue
[2025-09-29T14:37:01.800+0000] {logging_mixin.py:190} INFO - [2025-09-29T14:37:01.800+0000] {dagbag.py:588} INFO - Filling up the DagBag from /home/airflow/.local/lib/python3.12/site-packages/airflow/example_dags/example_branch_python_dop_operator_3.py
[2025-09-29T14:37:01.806+0000] {processor.py:925} INFO - DAG(s) 'example_branch_dop_operator_v3' retrieved from /home/airflow/.local/lib/python3.12/site-packages/airflow/example_dags/example_branch_python_dop_operator_3.py
[2025-09-29T14:37:01.816+0000] {logging_mixin.py:190} INFO - [2025-09-29T14:37:01.816+0000] {dag.py:3239} INFO - Sync 1 DAGs
[2025-09-29T14:37:01.828+0000] {logging_mixin.py:190} INFO - [2025-09-29T14:37:01.828+0000] {dag.py:4180} INFO - Setting next_dagrun for example_branch_dop_operator_v3 to 2025-09-29 14:36:00+00:00, run_after=2025-09-29 14:37:00+00:00
[2025-09-29T14:37:01.842+0000] {processor.py:208} INFO - Processing /home/airflow/.local/lib/python3.12/site-packages/airflow/example_dags/example_branch_python_dop_operator_3.py took 0.046 seconds
[2025-09-29T14:37:32.140+0000] {processor.py:186} INFO - Started process (PID=463) to work on /home/airflow/.local/lib/python3.12/site-packages/airflow/example_dags/example_branch_python_dop_operator_3.py
[2025-09-29T14:37:32.141+0000] {processor.py:914} INFO - Processing file /home/airflow/.local/lib/python3.12/site-packages/airflow/example_dags/example_branch_python_dop_operator_3.py for tasks to queue
[2025-09-29T14:37:32.142+0000] {logging_mixin.py:190} INFO - [2025-09-29T14:37:32.142+0000] {dagbag.py:588} INFO - Filling up the DagBag from /home/airflow/.local/lib/python3.12/site-packages/airflow/example_dags/example_branch_python_dop_operator_3.py
[2025-09-29T14:37:32.150+0000] {processor.py:925} INFO - DAG(s) 'example_branch_dop_operator_v3' retrieved from /home/airflow/.local/lib/python3.12/site-packages/airflow/example_dags/example_branch_python_dop_operator_3.py
[2025-09-29T14:37:32.166+0000] {logging_mixin.py:190} INFO - [2025-09-29T14:37:32.166+0000] {dag.py:3239} INFO - Sync 1 DAGs
[2025-09-29T14:37:32.182+0000] {logging_mixin.py:190} INFO - [2025-09-29T14:37:32.182+0000] {dag.py:4180} INFO - Setting next_dagrun for example_branch_dop_operator_v3 to 2025-09-29 14:36:00+00:00, run_after=2025-09-29 14:37:00+00:00
[2025-09-29T14:37:32.199+0000] {processor.py:208} INFO - Processing /home/airflow/.local/lib/python3.12/site-packages/airflow/example_dags/example_branch_python_dop_operator_3.py took 0.062 seconds
[2025-09-29T14:38:02.534+0000] {processor.py:186} INFO - Started process (PID=527) to work on /home/airflow/.local/lib/python3.12/site-packages/airflow/example_dags/example_branch_python_dop_operator_3.py
[2025-09-29T14:38:02.534+0000] {processor.py:914} INFO - Processing file /home/airflow/.local/lib/python3.12/site-packages/airflow/example_dags/example_branch_python_dop_operator_3.py for tasks to queue
[2025-09-29T14:38:02.536+0000] {logging_mixin.py:190} INFO - [2025-09-29T14:38:02.535+0000] {dagbag.py:588} INFO - Filling up the DagBag from /home/airflow/.local/lib/python3.12/site-packages/airflow/example_dags/example_branch_python_dop_operator_3.py
[2025-09-29T14:38:02.541+0000] {processor.py:925} INFO - DAG(s) 'example_branch_dop_operator_v3' retrieved from /home/airflow/.local/lib/python3.12/site-packages/airflow/example_dags/example_branch_python_dop_operator_3.py
[2025-09-29T14:38:02.553+0000] {logging_mixin.py:190} INFO - [2025-09-29T14:38:02.553+0000] {dag.py:3239} INFO - Sync 1 DAGs
[2025-09-29T14:38:02.569+0000] {logging_mixin.py:190} INFO - [2025-09-29T14:38:02.569+0000] {dag.py:4180} INFO - Setting next_dagrun for example_branch_dop_operator_v3 to 2025-09-29 14:37:00+00:00, run_after=2025-09-29 14:38:00+00:00
[2025-09-29T14:38:02.584+0000] {processor.py:208} INFO - Processing /home/airflow/.local/lib/python3.12/site-packages/airflow/example_dags/example_branch_python_dop_operator_3.py took 0.053 seconds
[2025-09-29T14:38:32.928+0000] {processor.py:186} INFO - Started process (PID=599) to work on /home/airflow/.local/lib/python3.12/site-packages/airflow/example_dags/example_branch_python_dop_operator_3.py
[2025-09-29T14:38:32.928+0000] {processor.py:914} INFO - Processing file /home/airflow/.local/lib/python3.12/site-packages/airflow/example_dags/example_branch_python_dop_operator_3.py for tasks to queue
[2025-09-29T14:38:32.930+0000] {logging_mixin.py:190} INFO - [2025-09-29T14:38:32.930+0000] {dagbag.py:588} INFO - Filling up the DagBag from /home/airflow/.local/lib/python3.12/site-packages/airflow/example_dags/example_branch_python_dop_operator_3.py
[2025-09-29T14:38:32.935+0000] {processor.py:925} INFO - DAG(s) 'example_branch_dop_operator_v3' retrieved from /home/airflow/.local/lib/python3.12/site-packages/airflow/example_dags/example_branch_python_dop_operator_3.py
[2025-09-29T14:38:32.946+0000] {logging_mixin.py:190} INFO - [2025-09-29T14:38:32.946+0000] {dag.py:3239} INFO - Sync 1 DAGs
[2025-09-29T14:38:32.961+0000] {logging_mixin.py:190} INFO - [2025-09-29T14:38:32.961+0000] {dag.py:4180} INFO - Setting next_dagrun for example_branch_dop_operator_v3 to 2025-09-29 14:37:00+00:00, run_after=2025-09-29 14:38:00+00:00
[2025-09-29T14:38:32.979+0000] {processor.py:208} INFO - Processing /home/airflow/.local/lib/python3.12/site-packages/airflow/example_dags/example_branch_python_dop_operator_3.py took 0.054 seconds
[2025-09-29T14:39:03.379+0000] {processor.py:186} INFO - Started process (PID=662) to work on /home/airflow/.local/lib/python3.12/site-packages/airflow/example_dags/example_branch_python_dop_operator_3.py
[2025-09-29T14:39:03.379+0000] {processor.py:914} INFO - Processing file /home/airflow/.local/lib/python3.12/site-packages/airflow/example_dags/example_branch_python_dop_operator_3.py for tasks to queue
[2025-09-29T14:39:03.381+0000] {logging_mixin.py:190} INFO - [2025-09-29T14:39:03.381+0000] {dagbag.py:588} INFO - Filling up the DagBag from /home/airflow/.local/lib/python3.12/site-packages/airflow/example_dags/example_branch_python_dop_operator_3.py
[2025-09-29T14:39:03.389+0000] {processor.py:925} INFO - DAG(s) 'example_branch_dop_operator_v3' retrieved from /home/airflow/.local/lib/python3.12/site-packages/airflow/example_dags/example_branch_python_dop_operator_3.py
[2025-09-29T14:39:03.409+0000] {logging_mixin.py:190} INFO - [2025-09-29T14:39:03.409+0000] {dag.py:3239} INFO - Sync 1 DAGs
[2025-09-29T14:39:03.427+0000] {logging_mixin.py:190} INFO - [2025-09-29T14:39:03.427+0000] {dag.py:4180} INFO - Setting next_dagrun for example_branch_dop_operator_v3 to 2025-09-29 14:38:00+00:00, run_after=2025-09-29 14:39:00+00:00
[2025-09-29T14:39:03.449+0000] {processor.py:208} INFO - Processing /home/airflow/.local/lib/python3.12/site-packages/airflow/example_dags/example_branch_python_dop_operator_3.py took 0.076 seconds
[2025-09-29T14:39:33.926+0000] {processor.py:186} INFO - Started process (PID=725) to work on /home/airflow/.local/lib/python3.12/site-packages/airflow/example_dags/example_branch_python_dop_operator_3.py
[2025-09-29T14:39:33.927+0000] {processor.py:914} INFO - Processing file /home/airflow/.local/lib/python3.12/site-packages/airflow/example_dags/example_branch_python_dop_operator_3.py for tasks to queue
[2025-09-29T14:39:33.928+0000] {logging_mixin.py:190} INFO - [2025-09-29T14:39:33.928+0000] {dagbag.py:588} INFO - Filling up the DagBag from /home/airflow/.local/lib/python3.12/site-packages/airflow/example_dags/example_branch_python_dop_operator_3.py
[2025-09-29T14:39:33.934+0000] {processor.py:925} INFO - DAG(s) 'example_branch_dop_operator_v3' retrieved from /home/airflow/.local/lib/python3.12/site-packages/airflow/example_dags/example_branch_python_dop_operator_3.py
[2025-09-29T14:39:33.946+0000] {logging_mixin.py:190} INFO - [2025-09-29T14:39:33.946+0000] {dag.py:3239} INFO - Sync 1 DAGs
[2025-09-29T14:39:33.960+0000] {logging_mixin.py:190} INFO - [2025-09-29T14:39:33.960+0000] {dag.py:4180} INFO - Setting next_dagrun for example_branch_dop_operator_v3 to 2025-09-29 14:38:00+00:00, run_after=2025-09-29 14:39:00+00:00
[2025-09-29T14:39:33.974+0000] {processor.py:208} INFO - Processing /home/airflow/.local/lib/python3.12/site-packages/airflow/example_dags/example_branch_python_dop_operator_3.py took 0.051 seconds
[2025-09-29T14:40:04.422+0000] {processor.py:186} INFO - Started process (PID=789) to work on /home/airflow/.local/lib/python3.12/site-packages/airflow/example_dags/example_branch_python_dop_operator_3.py
[2025-09-29T14:40:04.422+0000] {processor.py:914} INFO - Processing file /home/airflow/.local/lib/python3.12/site-packages/airflow/example_dags/example_branch_python_dop_operator_3.py for tasks to queue
[2025-09-29T14:40:04.424+0000] {logging_mixin.py:190} INFO - [2025-09-29T14:40:04.424+0000] {dagbag.py:588} INFO - Filling up the DagBag from /home/airflow/.local/lib/python3.12/site-packages/airflow/example_dags/example_branch_python_dop_operator_3.py
[2025-09-29T14:40:04.429+0000] {processor.py:925} INFO - DAG(s) 'example_branch_dop_operator_v3' retrieved from /home/airflow/.local/lib/python3.12/site-packages/airflow/example_dags/example_branch_python_dop_operator_3.py
[2025-09-29T14:40:04.439+0000] {logging_mixin.py:190} INFO - [2025-09-29T14:40:04.439+0000] {dag.py:3239} INFO - Sync 1 DAGs
[2025-09-29T14:40:04.455+0000] {logging_mixin.py:190} INFO - [2025-09-29T14:40:04.455+0000] {dag.py:4180} INFO - Setting next_dagrun for example_branch_dop_operator_v3 to 2025-09-29 14:39:00+00:00, run_after=2025-09-29 14:40:00+00:00
[2025-09-29T14:40:04.469+0000] {processor.py:208} INFO - Processing /home/airflow/.local/lib/python3.12/site-packages/airflow/example_dags/example_branch_python_dop_operator_3.py took 0.051 seconds
[2025-09-29T14:40:34.759+0000] {processor.py:186} INFO - Started process (PID=852) to work on /home/airflow/.local/lib/python3.12/site-packages/airflow/example_dags/example_branch_python_dop_operator_3.py
[2025-09-29T14:40:34.760+0000] {processor.py:914} INFO - Processing file /home/airflow/.local/lib/python3.12/site-packages/airflow/example_dags/example_branch_python_dop_operator_3.py for tasks to queue
[2025-09-29T14:40:34.762+0000] {logging_mixin.py:190} INFO - [2025-09-29T14:40:34.761+0000] {dagbag.py:588} INFO - Filling up the DagBag from /home/airflow/.local/lib/python3.12/site-packages/airflow/example_dags/example_branch_python_dop_operator_3.py
[2025-09-29T14:40:34.767+0000] {processor.py:925} INFO - DAG(s) 'example_branch_dop_operator_v3' retrieved from /home/airflow/.local/lib/python3.12/site-packages/airflow/example_dags/example_branch_python_dop_operator_3.py
[2025-09-29T14:40:34.780+0000] {logging_mixin.py:190} INFO - [2025-09-29T14:40:34.780+0000] {dag.py:3239} INFO - Sync 1 DAGs
[2025-09-29T14:40:34.797+0000] {logging_mixin.py:190} INFO - [2025-09-29T14:40:34.797+0000] {dag.py:4180} INFO - Setting next_dagrun for example_branch_dop_operator_v3 to 2025-09-29 14:39:00+00:00, run_after=2025-09-29 14:40:00+00:00
[2025-09-29T14:40:34.809+0000] {processor.py:208} INFO - Processing /home/airflow/.local/lib/python3.12/site-packages/airflow/example_dags/example_branch_python_dop_operator_3.py took 0.053 seconds
[2025-09-29T14:41:05.128+0000] {processor.py:186} INFO - Started process (PID=918) to work on /home/airflow/.local/lib/python3.12/site-packages/airflow/example_dags/example_branch_python_dop_operator_3.py
[2025-09-29T14:41:05.129+0000] {processor.py:914} INFO - Processing file /home/airflow/.local/lib/python3.12/site-packages/airflow/example_dags/example_branch_python_dop_operator_3.py for tasks to queue
[2025-09-29T14:41:05.130+0000] {logging_mixin.py:190} INFO - [2025-09-29T14:41:05.130+0000] {dagbag.py:588} INFO - Filling up the DagBag from /home/airflow/.local/lib/python3.12/site-packages/airflow/example_dags/example_branch_python_dop_operator_3.py
[2025-09-29T14:41:05.135+0000] {processor.py:925} INFO - DAG(s) 'example_branch_dop_operator_v3' retrieved from /home/airflow/.local/lib/python3.12/site-packages/airflow/example_dags/example_branch_python_dop_operator_3.py
[2025-09-29T14:41:05.145+0000] {logging_mixin.py:190} INFO - [2025-09-29T14:41:05.145+0000] {dag.py:3239} INFO - Sync 1 DAGs
[2025-09-29T14:41:05.160+0000] {logging_mixin.py:190} INFO - [2025-09-29T14:41:05.160+0000] {dag.py:4180} INFO - Setting next_dagrun for example_branch_dop_operator_v3 to 2025-09-29 14:40:00+00:00, run_after=2025-09-29 14:41:00+00:00
[2025-09-29T14:41:05.173+0000] {processor.py:208} INFO - Processing /home/airflow/.local/lib/python3.12/site-packages/airflow/example_dags/example_branch_python_dop_operator_3.py took 0.048 seconds
[2025-09-29T14:41:35.460+0000] {processor.py:186} INFO - Started process (PID=982) to work on /home/airflow/.local/lib/python3.12/site-packages/airflow/example_dags/example_branch_python_dop_operator_3.py
[2025-09-29T14:41:35.461+0000] {processor.py:914} INFO - Processing file /home/airflow/.local/lib/python3.12/site-packages/airflow/example_dags/example_branch_python_dop_operator_3.py for tasks to queue
[2025-09-29T14:41:35.463+0000] {logging_mixin.py:190} INFO - [2025-09-29T14:41:35.462+0000] {dagbag.py:588} INFO - Filling up the DagBag from /home/airflow/.local/lib/python3.12/site-packages/airflow/example_dags/example_branch_python_dop_operator_3.py
[2025-09-29T14:41:35.468+0000] {processor.py:925} INFO - DAG(s) 'example_branch_dop_operator_v3' retrieved from /home/airflow/.local/lib/python3.12/site-packages/airflow/example_dags/example_branch_python_dop_operator_3.py
[2025-09-29T14:41:35.480+0000] {logging_mixin.py:190} INFO - [2025-09-29T14:41:35.480+0000] {dag.py:3239} INFO - Sync 1 DAGs
[2025-09-29T14:41:35.494+0000] {logging_mixin.py:190} INFO - [2025-09-29T14:41:35.494+0000] {dag.py:4180} INFO - Setting next_dagrun for example_branch_dop_operator_v3 to 2025-09-29 14:40:00+00:00, run_after=2025-09-29 14:41:00+00:00
[2025-09-29T14:41:35.509+0000] {processor.py:208} INFO - Processing /home/airflow/.local/lib/python3.12/site-packages/airflow/example_dags/example_branch_python_dop_operator_3.py took 0.052 seconds
[2025-09-29T14:42:05.944+0000] {processor.py:186} INFO - Started process (PID=1047) to work on /home/airflow/.local/lib/python3.12/site-packages/airflow/example_dags/example_branch_python_dop_operator_3.py
[2025-09-29T14:42:05.944+0000] {processor.py:914} INFO - Processing file /home/airflow/.local/lib/python3.12/site-packages/airflow/example_dags/example_branch_python_dop_operator_3.py for tasks to queue
[2025-09-29T14:42:05.946+0000] {logging_mixin.py:190} INFO - [2025-09-29T14:42:05.946+0000] {dagbag.py:588} INFO - Filling up the DagBag from /home/airflow/.local/lib/python3.12/site-packages/airflow/example_dags/example_branch_python_dop_operator_3.py
[2025-09-29T14:42:05.952+0000] {processor.py:925} INFO - DAG(s) 'example_branch_dop_operator_v3' retrieved from /home/airflow/.local/lib/python3.12/site-packages/airflow/example_dags/example_branch_python_dop_operator_3.py
[2025-09-29T14:42:05.964+0000] {logging_mixin.py:190} INFO - [2025-09-29T14:42:05.964+0000] {dag.py:3239} INFO - Sync 1 DAGs
[2025-09-29T14:42:05.980+0000] {logging_mixin.py:190} INFO - [2025-09-29T14:42:05.980+0000] {dag.py:4180} INFO - Setting next_dagrun for example_branch_dop_operator_v3 to 2025-09-29 14:41:00+00:00, run_after=2025-09-29 14:42:00+00:00
[2025-09-29T14:42:05.995+0000] {processor.py:208} INFO - Processing /home/airflow/.local/lib/python3.12/site-packages/airflow/example_dags/example_branch_python_dop_operator_3.py took 0.055 seconds
[2025-09-29T14:42:36.325+0000] {processor.py:186} INFO - Started process (PID=1111) to work on /home/airflow/.local/lib/python3.12/site-packages/airflow/example_dags/example_branch_python_dop_operator_3.py
[2025-09-29T14:42:36.326+0000] {processor.py:914} INFO - Processing file /home/airflow/.local/lib/python3.12/site-packages/airflow/example_dags/example_branch_python_dop_operator_3.py for tasks to queue
[2025-09-29T14:42:36.328+0000] {logging_mixin.py:190} INFO - [2025-09-29T14:42:36.328+0000] {dagbag.py:588} INFO - Filling up the DagBag from /home/airflow/.local/lib/python3.12/site-packages/airflow/example_dags/example_branch_python_dop_operator_3.py
[2025-09-29T14:42:36.337+0000] {processor.py:925} INFO - DAG(s) 'example_branch_dop_operator_v3' retrieved from /home/airflow/.local/lib/python3.12/site-packages/airflow/example_dags/example_branch_python_dop_operator_3.py
[2025-09-29T14:42:36.358+0000] {logging_mixin.py:190} INFO - [2025-09-29T14:42:36.358+0000] {dag.py:3239} INFO - Sync 1 DAGs
[2025-09-29T14:42:36.374+0000] {logging_mixin.py:190} INFO - [2025-09-29T14:42:36.374+0000] {dag.py:4180} INFO - Setting next_dagrun for example_branch_dop_operator_v3 to 2025-09-29 14:41:00+00:00, run_after=2025-09-29 14:42:00+00:00
[2025-09-29T14:42:36.387+0000] {processor.py:208} INFO - Processing /home/airflow/.local/lib/python3.12/site-packages/airflow/example_dags/example_branch_python_dop_operator_3.py took 0.065 seconds
[2025-09-29T14:43:06.654+0000] {processor.py:186} INFO - Started process (PID=1175) to work on /home/airflow/.local/lib/python3.12/site-packages/airflow/example_dags/example_branch_python_dop_operator_3.py
[2025-09-29T14:43:06.655+0000] {processor.py:914} INFO - Processing file /home/airflow/.local/lib/python3.12/site-packages/airflow/example_dags/example_branch_python_dop_operator_3.py for tasks to queue
[2025-09-29T14:43:06.657+0000] {logging_mixin.py:190} INFO - [2025-09-29T14:43:06.657+0000] {dagbag.py:588} INFO - Filling up the DagBag from /home/airflow/.local/lib/python3.12/site-packages/airflow/example_dags/example_branch_python_dop_operator_3.py
[2025-09-29T14:43:06.662+0000] {processor.py:925} INFO - DAG(s) 'example_branch_dop_operator_v3' retrieved from /home/airflow/.local/lib/python3.12/site-packages/airflow/example_dags/example_branch_python_dop_operator_3.py
[2025-09-29T14:43:06.674+0000] {logging_mixin.py:190} INFO - [2025-09-29T14:43:06.673+0000] {dag.py:3239} INFO - Sync 1 DAGs
[2025-09-29T14:43:06.691+0000] {logging_mixin.py:190} INFO - [2025-09-29T14:43:06.691+0000] {dag.py:4180} INFO - Setting next_dagrun for example_branch_dop_operator_v3 to 2025-09-29 14:42:00+00:00, run_after=2025-09-29 14:43:00+00:00
[2025-09-29T14:43:06.703+0000] {processor.py:208} INFO - Processing /home/airflow/.local/lib/python3.12/site-packages/airflow/example_dags/example_branch_python_dop_operator_3.py took 0.052 seconds
[2025-09-29T14:43:36.901+0000] {processor.py:186} INFO - Started process (PID=1239) to work on /home/airflow/.local/lib/python3.12/site-packages/airflow/example_dags/example_branch_python_dop_operator_3.py
[2025-09-29T14:43:36.902+0000] {processor.py:914} INFO - Processing file /home/airflow/.local/lib/python3.12/site-packages/airflow/example_dags/example_branch_python_dop_operator_3.py for tasks to queue
[2025-09-29T14:43:36.903+0000] {logging_mixin.py:190} INFO - [2025-09-29T14:43:36.903+0000] {dagbag.py:588} INFO - Filling up the DagBag from /home/airflow/.local/lib/python3.12/site-packages/airflow/example_dags/example_branch_python_dop_operator_3.py
[2025-09-29T14:43:36.909+0000] {processor.py:925} INFO - DAG(s) 'example_branch_dop_operator_v3' retrieved from /home/airflow/.local/lib/python3.12/site-packages/airflow/example_dags/example_branch_python_dop_operator_3.py
[2025-09-29T14:43:36.920+0000] {logging_mixin.py:190} INFO - [2025-09-29T14:43:36.919+0000] {dag.py:3239} INFO - Sync 1 DAGs
[2025-09-29T14:43:36.932+0000] {logging_mixin.py:190} INFO - [2025-09-29T14:43:36.931+0000] {dag.py:4180} INFO - Setting next_dagrun for example_branch_dop_operator_v3 to 2025-09-29 14:42:00+00:00, run_after=2025-09-29 14:43:00+00:00
[2025-09-29T14:43:36.945+0000] {processor.py:208} INFO - Processing /home/airflow/.local/lib/python3.12/site-packages/airflow/example_dags/example_branch_python_dop_operator_3.py took 0.047 seconds
[2025-09-29T14:44:07.629+0000] {processor.py:186} INFO - Started process (PID=1303) to work on /home/airflow/.local/lib/python3.12/site-packages/airflow/example_dags/example_branch_python_dop_operator_3.py
[2025-09-29T14:44:07.630+0000] {processor.py:914} INFO - Processing file /home/airflow/.local/lib/python3.12/site-packages/airflow/example_dags/example_branch_python_dop_operator_3.py for tasks to queue
[2025-09-29T14:44:07.631+0000] {logging_mixin.py:190} INFO - [2025-09-29T14:44:07.631+0000] {dagbag.py:588} INFO - Filling up the DagBag from /home/airflow/.local/lib/python3.12/site-packages/airflow/example_dags/example_branch_python_dop_operator_3.py
[2025-09-29T14:44:07.637+0000] {processor.py:925} INFO - DAG(s) 'example_branch_dop_operator_v3' retrieved from /home/airflow/.local/lib/python3.12/site-packages/airflow/example_dags/example_branch_python_dop_operator_3.py
[2025-09-29T14:44:07.653+0000] {logging_mixin.py:190} INFO - [2025-09-29T14:44:07.653+0000] {dag.py:3239} INFO - Sync 1 DAGs
[2025-09-29T14:44:07.670+0000] {logging_mixin.py:190} INFO - [2025-09-29T14:44:07.670+0000] {dag.py:4180} INFO - Setting next_dagrun for example_branch_dop_operator_v3 to 2025-09-29 14:43:00+00:00, run_after=2025-09-29 14:44:00+00:00
[2025-09-29T14:44:07.685+0000] {processor.py:208} INFO - Processing /home/airflow/.local/lib/python3.12/site-packages/airflow/example_dags/example_branch_python_dop_operator_3.py took 0.059 seconds
[2025-09-29T14:44:38.025+0000] {processor.py:186} INFO - Started process (PID=1366) to work on /home/airflow/.local/lib/python3.12/site-packages/airflow/example_dags/example_branch_python_dop_operator_3.py
[2025-09-29T14:44:38.026+0000] {processor.py:914} INFO - Processing file /home/airflow/.local/lib/python3.12/site-packages/airflow/example_dags/example_branch_python_dop_operator_3.py for tasks to queue
[2025-09-29T14:44:38.028+0000] {logging_mixin.py:190} INFO - [2025-09-29T14:44:38.027+0000] {dagbag.py:588} INFO - Filling up the DagBag from /home/airflow/.local/lib/python3.12/site-packages/airflow/example_dags/example_branch_python_dop_operator_3.py
[2025-09-29T14:44:38.033+0000] {processor.py:925} INFO - DAG(s) 'example_branch_dop_operator_v3' retrieved from /home/airflow/.local/lib/python3.12/site-packages/airflow/example_dags/example_branch_python_dop_operator_3.py
[2025-09-29T14:44:38.044+0000] {logging_mixin.py:190} INFO - [2025-09-29T14:44:38.044+0000] {dag.py:3239} INFO - Sync 1 DAGs
[2025-09-29T14:44:38.059+0000] {logging_mixin.py:190} INFO - [2025-09-29T14:44:38.059+0000] {dag.py:4180} INFO - Setting next_dagrun for example_branch_dop_operator_v3 to 2025-09-29 14:43:00+00:00, run_after=2025-09-29 14:44:00+00:00
[2025-09-29T14:44:38.072+0000] {processor.py:208} INFO - Processing /home/airflow/.local/lib/python3.12/site-packages/airflow/example_dags/example_branch_python_dop_operator_3.py took 0.050 seconds
[2025-09-29T14:45:08.472+0000] {processor.py:186} INFO - Started process (PID=1430) to work on /home/airflow/.local/lib/python3.12/site-packages/airflow/example_dags/example_branch_python_dop_operator_3.py
[2025-09-29T14:45:08.472+0000] {processor.py:914} INFO - Processing file /home/airflow/.local/lib/python3.12/site-packages/airflow/example_dags/example_branch_python_dop_operator_3.py for tasks to queue
[2025-09-29T14:45:08.473+0000] {logging_mixin.py:190} INFO - [2025-09-29T14:45:08.473+0000] {dagbag.py:588} INFO - Filling up the DagBag from /home/airflow/.local/lib/python3.12/site-packages/airflow/example_dags/example_branch_python_dop_operator_3.py
[2025-09-29T14:45:08.479+0000] {processor.py:925} INFO - DAG(s) 'example_branch_dop_operator_v3' retrieved from /home/airflow/.local/lib/python3.12/site-packages/airflow/example_dags/example_branch_python_dop_operator_3.py
[2025-09-29T14:45:08.489+0000] {logging_mixin.py:190} INFO - [2025-09-29T14:45:08.489+0000] {dag.py:3239} INFO - Sync 1 DAGs
[2025-09-29T14:45:08.503+0000] {logging_mixin.py:190} INFO - [2025-09-29T14:45:08.503+0000] {dag.py:4180} INFO - Setting next_dagrun for example_branch_dop_operator_v3 to 2025-09-29 14:44:00+00:00, run_after=2025-09-29 14:45:00+00:00
[2025-09-29T14:45:08.516+0000] {processor.py:208} INFO - Processing /home/airflow/.local/lib/python3.12/site-packages/airflow/example_dags/example_branch_python_dop_operator_3.py took 0.047 seconds
[2025-09-29T14:45:38.920+0000] {processor.py:186} INFO - Started process (PID=1494) to work on /home/airflow/.local/lib/python3.12/site-packages/airflow/example_dags/example_branch_python_dop_operator_3.py
[2025-09-29T14:45:38.920+0000] {processor.py:914} INFO - Processing file /home/airflow/.local/lib/python3.12/site-packages/airflow/example_dags/example_branch_python_dop_operator_3.py for tasks to queue
[2025-09-29T14:45:38.922+0000] {logging_mixin.py:190} INFO - [2025-09-29T14:45:38.921+0000] {dagbag.py:588} INFO - Filling up the DagBag from /home/airflow/.local/lib/python3.12/site-packages/airflow/example_dags/example_branch_python_dop_operator_3.py
[2025-09-29T14:45:38.928+0000] {processor.py:925} INFO - DAG(s) 'example_branch_dop_operator_v3' retrieved from /home/airflow/.local/lib/python3.12/site-packages/airflow/example_dags/example_branch_python_dop_operator_3.py
[2025-09-29T14:45:38.939+0000] {logging_mixin.py:190} INFO - [2025-09-29T14:45:38.939+0000] {dag.py:3239} INFO - Sync 1 DAGs
[2025-09-29T14:45:38.956+0000] {logging_mixin.py:190} INFO - [2025-09-29T14:45:38.956+0000] {dag.py:4180} INFO - Setting next_dagrun for example_branch_dop_operator_v3 to 2025-09-29 14:44:00+00:00, run_after=2025-09-29 14:45:00+00:00
[2025-09-29T14:45:38.973+0000] {processor.py:208} INFO - Processing /home/airflow/.local/lib/python3.12/site-packages/airflow/example_dags/example_branch_python_dop_operator_3.py took 0.056 seconds
[2025-09-29T14:46:09.495+0000] {processor.py:186} INFO - Started process (PID=1558) to work on /home/airflow/.local/lib/python3.12/site-packages/airflow/example_dags/example_branch_python_dop_operator_3.py
[2025-09-29T14:46:09.496+0000] {processor.py:914} INFO - Processing file /home/airflow/.local/lib/python3.12/site-packages/airflow/example_dags/example_branch_python_dop_operator_3.py for tasks to queue
[2025-09-29T14:46:09.497+0000] {logging_mixin.py:190} INFO - [2025-09-29T14:46:09.497+0000] {dagbag.py:588} INFO - Filling up the DagBag from /home/airflow/.local/lib/python3.12/site-packages/airflow/example_dags/example_branch_python_dop_operator_3.py
[2025-09-29T14:46:09.503+0000] {processor.py:925} INFO - DAG(s) 'example_branch_dop_operator_v3' retrieved from /home/airflow/.local/lib/python3.12/site-packages/airflow/example_dags/example_branch_python_dop_operator_3.py
[2025-09-29T14:46:09.517+0000] {logging_mixin.py:190} INFO - [2025-09-29T14:46:09.517+0000] {dag.py:3239} INFO - Sync 1 DAGs
[2025-09-29T14:46:09.532+0000] {logging_mixin.py:190} INFO - [2025-09-29T14:46:09.532+0000] {dag.py:4180} INFO - Setting next_dagrun for example_branch_dop_operator_v3 to 2025-09-29 14:45:00+00:00, run_after=2025-09-29 14:46:00+00:00
[2025-09-29T14:46:09.554+0000] {processor.py:208} INFO - Processing /home/airflow/.local/lib/python3.12/site-packages/airflow/example_dags/example_branch_python_dop_operator_3.py took 0.063 seconds
[2025-09-29T14:46:40.089+0000] {processor.py:186} INFO - Started process (PID=1622) to work on /home/airflow/.local/lib/python3.12/site-packages/airflow/example_dags/example_branch_python_dop_operator_3.py
[2025-09-29T14:46:40.090+0000] {processor.py:914} INFO - Processing file /home/airflow/.local/lib/python3.12/site-packages/airflow/example_dags/example_branch_python_dop_operator_3.py for tasks to queue
[2025-09-29T14:46:40.092+0000] {logging_mixin.py:190} INFO - [2025-09-29T14:46:40.091+0000] {dagbag.py:588} INFO - Filling up the DagBag from /home/airflow/.local/lib/python3.12/site-packages/airflow/example_dags/example_branch_python_dop_operator_3.py
[2025-09-29T14:46:40.098+0000] {processor.py:925} INFO - DAG(s) 'example_branch_dop_operator_v3' retrieved from /home/airflow/.local/lib/python3.12/site-packages/airflow/example_dags/example_branch_python_dop_operator_3.py
[2025-09-29T14:46:40.110+0000] {logging_mixin.py:190} INFO - [2025-09-29T14:46:40.109+0000] {dag.py:3239} INFO - Sync 1 DAGs
[2025-09-29T14:46:40.124+0000] {logging_mixin.py:190} INFO - [2025-09-29T14:46:40.124+0000] {dag.py:4180} INFO - Setting next_dagrun for example_branch_dop_operator_v3 to 2025-09-29 14:45:00+00:00, run_after=2025-09-29 14:46:00+00:00
[2025-09-29T14:46:40.139+0000] {processor.py:208} INFO - Processing /home/airflow/.local/lib/python3.12/site-packages/airflow/example_dags/example_branch_python_dop_operator_3.py took 0.053 seconds
[2025-09-29T14:47:10.341+0000] {processor.py:186} INFO - Started process (PID=1686) to work on /home/airflow/.local/lib/python3.12/site-packages/airflow/example_dags/example_branch_python_dop_operator_3.py
[2025-09-29T14:47:10.342+0000] {processor.py:914} INFO - Processing file /home/airflow/.local/lib/python3.12/site-packages/airflow/example_dags/example_branch_python_dop_operator_3.py for tasks to queue
[2025-09-29T14:47:10.343+0000] {logging_mixin.py:190} INFO - [2025-09-29T14:47:10.343+0000] {dagbag.py:588} INFO - Filling up the DagBag from /home/airflow/.local/lib/python3.12/site-packages/airflow/example_dags/example_branch_python_dop_operator_3.py
[2025-09-29T14:47:10.348+0000] {processor.py:925} INFO - DAG(s) 'example_branch_dop_operator_v3' retrieved from /home/airflow/.local/lib/python3.12/site-packages/airflow/example_dags/example_branch_python_dop_operator_3.py
[2025-09-29T14:47:10.359+0000] {logging_mixin.py:190} INFO - [2025-09-29T14:47:10.359+0000] {dag.py:3239} INFO - Sync 1 DAGs
[2025-09-29T14:47:10.373+0000] {logging_mixin.py:190} INFO - [2025-09-29T14:47:10.373+0000] {dag.py:4180} INFO - Setting next_dagrun for example_branch_dop_operator_v3 to 2025-09-29 14:46:00+00:00, run_after=2025-09-29 14:47:00+00:00
[2025-09-29T14:47:10.387+0000] {processor.py:208} INFO - Processing /home/airflow/.local/lib/python3.12/site-packages/airflow/example_dags/example_branch_python_dop_operator_3.py took 0.049 seconds
[2025-09-29T14:47:40.862+0000] {processor.py:186} INFO - Started process (PID=1750) to work on /home/airflow/.local/lib/python3.12/site-packages/airflow/example_dags/example_branch_python_dop_operator_3.py
[2025-09-29T14:47:40.863+0000] {processor.py:914} INFO - Processing file /home/airflow/.local/lib/python3.12/site-packages/airflow/example_dags/example_branch_python_dop_operator_3.py for tasks to queue
[2025-09-29T14:47:40.864+0000] {logging_mixin.py:190} INFO - [2025-09-29T14:47:40.864+0000] {dagbag.py:588} INFO - Filling up the DagBag from /home/airflow/.local/lib/python3.12/site-packages/airflow/example_dags/example_branch_python_dop_operator_3.py
[2025-09-29T14:47:40.869+0000] {processor.py:925} INFO - DAG(s) 'example_branch_dop_operator_v3' retrieved from /home/airflow/.local/lib/python3.12/site-packages/airflow/example_dags/example_branch_python_dop_operator_3.py
[2025-09-29T14:47:40.879+0000] {logging_mixin.py:190} INFO - [2025-09-29T14:47:40.879+0000] {dag.py:3239} INFO - Sync 1 DAGs
[2025-09-29T14:47:40.892+0000] {logging_mixin.py:190} INFO - [2025-09-29T14:47:40.892+0000] {dag.py:4180} INFO - Setting next_dagrun for example_branch_dop_operator_v3 to 2025-09-29 14:46:00+00:00, run_after=2025-09-29 14:47:00+00:00
[2025-09-29T14:47:40.907+0000] {processor.py:208} INFO - Processing /home/airflow/.local/lib/python3.12/site-packages/airflow/example_dags/example_branch_python_dop_operator_3.py took 0.048 seconds
[2025-09-29T14:48:11.231+0000] {processor.py:186} INFO - Started process (PID=1814) to work on /home/airflow/.local/lib/python3.12/site-packages/airflow/example_dags/example_branch_python_dop_operator_3.py
[2025-09-29T14:48:11.231+0000] {processor.py:914} INFO - Processing file /home/airflow/.local/lib/python3.12/site-packages/airflow/example_dags/example_branch_python_dop_operator_3.py for tasks to queue
[2025-09-29T14:48:11.233+0000] {logging_mixin.py:190} INFO - [2025-09-29T14:48:11.233+0000] {dagbag.py:588} INFO - Filling up the DagBag from /home/airflow/.local/lib/python3.12/site-packages/airflow/example_dags/example_branch_python_dop_operator_3.py
[2025-09-29T14:48:11.239+0000] {processor.py:925} INFO - DAG(s) 'example_branch_dop_operator_v3' retrieved from /home/airflow/.local/lib/python3.12/site-packages/airflow/example_dags/example_branch_python_dop_operator_3.py
[2025-09-29T14:48:11.251+0000] {logging_mixin.py:190} INFO - [2025-09-29T14:48:11.251+0000] {dag.py:3239} INFO - Sync 1 DAGs
[2025-09-29T14:48:11.265+0000] {logging_mixin.py:190} INFO - [2025-09-29T14:48:11.264+0000] {dag.py:4180} INFO - Setting next_dagrun for example_branch_dop_operator_v3 to 2025-09-29 14:47:00+00:00, run_after=2025-09-29 14:48:00+00:00
[2025-09-29T14:48:11.279+0000] {processor.py:208} INFO - Processing /home/airflow/.local/lib/python3.12/site-packages/airflow/example_dags/example_branch_python_dop_operator_3.py took 0.051 seconds
[2025-09-29T14:48:41.572+0000] {processor.py:186} INFO - Started process (PID=1878) to work on /home/airflow/.local/lib/python3.12/site-packages/airflow/example_dags/example_branch_python_dop_operator_3.py
[2025-09-29T14:48:41.572+0000] {processor.py:914} INFO - Processing file /home/airflow/.local/lib/python3.12/site-packages/airflow/example_dags/example_branch_python_dop_operator_3.py for tasks to queue
[2025-09-29T14:48:41.573+0000] {logging_mixin.py:190} INFO - [2025-09-29T14:48:41.573+0000] {dagbag.py:588} INFO - Filling up the DagBag from /home/airflow/.local/lib/python3.12/site-packages/airflow/example_dags/example_branch_python_dop_operator_3.py
[2025-09-29T14:48:41.579+0000] {processor.py:925} INFO - DAG(s) 'example_branch_dop_operator_v3' retrieved from /home/airflow/.local/lib/python3.12/site-packages/airflow/example_dags/example_branch_python_dop_operator_3.py
[2025-09-29T14:48:41.590+0000] {logging_mixin.py:190} INFO - [2025-09-29T14:48:41.590+0000] {dag.py:3239} INFO - Sync 1 DAGs
[2025-09-29T14:48:41.605+0000] {logging_mixin.py:190} INFO - [2025-09-29T14:48:41.605+0000] {dag.py:4180} INFO - Setting next_dagrun for example_branch_dop_operator_v3 to 2025-09-29 14:47:00+00:00, run_after=2025-09-29 14:48:00+00:00
[2025-09-29T14:48:41.619+0000] {processor.py:208} INFO - Processing /home/airflow/.local/lib/python3.12/site-packages/airflow/example_dags/example_branch_python_dop_operator_3.py took 0.051 seconds
[2025-09-29T14:49:11.712+0000] {processor.py:186} INFO - Started process (PID=1942) to work on /home/airflow/.local/lib/python3.12/site-packages/airflow/example_dags/example_branch_python_dop_operator_3.py
[2025-09-29T14:49:11.713+0000] {processor.py:914} INFO - Processing file /home/airflow/.local/lib/python3.12/site-packages/airflow/example_dags/example_branch_python_dop_operator_3.py for tasks to queue
[2025-09-29T14:49:11.716+0000] {logging_mixin.py:190} INFO - [2025-09-29T14:49:11.716+0000] {dagbag.py:588} INFO - Filling up the DagBag from /home/airflow/.local/lib/python3.12/site-packages/airflow/example_dags/example_branch_python_dop_operator_3.py
[2025-09-29T14:49:11.724+0000] {processor.py:925} INFO - DAG(s) 'example_branch_dop_operator_v3' retrieved from /home/airflow/.local/lib/python3.12/site-packages/airflow/example_dags/example_branch_python_dop_operator_3.py
[2025-09-29T14:49:11.739+0000] {logging_mixin.py:190} INFO - [2025-09-29T14:49:11.739+0000] {dag.py:3239} INFO - Sync 1 DAGs
[2025-09-29T14:49:11.756+0000] {logging_mixin.py:190} INFO - [2025-09-29T14:49:11.756+0000] {dag.py:4180} INFO - Setting next_dagrun for example_branch_dop_operator_v3 to 2025-09-29 14:48:00+00:00, run_after=2025-09-29 14:49:00+00:00
[2025-09-29T14:49:11.771+0000] {processor.py:208} INFO - Processing /home/airflow/.local/lib/python3.12/site-packages/airflow/example_dags/example_branch_python_dop_operator_3.py took 0.064 seconds
[2025-09-29T14:49:42.270+0000] {processor.py:186} INFO - Started process (PID=2006) to work on /home/airflow/.local/lib/python3.12/site-packages/airflow/example_dags/example_branch_python_dop_operator_3.py
[2025-09-29T14:49:42.271+0000] {processor.py:914} INFO - Processing file /home/airflow/.local/lib/python3.12/site-packages/airflow/example_dags/example_branch_python_dop_operator_3.py for tasks to queue
[2025-09-29T14:49:42.272+0000] {logging_mixin.py:190} INFO - [2025-09-29T14:49:42.272+0000] {dagbag.py:588} INFO - Filling up the DagBag from /home/airflow/.local/lib/python3.12/site-packages/airflow/example_dags/example_branch_python_dop_operator_3.py
[2025-09-29T14:49:42.278+0000] {processor.py:925} INFO - DAG(s) 'example_branch_dop_operator_v3' retrieved from /home/airflow/.local/lib/python3.12/site-packages/airflow/example_dags/example_branch_python_dop_operator_3.py
[2025-09-29T14:49:42.289+0000] {logging_mixin.py:190} INFO - [2025-09-29T14:49:42.289+0000] {dag.py:3239} INFO - Sync 1 DAGs
[2025-09-29T14:49:42.306+0000] {logging_mixin.py:190} INFO - [2025-09-29T14:49:42.306+0000] {dag.py:4180} INFO - Setting next_dagrun for example_branch_dop_operator_v3 to 2025-09-29 14:48:00+00:00, run_after=2025-09-29 14:49:00+00:00
[2025-09-29T14:49:42.320+0000] {processor.py:208} INFO - Processing /home/airflow/.local/lib/python3.12/site-packages/airflow/example_dags/example_branch_python_dop_operator_3.py took 0.053 seconds
[2025-09-29T14:50:12.577+0000] {processor.py:186} INFO - Started process (PID=2070) to work on /home/airflow/.local/lib/python3.12/site-packages/airflow/example_dags/example_branch_python_dop_operator_3.py
[2025-09-29T14:50:12.577+0000] {processor.py:914} INFO - Processing file /home/airflow/.local/lib/python3.12/site-packages/airflow/example_dags/example_branch_python_dop_operator_3.py for tasks to queue
[2025-09-29T14:50:12.578+0000] {logging_mixin.py:190} INFO - [2025-09-29T14:50:12.578+0000] {dagbag.py:588} INFO - Filling up the DagBag from /home/airflow/.local/lib/python3.12/site-packages/airflow/example_dags/example_branch_python_dop_operator_3.py
[2025-09-29T14:50:12.584+0000] {processor.py:925} INFO - DAG(s) 'example_branch_dop_operator_v3' retrieved from /home/airflow/.local/lib/python3.12/site-packages/airflow/example_dags/example_branch_python_dop_operator_3.py
[2025-09-29T14:50:12.596+0000] {logging_mixin.py:190} INFO - [2025-09-29T14:50:12.596+0000] {dag.py:3239} INFO - Sync 1 DAGs
[2025-09-29T14:50:12.612+0000] {logging_mixin.py:190} INFO - [2025-09-29T14:50:12.611+0000] {dag.py:4180} INFO - Setting next_dagrun for example_branch_dop_operator_v3 to 2025-09-29 14:49:00+00:00, run_after=2025-09-29 14:50:00+00:00
[2025-09-29T14:50:12.626+0000] {processor.py:208} INFO - Processing /home/airflow/.local/lib/python3.12/site-packages/airflow/example_dags/example_branch_python_dop_operator_3.py took 0.052 seconds
[2025-09-29T14:50:42.923+0000] {processor.py:186} INFO - Started process (PID=2134) to work on /home/airflow/.local/lib/python3.12/site-packages/airflow/example_dags/example_branch_python_dop_operator_3.py
[2025-09-29T14:50:42.924+0000] {processor.py:914} INFO - Processing file /home/airflow/.local/lib/python3.12/site-packages/airflow/example_dags/example_branch_python_dop_operator_3.py for tasks to queue
[2025-09-29T14:50:42.926+0000] {logging_mixin.py:190} INFO - [2025-09-29T14:50:42.925+0000] {dagbag.py:588} INFO - Filling up the DagBag from /home/airflow/.local/lib/python3.12/site-packages/airflow/example_dags/example_branch_python_dop_operator_3.py
[2025-09-29T14:50:42.931+0000] {processor.py:925} INFO - DAG(s) 'example_branch_dop_operator_v3' retrieved from /home/airflow/.local/lib/python3.12/site-packages/airflow/example_dags/example_branch_python_dop_operator_3.py
[2025-09-29T14:50:42.950+0000] {logging_mixin.py:190} INFO - [2025-09-29T14:50:42.949+0000] {dag.py:3239} INFO - Sync 1 DAGs
[2025-09-29T14:50:42.961+0000] {logging_mixin.py:190} INFO - [2025-09-29T14:50:42.961+0000] {dag.py:4180} INFO - Setting next_dagrun for example_branch_dop_operator_v3 to 2025-09-29 14:49:00+00:00, run_after=2025-09-29 14:50:00+00:00
[2025-09-29T14:50:42.972+0000] {processor.py:208} INFO - Processing /home/airflow/.local/lib/python3.12/site-packages/airflow/example_dags/example_branch_python_dop_operator_3.py took 0.052 seconds
[2025-09-29T14:51:13.115+0000] {processor.py:186} INFO - Started process (PID=2198) to work on /home/airflow/.local/lib/python3.12/site-packages/airflow/example_dags/example_branch_python_dop_operator_3.py
[2025-09-29T14:51:13.116+0000] {processor.py:914} INFO - Processing file /home/airflow/.local/lib/python3.12/site-packages/airflow/example_dags/example_branch_python_dop_operator_3.py for tasks to queue
[2025-09-29T14:51:13.117+0000] {logging_mixin.py:190} INFO - [2025-09-29T14:51:13.117+0000] {dagbag.py:588} INFO - Filling up the DagBag from /home/airflow/.local/lib/python3.12/site-packages/airflow/example_dags/example_branch_python_dop_operator_3.py
[2025-09-29T14:51:13.122+0000] {processor.py:925} INFO - DAG(s) 'example_branch_dop_operator_v3' retrieved from /home/airflow/.local/lib/python3.12/site-packages/airflow/example_dags/example_branch_python_dop_operator_3.py
[2025-09-29T14:51:13.133+0000] {logging_mixin.py:190} INFO - [2025-09-29T14:51:13.133+0000] {dag.py:3239} INFO - Sync 1 DAGs
[2025-09-29T14:51:13.147+0000] {logging_mixin.py:190} INFO - [2025-09-29T14:51:13.147+0000] {dag.py:4180} INFO - Setting next_dagrun for example_branch_dop_operator_v3 to 2025-09-29 14:50:00+00:00, run_after=2025-09-29 14:51:00+00:00
[2025-09-29T14:51:13.159+0000] {processor.py:208} INFO - Processing /home/airflow/.local/lib/python3.12/site-packages/airflow/example_dags/example_branch_python_dop_operator_3.py took 0.046 seconds
[2025-09-29T14:51:43.480+0000] {processor.py:186} INFO - Started process (PID=2262) to work on /home/airflow/.local/lib/python3.12/site-packages/airflow/example_dags/example_branch_python_dop_operator_3.py
[2025-09-29T14:51:43.483+0000] {processor.py:914} INFO - Processing file /home/airflow/.local/lib/python3.12/site-packages/airflow/example_dags/example_branch_python_dop_operator_3.py for tasks to queue
[2025-09-29T14:51:43.484+0000] {logging_mixin.py:190} INFO - [2025-09-29T14:51:43.484+0000] {dagbag.py:588} INFO - Filling up the DagBag from /home/airflow/.local/lib/python3.12/site-packages/airflow/example_dags/example_branch_python_dop_operator_3.py
[2025-09-29T14:51:43.489+0000] {processor.py:925} INFO - DAG(s) 'example_branch_dop_operator_v3' retrieved from /home/airflow/.local/lib/python3.12/site-packages/airflow/example_dags/example_branch_python_dop_operator_3.py
[2025-09-29T14:51:43.501+0000] {logging_mixin.py:190} INFO - [2025-09-29T14:51:43.501+0000] {dag.py:3239} INFO - Sync 1 DAGs
[2025-09-29T14:51:43.516+0000] {logging_mixin.py:190} INFO - [2025-09-29T14:51:43.516+0000] {dag.py:4180} INFO - Setting next_dagrun for example_branch_dop_operator_v3 to 2025-09-29 14:50:00+00:00, run_after=2025-09-29 14:51:00+00:00
[2025-09-29T14:51:43.529+0000] {processor.py:208} INFO - Processing /home/airflow/.local/lib/python3.12/site-packages/airflow/example_dags/example_branch_python_dop_operator_3.py took 0.051 seconds
[2025-09-29T14:52:13.789+0000] {processor.py:186} INFO - Started process (PID=2325) to work on /home/airflow/.local/lib/python3.12/site-packages/airflow/example_dags/example_branch_python_dop_operator_3.py
[2025-09-29T14:52:13.790+0000] {processor.py:914} INFO - Processing file /home/airflow/.local/lib/python3.12/site-packages/airflow/example_dags/example_branch_python_dop_operator_3.py for tasks to queue
[2025-09-29T14:52:13.790+0000] {logging_mixin.py:190} INFO - [2025-09-29T14:52:13.790+0000] {dagbag.py:588} INFO - Filling up the DagBag from /home/airflow/.local/lib/python3.12/site-packages/airflow/example_dags/example_branch_python_dop_operator_3.py
[2025-09-29T14:52:13.796+0000] {processor.py:925} INFO - DAG(s) 'example_branch_dop_operator_v3' retrieved from /home/airflow/.local/lib/python3.12/site-packages/airflow/example_dags/example_branch_python_dop_operator_3.py
[2025-09-29T14:52:13.807+0000] {logging_mixin.py:190} INFO - [2025-09-29T14:52:13.807+0000] {dag.py:3239} INFO - Sync 1 DAGs
[2025-09-29T14:52:13.821+0000] {logging_mixin.py:190} INFO - [2025-09-29T14:52:13.821+0000] {dag.py:4180} INFO - Setting next_dagrun for example_branch_dop_operator_v3 to 2025-09-29 14:51:00+00:00, run_after=2025-09-29 14:52:00+00:00
[2025-09-29T14:52:13.831+0000] {processor.py:208} INFO - Processing /home/airflow/.local/lib/python3.12/site-packages/airflow/example_dags/example_branch_python_dop_operator_3.py took 0.045 seconds
[2025-09-29T14:52:44.002+0000] {processor.py:186} INFO - Started process (PID=2388) to work on /home/airflow/.local/lib/python3.12/site-packages/airflow/example_dags/example_branch_python_dop_operator_3.py
[2025-09-29T14:52:44.002+0000] {processor.py:914} INFO - Processing file /home/airflow/.local/lib/python3.12/site-packages/airflow/example_dags/example_branch_python_dop_operator_3.py for tasks to queue
[2025-09-29T14:52:44.003+0000] {logging_mixin.py:190} INFO - [2025-09-29T14:52:44.003+0000] {dagbag.py:588} INFO - Filling up the DagBag from /home/airflow/.local/lib/python3.12/site-packages/airflow/example_dags/example_branch_python_dop_operator_3.py
[2025-09-29T14:52:44.008+0000] {processor.py:925} INFO - DAG(s) 'example_branch_dop_operator_v3' retrieved from /home/airflow/.local/lib/python3.12/site-packages/airflow/example_dags/example_branch_python_dop_operator_3.py
[2025-09-29T14:52:44.019+0000] {logging_mixin.py:190} INFO - [2025-09-29T14:52:44.019+0000] {dag.py:3239} INFO - Sync 1 DAGs
[2025-09-29T14:52:44.031+0000] {logging_mixin.py:190} INFO - [2025-09-29T14:52:44.031+0000] {dag.py:4180} INFO - Setting next_dagrun for example_branch_dop_operator_v3 to 2025-09-29 14:51:00+00:00, run_after=2025-09-29 14:52:00+00:00
[2025-09-29T14:52:44.042+0000] {processor.py:208} INFO - Processing /home/airflow/.local/lib/python3.12/site-packages/airflow/example_dags/example_branch_python_dop_operator_3.py took 0.043 seconds
[2025-09-29T14:53:14.183+0000] {processor.py:186} INFO - Started process (PID=2451) to work on /home/airflow/.local/lib/python3.12/site-packages/airflow/example_dags/example_branch_python_dop_operator_3.py
[2025-09-29T14:53:14.184+0000] {processor.py:914} INFO - Processing file /home/airflow/.local/lib/python3.12/site-packages/airflow/example_dags/example_branch_python_dop_operator_3.py for tasks to queue
[2025-09-29T14:53:14.184+0000] {logging_mixin.py:190} INFO - [2025-09-29T14:53:14.184+0000] {dagbag.py:588} INFO - Filling up the DagBag from /home/airflow/.local/lib/python3.12/site-packages/airflow/example_dags/example_branch_python_dop_operator_3.py
[2025-09-29T14:53:14.189+0000] {processor.py:925} INFO - DAG(s) 'example_branch_dop_operator_v3' retrieved from /home/airflow/.local/lib/python3.12/site-packages/airflow/example_dags/example_branch_python_dop_operator_3.py
[2025-09-29T14:53:14.198+0000] {logging_mixin.py:190} INFO - [2025-09-29T14:53:14.198+0000] {dag.py:3239} INFO - Sync 1 DAGs
[2025-09-29T14:53:14.210+0000] {logging_mixin.py:190} INFO - [2025-09-29T14:53:14.210+0000] {dag.py:4180} INFO - Setting next_dagrun for example_branch_dop_operator_v3 to 2025-09-29 14:52:00+00:00, run_after=2025-09-29 14:53:00+00:00
[2025-09-29T14:53:14.219+0000] {processor.py:208} INFO - Processing /home/airflow/.local/lib/python3.12/site-packages/airflow/example_dags/example_branch_python_dop_operator_3.py took 0.038 seconds
[2025-09-29T14:53:44.396+0000] {processor.py:186} INFO - Started process (PID=2514) to work on /home/airflow/.local/lib/python3.12/site-packages/airflow/example_dags/example_branch_python_dop_operator_3.py
[2025-09-29T14:53:44.396+0000] {processor.py:914} INFO - Processing file /home/airflow/.local/lib/python3.12/site-packages/airflow/example_dags/example_branch_python_dop_operator_3.py for tasks to queue
[2025-09-29T14:53:44.397+0000] {logging_mixin.py:190} INFO - [2025-09-29T14:53:44.397+0000] {dagbag.py:588} INFO - Filling up the DagBag from /home/airflow/.local/lib/python3.12/site-packages/airflow/example_dags/example_branch_python_dop_operator_3.py
[2025-09-29T14:53:44.402+0000] {processor.py:925} INFO - DAG(s) 'example_branch_dop_operator_v3' retrieved from /home/airflow/.local/lib/python3.12/site-packages/airflow/example_dags/example_branch_python_dop_operator_3.py
[2025-09-29T14:53:44.413+0000] {logging_mixin.py:190} INFO - [2025-09-29T14:53:44.413+0000] {dag.py:3239} INFO - Sync 1 DAGs
[2025-09-29T14:53:44.426+0000] {logging_mixin.py:190} INFO - [2025-09-29T14:53:44.426+0000] {dag.py:4180} INFO - Setting next_dagrun for example_branch_dop_operator_v3 to 2025-09-29 14:52:00+00:00, run_after=2025-09-29 14:53:00+00:00
[2025-09-29T14:53:44.438+0000] {processor.py:208} INFO - Processing /home/airflow/.local/lib/python3.12/site-packages/airflow/example_dags/example_branch_python_dop_operator_3.py took 0.045 seconds
[2025-09-29T14:54:14.580+0000] {processor.py:186} INFO - Started process (PID=2576) to work on /home/airflow/.local/lib/python3.12/site-packages/airflow/example_dags/example_branch_python_dop_operator_3.py
[2025-09-29T14:54:14.584+0000] {processor.py:914} INFO - Processing file /home/airflow/.local/lib/python3.12/site-packages/airflow/example_dags/example_branch_python_dop_operator_3.py for tasks to queue
[2025-09-29T14:54:14.585+0000] {logging_mixin.py:190} INFO - [2025-09-29T14:54:14.585+0000] {dagbag.py:588} INFO - Filling up the DagBag from /home/airflow/.local/lib/python3.12/site-packages/airflow/example_dags/example_branch_python_dop_operator_3.py
[2025-09-29T14:54:14.591+0000] {processor.py:925} INFO - DAG(s) 'example_branch_dop_operator_v3' retrieved from /home/airflow/.local/lib/python3.12/site-packages/airflow/example_dags/example_branch_python_dop_operator_3.py
[2025-09-29T14:54:14.604+0000] {logging_mixin.py:190} INFO - [2025-09-29T14:54:14.604+0000] {dag.py:3239} INFO - Sync 1 DAGs
[2025-09-29T14:54:14.620+0000] {logging_mixin.py:190} INFO - [2025-09-29T14:54:14.620+0000] {dag.py:4180} INFO - Setting next_dagrun for example_branch_dop_operator_v3 to 2025-09-29 14:53:00+00:00, run_after=2025-09-29 14:54:00+00:00
[2025-09-29T14:54:14.629+0000] {processor.py:208} INFO - Processing /home/airflow/.local/lib/python3.12/site-packages/airflow/example_dags/example_branch_python_dop_operator_3.py took 0.055 seconds
[2025-09-29T14:54:44.906+0000] {processor.py:186} INFO - Started process (PID=2639) to work on /home/airflow/.local/lib/python3.12/site-packages/airflow/example_dags/example_branch_python_dop_operator_3.py
[2025-09-29T14:54:44.913+0000] {processor.py:914} INFO - Processing file /home/airflow/.local/lib/python3.12/site-packages/airflow/example_dags/example_branch_python_dop_operator_3.py for tasks to queue
[2025-09-29T14:54:44.914+0000] {logging_mixin.py:190} INFO - [2025-09-29T14:54:44.914+0000] {dagbag.py:588} INFO - Filling up the DagBag from /home/airflow/.local/lib/python3.12/site-packages/airflow/example_dags/example_branch_python_dop_operator_3.py
[2025-09-29T14:54:44.921+0000] {processor.py:925} INFO - DAG(s) 'example_branch_dop_operator_v3' retrieved from /home/airflow/.local/lib/python3.12/site-packages/airflow/example_dags/example_branch_python_dop_operator_3.py
[2025-09-29T14:54:44.933+0000] {logging_mixin.py:190} INFO - [2025-09-29T14:54:44.933+0000] {dag.py:3239} INFO - Sync 1 DAGs
[2025-09-29T14:54:44.951+0000] {logging_mixin.py:190} INFO - [2025-09-29T14:54:44.951+0000] {dag.py:4180} INFO - Setting next_dagrun for example_branch_dop_operator_v3 to 2025-09-29 14:53:00+00:00, run_after=2025-09-29 14:54:00+00:00
[2025-09-29T14:54:44.962+0000] {processor.py:208} INFO - Processing /home/airflow/.local/lib/python3.12/site-packages/airflow/example_dags/example_branch_python_dop_operator_3.py took 0.061 seconds
[2025-09-29T14:55:15.318+0000] {processor.py:186} INFO - Started process (PID=2702) to work on /home/airflow/.local/lib/python3.12/site-packages/airflow/example_dags/example_branch_python_dop_operator_3.py
[2025-09-29T14:55:15.322+0000] {processor.py:914} INFO - Processing file /home/airflow/.local/lib/python3.12/site-packages/airflow/example_dags/example_branch_python_dop_operator_3.py for tasks to queue
[2025-09-29T14:55:15.326+0000] {logging_mixin.py:190} INFO - [2025-09-29T14:55:15.326+0000] {dagbag.py:588} INFO - Filling up the DagBag from /home/airflow/.local/lib/python3.12/site-packages/airflow/example_dags/example_branch_python_dop_operator_3.py
[2025-09-29T14:55:15.334+0000] {processor.py:925} INFO - DAG(s) 'example_branch_dop_operator_v3' retrieved from /home/airflow/.local/lib/python3.12/site-packages/airflow/example_dags/example_branch_python_dop_operator_3.py
[2025-09-29T14:55:15.353+0000] {logging_mixin.py:190} INFO - [2025-09-29T14:55:15.353+0000] {dag.py:3239} INFO - Sync 1 DAGs
[2025-09-29T14:55:15.370+0000] {logging_mixin.py:190} INFO - [2025-09-29T14:55:15.370+0000] {dag.py:4180} INFO - Setting next_dagrun for example_branch_dop_operator_v3 to 2025-09-29 14:54:00+00:00, run_after=2025-09-29 14:55:00+00:00
[2025-09-29T14:55:15.384+0000] {processor.py:208} INFO - Processing /home/airflow/.local/lib/python3.12/site-packages/airflow/example_dags/example_branch_python_dop_operator_3.py took 0.070 seconds
[2025-09-29T14:55:45.782+0000] {processor.py:186} INFO - Started process (PID=2764) to work on /home/airflow/.local/lib/python3.12/site-packages/airflow/example_dags/example_branch_python_dop_operator_3.py
[2025-09-29T14:55:45.786+0000] {processor.py:914} INFO - Processing file /home/airflow/.local/lib/python3.12/site-packages/airflow/example_dags/example_branch_python_dop_operator_3.py for tasks to queue
[2025-09-29T14:55:45.787+0000] {logging_mixin.py:190} INFO - [2025-09-29T14:55:45.787+0000] {dagbag.py:588} INFO - Filling up the DagBag from /home/airflow/.local/lib/python3.12/site-packages/airflow/example_dags/example_branch_python_dop_operator_3.py
[2025-09-29T14:55:45.795+0000] {processor.py:925} INFO - DAG(s) 'example_branch_dop_operator_v3' retrieved from /home/airflow/.local/lib/python3.12/site-packages/airflow/example_dags/example_branch_python_dop_operator_3.py
[2025-09-29T14:55:45.815+0000] {logging_mixin.py:190} INFO - [2025-09-29T14:55:45.815+0000] {dag.py:3239} INFO - Sync 1 DAGs
[2025-09-29T14:55:45.829+0000] {logging_mixin.py:190} INFO - [2025-09-29T14:55:45.829+0000] {dag.py:4180} INFO - Setting next_dagrun for example_branch_dop_operator_v3 to 2025-09-29 14:54:00+00:00, run_after=2025-09-29 14:55:00+00:00
[2025-09-29T14:55:45.839+0000] {processor.py:208} INFO - Processing /home/airflow/.local/lib/python3.12/site-packages/airflow/example_dags/example_branch_python_dop_operator_3.py took 0.062 seconds
[2025-09-29T14:56:16.417+0000] {processor.py:186} INFO - Started process (PID=2828) to work on /home/airflow/.local/lib/python3.12/site-packages/airflow/example_dags/example_branch_python_dop_operator_3.py
[2025-09-29T14:56:16.417+0000] {processor.py:914} INFO - Processing file /home/airflow/.local/lib/python3.12/site-packages/airflow/example_dags/example_branch_python_dop_operator_3.py for tasks to queue
[2025-09-29T14:56:16.418+0000] {logging_mixin.py:190} INFO - [2025-09-29T14:56:16.418+0000] {dagbag.py:588} INFO - Filling up the DagBag from /home/airflow/.local/lib/python3.12/site-packages/airflow/example_dags/example_branch_python_dop_operator_3.py
[2025-09-29T14:56:16.423+0000] {processor.py:925} INFO - DAG(s) 'example_branch_dop_operator_v3' retrieved from /home/airflow/.local/lib/python3.12/site-packages/airflow/example_dags/example_branch_python_dop_operator_3.py
[2025-09-29T14:56:16.433+0000] {logging_mixin.py:190} INFO - [2025-09-29T14:56:16.433+0000] {dag.py:3239} INFO - Sync 1 DAGs
[2025-09-29T14:56:16.447+0000] {logging_mixin.py:190} INFO - [2025-09-29T14:56:16.447+0000] {dag.py:4180} INFO - Setting next_dagrun for example_branch_dop_operator_v3 to 2025-09-29 14:55:00+00:00, run_after=2025-09-29 14:56:00+00:00
[2025-09-29T14:56:16.459+0000] {processor.py:208} INFO - Processing /home/airflow/.local/lib/python3.12/site-packages/airflow/example_dags/example_branch_python_dop_operator_3.py took 0.044 seconds
[2025-09-29T14:56:46.867+0000] {processor.py:186} INFO - Started process (PID=2891) to work on /home/airflow/.local/lib/python3.12/site-packages/airflow/example_dags/example_branch_python_dop_operator_3.py
[2025-09-29T14:56:46.868+0000] {processor.py:914} INFO - Processing file /home/airflow/.local/lib/python3.12/site-packages/airflow/example_dags/example_branch_python_dop_operator_3.py for tasks to queue
[2025-09-29T14:56:46.868+0000] {logging_mixin.py:190} INFO - [2025-09-29T14:56:46.868+0000] {dagbag.py:588} INFO - Filling up the DagBag from /home/airflow/.local/lib/python3.12/site-packages/airflow/example_dags/example_branch_python_dop_operator_3.py
[2025-09-29T14:56:46.874+0000] {processor.py:925} INFO - DAG(s) 'example_branch_dop_operator_v3' retrieved from /home/airflow/.local/lib/python3.12/site-packages/airflow/example_dags/example_branch_python_dop_operator_3.py
[2025-09-29T14:56:46.884+0000] {logging_mixin.py:190} INFO - [2025-09-29T14:56:46.884+0000] {dag.py:3239} INFO - Sync 1 DAGs
[2025-09-29T14:56:46.899+0000] {logging_mixin.py:190} INFO - [2025-09-29T14:56:46.899+0000] {dag.py:4180} INFO - Setting next_dagrun for example_branch_dop_operator_v3 to 2025-09-29 14:55:00+00:00, run_after=2025-09-29 14:56:00+00:00
[2025-09-29T14:56:46.917+0000] {processor.py:208} INFO - Processing /home/airflow/.local/lib/python3.12/site-packages/airflow/example_dags/example_branch_python_dop_operator_3.py took 0.053 seconds
[2025-09-29T14:57:17.384+0000] {processor.py:186} INFO - Started process (PID=2954) to work on /home/airflow/.local/lib/python3.12/site-packages/airflow/example_dags/example_branch_python_dop_operator_3.py
[2025-09-29T14:57:17.385+0000] {processor.py:914} INFO - Processing file /home/airflow/.local/lib/python3.12/site-packages/airflow/example_dags/example_branch_python_dop_operator_3.py for tasks to queue
[2025-09-29T14:57:17.385+0000] {logging_mixin.py:190} INFO - [2025-09-29T14:57:17.385+0000] {dagbag.py:588} INFO - Filling up the DagBag from /home/airflow/.local/lib/python3.12/site-packages/airflow/example_dags/example_branch_python_dop_operator_3.py
[2025-09-29T14:57:17.391+0000] {processor.py:925} INFO - DAG(s) 'example_branch_dop_operator_v3' retrieved from /home/airflow/.local/lib/python3.12/site-packages/airflow/example_dags/example_branch_python_dop_operator_3.py
[2025-09-29T14:57:17.402+0000] {logging_mixin.py:190} INFO - [2025-09-29T14:57:17.402+0000] {dag.py:3239} INFO - Sync 1 DAGs
[2025-09-29T14:57:17.414+0000] {logging_mixin.py:190} INFO - [2025-09-29T14:57:17.414+0000] {dag.py:4180} INFO - Setting next_dagrun for example_branch_dop_operator_v3 to 2025-09-29 14:56:00+00:00, run_after=2025-09-29 14:57:00+00:00
[2025-09-29T14:57:17.423+0000] {processor.py:208} INFO - Processing /home/airflow/.local/lib/python3.12/site-packages/airflow/example_dags/example_branch_python_dop_operator_3.py took 0.042 seconds
[2025-09-29T14:57:48.006+0000] {processor.py:186} INFO - Started process (PID=3017) to work on /home/airflow/.local/lib/python3.12/site-packages/airflow/example_dags/example_branch_python_dop_operator_3.py
[2025-09-29T14:57:48.007+0000] {processor.py:914} INFO - Processing file /home/airflow/.local/lib/python3.12/site-packages/airflow/example_dags/example_branch_python_dop_operator_3.py for tasks to queue
[2025-09-29T14:57:48.007+0000] {logging_mixin.py:190} INFO - [2025-09-29T14:57:48.007+0000] {dagbag.py:588} INFO - Filling up the DagBag from /home/airflow/.local/lib/python3.12/site-packages/airflow/example_dags/example_branch_python_dop_operator_3.py
[2025-09-29T14:57:48.013+0000] {processor.py:925} INFO - DAG(s) 'example_branch_dop_operator_v3' retrieved from /home/airflow/.local/lib/python3.12/site-packages/airflow/example_dags/example_branch_python_dop_operator_3.py
[2025-09-29T14:57:48.025+0000] {logging_mixin.py:190} INFO - [2025-09-29T14:57:48.024+0000] {dag.py:3239} INFO - Sync 1 DAGs
[2025-09-29T14:57:48.038+0000] {logging_mixin.py:190} INFO - [2025-09-29T14:57:48.038+0000] {dag.py:4180} INFO - Setting next_dagrun for example_branch_dop_operator_v3 to 2025-09-29 14:56:00+00:00, run_after=2025-09-29 14:57:00+00:00
[2025-09-29T14:57:48.049+0000] {processor.py:208} INFO - Processing /home/airflow/.local/lib/python3.12/site-packages/airflow/example_dags/example_branch_python_dop_operator_3.py took 0.046 seconds
[2025-09-29T14:58:18.762+0000] {processor.py:186} INFO - Started process (PID=3079) to work on /home/airflow/.local/lib/python3.12/site-packages/airflow/example_dags/example_branch_python_dop_operator_3.py
[2025-09-29T14:58:18.763+0000] {processor.py:914} INFO - Processing file /home/airflow/.local/lib/python3.12/site-packages/airflow/example_dags/example_branch_python_dop_operator_3.py for tasks to queue
[2025-09-29T14:58:18.763+0000] {logging_mixin.py:190} INFO - [2025-09-29T14:58:18.763+0000] {dagbag.py:588} INFO - Filling up the DagBag from /home/airflow/.local/lib/python3.12/site-packages/airflow/example_dags/example_branch_python_dop_operator_3.py
[2025-09-29T14:58:18.769+0000] {processor.py:925} INFO - DAG(s) 'example_branch_dop_operator_v3' retrieved from /home/airflow/.local/lib/python3.12/site-packages/airflow/example_dags/example_branch_python_dop_operator_3.py
[2025-09-29T14:58:18.779+0000] {logging_mixin.py:190} INFO - [2025-09-29T14:58:18.779+0000] {dag.py:3239} INFO - Sync 1 DAGs
[2025-09-29T14:58:18.791+0000] {logging_mixin.py:190} INFO - [2025-09-29T14:58:18.791+0000] {dag.py:4180} INFO - Setting next_dagrun for example_branch_dop_operator_v3 to 2025-09-29 14:57:00+00:00, run_after=2025-09-29 14:58:00+00:00
[2025-09-29T14:58:18.802+0000] {processor.py:208} INFO - Processing /home/airflow/.local/lib/python3.12/site-packages/airflow/example_dags/example_branch_python_dop_operator_3.py took 0.043 seconds
[2025-09-29T14:58:49.377+0000] {processor.py:186} INFO - Started process (PID=3142) to work on /home/airflow/.local/lib/python3.12/site-packages/airflow/example_dags/example_branch_python_dop_operator_3.py
[2025-09-29T14:58:49.377+0000] {processor.py:914} INFO - Processing file /home/airflow/.local/lib/python3.12/site-packages/airflow/example_dags/example_branch_python_dop_operator_3.py for tasks to queue
[2025-09-29T14:58:49.378+0000] {logging_mixin.py:190} INFO - [2025-09-29T14:58:49.378+0000] {dagbag.py:588} INFO - Filling up the DagBag from /home/airflow/.local/lib/python3.12/site-packages/airflow/example_dags/example_branch_python_dop_operator_3.py
[2025-09-29T14:58:49.383+0000] {processor.py:925} INFO - DAG(s) 'example_branch_dop_operator_v3' retrieved from /home/airflow/.local/lib/python3.12/site-packages/airflow/example_dags/example_branch_python_dop_operator_3.py
[2025-09-29T14:58:49.393+0000] {logging_mixin.py:190} INFO - [2025-09-29T14:58:49.393+0000] {dag.py:3239} INFO - Sync 1 DAGs
[2025-09-29T14:58:49.409+0000] {logging_mixin.py:190} INFO - [2025-09-29T14:58:49.409+0000] {dag.py:4180} INFO - Setting next_dagrun for example_branch_dop_operator_v3 to 2025-09-29 14:57:00+00:00, run_after=2025-09-29 14:58:00+00:00
[2025-09-29T14:58:49.418+0000] {processor.py:208} INFO - Processing /home/airflow/.local/lib/python3.12/site-packages/airflow/example_dags/example_branch_python_dop_operator_3.py took 0.044 seconds
[2025-09-29T14:59:19.995+0000] {processor.py:186} INFO - Started process (PID=3205) to work on /home/airflow/.local/lib/python3.12/site-packages/airflow/example_dags/example_branch_python_dop_operator_3.py
[2025-09-29T14:59:19.995+0000] {processor.py:914} INFO - Processing file /home/airflow/.local/lib/python3.12/site-packages/airflow/example_dags/example_branch_python_dop_operator_3.py for tasks to queue
[2025-09-29T14:59:19.996+0000] {logging_mixin.py:190} INFO - [2025-09-29T14:59:19.996+0000] {dagbag.py:588} INFO - Filling up the DagBag from /home/airflow/.local/lib/python3.12/site-packages/airflow/example_dags/example_branch_python_dop_operator_3.py
[2025-09-29T14:59:20.002+0000] {processor.py:925} INFO - DAG(s) 'example_branch_dop_operator_v3' retrieved from /home/airflow/.local/lib/python3.12/site-packages/airflow/example_dags/example_branch_python_dop_operator_3.py
[2025-09-29T14:59:20.012+0000] {logging_mixin.py:190} INFO - [2025-09-29T14:59:20.012+0000] {dag.py:3239} INFO - Sync 1 DAGs
[2025-09-29T14:59:20.026+0000] {logging_mixin.py:190} INFO - [2025-09-29T14:59:20.026+0000] {dag.py:4180} INFO - Setting next_dagrun for example_branch_dop_operator_v3 to 2025-09-29 14:58:00+00:00, run_after=2025-09-29 14:59:00+00:00
[2025-09-29T14:59:20.039+0000] {processor.py:208} INFO - Processing /home/airflow/.local/lib/python3.12/site-packages/airflow/example_dags/example_branch_python_dop_operator_3.py took 0.048 seconds
[2025-09-29T14:59:50.558+0000] {processor.py:186} INFO - Started process (PID=3268) to work on /home/airflow/.local/lib/python3.12/site-packages/airflow/example_dags/example_branch_python_dop_operator_3.py
[2025-09-29T14:59:50.559+0000] {processor.py:914} INFO - Processing file /home/airflow/.local/lib/python3.12/site-packages/airflow/example_dags/example_branch_python_dop_operator_3.py for tasks to queue
[2025-09-29T14:59:50.560+0000] {logging_mixin.py:190} INFO - [2025-09-29T14:59:50.559+0000] {dagbag.py:588} INFO - Filling up the DagBag from /home/airflow/.local/lib/python3.12/site-packages/airflow/example_dags/example_branch_python_dop_operator_3.py
[2025-09-29T14:59:50.565+0000] {processor.py:925} INFO - DAG(s) 'example_branch_dop_operator_v3' retrieved from /home/airflow/.local/lib/python3.12/site-packages/airflow/example_dags/example_branch_python_dop_operator_3.py
[2025-09-29T14:59:50.576+0000] {logging_mixin.py:190} INFO - [2025-09-29T14:59:50.576+0000] {dag.py:3239} INFO - Sync 1 DAGs
[2025-09-29T14:59:50.592+0000] {logging_mixin.py:190} INFO - [2025-09-29T14:59:50.592+0000] {dag.py:4180} INFO - Setting next_dagrun for example_branch_dop_operator_v3 to 2025-09-29 14:58:00+00:00, run_after=2025-09-29 14:59:00+00:00
[2025-09-29T14:59:50.600+0000] {processor.py:208} INFO - Processing /home/airflow/.local/lib/python3.12/site-packages/airflow/example_dags/example_branch_python_dop_operator_3.py took 0.045 seconds
[2025-09-29T15:00:21.116+0000] {processor.py:186} INFO - Started process (PID=3331) to work on /home/airflow/.local/lib/python3.12/site-packages/airflow/example_dags/example_branch_python_dop_operator_3.py
[2025-09-29T15:00:21.116+0000] {processor.py:914} INFO - Processing file /home/airflow/.local/lib/python3.12/site-packages/airflow/example_dags/example_branch_python_dop_operator_3.py for tasks to queue
[2025-09-29T15:00:21.117+0000] {logging_mixin.py:190} INFO - [2025-09-29T15:00:21.117+0000] {dagbag.py:588} INFO - Filling up the DagBag from /home/airflow/.local/lib/python3.12/site-packages/airflow/example_dags/example_branch_python_dop_operator_3.py
[2025-09-29T15:00:21.123+0000] {processor.py:925} INFO - DAG(s) 'example_branch_dop_operator_v3' retrieved from /home/airflow/.local/lib/python3.12/site-packages/airflow/example_dags/example_branch_python_dop_operator_3.py
[2025-09-29T15:00:21.135+0000] {logging_mixin.py:190} INFO - [2025-09-29T15:00:21.135+0000] {dag.py:3239} INFO - Sync 1 DAGs
[2025-09-29T15:00:21.149+0000] {logging_mixin.py:190} INFO - [2025-09-29T15:00:21.149+0000] {dag.py:4180} INFO - Setting next_dagrun for example_branch_dop_operator_v3 to 2025-09-29 14:59:00+00:00, run_after=2025-09-29 15:00:00+00:00
[2025-09-29T15:00:21.160+0000] {processor.py:208} INFO - Processing /home/airflow/.local/lib/python3.12/site-packages/airflow/example_dags/example_branch_python_dop_operator_3.py took 0.048 seconds
[2025-09-29T15:00:51.706+0000] {processor.py:186} INFO - Started process (PID=3394) to work on /home/airflow/.local/lib/python3.12/site-packages/airflow/example_dags/example_branch_python_dop_operator_3.py
[2025-09-29T15:00:51.706+0000] {processor.py:914} INFO - Processing file /home/airflow/.local/lib/python3.12/site-packages/airflow/example_dags/example_branch_python_dop_operator_3.py for tasks to queue
[2025-09-29T15:00:51.707+0000] {logging_mixin.py:190} INFO - [2025-09-29T15:00:51.707+0000] {dagbag.py:588} INFO - Filling up the DagBag from /home/airflow/.local/lib/python3.12/site-packages/airflow/example_dags/example_branch_python_dop_operator_3.py
[2025-09-29T15:00:51.713+0000] {processor.py:925} INFO - DAG(s) 'example_branch_dop_operator_v3' retrieved from /home/airflow/.local/lib/python3.12/site-packages/airflow/example_dags/example_branch_python_dop_operator_3.py
[2025-09-29T15:00:51.724+0000] {logging_mixin.py:190} INFO - [2025-09-29T15:00:51.724+0000] {dag.py:3239} INFO - Sync 1 DAGs
[2025-09-29T15:00:51.736+0000] {logging_mixin.py:190} INFO - [2025-09-29T15:00:51.736+0000] {dag.py:4180} INFO - Setting next_dagrun for example_branch_dop_operator_v3 to 2025-09-29 14:59:00+00:00, run_after=2025-09-29 15:00:00+00:00
[2025-09-29T15:00:51.746+0000] {processor.py:208} INFO - Processing /home/airflow/.local/lib/python3.12/site-packages/airflow/example_dags/example_branch_python_dop_operator_3.py took 0.043 seconds
[2025-09-29T15:01:22.287+0000] {processor.py:186} INFO - Started process (PID=3457) to work on /home/airflow/.local/lib/python3.12/site-packages/airflow/example_dags/example_branch_python_dop_operator_3.py
[2025-09-29T15:01:22.288+0000] {processor.py:914} INFO - Processing file /home/airflow/.local/lib/python3.12/site-packages/airflow/example_dags/example_branch_python_dop_operator_3.py for tasks to queue
[2025-09-29T15:01:22.288+0000] {logging_mixin.py:190} INFO - [2025-09-29T15:01:22.288+0000] {dagbag.py:588} INFO - Filling up the DagBag from /home/airflow/.local/lib/python3.12/site-packages/airflow/example_dags/example_branch_python_dop_operator_3.py
[2025-09-29T15:01:22.294+0000] {processor.py:925} INFO - DAG(s) 'example_branch_dop_operator_v3' retrieved from /home/airflow/.local/lib/python3.12/site-packages/airflow/example_dags/example_branch_python_dop_operator_3.py
[2025-09-29T15:01:22.306+0000] {logging_mixin.py:190} INFO - [2025-09-29T15:01:22.306+0000] {dag.py:3239} INFO - Sync 1 DAGs
[2025-09-29T15:01:22.321+0000] {logging_mixin.py:190} INFO - [2025-09-29T15:01:22.321+0000] {dag.py:4180} INFO - Setting next_dagrun for example_branch_dop_operator_v3 to 2025-09-29 15:00:00+00:00, run_after=2025-09-29 15:01:00+00:00
[2025-09-29T15:01:22.332+0000] {processor.py:208} INFO - Processing /home/airflow/.local/lib/python3.12/site-packages/airflow/example_dags/example_branch_python_dop_operator_3.py took 0.052 seconds
[2025-09-29T15:01:52.892+0000] {processor.py:186} INFO - Started process (PID=3520) to work on /home/airflow/.local/lib/python3.12/site-packages/airflow/example_dags/example_branch_python_dop_operator_3.py
[2025-09-29T15:01:52.893+0000] {processor.py:914} INFO - Processing file /home/airflow/.local/lib/python3.12/site-packages/airflow/example_dags/example_branch_python_dop_operator_3.py for tasks to queue
[2025-09-29T15:01:52.893+0000] {logging_mixin.py:190} INFO - [2025-09-29T15:01:52.893+0000] {dagbag.py:588} INFO - Filling up the DagBag from /home/airflow/.local/lib/python3.12/site-packages/airflow/example_dags/example_branch_python_dop_operator_3.py
[2025-09-29T15:01:52.899+0000] {processor.py:925} INFO - DAG(s) 'example_branch_dop_operator_v3' retrieved from /home/airflow/.local/lib/python3.12/site-packages/airflow/example_dags/example_branch_python_dop_operator_3.py
[2025-09-29T15:01:52.911+0000] {logging_mixin.py:190} INFO - [2025-09-29T15:01:52.911+0000] {dag.py:3239} INFO - Sync 1 DAGs
[2025-09-29T15:01:52.924+0000] {logging_mixin.py:190} INFO - [2025-09-29T15:01:52.924+0000] {dag.py:4180} INFO - Setting next_dagrun for example_branch_dop_operator_v3 to 2025-09-29 15:00:00+00:00, run_after=2025-09-29 15:01:00+00:00
[2025-09-29T15:01:52.932+0000] {processor.py:208} INFO - Processing /home/airflow/.local/lib/python3.12/site-packages/airflow/example_dags/example_branch_python_dop_operator_3.py took 0.043 seconds
[2025-09-29T15:02:23.435+0000] {processor.py:186} INFO - Started process (PID=3583) to work on /home/airflow/.local/lib/python3.12/site-packages/airflow/example_dags/example_branch_python_dop_operator_3.py
[2025-09-29T15:02:23.436+0000] {processor.py:914} INFO - Processing file /home/airflow/.local/lib/python3.12/site-packages/airflow/example_dags/example_branch_python_dop_operator_3.py for tasks to queue
[2025-09-29T15:02:23.436+0000] {logging_mixin.py:190} INFO - [2025-09-29T15:02:23.436+0000] {dagbag.py:588} INFO - Filling up the DagBag from /home/airflow/.local/lib/python3.12/site-packages/airflow/example_dags/example_branch_python_dop_operator_3.py
[2025-09-29T15:02:23.443+0000] {processor.py:925} INFO - DAG(s) 'example_branch_dop_operator_v3' retrieved from /home/airflow/.local/lib/python3.12/site-packages/airflow/example_dags/example_branch_python_dop_operator_3.py
[2025-09-29T15:02:23.456+0000] {logging_mixin.py:190} INFO - [2025-09-29T15:02:23.455+0000] {dag.py:3239} INFO - Sync 1 DAGs
[2025-09-29T15:02:23.470+0000] {logging_mixin.py:190} INFO - [2025-09-29T15:02:23.470+0000] {dag.py:4180} INFO - Setting next_dagrun for example_branch_dop_operator_v3 to 2025-09-29 15:01:00+00:00, run_after=2025-09-29 15:02:00+00:00
[2025-09-29T15:02:23.481+0000] {processor.py:208} INFO - Processing /home/airflow/.local/lib/python3.12/site-packages/airflow/example_dags/example_branch_python_dop_operator_3.py took 0.049 seconds
