[2025-09-29T14:34:30.484+0000] {processor.py:186} INFO - Started process (PID=82) to work on /home/airflow/.local/lib/python3.12/site-packages/airflow/example_dags/example_params_ui_tutorial.py
[2025-09-29T14:34:30.485+0000] {processor.py:914} INFO - Processing file /home/airflow/.local/lib/python3.12/site-packages/airflow/example_dags/example_params_ui_tutorial.py for tasks to queue
[2025-09-29T14:34:30.486+0000] {logging_mixin.py:190} INFO - [2025-09-29T14:34:30.486+0000] {dagbag.py:588} INFO - Filling up the DagBag from /home/airflow/.local/lib/python3.12/site-packages/airflow/example_dags/example_params_ui_tutorial.py
[2025-09-29T14:34:30.492+0000] {processor.py:925} INFO - DAG(s) 'example_params_ui_tutorial' retrieved from /home/airflow/.local/lib/python3.12/site-packages/airflow/example_dags/example_params_ui_tutorial.py
[2025-09-29T14:34:30.577+0000] {logging_mixin.py:190} INFO - [2025-09-29T14:34:30.576+0000] {dag.py:3239} INFO - Sync 1 DAGs
[2025-09-29T14:34:30.585+0000] {logging_mixin.py:190} INFO - [2025-09-29T14:34:30.585+0000] {dag.py:4180} INFO - Setting next_dagrun for example_params_ui_tutorial to None, run_after=None
[2025-09-29T14:34:30.603+0000] {processor.py:208} INFO - Processing /home/airflow/.local/lib/python3.12/site-packages/airflow/example_dags/example_params_ui_tutorial.py took 0.123 seconds
[2025-09-29T14:35:01.339+0000] {processor.py:186} INFO - Started process (PID=156) to work on /home/airflow/.local/lib/python3.12/site-packages/airflow/example_dags/example_params_ui_tutorial.py
[2025-09-29T14:35:01.340+0000] {processor.py:914} INFO - Processing file /home/airflow/.local/lib/python3.12/site-packages/airflow/example_dags/example_params_ui_tutorial.py for tasks to queue
[2025-09-29T14:35:01.342+0000] {logging_mixin.py:190} INFO - [2025-09-29T14:35:01.342+0000] {dagbag.py:588} INFO - Filling up the DagBag from /home/airflow/.local/lib/python3.12/site-packages/airflow/example_dags/example_params_ui_tutorial.py
[2025-09-29T14:35:01.349+0000] {processor.py:925} INFO - DAG(s) 'example_params_ui_tutorial' retrieved from /home/airflow/.local/lib/python3.12/site-packages/airflow/example_dags/example_params_ui_tutorial.py
[2025-09-29T14:35:01.371+0000] {logging_mixin.py:190} INFO - [2025-09-29T14:35:01.371+0000] {dag.py:3239} INFO - Sync 1 DAGs
[2025-09-29T14:35:01.381+0000] {logging_mixin.py:190} INFO - [2025-09-29T14:35:01.381+0000] {dag.py:4180} INFO - Setting next_dagrun for example_params_ui_tutorial to None, run_after=None
[2025-09-29T14:35:01.393+0000] {processor.py:208} INFO - Processing /home/airflow/.local/lib/python3.12/site-packages/airflow/example_dags/example_params_ui_tutorial.py took 0.057 seconds
[2025-09-29T14:35:31.589+0000] {processor.py:186} INFO - Started process (PID=220) to work on /home/airflow/.local/lib/python3.12/site-packages/airflow/example_dags/example_params_ui_tutorial.py
[2025-09-29T14:35:31.589+0000] {processor.py:914} INFO - Processing file /home/airflow/.local/lib/python3.12/site-packages/airflow/example_dags/example_params_ui_tutorial.py for tasks to queue
[2025-09-29T14:35:31.590+0000] {logging_mixin.py:190} INFO - [2025-09-29T14:35:31.590+0000] {dagbag.py:588} INFO - Filling up the DagBag from /home/airflow/.local/lib/python3.12/site-packages/airflow/example_dags/example_params_ui_tutorial.py
[2025-09-29T14:35:31.595+0000] {processor.py:925} INFO - DAG(s) 'example_params_ui_tutorial' retrieved from /home/airflow/.local/lib/python3.12/site-packages/airflow/example_dags/example_params_ui_tutorial.py
[2025-09-29T14:35:31.616+0000] {logging_mixin.py:190} INFO - [2025-09-29T14:35:31.616+0000] {dag.py:3239} INFO - Sync 1 DAGs
[2025-09-29T14:35:31.626+0000] {logging_mixin.py:190} INFO - [2025-09-29T14:35:31.625+0000] {dag.py:4180} INFO - Setting next_dagrun for example_params_ui_tutorial to None, run_after=None
[2025-09-29T14:35:31.635+0000] {processor.py:208} INFO - Processing /home/airflow/.local/lib/python3.12/site-packages/airflow/example_dags/example_params_ui_tutorial.py took 0.049 seconds
[2025-09-29T14:36:01.836+0000] {processor.py:186} INFO - Started process (PID=284) to work on /home/airflow/.local/lib/python3.12/site-packages/airflow/example_dags/example_params_ui_tutorial.py
[2025-09-29T14:36:01.837+0000] {processor.py:914} INFO - Processing file /home/airflow/.local/lib/python3.12/site-packages/airflow/example_dags/example_params_ui_tutorial.py for tasks to queue
[2025-09-29T14:36:01.838+0000] {logging_mixin.py:190} INFO - [2025-09-29T14:36:01.838+0000] {dagbag.py:588} INFO - Filling up the DagBag from /home/airflow/.local/lib/python3.12/site-packages/airflow/example_dags/example_params_ui_tutorial.py
[2025-09-29T14:36:01.844+0000] {processor.py:925} INFO - DAG(s) 'example_params_ui_tutorial' retrieved from /home/airflow/.local/lib/python3.12/site-packages/airflow/example_dags/example_params_ui_tutorial.py
[2025-09-29T14:36:01.866+0000] {logging_mixin.py:190} INFO - [2025-09-29T14:36:01.866+0000] {dag.py:3239} INFO - Sync 1 DAGs
[2025-09-29T14:36:01.874+0000] {logging_mixin.py:190} INFO - [2025-09-29T14:36:01.874+0000] {dag.py:4180} INFO - Setting next_dagrun for example_params_ui_tutorial to None, run_after=None
[2025-09-29T14:36:01.889+0000] {processor.py:208} INFO - Processing /home/airflow/.local/lib/python3.12/site-packages/airflow/example_dags/example_params_ui_tutorial.py took 0.056 seconds
[2025-09-29T14:36:31.992+0000] {processor.py:186} INFO - Started process (PID=348) to work on /home/airflow/.local/lib/python3.12/site-packages/airflow/example_dags/example_params_ui_tutorial.py
[2025-09-29T14:36:31.992+0000] {processor.py:914} INFO - Processing file /home/airflow/.local/lib/python3.12/site-packages/airflow/example_dags/example_params_ui_tutorial.py for tasks to queue
[2025-09-29T14:36:31.993+0000] {logging_mixin.py:190} INFO - [2025-09-29T14:36:31.993+0000] {dagbag.py:588} INFO - Filling up the DagBag from /home/airflow/.local/lib/python3.12/site-packages/airflow/example_dags/example_params_ui_tutorial.py
[2025-09-29T14:36:31.998+0000] {processor.py:925} INFO - DAG(s) 'example_params_ui_tutorial' retrieved from /home/airflow/.local/lib/python3.12/site-packages/airflow/example_dags/example_params_ui_tutorial.py
[2025-09-29T14:36:32.021+0000] {logging_mixin.py:190} INFO - [2025-09-29T14:36:32.021+0000] {dag.py:3239} INFO - Sync 1 DAGs
[2025-09-29T14:36:32.029+0000] {logging_mixin.py:190} INFO - [2025-09-29T14:36:32.028+0000] {dag.py:4180} INFO - Setting next_dagrun for example_params_ui_tutorial to None, run_after=None
[2025-09-29T14:36:32.044+0000] {processor.py:208} INFO - Processing /home/airflow/.local/lib/python3.12/site-packages/airflow/example_dags/example_params_ui_tutorial.py took 0.055 seconds
[2025-09-29T14:37:02.204+0000] {processor.py:186} INFO - Started process (PID=411) to work on /home/airflow/.local/lib/python3.12/site-packages/airflow/example_dags/example_params_ui_tutorial.py
[2025-09-29T14:37:02.207+0000] {processor.py:914} INFO - Processing file /home/airflow/.local/lib/python3.12/site-packages/airflow/example_dags/example_params_ui_tutorial.py for tasks to queue
[2025-09-29T14:37:02.209+0000] {logging_mixin.py:190} INFO - [2025-09-29T14:37:02.208+0000] {dagbag.py:588} INFO - Filling up the DagBag from /home/airflow/.local/lib/python3.12/site-packages/airflow/example_dags/example_params_ui_tutorial.py
[2025-09-29T14:37:02.217+0000] {processor.py:925} INFO - DAG(s) 'example_params_ui_tutorial' retrieved from /home/airflow/.local/lib/python3.12/site-packages/airflow/example_dags/example_params_ui_tutorial.py
[2025-09-29T14:37:02.239+0000] {logging_mixin.py:190} INFO - [2025-09-29T14:37:02.239+0000] {dag.py:3239} INFO - Sync 1 DAGs
[2025-09-29T14:37:02.246+0000] {logging_mixin.py:190} INFO - [2025-09-29T14:37:02.246+0000] {dag.py:4180} INFO - Setting next_dagrun for example_params_ui_tutorial to None, run_after=None
[2025-09-29T14:37:02.262+0000] {processor.py:208} INFO - Processing /home/airflow/.local/lib/python3.12/site-packages/airflow/example_dags/example_params_ui_tutorial.py took 0.062 seconds
[2025-09-29T14:37:32.596+0000] {processor.py:186} INFO - Started process (PID=475) to work on /home/airflow/.local/lib/python3.12/site-packages/airflow/example_dags/example_params_ui_tutorial.py
[2025-09-29T14:37:32.598+0000] {processor.py:914} INFO - Processing file /home/airflow/.local/lib/python3.12/site-packages/airflow/example_dags/example_params_ui_tutorial.py for tasks to queue
[2025-09-29T14:37:32.599+0000] {logging_mixin.py:190} INFO - [2025-09-29T14:37:32.599+0000] {dagbag.py:588} INFO - Filling up the DagBag from /home/airflow/.local/lib/python3.12/site-packages/airflow/example_dags/example_params_ui_tutorial.py
[2025-09-29T14:37:32.604+0000] {processor.py:925} INFO - DAG(s) 'example_params_ui_tutorial' retrieved from /home/airflow/.local/lib/python3.12/site-packages/airflow/example_dags/example_params_ui_tutorial.py
[2025-09-29T14:37:32.626+0000] {logging_mixin.py:190} INFO - [2025-09-29T14:37:32.626+0000] {dag.py:3239} INFO - Sync 1 DAGs
[2025-09-29T14:37:32.636+0000] {logging_mixin.py:190} INFO - [2025-09-29T14:37:32.636+0000] {dag.py:4180} INFO - Setting next_dagrun for example_params_ui_tutorial to None, run_after=None
[2025-09-29T14:37:32.645+0000] {processor.py:208} INFO - Processing /home/airflow/.local/lib/python3.12/site-packages/airflow/example_dags/example_params_ui_tutorial.py took 0.052 seconds
[2025-09-29T14:38:03.001+0000] {processor.py:186} INFO - Started process (PID=539) to work on /home/airflow/.local/lib/python3.12/site-packages/airflow/example_dags/example_params_ui_tutorial.py
[2025-09-29T14:38:03.001+0000] {processor.py:914} INFO - Processing file /home/airflow/.local/lib/python3.12/site-packages/airflow/example_dags/example_params_ui_tutorial.py for tasks to queue
[2025-09-29T14:38:03.003+0000] {logging_mixin.py:190} INFO - [2025-09-29T14:38:03.003+0000] {dagbag.py:588} INFO - Filling up the DagBag from /home/airflow/.local/lib/python3.12/site-packages/airflow/example_dags/example_params_ui_tutorial.py
[2025-09-29T14:38:03.007+0000] {processor.py:925} INFO - DAG(s) 'example_params_ui_tutorial' retrieved from /home/airflow/.local/lib/python3.12/site-packages/airflow/example_dags/example_params_ui_tutorial.py
[2025-09-29T14:38:03.026+0000] {logging_mixin.py:190} INFO - [2025-09-29T14:38:03.026+0000] {dag.py:3239} INFO - Sync 1 DAGs
[2025-09-29T14:38:03.034+0000] {logging_mixin.py:190} INFO - [2025-09-29T14:38:03.034+0000] {dag.py:4180} INFO - Setting next_dagrun for example_params_ui_tutorial to None, run_after=None
[2025-09-29T14:38:03.042+0000] {processor.py:208} INFO - Processing /home/airflow/.local/lib/python3.12/site-packages/airflow/example_dags/example_params_ui_tutorial.py took 0.044 seconds
[2025-09-29T14:38:33.368+0000] {processor.py:186} INFO - Started process (PID=611) to work on /home/airflow/.local/lib/python3.12/site-packages/airflow/example_dags/example_params_ui_tutorial.py
[2025-09-29T14:38:33.368+0000] {processor.py:914} INFO - Processing file /home/airflow/.local/lib/python3.12/site-packages/airflow/example_dags/example_params_ui_tutorial.py for tasks to queue
[2025-09-29T14:38:33.369+0000] {logging_mixin.py:190} INFO - [2025-09-29T14:38:33.369+0000] {dagbag.py:588} INFO - Filling up the DagBag from /home/airflow/.local/lib/python3.12/site-packages/airflow/example_dags/example_params_ui_tutorial.py
[2025-09-29T14:38:33.375+0000] {processor.py:925} INFO - DAG(s) 'example_params_ui_tutorial' retrieved from /home/airflow/.local/lib/python3.12/site-packages/airflow/example_dags/example_params_ui_tutorial.py
[2025-09-29T14:38:33.400+0000] {logging_mixin.py:190} INFO - [2025-09-29T14:38:33.400+0000] {dag.py:3239} INFO - Sync 1 DAGs
[2025-09-29T14:38:33.412+0000] {logging_mixin.py:190} INFO - [2025-09-29T14:38:33.412+0000] {dag.py:4180} INFO - Setting next_dagrun for example_params_ui_tutorial to None, run_after=None
[2025-09-29T14:38:33.421+0000] {processor.py:208} INFO - Processing /home/airflow/.local/lib/python3.12/site-packages/airflow/example_dags/example_params_ui_tutorial.py took 0.057 seconds
[2025-09-29T14:39:03.893+0000] {processor.py:186} INFO - Started process (PID=674) to work on /home/airflow/.local/lib/python3.12/site-packages/airflow/example_dags/example_params_ui_tutorial.py
[2025-09-29T14:39:03.897+0000] {processor.py:914} INFO - Processing file /home/airflow/.local/lib/python3.12/site-packages/airflow/example_dags/example_params_ui_tutorial.py for tasks to queue
[2025-09-29T14:39:03.898+0000] {logging_mixin.py:190} INFO - [2025-09-29T14:39:03.898+0000] {dagbag.py:588} INFO - Filling up the DagBag from /home/airflow/.local/lib/python3.12/site-packages/airflow/example_dags/example_params_ui_tutorial.py
[2025-09-29T14:39:03.904+0000] {processor.py:925} INFO - DAG(s) 'example_params_ui_tutorial' retrieved from /home/airflow/.local/lib/python3.12/site-packages/airflow/example_dags/example_params_ui_tutorial.py
[2025-09-29T14:39:03.932+0000] {logging_mixin.py:190} INFO - [2025-09-29T14:39:03.932+0000] {dag.py:3239} INFO - Sync 1 DAGs
[2025-09-29T14:39:03.939+0000] {logging_mixin.py:190} INFO - [2025-09-29T14:39:03.939+0000] {dag.py:4180} INFO - Setting next_dagrun for example_params_ui_tutorial to None, run_after=None
[2025-09-29T14:39:03.948+0000] {processor.py:208} INFO - Processing /home/airflow/.local/lib/python3.12/site-packages/airflow/example_dags/example_params_ui_tutorial.py took 0.058 seconds
[2025-09-29T14:39:34.474+0000] {processor.py:186} INFO - Started process (PID=737) to work on /home/airflow/.local/lib/python3.12/site-packages/airflow/example_dags/example_params_ui_tutorial.py
[2025-09-29T14:39:34.476+0000] {processor.py:914} INFO - Processing file /home/airflow/.local/lib/python3.12/site-packages/airflow/example_dags/example_params_ui_tutorial.py for tasks to queue
[2025-09-29T14:39:34.479+0000] {logging_mixin.py:190} INFO - [2025-09-29T14:39:34.479+0000] {dagbag.py:588} INFO - Filling up the DagBag from /home/airflow/.local/lib/python3.12/site-packages/airflow/example_dags/example_params_ui_tutorial.py
[2025-09-29T14:39:34.484+0000] {processor.py:925} INFO - DAG(s) 'example_params_ui_tutorial' retrieved from /home/airflow/.local/lib/python3.12/site-packages/airflow/example_dags/example_params_ui_tutorial.py
[2025-09-29T14:39:34.505+0000] {logging_mixin.py:190} INFO - [2025-09-29T14:39:34.505+0000] {dag.py:3239} INFO - Sync 1 DAGs
[2025-09-29T14:39:34.514+0000] {logging_mixin.py:190} INFO - [2025-09-29T14:39:34.514+0000] {dag.py:4180} INFO - Setting next_dagrun for example_params_ui_tutorial to None, run_after=None
[2025-09-29T14:39:34.524+0000] {processor.py:208} INFO - Processing /home/airflow/.local/lib/python3.12/site-packages/airflow/example_dags/example_params_ui_tutorial.py took 0.054 seconds
[2025-09-29T14:40:04.892+0000] {processor.py:186} INFO - Started process (PID=801) to work on /home/airflow/.local/lib/python3.12/site-packages/airflow/example_dags/example_params_ui_tutorial.py
[2025-09-29T14:40:04.892+0000] {processor.py:914} INFO - Processing file /home/airflow/.local/lib/python3.12/site-packages/airflow/example_dags/example_params_ui_tutorial.py for tasks to queue
[2025-09-29T14:40:04.894+0000] {logging_mixin.py:190} INFO - [2025-09-29T14:40:04.894+0000] {dagbag.py:588} INFO - Filling up the DagBag from /home/airflow/.local/lib/python3.12/site-packages/airflow/example_dags/example_params_ui_tutorial.py
[2025-09-29T14:40:04.899+0000] {processor.py:925} INFO - DAG(s) 'example_params_ui_tutorial' retrieved from /home/airflow/.local/lib/python3.12/site-packages/airflow/example_dags/example_params_ui_tutorial.py
[2025-09-29T14:40:04.921+0000] {logging_mixin.py:190} INFO - [2025-09-29T14:40:04.921+0000] {dag.py:3239} INFO - Sync 1 DAGs
[2025-09-29T14:40:04.928+0000] {logging_mixin.py:190} INFO - [2025-09-29T14:40:04.928+0000] {dag.py:4180} INFO - Setting next_dagrun for example_params_ui_tutorial to None, run_after=None
[2025-09-29T14:40:04.948+0000] {processor.py:208} INFO - Processing /home/airflow/.local/lib/python3.12/site-packages/airflow/example_dags/example_params_ui_tutorial.py took 0.060 seconds
[2025-09-29T14:40:35.243+0000] {processor.py:186} INFO - Started process (PID=864) to work on /home/airflow/.local/lib/python3.12/site-packages/airflow/example_dags/example_params_ui_tutorial.py
[2025-09-29T14:40:35.244+0000] {processor.py:914} INFO - Processing file /home/airflow/.local/lib/python3.12/site-packages/airflow/example_dags/example_params_ui_tutorial.py for tasks to queue
[2025-09-29T14:40:35.245+0000] {logging_mixin.py:190} INFO - [2025-09-29T14:40:35.245+0000] {dagbag.py:588} INFO - Filling up the DagBag from /home/airflow/.local/lib/python3.12/site-packages/airflow/example_dags/example_params_ui_tutorial.py
[2025-09-29T14:40:35.250+0000] {processor.py:925} INFO - DAG(s) 'example_params_ui_tutorial' retrieved from /home/airflow/.local/lib/python3.12/site-packages/airflow/example_dags/example_params_ui_tutorial.py
[2025-09-29T14:40:35.274+0000] {logging_mixin.py:190} INFO - [2025-09-29T14:40:35.274+0000] {dag.py:3239} INFO - Sync 1 DAGs
[2025-09-29T14:40:35.283+0000] {logging_mixin.py:190} INFO - [2025-09-29T14:40:35.282+0000] {dag.py:4180} INFO - Setting next_dagrun for example_params_ui_tutorial to None, run_after=None
[2025-09-29T14:40:35.295+0000] {processor.py:208} INFO - Processing /home/airflow/.local/lib/python3.12/site-packages/airflow/example_dags/example_params_ui_tutorial.py took 0.055 seconds
[2025-09-29T14:41:05.565+0000] {processor.py:186} INFO - Started process (PID=930) to work on /home/airflow/.local/lib/python3.12/site-packages/airflow/example_dags/example_params_ui_tutorial.py
[2025-09-29T14:41:05.566+0000] {processor.py:914} INFO - Processing file /home/airflow/.local/lib/python3.12/site-packages/airflow/example_dags/example_params_ui_tutorial.py for tasks to queue
[2025-09-29T14:41:05.567+0000] {logging_mixin.py:190} INFO - [2025-09-29T14:41:05.567+0000] {dagbag.py:588} INFO - Filling up the DagBag from /home/airflow/.local/lib/python3.12/site-packages/airflow/example_dags/example_params_ui_tutorial.py
[2025-09-29T14:41:05.572+0000] {processor.py:925} INFO - DAG(s) 'example_params_ui_tutorial' retrieved from /home/airflow/.local/lib/python3.12/site-packages/airflow/example_dags/example_params_ui_tutorial.py
[2025-09-29T14:41:05.594+0000] {logging_mixin.py:190} INFO - [2025-09-29T14:41:05.594+0000] {dag.py:3239} INFO - Sync 1 DAGs
[2025-09-29T14:41:05.604+0000] {logging_mixin.py:190} INFO - [2025-09-29T14:41:05.604+0000] {dag.py:4180} INFO - Setting next_dagrun for example_params_ui_tutorial to None, run_after=None
[2025-09-29T14:41:05.616+0000] {processor.py:208} INFO - Processing /home/airflow/.local/lib/python3.12/site-packages/airflow/example_dags/example_params_ui_tutorial.py took 0.054 seconds
[2025-09-29T14:41:35.954+0000] {processor.py:186} INFO - Started process (PID=994) to work on /home/airflow/.local/lib/python3.12/site-packages/airflow/example_dags/example_params_ui_tutorial.py
[2025-09-29T14:41:35.955+0000] {processor.py:914} INFO - Processing file /home/airflow/.local/lib/python3.12/site-packages/airflow/example_dags/example_params_ui_tutorial.py for tasks to queue
[2025-09-29T14:41:35.956+0000] {logging_mixin.py:190} INFO - [2025-09-29T14:41:35.956+0000] {dagbag.py:588} INFO - Filling up the DagBag from /home/airflow/.local/lib/python3.12/site-packages/airflow/example_dags/example_params_ui_tutorial.py
[2025-09-29T14:41:35.961+0000] {processor.py:925} INFO - DAG(s) 'example_params_ui_tutorial' retrieved from /home/airflow/.local/lib/python3.12/site-packages/airflow/example_dags/example_params_ui_tutorial.py
[2025-09-29T14:41:35.981+0000] {logging_mixin.py:190} INFO - [2025-09-29T14:41:35.981+0000] {dag.py:3239} INFO - Sync 1 DAGs
[2025-09-29T14:41:35.990+0000] {logging_mixin.py:190} INFO - [2025-09-29T14:41:35.989+0000] {dag.py:4180} INFO - Setting next_dagrun for example_params_ui_tutorial to None, run_after=None
[2025-09-29T14:41:36.000+0000] {processor.py:208} INFO - Processing /home/airflow/.local/lib/python3.12/site-packages/airflow/example_dags/example_params_ui_tutorial.py took 0.049 seconds
[2025-09-29T14:42:06.412+0000] {processor.py:186} INFO - Started process (PID=1059) to work on /home/airflow/.local/lib/python3.12/site-packages/airflow/example_dags/example_params_ui_tutorial.py
[2025-09-29T14:42:06.412+0000] {processor.py:914} INFO - Processing file /home/airflow/.local/lib/python3.12/site-packages/airflow/example_dags/example_params_ui_tutorial.py for tasks to queue
[2025-09-29T14:42:06.414+0000] {logging_mixin.py:190} INFO - [2025-09-29T14:42:06.414+0000] {dagbag.py:588} INFO - Filling up the DagBag from /home/airflow/.local/lib/python3.12/site-packages/airflow/example_dags/example_params_ui_tutorial.py
[2025-09-29T14:42:06.420+0000] {processor.py:925} INFO - DAG(s) 'example_params_ui_tutorial' retrieved from /home/airflow/.local/lib/python3.12/site-packages/airflow/example_dags/example_params_ui_tutorial.py
[2025-09-29T14:42:06.444+0000] {logging_mixin.py:190} INFO - [2025-09-29T14:42:06.444+0000] {dag.py:3239} INFO - Sync 1 DAGs
[2025-09-29T14:42:06.451+0000] {logging_mixin.py:190} INFO - [2025-09-29T14:42:06.451+0000] {dag.py:4180} INFO - Setting next_dagrun for example_params_ui_tutorial to None, run_after=None
[2025-09-29T14:42:06.465+0000] {processor.py:208} INFO - Processing /home/airflow/.local/lib/python3.12/site-packages/airflow/example_dags/example_params_ui_tutorial.py took 0.056 seconds
[2025-09-29T14:42:36.811+0000] {processor.py:186} INFO - Started process (PID=1123) to work on /home/airflow/.local/lib/python3.12/site-packages/airflow/example_dags/example_params_ui_tutorial.py
[2025-09-29T14:42:36.811+0000] {processor.py:914} INFO - Processing file /home/airflow/.local/lib/python3.12/site-packages/airflow/example_dags/example_params_ui_tutorial.py for tasks to queue
[2025-09-29T14:42:36.812+0000] {logging_mixin.py:190} INFO - [2025-09-29T14:42:36.812+0000] {dagbag.py:588} INFO - Filling up the DagBag from /home/airflow/.local/lib/python3.12/site-packages/airflow/example_dags/example_params_ui_tutorial.py
[2025-09-29T14:42:36.818+0000] {processor.py:925} INFO - DAG(s) 'example_params_ui_tutorial' retrieved from /home/airflow/.local/lib/python3.12/site-packages/airflow/example_dags/example_params_ui_tutorial.py
[2025-09-29T14:42:36.838+0000] {logging_mixin.py:190} INFO - [2025-09-29T14:42:36.837+0000] {dag.py:3239} INFO - Sync 1 DAGs
[2025-09-29T14:42:36.844+0000] {logging_mixin.py:190} INFO - [2025-09-29T14:42:36.844+0000] {dag.py:4180} INFO - Setting next_dagrun for example_params_ui_tutorial to None, run_after=None
[2025-09-29T14:42:36.855+0000] {processor.py:208} INFO - Processing /home/airflow/.local/lib/python3.12/site-packages/airflow/example_dags/example_params_ui_tutorial.py took 0.047 seconds
[2025-09-29T14:43:07.091+0000] {processor.py:186} INFO - Started process (PID=1187) to work on /home/airflow/.local/lib/python3.12/site-packages/airflow/example_dags/example_params_ui_tutorial.py
[2025-09-29T14:43:07.092+0000] {processor.py:914} INFO - Processing file /home/airflow/.local/lib/python3.12/site-packages/airflow/example_dags/example_params_ui_tutorial.py for tasks to queue
[2025-09-29T14:43:07.094+0000] {logging_mixin.py:190} INFO - [2025-09-29T14:43:07.094+0000] {dagbag.py:588} INFO - Filling up the DagBag from /home/airflow/.local/lib/python3.12/site-packages/airflow/example_dags/example_params_ui_tutorial.py
[2025-09-29T14:43:07.099+0000] {processor.py:925} INFO - DAG(s) 'example_params_ui_tutorial' retrieved from /home/airflow/.local/lib/python3.12/site-packages/airflow/example_dags/example_params_ui_tutorial.py
[2025-09-29T14:43:07.123+0000] {logging_mixin.py:190} INFO - [2025-09-29T14:43:07.123+0000] {dag.py:3239} INFO - Sync 1 DAGs
[2025-09-29T14:43:07.131+0000] {logging_mixin.py:190} INFO - [2025-09-29T14:43:07.131+0000] {dag.py:4180} INFO - Setting next_dagrun for example_params_ui_tutorial to None, run_after=None
[2025-09-29T14:43:07.143+0000] {processor.py:208} INFO - Processing /home/airflow/.local/lib/python3.12/site-packages/airflow/example_dags/example_params_ui_tutorial.py took 0.055 seconds
[2025-09-29T14:43:37.312+0000] {processor.py:186} INFO - Started process (PID=1251) to work on /home/airflow/.local/lib/python3.12/site-packages/airflow/example_dags/example_params_ui_tutorial.py
[2025-09-29T14:43:37.313+0000] {processor.py:914} INFO - Processing file /home/airflow/.local/lib/python3.12/site-packages/airflow/example_dags/example_params_ui_tutorial.py for tasks to queue
[2025-09-29T14:43:37.314+0000] {logging_mixin.py:190} INFO - [2025-09-29T14:43:37.314+0000] {dagbag.py:588} INFO - Filling up the DagBag from /home/airflow/.local/lib/python3.12/site-packages/airflow/example_dags/example_params_ui_tutorial.py
[2025-09-29T14:43:37.318+0000] {processor.py:925} INFO - DAG(s) 'example_params_ui_tutorial' retrieved from /home/airflow/.local/lib/python3.12/site-packages/airflow/example_dags/example_params_ui_tutorial.py
[2025-09-29T14:43:37.338+0000] {logging_mixin.py:190} INFO - [2025-09-29T14:43:37.338+0000] {dag.py:3239} INFO - Sync 1 DAGs
[2025-09-29T14:43:37.346+0000] {logging_mixin.py:190} INFO - [2025-09-29T14:43:37.345+0000] {dag.py:4180} INFO - Setting next_dagrun for example_params_ui_tutorial to None, run_after=None
[2025-09-29T14:43:37.356+0000] {processor.py:208} INFO - Processing /home/airflow/.local/lib/python3.12/site-packages/airflow/example_dags/example_params_ui_tutorial.py took 0.047 seconds
[2025-09-29T14:44:08.135+0000] {processor.py:186} INFO - Started process (PID=1315) to work on /home/airflow/.local/lib/python3.12/site-packages/airflow/example_dags/example_params_ui_tutorial.py
[2025-09-29T14:44:08.136+0000] {processor.py:914} INFO - Processing file /home/airflow/.local/lib/python3.12/site-packages/airflow/example_dags/example_params_ui_tutorial.py for tasks to queue
[2025-09-29T14:44:08.137+0000] {logging_mixin.py:190} INFO - [2025-09-29T14:44:08.137+0000] {dagbag.py:588} INFO - Filling up the DagBag from /home/airflow/.local/lib/python3.12/site-packages/airflow/example_dags/example_params_ui_tutorial.py
[2025-09-29T14:44:08.142+0000] {processor.py:925} INFO - DAG(s) 'example_params_ui_tutorial' retrieved from /home/airflow/.local/lib/python3.12/site-packages/airflow/example_dags/example_params_ui_tutorial.py
[2025-09-29T14:44:08.160+0000] {logging_mixin.py:190} INFO - [2025-09-29T14:44:08.160+0000] {dag.py:3239} INFO - Sync 1 DAGs
[2025-09-29T14:44:08.167+0000] {logging_mixin.py:190} INFO - [2025-09-29T14:44:08.167+0000] {dag.py:4180} INFO - Setting next_dagrun for example_params_ui_tutorial to None, run_after=None
[2025-09-29T14:44:08.175+0000] {processor.py:208} INFO - Processing /home/airflow/.local/lib/python3.12/site-packages/airflow/example_dags/example_params_ui_tutorial.py took 0.043 seconds
[2025-09-29T14:44:38.541+0000] {processor.py:186} INFO - Started process (PID=1378) to work on /home/airflow/.local/lib/python3.12/site-packages/airflow/example_dags/example_params_ui_tutorial.py
[2025-09-29T14:44:38.544+0000] {processor.py:914} INFO - Processing file /home/airflow/.local/lib/python3.12/site-packages/airflow/example_dags/example_params_ui_tutorial.py for tasks to queue
[2025-09-29T14:44:38.546+0000] {logging_mixin.py:190} INFO - [2025-09-29T14:44:38.546+0000] {dagbag.py:588} INFO - Filling up the DagBag from /home/airflow/.local/lib/python3.12/site-packages/airflow/example_dags/example_params_ui_tutorial.py
[2025-09-29T14:44:38.556+0000] {processor.py:925} INFO - DAG(s) 'example_params_ui_tutorial' retrieved from /home/airflow/.local/lib/python3.12/site-packages/airflow/example_dags/example_params_ui_tutorial.py
[2025-09-29T14:44:38.580+0000] {logging_mixin.py:190} INFO - [2025-09-29T14:44:38.579+0000] {dag.py:3239} INFO - Sync 1 DAGs
[2025-09-29T14:44:38.587+0000] {logging_mixin.py:190} INFO - [2025-09-29T14:44:38.587+0000] {dag.py:4180} INFO - Setting next_dagrun for example_params_ui_tutorial to None, run_after=None
[2025-09-29T14:44:38.596+0000] {processor.py:208} INFO - Processing /home/airflow/.local/lib/python3.12/site-packages/airflow/example_dags/example_params_ui_tutorial.py took 0.059 seconds
[2025-09-29T14:45:08.900+0000] {processor.py:186} INFO - Started process (PID=1442) to work on /home/airflow/.local/lib/python3.12/site-packages/airflow/example_dags/example_params_ui_tutorial.py
[2025-09-29T14:45:08.900+0000] {processor.py:914} INFO - Processing file /home/airflow/.local/lib/python3.12/site-packages/airflow/example_dags/example_params_ui_tutorial.py for tasks to queue
[2025-09-29T14:45:08.902+0000] {logging_mixin.py:190} INFO - [2025-09-29T14:45:08.902+0000] {dagbag.py:588} INFO - Filling up the DagBag from /home/airflow/.local/lib/python3.12/site-packages/airflow/example_dags/example_params_ui_tutorial.py
[2025-09-29T14:45:08.912+0000] {processor.py:925} INFO - DAG(s) 'example_params_ui_tutorial' retrieved from /home/airflow/.local/lib/python3.12/site-packages/airflow/example_dags/example_params_ui_tutorial.py
[2025-09-29T14:45:08.937+0000] {logging_mixin.py:190} INFO - [2025-09-29T14:45:08.937+0000] {dag.py:3239} INFO - Sync 1 DAGs
[2025-09-29T14:45:08.944+0000] {logging_mixin.py:190} INFO - [2025-09-29T14:45:08.944+0000] {dag.py:4180} INFO - Setting next_dagrun for example_params_ui_tutorial to None, run_after=None
[2025-09-29T14:45:08.954+0000] {processor.py:208} INFO - Processing /home/airflow/.local/lib/python3.12/site-packages/airflow/example_dags/example_params_ui_tutorial.py took 0.058 seconds
[2025-09-29T14:45:39.393+0000] {processor.py:186} INFO - Started process (PID=1506) to work on /home/airflow/.local/lib/python3.12/site-packages/airflow/example_dags/example_params_ui_tutorial.py
[2025-09-29T14:45:39.394+0000] {processor.py:914} INFO - Processing file /home/airflow/.local/lib/python3.12/site-packages/airflow/example_dags/example_params_ui_tutorial.py for tasks to queue
[2025-09-29T14:45:39.396+0000] {logging_mixin.py:190} INFO - [2025-09-29T14:45:39.395+0000] {dagbag.py:588} INFO - Filling up the DagBag from /home/airflow/.local/lib/python3.12/site-packages/airflow/example_dags/example_params_ui_tutorial.py
[2025-09-29T14:45:39.403+0000] {processor.py:925} INFO - DAG(s) 'example_params_ui_tutorial' retrieved from /home/airflow/.local/lib/python3.12/site-packages/airflow/example_dags/example_params_ui_tutorial.py
[2025-09-29T14:45:39.430+0000] {logging_mixin.py:190} INFO - [2025-09-29T14:45:39.430+0000] {dag.py:3239} INFO - Sync 1 DAGs
[2025-09-29T14:45:39.440+0000] {logging_mixin.py:190} INFO - [2025-09-29T14:45:39.439+0000] {dag.py:4180} INFO - Setting next_dagrun for example_params_ui_tutorial to None, run_after=None
[2025-09-29T14:45:39.452+0000] {processor.py:208} INFO - Processing /home/airflow/.local/lib/python3.12/site-packages/airflow/example_dags/example_params_ui_tutorial.py took 0.062 seconds
[2025-09-29T14:46:10.048+0000] {processor.py:186} INFO - Started process (PID=1570) to work on /home/airflow/.local/lib/python3.12/site-packages/airflow/example_dags/example_params_ui_tutorial.py
[2025-09-29T14:46:10.049+0000] {processor.py:914} INFO - Processing file /home/airflow/.local/lib/python3.12/site-packages/airflow/example_dags/example_params_ui_tutorial.py for tasks to queue
[2025-09-29T14:46:10.050+0000] {logging_mixin.py:190} INFO - [2025-09-29T14:46:10.050+0000] {dagbag.py:588} INFO - Filling up the DagBag from /home/airflow/.local/lib/python3.12/site-packages/airflow/example_dags/example_params_ui_tutorial.py
[2025-09-29T14:46:10.055+0000] {processor.py:925} INFO - DAG(s) 'example_params_ui_tutorial' retrieved from /home/airflow/.local/lib/python3.12/site-packages/airflow/example_dags/example_params_ui_tutorial.py
[2025-09-29T14:46:10.079+0000] {logging_mixin.py:190} INFO - [2025-09-29T14:46:10.079+0000] {dag.py:3239} INFO - Sync 1 DAGs
[2025-09-29T14:46:10.086+0000] {logging_mixin.py:190} INFO - [2025-09-29T14:46:10.086+0000] {dag.py:4180} INFO - Setting next_dagrun for example_params_ui_tutorial to None, run_after=None
[2025-09-29T14:46:10.096+0000] {processor.py:208} INFO - Processing /home/airflow/.local/lib/python3.12/site-packages/airflow/example_dags/example_params_ui_tutorial.py took 0.051 seconds
[2025-09-29T14:46:40.516+0000] {processor.py:186} INFO - Started process (PID=1634) to work on /home/airflow/.local/lib/python3.12/site-packages/airflow/example_dags/example_params_ui_tutorial.py
[2025-09-29T14:46:40.517+0000] {processor.py:914} INFO - Processing file /home/airflow/.local/lib/python3.12/site-packages/airflow/example_dags/example_params_ui_tutorial.py for tasks to queue
[2025-09-29T14:46:40.518+0000] {logging_mixin.py:190} INFO - [2025-09-29T14:46:40.518+0000] {dagbag.py:588} INFO - Filling up the DagBag from /home/airflow/.local/lib/python3.12/site-packages/airflow/example_dags/example_params_ui_tutorial.py
[2025-09-29T14:46:40.527+0000] {processor.py:925} INFO - DAG(s) 'example_params_ui_tutorial' retrieved from /home/airflow/.local/lib/python3.12/site-packages/airflow/example_dags/example_params_ui_tutorial.py
[2025-09-29T14:46:40.549+0000] {logging_mixin.py:190} INFO - [2025-09-29T14:46:40.549+0000] {dag.py:3239} INFO - Sync 1 DAGs
[2025-09-29T14:46:40.560+0000] {logging_mixin.py:190} INFO - [2025-09-29T14:46:40.559+0000] {dag.py:4180} INFO - Setting next_dagrun for example_params_ui_tutorial to None, run_after=None
[2025-09-29T14:46:40.570+0000] {processor.py:208} INFO - Processing /home/airflow/.local/lib/python3.12/site-packages/airflow/example_dags/example_params_ui_tutorial.py took 0.057 seconds
[2025-09-29T14:47:10.902+0000] {processor.py:186} INFO - Started process (PID=1698) to work on /home/airflow/.local/lib/python3.12/site-packages/airflow/example_dags/example_params_ui_tutorial.py
[2025-09-29T14:47:10.903+0000] {processor.py:914} INFO - Processing file /home/airflow/.local/lib/python3.12/site-packages/airflow/example_dags/example_params_ui_tutorial.py for tasks to queue
[2025-09-29T14:47:10.904+0000] {logging_mixin.py:190} INFO - [2025-09-29T14:47:10.904+0000] {dagbag.py:588} INFO - Filling up the DagBag from /home/airflow/.local/lib/python3.12/site-packages/airflow/example_dags/example_params_ui_tutorial.py
[2025-09-29T14:47:10.910+0000] {processor.py:925} INFO - DAG(s) 'example_params_ui_tutorial' retrieved from /home/airflow/.local/lib/python3.12/site-packages/airflow/example_dags/example_params_ui_tutorial.py
[2025-09-29T14:47:10.932+0000] {logging_mixin.py:190} INFO - [2025-09-29T14:47:10.931+0000] {dag.py:3239} INFO - Sync 1 DAGs
[2025-09-29T14:47:10.940+0000] {logging_mixin.py:190} INFO - [2025-09-29T14:47:10.940+0000] {dag.py:4180} INFO - Setting next_dagrun for example_params_ui_tutorial to None, run_after=None
[2025-09-29T14:47:10.951+0000] {processor.py:208} INFO - Processing /home/airflow/.local/lib/python3.12/site-packages/airflow/example_dags/example_params_ui_tutorial.py took 0.052 seconds
[2025-09-29T14:47:41.277+0000] {processor.py:186} INFO - Started process (PID=1762) to work on /home/airflow/.local/lib/python3.12/site-packages/airflow/example_dags/example_params_ui_tutorial.py
[2025-09-29T14:47:41.280+0000] {processor.py:914} INFO - Processing file /home/airflow/.local/lib/python3.12/site-packages/airflow/example_dags/example_params_ui_tutorial.py for tasks to queue
[2025-09-29T14:47:41.282+0000] {logging_mixin.py:190} INFO - [2025-09-29T14:47:41.282+0000] {dagbag.py:588} INFO - Filling up the DagBag from /home/airflow/.local/lib/python3.12/site-packages/airflow/example_dags/example_params_ui_tutorial.py
[2025-09-29T14:47:41.287+0000] {processor.py:925} INFO - DAG(s) 'example_params_ui_tutorial' retrieved from /home/airflow/.local/lib/python3.12/site-packages/airflow/example_dags/example_params_ui_tutorial.py
[2025-09-29T14:47:41.311+0000] {logging_mixin.py:190} INFO - [2025-09-29T14:47:41.311+0000] {dag.py:3239} INFO - Sync 1 DAGs
[2025-09-29T14:47:41.319+0000] {logging_mixin.py:190} INFO - [2025-09-29T14:47:41.318+0000] {dag.py:4180} INFO - Setting next_dagrun for example_params_ui_tutorial to None, run_after=None
[2025-09-29T14:47:41.328+0000] {processor.py:208} INFO - Processing /home/airflow/.local/lib/python3.12/site-packages/airflow/example_dags/example_params_ui_tutorial.py took 0.054 seconds
[2025-09-29T14:48:11.782+0000] {processor.py:186} INFO - Started process (PID=1826) to work on /home/airflow/.local/lib/python3.12/site-packages/airflow/example_dags/example_params_ui_tutorial.py
[2025-09-29T14:48:11.783+0000] {processor.py:914} INFO - Processing file /home/airflow/.local/lib/python3.12/site-packages/airflow/example_dags/example_params_ui_tutorial.py for tasks to queue
[2025-09-29T14:48:11.784+0000] {logging_mixin.py:190} INFO - [2025-09-29T14:48:11.784+0000] {dagbag.py:588} INFO - Filling up the DagBag from /home/airflow/.local/lib/python3.12/site-packages/airflow/example_dags/example_params_ui_tutorial.py
[2025-09-29T14:48:11.788+0000] {processor.py:925} INFO - DAG(s) 'example_params_ui_tutorial' retrieved from /home/airflow/.local/lib/python3.12/site-packages/airflow/example_dags/example_params_ui_tutorial.py
[2025-09-29T14:48:11.816+0000] {logging_mixin.py:190} INFO - [2025-09-29T14:48:11.816+0000] {dag.py:3239} INFO - Sync 1 DAGs
[2025-09-29T14:48:11.825+0000] {logging_mixin.py:190} INFO - [2025-09-29T14:48:11.825+0000] {dag.py:4180} INFO - Setting next_dagrun for example_params_ui_tutorial to None, run_after=None
[2025-09-29T14:48:11.838+0000] {processor.py:208} INFO - Processing /home/airflow/.local/lib/python3.12/site-packages/airflow/example_dags/example_params_ui_tutorial.py took 0.059 seconds
[2025-09-29T14:48:41.983+0000] {processor.py:186} INFO - Started process (PID=1890) to work on /home/airflow/.local/lib/python3.12/site-packages/airflow/example_dags/example_params_ui_tutorial.py
[2025-09-29T14:48:41.984+0000] {processor.py:914} INFO - Processing file /home/airflow/.local/lib/python3.12/site-packages/airflow/example_dags/example_params_ui_tutorial.py for tasks to queue
[2025-09-29T14:48:41.987+0000] {logging_mixin.py:190} INFO - [2025-09-29T14:48:41.986+0000] {dagbag.py:588} INFO - Filling up the DagBag from /home/airflow/.local/lib/python3.12/site-packages/airflow/example_dags/example_params_ui_tutorial.py
[2025-09-29T14:48:41.991+0000] {processor.py:925} INFO - DAG(s) 'example_params_ui_tutorial' retrieved from /home/airflow/.local/lib/python3.12/site-packages/airflow/example_dags/example_params_ui_tutorial.py
[2025-09-29T14:48:42.010+0000] {logging_mixin.py:190} INFO - [2025-09-29T14:48:42.010+0000] {dag.py:3239} INFO - Sync 1 DAGs
[2025-09-29T14:48:42.017+0000] {logging_mixin.py:190} INFO - [2025-09-29T14:48:42.017+0000] {dag.py:4180} INFO - Setting next_dagrun for example_params_ui_tutorial to None, run_after=None
[2025-09-29T14:48:42.025+0000] {processor.py:208} INFO - Processing /home/airflow/.local/lib/python3.12/site-packages/airflow/example_dags/example_params_ui_tutorial.py took 0.045 seconds
[2025-09-29T14:49:12.224+0000] {processor.py:186} INFO - Started process (PID=1954) to work on /home/airflow/.local/lib/python3.12/site-packages/airflow/example_dags/example_params_ui_tutorial.py
[2025-09-29T14:49:12.225+0000] {processor.py:914} INFO - Processing file /home/airflow/.local/lib/python3.12/site-packages/airflow/example_dags/example_params_ui_tutorial.py for tasks to queue
[2025-09-29T14:49:12.227+0000] {logging_mixin.py:190} INFO - [2025-09-29T14:49:12.226+0000] {dagbag.py:588} INFO - Filling up the DagBag from /home/airflow/.local/lib/python3.12/site-packages/airflow/example_dags/example_params_ui_tutorial.py
[2025-09-29T14:49:12.233+0000] {processor.py:925} INFO - DAG(s) 'example_params_ui_tutorial' retrieved from /home/airflow/.local/lib/python3.12/site-packages/airflow/example_dags/example_params_ui_tutorial.py
[2025-09-29T14:49:12.255+0000] {logging_mixin.py:190} INFO - [2025-09-29T14:49:12.255+0000] {dag.py:3239} INFO - Sync 1 DAGs
[2025-09-29T14:49:12.262+0000] {logging_mixin.py:190} INFO - [2025-09-29T14:49:12.262+0000] {dag.py:4180} INFO - Setting next_dagrun for example_params_ui_tutorial to None, run_after=None
[2025-09-29T14:49:12.270+0000] {processor.py:208} INFO - Processing /home/airflow/.local/lib/python3.12/site-packages/airflow/example_dags/example_params_ui_tutorial.py took 0.050 seconds
[2025-09-29T14:49:42.741+0000] {processor.py:186} INFO - Started process (PID=2018) to work on /home/airflow/.local/lib/python3.12/site-packages/airflow/example_dags/example_params_ui_tutorial.py
[2025-09-29T14:49:42.742+0000] {processor.py:914} INFO - Processing file /home/airflow/.local/lib/python3.12/site-packages/airflow/example_dags/example_params_ui_tutorial.py for tasks to queue
[2025-09-29T14:49:42.743+0000] {logging_mixin.py:190} INFO - [2025-09-29T14:49:42.743+0000] {dagbag.py:588} INFO - Filling up the DagBag from /home/airflow/.local/lib/python3.12/site-packages/airflow/example_dags/example_params_ui_tutorial.py
[2025-09-29T14:49:42.748+0000] {processor.py:925} INFO - DAG(s) 'example_params_ui_tutorial' retrieved from /home/airflow/.local/lib/python3.12/site-packages/airflow/example_dags/example_params_ui_tutorial.py
[2025-09-29T14:49:42.766+0000] {logging_mixin.py:190} INFO - [2025-09-29T14:49:42.766+0000] {dag.py:3239} INFO - Sync 1 DAGs
[2025-09-29T14:49:42.772+0000] {logging_mixin.py:190} INFO - [2025-09-29T14:49:42.772+0000] {dag.py:4180} INFO - Setting next_dagrun for example_params_ui_tutorial to None, run_after=None
[2025-09-29T14:49:42.780+0000] {processor.py:208} INFO - Processing /home/airflow/.local/lib/python3.12/site-packages/airflow/example_dags/example_params_ui_tutorial.py took 0.042 seconds
[2025-09-29T14:50:13.000+0000] {processor.py:186} INFO - Started process (PID=2082) to work on /home/airflow/.local/lib/python3.12/site-packages/airflow/example_dags/example_params_ui_tutorial.py
[2025-09-29T14:50:13.000+0000] {processor.py:914} INFO - Processing file /home/airflow/.local/lib/python3.12/site-packages/airflow/example_dags/example_params_ui_tutorial.py for tasks to queue
[2025-09-29T14:50:13.003+0000] {logging_mixin.py:190} INFO - [2025-09-29T14:50:13.002+0000] {dagbag.py:588} INFO - Filling up the DagBag from /home/airflow/.local/lib/python3.12/site-packages/airflow/example_dags/example_params_ui_tutorial.py
[2025-09-29T14:50:13.007+0000] {processor.py:925} INFO - DAG(s) 'example_params_ui_tutorial' retrieved from /home/airflow/.local/lib/python3.12/site-packages/airflow/example_dags/example_params_ui_tutorial.py
[2025-09-29T14:50:13.031+0000] {logging_mixin.py:190} INFO - [2025-09-29T14:50:13.031+0000] {dag.py:3239} INFO - Sync 1 DAGs
[2025-09-29T14:50:13.040+0000] {logging_mixin.py:190} INFO - [2025-09-29T14:50:13.040+0000] {dag.py:4180} INFO - Setting next_dagrun for example_params_ui_tutorial to None, run_after=None
[2025-09-29T14:50:13.051+0000] {processor.py:208} INFO - Processing /home/airflow/.local/lib/python3.12/site-packages/airflow/example_dags/example_params_ui_tutorial.py took 0.054 seconds
[2025-09-29T14:50:43.358+0000] {processor.py:186} INFO - Started process (PID=2146) to work on /home/airflow/.local/lib/python3.12/site-packages/airflow/example_dags/example_params_ui_tutorial.py
[2025-09-29T14:50:43.358+0000] {processor.py:914} INFO - Processing file /home/airflow/.local/lib/python3.12/site-packages/airflow/example_dags/example_params_ui_tutorial.py for tasks to queue
[2025-09-29T14:50:43.360+0000] {logging_mixin.py:190} INFO - [2025-09-29T14:50:43.360+0000] {dagbag.py:588} INFO - Filling up the DagBag from /home/airflow/.local/lib/python3.12/site-packages/airflow/example_dags/example_params_ui_tutorial.py
[2025-09-29T14:50:43.364+0000] {processor.py:925} INFO - DAG(s) 'example_params_ui_tutorial' retrieved from /home/airflow/.local/lib/python3.12/site-packages/airflow/example_dags/example_params_ui_tutorial.py
[2025-09-29T14:50:43.382+0000] {logging_mixin.py:190} INFO - [2025-09-29T14:50:43.382+0000] {dag.py:3239} INFO - Sync 1 DAGs
[2025-09-29T14:50:43.389+0000] {logging_mixin.py:190} INFO - [2025-09-29T14:50:43.389+0000] {dag.py:4180} INFO - Setting next_dagrun for example_params_ui_tutorial to None, run_after=None
[2025-09-29T14:50:43.397+0000] {processor.py:208} INFO - Processing /home/airflow/.local/lib/python3.12/site-packages/airflow/example_dags/example_params_ui_tutorial.py took 0.042 seconds
[2025-09-29T14:51:13.570+0000] {processor.py:186} INFO - Started process (PID=2210) to work on /home/airflow/.local/lib/python3.12/site-packages/airflow/example_dags/example_params_ui_tutorial.py
[2025-09-29T14:51:13.571+0000] {processor.py:914} INFO - Processing file /home/airflow/.local/lib/python3.12/site-packages/airflow/example_dags/example_params_ui_tutorial.py for tasks to queue
[2025-09-29T14:51:13.573+0000] {logging_mixin.py:190} INFO - [2025-09-29T14:51:13.573+0000] {dagbag.py:588} INFO - Filling up the DagBag from /home/airflow/.local/lib/python3.12/site-packages/airflow/example_dags/example_params_ui_tutorial.py
[2025-09-29T14:51:13.577+0000] {processor.py:925} INFO - DAG(s) 'example_params_ui_tutorial' retrieved from /home/airflow/.local/lib/python3.12/site-packages/airflow/example_dags/example_params_ui_tutorial.py
[2025-09-29T14:51:13.599+0000] {logging_mixin.py:190} INFO - [2025-09-29T14:51:13.599+0000] {dag.py:3239} INFO - Sync 1 DAGs
[2025-09-29T14:51:13.607+0000] {logging_mixin.py:190} INFO - [2025-09-29T14:51:13.607+0000] {dag.py:4180} INFO - Setting next_dagrun for example_params_ui_tutorial to None, run_after=None
[2025-09-29T14:51:13.617+0000] {processor.py:208} INFO - Processing /home/airflow/.local/lib/python3.12/site-packages/airflow/example_dags/example_params_ui_tutorial.py took 0.051 seconds
[2025-09-29T14:51:43.939+0000] {processor.py:186} INFO - Started process (PID=2274) to work on /home/airflow/.local/lib/python3.12/site-packages/airflow/example_dags/example_params_ui_tutorial.py
[2025-09-29T14:51:43.940+0000] {processor.py:914} INFO - Processing file /home/airflow/.local/lib/python3.12/site-packages/airflow/example_dags/example_params_ui_tutorial.py for tasks to queue
[2025-09-29T14:51:43.941+0000] {logging_mixin.py:190} INFO - [2025-09-29T14:51:43.941+0000] {dagbag.py:588} INFO - Filling up the DagBag from /home/airflow/.local/lib/python3.12/site-packages/airflow/example_dags/example_params_ui_tutorial.py
[2025-09-29T14:51:43.946+0000] {processor.py:925} INFO - DAG(s) 'example_params_ui_tutorial' retrieved from /home/airflow/.local/lib/python3.12/site-packages/airflow/example_dags/example_params_ui_tutorial.py
[2025-09-29T14:51:43.965+0000] {logging_mixin.py:190} INFO - [2025-09-29T14:51:43.965+0000] {dag.py:3239} INFO - Sync 1 DAGs
[2025-09-29T14:51:43.972+0000] {logging_mixin.py:190} INFO - [2025-09-29T14:51:43.972+0000] {dag.py:4180} INFO - Setting next_dagrun for example_params_ui_tutorial to None, run_after=None
[2025-09-29T14:51:43.979+0000] {processor.py:208} INFO - Processing /home/airflow/.local/lib/python3.12/site-packages/airflow/example_dags/example_params_ui_tutorial.py took 0.044 seconds
[2025-09-29T14:52:14.254+0000] {processor.py:186} INFO - Started process (PID=2337) to work on /home/airflow/.local/lib/python3.12/site-packages/airflow/example_dags/example_params_ui_tutorial.py
[2025-09-29T14:52:14.255+0000] {processor.py:914} INFO - Processing file /home/airflow/.local/lib/python3.12/site-packages/airflow/example_dags/example_params_ui_tutorial.py for tasks to queue
[2025-09-29T14:52:14.256+0000] {logging_mixin.py:190} INFO - [2025-09-29T14:52:14.256+0000] {dagbag.py:588} INFO - Filling up the DagBag from /home/airflow/.local/lib/python3.12/site-packages/airflow/example_dags/example_params_ui_tutorial.py
[2025-09-29T14:52:14.261+0000] {processor.py:925} INFO - DAG(s) 'example_params_ui_tutorial' retrieved from /home/airflow/.local/lib/python3.12/site-packages/airflow/example_dags/example_params_ui_tutorial.py
[2025-09-29T14:52:14.281+0000] {logging_mixin.py:190} INFO - [2025-09-29T14:52:14.281+0000] {dag.py:3239} INFO - Sync 1 DAGs
[2025-09-29T14:52:14.288+0000] {logging_mixin.py:190} INFO - [2025-09-29T14:52:14.288+0000] {dag.py:4180} INFO - Setting next_dagrun for example_params_ui_tutorial to None, run_after=None
[2025-09-29T14:52:14.299+0000] {processor.py:208} INFO - Processing /home/airflow/.local/lib/python3.12/site-packages/airflow/example_dags/example_params_ui_tutorial.py took 0.048 seconds
[2025-09-29T14:52:44.428+0000] {processor.py:186} INFO - Started process (PID=2400) to work on /home/airflow/.local/lib/python3.12/site-packages/airflow/example_dags/example_params_ui_tutorial.py
[2025-09-29T14:52:44.428+0000] {processor.py:914} INFO - Processing file /home/airflow/.local/lib/python3.12/site-packages/airflow/example_dags/example_params_ui_tutorial.py for tasks to queue
[2025-09-29T14:52:44.429+0000] {logging_mixin.py:190} INFO - [2025-09-29T14:52:44.429+0000] {dagbag.py:588} INFO - Filling up the DagBag from /home/airflow/.local/lib/python3.12/site-packages/airflow/example_dags/example_params_ui_tutorial.py
[2025-09-29T14:52:44.433+0000] {processor.py:925} INFO - DAG(s) 'example_params_ui_tutorial' retrieved from /home/airflow/.local/lib/python3.12/site-packages/airflow/example_dags/example_params_ui_tutorial.py
[2025-09-29T14:52:44.455+0000] {logging_mixin.py:190} INFO - [2025-09-29T14:52:44.454+0000] {dag.py:3239} INFO - Sync 1 DAGs
[2025-09-29T14:52:44.463+0000] {logging_mixin.py:190} INFO - [2025-09-29T14:52:44.463+0000] {dag.py:4180} INFO - Setting next_dagrun for example_params_ui_tutorial to None, run_after=None
[2025-09-29T14:52:44.472+0000] {processor.py:208} INFO - Processing /home/airflow/.local/lib/python3.12/site-packages/airflow/example_dags/example_params_ui_tutorial.py took 0.048 seconds
[2025-09-29T14:53:14.611+0000] {processor.py:186} INFO - Started process (PID=2463) to work on /home/airflow/.local/lib/python3.12/site-packages/airflow/example_dags/example_params_ui_tutorial.py
[2025-09-29T14:53:14.611+0000] {processor.py:914} INFO - Processing file /home/airflow/.local/lib/python3.12/site-packages/airflow/example_dags/example_params_ui_tutorial.py for tasks to queue
[2025-09-29T14:53:14.612+0000] {logging_mixin.py:190} INFO - [2025-09-29T14:53:14.612+0000] {dagbag.py:588} INFO - Filling up the DagBag from /home/airflow/.local/lib/python3.12/site-packages/airflow/example_dags/example_params_ui_tutorial.py
[2025-09-29T14:53:14.617+0000] {processor.py:925} INFO - DAG(s) 'example_params_ui_tutorial' retrieved from /home/airflow/.local/lib/python3.12/site-packages/airflow/example_dags/example_params_ui_tutorial.py
[2025-09-29T14:53:14.634+0000] {logging_mixin.py:190} INFO - [2025-09-29T14:53:14.634+0000] {dag.py:3239} INFO - Sync 1 DAGs
[2025-09-29T14:53:14.641+0000] {logging_mixin.py:190} INFO - [2025-09-29T14:53:14.641+0000] {dag.py:4180} INFO - Setting next_dagrun for example_params_ui_tutorial to None, run_after=None
[2025-09-29T14:53:14.649+0000] {processor.py:208} INFO - Processing /home/airflow/.local/lib/python3.12/site-packages/airflow/example_dags/example_params_ui_tutorial.py took 0.041 seconds
[2025-09-29T14:53:44.922+0000] {processor.py:186} INFO - Started process (PID=2526) to work on /home/airflow/.local/lib/python3.12/site-packages/airflow/example_dags/example_params_ui_tutorial.py
[2025-09-29T14:53:44.923+0000] {processor.py:914} INFO - Processing file /home/airflow/.local/lib/python3.12/site-packages/airflow/example_dags/example_params_ui_tutorial.py for tasks to queue
[2025-09-29T14:53:44.924+0000] {logging_mixin.py:190} INFO - [2025-09-29T14:53:44.923+0000] {dagbag.py:588} INFO - Filling up the DagBag from /home/airflow/.local/lib/python3.12/site-packages/airflow/example_dags/example_params_ui_tutorial.py
[2025-09-29T14:53:44.928+0000] {processor.py:925} INFO - DAG(s) 'example_params_ui_tutorial' retrieved from /home/airflow/.local/lib/python3.12/site-packages/airflow/example_dags/example_params_ui_tutorial.py
[2025-09-29T14:53:44.947+0000] {logging_mixin.py:190} INFO - [2025-09-29T14:53:44.947+0000] {dag.py:3239} INFO - Sync 1 DAGs
[2025-09-29T14:53:44.954+0000] {logging_mixin.py:190} INFO - [2025-09-29T14:53:44.954+0000] {dag.py:4180} INFO - Setting next_dagrun for example_params_ui_tutorial to None, run_after=None
[2025-09-29T14:53:44.962+0000] {processor.py:208} INFO - Processing /home/airflow/.local/lib/python3.12/site-packages/airflow/example_dags/example_params_ui_tutorial.py took 0.043 seconds
[2025-09-29T14:54:15.157+0000] {processor.py:186} INFO - Started process (PID=2589) to work on /home/airflow/.local/lib/python3.12/site-packages/airflow/example_dags/example_params_ui_tutorial.py
[2025-09-29T14:54:15.158+0000] {processor.py:914} INFO - Processing file /home/airflow/.local/lib/python3.12/site-packages/airflow/example_dags/example_params_ui_tutorial.py for tasks to queue
[2025-09-29T14:54:15.159+0000] {logging_mixin.py:190} INFO - [2025-09-29T14:54:15.159+0000] {dagbag.py:588} INFO - Filling up the DagBag from /home/airflow/.local/lib/python3.12/site-packages/airflow/example_dags/example_params_ui_tutorial.py
[2025-09-29T14:54:15.163+0000] {processor.py:925} INFO - DAG(s) 'example_params_ui_tutorial' retrieved from /home/airflow/.local/lib/python3.12/site-packages/airflow/example_dags/example_params_ui_tutorial.py
[2025-09-29T14:54:15.185+0000] {logging_mixin.py:190} INFO - [2025-09-29T14:54:15.185+0000] {dag.py:3239} INFO - Sync 1 DAGs
[2025-09-29T14:54:15.193+0000] {logging_mixin.py:190} INFO - [2025-09-29T14:54:15.193+0000] {dag.py:4180} INFO - Setting next_dagrun for example_params_ui_tutorial to None, run_after=None
[2025-09-29T14:54:15.202+0000] {processor.py:208} INFO - Processing /home/airflow/.local/lib/python3.12/site-packages/airflow/example_dags/example_params_ui_tutorial.py took 0.048 seconds
[2025-09-29T14:54:45.565+0000] {processor.py:186} INFO - Started process (PID=2652) to work on /home/airflow/.local/lib/python3.12/site-packages/airflow/example_dags/example_params_ui_tutorial.py
[2025-09-29T14:54:45.565+0000] {processor.py:914} INFO - Processing file /home/airflow/.local/lib/python3.12/site-packages/airflow/example_dags/example_params_ui_tutorial.py for tasks to queue
[2025-09-29T14:54:45.566+0000] {logging_mixin.py:190} INFO - [2025-09-29T14:54:45.566+0000] {dagbag.py:588} INFO - Filling up the DagBag from /home/airflow/.local/lib/python3.12/site-packages/airflow/example_dags/example_params_ui_tutorial.py
[2025-09-29T14:54:45.571+0000] {processor.py:925} INFO - DAG(s) 'example_params_ui_tutorial' retrieved from /home/airflow/.local/lib/python3.12/site-packages/airflow/example_dags/example_params_ui_tutorial.py
[2025-09-29T14:54:45.588+0000] {logging_mixin.py:190} INFO - [2025-09-29T14:54:45.588+0000] {dag.py:3239} INFO - Sync 1 DAGs
[2025-09-29T14:54:45.595+0000] {logging_mixin.py:190} INFO - [2025-09-29T14:54:45.595+0000] {dag.py:4180} INFO - Setting next_dagrun for example_params_ui_tutorial to None, run_after=None
[2025-09-29T14:54:45.602+0000] {processor.py:208} INFO - Processing /home/airflow/.local/lib/python3.12/site-packages/airflow/example_dags/example_params_ui_tutorial.py took 0.041 seconds
[2025-09-29T14:55:16.004+0000] {processor.py:186} INFO - Started process (PID=2715) to work on /home/airflow/.local/lib/python3.12/site-packages/airflow/example_dags/example_params_ui_tutorial.py
[2025-09-29T14:55:16.005+0000] {processor.py:914} INFO - Processing file /home/airflow/.local/lib/python3.12/site-packages/airflow/example_dags/example_params_ui_tutorial.py for tasks to queue
[2025-09-29T14:55:16.005+0000] {logging_mixin.py:190} INFO - [2025-09-29T14:55:16.005+0000] {dagbag.py:588} INFO - Filling up the DagBag from /home/airflow/.local/lib/python3.12/site-packages/airflow/example_dags/example_params_ui_tutorial.py
[2025-09-29T14:55:16.009+0000] {processor.py:925} INFO - DAG(s) 'example_params_ui_tutorial' retrieved from /home/airflow/.local/lib/python3.12/site-packages/airflow/example_dags/example_params_ui_tutorial.py
[2025-09-29T14:55:16.028+0000] {logging_mixin.py:190} INFO - [2025-09-29T14:55:16.028+0000] {dag.py:3239} INFO - Sync 1 DAGs
[2025-09-29T14:55:16.035+0000] {logging_mixin.py:190} INFO - [2025-09-29T14:55:16.035+0000] {dag.py:4180} INFO - Setting next_dagrun for example_params_ui_tutorial to None, run_after=None
[2025-09-29T14:55:16.042+0000] {processor.py:208} INFO - Processing /home/airflow/.local/lib/python3.12/site-packages/airflow/example_dags/example_params_ui_tutorial.py took 0.041 seconds
[2025-09-29T14:55:46.419+0000] {processor.py:186} INFO - Started process (PID=2777) to work on /home/airflow/.local/lib/python3.12/site-packages/airflow/example_dags/example_params_ui_tutorial.py
[2025-09-29T14:55:46.419+0000] {processor.py:914} INFO - Processing file /home/airflow/.local/lib/python3.12/site-packages/airflow/example_dags/example_params_ui_tutorial.py for tasks to queue
[2025-09-29T14:55:46.420+0000] {logging_mixin.py:190} INFO - [2025-09-29T14:55:46.420+0000] {dagbag.py:588} INFO - Filling up the DagBag from /home/airflow/.local/lib/python3.12/site-packages/airflow/example_dags/example_params_ui_tutorial.py
[2025-09-29T14:55:46.425+0000] {processor.py:925} INFO - DAG(s) 'example_params_ui_tutorial' retrieved from /home/airflow/.local/lib/python3.12/site-packages/airflow/example_dags/example_params_ui_tutorial.py
[2025-09-29T14:55:46.442+0000] {logging_mixin.py:190} INFO - [2025-09-29T14:55:46.442+0000] {dag.py:3239} INFO - Sync 1 DAGs
[2025-09-29T14:55:46.449+0000] {logging_mixin.py:190} INFO - [2025-09-29T14:55:46.449+0000] {dag.py:4180} INFO - Setting next_dagrun for example_params_ui_tutorial to None, run_after=None
[2025-09-29T14:55:46.460+0000] {processor.py:208} INFO - Processing /home/airflow/.local/lib/python3.12/site-packages/airflow/example_dags/example_params_ui_tutorial.py took 0.043 seconds
[2025-09-29T14:56:16.959+0000] {processor.py:186} INFO - Started process (PID=2840) to work on /home/airflow/.local/lib/python3.12/site-packages/airflow/example_dags/example_params_ui_tutorial.py
[2025-09-29T14:56:16.959+0000] {processor.py:914} INFO - Processing file /home/airflow/.local/lib/python3.12/site-packages/airflow/example_dags/example_params_ui_tutorial.py for tasks to queue
[2025-09-29T14:56:16.960+0000] {logging_mixin.py:190} INFO - [2025-09-29T14:56:16.960+0000] {dagbag.py:588} INFO - Filling up the DagBag from /home/airflow/.local/lib/python3.12/site-packages/airflow/example_dags/example_params_ui_tutorial.py
[2025-09-29T14:56:16.965+0000] {processor.py:925} INFO - DAG(s) 'example_params_ui_tutorial' retrieved from /home/airflow/.local/lib/python3.12/site-packages/airflow/example_dags/example_params_ui_tutorial.py
[2025-09-29T14:56:16.986+0000] {logging_mixin.py:190} INFO - [2025-09-29T14:56:16.985+0000] {dag.py:3239} INFO - Sync 1 DAGs
[2025-09-29T14:56:17.001+0000] {logging_mixin.py:190} INFO - [2025-09-29T14:56:17.001+0000] {dag.py:4180} INFO - Setting next_dagrun for example_params_ui_tutorial to None, run_after=None
[2025-09-29T14:56:17.015+0000] {processor.py:208} INFO - Processing /home/airflow/.local/lib/python3.12/site-packages/airflow/example_dags/example_params_ui_tutorial.py took 0.060 seconds
[2025-09-29T14:56:47.355+0000] {processor.py:186} INFO - Started process (PID=2903) to work on /home/airflow/.local/lib/python3.12/site-packages/airflow/example_dags/example_params_ui_tutorial.py
[2025-09-29T14:56:47.356+0000] {processor.py:914} INFO - Processing file /home/airflow/.local/lib/python3.12/site-packages/airflow/example_dags/example_params_ui_tutorial.py for tasks to queue
[2025-09-29T14:56:47.356+0000] {logging_mixin.py:190} INFO - [2025-09-29T14:56:47.356+0000] {dagbag.py:588} INFO - Filling up the DagBag from /home/airflow/.local/lib/python3.12/site-packages/airflow/example_dags/example_params_ui_tutorial.py
[2025-09-29T14:56:47.361+0000] {processor.py:925} INFO - DAG(s) 'example_params_ui_tutorial' retrieved from /home/airflow/.local/lib/python3.12/site-packages/airflow/example_dags/example_params_ui_tutorial.py
[2025-09-29T14:56:47.380+0000] {logging_mixin.py:190} INFO - [2025-09-29T14:56:47.380+0000] {dag.py:3239} INFO - Sync 1 DAGs
[2025-09-29T14:56:47.387+0000] {logging_mixin.py:190} INFO - [2025-09-29T14:56:47.387+0000] {dag.py:4180} INFO - Setting next_dagrun for example_params_ui_tutorial to None, run_after=None
[2025-09-29T14:56:47.397+0000] {processor.py:208} INFO - Processing /home/airflow/.local/lib/python3.12/site-packages/airflow/example_dags/example_params_ui_tutorial.py took 0.045 seconds
[2025-09-29T14:57:17.910+0000] {processor.py:186} INFO - Started process (PID=2966) to work on /home/airflow/.local/lib/python3.12/site-packages/airflow/example_dags/example_params_ui_tutorial.py
[2025-09-29T14:57:17.914+0000] {processor.py:914} INFO - Processing file /home/airflow/.local/lib/python3.12/site-packages/airflow/example_dags/example_params_ui_tutorial.py for tasks to queue
[2025-09-29T14:57:17.915+0000] {logging_mixin.py:190} INFO - [2025-09-29T14:57:17.914+0000] {dagbag.py:588} INFO - Filling up the DagBag from /home/airflow/.local/lib/python3.12/site-packages/airflow/example_dags/example_params_ui_tutorial.py
[2025-09-29T14:57:17.919+0000] {processor.py:925} INFO - DAG(s) 'example_params_ui_tutorial' retrieved from /home/airflow/.local/lib/python3.12/site-packages/airflow/example_dags/example_params_ui_tutorial.py
[2025-09-29T14:57:17.938+0000] {logging_mixin.py:190} INFO - [2025-09-29T14:57:17.938+0000] {dag.py:3239} INFO - Sync 1 DAGs
[2025-09-29T14:57:17.945+0000] {logging_mixin.py:190} INFO - [2025-09-29T14:57:17.945+0000] {dag.py:4180} INFO - Setting next_dagrun for example_params_ui_tutorial to None, run_after=None
[2025-09-29T14:57:17.954+0000] {processor.py:208} INFO - Processing /home/airflow/.local/lib/python3.12/site-packages/airflow/example_dags/example_params_ui_tutorial.py took 0.046 seconds
[2025-09-29T14:57:48.580+0000] {processor.py:186} INFO - Started process (PID=3029) to work on /home/airflow/.local/lib/python3.12/site-packages/airflow/example_dags/example_params_ui_tutorial.py
[2025-09-29T14:57:48.581+0000] {processor.py:914} INFO - Processing file /home/airflow/.local/lib/python3.12/site-packages/airflow/example_dags/example_params_ui_tutorial.py for tasks to queue
[2025-09-29T14:57:48.582+0000] {logging_mixin.py:190} INFO - [2025-09-29T14:57:48.582+0000] {dagbag.py:588} INFO - Filling up the DagBag from /home/airflow/.local/lib/python3.12/site-packages/airflow/example_dags/example_params_ui_tutorial.py
[2025-09-29T14:57:48.589+0000] {processor.py:925} INFO - DAG(s) 'example_params_ui_tutorial' retrieved from /home/airflow/.local/lib/python3.12/site-packages/airflow/example_dags/example_params_ui_tutorial.py
[2025-09-29T14:57:48.610+0000] {logging_mixin.py:190} INFO - [2025-09-29T14:57:48.609+0000] {dag.py:3239} INFO - Sync 1 DAGs
[2025-09-29T14:57:48.617+0000] {logging_mixin.py:190} INFO - [2025-09-29T14:57:48.617+0000] {dag.py:4180} INFO - Setting next_dagrun for example_params_ui_tutorial to None, run_after=None
[2025-09-29T14:57:48.625+0000] {processor.py:208} INFO - Processing /home/airflow/.local/lib/python3.12/site-packages/airflow/example_dags/example_params_ui_tutorial.py took 0.047 seconds
[2025-09-29T14:58:19.275+0000] {processor.py:186} INFO - Started process (PID=3091) to work on /home/airflow/.local/lib/python3.12/site-packages/airflow/example_dags/example_params_ui_tutorial.py
[2025-09-29T14:58:19.276+0000] {processor.py:914} INFO - Processing file /home/airflow/.local/lib/python3.12/site-packages/airflow/example_dags/example_params_ui_tutorial.py for tasks to queue
[2025-09-29T14:58:19.278+0000] {logging_mixin.py:190} INFO - [2025-09-29T14:58:19.277+0000] {dagbag.py:588} INFO - Filling up the DagBag from /home/airflow/.local/lib/python3.12/site-packages/airflow/example_dags/example_params_ui_tutorial.py
[2025-09-29T14:58:19.284+0000] {processor.py:925} INFO - DAG(s) 'example_params_ui_tutorial' retrieved from /home/airflow/.local/lib/python3.12/site-packages/airflow/example_dags/example_params_ui_tutorial.py
[2025-09-29T14:58:19.307+0000] {logging_mixin.py:190} INFO - [2025-09-29T14:58:19.307+0000] {dag.py:3239} INFO - Sync 1 DAGs
[2025-09-29T14:58:19.317+0000] {logging_mixin.py:190} INFO - [2025-09-29T14:58:19.317+0000] {dag.py:4180} INFO - Setting next_dagrun for example_params_ui_tutorial to None, run_after=None
[2025-09-29T14:58:19.332+0000] {processor.py:208} INFO - Processing /home/airflow/.local/lib/python3.12/site-packages/airflow/example_dags/example_params_ui_tutorial.py took 0.059 seconds
[2025-09-29T14:58:49.939+0000] {processor.py:186} INFO - Started process (PID=3154) to work on /home/airflow/.local/lib/python3.12/site-packages/airflow/example_dags/example_params_ui_tutorial.py
[2025-09-29T14:58:49.940+0000] {processor.py:914} INFO - Processing file /home/airflow/.local/lib/python3.12/site-packages/airflow/example_dags/example_params_ui_tutorial.py for tasks to queue
[2025-09-29T14:58:49.941+0000] {logging_mixin.py:190} INFO - [2025-09-29T14:58:49.941+0000] {dagbag.py:588} INFO - Filling up the DagBag from /home/airflow/.local/lib/python3.12/site-packages/airflow/example_dags/example_params_ui_tutorial.py
[2025-09-29T14:58:49.946+0000] {processor.py:925} INFO - DAG(s) 'example_params_ui_tutorial' retrieved from /home/airflow/.local/lib/python3.12/site-packages/airflow/example_dags/example_params_ui_tutorial.py
[2025-09-29T14:58:49.968+0000] {logging_mixin.py:190} INFO - [2025-09-29T14:58:49.967+0000] {dag.py:3239} INFO - Sync 1 DAGs
[2025-09-29T14:58:49.976+0000] {logging_mixin.py:190} INFO - [2025-09-29T14:58:49.976+0000] {dag.py:4180} INFO - Setting next_dagrun for example_params_ui_tutorial to None, run_after=None
[2025-09-29T14:58:49.987+0000] {processor.py:208} INFO - Processing /home/airflow/.local/lib/python3.12/site-packages/airflow/example_dags/example_params_ui_tutorial.py took 0.050 seconds
[2025-09-29T14:59:20.559+0000] {processor.py:186} INFO - Started process (PID=3217) to work on /home/airflow/.local/lib/python3.12/site-packages/airflow/example_dags/example_params_ui_tutorial.py
[2025-09-29T14:59:20.559+0000] {processor.py:914} INFO - Processing file /home/airflow/.local/lib/python3.12/site-packages/airflow/example_dags/example_params_ui_tutorial.py for tasks to queue
[2025-09-29T14:59:20.560+0000] {logging_mixin.py:190} INFO - [2025-09-29T14:59:20.560+0000] {dagbag.py:588} INFO - Filling up the DagBag from /home/airflow/.local/lib/python3.12/site-packages/airflow/example_dags/example_params_ui_tutorial.py
[2025-09-29T14:59:20.564+0000] {processor.py:925} INFO - DAG(s) 'example_params_ui_tutorial' retrieved from /home/airflow/.local/lib/python3.12/site-packages/airflow/example_dags/example_params_ui_tutorial.py
[2025-09-29T14:59:20.582+0000] {logging_mixin.py:190} INFO - [2025-09-29T14:59:20.582+0000] {dag.py:3239} INFO - Sync 1 DAGs
[2025-09-29T14:59:20.588+0000] {logging_mixin.py:190} INFO - [2025-09-29T14:59:20.588+0000] {dag.py:4180} INFO - Setting next_dagrun for example_params_ui_tutorial to None, run_after=None
[2025-09-29T14:59:20.596+0000] {processor.py:208} INFO - Processing /home/airflow/.local/lib/python3.12/site-packages/airflow/example_dags/example_params_ui_tutorial.py took 0.040 seconds
[2025-09-29T14:59:51.070+0000] {processor.py:186} INFO - Started process (PID=3280) to work on /home/airflow/.local/lib/python3.12/site-packages/airflow/example_dags/example_params_ui_tutorial.py
[2025-09-29T14:59:51.071+0000] {processor.py:914} INFO - Processing file /home/airflow/.local/lib/python3.12/site-packages/airflow/example_dags/example_params_ui_tutorial.py for tasks to queue
[2025-09-29T14:59:51.071+0000] {logging_mixin.py:190} INFO - [2025-09-29T14:59:51.071+0000] {dagbag.py:588} INFO - Filling up the DagBag from /home/airflow/.local/lib/python3.12/site-packages/airflow/example_dags/example_params_ui_tutorial.py
[2025-09-29T14:59:51.077+0000] {processor.py:925} INFO - DAG(s) 'example_params_ui_tutorial' retrieved from /home/airflow/.local/lib/python3.12/site-packages/airflow/example_dags/example_params_ui_tutorial.py
[2025-09-29T14:59:51.098+0000] {logging_mixin.py:190} INFO - [2025-09-29T14:59:51.098+0000] {dag.py:3239} INFO - Sync 1 DAGs
[2025-09-29T14:59:51.107+0000] {logging_mixin.py:190} INFO - [2025-09-29T14:59:51.107+0000] {dag.py:4180} INFO - Setting next_dagrun for example_params_ui_tutorial to None, run_after=None
[2025-09-29T14:59:51.116+0000] {processor.py:208} INFO - Processing /home/airflow/.local/lib/python3.12/site-packages/airflow/example_dags/example_params_ui_tutorial.py took 0.050 seconds
[2025-09-29T15:00:21.703+0000] {processor.py:186} INFO - Started process (PID=3343) to work on /home/airflow/.local/lib/python3.12/site-packages/airflow/example_dags/example_params_ui_tutorial.py
[2025-09-29T15:00:21.704+0000] {processor.py:914} INFO - Processing file /home/airflow/.local/lib/python3.12/site-packages/airflow/example_dags/example_params_ui_tutorial.py for tasks to queue
[2025-09-29T15:00:21.704+0000] {logging_mixin.py:190} INFO - [2025-09-29T15:00:21.704+0000] {dagbag.py:588} INFO - Filling up the DagBag from /home/airflow/.local/lib/python3.12/site-packages/airflow/example_dags/example_params_ui_tutorial.py
[2025-09-29T15:00:21.709+0000] {processor.py:925} INFO - DAG(s) 'example_params_ui_tutorial' retrieved from /home/airflow/.local/lib/python3.12/site-packages/airflow/example_dags/example_params_ui_tutorial.py
[2025-09-29T15:00:21.728+0000] {logging_mixin.py:190} INFO - [2025-09-29T15:00:21.728+0000] {dag.py:3239} INFO - Sync 1 DAGs
[2025-09-29T15:00:21.734+0000] {logging_mixin.py:190} INFO - [2025-09-29T15:00:21.734+0000] {dag.py:4180} INFO - Setting next_dagrun for example_params_ui_tutorial to None, run_after=None
[2025-09-29T15:00:21.742+0000] {processor.py:208} INFO - Processing /home/airflow/.local/lib/python3.12/site-packages/airflow/example_dags/example_params_ui_tutorial.py took 0.042 seconds
[2025-09-29T15:00:52.282+0000] {processor.py:186} INFO - Started process (PID=3406) to work on /home/airflow/.local/lib/python3.12/site-packages/airflow/example_dags/example_params_ui_tutorial.py
[2025-09-29T15:00:52.282+0000] {processor.py:914} INFO - Processing file /home/airflow/.local/lib/python3.12/site-packages/airflow/example_dags/example_params_ui_tutorial.py for tasks to queue
[2025-09-29T15:00:52.283+0000] {logging_mixin.py:190} INFO - [2025-09-29T15:00:52.283+0000] {dagbag.py:588} INFO - Filling up the DagBag from /home/airflow/.local/lib/python3.12/site-packages/airflow/example_dags/example_params_ui_tutorial.py
[2025-09-29T15:00:52.288+0000] {processor.py:925} INFO - DAG(s) 'example_params_ui_tutorial' retrieved from /home/airflow/.local/lib/python3.12/site-packages/airflow/example_dags/example_params_ui_tutorial.py
[2025-09-29T15:00:52.306+0000] {logging_mixin.py:190} INFO - [2025-09-29T15:00:52.305+0000] {dag.py:3239} INFO - Sync 1 DAGs
[2025-09-29T15:00:52.312+0000] {logging_mixin.py:190} INFO - [2025-09-29T15:00:52.312+0000] {dag.py:4180} INFO - Setting next_dagrun for example_params_ui_tutorial to None, run_after=None
[2025-09-29T15:00:52.319+0000] {processor.py:208} INFO - Processing /home/airflow/.local/lib/python3.12/site-packages/airflow/example_dags/example_params_ui_tutorial.py took 0.040 seconds
[2025-09-29T15:01:22.878+0000] {processor.py:186} INFO - Started process (PID=3469) to work on /home/airflow/.local/lib/python3.12/site-packages/airflow/example_dags/example_params_ui_tutorial.py
[2025-09-29T15:01:22.879+0000] {processor.py:914} INFO - Processing file /home/airflow/.local/lib/python3.12/site-packages/airflow/example_dags/example_params_ui_tutorial.py for tasks to queue
[2025-09-29T15:01:22.880+0000] {logging_mixin.py:190} INFO - [2025-09-29T15:01:22.880+0000] {dagbag.py:588} INFO - Filling up the DagBag from /home/airflow/.local/lib/python3.12/site-packages/airflow/example_dags/example_params_ui_tutorial.py
[2025-09-29T15:01:22.886+0000] {processor.py:925} INFO - DAG(s) 'example_params_ui_tutorial' retrieved from /home/airflow/.local/lib/python3.12/site-packages/airflow/example_dags/example_params_ui_tutorial.py
[2025-09-29T15:01:22.910+0000] {logging_mixin.py:190} INFO - [2025-09-29T15:01:22.909+0000] {dag.py:3239} INFO - Sync 1 DAGs
[2025-09-29T15:01:22.917+0000] {logging_mixin.py:190} INFO - [2025-09-29T15:01:22.917+0000] {dag.py:4180} INFO - Setting next_dagrun for example_params_ui_tutorial to None, run_after=None
[2025-09-29T15:01:22.927+0000] {processor.py:208} INFO - Processing /home/airflow/.local/lib/python3.12/site-packages/airflow/example_dags/example_params_ui_tutorial.py took 0.052 seconds
[2025-09-29T15:01:53.414+0000] {processor.py:186} INFO - Started process (PID=3532) to work on /home/airflow/.local/lib/python3.12/site-packages/airflow/example_dags/example_params_ui_tutorial.py
[2025-09-29T15:01:53.415+0000] {processor.py:914} INFO - Processing file /home/airflow/.local/lib/python3.12/site-packages/airflow/example_dags/example_params_ui_tutorial.py for tasks to queue
[2025-09-29T15:01:53.417+0000] {logging_mixin.py:190} INFO - [2025-09-29T15:01:53.417+0000] {dagbag.py:588} INFO - Filling up the DagBag from /home/airflow/.local/lib/python3.12/site-packages/airflow/example_dags/example_params_ui_tutorial.py
[2025-09-29T15:01:53.423+0000] {processor.py:925} INFO - DAG(s) 'example_params_ui_tutorial' retrieved from /home/airflow/.local/lib/python3.12/site-packages/airflow/example_dags/example_params_ui_tutorial.py
[2025-09-29T15:01:53.444+0000] {logging_mixin.py:190} INFO - [2025-09-29T15:01:53.444+0000] {dag.py:3239} INFO - Sync 1 DAGs
[2025-09-29T15:01:53.451+0000] {logging_mixin.py:190} INFO - [2025-09-29T15:01:53.451+0000] {dag.py:4180} INFO - Setting next_dagrun for example_params_ui_tutorial to None, run_after=None
[2025-09-29T15:01:53.461+0000] {processor.py:208} INFO - Processing /home/airflow/.local/lib/python3.12/site-packages/airflow/example_dags/example_params_ui_tutorial.py took 0.050 seconds
[2025-09-29T15:02:24.001+0000] {processor.py:186} INFO - Started process (PID=3595) to work on /home/airflow/.local/lib/python3.12/site-packages/airflow/example_dags/example_params_ui_tutorial.py
[2025-09-29T15:02:24.002+0000] {processor.py:914} INFO - Processing file /home/airflow/.local/lib/python3.12/site-packages/airflow/example_dags/example_params_ui_tutorial.py for tasks to queue
[2025-09-29T15:02:24.003+0000] {logging_mixin.py:190} INFO - [2025-09-29T15:02:24.003+0000] {dagbag.py:588} INFO - Filling up the DagBag from /home/airflow/.local/lib/python3.12/site-packages/airflow/example_dags/example_params_ui_tutorial.py
[2025-09-29T15:02:24.007+0000] {processor.py:925} INFO - DAG(s) 'example_params_ui_tutorial' retrieved from /home/airflow/.local/lib/python3.12/site-packages/airflow/example_dags/example_params_ui_tutorial.py
[2025-09-29T15:02:24.031+0000] {logging_mixin.py:190} INFO - [2025-09-29T15:02:24.031+0000] {dag.py:3239} INFO - Sync 1 DAGs
[2025-09-29T15:02:24.040+0000] {logging_mixin.py:190} INFO - [2025-09-29T15:02:24.040+0000] {dag.py:4180} INFO - Setting next_dagrun for example_params_ui_tutorial to None, run_after=None
[2025-09-29T15:02:24.051+0000] {processor.py:208} INFO - Processing /home/airflow/.local/lib/python3.12/site-packages/airflow/example_dags/example_params_ui_tutorial.py took 0.054 seconds
