[2025-09-29T14:34:31.192+0000] {processor.py:186} INFO - Started process (PID=102) to work on /home/airflow/.local/lib/python3.12/site-packages/airflow/example_dags/example_xcomargs.py
[2025-09-29T14:34:31.194+0000] {processor.py:914} INFO - Processing file /home/airflow/.local/lib/python3.12/site-packages/airflow/example_dags/example_xcomargs.py for tasks to queue
[2025-09-29T14:34:31.196+0000] {logging_mixin.py:190} INFO - [2025-09-29T14:34:31.196+0000] {dagbag.py:588} INFO - Filling up the DagBag from /home/airflow/.local/lib/python3.12/site-packages/airflow/example_dags/example_xcomargs.py
[2025-09-29T14:34:31.207+0000] {processor.py:925} INFO - DAG(s) 'example_xcom_args', 'example_xcom_args_with_operators' retrieved from /home/airflow/.local/lib/python3.12/site-packages/airflow/example_dags/example_xcomargs.py
[2025-09-29T14:34:31.224+0000] {logging_mixin.py:190} INFO - [2025-09-29T14:34:31.223+0000] {dag.py:3239} INFO - Sync 2 DAGs
[2025-09-29T14:34:31.238+0000] {logging_mixin.py:190} INFO - [2025-09-29T14:34:31.238+0000] {dag.py:4180} INFO - Setting next_dagrun for example_xcom_args to None, run_after=None
[2025-09-29T14:34:31.241+0000] {logging_mixin.py:190} INFO - [2025-09-29T14:34:31.240+0000] {dag.py:4180} INFO - Setting next_dagrun for example_xcom_args_with_operators to None, run_after=None
[2025-09-29T14:34:31.257+0000] {processor.py:208} INFO - Processing /home/airflow/.local/lib/python3.12/site-packages/airflow/example_dags/example_xcomargs.py took 0.069 seconds
[2025-09-29T14:35:01.736+0000] {processor.py:186} INFO - Started process (PID=166) to work on /home/airflow/.local/lib/python3.12/site-packages/airflow/example_dags/example_xcomargs.py
[2025-09-29T14:35:01.737+0000] {processor.py:914} INFO - Processing file /home/airflow/.local/lib/python3.12/site-packages/airflow/example_dags/example_xcomargs.py for tasks to queue
[2025-09-29T14:35:01.738+0000] {logging_mixin.py:190} INFO - [2025-09-29T14:35:01.738+0000] {dagbag.py:588} INFO - Filling up the DagBag from /home/airflow/.local/lib/python3.12/site-packages/airflow/example_dags/example_xcomargs.py
[2025-09-29T14:35:01.743+0000] {processor.py:925} INFO - DAG(s) 'example_xcom_args_with_operators', 'example_xcom_args' retrieved from /home/airflow/.local/lib/python3.12/site-packages/airflow/example_dags/example_xcomargs.py
[2025-09-29T14:35:01.755+0000] {logging_mixin.py:190} INFO - [2025-09-29T14:35:01.754+0000] {dag.py:3239} INFO - Sync 2 DAGs
[2025-09-29T14:35:01.762+0000] {logging_mixin.py:190} INFO - [2025-09-29T14:35:01.762+0000] {dag.py:4180} INFO - Setting next_dagrun for example_xcom_args to None, run_after=None
[2025-09-29T14:35:01.765+0000] {logging_mixin.py:190} INFO - [2025-09-29T14:35:01.764+0000] {dag.py:4180} INFO - Setting next_dagrun for example_xcom_args_with_operators to None, run_after=None
[2025-09-29T14:35:01.772+0000] {processor.py:208} INFO - Processing /home/airflow/.local/lib/python3.12/site-packages/airflow/example_dags/example_xcomargs.py took 0.040 seconds
[2025-09-29T14:35:32.005+0000] {processor.py:186} INFO - Started process (PID=230) to work on /home/airflow/.local/lib/python3.12/site-packages/airflow/example_dags/example_xcomargs.py
[2025-09-29T14:35:32.008+0000] {processor.py:914} INFO - Processing file /home/airflow/.local/lib/python3.12/site-packages/airflow/example_dags/example_xcomargs.py for tasks to queue
[2025-09-29T14:35:32.009+0000] {logging_mixin.py:190} INFO - [2025-09-29T14:35:32.009+0000] {dagbag.py:588} INFO - Filling up the DagBag from /home/airflow/.local/lib/python3.12/site-packages/airflow/example_dags/example_xcomargs.py
[2025-09-29T14:35:32.015+0000] {processor.py:925} INFO - DAG(s) 'example_xcom_args_with_operators', 'example_xcom_args' retrieved from /home/airflow/.local/lib/python3.12/site-packages/airflow/example_dags/example_xcomargs.py
[2025-09-29T14:35:32.027+0000] {logging_mixin.py:190} INFO - [2025-09-29T14:35:32.027+0000] {dag.py:3239} INFO - Sync 2 DAGs
[2025-09-29T14:35:32.036+0000] {logging_mixin.py:190} INFO - [2025-09-29T14:35:32.036+0000] {dag.py:4180} INFO - Setting next_dagrun for example_xcom_args to None, run_after=None
[2025-09-29T14:35:32.038+0000] {logging_mixin.py:190} INFO - [2025-09-29T14:35:32.038+0000] {dag.py:4180} INFO - Setting next_dagrun for example_xcom_args_with_operators to None, run_after=None
[2025-09-29T14:35:32.046+0000] {processor.py:208} INFO - Processing /home/airflow/.local/lib/python3.12/site-packages/airflow/example_dags/example_xcomargs.py took 0.045 seconds
[2025-09-29T14:36:02.256+0000] {processor.py:186} INFO - Started process (PID=295) to work on /home/airflow/.local/lib/python3.12/site-packages/airflow/example_dags/example_xcomargs.py
[2025-09-29T14:36:02.257+0000] {processor.py:914} INFO - Processing file /home/airflow/.local/lib/python3.12/site-packages/airflow/example_dags/example_xcomargs.py for tasks to queue
[2025-09-29T14:36:02.259+0000] {logging_mixin.py:190} INFO - [2025-09-29T14:36:02.259+0000] {dagbag.py:588} INFO - Filling up the DagBag from /home/airflow/.local/lib/python3.12/site-packages/airflow/example_dags/example_xcomargs.py
[2025-09-29T14:36:02.265+0000] {processor.py:925} INFO - DAG(s) 'example_xcom_args', 'example_xcom_args_with_operators' retrieved from /home/airflow/.local/lib/python3.12/site-packages/airflow/example_dags/example_xcomargs.py
[2025-09-29T14:36:02.280+0000] {logging_mixin.py:190} INFO - [2025-09-29T14:36:02.280+0000] {dag.py:3239} INFO - Sync 2 DAGs
[2025-09-29T14:36:02.287+0000] {logging_mixin.py:190} INFO - [2025-09-29T14:36:02.287+0000] {dag.py:4180} INFO - Setting next_dagrun for example_xcom_args to None, run_after=None
[2025-09-29T14:36:02.291+0000] {logging_mixin.py:190} INFO - [2025-09-29T14:36:02.291+0000] {dag.py:4180} INFO - Setting next_dagrun for example_xcom_args_with_operators to None, run_after=None
[2025-09-29T14:36:02.304+0000] {processor.py:208} INFO - Processing /home/airflow/.local/lib/python3.12/site-packages/airflow/example_dags/example_xcomargs.py took 0.051 seconds
[2025-09-29T14:36:32.395+0000] {processor.py:186} INFO - Started process (PID=359) to work on /home/airflow/.local/lib/python3.12/site-packages/airflow/example_dags/example_xcomargs.py
[2025-09-29T14:36:32.397+0000] {processor.py:914} INFO - Processing file /home/airflow/.local/lib/python3.12/site-packages/airflow/example_dags/example_xcomargs.py for tasks to queue
[2025-09-29T14:36:32.399+0000] {logging_mixin.py:190} INFO - [2025-09-29T14:36:32.399+0000] {dagbag.py:588} INFO - Filling up the DagBag from /home/airflow/.local/lib/python3.12/site-packages/airflow/example_dags/example_xcomargs.py
[2025-09-29T14:36:32.405+0000] {processor.py:925} INFO - DAG(s) 'example_xcom_args_with_operators', 'example_xcom_args' retrieved from /home/airflow/.local/lib/python3.12/site-packages/airflow/example_dags/example_xcomargs.py
[2025-09-29T14:36:32.422+0000] {logging_mixin.py:190} INFO - [2025-09-29T14:36:32.422+0000] {dag.py:3239} INFO - Sync 2 DAGs
[2025-09-29T14:36:32.429+0000] {logging_mixin.py:190} INFO - [2025-09-29T14:36:32.429+0000] {dag.py:4180} INFO - Setting next_dagrun for example_xcom_args to None, run_after=None
[2025-09-29T14:36:32.431+0000] {logging_mixin.py:190} INFO - [2025-09-29T14:36:32.431+0000] {dag.py:4180} INFO - Setting next_dagrun for example_xcom_args_with_operators to None, run_after=None
[2025-09-29T14:36:32.438+0000] {processor.py:208} INFO - Processing /home/airflow/.local/lib/python3.12/site-packages/airflow/example_dags/example_xcomargs.py took 0.046 seconds
[2025-09-29T14:37:02.607+0000] {processor.py:186} INFO - Started process (PID=421) to work on /home/airflow/.local/lib/python3.12/site-packages/airflow/example_dags/example_xcomargs.py
[2025-09-29T14:37:02.607+0000] {processor.py:914} INFO - Processing file /home/airflow/.local/lib/python3.12/site-packages/airflow/example_dags/example_xcomargs.py for tasks to queue
[2025-09-29T14:37:02.609+0000] {logging_mixin.py:190} INFO - [2025-09-29T14:37:02.609+0000] {dagbag.py:588} INFO - Filling up the DagBag from /home/airflow/.local/lib/python3.12/site-packages/airflow/example_dags/example_xcomargs.py
[2025-09-29T14:37:02.614+0000] {processor.py:925} INFO - DAG(s) 'example_xcom_args', 'example_xcom_args_with_operators' retrieved from /home/airflow/.local/lib/python3.12/site-packages/airflow/example_dags/example_xcomargs.py
[2025-09-29T14:37:02.629+0000] {logging_mixin.py:190} INFO - [2025-09-29T14:37:02.629+0000] {dag.py:3239} INFO - Sync 2 DAGs
[2025-09-29T14:37:02.636+0000] {logging_mixin.py:190} INFO - [2025-09-29T14:37:02.636+0000] {dag.py:4180} INFO - Setting next_dagrun for example_xcom_args to None, run_after=None
[2025-09-29T14:37:02.638+0000] {logging_mixin.py:190} INFO - [2025-09-29T14:37:02.638+0000] {dag.py:4180} INFO - Setting next_dagrun for example_xcom_args_with_operators to None, run_after=None
[2025-09-29T14:37:02.646+0000] {processor.py:208} INFO - Processing /home/airflow/.local/lib/python3.12/site-packages/airflow/example_dags/example_xcomargs.py took 0.042 seconds
[2025-09-29T14:37:33.000+0000] {processor.py:186} INFO - Started process (PID=485) to work on /home/airflow/.local/lib/python3.12/site-packages/airflow/example_dags/example_xcomargs.py
[2025-09-29T14:37:33.001+0000] {processor.py:914} INFO - Processing file /home/airflow/.local/lib/python3.12/site-packages/airflow/example_dags/example_xcomargs.py for tasks to queue
[2025-09-29T14:37:33.003+0000] {logging_mixin.py:190} INFO - [2025-09-29T14:37:33.003+0000] {dagbag.py:588} INFO - Filling up the DagBag from /home/airflow/.local/lib/python3.12/site-packages/airflow/example_dags/example_xcomargs.py
[2025-09-29T14:37:33.011+0000] {processor.py:925} INFO - DAG(s) 'example_xcom_args_with_operators', 'example_xcom_args' retrieved from /home/airflow/.local/lib/python3.12/site-packages/airflow/example_dags/example_xcomargs.py
[2025-09-29T14:37:33.024+0000] {logging_mixin.py:190} INFO - [2025-09-29T14:37:33.024+0000] {dag.py:3239} INFO - Sync 2 DAGs
[2025-09-29T14:37:33.031+0000] {logging_mixin.py:190} INFO - [2025-09-29T14:37:33.031+0000] {dag.py:4180} INFO - Setting next_dagrun for example_xcom_args to None, run_after=None
[2025-09-29T14:37:33.033+0000] {logging_mixin.py:190} INFO - [2025-09-29T14:37:33.033+0000] {dag.py:4180} INFO - Setting next_dagrun for example_xcom_args_with_operators to None, run_after=None
[2025-09-29T14:37:33.044+0000] {processor.py:208} INFO - Processing /home/airflow/.local/lib/python3.12/site-packages/airflow/example_dags/example_xcomargs.py took 0.047 seconds
[2025-09-29T14:38:03.430+0000] {processor.py:186} INFO - Started process (PID=549) to work on /home/airflow/.local/lib/python3.12/site-packages/airflow/example_dags/example_xcomargs.py
[2025-09-29T14:38:03.430+0000] {processor.py:914} INFO - Processing file /home/airflow/.local/lib/python3.12/site-packages/airflow/example_dags/example_xcomargs.py for tasks to queue
[2025-09-29T14:38:03.432+0000] {logging_mixin.py:190} INFO - [2025-09-29T14:38:03.431+0000] {dagbag.py:588} INFO - Filling up the DagBag from /home/airflow/.local/lib/python3.12/site-packages/airflow/example_dags/example_xcomargs.py
[2025-09-29T14:38:03.436+0000] {processor.py:925} INFO - DAG(s) 'example_xcom_args_with_operators', 'example_xcom_args' retrieved from /home/airflow/.local/lib/python3.12/site-packages/airflow/example_dags/example_xcomargs.py
[2025-09-29T14:38:03.454+0000] {logging_mixin.py:190} INFO - [2025-09-29T14:38:03.454+0000] {dag.py:3239} INFO - Sync 2 DAGs
[2025-09-29T14:38:03.462+0000] {logging_mixin.py:190} INFO - [2025-09-29T14:38:03.461+0000] {dag.py:4180} INFO - Setting next_dagrun for example_xcom_args to None, run_after=None
[2025-09-29T14:38:03.464+0000] {logging_mixin.py:190} INFO - [2025-09-29T14:38:03.463+0000] {dag.py:4180} INFO - Setting next_dagrun for example_xcom_args_with_operators to None, run_after=None
[2025-09-29T14:38:03.479+0000] {processor.py:208} INFO - Processing /home/airflow/.local/lib/python3.12/site-packages/airflow/example_dags/example_xcomargs.py took 0.053 seconds
[2025-09-29T14:38:33.803+0000] {processor.py:186} INFO - Started process (PID=621) to work on /home/airflow/.local/lib/python3.12/site-packages/airflow/example_dags/example_xcomargs.py
[2025-09-29T14:38:33.806+0000] {processor.py:914} INFO - Processing file /home/airflow/.local/lib/python3.12/site-packages/airflow/example_dags/example_xcomargs.py for tasks to queue
[2025-09-29T14:38:33.807+0000] {logging_mixin.py:190} INFO - [2025-09-29T14:38:33.807+0000] {dagbag.py:588} INFO - Filling up the DagBag from /home/airflow/.local/lib/python3.12/site-packages/airflow/example_dags/example_xcomargs.py
[2025-09-29T14:38:33.812+0000] {processor.py:925} INFO - DAG(s) 'example_xcom_args_with_operators', 'example_xcom_args' retrieved from /home/airflow/.local/lib/python3.12/site-packages/airflow/example_dags/example_xcomargs.py
[2025-09-29T14:38:33.832+0000] {logging_mixin.py:190} INFO - [2025-09-29T14:38:33.832+0000] {dag.py:3239} INFO - Sync 2 DAGs
[2025-09-29T14:38:33.839+0000] {logging_mixin.py:190} INFO - [2025-09-29T14:38:33.839+0000] {dag.py:4180} INFO - Setting next_dagrun for example_xcom_args to None, run_after=None
[2025-09-29T14:38:33.843+0000] {logging_mixin.py:190} INFO - [2025-09-29T14:38:33.842+0000] {dag.py:4180} INFO - Setting next_dagrun for example_xcom_args_with_operators to None, run_after=None
[2025-09-29T14:38:33.854+0000] {processor.py:208} INFO - Processing /home/airflow/.local/lib/python3.12/site-packages/airflow/example_dags/example_xcomargs.py took 0.054 seconds
[2025-09-29T14:39:04.316+0000] {processor.py:186} INFO - Started process (PID=684) to work on /home/airflow/.local/lib/python3.12/site-packages/airflow/example_dags/example_xcomargs.py
[2025-09-29T14:39:04.317+0000] {processor.py:914} INFO - Processing file /home/airflow/.local/lib/python3.12/site-packages/airflow/example_dags/example_xcomargs.py for tasks to queue
[2025-09-29T14:39:04.318+0000] {logging_mixin.py:190} INFO - [2025-09-29T14:39:04.318+0000] {dagbag.py:588} INFO - Filling up the DagBag from /home/airflow/.local/lib/python3.12/site-packages/airflow/example_dags/example_xcomargs.py
[2025-09-29T14:39:04.324+0000] {processor.py:925} INFO - DAG(s) 'example_xcom_args', 'example_xcom_args_with_operators' retrieved from /home/airflow/.local/lib/python3.12/site-packages/airflow/example_dags/example_xcomargs.py
[2025-09-29T14:39:04.336+0000] {logging_mixin.py:190} INFO - [2025-09-29T14:39:04.336+0000] {dag.py:3239} INFO - Sync 2 DAGs
[2025-09-29T14:39:04.345+0000] {logging_mixin.py:190} INFO - [2025-09-29T14:39:04.345+0000] {dag.py:4180} INFO - Setting next_dagrun for example_xcom_args to None, run_after=None
[2025-09-29T14:39:04.347+0000] {logging_mixin.py:190} INFO - [2025-09-29T14:39:04.347+0000] {dag.py:4180} INFO - Setting next_dagrun for example_xcom_args_with_operators to None, run_after=None
[2025-09-29T14:39:04.358+0000] {processor.py:208} INFO - Processing /home/airflow/.local/lib/python3.12/site-packages/airflow/example_dags/example_xcomargs.py took 0.045 seconds
[2025-09-29T14:39:34.891+0000] {processor.py:186} INFO - Started process (PID=747) to work on /home/airflow/.local/lib/python3.12/site-packages/airflow/example_dags/example_xcomargs.py
[2025-09-29T14:39:34.892+0000] {processor.py:914} INFO - Processing file /home/airflow/.local/lib/python3.12/site-packages/airflow/example_dags/example_xcomargs.py for tasks to queue
[2025-09-29T14:39:34.894+0000] {logging_mixin.py:190} INFO - [2025-09-29T14:39:34.893+0000] {dagbag.py:588} INFO - Filling up the DagBag from /home/airflow/.local/lib/python3.12/site-packages/airflow/example_dags/example_xcomargs.py
[2025-09-29T14:39:34.899+0000] {processor.py:925} INFO - DAG(s) 'example_xcom_args', 'example_xcom_args_with_operators' retrieved from /home/airflow/.local/lib/python3.12/site-packages/airflow/example_dags/example_xcomargs.py
[2025-09-29T14:39:34.916+0000] {logging_mixin.py:190} INFO - [2025-09-29T14:39:34.915+0000] {dag.py:3239} INFO - Sync 2 DAGs
[2025-09-29T14:39:34.924+0000] {logging_mixin.py:190} INFO - [2025-09-29T14:39:34.924+0000] {dag.py:4180} INFO - Setting next_dagrun for example_xcom_args to None, run_after=None
[2025-09-29T14:39:34.927+0000] {logging_mixin.py:190} INFO - [2025-09-29T14:39:34.927+0000] {dag.py:4180} INFO - Setting next_dagrun for example_xcom_args_with_operators to None, run_after=None
[2025-09-29T14:39:34.941+0000] {processor.py:208} INFO - Processing /home/airflow/.local/lib/python3.12/site-packages/airflow/example_dags/example_xcomargs.py took 0.053 seconds
[2025-09-29T14:40:05.284+0000] {processor.py:186} INFO - Started process (PID=811) to work on /home/airflow/.local/lib/python3.12/site-packages/airflow/example_dags/example_xcomargs.py
[2025-09-29T14:40:05.285+0000] {processor.py:914} INFO - Processing file /home/airflow/.local/lib/python3.12/site-packages/airflow/example_dags/example_xcomargs.py for tasks to queue
[2025-09-29T14:40:05.286+0000] {logging_mixin.py:190} INFO - [2025-09-29T14:40:05.286+0000] {dagbag.py:588} INFO - Filling up the DagBag from /home/airflow/.local/lib/python3.12/site-packages/airflow/example_dags/example_xcomargs.py
[2025-09-29T14:40:05.291+0000] {processor.py:925} INFO - DAG(s) 'example_xcom_args_with_operators', 'example_xcom_args' retrieved from /home/airflow/.local/lib/python3.12/site-packages/airflow/example_dags/example_xcomargs.py
[2025-09-29T14:40:05.309+0000] {logging_mixin.py:190} INFO - [2025-09-29T14:40:05.309+0000] {dag.py:3239} INFO - Sync 2 DAGs
[2025-09-29T14:40:05.317+0000] {logging_mixin.py:190} INFO - [2025-09-29T14:40:05.317+0000] {dag.py:4180} INFO - Setting next_dagrun for example_xcom_args to None, run_after=None
[2025-09-29T14:40:05.319+0000] {logging_mixin.py:190} INFO - [2025-09-29T14:40:05.319+0000] {dag.py:4180} INFO - Setting next_dagrun for example_xcom_args_with_operators to None, run_after=None
[2025-09-29T14:40:05.332+0000] {processor.py:208} INFO - Processing /home/airflow/.local/lib/python3.12/site-packages/airflow/example_dags/example_xcomargs.py took 0.051 seconds
[2025-09-29T14:40:35.707+0000] {processor.py:186} INFO - Started process (PID=874) to work on /home/airflow/.local/lib/python3.12/site-packages/airflow/example_dags/example_xcomargs.py
[2025-09-29T14:40:35.708+0000] {processor.py:914} INFO - Processing file /home/airflow/.local/lib/python3.12/site-packages/airflow/example_dags/example_xcomargs.py for tasks to queue
[2025-09-29T14:40:35.709+0000] {logging_mixin.py:190} INFO - [2025-09-29T14:40:35.709+0000] {dagbag.py:588} INFO - Filling up the DagBag from /home/airflow/.local/lib/python3.12/site-packages/airflow/example_dags/example_xcomargs.py
[2025-09-29T14:40:35.714+0000] {processor.py:925} INFO - DAG(s) 'example_xcom_args', 'example_xcom_args_with_operators' retrieved from /home/airflow/.local/lib/python3.12/site-packages/airflow/example_dags/example_xcomargs.py
[2025-09-29T14:40:35.731+0000] {logging_mixin.py:190} INFO - [2025-09-29T14:40:35.731+0000] {dag.py:3239} INFO - Sync 2 DAGs
[2025-09-29T14:40:35.740+0000] {logging_mixin.py:190} INFO - [2025-09-29T14:40:35.740+0000] {dag.py:4180} INFO - Setting next_dagrun for example_xcom_args to None, run_after=None
[2025-09-29T14:40:35.744+0000] {logging_mixin.py:190} INFO - [2025-09-29T14:40:35.743+0000] {dag.py:4180} INFO - Setting next_dagrun for example_xcom_args_with_operators to None, run_after=None
[2025-09-29T14:40:35.757+0000] {processor.py:208} INFO - Processing /home/airflow/.local/lib/python3.12/site-packages/airflow/example_dags/example_xcomargs.py took 0.053 seconds
[2025-09-29T14:41:05.960+0000] {processor.py:186} INFO - Started process (PID=940) to work on /home/airflow/.local/lib/python3.12/site-packages/airflow/example_dags/example_xcomargs.py
[2025-09-29T14:41:05.960+0000] {processor.py:914} INFO - Processing file /home/airflow/.local/lib/python3.12/site-packages/airflow/example_dags/example_xcomargs.py for tasks to queue
[2025-09-29T14:41:05.962+0000] {logging_mixin.py:190} INFO - [2025-09-29T14:41:05.962+0000] {dagbag.py:588} INFO - Filling up the DagBag from /home/airflow/.local/lib/python3.12/site-packages/airflow/example_dags/example_xcomargs.py
[2025-09-29T14:41:05.967+0000] {processor.py:925} INFO - DAG(s) 'example_xcom_args', 'example_xcom_args_with_operators' retrieved from /home/airflow/.local/lib/python3.12/site-packages/airflow/example_dags/example_xcomargs.py
[2025-09-29T14:41:05.985+0000] {logging_mixin.py:190} INFO - [2025-09-29T14:41:05.985+0000] {dag.py:3239} INFO - Sync 2 DAGs
[2025-09-29T14:41:05.993+0000] {logging_mixin.py:190} INFO - [2025-09-29T14:41:05.993+0000] {dag.py:4180} INFO - Setting next_dagrun for example_xcom_args to None, run_after=None
[2025-09-29T14:41:05.996+0000] {logging_mixin.py:190} INFO - [2025-09-29T14:41:05.996+0000] {dag.py:4180} INFO - Setting next_dagrun for example_xcom_args_with_operators to None, run_after=None
[2025-09-29T14:41:06.005+0000] {processor.py:208} INFO - Processing /home/airflow/.local/lib/python3.12/site-packages/airflow/example_dags/example_xcomargs.py took 0.049 seconds
[2025-09-29T14:41:36.472+0000] {processor.py:186} INFO - Started process (PID=1004) to work on /home/airflow/.local/lib/python3.12/site-packages/airflow/example_dags/example_xcomargs.py
[2025-09-29T14:41:36.473+0000] {processor.py:914} INFO - Processing file /home/airflow/.local/lib/python3.12/site-packages/airflow/example_dags/example_xcomargs.py for tasks to queue
[2025-09-29T14:41:36.474+0000] {logging_mixin.py:190} INFO - [2025-09-29T14:41:36.474+0000] {dagbag.py:588} INFO - Filling up the DagBag from /home/airflow/.local/lib/python3.12/site-packages/airflow/example_dags/example_xcomargs.py
[2025-09-29T14:41:36.479+0000] {processor.py:925} INFO - DAG(s) 'example_xcom_args_with_operators', 'example_xcom_args' retrieved from /home/airflow/.local/lib/python3.12/site-packages/airflow/example_dags/example_xcomargs.py
[2025-09-29T14:41:36.493+0000] {logging_mixin.py:190} INFO - [2025-09-29T14:41:36.492+0000] {dag.py:3239} INFO - Sync 2 DAGs
[2025-09-29T14:41:36.502+0000] {logging_mixin.py:190} INFO - [2025-09-29T14:41:36.501+0000] {dag.py:4180} INFO - Setting next_dagrun for example_xcom_args to None, run_after=None
[2025-09-29T14:41:36.504+0000] {logging_mixin.py:190} INFO - [2025-09-29T14:41:36.504+0000] {dag.py:4180} INFO - Setting next_dagrun for example_xcom_args_with_operators to None, run_after=None
[2025-09-29T14:41:36.514+0000] {processor.py:208} INFO - Processing /home/airflow/.local/lib/python3.12/site-packages/airflow/example_dags/example_xcomargs.py took 0.045 seconds
[2025-09-29T14:42:06.899+0000] {processor.py:186} INFO - Started process (PID=1069) to work on /home/airflow/.local/lib/python3.12/site-packages/airflow/example_dags/example_xcomargs.py
[2025-09-29T14:42:06.901+0000] {processor.py:914} INFO - Processing file /home/airflow/.local/lib/python3.12/site-packages/airflow/example_dags/example_xcomargs.py for tasks to queue
[2025-09-29T14:42:06.903+0000] {logging_mixin.py:190} INFO - [2025-09-29T14:42:06.903+0000] {dagbag.py:588} INFO - Filling up the DagBag from /home/airflow/.local/lib/python3.12/site-packages/airflow/example_dags/example_xcomargs.py
[2025-09-29T14:42:06.909+0000] {processor.py:925} INFO - DAG(s) 'example_xcom_args', 'example_xcom_args_with_operators' retrieved from /home/airflow/.local/lib/python3.12/site-packages/airflow/example_dags/example_xcomargs.py
[2025-09-29T14:42:06.922+0000] {logging_mixin.py:190} INFO - [2025-09-29T14:42:06.922+0000] {dag.py:3239} INFO - Sync 2 DAGs
[2025-09-29T14:42:06.930+0000] {logging_mixin.py:190} INFO - [2025-09-29T14:42:06.930+0000] {dag.py:4180} INFO - Setting next_dagrun for example_xcom_args to None, run_after=None
[2025-09-29T14:42:06.932+0000] {logging_mixin.py:190} INFO - [2025-09-29T14:42:06.932+0000] {dag.py:4180} INFO - Setting next_dagrun for example_xcom_args_with_operators to None, run_after=None
[2025-09-29T14:42:06.945+0000] {processor.py:208} INFO - Processing /home/airflow/.local/lib/python3.12/site-packages/airflow/example_dags/example_xcomargs.py took 0.049 seconds
[2025-09-29T14:42:37.209+0000] {processor.py:186} INFO - Started process (PID=1133) to work on /home/airflow/.local/lib/python3.12/site-packages/airflow/example_dags/example_xcomargs.py
[2025-09-29T14:42:37.209+0000] {processor.py:914} INFO - Processing file /home/airflow/.local/lib/python3.12/site-packages/airflow/example_dags/example_xcomargs.py for tasks to queue
[2025-09-29T14:42:37.211+0000] {logging_mixin.py:190} INFO - [2025-09-29T14:42:37.210+0000] {dagbag.py:588} INFO - Filling up the DagBag from /home/airflow/.local/lib/python3.12/site-packages/airflow/example_dags/example_xcomargs.py
[2025-09-29T14:42:37.217+0000] {processor.py:925} INFO - DAG(s) 'example_xcom_args_with_operators', 'example_xcom_args' retrieved from /home/airflow/.local/lib/python3.12/site-packages/airflow/example_dags/example_xcomargs.py
[2025-09-29T14:42:37.230+0000] {logging_mixin.py:190} INFO - [2025-09-29T14:42:37.230+0000] {dag.py:3239} INFO - Sync 2 DAGs
[2025-09-29T14:42:37.238+0000] {logging_mixin.py:190} INFO - [2025-09-29T14:42:37.238+0000] {dag.py:4180} INFO - Setting next_dagrun for example_xcom_args to None, run_after=None
[2025-09-29T14:42:37.241+0000] {logging_mixin.py:190} INFO - [2025-09-29T14:42:37.241+0000] {dag.py:4180} INFO - Setting next_dagrun for example_xcom_args_with_operators to None, run_after=None
[2025-09-29T14:42:37.255+0000] {processor.py:208} INFO - Processing /home/airflow/.local/lib/python3.12/site-packages/airflow/example_dags/example_xcomargs.py took 0.050 seconds
[2025-09-29T14:43:07.551+0000] {processor.py:186} INFO - Started process (PID=1197) to work on /home/airflow/.local/lib/python3.12/site-packages/airflow/example_dags/example_xcomargs.py
[2025-09-29T14:43:07.554+0000] {processor.py:914} INFO - Processing file /home/airflow/.local/lib/python3.12/site-packages/airflow/example_dags/example_xcomargs.py for tasks to queue
[2025-09-29T14:43:07.555+0000] {logging_mixin.py:190} INFO - [2025-09-29T14:43:07.555+0000] {dagbag.py:588} INFO - Filling up the DagBag from /home/airflow/.local/lib/python3.12/site-packages/airflow/example_dags/example_xcomargs.py
[2025-09-29T14:43:07.560+0000] {processor.py:925} INFO - DAG(s) 'example_xcom_args_with_operators', 'example_xcom_args' retrieved from /home/airflow/.local/lib/python3.12/site-packages/airflow/example_dags/example_xcomargs.py
[2025-09-29T14:43:07.574+0000] {logging_mixin.py:190} INFO - [2025-09-29T14:43:07.574+0000] {dag.py:3239} INFO - Sync 2 DAGs
[2025-09-29T14:43:07.580+0000] {logging_mixin.py:190} INFO - [2025-09-29T14:43:07.580+0000] {dag.py:4180} INFO - Setting next_dagrun for example_xcom_args to None, run_after=None
[2025-09-29T14:43:07.582+0000] {logging_mixin.py:190} INFO - [2025-09-29T14:43:07.582+0000] {dag.py:4180} INFO - Setting next_dagrun for example_xcom_args_with_operators to None, run_after=None
[2025-09-29T14:43:07.592+0000] {processor.py:208} INFO - Processing /home/airflow/.local/lib/python3.12/site-packages/airflow/example_dags/example_xcomargs.py took 0.045 seconds
[2025-09-29T14:43:37.703+0000] {processor.py:186} INFO - Started process (PID=1261) to work on /home/airflow/.local/lib/python3.12/site-packages/airflow/example_dags/example_xcomargs.py
[2025-09-29T14:43:37.704+0000] {processor.py:914} INFO - Processing file /home/airflow/.local/lib/python3.12/site-packages/airflow/example_dags/example_xcomargs.py for tasks to queue
[2025-09-29T14:43:37.706+0000] {logging_mixin.py:190} INFO - [2025-09-29T14:43:37.706+0000] {dagbag.py:588} INFO - Filling up the DagBag from /home/airflow/.local/lib/python3.12/site-packages/airflow/example_dags/example_xcomargs.py
[2025-09-29T14:43:37.712+0000] {processor.py:925} INFO - DAG(s) 'example_xcom_args', 'example_xcom_args_with_operators' retrieved from /home/airflow/.local/lib/python3.12/site-packages/airflow/example_dags/example_xcomargs.py
[2025-09-29T14:43:37.724+0000] {logging_mixin.py:190} INFO - [2025-09-29T14:43:37.724+0000] {dag.py:3239} INFO - Sync 2 DAGs
[2025-09-29T14:43:37.733+0000] {logging_mixin.py:190} INFO - [2025-09-29T14:43:37.733+0000] {dag.py:4180} INFO - Setting next_dagrun for example_xcom_args to None, run_after=None
[2025-09-29T14:43:37.735+0000] {logging_mixin.py:190} INFO - [2025-09-29T14:43:37.735+0000] {dag.py:4180} INFO - Setting next_dagrun for example_xcom_args_with_operators to None, run_after=None
[2025-09-29T14:43:37.744+0000] {processor.py:208} INFO - Processing /home/airflow/.local/lib/python3.12/site-packages/airflow/example_dags/example_xcomargs.py took 0.044 seconds
[2025-09-29T14:44:08.560+0000] {processor.py:186} INFO - Started process (PID=1325) to work on /home/airflow/.local/lib/python3.12/site-packages/airflow/example_dags/example_xcomargs.py
[2025-09-29T14:44:08.563+0000] {processor.py:914} INFO - Processing file /home/airflow/.local/lib/python3.12/site-packages/airflow/example_dags/example_xcomargs.py for tasks to queue
[2025-09-29T14:44:08.565+0000] {logging_mixin.py:190} INFO - [2025-09-29T14:44:08.565+0000] {dagbag.py:588} INFO - Filling up the DagBag from /home/airflow/.local/lib/python3.12/site-packages/airflow/example_dags/example_xcomargs.py
[2025-09-29T14:44:08.570+0000] {processor.py:925} INFO - DAG(s) 'example_xcom_args', 'example_xcom_args_with_operators' retrieved from /home/airflow/.local/lib/python3.12/site-packages/airflow/example_dags/example_xcomargs.py
[2025-09-29T14:44:08.587+0000] {logging_mixin.py:190} INFO - [2025-09-29T14:44:08.587+0000] {dag.py:3239} INFO - Sync 2 DAGs
[2025-09-29T14:44:08.595+0000] {logging_mixin.py:190} INFO - [2025-09-29T14:44:08.595+0000] {dag.py:4180} INFO - Setting next_dagrun for example_xcom_args to None, run_after=None
[2025-09-29T14:44:08.597+0000] {logging_mixin.py:190} INFO - [2025-09-29T14:44:08.597+0000] {dag.py:4180} INFO - Setting next_dagrun for example_xcom_args_with_operators to None, run_after=None
[2025-09-29T14:44:08.609+0000] {processor.py:208} INFO - Processing /home/airflow/.local/lib/python3.12/site-packages/airflow/example_dags/example_xcomargs.py took 0.052 seconds
[2025-09-29T14:44:38.953+0000] {processor.py:186} INFO - Started process (PID=1388) to work on /home/airflow/.local/lib/python3.12/site-packages/airflow/example_dags/example_xcomargs.py
[2025-09-29T14:44:38.954+0000] {processor.py:914} INFO - Processing file /home/airflow/.local/lib/python3.12/site-packages/airflow/example_dags/example_xcomargs.py for tasks to queue
[2025-09-29T14:44:38.956+0000] {logging_mixin.py:190} INFO - [2025-09-29T14:44:38.956+0000] {dagbag.py:588} INFO - Filling up the DagBag from /home/airflow/.local/lib/python3.12/site-packages/airflow/example_dags/example_xcomargs.py
[2025-09-29T14:44:38.961+0000] {processor.py:925} INFO - DAG(s) 'example_xcom_args_with_operators', 'example_xcom_args' retrieved from /home/airflow/.local/lib/python3.12/site-packages/airflow/example_dags/example_xcomargs.py
[2025-09-29T14:44:38.978+0000] {logging_mixin.py:190} INFO - [2025-09-29T14:44:38.978+0000] {dag.py:3239} INFO - Sync 2 DAGs
[2025-09-29T14:44:38.986+0000] {logging_mixin.py:190} INFO - [2025-09-29T14:44:38.986+0000] {dag.py:4180} INFO - Setting next_dagrun for example_xcom_args to None, run_after=None
[2025-09-29T14:44:38.989+0000] {logging_mixin.py:190} INFO - [2025-09-29T14:44:38.989+0000] {dag.py:4180} INFO - Setting next_dagrun for example_xcom_args_with_operators to None, run_after=None
[2025-09-29T14:44:39.001+0000] {processor.py:208} INFO - Processing /home/airflow/.local/lib/python3.12/site-packages/airflow/example_dags/example_xcomargs.py took 0.051 seconds
[2025-09-29T14:45:09.319+0000] {processor.py:186} INFO - Started process (PID=1452) to work on /home/airflow/.local/lib/python3.12/site-packages/airflow/example_dags/example_xcomargs.py
[2025-09-29T14:45:09.321+0000] {processor.py:914} INFO - Processing file /home/airflow/.local/lib/python3.12/site-packages/airflow/example_dags/example_xcomargs.py for tasks to queue
[2025-09-29T14:45:09.323+0000] {logging_mixin.py:190} INFO - [2025-09-29T14:45:09.323+0000] {dagbag.py:588} INFO - Filling up the DagBag from /home/airflow/.local/lib/python3.12/site-packages/airflow/example_dags/example_xcomargs.py
[2025-09-29T14:45:09.329+0000] {processor.py:925} INFO - DAG(s) 'example_xcom_args', 'example_xcom_args_with_operators' retrieved from /home/airflow/.local/lib/python3.12/site-packages/airflow/example_dags/example_xcomargs.py
[2025-09-29T14:45:09.349+0000] {logging_mixin.py:190} INFO - [2025-09-29T14:45:09.349+0000] {dag.py:3239} INFO - Sync 2 DAGs
[2025-09-29T14:45:09.356+0000] {logging_mixin.py:190} INFO - [2025-09-29T14:45:09.356+0000] {dag.py:4180} INFO - Setting next_dagrun for example_xcom_args to None, run_after=None
[2025-09-29T14:45:09.360+0000] {logging_mixin.py:190} INFO - [2025-09-29T14:45:09.360+0000] {dag.py:4180} INFO - Setting next_dagrun for example_xcom_args_with_operators to None, run_after=None
[2025-09-29T14:45:09.369+0000] {processor.py:208} INFO - Processing /home/airflow/.local/lib/python3.12/site-packages/airflow/example_dags/example_xcomargs.py took 0.053 seconds
[2025-09-29T14:45:39.835+0000] {processor.py:186} INFO - Started process (PID=1516) to work on /home/airflow/.local/lib/python3.12/site-packages/airflow/example_dags/example_xcomargs.py
[2025-09-29T14:45:39.836+0000] {processor.py:914} INFO - Processing file /home/airflow/.local/lib/python3.12/site-packages/airflow/example_dags/example_xcomargs.py for tasks to queue
[2025-09-29T14:45:39.837+0000] {logging_mixin.py:190} INFO - [2025-09-29T14:45:39.837+0000] {dagbag.py:588} INFO - Filling up the DagBag from /home/airflow/.local/lib/python3.12/site-packages/airflow/example_dags/example_xcomargs.py
[2025-09-29T14:45:39.842+0000] {processor.py:925} INFO - DAG(s) 'example_xcom_args_with_operators', 'example_xcom_args' retrieved from /home/airflow/.local/lib/python3.12/site-packages/airflow/example_dags/example_xcomargs.py
[2025-09-29T14:45:39.854+0000] {logging_mixin.py:190} INFO - [2025-09-29T14:45:39.854+0000] {dag.py:3239} INFO - Sync 2 DAGs
[2025-09-29T14:45:39.862+0000] {logging_mixin.py:190} INFO - [2025-09-29T14:45:39.862+0000] {dag.py:4180} INFO - Setting next_dagrun for example_xcom_args to None, run_after=None
[2025-09-29T14:45:39.867+0000] {logging_mixin.py:190} INFO - [2025-09-29T14:45:39.867+0000] {dag.py:4180} INFO - Setting next_dagrun for example_xcom_args_with_operators to None, run_after=None
[2025-09-29T14:45:39.879+0000] {processor.py:208} INFO - Processing /home/airflow/.local/lib/python3.12/site-packages/airflow/example_dags/example_xcomargs.py took 0.047 seconds
[2025-09-29T14:46:10.454+0000] {processor.py:186} INFO - Started process (PID=1580) to work on /home/airflow/.local/lib/python3.12/site-packages/airflow/example_dags/example_xcomargs.py
[2025-09-29T14:46:10.454+0000] {processor.py:914} INFO - Processing file /home/airflow/.local/lib/python3.12/site-packages/airflow/example_dags/example_xcomargs.py for tasks to queue
[2025-09-29T14:46:10.456+0000] {logging_mixin.py:190} INFO - [2025-09-29T14:46:10.456+0000] {dagbag.py:588} INFO - Filling up the DagBag from /home/airflow/.local/lib/python3.12/site-packages/airflow/example_dags/example_xcomargs.py
[2025-09-29T14:46:10.461+0000] {processor.py:925} INFO - DAG(s) 'example_xcom_args', 'example_xcom_args_with_operators' retrieved from /home/airflow/.local/lib/python3.12/site-packages/airflow/example_dags/example_xcomargs.py
[2025-09-29T14:46:10.475+0000] {logging_mixin.py:190} INFO - [2025-09-29T14:46:10.475+0000] {dag.py:3239} INFO - Sync 2 DAGs
[2025-09-29T14:46:10.485+0000] {logging_mixin.py:190} INFO - [2025-09-29T14:46:10.485+0000] {dag.py:4180} INFO - Setting next_dagrun for example_xcom_args to None, run_after=None
[2025-09-29T14:46:10.487+0000] {logging_mixin.py:190} INFO - [2025-09-29T14:46:10.487+0000] {dag.py:4180} INFO - Setting next_dagrun for example_xcom_args_with_operators to None, run_after=None
[2025-09-29T14:46:10.500+0000] {processor.py:208} INFO - Processing /home/airflow/.local/lib/python3.12/site-packages/airflow/example_dags/example_xcomargs.py took 0.050 seconds
[2025-09-29T14:46:40.946+0000] {processor.py:186} INFO - Started process (PID=1644) to work on /home/airflow/.local/lib/python3.12/site-packages/airflow/example_dags/example_xcomargs.py
[2025-09-29T14:46:40.949+0000] {processor.py:914} INFO - Processing file /home/airflow/.local/lib/python3.12/site-packages/airflow/example_dags/example_xcomargs.py for tasks to queue
[2025-09-29T14:46:40.950+0000] {logging_mixin.py:190} INFO - [2025-09-29T14:46:40.950+0000] {dagbag.py:588} INFO - Filling up the DagBag from /home/airflow/.local/lib/python3.12/site-packages/airflow/example_dags/example_xcomargs.py
[2025-09-29T14:46:40.956+0000] {processor.py:925} INFO - DAG(s) 'example_xcom_args_with_operators', 'example_xcom_args' retrieved from /home/airflow/.local/lib/python3.12/site-packages/airflow/example_dags/example_xcomargs.py
[2025-09-29T14:46:40.969+0000] {logging_mixin.py:190} INFO - [2025-09-29T14:46:40.969+0000] {dag.py:3239} INFO - Sync 2 DAGs
[2025-09-29T14:46:40.976+0000] {logging_mixin.py:190} INFO - [2025-09-29T14:46:40.975+0000] {dag.py:4180} INFO - Setting next_dagrun for example_xcom_args to None, run_after=None
[2025-09-29T14:46:40.977+0000] {logging_mixin.py:190} INFO - [2025-09-29T14:46:40.977+0000] {dag.py:4180} INFO - Setting next_dagrun for example_xcom_args_with_operators to None, run_after=None
[2025-09-29T14:46:40.992+0000] {processor.py:208} INFO - Processing /home/airflow/.local/lib/python3.12/site-packages/airflow/example_dags/example_xcomargs.py took 0.050 seconds
[2025-09-29T14:47:11.410+0000] {processor.py:186} INFO - Started process (PID=1708) to work on /home/airflow/.local/lib/python3.12/site-packages/airflow/example_dags/example_xcomargs.py
[2025-09-29T14:47:11.411+0000] {processor.py:914} INFO - Processing file /home/airflow/.local/lib/python3.12/site-packages/airflow/example_dags/example_xcomargs.py for tasks to queue
[2025-09-29T14:47:11.412+0000] {logging_mixin.py:190} INFO - [2025-09-29T14:47:11.412+0000] {dagbag.py:588} INFO - Filling up the DagBag from /home/airflow/.local/lib/python3.12/site-packages/airflow/example_dags/example_xcomargs.py
[2025-09-29T14:47:11.421+0000] {processor.py:925} INFO - DAG(s) 'example_xcom_args', 'example_xcom_args_with_operators' retrieved from /home/airflow/.local/lib/python3.12/site-packages/airflow/example_dags/example_xcomargs.py
[2025-09-29T14:47:11.441+0000] {logging_mixin.py:190} INFO - [2025-09-29T14:47:11.441+0000] {dag.py:3239} INFO - Sync 2 DAGs
[2025-09-29T14:47:11.451+0000] {logging_mixin.py:190} INFO - [2025-09-29T14:47:11.451+0000] {dag.py:4180} INFO - Setting next_dagrun for example_xcom_args to None, run_after=None
[2025-09-29T14:47:11.455+0000] {logging_mixin.py:190} INFO - [2025-09-29T14:47:11.454+0000] {dag.py:4180} INFO - Setting next_dagrun for example_xcom_args_with_operators to None, run_after=None
[2025-09-29T14:47:11.464+0000] {processor.py:208} INFO - Processing /home/airflow/.local/lib/python3.12/site-packages/airflow/example_dags/example_xcomargs.py took 0.057 seconds
[2025-09-29T14:47:41.716+0000] {processor.py:186} INFO - Started process (PID=1772) to work on /home/airflow/.local/lib/python3.12/site-packages/airflow/example_dags/example_xcomargs.py
[2025-09-29T14:47:41.718+0000] {processor.py:914} INFO - Processing file /home/airflow/.local/lib/python3.12/site-packages/airflow/example_dags/example_xcomargs.py for tasks to queue
[2025-09-29T14:47:41.723+0000] {logging_mixin.py:190} INFO - [2025-09-29T14:47:41.723+0000] {dagbag.py:588} INFO - Filling up the DagBag from /home/airflow/.local/lib/python3.12/site-packages/airflow/example_dags/example_xcomargs.py
[2025-09-29T14:47:41.728+0000] {processor.py:925} INFO - DAG(s) 'example_xcom_args', 'example_xcom_args_with_operators' retrieved from /home/airflow/.local/lib/python3.12/site-packages/airflow/example_dags/example_xcomargs.py
[2025-09-29T14:47:41.742+0000] {logging_mixin.py:190} INFO - [2025-09-29T14:47:41.742+0000] {dag.py:3239} INFO - Sync 2 DAGs
[2025-09-29T14:47:41.750+0000] {logging_mixin.py:190} INFO - [2025-09-29T14:47:41.750+0000] {dag.py:4180} INFO - Setting next_dagrun for example_xcom_args to None, run_after=None
[2025-09-29T14:47:41.752+0000] {logging_mixin.py:190} INFO - [2025-09-29T14:47:41.752+0000] {dag.py:4180} INFO - Setting next_dagrun for example_xcom_args_with_operators to None, run_after=None
[2025-09-29T14:47:41.761+0000] {processor.py:208} INFO - Processing /home/airflow/.local/lib/python3.12/site-packages/airflow/example_dags/example_xcomargs.py took 0.048 seconds
[2025-09-29T14:48:12.230+0000] {processor.py:186} INFO - Started process (PID=1836) to work on /home/airflow/.local/lib/python3.12/site-packages/airflow/example_dags/example_xcomargs.py
[2025-09-29T14:48:12.231+0000] {processor.py:914} INFO - Processing file /home/airflow/.local/lib/python3.12/site-packages/airflow/example_dags/example_xcomargs.py for tasks to queue
[2025-09-29T14:48:12.233+0000] {logging_mixin.py:190} INFO - [2025-09-29T14:48:12.233+0000] {dagbag.py:588} INFO - Filling up the DagBag from /home/airflow/.local/lib/python3.12/site-packages/airflow/example_dags/example_xcomargs.py
[2025-09-29T14:48:12.238+0000] {processor.py:925} INFO - DAG(s) 'example_xcom_args_with_operators', 'example_xcom_args' retrieved from /home/airflow/.local/lib/python3.12/site-packages/airflow/example_dags/example_xcomargs.py
[2025-09-29T14:48:12.254+0000] {logging_mixin.py:190} INFO - [2025-09-29T14:48:12.253+0000] {dag.py:3239} INFO - Sync 2 DAGs
[2025-09-29T14:48:12.262+0000] {logging_mixin.py:190} INFO - [2025-09-29T14:48:12.262+0000] {dag.py:4180} INFO - Setting next_dagrun for example_xcom_args to None, run_after=None
[2025-09-29T14:48:12.265+0000] {logging_mixin.py:190} INFO - [2025-09-29T14:48:12.265+0000] {dag.py:4180} INFO - Setting next_dagrun for example_xcom_args_with_operators to None, run_after=None
[2025-09-29T14:48:12.278+0000] {processor.py:208} INFO - Processing /home/airflow/.local/lib/python3.12/site-packages/airflow/example_dags/example_xcomargs.py took 0.051 seconds
[2025-09-29T14:48:42.432+0000] {processor.py:186} INFO - Started process (PID=1901) to work on /home/airflow/.local/lib/python3.12/site-packages/airflow/example_dags/example_xcomargs.py
[2025-09-29T14:48:42.433+0000] {processor.py:914} INFO - Processing file /home/airflow/.local/lib/python3.12/site-packages/airflow/example_dags/example_xcomargs.py for tasks to queue
[2025-09-29T14:48:42.434+0000] {logging_mixin.py:190} INFO - [2025-09-29T14:48:42.434+0000] {dagbag.py:588} INFO - Filling up the DagBag from /home/airflow/.local/lib/python3.12/site-packages/airflow/example_dags/example_xcomargs.py
[2025-09-29T14:48:42.439+0000] {processor.py:925} INFO - DAG(s) 'example_xcom_args_with_operators', 'example_xcom_args' retrieved from /home/airflow/.local/lib/python3.12/site-packages/airflow/example_dags/example_xcomargs.py
[2025-09-29T14:48:42.452+0000] {logging_mixin.py:190} INFO - [2025-09-29T14:48:42.452+0000] {dag.py:3239} INFO - Sync 2 DAGs
[2025-09-29T14:48:42.460+0000] {logging_mixin.py:190} INFO - [2025-09-29T14:48:42.460+0000] {dag.py:4180} INFO - Setting next_dagrun for example_xcom_args to None, run_after=None
[2025-09-29T14:48:42.464+0000] {logging_mixin.py:190} INFO - [2025-09-29T14:48:42.464+0000] {dag.py:4180} INFO - Setting next_dagrun for example_xcom_args_with_operators to None, run_after=None
[2025-09-29T14:48:42.474+0000] {processor.py:208} INFO - Processing /home/airflow/.local/lib/python3.12/site-packages/airflow/example_dags/example_xcomargs.py took 0.045 seconds
[2025-09-29T14:49:12.690+0000] {processor.py:186} INFO - Started process (PID=1964) to work on /home/airflow/.local/lib/python3.12/site-packages/airflow/example_dags/example_xcomargs.py
[2025-09-29T14:49:12.690+0000] {processor.py:914} INFO - Processing file /home/airflow/.local/lib/python3.12/site-packages/airflow/example_dags/example_xcomargs.py for tasks to queue
[2025-09-29T14:49:12.693+0000] {logging_mixin.py:190} INFO - [2025-09-29T14:49:12.692+0000] {dagbag.py:588} INFO - Filling up the DagBag from /home/airflow/.local/lib/python3.12/site-packages/airflow/example_dags/example_xcomargs.py
[2025-09-29T14:49:12.702+0000] {processor.py:925} INFO - DAG(s) 'example_xcom_args', 'example_xcom_args_with_operators' retrieved from /home/airflow/.local/lib/python3.12/site-packages/airflow/example_dags/example_xcomargs.py
[2025-09-29T14:49:12.715+0000] {logging_mixin.py:190} INFO - [2025-09-29T14:49:12.715+0000] {dag.py:3239} INFO - Sync 2 DAGs
[2025-09-29T14:49:12.723+0000] {logging_mixin.py:190} INFO - [2025-09-29T14:49:12.722+0000] {dag.py:4180} INFO - Setting next_dagrun for example_xcom_args to None, run_after=None
[2025-09-29T14:49:12.725+0000] {logging_mixin.py:190} INFO - [2025-09-29T14:49:12.725+0000] {dag.py:4180} INFO - Setting next_dagrun for example_xcom_args_with_operators to None, run_after=None
[2025-09-29T14:49:12.732+0000] {processor.py:208} INFO - Processing /home/airflow/.local/lib/python3.12/site-packages/airflow/example_dags/example_xcomargs.py took 0.047 seconds
[2025-09-29T14:49:43.178+0000] {processor.py:186} INFO - Started process (PID=2028) to work on /home/airflow/.local/lib/python3.12/site-packages/airflow/example_dags/example_xcomargs.py
[2025-09-29T14:49:43.180+0000] {processor.py:914} INFO - Processing file /home/airflow/.local/lib/python3.12/site-packages/airflow/example_dags/example_xcomargs.py for tasks to queue
[2025-09-29T14:49:43.182+0000] {logging_mixin.py:190} INFO - [2025-09-29T14:49:43.182+0000] {dagbag.py:588} INFO - Filling up the DagBag from /home/airflow/.local/lib/python3.12/site-packages/airflow/example_dags/example_xcomargs.py
[2025-09-29T14:49:43.188+0000] {processor.py:925} INFO - DAG(s) 'example_xcom_args_with_operators', 'example_xcom_args' retrieved from /home/airflow/.local/lib/python3.12/site-packages/airflow/example_dags/example_xcomargs.py
[2025-09-29T14:49:43.201+0000] {logging_mixin.py:190} INFO - [2025-09-29T14:49:43.201+0000] {dag.py:3239} INFO - Sync 2 DAGs
[2025-09-29T14:49:43.208+0000] {logging_mixin.py:190} INFO - [2025-09-29T14:49:43.208+0000] {dag.py:4180} INFO - Setting next_dagrun for example_xcom_args to None, run_after=None
[2025-09-29T14:49:43.210+0000] {logging_mixin.py:190} INFO - [2025-09-29T14:49:43.210+0000] {dag.py:4180} INFO - Setting next_dagrun for example_xcom_args_with_operators to None, run_after=None
[2025-09-29T14:49:43.226+0000] {processor.py:208} INFO - Processing /home/airflow/.local/lib/python3.12/site-packages/airflow/example_dags/example_xcomargs.py took 0.052 seconds
[2025-09-29T14:50:13.434+0000] {processor.py:186} INFO - Started process (PID=2092) to work on /home/airflow/.local/lib/python3.12/site-packages/airflow/example_dags/example_xcomargs.py
[2025-09-29T14:50:13.435+0000] {processor.py:914} INFO - Processing file /home/airflow/.local/lib/python3.12/site-packages/airflow/example_dags/example_xcomargs.py for tasks to queue
[2025-09-29T14:50:13.436+0000] {logging_mixin.py:190} INFO - [2025-09-29T14:50:13.436+0000] {dagbag.py:588} INFO - Filling up the DagBag from /home/airflow/.local/lib/python3.12/site-packages/airflow/example_dags/example_xcomargs.py
[2025-09-29T14:50:13.442+0000] {processor.py:925} INFO - DAG(s) 'example_xcom_args', 'example_xcom_args_with_operators' retrieved from /home/airflow/.local/lib/python3.12/site-packages/airflow/example_dags/example_xcomargs.py
[2025-09-29T14:50:13.455+0000] {logging_mixin.py:190} INFO - [2025-09-29T14:50:13.455+0000] {dag.py:3239} INFO - Sync 2 DAGs
[2025-09-29T14:50:13.466+0000] {logging_mixin.py:190} INFO - [2025-09-29T14:50:13.466+0000] {dag.py:4180} INFO - Setting next_dagrun for example_xcom_args to None, run_after=None
[2025-09-29T14:50:13.469+0000] {logging_mixin.py:190} INFO - [2025-09-29T14:50:13.469+0000] {dag.py:4180} INFO - Setting next_dagrun for example_xcom_args_with_operators to None, run_after=None
[2025-09-29T14:50:13.479+0000] {processor.py:208} INFO - Processing /home/airflow/.local/lib/python3.12/site-packages/airflow/example_dags/example_xcomargs.py took 0.048 seconds
[2025-09-29T14:50:43.748+0000] {processor.py:186} INFO - Started process (PID=2156) to work on /home/airflow/.local/lib/python3.12/site-packages/airflow/example_dags/example_xcomargs.py
[2025-09-29T14:50:43.749+0000] {processor.py:914} INFO - Processing file /home/airflow/.local/lib/python3.12/site-packages/airflow/example_dags/example_xcomargs.py for tasks to queue
[2025-09-29T14:50:43.751+0000] {logging_mixin.py:190} INFO - [2025-09-29T14:50:43.751+0000] {dagbag.py:588} INFO - Filling up the DagBag from /home/airflow/.local/lib/python3.12/site-packages/airflow/example_dags/example_xcomargs.py
[2025-09-29T14:50:43.756+0000] {processor.py:925} INFO - DAG(s) 'example_xcom_args', 'example_xcom_args_with_operators' retrieved from /home/airflow/.local/lib/python3.12/site-packages/airflow/example_dags/example_xcomargs.py
[2025-09-29T14:50:43.771+0000] {logging_mixin.py:190} INFO - [2025-09-29T14:50:43.771+0000] {dag.py:3239} INFO - Sync 2 DAGs
[2025-09-29T14:50:43.779+0000] {logging_mixin.py:190} INFO - [2025-09-29T14:50:43.779+0000] {dag.py:4180} INFO - Setting next_dagrun for example_xcom_args to None, run_after=None
[2025-09-29T14:50:43.781+0000] {logging_mixin.py:190} INFO - [2025-09-29T14:50:43.781+0000] {dag.py:4180} INFO - Setting next_dagrun for example_xcom_args_with_operators to None, run_after=None
[2025-09-29T14:50:43.791+0000] {processor.py:208} INFO - Processing /home/airflow/.local/lib/python3.12/site-packages/airflow/example_dags/example_xcomargs.py took 0.046 seconds
[2025-09-29T14:51:14.005+0000] {processor.py:186} INFO - Started process (PID=2220) to work on /home/airflow/.local/lib/python3.12/site-packages/airflow/example_dags/example_xcomargs.py
[2025-09-29T14:51:14.006+0000] {processor.py:914} INFO - Processing file /home/airflow/.local/lib/python3.12/site-packages/airflow/example_dags/example_xcomargs.py for tasks to queue
[2025-09-29T14:51:14.008+0000] {logging_mixin.py:190} INFO - [2025-09-29T14:51:14.008+0000] {dagbag.py:588} INFO - Filling up the DagBag from /home/airflow/.local/lib/python3.12/site-packages/airflow/example_dags/example_xcomargs.py
[2025-09-29T14:51:14.015+0000] {processor.py:925} INFO - DAG(s) 'example_xcom_args', 'example_xcom_args_with_operators' retrieved from /home/airflow/.local/lib/python3.12/site-packages/airflow/example_dags/example_xcomargs.py
[2025-09-29T14:51:14.032+0000] {logging_mixin.py:190} INFO - [2025-09-29T14:51:14.032+0000] {dag.py:3239} INFO - Sync 2 DAGs
[2025-09-29T14:51:14.043+0000] {logging_mixin.py:190} INFO - [2025-09-29T14:51:14.043+0000] {dag.py:4180} INFO - Setting next_dagrun for example_xcom_args to None, run_after=None
[2025-09-29T14:51:14.045+0000] {logging_mixin.py:190} INFO - [2025-09-29T14:51:14.045+0000] {dag.py:4180} INFO - Setting next_dagrun for example_xcom_args_with_operators to None, run_after=None
[2025-09-29T14:51:14.058+0000] {processor.py:208} INFO - Processing /home/airflow/.local/lib/python3.12/site-packages/airflow/example_dags/example_xcomargs.py took 0.057 seconds
[2025-09-29T14:51:44.445+0000] {processor.py:186} INFO - Started process (PID=2284) to work on /home/airflow/.local/lib/python3.12/site-packages/airflow/example_dags/example_xcomargs.py
[2025-09-29T14:51:44.445+0000] {processor.py:914} INFO - Processing file /home/airflow/.local/lib/python3.12/site-packages/airflow/example_dags/example_xcomargs.py for tasks to queue
[2025-09-29T14:51:44.447+0000] {logging_mixin.py:190} INFO - [2025-09-29T14:51:44.447+0000] {dagbag.py:588} INFO - Filling up the DagBag from /home/airflow/.local/lib/python3.12/site-packages/airflow/example_dags/example_xcomargs.py
[2025-09-29T14:51:44.453+0000] {processor.py:925} INFO - DAG(s) 'example_xcom_args', 'example_xcom_args_with_operators' retrieved from /home/airflow/.local/lib/python3.12/site-packages/airflow/example_dags/example_xcomargs.py
[2025-09-29T14:51:44.465+0000] {logging_mixin.py:190} INFO - [2025-09-29T14:51:44.465+0000] {dag.py:3239} INFO - Sync 2 DAGs
[2025-09-29T14:51:44.475+0000] {logging_mixin.py:190} INFO - [2025-09-29T14:51:44.474+0000] {dag.py:4180} INFO - Setting next_dagrun for example_xcom_args to None, run_after=None
[2025-09-29T14:51:44.476+0000] {logging_mixin.py:190} INFO - [2025-09-29T14:51:44.476+0000] {dag.py:4180} INFO - Setting next_dagrun for example_xcom_args_with_operators to None, run_after=None
[2025-09-29T14:51:44.488+0000] {processor.py:208} INFO - Processing /home/airflow/.local/lib/python3.12/site-packages/airflow/example_dags/example_xcomargs.py took 0.046 seconds
[2025-09-29T14:52:14.628+0000] {processor.py:186} INFO - Started process (PID=2347) to work on /home/airflow/.local/lib/python3.12/site-packages/airflow/example_dags/example_xcomargs.py
[2025-09-29T14:52:14.630+0000] {processor.py:914} INFO - Processing file /home/airflow/.local/lib/python3.12/site-packages/airflow/example_dags/example_xcomargs.py for tasks to queue
[2025-09-29T14:52:14.631+0000] {logging_mixin.py:190} INFO - [2025-09-29T14:52:14.631+0000] {dagbag.py:588} INFO - Filling up the DagBag from /home/airflow/.local/lib/python3.12/site-packages/airflow/example_dags/example_xcomargs.py
[2025-09-29T14:52:14.637+0000] {processor.py:925} INFO - DAG(s) 'example_xcom_args_with_operators', 'example_xcom_args' retrieved from /home/airflow/.local/lib/python3.12/site-packages/airflow/example_dags/example_xcomargs.py
[2025-09-29T14:52:14.650+0000] {logging_mixin.py:190} INFO - [2025-09-29T14:52:14.649+0000] {dag.py:3239} INFO - Sync 2 DAGs
[2025-09-29T14:52:14.659+0000] {logging_mixin.py:190} INFO - [2025-09-29T14:52:14.659+0000] {dag.py:4180} INFO - Setting next_dagrun for example_xcom_args to None, run_after=None
[2025-09-29T14:52:14.662+0000] {logging_mixin.py:190} INFO - [2025-09-29T14:52:14.661+0000] {dag.py:4180} INFO - Setting next_dagrun for example_xcom_args_with_operators to None, run_after=None
[2025-09-29T14:52:14.672+0000] {processor.py:208} INFO - Processing /home/airflow/.local/lib/python3.12/site-packages/airflow/example_dags/example_xcomargs.py took 0.047 seconds
[2025-09-29T14:52:44.807+0000] {processor.py:186} INFO - Started process (PID=2410) to work on /home/airflow/.local/lib/python3.12/site-packages/airflow/example_dags/example_xcomargs.py
[2025-09-29T14:52:44.808+0000] {processor.py:914} INFO - Processing file /home/airflow/.local/lib/python3.12/site-packages/airflow/example_dags/example_xcomargs.py for tasks to queue
[2025-09-29T14:52:44.809+0000] {logging_mixin.py:190} INFO - [2025-09-29T14:52:44.809+0000] {dagbag.py:588} INFO - Filling up the DagBag from /home/airflow/.local/lib/python3.12/site-packages/airflow/example_dags/example_xcomargs.py
[2025-09-29T14:52:44.815+0000] {processor.py:925} INFO - DAG(s) 'example_xcom_args_with_operators', 'example_xcom_args' retrieved from /home/airflow/.local/lib/python3.12/site-packages/airflow/example_dags/example_xcomargs.py
[2025-09-29T14:52:44.827+0000] {logging_mixin.py:190} INFO - [2025-09-29T14:52:44.827+0000] {dag.py:3239} INFO - Sync 2 DAGs
[2025-09-29T14:52:44.834+0000] {logging_mixin.py:190} INFO - [2025-09-29T14:52:44.834+0000] {dag.py:4180} INFO - Setting next_dagrun for example_xcom_args to None, run_after=None
[2025-09-29T14:52:44.836+0000] {logging_mixin.py:190} INFO - [2025-09-29T14:52:44.836+0000] {dag.py:4180} INFO - Setting next_dagrun for example_xcom_args_with_operators to None, run_after=None
[2025-09-29T14:52:44.845+0000] {processor.py:208} INFO - Processing /home/airflow/.local/lib/python3.12/site-packages/airflow/example_dags/example_xcomargs.py took 0.042 seconds
[2025-09-29T14:53:15.003+0000] {processor.py:186} INFO - Started process (PID=2473) to work on /home/airflow/.local/lib/python3.12/site-packages/airflow/example_dags/example_xcomargs.py
[2025-09-29T14:53:15.003+0000] {processor.py:914} INFO - Processing file /home/airflow/.local/lib/python3.12/site-packages/airflow/example_dags/example_xcomargs.py for tasks to queue
[2025-09-29T14:53:15.004+0000] {logging_mixin.py:190} INFO - [2025-09-29T14:53:15.004+0000] {dagbag.py:588} INFO - Filling up the DagBag from /home/airflow/.local/lib/python3.12/site-packages/airflow/example_dags/example_xcomargs.py
[2025-09-29T14:53:15.009+0000] {processor.py:925} INFO - DAG(s) 'example_xcom_args', 'example_xcom_args_with_operators' retrieved from /home/airflow/.local/lib/python3.12/site-packages/airflow/example_dags/example_xcomargs.py
[2025-09-29T14:53:15.022+0000] {logging_mixin.py:190} INFO - [2025-09-29T14:53:15.021+0000] {dag.py:3239} INFO - Sync 2 DAGs
[2025-09-29T14:53:15.030+0000] {logging_mixin.py:190} INFO - [2025-09-29T14:53:15.030+0000] {dag.py:4180} INFO - Setting next_dagrun for example_xcom_args to None, run_after=None
[2025-09-29T14:53:15.033+0000] {logging_mixin.py:190} INFO - [2025-09-29T14:53:15.033+0000] {dag.py:4180} INFO - Setting next_dagrun for example_xcom_args_with_operators to None, run_after=None
[2025-09-29T14:53:15.047+0000] {processor.py:208} INFO - Processing /home/airflow/.local/lib/python3.12/site-packages/airflow/example_dags/example_xcomargs.py took 0.048 seconds
[2025-09-29T14:53:45.292+0000] {processor.py:186} INFO - Started process (PID=2536) to work on /home/airflow/.local/lib/python3.12/site-packages/airflow/example_dags/example_xcomargs.py
[2025-09-29T14:53:45.293+0000] {processor.py:914} INFO - Processing file /home/airflow/.local/lib/python3.12/site-packages/airflow/example_dags/example_xcomargs.py for tasks to queue
[2025-09-29T14:53:45.295+0000] {logging_mixin.py:190} INFO - [2025-09-29T14:53:45.294+0000] {dagbag.py:588} INFO - Filling up the DagBag from /home/airflow/.local/lib/python3.12/site-packages/airflow/example_dags/example_xcomargs.py
[2025-09-29T14:53:45.300+0000] {processor.py:925} INFO - DAG(s) 'example_xcom_args_with_operators', 'example_xcom_args' retrieved from /home/airflow/.local/lib/python3.12/site-packages/airflow/example_dags/example_xcomargs.py
[2025-09-29T14:53:45.313+0000] {logging_mixin.py:190} INFO - [2025-09-29T14:53:45.312+0000] {dag.py:3239} INFO - Sync 2 DAGs
[2025-09-29T14:53:45.320+0000] {logging_mixin.py:190} INFO - [2025-09-29T14:53:45.319+0000] {dag.py:4180} INFO - Setting next_dagrun for example_xcom_args to None, run_after=None
[2025-09-29T14:53:45.321+0000] {logging_mixin.py:190} INFO - [2025-09-29T14:53:45.321+0000] {dag.py:4180} INFO - Setting next_dagrun for example_xcom_args_with_operators to None, run_after=None
[2025-09-29T14:53:45.330+0000] {processor.py:208} INFO - Processing /home/airflow/.local/lib/python3.12/site-packages/airflow/example_dags/example_xcomargs.py took 0.042 seconds
[2025-09-29T14:54:15.528+0000] {processor.py:186} INFO - Started process (PID=2599) to work on /home/airflow/.local/lib/python3.12/site-packages/airflow/example_dags/example_xcomargs.py
[2025-09-29T14:54:15.529+0000] {processor.py:914} INFO - Processing file /home/airflow/.local/lib/python3.12/site-packages/airflow/example_dags/example_xcomargs.py for tasks to queue
[2025-09-29T14:54:15.529+0000] {logging_mixin.py:190} INFO - [2025-09-29T14:54:15.529+0000] {dagbag.py:588} INFO - Filling up the DagBag from /home/airflow/.local/lib/python3.12/site-packages/airflow/example_dags/example_xcomargs.py
[2025-09-29T14:54:15.536+0000] {processor.py:925} INFO - DAG(s) 'example_xcom_args', 'example_xcom_args_with_operators' retrieved from /home/airflow/.local/lib/python3.12/site-packages/airflow/example_dags/example_xcomargs.py
[2025-09-29T14:54:15.550+0000] {logging_mixin.py:190} INFO - [2025-09-29T14:54:15.550+0000] {dag.py:3239} INFO - Sync 2 DAGs
[2025-09-29T14:54:15.559+0000] {logging_mixin.py:190} INFO - [2025-09-29T14:54:15.559+0000] {dag.py:4180} INFO - Setting next_dagrun for example_xcom_args to None, run_after=None
[2025-09-29T14:54:15.562+0000] {logging_mixin.py:190} INFO - [2025-09-29T14:54:15.562+0000] {dag.py:4180} INFO - Setting next_dagrun for example_xcom_args_with_operators to None, run_after=None
[2025-09-29T14:54:15.570+0000] {processor.py:208} INFO - Processing /home/airflow/.local/lib/python3.12/site-packages/airflow/example_dags/example_xcomargs.py took 0.044 seconds
[2025-09-29T14:54:45.947+0000] {processor.py:186} INFO - Started process (PID=2662) to work on /home/airflow/.local/lib/python3.12/site-packages/airflow/example_dags/example_xcomargs.py
[2025-09-29T14:54:45.948+0000] {processor.py:914} INFO - Processing file /home/airflow/.local/lib/python3.12/site-packages/airflow/example_dags/example_xcomargs.py for tasks to queue
[2025-09-29T14:54:45.949+0000] {logging_mixin.py:190} INFO - [2025-09-29T14:54:45.948+0000] {dagbag.py:588} INFO - Filling up the DagBag from /home/airflow/.local/lib/python3.12/site-packages/airflow/example_dags/example_xcomargs.py
[2025-09-29T14:54:45.954+0000] {processor.py:925} INFO - DAG(s) 'example_xcom_args', 'example_xcom_args_with_operators' retrieved from /home/airflow/.local/lib/python3.12/site-packages/airflow/example_dags/example_xcomargs.py
[2025-09-29T14:54:45.967+0000] {logging_mixin.py:190} INFO - [2025-09-29T14:54:45.966+0000] {dag.py:3239} INFO - Sync 2 DAGs
[2025-09-29T14:54:45.974+0000] {logging_mixin.py:190} INFO - [2025-09-29T14:54:45.974+0000] {dag.py:4180} INFO - Setting next_dagrun for example_xcom_args to None, run_after=None
[2025-09-29T14:54:45.978+0000] {logging_mixin.py:190} INFO - [2025-09-29T14:54:45.978+0000] {dag.py:4180} INFO - Setting next_dagrun for example_xcom_args_with_operators to None, run_after=None
[2025-09-29T14:54:45.987+0000] {processor.py:208} INFO - Processing /home/airflow/.local/lib/python3.12/site-packages/airflow/example_dags/example_xcomargs.py took 0.043 seconds
[2025-09-29T14:55:16.516+0000] {processor.py:186} INFO - Started process (PID=2725) to work on /home/airflow/.local/lib/python3.12/site-packages/airflow/example_dags/example_xcomargs.py
[2025-09-29T14:55:16.517+0000] {processor.py:914} INFO - Processing file /home/airflow/.local/lib/python3.12/site-packages/airflow/example_dags/example_xcomargs.py for tasks to queue
[2025-09-29T14:55:16.517+0000] {logging_mixin.py:190} INFO - [2025-09-29T14:55:16.517+0000] {dagbag.py:588} INFO - Filling up the DagBag from /home/airflow/.local/lib/python3.12/site-packages/airflow/example_dags/example_xcomargs.py
[2025-09-29T14:55:16.524+0000] {processor.py:925} INFO - DAG(s) 'example_xcom_args_with_operators', 'example_xcom_args' retrieved from /home/airflow/.local/lib/python3.12/site-packages/airflow/example_dags/example_xcomargs.py
[2025-09-29T14:55:16.537+0000] {logging_mixin.py:190} INFO - [2025-09-29T14:55:16.537+0000] {dag.py:3239} INFO - Sync 2 DAGs
[2025-09-29T14:55:16.545+0000] {logging_mixin.py:190} INFO - [2025-09-29T14:55:16.545+0000] {dag.py:4180} INFO - Setting next_dagrun for example_xcom_args to None, run_after=None
[2025-09-29T14:55:16.548+0000] {logging_mixin.py:190} INFO - [2025-09-29T14:55:16.548+0000] {dag.py:4180} INFO - Setting next_dagrun for example_xcom_args_with_operators to None, run_after=None
[2025-09-29T14:55:16.563+0000] {processor.py:208} INFO - Processing /home/airflow/.local/lib/python3.12/site-packages/airflow/example_dags/example_xcomargs.py took 0.050 seconds
[2025-09-29T14:55:47.047+0000] {processor.py:186} INFO - Started process (PID=2787) to work on /home/airflow/.local/lib/python3.12/site-packages/airflow/example_dags/example_xcomargs.py
[2025-09-29T14:55:47.047+0000] {processor.py:914} INFO - Processing file /home/airflow/.local/lib/python3.12/site-packages/airflow/example_dags/example_xcomargs.py for tasks to queue
[2025-09-29T14:55:47.048+0000] {logging_mixin.py:190} INFO - [2025-09-29T14:55:47.048+0000] {dagbag.py:588} INFO - Filling up the DagBag from /home/airflow/.local/lib/python3.12/site-packages/airflow/example_dags/example_xcomargs.py
[2025-09-29T14:55:47.053+0000] {processor.py:925} INFO - DAG(s) 'example_xcom_args', 'example_xcom_args_with_operators' retrieved from /home/airflow/.local/lib/python3.12/site-packages/airflow/example_dags/example_xcomargs.py
[2025-09-29T14:55:47.068+0000] {logging_mixin.py:190} INFO - [2025-09-29T14:55:47.068+0000] {dag.py:3239} INFO - Sync 2 DAGs
[2025-09-29T14:55:47.078+0000] {logging_mixin.py:190} INFO - [2025-09-29T14:55:47.078+0000] {dag.py:4180} INFO - Setting next_dagrun for example_xcom_args to None, run_after=None
[2025-09-29T14:55:47.083+0000] {logging_mixin.py:190} INFO - [2025-09-29T14:55:47.082+0000] {dag.py:4180} INFO - Setting next_dagrun for example_xcom_args_with_operators to None, run_after=None
[2025-09-29T14:55:47.096+0000] {processor.py:208} INFO - Processing /home/airflow/.local/lib/python3.12/site-packages/airflow/example_dags/example_xcomargs.py took 0.052 seconds
[2025-09-29T14:56:17.458+0000] {processor.py:186} INFO - Started process (PID=2850) to work on /home/airflow/.local/lib/python3.12/site-packages/airflow/example_dags/example_xcomargs.py
[2025-09-29T14:56:17.459+0000] {processor.py:914} INFO - Processing file /home/airflow/.local/lib/python3.12/site-packages/airflow/example_dags/example_xcomargs.py for tasks to queue
[2025-09-29T14:56:17.459+0000] {logging_mixin.py:190} INFO - [2025-09-29T14:56:17.459+0000] {dagbag.py:588} INFO - Filling up the DagBag from /home/airflow/.local/lib/python3.12/site-packages/airflow/example_dags/example_xcomargs.py
[2025-09-29T14:56:17.465+0000] {processor.py:925} INFO - DAG(s) 'example_xcom_args', 'example_xcom_args_with_operators' retrieved from /home/airflow/.local/lib/python3.12/site-packages/airflow/example_dags/example_xcomargs.py
[2025-09-29T14:56:17.481+0000] {logging_mixin.py:190} INFO - [2025-09-29T14:56:17.481+0000] {dag.py:3239} INFO - Sync 2 DAGs
[2025-09-29T14:56:17.488+0000] {logging_mixin.py:190} INFO - [2025-09-29T14:56:17.488+0000] {dag.py:4180} INFO - Setting next_dagrun for example_xcom_args to None, run_after=None
[2025-09-29T14:56:17.491+0000] {logging_mixin.py:190} INFO - [2025-09-29T14:56:17.491+0000] {dag.py:4180} INFO - Setting next_dagrun for example_xcom_args_with_operators to None, run_after=None
[2025-09-29T14:56:17.505+0000] {processor.py:208} INFO - Processing /home/airflow/.local/lib/python3.12/site-packages/airflow/example_dags/example_xcomargs.py took 0.050 seconds
[2025-09-29T14:56:47.834+0000] {processor.py:186} INFO - Started process (PID=2913) to work on /home/airflow/.local/lib/python3.12/site-packages/airflow/example_dags/example_xcomargs.py
[2025-09-29T14:56:47.835+0000] {processor.py:914} INFO - Processing file /home/airflow/.local/lib/python3.12/site-packages/airflow/example_dags/example_xcomargs.py for tasks to queue
[2025-09-29T14:56:47.836+0000] {logging_mixin.py:190} INFO - [2025-09-29T14:56:47.836+0000] {dagbag.py:588} INFO - Filling up the DagBag from /home/airflow/.local/lib/python3.12/site-packages/airflow/example_dags/example_xcomargs.py
[2025-09-29T14:56:47.842+0000] {processor.py:925} INFO - DAG(s) 'example_xcom_args_with_operators', 'example_xcom_args' retrieved from /home/airflow/.local/lib/python3.12/site-packages/airflow/example_dags/example_xcomargs.py
[2025-09-29T14:56:47.855+0000] {logging_mixin.py:190} INFO - [2025-09-29T14:56:47.855+0000] {dag.py:3239} INFO - Sync 2 DAGs
[2025-09-29T14:56:47.862+0000] {logging_mixin.py:190} INFO - [2025-09-29T14:56:47.862+0000] {dag.py:4180} INFO - Setting next_dagrun for example_xcom_args to None, run_after=None
[2025-09-29T14:56:47.866+0000] {logging_mixin.py:190} INFO - [2025-09-29T14:56:47.865+0000] {dag.py:4180} INFO - Setting next_dagrun for example_xcom_args_with_operators to None, run_after=None
[2025-09-29T14:56:47.877+0000] {processor.py:208} INFO - Processing /home/airflow/.local/lib/python3.12/site-packages/airflow/example_dags/example_xcomargs.py took 0.045 seconds
[2025-09-29T14:57:18.396+0000] {processor.py:186} INFO - Started process (PID=2976) to work on /home/airflow/.local/lib/python3.12/site-packages/airflow/example_dags/example_xcomargs.py
[2025-09-29T14:57:18.400+0000] {processor.py:914} INFO - Processing file /home/airflow/.local/lib/python3.12/site-packages/airflow/example_dags/example_xcomargs.py for tasks to queue
[2025-09-29T14:57:18.400+0000] {logging_mixin.py:190} INFO - [2025-09-29T14:57:18.400+0000] {dagbag.py:588} INFO - Filling up the DagBag from /home/airflow/.local/lib/python3.12/site-packages/airflow/example_dags/example_xcomargs.py
[2025-09-29T14:57:18.405+0000] {processor.py:925} INFO - DAG(s) 'example_xcom_args', 'example_xcom_args_with_operators' retrieved from /home/airflow/.local/lib/python3.12/site-packages/airflow/example_dags/example_xcomargs.py
[2025-09-29T14:57:18.418+0000] {logging_mixin.py:190} INFO - [2025-09-29T14:57:18.418+0000] {dag.py:3239} INFO - Sync 2 DAGs
[2025-09-29T14:57:18.429+0000] {logging_mixin.py:190} INFO - [2025-09-29T14:57:18.429+0000] {dag.py:4180} INFO - Setting next_dagrun for example_xcom_args to None, run_after=None
[2025-09-29T14:57:18.432+0000] {logging_mixin.py:190} INFO - [2025-09-29T14:57:18.432+0000] {dag.py:4180} INFO - Setting next_dagrun for example_xcom_args_with_operators to None, run_after=None
[2025-09-29T14:57:18.441+0000] {processor.py:208} INFO - Processing /home/airflow/.local/lib/python3.12/site-packages/airflow/example_dags/example_xcomargs.py took 0.048 seconds
[2025-09-29T14:57:49.082+0000] {processor.py:186} INFO - Started process (PID=3039) to work on /home/airflow/.local/lib/python3.12/site-packages/airflow/example_dags/example_xcomargs.py
[2025-09-29T14:57:49.082+0000] {processor.py:914} INFO - Processing file /home/airflow/.local/lib/python3.12/site-packages/airflow/example_dags/example_xcomargs.py for tasks to queue
[2025-09-29T14:57:49.083+0000] {logging_mixin.py:190} INFO - [2025-09-29T14:57:49.082+0000] {dagbag.py:588} INFO - Filling up the DagBag from /home/airflow/.local/lib/python3.12/site-packages/airflow/example_dags/example_xcomargs.py
[2025-09-29T14:57:49.089+0000] {processor.py:925} INFO - DAG(s) 'example_xcom_args', 'example_xcom_args_with_operators' retrieved from /home/airflow/.local/lib/python3.12/site-packages/airflow/example_dags/example_xcomargs.py
[2025-09-29T14:57:49.107+0000] {logging_mixin.py:190} INFO - [2025-09-29T14:57:49.107+0000] {dag.py:3239} INFO - Sync 2 DAGs
[2025-09-29T14:57:49.115+0000] {logging_mixin.py:190} INFO - [2025-09-29T14:57:49.115+0000] {dag.py:4180} INFO - Setting next_dagrun for example_xcom_args to None, run_after=None
[2025-09-29T14:57:49.117+0000] {logging_mixin.py:190} INFO - [2025-09-29T14:57:49.117+0000] {dag.py:4180} INFO - Setting next_dagrun for example_xcom_args_with_operators to None, run_after=None
[2025-09-29T14:57:49.127+0000] {processor.py:208} INFO - Processing /home/airflow/.local/lib/python3.12/site-packages/airflow/example_dags/example_xcomargs.py took 0.049 seconds
[2025-09-29T14:58:19.828+0000] {processor.py:186} INFO - Started process (PID=3101) to work on /home/airflow/.local/lib/python3.12/site-packages/airflow/example_dags/example_xcomargs.py
[2025-09-29T14:58:19.828+0000] {processor.py:914} INFO - Processing file /home/airflow/.local/lib/python3.12/site-packages/airflow/example_dags/example_xcomargs.py for tasks to queue
[2025-09-29T14:58:19.830+0000] {logging_mixin.py:190} INFO - [2025-09-29T14:58:19.830+0000] {dagbag.py:588} INFO - Filling up the DagBag from /home/airflow/.local/lib/python3.12/site-packages/airflow/example_dags/example_xcomargs.py
[2025-09-29T14:58:19.835+0000] {processor.py:925} INFO - DAG(s) 'example_xcom_args', 'example_xcom_args_with_operators' retrieved from /home/airflow/.local/lib/python3.12/site-packages/airflow/example_dags/example_xcomargs.py
[2025-09-29T14:58:19.847+0000] {logging_mixin.py:190} INFO - [2025-09-29T14:58:19.847+0000] {dag.py:3239} INFO - Sync 2 DAGs
[2025-09-29T14:58:19.857+0000] {logging_mixin.py:190} INFO - [2025-09-29T14:58:19.857+0000] {dag.py:4180} INFO - Setting next_dagrun for example_xcom_args to None, run_after=None
[2025-09-29T14:58:19.860+0000] {logging_mixin.py:190} INFO - [2025-09-29T14:58:19.860+0000] {dag.py:4180} INFO - Setting next_dagrun for example_xcom_args_with_operators to None, run_after=None
[2025-09-29T14:58:19.871+0000] {processor.py:208} INFO - Processing /home/airflow/.local/lib/python3.12/site-packages/airflow/example_dags/example_xcomargs.py took 0.046 seconds
[2025-09-29T14:58:50.522+0000] {processor.py:186} INFO - Started process (PID=3164) to work on /home/airflow/.local/lib/python3.12/site-packages/airflow/example_dags/example_xcomargs.py
[2025-09-29T14:58:50.523+0000] {processor.py:914} INFO - Processing file /home/airflow/.local/lib/python3.12/site-packages/airflow/example_dags/example_xcomargs.py for tasks to queue
[2025-09-29T14:58:50.524+0000] {logging_mixin.py:190} INFO - [2025-09-29T14:58:50.524+0000] {dagbag.py:588} INFO - Filling up the DagBag from /home/airflow/.local/lib/python3.12/site-packages/airflow/example_dags/example_xcomargs.py
[2025-09-29T14:58:50.529+0000] {processor.py:925} INFO - DAG(s) 'example_xcom_args', 'example_xcom_args_with_operators' retrieved from /home/airflow/.local/lib/python3.12/site-packages/airflow/example_dags/example_xcomargs.py
[2025-09-29T14:58:50.545+0000] {logging_mixin.py:190} INFO - [2025-09-29T14:58:50.545+0000] {dag.py:3239} INFO - Sync 2 DAGs
[2025-09-29T14:58:50.554+0000] {logging_mixin.py:190} INFO - [2025-09-29T14:58:50.554+0000] {dag.py:4180} INFO - Setting next_dagrun for example_xcom_args to None, run_after=None
[2025-09-29T14:58:50.556+0000] {logging_mixin.py:190} INFO - [2025-09-29T14:58:50.556+0000] {dag.py:4180} INFO - Setting next_dagrun for example_xcom_args_with_operators to None, run_after=None
[2025-09-29T14:58:50.565+0000] {processor.py:208} INFO - Processing /home/airflow/.local/lib/python3.12/site-packages/airflow/example_dags/example_xcomargs.py took 0.045 seconds
[2025-09-29T14:59:21.053+0000] {processor.py:186} INFO - Started process (PID=3227) to work on /home/airflow/.local/lib/python3.12/site-packages/airflow/example_dags/example_xcomargs.py
[2025-09-29T14:59:21.054+0000] {processor.py:914} INFO - Processing file /home/airflow/.local/lib/python3.12/site-packages/airflow/example_dags/example_xcomargs.py for tasks to queue
[2025-09-29T14:59:21.054+0000] {logging_mixin.py:190} INFO - [2025-09-29T14:59:21.054+0000] {dagbag.py:588} INFO - Filling up the DagBag from /home/airflow/.local/lib/python3.12/site-packages/airflow/example_dags/example_xcomargs.py
[2025-09-29T14:59:21.062+0000] {processor.py:925} INFO - DAG(s) 'example_xcom_args_with_operators', 'example_xcom_args' retrieved from /home/airflow/.local/lib/python3.12/site-packages/airflow/example_dags/example_xcomargs.py
[2025-09-29T14:59:21.075+0000] {logging_mixin.py:190} INFO - [2025-09-29T14:59:21.075+0000] {dag.py:3239} INFO - Sync 2 DAGs
[2025-09-29T14:59:21.084+0000] {logging_mixin.py:190} INFO - [2025-09-29T14:59:21.084+0000] {dag.py:4180} INFO - Setting next_dagrun for example_xcom_args to None, run_after=None
[2025-09-29T14:59:21.086+0000] {logging_mixin.py:190} INFO - [2025-09-29T14:59:21.086+0000] {dag.py:4180} INFO - Setting next_dagrun for example_xcom_args_with_operators to None, run_after=None
[2025-09-29T14:59:21.101+0000] {processor.py:208} INFO - Processing /home/airflow/.local/lib/python3.12/site-packages/airflow/example_dags/example_xcomargs.py took 0.051 seconds
[2025-09-29T14:59:51.586+0000] {processor.py:186} INFO - Started process (PID=3290) to work on /home/airflow/.local/lib/python3.12/site-packages/airflow/example_dags/example_xcomargs.py
[2025-09-29T14:59:51.587+0000] {processor.py:914} INFO - Processing file /home/airflow/.local/lib/python3.12/site-packages/airflow/example_dags/example_xcomargs.py for tasks to queue
[2025-09-29T14:59:51.587+0000] {logging_mixin.py:190} INFO - [2025-09-29T14:59:51.587+0000] {dagbag.py:588} INFO - Filling up the DagBag from /home/airflow/.local/lib/python3.12/site-packages/airflow/example_dags/example_xcomargs.py
[2025-09-29T14:59:51.592+0000] {processor.py:925} INFO - DAG(s) 'example_xcom_args', 'example_xcom_args_with_operators' retrieved from /home/airflow/.local/lib/python3.12/site-packages/airflow/example_dags/example_xcomargs.py
[2025-09-29T14:59:51.604+0000] {logging_mixin.py:190} INFO - [2025-09-29T14:59:51.603+0000] {dag.py:3239} INFO - Sync 2 DAGs
[2025-09-29T14:59:51.610+0000] {logging_mixin.py:190} INFO - [2025-09-29T14:59:51.610+0000] {dag.py:4180} INFO - Setting next_dagrun for example_xcom_args to None, run_after=None
[2025-09-29T14:59:51.612+0000] {logging_mixin.py:190} INFO - [2025-09-29T14:59:51.612+0000] {dag.py:4180} INFO - Setting next_dagrun for example_xcom_args_with_operators to None, run_after=None
[2025-09-29T14:59:51.619+0000] {processor.py:208} INFO - Processing /home/airflow/.local/lib/python3.12/site-packages/airflow/example_dags/example_xcomargs.py took 0.035 seconds
[2025-09-29T15:00:22.193+0000] {processor.py:186} INFO - Started process (PID=3353) to work on /home/airflow/.local/lib/python3.12/site-packages/airflow/example_dags/example_xcomargs.py
[2025-09-29T15:00:22.193+0000] {processor.py:914} INFO - Processing file /home/airflow/.local/lib/python3.12/site-packages/airflow/example_dags/example_xcomargs.py for tasks to queue
[2025-09-29T15:00:22.194+0000] {logging_mixin.py:190} INFO - [2025-09-29T15:00:22.194+0000] {dagbag.py:588} INFO - Filling up the DagBag from /home/airflow/.local/lib/python3.12/site-packages/airflow/example_dags/example_xcomargs.py
[2025-09-29T15:00:22.199+0000] {processor.py:925} INFO - DAG(s) 'example_xcom_args_with_operators', 'example_xcom_args' retrieved from /home/airflow/.local/lib/python3.12/site-packages/airflow/example_dags/example_xcomargs.py
[2025-09-29T15:00:22.212+0000] {logging_mixin.py:190} INFO - [2025-09-29T15:00:22.212+0000] {dag.py:3239} INFO - Sync 2 DAGs
[2025-09-29T15:00:22.220+0000] {logging_mixin.py:190} INFO - [2025-09-29T15:00:22.219+0000] {dag.py:4180} INFO - Setting next_dagrun for example_xcom_args to None, run_after=None
[2025-09-29T15:00:22.222+0000] {logging_mixin.py:190} INFO - [2025-09-29T15:00:22.221+0000] {dag.py:4180} INFO - Setting next_dagrun for example_xcom_args_with_operators to None, run_after=None
[2025-09-29T15:00:22.229+0000] {processor.py:208} INFO - Processing /home/airflow/.local/lib/python3.12/site-packages/airflow/example_dags/example_xcomargs.py took 0.040 seconds
[2025-09-29T15:00:52.780+0000] {processor.py:186} INFO - Started process (PID=3416) to work on /home/airflow/.local/lib/python3.12/site-packages/airflow/example_dags/example_xcomargs.py
[2025-09-29T15:00:52.781+0000] {processor.py:914} INFO - Processing file /home/airflow/.local/lib/python3.12/site-packages/airflow/example_dags/example_xcomargs.py for tasks to queue
[2025-09-29T15:00:52.782+0000] {logging_mixin.py:190} INFO - [2025-09-29T15:00:52.782+0000] {dagbag.py:588} INFO - Filling up the DagBag from /home/airflow/.local/lib/python3.12/site-packages/airflow/example_dags/example_xcomargs.py
[2025-09-29T15:00:52.788+0000] {processor.py:925} INFO - DAG(s) 'example_xcom_args_with_operators', 'example_xcom_args' retrieved from /home/airflow/.local/lib/python3.12/site-packages/airflow/example_dags/example_xcomargs.py
[2025-09-29T15:00:52.800+0000] {logging_mixin.py:190} INFO - [2025-09-29T15:00:52.799+0000] {dag.py:3239} INFO - Sync 2 DAGs
[2025-09-29T15:00:52.807+0000] {logging_mixin.py:190} INFO - [2025-09-29T15:00:52.807+0000] {dag.py:4180} INFO - Setting next_dagrun for example_xcom_args to None, run_after=None
[2025-09-29T15:00:52.810+0000] {logging_mixin.py:190} INFO - [2025-09-29T15:00:52.810+0000] {dag.py:4180} INFO - Setting next_dagrun for example_xcom_args_with_operators to None, run_after=None
[2025-09-29T15:00:52.821+0000] {processor.py:208} INFO - Processing /home/airflow/.local/lib/python3.12/site-packages/airflow/example_dags/example_xcomargs.py took 0.043 seconds
[2025-09-29T15:01:23.508+0000] {processor.py:186} INFO - Started process (PID=3479) to work on /home/airflow/.local/lib/python3.12/site-packages/airflow/example_dags/example_xcomargs.py
[2025-09-29T15:01:23.510+0000] {processor.py:914} INFO - Processing file /home/airflow/.local/lib/python3.12/site-packages/airflow/example_dags/example_xcomargs.py for tasks to queue
[2025-09-29T15:01:23.517+0000] {logging_mixin.py:190} INFO - [2025-09-29T15:01:23.516+0000] {dagbag.py:588} INFO - Filling up the DagBag from /home/airflow/.local/lib/python3.12/site-packages/airflow/example_dags/example_xcomargs.py
[2025-09-29T15:01:23.523+0000] {processor.py:925} INFO - DAG(s) 'example_xcom_args_with_operators', 'example_xcom_args' retrieved from /home/airflow/.local/lib/python3.12/site-packages/airflow/example_dags/example_xcomargs.py
[2025-09-29T15:01:23.535+0000] {logging_mixin.py:190} INFO - [2025-09-29T15:01:23.535+0000] {dag.py:3239} INFO - Sync 2 DAGs
[2025-09-29T15:01:23.544+0000] {logging_mixin.py:190} INFO - [2025-09-29T15:01:23.544+0000] {dag.py:4180} INFO - Setting next_dagrun for example_xcom_args to None, run_after=None
[2025-09-29T15:01:23.547+0000] {logging_mixin.py:190} INFO - [2025-09-29T15:01:23.547+0000] {dag.py:4180} INFO - Setting next_dagrun for example_xcom_args_with_operators to None, run_after=None
[2025-09-29T15:01:23.564+0000] {processor.py:208} INFO - Processing /home/airflow/.local/lib/python3.12/site-packages/airflow/example_dags/example_xcomargs.py took 0.061 seconds
[2025-09-29T15:01:53.919+0000] {processor.py:186} INFO - Started process (PID=3542) to work on /home/airflow/.local/lib/python3.12/site-packages/airflow/example_dags/example_xcomargs.py
[2025-09-29T15:01:53.922+0000] {processor.py:914} INFO - Processing file /home/airflow/.local/lib/python3.12/site-packages/airflow/example_dags/example_xcomargs.py for tasks to queue
[2025-09-29T15:01:53.924+0000] {logging_mixin.py:190} INFO - [2025-09-29T15:01:53.924+0000] {dagbag.py:588} INFO - Filling up the DagBag from /home/airflow/.local/lib/python3.12/site-packages/airflow/example_dags/example_xcomargs.py
[2025-09-29T15:01:53.930+0000] {processor.py:925} INFO - DAG(s) 'example_xcom_args', 'example_xcom_args_with_operators' retrieved from /home/airflow/.local/lib/python3.12/site-packages/airflow/example_dags/example_xcomargs.py
[2025-09-29T15:01:53.945+0000] {logging_mixin.py:190} INFO - [2025-09-29T15:01:53.945+0000] {dag.py:3239} INFO - Sync 2 DAGs
[2025-09-29T15:01:53.953+0000] {logging_mixin.py:190} INFO - [2025-09-29T15:01:53.953+0000] {dag.py:4180} INFO - Setting next_dagrun for example_xcom_args to None, run_after=None
[2025-09-29T15:01:53.955+0000] {logging_mixin.py:190} INFO - [2025-09-29T15:01:53.955+0000] {dag.py:4180} INFO - Setting next_dagrun for example_xcom_args_with_operators to None, run_after=None
[2025-09-29T15:01:53.966+0000] {processor.py:208} INFO - Processing /home/airflow/.local/lib/python3.12/site-packages/airflow/example_dags/example_xcomargs.py took 0.050 seconds
[2025-09-29T15:02:24.541+0000] {processor.py:186} INFO - Started process (PID=3605) to work on /home/airflow/.local/lib/python3.12/site-packages/airflow/example_dags/example_xcomargs.py
[2025-09-29T15:02:24.541+0000] {processor.py:914} INFO - Processing file /home/airflow/.local/lib/python3.12/site-packages/airflow/example_dags/example_xcomargs.py for tasks to queue
[2025-09-29T15:02:24.542+0000] {logging_mixin.py:190} INFO - [2025-09-29T15:02:24.542+0000] {dagbag.py:588} INFO - Filling up the DagBag from /home/airflow/.local/lib/python3.12/site-packages/airflow/example_dags/example_xcomargs.py
[2025-09-29T15:02:24.548+0000] {processor.py:925} INFO - DAG(s) 'example_xcom_args_with_operators', 'example_xcom_args' retrieved from /home/airflow/.local/lib/python3.12/site-packages/airflow/example_dags/example_xcomargs.py
[2025-09-29T15:02:24.562+0000] {logging_mixin.py:190} INFO - [2025-09-29T15:02:24.562+0000] {dag.py:3239} INFO - Sync 2 DAGs
[2025-09-29T15:02:24.569+0000] {logging_mixin.py:190} INFO - [2025-09-29T15:02:24.568+0000] {dag.py:4180} INFO - Setting next_dagrun for example_xcom_args to None, run_after=None
[2025-09-29T15:02:24.571+0000] {logging_mixin.py:190} INFO - [2025-09-29T15:02:24.571+0000] {dag.py:4180} INFO - Setting next_dagrun for example_xcom_args_with_operators to None, run_after=None
[2025-09-29T15:02:24.580+0000] {processor.py:208} INFO - Processing /home/airflow/.local/lib/python3.12/site-packages/airflow/example_dags/example_xcomargs.py took 0.042 seconds
