[2025-09-29T14:34:29.072+0000] {processor.py:186} INFO - Started process (PID=56) to work on /home/airflow/.local/lib/python3.12/site-packages/airflow/example_dags/example_branch_operator.py
[2025-09-29T14:34:29.073+0000] {processor.py:914} INFO - Processing file /home/airflow/.local/lib/python3.12/site-packages/airflow/example_dags/example_branch_operator.py for tasks to queue
[2025-09-29T14:34:29.075+0000] {logging_mixin.py:190} INFO - [2025-09-29T14:34:29.075+0000] {dagbag.py:588} INFO - Filling up the DagBag from /home/airflow/.local/lib/python3.12/site-packages/airflow/example_dags/example_branch_operator.py
[2025-09-29T14:34:29.088+0000] {processor.py:925} INFO - DAG(s) 'example_branch_operator' retrieved from /home/airflow/.local/lib/python3.12/site-packages/airflow/example_dags/example_branch_operator.py
[2025-09-29T14:34:29.195+0000] {logging_mixin.py:190} INFO - [2025-09-29T14:34:29.195+0000] {dag.py:3239} INFO - Sync 1 DAGs
[2025-09-29T14:34:29.208+0000] {logging_mixin.py:190} INFO - [2025-09-29T14:34:29.208+0000] {dag.py:4180} INFO - Setting next_dagrun for example_branch_operator to 2025-09-28 00:00:00+00:00, run_after=2025-09-29 00:00:00+00:00
[2025-09-29T14:34:29.226+0000] {processor.py:208} INFO - Processing /home/airflow/.local/lib/python3.12/site-packages/airflow/example_dags/example_branch_operator.py took 0.158 seconds
[2025-09-29T14:34:59.287+0000] {processor.py:186} INFO - Started process (PID=125) to work on /home/airflow/.local/lib/python3.12/site-packages/airflow/example_dags/example_branch_operator.py
[2025-09-29T14:34:59.290+0000] {processor.py:914} INFO - Processing file /home/airflow/.local/lib/python3.12/site-packages/airflow/example_dags/example_branch_operator.py for tasks to queue
[2025-09-29T14:34:59.292+0000] {logging_mixin.py:190} INFO - [2025-09-29T14:34:59.292+0000] {dagbag.py:588} INFO - Filling up the DagBag from /home/airflow/.local/lib/python3.12/site-packages/airflow/example_dags/example_branch_operator.py
[2025-09-29T14:34:59.303+0000] {processor.py:925} INFO - DAG(s) 'example_branch_operator' retrieved from /home/airflow/.local/lib/python3.12/site-packages/airflow/example_dags/example_branch_operator.py
[2025-09-29T14:34:59.321+0000] {logging_mixin.py:190} INFO - [2025-09-29T14:34:59.321+0000] {dag.py:3239} INFO - Sync 1 DAGs
[2025-09-29T14:34:59.333+0000] {logging_mixin.py:190} INFO - [2025-09-29T14:34:59.333+0000] {dag.py:4180} INFO - Setting next_dagrun for example_branch_operator to 2025-09-28 00:00:00+00:00, run_after=2025-09-29 00:00:00+00:00
[2025-09-29T14:34:59.352+0000] {processor.py:208} INFO - Processing /home/airflow/.local/lib/python3.12/site-packages/airflow/example_dags/example_branch_operator.py took 0.068 seconds
[2025-09-29T14:35:29.720+0000] {processor.py:186} INFO - Started process (PID=188) to work on /home/airflow/.local/lib/python3.12/site-packages/airflow/example_dags/example_branch_operator.py
[2025-09-29T14:35:29.721+0000] {processor.py:914} INFO - Processing file /home/airflow/.local/lib/python3.12/site-packages/airflow/example_dags/example_branch_operator.py for tasks to queue
[2025-09-29T14:35:29.722+0000] {logging_mixin.py:190} INFO - [2025-09-29T14:35:29.722+0000] {dagbag.py:588} INFO - Filling up the DagBag from /home/airflow/.local/lib/python3.12/site-packages/airflow/example_dags/example_branch_operator.py
[2025-09-29T14:35:29.732+0000] {processor.py:925} INFO - DAG(s) 'example_branch_operator' retrieved from /home/airflow/.local/lib/python3.12/site-packages/airflow/example_dags/example_branch_operator.py
[2025-09-29T14:35:29.747+0000] {logging_mixin.py:190} INFO - [2025-09-29T14:35:29.747+0000] {dag.py:3239} INFO - Sync 1 DAGs
[2025-09-29T14:35:29.759+0000] {logging_mixin.py:190} INFO - [2025-09-29T14:35:29.759+0000] {dag.py:4180} INFO - Setting next_dagrun for example_branch_operator to 2025-09-28 00:00:00+00:00, run_after=2025-09-29 00:00:00+00:00
[2025-09-29T14:35:29.773+0000] {processor.py:208} INFO - Processing /home/airflow/.local/lib/python3.12/site-packages/airflow/example_dags/example_branch_operator.py took 0.056 seconds
[2025-09-29T14:35:59.943+0000] {processor.py:186} INFO - Started process (PID=252) to work on /home/airflow/.local/lib/python3.12/site-packages/airflow/example_dags/example_branch_operator.py
[2025-09-29T14:35:59.944+0000] {processor.py:914} INFO - Processing file /home/airflow/.local/lib/python3.12/site-packages/airflow/example_dags/example_branch_operator.py for tasks to queue
[2025-09-29T14:35:59.946+0000] {logging_mixin.py:190} INFO - [2025-09-29T14:35:59.946+0000] {dagbag.py:588} INFO - Filling up the DagBag from /home/airflow/.local/lib/python3.12/site-packages/airflow/example_dags/example_branch_operator.py
[2025-09-29T14:35:59.956+0000] {processor.py:925} INFO - DAG(s) 'example_branch_operator' retrieved from /home/airflow/.local/lib/python3.12/site-packages/airflow/example_dags/example_branch_operator.py
[2025-09-29T14:35:59.973+0000] {logging_mixin.py:190} INFO - [2025-09-29T14:35:59.973+0000] {dag.py:3239} INFO - Sync 1 DAGs
[2025-09-29T14:35:59.986+0000] {logging_mixin.py:190} INFO - [2025-09-29T14:35:59.986+0000] {dag.py:4180} INFO - Setting next_dagrun for example_branch_operator to 2025-09-28 00:00:00+00:00, run_after=2025-09-29 00:00:00+00:00
[2025-09-29T14:36:00.003+0000] {processor.py:208} INFO - Processing /home/airflow/.local/lib/python3.12/site-packages/airflow/example_dags/example_branch_operator.py took 0.063 seconds
[2025-09-29T14:36:30.101+0000] {processor.py:186} INFO - Started process (PID=316) to work on /home/airflow/.local/lib/python3.12/site-packages/airflow/example_dags/example_branch_operator.py
[2025-09-29T14:36:30.102+0000] {processor.py:914} INFO - Processing file /home/airflow/.local/lib/python3.12/site-packages/airflow/example_dags/example_branch_operator.py for tasks to queue
[2025-09-29T14:36:30.103+0000] {logging_mixin.py:190} INFO - [2025-09-29T14:36:30.103+0000] {dagbag.py:588} INFO - Filling up the DagBag from /home/airflow/.local/lib/python3.12/site-packages/airflow/example_dags/example_branch_operator.py
[2025-09-29T14:36:30.112+0000] {processor.py:925} INFO - DAG(s) 'example_branch_operator' retrieved from /home/airflow/.local/lib/python3.12/site-packages/airflow/example_dags/example_branch_operator.py
[2025-09-29T14:36:30.125+0000] {logging_mixin.py:190} INFO - [2025-09-29T14:36:30.125+0000] {dag.py:3239} INFO - Sync 1 DAGs
[2025-09-29T14:36:30.137+0000] {logging_mixin.py:190} INFO - [2025-09-29T14:36:30.137+0000] {dag.py:4180} INFO - Setting next_dagrun for example_branch_operator to 2025-09-28 00:00:00+00:00, run_after=2025-09-29 00:00:00+00:00
[2025-09-29T14:36:30.153+0000] {processor.py:208} INFO - Processing /home/airflow/.local/lib/python3.12/site-packages/airflow/example_dags/example_branch_operator.py took 0.056 seconds
[2025-09-29T14:37:00.312+0000] {processor.py:186} INFO - Started process (PID=380) to work on /home/airflow/.local/lib/python3.12/site-packages/airflow/example_dags/example_branch_operator.py
[2025-09-29T14:37:00.313+0000] {processor.py:914} INFO - Processing file /home/airflow/.local/lib/python3.12/site-packages/airflow/example_dags/example_branch_operator.py for tasks to queue
[2025-09-29T14:37:00.314+0000] {logging_mixin.py:190} INFO - [2025-09-29T14:37:00.314+0000] {dagbag.py:588} INFO - Filling up the DagBag from /home/airflow/.local/lib/python3.12/site-packages/airflow/example_dags/example_branch_operator.py
[2025-09-29T14:37:00.324+0000] {processor.py:925} INFO - DAG(s) 'example_branch_operator' retrieved from /home/airflow/.local/lib/python3.12/site-packages/airflow/example_dags/example_branch_operator.py
[2025-09-29T14:37:00.341+0000] {logging_mixin.py:190} INFO - [2025-09-29T14:37:00.341+0000] {dag.py:3239} INFO - Sync 1 DAGs
[2025-09-29T14:37:00.358+0000] {logging_mixin.py:190} INFO - [2025-09-29T14:37:00.358+0000] {dag.py:4180} INFO - Setting next_dagrun for example_branch_operator to 2025-09-28 00:00:00+00:00, run_after=2025-09-29 00:00:00+00:00
[2025-09-29T14:37:00.370+0000] {processor.py:208} INFO - Processing /home/airflow/.local/lib/python3.12/site-packages/airflow/example_dags/example_branch_operator.py took 0.062 seconds
[2025-09-29T14:37:30.605+0000] {processor.py:186} INFO - Started process (PID=443) to work on /home/airflow/.local/lib/python3.12/site-packages/airflow/example_dags/example_branch_operator.py
[2025-09-29T14:37:30.605+0000] {processor.py:914} INFO - Processing file /home/airflow/.local/lib/python3.12/site-packages/airflow/example_dags/example_branch_operator.py for tasks to queue
[2025-09-29T14:37:30.607+0000] {logging_mixin.py:190} INFO - [2025-09-29T14:37:30.606+0000] {dagbag.py:588} INFO - Filling up the DagBag from /home/airflow/.local/lib/python3.12/site-packages/airflow/example_dags/example_branch_operator.py
[2025-09-29T14:37:30.615+0000] {processor.py:925} INFO - DAG(s) 'example_branch_operator' retrieved from /home/airflow/.local/lib/python3.12/site-packages/airflow/example_dags/example_branch_operator.py
[2025-09-29T14:37:30.636+0000] {logging_mixin.py:190} INFO - [2025-09-29T14:37:30.636+0000] {dag.py:3239} INFO - Sync 1 DAGs
[2025-09-29T14:37:30.652+0000] {logging_mixin.py:190} INFO - [2025-09-29T14:37:30.652+0000] {dag.py:4180} INFO - Setting next_dagrun for example_branch_operator to 2025-09-28 00:00:00+00:00, run_after=2025-09-29 00:00:00+00:00
[2025-09-29T14:37:30.666+0000] {processor.py:208} INFO - Processing /home/airflow/.local/lib/python3.12/site-packages/airflow/example_dags/example_branch_operator.py took 0.064 seconds
[2025-09-29T14:38:01.020+0000] {processor.py:186} INFO - Started process (PID=513) to work on /home/airflow/.local/lib/python3.12/site-packages/airflow/example_dags/example_branch_operator.py
[2025-09-29T14:38:01.021+0000] {processor.py:914} INFO - Processing file /home/airflow/.local/lib/python3.12/site-packages/airflow/example_dags/example_branch_operator.py for tasks to queue
[2025-09-29T14:38:01.023+0000] {logging_mixin.py:190} INFO - [2025-09-29T14:38:01.023+0000] {dagbag.py:588} INFO - Filling up the DagBag from /home/airflow/.local/lib/python3.12/site-packages/airflow/example_dags/example_branch_operator.py
[2025-09-29T14:38:01.036+0000] {processor.py:925} INFO - DAG(s) 'example_branch_operator' retrieved from /home/airflow/.local/lib/python3.12/site-packages/airflow/example_dags/example_branch_operator.py
[2025-09-29T14:38:01.064+0000] {logging_mixin.py:190} INFO - [2025-09-29T14:38:01.064+0000] {dag.py:3239} INFO - Sync 1 DAGs
[2025-09-29T14:38:01.079+0000] {logging_mixin.py:190} INFO - [2025-09-29T14:38:01.079+0000] {dag.py:4180} INFO - Setting next_dagrun for example_branch_operator to 2025-09-28 00:00:00+00:00, run_after=2025-09-29 00:00:00+00:00
[2025-09-29T14:38:01.090+0000] {processor.py:208} INFO - Processing /home/airflow/.local/lib/python3.12/site-packages/airflow/example_dags/example_branch_operator.py took 0.074 seconds
[2025-09-29T14:38:31.444+0000] {processor.py:186} INFO - Started process (PID=585) to work on /home/airflow/.local/lib/python3.12/site-packages/airflow/example_dags/example_branch_operator.py
[2025-09-29T14:38:31.446+0000] {processor.py:914} INFO - Processing file /home/airflow/.local/lib/python3.12/site-packages/airflow/example_dags/example_branch_operator.py for tasks to queue
[2025-09-29T14:38:31.447+0000] {logging_mixin.py:190} INFO - [2025-09-29T14:38:31.447+0000] {dagbag.py:588} INFO - Filling up the DagBag from /home/airflow/.local/lib/python3.12/site-packages/airflow/example_dags/example_branch_operator.py
[2025-09-29T14:38:31.456+0000] {processor.py:925} INFO - DAG(s) 'example_branch_operator' retrieved from /home/airflow/.local/lib/python3.12/site-packages/airflow/example_dags/example_branch_operator.py
[2025-09-29T14:38:31.472+0000] {logging_mixin.py:190} INFO - [2025-09-29T14:38:31.472+0000] {dag.py:3239} INFO - Sync 1 DAGs
[2025-09-29T14:38:31.486+0000] {logging_mixin.py:190} INFO - [2025-09-29T14:38:31.486+0000] {dag.py:4180} INFO - Setting next_dagrun for example_branch_operator to 2025-09-28 00:00:00+00:00, run_after=2025-09-29 00:00:00+00:00
[2025-09-29T14:38:31.503+0000] {processor.py:208} INFO - Processing /home/airflow/.local/lib/python3.12/site-packages/airflow/example_dags/example_branch_operator.py took 0.062 seconds
[2025-09-29T14:39:01.860+0000] {processor.py:186} INFO - Started process (PID=648) to work on /home/airflow/.local/lib/python3.12/site-packages/airflow/example_dags/example_branch_operator.py
[2025-09-29T14:39:01.860+0000] {processor.py:914} INFO - Processing file /home/airflow/.local/lib/python3.12/site-packages/airflow/example_dags/example_branch_operator.py for tasks to queue
[2025-09-29T14:39:01.862+0000] {logging_mixin.py:190} INFO - [2025-09-29T14:39:01.861+0000] {dagbag.py:588} INFO - Filling up the DagBag from /home/airflow/.local/lib/python3.12/site-packages/airflow/example_dags/example_branch_operator.py
[2025-09-29T14:39:01.873+0000] {processor.py:925} INFO - DAG(s) 'example_branch_operator' retrieved from /home/airflow/.local/lib/python3.12/site-packages/airflow/example_dags/example_branch_operator.py
[2025-09-29T14:39:01.891+0000] {logging_mixin.py:190} INFO - [2025-09-29T14:39:01.890+0000] {dag.py:3239} INFO - Sync 1 DAGs
[2025-09-29T14:39:01.904+0000] {logging_mixin.py:190} INFO - [2025-09-29T14:39:01.903+0000] {dag.py:4180} INFO - Setting next_dagrun for example_branch_operator to 2025-09-28 00:00:00+00:00, run_after=2025-09-29 00:00:00+00:00
[2025-09-29T14:39:01.913+0000] {processor.py:208} INFO - Processing /home/airflow/.local/lib/python3.12/site-packages/airflow/example_dags/example_branch_operator.py took 0.056 seconds
[2025-09-29T14:39:32.376+0000] {processor.py:186} INFO - Started process (PID=711) to work on /home/airflow/.local/lib/python3.12/site-packages/airflow/example_dags/example_branch_operator.py
[2025-09-29T14:39:32.384+0000] {processor.py:914} INFO - Processing file /home/airflow/.local/lib/python3.12/site-packages/airflow/example_dags/example_branch_operator.py for tasks to queue
[2025-09-29T14:39:32.389+0000] {logging_mixin.py:190} INFO - [2025-09-29T14:39:32.389+0000] {dagbag.py:588} INFO - Filling up the DagBag from /home/airflow/.local/lib/python3.12/site-packages/airflow/example_dags/example_branch_operator.py
[2025-09-29T14:39:32.406+0000] {processor.py:925} INFO - DAG(s) 'example_branch_operator' retrieved from /home/airflow/.local/lib/python3.12/site-packages/airflow/example_dags/example_branch_operator.py
[2025-09-29T14:39:32.425+0000] {logging_mixin.py:190} INFO - [2025-09-29T14:39:32.425+0000] {dag.py:3239} INFO - Sync 1 DAGs
[2025-09-29T14:39:32.441+0000] {logging_mixin.py:190} INFO - [2025-09-29T14:39:32.441+0000] {dag.py:4180} INFO - Setting next_dagrun for example_branch_operator to 2025-09-28 00:00:00+00:00, run_after=2025-09-29 00:00:00+00:00
[2025-09-29T14:39:32.457+0000] {processor.py:208} INFO - Processing /home/airflow/.local/lib/python3.12/site-packages/airflow/example_dags/example_branch_operator.py took 0.137 seconds
[2025-09-29T14:40:02.838+0000] {processor.py:186} INFO - Started process (PID=775) to work on /home/airflow/.local/lib/python3.12/site-packages/airflow/example_dags/example_branch_operator.py
[2025-09-29T14:40:02.839+0000] {processor.py:914} INFO - Processing file /home/airflow/.local/lib/python3.12/site-packages/airflow/example_dags/example_branch_operator.py for tasks to queue
[2025-09-29T14:40:02.840+0000] {logging_mixin.py:190} INFO - [2025-09-29T14:40:02.840+0000] {dagbag.py:588} INFO - Filling up the DagBag from /home/airflow/.local/lib/python3.12/site-packages/airflow/example_dags/example_branch_operator.py
[2025-09-29T14:40:02.849+0000] {processor.py:925} INFO - DAG(s) 'example_branch_operator' retrieved from /home/airflow/.local/lib/python3.12/site-packages/airflow/example_dags/example_branch_operator.py
[2025-09-29T14:40:02.866+0000] {logging_mixin.py:190} INFO - [2025-09-29T14:40:02.866+0000] {dag.py:3239} INFO - Sync 1 DAGs
[2025-09-29T14:40:02.880+0000] {logging_mixin.py:190} INFO - [2025-09-29T14:40:02.880+0000] {dag.py:4180} INFO - Setting next_dagrun for example_branch_operator to 2025-09-28 00:00:00+00:00, run_after=2025-09-29 00:00:00+00:00
[2025-09-29T14:40:02.894+0000] {processor.py:208} INFO - Processing /home/airflow/.local/lib/python3.12/site-packages/airflow/example_dags/example_branch_operator.py took 0.059 seconds
[2025-09-29T14:40:33.255+0000] {processor.py:186} INFO - Started process (PID=838) to work on /home/airflow/.local/lib/python3.12/site-packages/airflow/example_dags/example_branch_operator.py
[2025-09-29T14:40:33.257+0000] {processor.py:914} INFO - Processing file /home/airflow/.local/lib/python3.12/site-packages/airflow/example_dags/example_branch_operator.py for tasks to queue
[2025-09-29T14:40:33.258+0000] {logging_mixin.py:190} INFO - [2025-09-29T14:40:33.258+0000] {dagbag.py:588} INFO - Filling up the DagBag from /home/airflow/.local/lib/python3.12/site-packages/airflow/example_dags/example_branch_operator.py
[2025-09-29T14:40:33.268+0000] {processor.py:925} INFO - DAG(s) 'example_branch_operator' retrieved from /home/airflow/.local/lib/python3.12/site-packages/airflow/example_dags/example_branch_operator.py
[2025-09-29T14:40:33.285+0000] {logging_mixin.py:190} INFO - [2025-09-29T14:40:33.284+0000] {dag.py:3239} INFO - Sync 1 DAGs
[2025-09-29T14:40:33.299+0000] {logging_mixin.py:190} INFO - [2025-09-29T14:40:33.299+0000] {dag.py:4180} INFO - Setting next_dagrun for example_branch_operator to 2025-09-28 00:00:00+00:00, run_after=2025-09-29 00:00:00+00:00
[2025-09-29T14:40:33.310+0000] {processor.py:208} INFO - Processing /home/airflow/.local/lib/python3.12/site-packages/airflow/example_dags/example_branch_operator.py took 0.059 seconds
[2025-09-29T14:41:03.667+0000] {processor.py:186} INFO - Started process (PID=904) to work on /home/airflow/.local/lib/python3.12/site-packages/airflow/example_dags/example_branch_operator.py
[2025-09-29T14:41:03.669+0000] {processor.py:914} INFO - Processing file /home/airflow/.local/lib/python3.12/site-packages/airflow/example_dags/example_branch_operator.py for tasks to queue
[2025-09-29T14:41:03.672+0000] {logging_mixin.py:190} INFO - [2025-09-29T14:41:03.672+0000] {dagbag.py:588} INFO - Filling up the DagBag from /home/airflow/.local/lib/python3.12/site-packages/airflow/example_dags/example_branch_operator.py
[2025-09-29T14:41:03.682+0000] {processor.py:925} INFO - DAG(s) 'example_branch_operator' retrieved from /home/airflow/.local/lib/python3.12/site-packages/airflow/example_dags/example_branch_operator.py
[2025-09-29T14:41:03.702+0000] {logging_mixin.py:190} INFO - [2025-09-29T14:41:03.702+0000] {dag.py:3239} INFO - Sync 1 DAGs
[2025-09-29T14:41:03.715+0000] {logging_mixin.py:190} INFO - [2025-09-29T14:41:03.715+0000] {dag.py:4180} INFO - Setting next_dagrun for example_branch_operator to 2025-09-28 00:00:00+00:00, run_after=2025-09-29 00:00:00+00:00
[2025-09-29T14:41:03.728+0000] {processor.py:208} INFO - Processing /home/airflow/.local/lib/python3.12/site-packages/airflow/example_dags/example_branch_operator.py took 0.064 seconds
[2025-09-29T14:41:33.929+0000] {processor.py:186} INFO - Started process (PID=968) to work on /home/airflow/.local/lib/python3.12/site-packages/airflow/example_dags/example_branch_operator.py
[2025-09-29T14:41:33.933+0000] {processor.py:914} INFO - Processing file /home/airflow/.local/lib/python3.12/site-packages/airflow/example_dags/example_branch_operator.py for tasks to queue
[2025-09-29T14:41:33.935+0000] {logging_mixin.py:190} INFO - [2025-09-29T14:41:33.935+0000] {dagbag.py:588} INFO - Filling up the DagBag from /home/airflow/.local/lib/python3.12/site-packages/airflow/example_dags/example_branch_operator.py
[2025-09-29T14:41:33.946+0000] {processor.py:925} INFO - DAG(s) 'example_branch_operator' retrieved from /home/airflow/.local/lib/python3.12/site-packages/airflow/example_dags/example_branch_operator.py
[2025-09-29T14:41:33.967+0000] {logging_mixin.py:190} INFO - [2025-09-29T14:41:33.967+0000] {dag.py:3239} INFO - Sync 1 DAGs
[2025-09-29T14:41:33.980+0000] {logging_mixin.py:190} INFO - [2025-09-29T14:41:33.980+0000] {dag.py:4180} INFO - Setting next_dagrun for example_branch_operator to 2025-09-28 00:00:00+00:00, run_after=2025-09-29 00:00:00+00:00
[2025-09-29T14:41:33.995+0000] {processor.py:208} INFO - Processing /home/airflow/.local/lib/python3.12/site-packages/airflow/example_dags/example_branch_operator.py took 0.069 seconds
[2025-09-29T14:42:04.443+0000] {processor.py:186} INFO - Started process (PID=1033) to work on /home/airflow/.local/lib/python3.12/site-packages/airflow/example_dags/example_branch_operator.py
[2025-09-29T14:42:04.448+0000] {processor.py:914} INFO - Processing file /home/airflow/.local/lib/python3.12/site-packages/airflow/example_dags/example_branch_operator.py for tasks to queue
[2025-09-29T14:42:04.450+0000] {logging_mixin.py:190} INFO - [2025-09-29T14:42:04.450+0000] {dagbag.py:588} INFO - Filling up the DagBag from /home/airflow/.local/lib/python3.12/site-packages/airflow/example_dags/example_branch_operator.py
[2025-09-29T14:42:04.461+0000] {processor.py:925} INFO - DAG(s) 'example_branch_operator' retrieved from /home/airflow/.local/lib/python3.12/site-packages/airflow/example_dags/example_branch_operator.py
[2025-09-29T14:42:04.480+0000] {logging_mixin.py:190} INFO - [2025-09-29T14:42:04.480+0000] {dag.py:3239} INFO - Sync 1 DAGs
[2025-09-29T14:42:04.494+0000] {logging_mixin.py:190} INFO - [2025-09-29T14:42:04.494+0000] {dag.py:4180} INFO - Setting next_dagrun for example_branch_operator to 2025-09-28 00:00:00+00:00, run_after=2025-09-29 00:00:00+00:00
[2025-09-29T14:42:04.512+0000] {processor.py:208} INFO - Processing /home/airflow/.local/lib/python3.12/site-packages/airflow/example_dags/example_branch_operator.py took 0.072 seconds
[2025-09-29T14:42:34.839+0000] {processor.py:186} INFO - Started process (PID=1097) to work on /home/airflow/.local/lib/python3.12/site-packages/airflow/example_dags/example_branch_operator.py
[2025-09-29T14:42:34.840+0000] {processor.py:914} INFO - Processing file /home/airflow/.local/lib/python3.12/site-packages/airflow/example_dags/example_branch_operator.py for tasks to queue
[2025-09-29T14:42:34.842+0000] {logging_mixin.py:190} INFO - [2025-09-29T14:42:34.842+0000] {dagbag.py:588} INFO - Filling up the DagBag from /home/airflow/.local/lib/python3.12/site-packages/airflow/example_dags/example_branch_operator.py
[2025-09-29T14:42:34.851+0000] {processor.py:925} INFO - DAG(s) 'example_branch_operator' retrieved from /home/airflow/.local/lib/python3.12/site-packages/airflow/example_dags/example_branch_operator.py
[2025-09-29T14:42:34.868+0000] {logging_mixin.py:190} INFO - [2025-09-29T14:42:34.868+0000] {dag.py:3239} INFO - Sync 1 DAGs
[2025-09-29T14:42:34.881+0000] {logging_mixin.py:190} INFO - [2025-09-29T14:42:34.881+0000] {dag.py:4180} INFO - Setting next_dagrun for example_branch_operator to 2025-09-28 00:00:00+00:00, run_after=2025-09-29 00:00:00+00:00
[2025-09-29T14:42:34.891+0000] {processor.py:208} INFO - Processing /home/airflow/.local/lib/python3.12/site-packages/airflow/example_dags/example_branch_operator.py took 0.055 seconds
[2025-09-29T14:43:05.177+0000] {processor.py:186} INFO - Started process (PID=1161) to work on /home/airflow/.local/lib/python3.12/site-packages/airflow/example_dags/example_branch_operator.py
[2025-09-29T14:43:05.177+0000] {processor.py:914} INFO - Processing file /home/airflow/.local/lib/python3.12/site-packages/airflow/example_dags/example_branch_operator.py for tasks to queue
[2025-09-29T14:43:05.179+0000] {logging_mixin.py:190} INFO - [2025-09-29T14:43:05.179+0000] {dagbag.py:588} INFO - Filling up the DagBag from /home/airflow/.local/lib/python3.12/site-packages/airflow/example_dags/example_branch_operator.py
[2025-09-29T14:43:05.188+0000] {processor.py:925} INFO - DAG(s) 'example_branch_operator' retrieved from /home/airflow/.local/lib/python3.12/site-packages/airflow/example_dags/example_branch_operator.py
[2025-09-29T14:43:05.203+0000] {logging_mixin.py:190} INFO - [2025-09-29T14:43:05.203+0000] {dag.py:3239} INFO - Sync 1 DAGs
[2025-09-29T14:43:05.216+0000] {logging_mixin.py:190} INFO - [2025-09-29T14:43:05.216+0000] {dag.py:4180} INFO - Setting next_dagrun for example_branch_operator to 2025-09-28 00:00:00+00:00, run_after=2025-09-29 00:00:00+00:00
[2025-09-29T14:43:05.226+0000] {processor.py:208} INFO - Processing /home/airflow/.local/lib/python3.12/site-packages/airflow/example_dags/example_branch_operator.py took 0.052 seconds
[2025-09-29T14:43:35.474+0000] {processor.py:186} INFO - Started process (PID=1226) to work on /home/airflow/.local/lib/python3.12/site-packages/airflow/example_dags/example_branch_operator.py
[2025-09-29T14:43:35.475+0000] {processor.py:914} INFO - Processing file /home/airflow/.local/lib/python3.12/site-packages/airflow/example_dags/example_branch_operator.py for tasks to queue
[2025-09-29T14:43:35.476+0000] {logging_mixin.py:190} INFO - [2025-09-29T14:43:35.476+0000] {dagbag.py:588} INFO - Filling up the DagBag from /home/airflow/.local/lib/python3.12/site-packages/airflow/example_dags/example_branch_operator.py
[2025-09-29T14:43:35.484+0000] {processor.py:925} INFO - DAG(s) 'example_branch_operator' retrieved from /home/airflow/.local/lib/python3.12/site-packages/airflow/example_dags/example_branch_operator.py
[2025-09-29T14:43:35.502+0000] {logging_mixin.py:190} INFO - [2025-09-29T14:43:35.502+0000] {dag.py:3239} INFO - Sync 1 DAGs
[2025-09-29T14:43:35.513+0000] {logging_mixin.py:190} INFO - [2025-09-29T14:43:35.513+0000] {dag.py:4180} INFO - Setting next_dagrun for example_branch_operator to 2025-09-28 00:00:00+00:00, run_after=2025-09-29 00:00:00+00:00
[2025-09-29T14:43:35.524+0000] {processor.py:208} INFO - Processing /home/airflow/.local/lib/python3.12/site-packages/airflow/example_dags/example_branch_operator.py took 0.053 seconds
[2025-09-29T14:44:05.619+0000] {processor.py:186} INFO - Started process (PID=1289) to work on /home/airflow/.local/lib/python3.12/site-packages/airflow/example_dags/example_branch_operator.py
[2025-09-29T14:44:05.619+0000] {processor.py:914} INFO - Processing file /home/airflow/.local/lib/python3.12/site-packages/airflow/example_dags/example_branch_operator.py for tasks to queue
[2025-09-29T14:44:05.621+0000] {logging_mixin.py:190} INFO - [2025-09-29T14:44:05.621+0000] {dagbag.py:588} INFO - Filling up the DagBag from /home/airflow/.local/lib/python3.12/site-packages/airflow/example_dags/example_branch_operator.py
[2025-09-29T14:44:05.635+0000] {processor.py:925} INFO - DAG(s) 'example_branch_operator' retrieved from /home/airflow/.local/lib/python3.12/site-packages/airflow/example_dags/example_branch_operator.py
[2025-09-29T14:44:05.667+0000] {logging_mixin.py:190} INFO - [2025-09-29T14:44:05.667+0000] {dag.py:3239} INFO - Sync 1 DAGs
[2025-09-29T14:44:05.699+0000] {logging_mixin.py:190} INFO - [2025-09-29T14:44:05.698+0000] {dag.py:4180} INFO - Setting next_dagrun for example_branch_operator to 2025-09-28 00:00:00+00:00, run_after=2025-09-29 00:00:00+00:00
[2025-09-29T14:44:06.082+0000] {processor.py:208} INFO - Processing /home/airflow/.local/lib/python3.12/site-packages/airflow/example_dags/example_branch_operator.py took 0.467 seconds
[2025-09-29T14:44:36.543+0000] {processor.py:186} INFO - Started process (PID=1352) to work on /home/airflow/.local/lib/python3.12/site-packages/airflow/example_dags/example_branch_operator.py
[2025-09-29T14:44:36.545+0000] {processor.py:914} INFO - Processing file /home/airflow/.local/lib/python3.12/site-packages/airflow/example_dags/example_branch_operator.py for tasks to queue
[2025-09-29T14:44:36.547+0000] {logging_mixin.py:190} INFO - [2025-09-29T14:44:36.547+0000] {dagbag.py:588} INFO - Filling up the DagBag from /home/airflow/.local/lib/python3.12/site-packages/airflow/example_dags/example_branch_operator.py
[2025-09-29T14:44:36.562+0000] {processor.py:925} INFO - DAG(s) 'example_branch_operator' retrieved from /home/airflow/.local/lib/python3.12/site-packages/airflow/example_dags/example_branch_operator.py
[2025-09-29T14:44:36.585+0000] {logging_mixin.py:190} INFO - [2025-09-29T14:44:36.584+0000] {dag.py:3239} INFO - Sync 1 DAGs
[2025-09-29T14:44:36.597+0000] {logging_mixin.py:190} INFO - [2025-09-29T14:44:36.597+0000] {dag.py:4180} INFO - Setting next_dagrun for example_branch_operator to 2025-09-28 00:00:00+00:00, run_after=2025-09-29 00:00:00+00:00
[2025-09-29T14:44:36.613+0000] {processor.py:208} INFO - Processing /home/airflow/.local/lib/python3.12/site-packages/airflow/example_dags/example_branch_operator.py took 0.074 seconds
[2025-09-29T14:45:06.978+0000] {processor.py:186} INFO - Started process (PID=1416) to work on /home/airflow/.local/lib/python3.12/site-packages/airflow/example_dags/example_branch_operator.py
[2025-09-29T14:45:06.979+0000] {processor.py:914} INFO - Processing file /home/airflow/.local/lib/python3.12/site-packages/airflow/example_dags/example_branch_operator.py for tasks to queue
[2025-09-29T14:45:06.981+0000] {logging_mixin.py:190} INFO - [2025-09-29T14:45:06.981+0000] {dagbag.py:588} INFO - Filling up the DagBag from /home/airflow/.local/lib/python3.12/site-packages/airflow/example_dags/example_branch_operator.py
[2025-09-29T14:45:06.990+0000] {processor.py:925} INFO - DAG(s) 'example_branch_operator' retrieved from /home/airflow/.local/lib/python3.12/site-packages/airflow/example_dags/example_branch_operator.py
[2025-09-29T14:45:07.004+0000] {logging_mixin.py:190} INFO - [2025-09-29T14:45:07.003+0000] {dag.py:3239} INFO - Sync 1 DAGs
[2025-09-29T14:45:07.016+0000] {logging_mixin.py:190} INFO - [2025-09-29T14:45:07.016+0000] {dag.py:4180} INFO - Setting next_dagrun for example_branch_operator to 2025-09-28 00:00:00+00:00, run_after=2025-09-29 00:00:00+00:00
[2025-09-29T14:45:07.028+0000] {processor.py:208} INFO - Processing /home/airflow/.local/lib/python3.12/site-packages/airflow/example_dags/example_branch_operator.py took 0.053 seconds
[2025-09-29T14:45:37.374+0000] {processor.py:186} INFO - Started process (PID=1480) to work on /home/airflow/.local/lib/python3.12/site-packages/airflow/example_dags/example_branch_operator.py
[2025-09-29T14:45:37.374+0000] {processor.py:914} INFO - Processing file /home/airflow/.local/lib/python3.12/site-packages/airflow/example_dags/example_branch_operator.py for tasks to queue
[2025-09-29T14:45:37.376+0000] {logging_mixin.py:190} INFO - [2025-09-29T14:45:37.375+0000] {dagbag.py:588} INFO - Filling up the DagBag from /home/airflow/.local/lib/python3.12/site-packages/airflow/example_dags/example_branch_operator.py
[2025-09-29T14:45:37.385+0000] {processor.py:925} INFO - DAG(s) 'example_branch_operator' retrieved from /home/airflow/.local/lib/python3.12/site-packages/airflow/example_dags/example_branch_operator.py
[2025-09-29T14:45:37.399+0000] {logging_mixin.py:190} INFO - [2025-09-29T14:45:37.399+0000] {dag.py:3239} INFO - Sync 1 DAGs
[2025-09-29T14:45:37.412+0000] {logging_mixin.py:190} INFO - [2025-09-29T14:45:37.411+0000] {dag.py:4180} INFO - Setting next_dagrun for example_branch_operator to 2025-09-28 00:00:00+00:00, run_after=2025-09-29 00:00:00+00:00
[2025-09-29T14:45:37.421+0000] {processor.py:208} INFO - Processing /home/airflow/.local/lib/python3.12/site-packages/airflow/example_dags/example_branch_operator.py took 0.051 seconds
[2025-09-29T14:46:07.940+0000] {processor.py:186} INFO - Started process (PID=1544) to work on /home/airflow/.local/lib/python3.12/site-packages/airflow/example_dags/example_branch_operator.py
[2025-09-29T14:46:07.941+0000] {processor.py:914} INFO - Processing file /home/airflow/.local/lib/python3.12/site-packages/airflow/example_dags/example_branch_operator.py for tasks to queue
[2025-09-29T14:46:07.942+0000] {logging_mixin.py:190} INFO - [2025-09-29T14:46:07.942+0000] {dagbag.py:588} INFO - Filling up the DagBag from /home/airflow/.local/lib/python3.12/site-packages/airflow/example_dags/example_branch_operator.py
[2025-09-29T14:46:07.955+0000] {processor.py:925} INFO - DAG(s) 'example_branch_operator' retrieved from /home/airflow/.local/lib/python3.12/site-packages/airflow/example_dags/example_branch_operator.py
[2025-09-29T14:46:07.975+0000] {logging_mixin.py:190} INFO - [2025-09-29T14:46:07.975+0000] {dag.py:3239} INFO - Sync 1 DAGs
[2025-09-29T14:46:07.988+0000] {logging_mixin.py:190} INFO - [2025-09-29T14:46:07.988+0000] {dag.py:4180} INFO - Setting next_dagrun for example_branch_operator to 2025-09-28 00:00:00+00:00, run_after=2025-09-29 00:00:00+00:00
[2025-09-29T14:46:08.000+0000] {processor.py:208} INFO - Processing /home/airflow/.local/lib/python3.12/site-packages/airflow/example_dags/example_branch_operator.py took 0.063 seconds
[2025-09-29T14:46:38.491+0000] {processor.py:186} INFO - Started process (PID=1608) to work on /home/airflow/.local/lib/python3.12/site-packages/airflow/example_dags/example_branch_operator.py
[2025-09-29T14:46:38.492+0000] {processor.py:914} INFO - Processing file /home/airflow/.local/lib/python3.12/site-packages/airflow/example_dags/example_branch_operator.py for tasks to queue
[2025-09-29T14:46:38.493+0000] {logging_mixin.py:190} INFO - [2025-09-29T14:46:38.492+0000] {dagbag.py:588} INFO - Filling up the DagBag from /home/airflow/.local/lib/python3.12/site-packages/airflow/example_dags/example_branch_operator.py
[2025-09-29T14:46:38.506+0000] {processor.py:925} INFO - DAG(s) 'example_branch_operator' retrieved from /home/airflow/.local/lib/python3.12/site-packages/airflow/example_dags/example_branch_operator.py
[2025-09-29T14:46:38.526+0000] {logging_mixin.py:190} INFO - [2025-09-29T14:46:38.526+0000] {dag.py:3239} INFO - Sync 1 DAGs
[2025-09-29T14:46:38.544+0000] {logging_mixin.py:190} INFO - [2025-09-29T14:46:38.544+0000] {dag.py:4180} INFO - Setting next_dagrun for example_branch_operator to 2025-09-28 00:00:00+00:00, run_after=2025-09-29 00:00:00+00:00
[2025-09-29T14:46:38.563+0000] {processor.py:208} INFO - Processing /home/airflow/.local/lib/python3.12/site-packages/airflow/example_dags/example_branch_operator.py took 0.076 seconds
[2025-09-29T14:47:08.875+0000] {processor.py:186} INFO - Started process (PID=1672) to work on /home/airflow/.local/lib/python3.12/site-packages/airflow/example_dags/example_branch_operator.py
[2025-09-29T14:47:08.876+0000] {processor.py:914} INFO - Processing file /home/airflow/.local/lib/python3.12/site-packages/airflow/example_dags/example_branch_operator.py for tasks to queue
[2025-09-29T14:47:08.877+0000] {logging_mixin.py:190} INFO - [2025-09-29T14:47:08.877+0000] {dagbag.py:588} INFO - Filling up the DagBag from /home/airflow/.local/lib/python3.12/site-packages/airflow/example_dags/example_branch_operator.py
[2025-09-29T14:47:08.886+0000] {processor.py:925} INFO - DAG(s) 'example_branch_operator' retrieved from /home/airflow/.local/lib/python3.12/site-packages/airflow/example_dags/example_branch_operator.py
[2025-09-29T14:47:08.904+0000] {logging_mixin.py:190} INFO - [2025-09-29T14:47:08.904+0000] {dag.py:3239} INFO - Sync 1 DAGs
[2025-09-29T14:47:08.916+0000] {logging_mixin.py:190} INFO - [2025-09-29T14:47:08.916+0000] {dag.py:4180} INFO - Setting next_dagrun for example_branch_operator to 2025-09-28 00:00:00+00:00, run_after=2025-09-29 00:00:00+00:00
[2025-09-29T14:47:08.924+0000] {processor.py:208} INFO - Processing /home/airflow/.local/lib/python3.12/site-packages/airflow/example_dags/example_branch_operator.py took 0.052 seconds
[2025-09-29T14:47:39.386+0000] {processor.py:186} INFO - Started process (PID=1736) to work on /home/airflow/.local/lib/python3.12/site-packages/airflow/example_dags/example_branch_operator.py
[2025-09-29T14:47:39.387+0000] {processor.py:914} INFO - Processing file /home/airflow/.local/lib/python3.12/site-packages/airflow/example_dags/example_branch_operator.py for tasks to queue
[2025-09-29T14:47:39.388+0000] {logging_mixin.py:190} INFO - [2025-09-29T14:47:39.388+0000] {dagbag.py:588} INFO - Filling up the DagBag from /home/airflow/.local/lib/python3.12/site-packages/airflow/example_dags/example_branch_operator.py
[2025-09-29T14:47:39.398+0000] {processor.py:925} INFO - DAG(s) 'example_branch_operator' retrieved from /home/airflow/.local/lib/python3.12/site-packages/airflow/example_dags/example_branch_operator.py
[2025-09-29T14:47:39.414+0000] {logging_mixin.py:190} INFO - [2025-09-29T14:47:39.414+0000] {dag.py:3239} INFO - Sync 1 DAGs
[2025-09-29T14:47:39.427+0000] {logging_mixin.py:190} INFO - [2025-09-29T14:47:39.427+0000] {dag.py:4180} INFO - Setting next_dagrun for example_branch_operator to 2025-09-28 00:00:00+00:00, run_after=2025-09-29 00:00:00+00:00
[2025-09-29T14:47:39.440+0000] {processor.py:208} INFO - Processing /home/airflow/.local/lib/python3.12/site-packages/airflow/example_dags/example_branch_operator.py took 0.058 seconds
[2025-09-29T14:48:09.689+0000] {processor.py:186} INFO - Started process (PID=1800) to work on /home/airflow/.local/lib/python3.12/site-packages/airflow/example_dags/example_branch_operator.py
[2025-09-29T14:48:09.691+0000] {processor.py:914} INFO - Processing file /home/airflow/.local/lib/python3.12/site-packages/airflow/example_dags/example_branch_operator.py for tasks to queue
[2025-09-29T14:48:09.696+0000] {logging_mixin.py:190} INFO - [2025-09-29T14:48:09.695+0000] {dagbag.py:588} INFO - Filling up the DagBag from /home/airflow/.local/lib/python3.12/site-packages/airflow/example_dags/example_branch_operator.py
[2025-09-29T14:48:09.707+0000] {processor.py:925} INFO - DAG(s) 'example_branch_operator' retrieved from /home/airflow/.local/lib/python3.12/site-packages/airflow/example_dags/example_branch_operator.py
[2025-09-29T14:48:09.724+0000] {logging_mixin.py:190} INFO - [2025-09-29T14:48:09.723+0000] {dag.py:3239} INFO - Sync 1 DAGs
[2025-09-29T14:48:09.741+0000] {logging_mixin.py:190} INFO - [2025-09-29T14:48:09.741+0000] {dag.py:4180} INFO - Setting next_dagrun for example_branch_operator to 2025-09-28 00:00:00+00:00, run_after=2025-09-29 00:00:00+00:00
[2025-09-29T14:48:09.752+0000] {processor.py:208} INFO - Processing /home/airflow/.local/lib/python3.12/site-packages/airflow/example_dags/example_branch_operator.py took 0.067 seconds
[2025-09-29T14:48:40.136+0000] {processor.py:186} INFO - Started process (PID=1864) to work on /home/airflow/.local/lib/python3.12/site-packages/airflow/example_dags/example_branch_operator.py
[2025-09-29T14:48:40.138+0000] {processor.py:914} INFO - Processing file /home/airflow/.local/lib/python3.12/site-packages/airflow/example_dags/example_branch_operator.py for tasks to queue
[2025-09-29T14:48:40.139+0000] {logging_mixin.py:190} INFO - [2025-09-29T14:48:40.139+0000] {dagbag.py:588} INFO - Filling up the DagBag from /home/airflow/.local/lib/python3.12/site-packages/airflow/example_dags/example_branch_operator.py
[2025-09-29T14:48:40.148+0000] {processor.py:925} INFO - DAG(s) 'example_branch_operator' retrieved from /home/airflow/.local/lib/python3.12/site-packages/airflow/example_dags/example_branch_operator.py
[2025-09-29T14:48:40.164+0000] {logging_mixin.py:190} INFO - [2025-09-29T14:48:40.164+0000] {dag.py:3239} INFO - Sync 1 DAGs
[2025-09-29T14:48:40.179+0000] {logging_mixin.py:190} INFO - [2025-09-29T14:48:40.179+0000] {dag.py:4180} INFO - Setting next_dagrun for example_branch_operator to 2025-09-28 00:00:00+00:00, run_after=2025-09-29 00:00:00+00:00
[2025-09-29T14:48:40.190+0000] {processor.py:208} INFO - Processing /home/airflow/.local/lib/python3.12/site-packages/airflow/example_dags/example_branch_operator.py took 0.057 seconds
[2025-09-29T14:49:10.247+0000] {processor.py:186} INFO - Started process (PID=1928) to work on /home/airflow/.local/lib/python3.12/site-packages/airflow/example_dags/example_branch_operator.py
[2025-09-29T14:49:10.247+0000] {processor.py:914} INFO - Processing file /home/airflow/.local/lib/python3.12/site-packages/airflow/example_dags/example_branch_operator.py for tasks to queue
[2025-09-29T14:49:10.249+0000] {logging_mixin.py:190} INFO - [2025-09-29T14:49:10.249+0000] {dagbag.py:588} INFO - Filling up the DagBag from /home/airflow/.local/lib/python3.12/site-packages/airflow/example_dags/example_branch_operator.py
[2025-09-29T14:49:10.259+0000] {processor.py:925} INFO - DAG(s) 'example_branch_operator' retrieved from /home/airflow/.local/lib/python3.12/site-packages/airflow/example_dags/example_branch_operator.py
[2025-09-29T14:49:10.275+0000] {logging_mixin.py:190} INFO - [2025-09-29T14:49:10.275+0000] {dag.py:3239} INFO - Sync 1 DAGs
[2025-09-29T14:49:10.286+0000] {logging_mixin.py:190} INFO - [2025-09-29T14:49:10.286+0000] {dag.py:4180} INFO - Setting next_dagrun for example_branch_operator to 2025-09-28 00:00:00+00:00, run_after=2025-09-29 00:00:00+00:00
[2025-09-29T14:49:10.296+0000] {processor.py:208} INFO - Processing /home/airflow/.local/lib/python3.12/site-packages/airflow/example_dags/example_branch_operator.py took 0.052 seconds
[2025-09-29T14:49:40.773+0000] {processor.py:186} INFO - Started process (PID=1992) to work on /home/airflow/.local/lib/python3.12/site-packages/airflow/example_dags/example_branch_operator.py
[2025-09-29T14:49:40.773+0000] {processor.py:914} INFO - Processing file /home/airflow/.local/lib/python3.12/site-packages/airflow/example_dags/example_branch_operator.py for tasks to queue
[2025-09-29T14:49:40.775+0000] {logging_mixin.py:190} INFO - [2025-09-29T14:49:40.774+0000] {dagbag.py:588} INFO - Filling up the DagBag from /home/airflow/.local/lib/python3.12/site-packages/airflow/example_dags/example_branch_operator.py
[2025-09-29T14:49:40.783+0000] {processor.py:925} INFO - DAG(s) 'example_branch_operator' retrieved from /home/airflow/.local/lib/python3.12/site-packages/airflow/example_dags/example_branch_operator.py
[2025-09-29T14:49:40.799+0000] {logging_mixin.py:190} INFO - [2025-09-29T14:49:40.799+0000] {dag.py:3239} INFO - Sync 1 DAGs
[2025-09-29T14:49:40.811+0000] {logging_mixin.py:190} INFO - [2025-09-29T14:49:40.811+0000] {dag.py:4180} INFO - Setting next_dagrun for example_branch_operator to 2025-09-28 00:00:00+00:00, run_after=2025-09-29 00:00:00+00:00
[2025-09-29T14:49:40.827+0000] {processor.py:208} INFO - Processing /home/airflow/.local/lib/python3.12/site-packages/airflow/example_dags/example_branch_operator.py took 0.058 seconds
[2025-09-29T14:50:11.133+0000] {processor.py:186} INFO - Started process (PID=2056) to work on /home/airflow/.local/lib/python3.12/site-packages/airflow/example_dags/example_branch_operator.py
[2025-09-29T14:50:11.134+0000] {processor.py:914} INFO - Processing file /home/airflow/.local/lib/python3.12/site-packages/airflow/example_dags/example_branch_operator.py for tasks to queue
[2025-09-29T14:50:11.135+0000] {logging_mixin.py:190} INFO - [2025-09-29T14:50:11.135+0000] {dagbag.py:588} INFO - Filling up the DagBag from /home/airflow/.local/lib/python3.12/site-packages/airflow/example_dags/example_branch_operator.py
[2025-09-29T14:50:11.144+0000] {processor.py:925} INFO - DAG(s) 'example_branch_operator' retrieved from /home/airflow/.local/lib/python3.12/site-packages/airflow/example_dags/example_branch_operator.py
[2025-09-29T14:50:11.161+0000] {logging_mixin.py:190} INFO - [2025-09-29T14:50:11.161+0000] {dag.py:3239} INFO - Sync 1 DAGs
[2025-09-29T14:50:11.173+0000] {logging_mixin.py:190} INFO - [2025-09-29T14:50:11.173+0000] {dag.py:4180} INFO - Setting next_dagrun for example_branch_operator to 2025-09-28 00:00:00+00:00, run_after=2025-09-29 00:00:00+00:00
[2025-09-29T14:50:11.187+0000] {processor.py:208} INFO - Processing /home/airflow/.local/lib/python3.12/site-packages/airflow/example_dags/example_branch_operator.py took 0.057 seconds
[2025-09-29T14:50:41.384+0000] {processor.py:186} INFO - Started process (PID=2120) to work on /home/airflow/.local/lib/python3.12/site-packages/airflow/example_dags/example_branch_operator.py
[2025-09-29T14:50:41.387+0000] {processor.py:914} INFO - Processing file /home/airflow/.local/lib/python3.12/site-packages/airflow/example_dags/example_branch_operator.py for tasks to queue
[2025-09-29T14:50:41.388+0000] {logging_mixin.py:190} INFO - [2025-09-29T14:50:41.388+0000] {dagbag.py:588} INFO - Filling up the DagBag from /home/airflow/.local/lib/python3.12/site-packages/airflow/example_dags/example_branch_operator.py
[2025-09-29T14:50:41.397+0000] {processor.py:925} INFO - DAG(s) 'example_branch_operator' retrieved from /home/airflow/.local/lib/python3.12/site-packages/airflow/example_dags/example_branch_operator.py
[2025-09-29T14:50:41.411+0000] {logging_mixin.py:190} INFO - [2025-09-29T14:50:41.411+0000] {dag.py:3239} INFO - Sync 1 DAGs
[2025-09-29T14:50:41.427+0000] {logging_mixin.py:190} INFO - [2025-09-29T14:50:41.427+0000] {dag.py:4180} INFO - Setting next_dagrun for example_branch_operator to 2025-09-28 00:00:00+00:00, run_after=2025-09-29 00:00:00+00:00
[2025-09-29T14:50:41.438+0000] {processor.py:208} INFO - Processing /home/airflow/.local/lib/python3.12/site-packages/airflow/example_dags/example_branch_operator.py took 0.057 seconds
[2025-09-29T14:51:11.623+0000] {processor.py:186} INFO - Started process (PID=2184) to work on /home/airflow/.local/lib/python3.12/site-packages/airflow/example_dags/example_branch_operator.py
[2025-09-29T14:51:11.626+0000] {processor.py:914} INFO - Processing file /home/airflow/.local/lib/python3.12/site-packages/airflow/example_dags/example_branch_operator.py for tasks to queue
[2025-09-29T14:51:11.627+0000] {logging_mixin.py:190} INFO - [2025-09-29T14:51:11.627+0000] {dagbag.py:588} INFO - Filling up the DagBag from /home/airflow/.local/lib/python3.12/site-packages/airflow/example_dags/example_branch_operator.py
[2025-09-29T14:51:11.636+0000] {processor.py:925} INFO - DAG(s) 'example_branch_operator' retrieved from /home/airflow/.local/lib/python3.12/site-packages/airflow/example_dags/example_branch_operator.py
[2025-09-29T14:51:11.650+0000] {logging_mixin.py:190} INFO - [2025-09-29T14:51:11.649+0000] {dag.py:3239} INFO - Sync 1 DAGs
[2025-09-29T14:51:11.665+0000] {logging_mixin.py:190} INFO - [2025-09-29T14:51:11.664+0000] {dag.py:4180} INFO - Setting next_dagrun for example_branch_operator to 2025-09-28 00:00:00+00:00, run_after=2025-09-29 00:00:00+00:00
[2025-09-29T14:51:11.676+0000] {processor.py:208} INFO - Processing /home/airflow/.local/lib/python3.12/site-packages/airflow/example_dags/example_branch_operator.py took 0.055 seconds
[2025-09-29T14:51:42.050+0000] {processor.py:186} INFO - Started process (PID=2248) to work on /home/airflow/.local/lib/python3.12/site-packages/airflow/example_dags/example_branch_operator.py
[2025-09-29T14:51:42.051+0000] {processor.py:914} INFO - Processing file /home/airflow/.local/lib/python3.12/site-packages/airflow/example_dags/example_branch_operator.py for tasks to queue
[2025-09-29T14:51:42.054+0000] {logging_mixin.py:190} INFO - [2025-09-29T14:51:42.053+0000] {dagbag.py:588} INFO - Filling up the DagBag from /home/airflow/.local/lib/python3.12/site-packages/airflow/example_dags/example_branch_operator.py
[2025-09-29T14:51:42.067+0000] {processor.py:925} INFO - DAG(s) 'example_branch_operator' retrieved from /home/airflow/.local/lib/python3.12/site-packages/airflow/example_dags/example_branch_operator.py
[2025-09-29T14:51:42.081+0000] {logging_mixin.py:190} INFO - [2025-09-29T14:51:42.081+0000] {dag.py:3239} INFO - Sync 1 DAGs
[2025-09-29T14:51:42.094+0000] {logging_mixin.py:190} INFO - [2025-09-29T14:51:42.094+0000] {dag.py:4180} INFO - Setting next_dagrun for example_branch_operator to 2025-09-28 00:00:00+00:00, run_after=2025-09-29 00:00:00+00:00
[2025-09-29T14:51:42.104+0000] {processor.py:208} INFO - Processing /home/airflow/.local/lib/python3.12/site-packages/airflow/example_dags/example_branch_operator.py took 0.057 seconds
[2025-09-29T14:52:12.326+0000] {processor.py:186} INFO - Started process (PID=2311) to work on /home/airflow/.local/lib/python3.12/site-packages/airflow/example_dags/example_branch_operator.py
[2025-09-29T14:52:12.327+0000] {processor.py:914} INFO - Processing file /home/airflow/.local/lib/python3.12/site-packages/airflow/example_dags/example_branch_operator.py for tasks to queue
[2025-09-29T14:52:12.327+0000] {logging_mixin.py:190} INFO - [2025-09-29T14:52:12.327+0000] {dagbag.py:588} INFO - Filling up the DagBag from /home/airflow/.local/lib/python3.12/site-packages/airflow/example_dags/example_branch_operator.py
[2025-09-29T14:52:12.336+0000] {processor.py:925} INFO - DAG(s) 'example_branch_operator' retrieved from /home/airflow/.local/lib/python3.12/site-packages/airflow/example_dags/example_branch_operator.py
[2025-09-29T14:52:12.350+0000] {logging_mixin.py:190} INFO - [2025-09-29T14:52:12.350+0000] {dag.py:3239} INFO - Sync 1 DAGs
[2025-09-29T14:52:12.362+0000] {logging_mixin.py:190} INFO - [2025-09-29T14:52:12.361+0000] {dag.py:4180} INFO - Setting next_dagrun for example_branch_operator to 2025-09-28 00:00:00+00:00, run_after=2025-09-29 00:00:00+00:00
[2025-09-29T14:52:12.372+0000] {processor.py:208} INFO - Processing /home/airflow/.local/lib/python3.12/site-packages/airflow/example_dags/example_branch_operator.py took 0.048 seconds
[2025-09-29T14:52:42.563+0000] {processor.py:186} INFO - Started process (PID=2374) to work on /home/airflow/.local/lib/python3.12/site-packages/airflow/example_dags/example_branch_operator.py
[2025-09-29T14:52:42.564+0000] {processor.py:914} INFO - Processing file /home/airflow/.local/lib/python3.12/site-packages/airflow/example_dags/example_branch_operator.py for tasks to queue
[2025-09-29T14:52:42.564+0000] {logging_mixin.py:190} INFO - [2025-09-29T14:52:42.564+0000] {dagbag.py:588} INFO - Filling up the DagBag from /home/airflow/.local/lib/python3.12/site-packages/airflow/example_dags/example_branch_operator.py
[2025-09-29T14:52:42.574+0000] {processor.py:925} INFO - DAG(s) 'example_branch_operator' retrieved from /home/airflow/.local/lib/python3.12/site-packages/airflow/example_dags/example_branch_operator.py
[2025-09-29T14:52:42.588+0000] {logging_mixin.py:190} INFO - [2025-09-29T14:52:42.588+0000] {dag.py:3239} INFO - Sync 1 DAGs
[2025-09-29T14:52:42.600+0000] {logging_mixin.py:190} INFO - [2025-09-29T14:52:42.600+0000] {dag.py:4180} INFO - Setting next_dagrun for example_branch_operator to 2025-09-28 00:00:00+00:00, run_after=2025-09-29 00:00:00+00:00
[2025-09-29T14:52:42.611+0000] {processor.py:208} INFO - Processing /home/airflow/.local/lib/python3.12/site-packages/airflow/example_dags/example_branch_operator.py took 0.051 seconds
[2025-09-29T14:53:12.735+0000] {processor.py:186} INFO - Started process (PID=2437) to work on /home/airflow/.local/lib/python3.12/site-packages/airflow/example_dags/example_branch_operator.py
[2025-09-29T14:53:12.736+0000] {processor.py:914} INFO - Processing file /home/airflow/.local/lib/python3.12/site-packages/airflow/example_dags/example_branch_operator.py for tasks to queue
[2025-09-29T14:53:12.737+0000] {logging_mixin.py:190} INFO - [2025-09-29T14:53:12.737+0000] {dagbag.py:588} INFO - Filling up the DagBag from /home/airflow/.local/lib/python3.12/site-packages/airflow/example_dags/example_branch_operator.py
[2025-09-29T14:53:12.747+0000] {processor.py:925} INFO - DAG(s) 'example_branch_operator' retrieved from /home/airflow/.local/lib/python3.12/site-packages/airflow/example_dags/example_branch_operator.py
[2025-09-29T14:53:12.760+0000] {logging_mixin.py:190} INFO - [2025-09-29T14:53:12.760+0000] {dag.py:3239} INFO - Sync 1 DAGs
[2025-09-29T14:53:12.772+0000] {logging_mixin.py:190} INFO - [2025-09-29T14:53:12.772+0000] {dag.py:4180} INFO - Setting next_dagrun for example_branch_operator to 2025-09-28 00:00:00+00:00, run_after=2025-09-29 00:00:00+00:00
[2025-09-29T14:53:12.783+0000] {processor.py:208} INFO - Processing /home/airflow/.local/lib/python3.12/site-packages/airflow/example_dags/example_branch_operator.py took 0.052 seconds
[2025-09-29T14:53:42.941+0000] {processor.py:186} INFO - Started process (PID=2500) to work on /home/airflow/.local/lib/python3.12/site-packages/airflow/example_dags/example_branch_operator.py
[2025-09-29T14:53:42.942+0000] {processor.py:914} INFO - Processing file /home/airflow/.local/lib/python3.12/site-packages/airflow/example_dags/example_branch_operator.py for tasks to queue
[2025-09-29T14:53:42.943+0000] {logging_mixin.py:190} INFO - [2025-09-29T14:53:42.943+0000] {dagbag.py:588} INFO - Filling up the DagBag from /home/airflow/.local/lib/python3.12/site-packages/airflow/example_dags/example_branch_operator.py
[2025-09-29T14:53:42.952+0000] {processor.py:925} INFO - DAG(s) 'example_branch_operator' retrieved from /home/airflow/.local/lib/python3.12/site-packages/airflow/example_dags/example_branch_operator.py
[2025-09-29T14:53:42.967+0000] {logging_mixin.py:190} INFO - [2025-09-29T14:53:42.967+0000] {dag.py:3239} INFO - Sync 1 DAGs
[2025-09-29T14:53:42.979+0000] {logging_mixin.py:190} INFO - [2025-09-29T14:53:42.979+0000] {dag.py:4180} INFO - Setting next_dagrun for example_branch_operator to 2025-09-28 00:00:00+00:00, run_after=2025-09-29 00:00:00+00:00
[2025-09-29T14:53:42.993+0000] {processor.py:208} INFO - Processing /home/airflow/.local/lib/python3.12/site-packages/airflow/example_dags/example_branch_operator.py took 0.055 seconds
[2025-09-29T14:54:13.193+0000] {processor.py:186} INFO - Started process (PID=2563) to work on /home/airflow/.local/lib/python3.12/site-packages/airflow/example_dags/example_branch_operator.py
[2025-09-29T14:54:13.195+0000] {processor.py:914} INFO - Processing file /home/airflow/.local/lib/python3.12/site-packages/airflow/example_dags/example_branch_operator.py for tasks to queue
[2025-09-29T14:54:13.196+0000] {logging_mixin.py:190} INFO - [2025-09-29T14:54:13.196+0000] {dagbag.py:588} INFO - Filling up the DagBag from /home/airflow/.local/lib/python3.12/site-packages/airflow/example_dags/example_branch_operator.py
[2025-09-29T14:54:13.205+0000] {processor.py:925} INFO - DAG(s) 'example_branch_operator' retrieved from /home/airflow/.local/lib/python3.12/site-packages/airflow/example_dags/example_branch_operator.py
[2025-09-29T14:54:13.221+0000] {logging_mixin.py:190} INFO - [2025-09-29T14:54:13.221+0000] {dag.py:3239} INFO - Sync 1 DAGs
[2025-09-29T14:54:13.233+0000] {logging_mixin.py:190} INFO - [2025-09-29T14:54:13.233+0000] {dag.py:4180} INFO - Setting next_dagrun for example_branch_operator to 2025-09-28 00:00:00+00:00, run_after=2025-09-29 00:00:00+00:00
[2025-09-29T14:54:13.243+0000] {processor.py:208} INFO - Processing /home/airflow/.local/lib/python3.12/site-packages/airflow/example_dags/example_branch_operator.py took 0.052 seconds
[2025-09-29T14:54:43.518+0000] {processor.py:186} INFO - Started process (PID=2626) to work on /home/airflow/.local/lib/python3.12/site-packages/airflow/example_dags/example_branch_operator.py
[2025-09-29T14:54:43.519+0000] {processor.py:914} INFO - Processing file /home/airflow/.local/lib/python3.12/site-packages/airflow/example_dags/example_branch_operator.py for tasks to queue
[2025-09-29T14:54:43.520+0000] {logging_mixin.py:190} INFO - [2025-09-29T14:54:43.520+0000] {dagbag.py:588} INFO - Filling up the DagBag from /home/airflow/.local/lib/python3.12/site-packages/airflow/example_dags/example_branch_operator.py
[2025-09-29T14:54:43.534+0000] {processor.py:925} INFO - DAG(s) 'example_branch_operator' retrieved from /home/airflow/.local/lib/python3.12/site-packages/airflow/example_dags/example_branch_operator.py
[2025-09-29T14:54:43.549+0000] {logging_mixin.py:190} INFO - [2025-09-29T14:54:43.549+0000] {dag.py:3239} INFO - Sync 1 DAGs
[2025-09-29T14:54:43.561+0000] {logging_mixin.py:190} INFO - [2025-09-29T14:54:43.561+0000] {dag.py:4180} INFO - Setting next_dagrun for example_branch_operator to 2025-09-28 00:00:00+00:00, run_after=2025-09-29 00:00:00+00:00
[2025-09-29T14:54:43.575+0000] {processor.py:208} INFO - Processing /home/airflow/.local/lib/python3.12/site-packages/airflow/example_dags/example_branch_operator.py took 0.102 seconds
[2025-09-29T14:55:13.897+0000] {processor.py:186} INFO - Started process (PID=2689) to work on /home/airflow/.local/lib/python3.12/site-packages/airflow/example_dags/example_branch_operator.py
[2025-09-29T14:55:13.897+0000] {processor.py:914} INFO - Processing file /home/airflow/.local/lib/python3.12/site-packages/airflow/example_dags/example_branch_operator.py for tasks to queue
[2025-09-29T14:55:13.898+0000] {logging_mixin.py:190} INFO - [2025-09-29T14:55:13.898+0000] {dagbag.py:588} INFO - Filling up the DagBag from /home/airflow/.local/lib/python3.12/site-packages/airflow/example_dags/example_branch_operator.py
[2025-09-29T14:55:13.909+0000] {processor.py:925} INFO - DAG(s) 'example_branch_operator' retrieved from /home/airflow/.local/lib/python3.12/site-packages/airflow/example_dags/example_branch_operator.py
[2025-09-29T14:55:13.922+0000] {logging_mixin.py:190} INFO - [2025-09-29T14:55:13.922+0000] {dag.py:3239} INFO - Sync 1 DAGs
[2025-09-29T14:55:13.933+0000] {logging_mixin.py:190} INFO - [2025-09-29T14:55:13.933+0000] {dag.py:4180} INFO - Setting next_dagrun for example_branch_operator to 2025-09-28 00:00:00+00:00, run_after=2025-09-29 00:00:00+00:00
[2025-09-29T14:55:13.947+0000] {processor.py:208} INFO - Processing /home/airflow/.local/lib/python3.12/site-packages/airflow/example_dags/example_branch_operator.py took 0.054 seconds
[2025-09-29T14:55:44.394+0000] {processor.py:186} INFO - Started process (PID=2751) to work on /home/airflow/.local/lib/python3.12/site-packages/airflow/example_dags/example_branch_operator.py
[2025-09-29T14:55:44.394+0000] {processor.py:914} INFO - Processing file /home/airflow/.local/lib/python3.12/site-packages/airflow/example_dags/example_branch_operator.py for tasks to queue
[2025-09-29T14:55:44.395+0000] {logging_mixin.py:190} INFO - [2025-09-29T14:55:44.395+0000] {dagbag.py:588} INFO - Filling up the DagBag from /home/airflow/.local/lib/python3.12/site-packages/airflow/example_dags/example_branch_operator.py
[2025-09-29T14:55:44.405+0000] {processor.py:925} INFO - DAG(s) 'example_branch_operator' retrieved from /home/airflow/.local/lib/python3.12/site-packages/airflow/example_dags/example_branch_operator.py
[2025-09-29T14:55:44.422+0000] {logging_mixin.py:190} INFO - [2025-09-29T14:55:44.422+0000] {dag.py:3239} INFO - Sync 1 DAGs
[2025-09-29T14:55:44.436+0000] {logging_mixin.py:190} INFO - [2025-09-29T14:55:44.435+0000] {dag.py:4180} INFO - Setting next_dagrun for example_branch_operator to 2025-09-28 00:00:00+00:00, run_after=2025-09-29 00:00:00+00:00
[2025-09-29T14:55:44.447+0000] {processor.py:208} INFO - Processing /home/airflow/.local/lib/python3.12/site-packages/airflow/example_dags/example_branch_operator.py took 0.057 seconds
[2025-09-29T14:56:14.944+0000] {processor.py:186} INFO - Started process (PID=2814) to work on /home/airflow/.local/lib/python3.12/site-packages/airflow/example_dags/example_branch_operator.py
[2025-09-29T14:56:14.945+0000] {processor.py:914} INFO - Processing file /home/airflow/.local/lib/python3.12/site-packages/airflow/example_dags/example_branch_operator.py for tasks to queue
[2025-09-29T14:56:14.946+0000] {logging_mixin.py:190} INFO - [2025-09-29T14:56:14.945+0000] {dagbag.py:588} INFO - Filling up the DagBag from /home/airflow/.local/lib/python3.12/site-packages/airflow/example_dags/example_branch_operator.py
[2025-09-29T14:56:14.955+0000] {processor.py:925} INFO - DAG(s) 'example_branch_operator' retrieved from /home/airflow/.local/lib/python3.12/site-packages/airflow/example_dags/example_branch_operator.py
[2025-09-29T14:56:14.969+0000] {logging_mixin.py:190} INFO - [2025-09-29T14:56:14.969+0000] {dag.py:3239} INFO - Sync 1 DAGs
[2025-09-29T14:56:14.984+0000] {logging_mixin.py:190} INFO - [2025-09-29T14:56:14.984+0000] {dag.py:4180} INFO - Setting next_dagrun for example_branch_operator to 2025-09-28 00:00:00+00:00, run_after=2025-09-29 00:00:00+00:00
[2025-09-29T14:56:14.995+0000] {processor.py:208} INFO - Processing /home/airflow/.local/lib/python3.12/site-packages/airflow/example_dags/example_branch_operator.py took 0.054 seconds
[2025-09-29T14:56:45.412+0000] {processor.py:186} INFO - Started process (PID=2877) to work on /home/airflow/.local/lib/python3.12/site-packages/airflow/example_dags/example_branch_operator.py
[2025-09-29T14:56:45.413+0000] {processor.py:914} INFO - Processing file /home/airflow/.local/lib/python3.12/site-packages/airflow/example_dags/example_branch_operator.py for tasks to queue
[2025-09-29T14:56:45.414+0000] {logging_mixin.py:190} INFO - [2025-09-29T14:56:45.414+0000] {dagbag.py:588} INFO - Filling up the DagBag from /home/airflow/.local/lib/python3.12/site-packages/airflow/example_dags/example_branch_operator.py
[2025-09-29T14:56:45.423+0000] {processor.py:925} INFO - DAG(s) 'example_branch_operator' retrieved from /home/airflow/.local/lib/python3.12/site-packages/airflow/example_dags/example_branch_operator.py
[2025-09-29T14:56:45.445+0000] {logging_mixin.py:190} INFO - [2025-09-29T14:56:45.445+0000] {dag.py:3239} INFO - Sync 1 DAGs
[2025-09-29T14:56:45.457+0000] {logging_mixin.py:190} INFO - [2025-09-29T14:56:45.457+0000] {dag.py:4180} INFO - Setting next_dagrun for example_branch_operator to 2025-09-28 00:00:00+00:00, run_after=2025-09-29 00:00:00+00:00
[2025-09-29T14:56:45.465+0000] {processor.py:208} INFO - Processing /home/airflow/.local/lib/python3.12/site-packages/airflow/example_dags/example_branch_operator.py took 0.056 seconds
[2025-09-29T14:57:15.941+0000] {processor.py:186} INFO - Started process (PID=2940) to work on /home/airflow/.local/lib/python3.12/site-packages/airflow/example_dags/example_branch_operator.py
[2025-09-29T14:57:15.943+0000] {processor.py:914} INFO - Processing file /home/airflow/.local/lib/python3.12/site-packages/airflow/example_dags/example_branch_operator.py for tasks to queue
[2025-09-29T14:57:15.945+0000] {logging_mixin.py:190} INFO - [2025-09-29T14:57:15.945+0000] {dagbag.py:588} INFO - Filling up the DagBag from /home/airflow/.local/lib/python3.12/site-packages/airflow/example_dags/example_branch_operator.py
[2025-09-29T14:57:15.955+0000] {processor.py:925} INFO - DAG(s) 'example_branch_operator' retrieved from /home/airflow/.local/lib/python3.12/site-packages/airflow/example_dags/example_branch_operator.py
[2025-09-29T14:57:15.970+0000] {logging_mixin.py:190} INFO - [2025-09-29T14:57:15.969+0000] {dag.py:3239} INFO - Sync 1 DAGs
[2025-09-29T14:57:15.984+0000] {logging_mixin.py:190} INFO - [2025-09-29T14:57:15.984+0000] {dag.py:4180} INFO - Setting next_dagrun for example_branch_operator to 2025-09-28 00:00:00+00:00, run_after=2025-09-29 00:00:00+00:00
[2025-09-29T14:57:15.997+0000] {processor.py:208} INFO - Processing /home/airflow/.local/lib/python3.12/site-packages/airflow/example_dags/example_branch_operator.py took 0.059 seconds
[2025-09-29T14:57:46.524+0000] {processor.py:186} INFO - Started process (PID=3003) to work on /home/airflow/.local/lib/python3.12/site-packages/airflow/example_dags/example_branch_operator.py
[2025-09-29T14:57:46.525+0000] {processor.py:914} INFO - Processing file /home/airflow/.local/lib/python3.12/site-packages/airflow/example_dags/example_branch_operator.py for tasks to queue
[2025-09-29T14:57:46.526+0000] {logging_mixin.py:190} INFO - [2025-09-29T14:57:46.526+0000] {dagbag.py:588} INFO - Filling up the DagBag from /home/airflow/.local/lib/python3.12/site-packages/airflow/example_dags/example_branch_operator.py
[2025-09-29T14:57:46.537+0000] {processor.py:925} INFO - DAG(s) 'example_branch_operator' retrieved from /home/airflow/.local/lib/python3.12/site-packages/airflow/example_dags/example_branch_operator.py
[2025-09-29T14:57:46.550+0000] {logging_mixin.py:190} INFO - [2025-09-29T14:57:46.550+0000] {dag.py:3239} INFO - Sync 1 DAGs
[2025-09-29T14:57:46.561+0000] {logging_mixin.py:190} INFO - [2025-09-29T14:57:46.561+0000] {dag.py:4180} INFO - Setting next_dagrun for example_branch_operator to 2025-09-28 00:00:00+00:00, run_after=2025-09-29 00:00:00+00:00
[2025-09-29T14:57:46.573+0000] {processor.py:208} INFO - Processing /home/airflow/.local/lib/python3.12/site-packages/airflow/example_dags/example_branch_operator.py took 0.052 seconds
[2025-09-29T14:58:17.263+0000] {processor.py:186} INFO - Started process (PID=3065) to work on /home/airflow/.local/lib/python3.12/site-packages/airflow/example_dags/example_branch_operator.py
[2025-09-29T14:58:17.263+0000] {processor.py:914} INFO - Processing file /home/airflow/.local/lib/python3.12/site-packages/airflow/example_dags/example_branch_operator.py for tasks to queue
[2025-09-29T14:58:17.264+0000] {logging_mixin.py:190} INFO - [2025-09-29T14:58:17.264+0000] {dagbag.py:588} INFO - Filling up the DagBag from /home/airflow/.local/lib/python3.12/site-packages/airflow/example_dags/example_branch_operator.py
[2025-09-29T14:58:17.273+0000] {processor.py:925} INFO - DAG(s) 'example_branch_operator' retrieved from /home/airflow/.local/lib/python3.12/site-packages/airflow/example_dags/example_branch_operator.py
[2025-09-29T14:58:17.288+0000] {logging_mixin.py:190} INFO - [2025-09-29T14:58:17.287+0000] {dag.py:3239} INFO - Sync 1 DAGs
[2025-09-29T14:58:17.300+0000] {logging_mixin.py:190} INFO - [2025-09-29T14:58:17.299+0000] {dag.py:4180} INFO - Setting next_dagrun for example_branch_operator to 2025-09-28 00:00:00+00:00, run_after=2025-09-29 00:00:00+00:00
[2025-09-29T14:58:17.309+0000] {processor.py:208} INFO - Processing /home/airflow/.local/lib/python3.12/site-packages/airflow/example_dags/example_branch_operator.py took 0.050 seconds
[2025-09-29T14:58:47.924+0000] {processor.py:186} INFO - Started process (PID=3128) to work on /home/airflow/.local/lib/python3.12/site-packages/airflow/example_dags/example_branch_operator.py
[2025-09-29T14:58:47.924+0000] {processor.py:914} INFO - Processing file /home/airflow/.local/lib/python3.12/site-packages/airflow/example_dags/example_branch_operator.py for tasks to queue
[2025-09-29T14:58:47.925+0000] {logging_mixin.py:190} INFO - [2025-09-29T14:58:47.925+0000] {dagbag.py:588} INFO - Filling up the DagBag from /home/airflow/.local/lib/python3.12/site-packages/airflow/example_dags/example_branch_operator.py
[2025-09-29T14:58:47.934+0000] {processor.py:925} INFO - DAG(s) 'example_branch_operator' retrieved from /home/airflow/.local/lib/python3.12/site-packages/airflow/example_dags/example_branch_operator.py
[2025-09-29T14:58:47.949+0000] {logging_mixin.py:190} INFO - [2025-09-29T14:58:47.949+0000] {dag.py:3239} INFO - Sync 1 DAGs
[2025-09-29T14:58:47.960+0000] {logging_mixin.py:190} INFO - [2025-09-29T14:58:47.960+0000] {dag.py:4180} INFO - Setting next_dagrun for example_branch_operator to 2025-09-28 00:00:00+00:00, run_after=2025-09-29 00:00:00+00:00
[2025-09-29T14:58:47.971+0000] {processor.py:208} INFO - Processing /home/airflow/.local/lib/python3.12/site-packages/airflow/example_dags/example_branch_operator.py took 0.050 seconds
[2025-09-29T14:59:18.534+0000] {processor.py:186} INFO - Started process (PID=3191) to work on /home/airflow/.local/lib/python3.12/site-packages/airflow/example_dags/example_branch_operator.py
[2025-09-29T14:59:18.536+0000] {processor.py:914} INFO - Processing file /home/airflow/.local/lib/python3.12/site-packages/airflow/example_dags/example_branch_operator.py for tasks to queue
[2025-09-29T14:59:18.537+0000] {logging_mixin.py:190} INFO - [2025-09-29T14:59:18.537+0000] {dagbag.py:588} INFO - Filling up the DagBag from /home/airflow/.local/lib/python3.12/site-packages/airflow/example_dags/example_branch_operator.py
[2025-09-29T14:59:18.546+0000] {processor.py:925} INFO - DAG(s) 'example_branch_operator' retrieved from /home/airflow/.local/lib/python3.12/site-packages/airflow/example_dags/example_branch_operator.py
[2025-09-29T14:59:18.561+0000] {logging_mixin.py:190} INFO - [2025-09-29T14:59:18.561+0000] {dag.py:3239} INFO - Sync 1 DAGs
[2025-09-29T14:59:18.573+0000] {logging_mixin.py:190} INFO - [2025-09-29T14:59:18.573+0000] {dag.py:4180} INFO - Setting next_dagrun for example_branch_operator to 2025-09-28 00:00:00+00:00, run_after=2025-09-29 00:00:00+00:00
[2025-09-29T14:59:18.586+0000] {processor.py:208} INFO - Processing /home/airflow/.local/lib/python3.12/site-packages/airflow/example_dags/example_branch_operator.py took 0.056 seconds
[2025-09-29T14:59:49.103+0000] {processor.py:186} INFO - Started process (PID=3254) to work on /home/airflow/.local/lib/python3.12/site-packages/airflow/example_dags/example_branch_operator.py
[2025-09-29T14:59:49.103+0000] {processor.py:914} INFO - Processing file /home/airflow/.local/lib/python3.12/site-packages/airflow/example_dags/example_branch_operator.py for tasks to queue
[2025-09-29T14:59:49.105+0000] {logging_mixin.py:190} INFO - [2025-09-29T14:59:49.105+0000] {dagbag.py:588} INFO - Filling up the DagBag from /home/airflow/.local/lib/python3.12/site-packages/airflow/example_dags/example_branch_operator.py
[2025-09-29T14:59:49.114+0000] {processor.py:925} INFO - DAG(s) 'example_branch_operator' retrieved from /home/airflow/.local/lib/python3.12/site-packages/airflow/example_dags/example_branch_operator.py
[2025-09-29T14:59:49.131+0000] {logging_mixin.py:190} INFO - [2025-09-29T14:59:49.131+0000] {dag.py:3239} INFO - Sync 1 DAGs
[2025-09-29T14:59:49.143+0000] {logging_mixin.py:190} INFO - [2025-09-29T14:59:49.143+0000] {dag.py:4180} INFO - Setting next_dagrun for example_branch_operator to 2025-09-28 00:00:00+00:00, run_after=2025-09-29 00:00:00+00:00
[2025-09-29T14:59:49.153+0000] {processor.py:208} INFO - Processing /home/airflow/.local/lib/python3.12/site-packages/airflow/example_dags/example_branch_operator.py took 0.054 seconds
[2025-09-29T15:00:19.607+0000] {processor.py:186} INFO - Started process (PID=3317) to work on /home/airflow/.local/lib/python3.12/site-packages/airflow/example_dags/example_branch_operator.py
[2025-09-29T15:00:19.610+0000] {processor.py:914} INFO - Processing file /home/airflow/.local/lib/python3.12/site-packages/airflow/example_dags/example_branch_operator.py for tasks to queue
[2025-09-29T15:00:19.611+0000] {logging_mixin.py:190} INFO - [2025-09-29T15:00:19.611+0000] {dagbag.py:588} INFO - Filling up the DagBag from /home/airflow/.local/lib/python3.12/site-packages/airflow/example_dags/example_branch_operator.py
[2025-09-29T15:00:19.620+0000] {processor.py:925} INFO - DAG(s) 'example_branch_operator' retrieved from /home/airflow/.local/lib/python3.12/site-packages/airflow/example_dags/example_branch_operator.py
[2025-09-29T15:00:19.637+0000] {logging_mixin.py:190} INFO - [2025-09-29T15:00:19.636+0000] {dag.py:3239} INFO - Sync 1 DAGs
[2025-09-29T15:00:19.650+0000] {logging_mixin.py:190} INFO - [2025-09-29T15:00:19.650+0000] {dag.py:4180} INFO - Setting next_dagrun for example_branch_operator to 2025-09-28 00:00:00+00:00, run_after=2025-09-29 00:00:00+00:00
[2025-09-29T15:00:19.664+0000] {processor.py:208} INFO - Processing /home/airflow/.local/lib/python3.12/site-packages/airflow/example_dags/example_branch_operator.py took 0.061 seconds
[2025-09-29T15:00:50.226+0000] {processor.py:186} INFO - Started process (PID=3380) to work on /home/airflow/.local/lib/python3.12/site-packages/airflow/example_dags/example_branch_operator.py
[2025-09-29T15:00:50.229+0000] {processor.py:914} INFO - Processing file /home/airflow/.local/lib/python3.12/site-packages/airflow/example_dags/example_branch_operator.py for tasks to queue
[2025-09-29T15:00:50.230+0000] {logging_mixin.py:190} INFO - [2025-09-29T15:00:50.229+0000] {dagbag.py:588} INFO - Filling up the DagBag from /home/airflow/.local/lib/python3.12/site-packages/airflow/example_dags/example_branch_operator.py
[2025-09-29T15:00:50.240+0000] {processor.py:925} INFO - DAG(s) 'example_branch_operator' retrieved from /home/airflow/.local/lib/python3.12/site-packages/airflow/example_dags/example_branch_operator.py
[2025-09-29T15:00:50.258+0000] {logging_mixin.py:190} INFO - [2025-09-29T15:00:50.258+0000] {dag.py:3239} INFO - Sync 1 DAGs
[2025-09-29T15:00:50.271+0000] {logging_mixin.py:190} INFO - [2025-09-29T15:00:50.271+0000] {dag.py:4180} INFO - Setting next_dagrun for example_branch_operator to 2025-09-28 00:00:00+00:00, run_after=2025-09-29 00:00:00+00:00
[2025-09-29T15:00:50.282+0000] {processor.py:208} INFO - Processing /home/airflow/.local/lib/python3.12/site-packages/airflow/example_dags/example_branch_operator.py took 0.059 seconds
[2025-09-29T15:01:20.849+0000] {processor.py:186} INFO - Started process (PID=3443) to work on /home/airflow/.local/lib/python3.12/site-packages/airflow/example_dags/example_branch_operator.py
[2025-09-29T15:01:20.850+0000] {processor.py:914} INFO - Processing file /home/airflow/.local/lib/python3.12/site-packages/airflow/example_dags/example_branch_operator.py for tasks to queue
[2025-09-29T15:01:20.851+0000] {logging_mixin.py:190} INFO - [2025-09-29T15:01:20.851+0000] {dagbag.py:588} INFO - Filling up the DagBag from /home/airflow/.local/lib/python3.12/site-packages/airflow/example_dags/example_branch_operator.py
[2025-09-29T15:01:20.862+0000] {processor.py:925} INFO - DAG(s) 'example_branch_operator' retrieved from /home/airflow/.local/lib/python3.12/site-packages/airflow/example_dags/example_branch_operator.py
[2025-09-29T15:01:20.879+0000] {logging_mixin.py:190} INFO - [2025-09-29T15:01:20.878+0000] {dag.py:3239} INFO - Sync 1 DAGs
[2025-09-29T15:01:20.894+0000] {logging_mixin.py:190} INFO - [2025-09-29T15:01:20.893+0000] {dag.py:4180} INFO - Setting next_dagrun for example_branch_operator to 2025-09-28 00:00:00+00:00, run_after=2025-09-29 00:00:00+00:00
[2025-09-29T15:01:20.904+0000] {processor.py:208} INFO - Processing /home/airflow/.local/lib/python3.12/site-packages/airflow/example_dags/example_branch_operator.py took 0.058 seconds
[2025-09-29T15:01:51.441+0000] {processor.py:186} INFO - Started process (PID=3507) to work on /home/airflow/.local/lib/python3.12/site-packages/airflow/example_dags/example_branch_operator.py
[2025-09-29T15:01:51.442+0000] {processor.py:914} INFO - Processing file /home/airflow/.local/lib/python3.12/site-packages/airflow/example_dags/example_branch_operator.py for tasks to queue
[2025-09-29T15:01:51.443+0000] {logging_mixin.py:190} INFO - [2025-09-29T15:01:51.443+0000] {dagbag.py:588} INFO - Filling up the DagBag from /home/airflow/.local/lib/python3.12/site-packages/airflow/example_dags/example_branch_operator.py
[2025-09-29T15:01:51.452+0000] {processor.py:925} INFO - DAG(s) 'example_branch_operator' retrieved from /home/airflow/.local/lib/python3.12/site-packages/airflow/example_dags/example_branch_operator.py
[2025-09-29T15:01:51.466+0000] {logging_mixin.py:190} INFO - [2025-09-29T15:01:51.466+0000] {dag.py:3239} INFO - Sync 1 DAGs
[2025-09-29T15:01:51.477+0000] {logging_mixin.py:190} INFO - [2025-09-29T15:01:51.476+0000] {dag.py:4180} INFO - Setting next_dagrun for example_branch_operator to 2025-09-28 00:00:00+00:00, run_after=2025-09-29 00:00:00+00:00
[2025-09-29T15:01:51.484+0000] {processor.py:208} INFO - Processing /home/airflow/.local/lib/python3.12/site-packages/airflow/example_dags/example_branch_operator.py took 0.047 seconds
[2025-09-29T15:02:21.872+0000] {processor.py:186} INFO - Started process (PID=3569) to work on /home/airflow/.local/lib/python3.12/site-packages/airflow/example_dags/example_branch_operator.py
[2025-09-29T15:02:21.872+0000] {processor.py:914} INFO - Processing file /home/airflow/.local/lib/python3.12/site-packages/airflow/example_dags/example_branch_operator.py for tasks to queue
[2025-09-29T15:02:21.873+0000] {logging_mixin.py:190} INFO - [2025-09-29T15:02:21.873+0000] {dagbag.py:588} INFO - Filling up the DagBag from /home/airflow/.local/lib/python3.12/site-packages/airflow/example_dags/example_branch_operator.py
[2025-09-29T15:02:21.882+0000] {processor.py:925} INFO - DAG(s) 'example_branch_operator' retrieved from /home/airflow/.local/lib/python3.12/site-packages/airflow/example_dags/example_branch_operator.py
[2025-09-29T15:02:21.900+0000] {logging_mixin.py:190} INFO - [2025-09-29T15:02:21.900+0000] {dag.py:3239} INFO - Sync 1 DAGs
[2025-09-29T15:02:21.914+0000] {logging_mixin.py:190} INFO - [2025-09-29T15:02:21.914+0000] {dag.py:4180} INFO - Setting next_dagrun for example_branch_operator to 2025-09-28 00:00:00+00:00, run_after=2025-09-29 00:00:00+00:00
[2025-09-29T15:02:21.925+0000] {processor.py:208} INFO - Processing /home/airflow/.local/lib/python3.12/site-packages/airflow/example_dags/example_branch_operator.py took 0.057 seconds
