[2025-09-29T14:34:30.414+0000] {processor.py:186} INFO - Started process (PID=81) to work on /home/airflow/.local/lib/python3.12/site-packages/airflow/example_dags/example_latest_only_with_trigger.py
[2025-09-29T14:34:30.417+0000] {processor.py:914} INFO - Processing file /home/airflow/.local/lib/python3.12/site-packages/airflow/example_dags/example_latest_only_with_trigger.py for tasks to queue
[2025-09-29T14:34:30.418+0000] {logging_mixin.py:190} INFO - [2025-09-29T14:34:30.418+0000] {dagbag.py:588} INFO - Filling up the DagBag from /home/airflow/.local/lib/python3.12/site-packages/airflow/example_dags/example_latest_only_with_trigger.py
[2025-09-29T14:34:30.425+0000] {processor.py:925} INFO - DAG(s) 'latest_only_with_trigger' retrieved from /home/airflow/.local/lib/python3.12/site-packages/airflow/example_dags/example_latest_only_with_trigger.py
[2025-09-29T14:34:30.442+0000] {logging_mixin.py:190} INFO - [2025-09-29T14:34:30.442+0000] {dag.py:3239} INFO - Sync 1 DAGs
[2025-09-29T14:34:30.463+0000] {logging_mixin.py:190} INFO - [2025-09-29T14:34:30.463+0000] {dag.py:4180} INFO - Setting next_dagrun for latest_only_with_trigger to 2025-09-29 08:00:00+00:00, run_after=2025-09-29 12:00:00+00:00
[2025-09-29T14:34:30.478+0000] {processor.py:208} INFO - Processing /home/airflow/.local/lib/python3.12/site-packages/airflow/example_dags/example_latest_only_with_trigger.py took 0.068 seconds
[2025-09-29T14:35:01.290+0000] {processor.py:186} INFO - Started process (PID=155) to work on /home/airflow/.local/lib/python3.12/site-packages/airflow/example_dags/example_latest_only_with_trigger.py
[2025-09-29T14:35:01.293+0000] {processor.py:914} INFO - Processing file /home/airflow/.local/lib/python3.12/site-packages/airflow/example_dags/example_latest_only_with_trigger.py for tasks to queue
[2025-09-29T14:35:01.297+0000] {logging_mixin.py:190} INFO - [2025-09-29T14:35:01.297+0000] {dagbag.py:588} INFO - Filling up the DagBag from /home/airflow/.local/lib/python3.12/site-packages/airflow/example_dags/example_latest_only_with_trigger.py
[2025-09-29T14:35:01.301+0000] {processor.py:925} INFO - DAG(s) 'latest_only_with_trigger' retrieved from /home/airflow/.local/lib/python3.12/site-packages/airflow/example_dags/example_latest_only_with_trigger.py
[2025-09-29T14:35:01.317+0000] {logging_mixin.py:190} INFO - [2025-09-29T14:35:01.317+0000] {dag.py:3239} INFO - Sync 1 DAGs
[2025-09-29T14:35:01.333+0000] {logging_mixin.py:190} INFO - [2025-09-29T14:35:01.332+0000] {dag.py:4180} INFO - Setting next_dagrun for latest_only_with_trigger to 2025-09-29 08:00:00+00:00, run_after=2025-09-29 12:00:00+00:00
[2025-09-29T14:35:01.346+0000] {processor.py:208} INFO - Processing /home/airflow/.local/lib/python3.12/site-packages/airflow/example_dags/example_latest_only_with_trigger.py took 0.059 seconds
[2025-09-29T14:35:31.578+0000] {processor.py:186} INFO - Started process (PID=219) to work on /home/airflow/.local/lib/python3.12/site-packages/airflow/example_dags/example_latest_only_with_trigger.py
[2025-09-29T14:35:31.578+0000] {processor.py:914} INFO - Processing file /home/airflow/.local/lib/python3.12/site-packages/airflow/example_dags/example_latest_only_with_trigger.py for tasks to queue
[2025-09-29T14:35:31.580+0000] {logging_mixin.py:190} INFO - [2025-09-29T14:35:31.579+0000] {dagbag.py:588} INFO - Filling up the DagBag from /home/airflow/.local/lib/python3.12/site-packages/airflow/example_dags/example_latest_only_with_trigger.py
[2025-09-29T14:35:31.584+0000] {processor.py:925} INFO - DAG(s) 'latest_only_with_trigger' retrieved from /home/airflow/.local/lib/python3.12/site-packages/airflow/example_dags/example_latest_only_with_trigger.py
[2025-09-29T14:35:31.594+0000] {logging_mixin.py:190} INFO - [2025-09-29T14:35:31.594+0000] {dag.py:3239} INFO - Sync 1 DAGs
[2025-09-29T14:35:31.607+0000] {logging_mixin.py:190} INFO - [2025-09-29T14:35:31.607+0000] {dag.py:4180} INFO - Setting next_dagrun for latest_only_with_trigger to 2025-09-29 08:00:00+00:00, run_after=2025-09-29 12:00:00+00:00
[2025-09-29T14:35:31.623+0000] {processor.py:208} INFO - Processing /home/airflow/.local/lib/python3.12/site-packages/airflow/example_dags/example_latest_only_with_trigger.py took 0.048 seconds
[2025-09-29T14:36:01.794+0000] {processor.py:186} INFO - Started process (PID=283) to work on /home/airflow/.local/lib/python3.12/site-packages/airflow/example_dags/example_latest_only_with_trigger.py
[2025-09-29T14:36:01.796+0000] {processor.py:914} INFO - Processing file /home/airflow/.local/lib/python3.12/site-packages/airflow/example_dags/example_latest_only_with_trigger.py for tasks to queue
[2025-09-29T14:36:01.797+0000] {logging_mixin.py:190} INFO - [2025-09-29T14:36:01.797+0000] {dagbag.py:588} INFO - Filling up the DagBag from /home/airflow/.local/lib/python3.12/site-packages/airflow/example_dags/example_latest_only_with_trigger.py
[2025-09-29T14:36:01.802+0000] {processor.py:925} INFO - DAG(s) 'latest_only_with_trigger' retrieved from /home/airflow/.local/lib/python3.12/site-packages/airflow/example_dags/example_latest_only_with_trigger.py
[2025-09-29T14:36:01.818+0000] {logging_mixin.py:190} INFO - [2025-09-29T14:36:01.818+0000] {dag.py:3239} INFO - Sync 1 DAGs
[2025-09-29T14:36:01.831+0000] {logging_mixin.py:190} INFO - [2025-09-29T14:36:01.831+0000] {dag.py:4180} INFO - Setting next_dagrun for latest_only_with_trigger to 2025-09-29 08:00:00+00:00, run_after=2025-09-29 12:00:00+00:00
[2025-09-29T14:36:01.844+0000] {processor.py:208} INFO - Processing /home/airflow/.local/lib/python3.12/site-packages/airflow/example_dags/example_latest_only_with_trigger.py took 0.054 seconds
[2025-09-29T14:36:31.971+0000] {processor.py:186} INFO - Started process (PID=347) to work on /home/airflow/.local/lib/python3.12/site-packages/airflow/example_dags/example_latest_only_with_trigger.py
[2025-09-29T14:36:31.972+0000] {processor.py:914} INFO - Processing file /home/airflow/.local/lib/python3.12/site-packages/airflow/example_dags/example_latest_only_with_trigger.py for tasks to queue
[2025-09-29T14:36:31.973+0000] {logging_mixin.py:190} INFO - [2025-09-29T14:36:31.973+0000] {dagbag.py:588} INFO - Filling up the DagBag from /home/airflow/.local/lib/python3.12/site-packages/airflow/example_dags/example_latest_only_with_trigger.py
[2025-09-29T14:36:31.977+0000] {processor.py:925} INFO - DAG(s) 'latest_only_with_trigger' retrieved from /home/airflow/.local/lib/python3.12/site-packages/airflow/example_dags/example_latest_only_with_trigger.py
[2025-09-29T14:36:31.988+0000] {logging_mixin.py:190} INFO - [2025-09-29T14:36:31.988+0000] {dag.py:3239} INFO - Sync 1 DAGs
[2025-09-29T14:36:32.000+0000] {logging_mixin.py:190} INFO - [2025-09-29T14:36:31.999+0000] {dag.py:4180} INFO - Setting next_dagrun for latest_only_with_trigger to 2025-09-29 08:00:00+00:00, run_after=2025-09-29 12:00:00+00:00
[2025-09-29T14:36:32.010+0000] {processor.py:208} INFO - Processing /home/airflow/.local/lib/python3.12/site-packages/airflow/example_dags/example_latest_only_with_trigger.py took 0.042 seconds
[2025-09-29T14:37:02.192+0000] {processor.py:186} INFO - Started process (PID=410) to work on /home/airflow/.local/lib/python3.12/site-packages/airflow/example_dags/example_latest_only_with_trigger.py
[2025-09-29T14:37:02.192+0000] {processor.py:914} INFO - Processing file /home/airflow/.local/lib/python3.12/site-packages/airflow/example_dags/example_latest_only_with_trigger.py for tasks to queue
[2025-09-29T14:37:02.194+0000] {logging_mixin.py:190} INFO - [2025-09-29T14:37:02.194+0000] {dagbag.py:588} INFO - Filling up the DagBag from /home/airflow/.local/lib/python3.12/site-packages/airflow/example_dags/example_latest_only_with_trigger.py
[2025-09-29T14:37:02.198+0000] {processor.py:925} INFO - DAG(s) 'latest_only_with_trigger' retrieved from /home/airflow/.local/lib/python3.12/site-packages/airflow/example_dags/example_latest_only_with_trigger.py
[2025-09-29T14:37:02.208+0000] {logging_mixin.py:190} INFO - [2025-09-29T14:37:02.208+0000] {dag.py:3239} INFO - Sync 1 DAGs
[2025-09-29T14:37:02.219+0000] {logging_mixin.py:190} INFO - [2025-09-29T14:37:02.219+0000] {dag.py:4180} INFO - Setting next_dagrun for latest_only_with_trigger to 2025-09-29 08:00:00+00:00, run_after=2025-09-29 12:00:00+00:00
[2025-09-29T14:37:02.231+0000] {processor.py:208} INFO - Processing /home/airflow/.local/lib/python3.12/site-packages/airflow/example_dags/example_latest_only_with_trigger.py took 0.042 seconds
[2025-09-29T14:37:32.552+0000] {processor.py:186} INFO - Started process (PID=474) to work on /home/airflow/.local/lib/python3.12/site-packages/airflow/example_dags/example_latest_only_with_trigger.py
[2025-09-29T14:37:32.552+0000] {processor.py:914} INFO - Processing file /home/airflow/.local/lib/python3.12/site-packages/airflow/example_dags/example_latest_only_with_trigger.py for tasks to queue
[2025-09-29T14:37:32.554+0000] {logging_mixin.py:190} INFO - [2025-09-29T14:37:32.553+0000] {dagbag.py:588} INFO - Filling up the DagBag from /home/airflow/.local/lib/python3.12/site-packages/airflow/example_dags/example_latest_only_with_trigger.py
[2025-09-29T14:37:32.557+0000] {processor.py:925} INFO - DAG(s) 'latest_only_with_trigger' retrieved from /home/airflow/.local/lib/python3.12/site-packages/airflow/example_dags/example_latest_only_with_trigger.py
[2025-09-29T14:37:32.570+0000] {logging_mixin.py:190} INFO - [2025-09-29T14:37:32.570+0000] {dag.py:3239} INFO - Sync 1 DAGs
[2025-09-29T14:37:32.585+0000] {logging_mixin.py:190} INFO - [2025-09-29T14:37:32.585+0000] {dag.py:4180} INFO - Setting next_dagrun for latest_only_with_trigger to 2025-09-29 08:00:00+00:00, run_after=2025-09-29 12:00:00+00:00
[2025-09-29T14:37:32.594+0000] {processor.py:208} INFO - Processing /home/airflow/.local/lib/python3.12/site-packages/airflow/example_dags/example_latest_only_with_trigger.py took 0.045 seconds
[2025-09-29T14:38:02.944+0000] {processor.py:186} INFO - Started process (PID=538) to work on /home/airflow/.local/lib/python3.12/site-packages/airflow/example_dags/example_latest_only_with_trigger.py
[2025-09-29T14:38:02.945+0000] {processor.py:914} INFO - Processing file /home/airflow/.local/lib/python3.12/site-packages/airflow/example_dags/example_latest_only_with_trigger.py for tasks to queue
[2025-09-29T14:38:02.947+0000] {logging_mixin.py:190} INFO - [2025-09-29T14:38:02.947+0000] {dagbag.py:588} INFO - Filling up the DagBag from /home/airflow/.local/lib/python3.12/site-packages/airflow/example_dags/example_latest_only_with_trigger.py
[2025-09-29T14:38:02.951+0000] {processor.py:925} INFO - DAG(s) 'latest_only_with_trigger' retrieved from /home/airflow/.local/lib/python3.12/site-packages/airflow/example_dags/example_latest_only_with_trigger.py
[2025-09-29T14:38:02.965+0000] {logging_mixin.py:190} INFO - [2025-09-29T14:38:02.965+0000] {dag.py:3239} INFO - Sync 1 DAGs
[2025-09-29T14:38:02.979+0000] {logging_mixin.py:190} INFO - [2025-09-29T14:38:02.979+0000] {dag.py:4180} INFO - Setting next_dagrun for latest_only_with_trigger to 2025-09-29 08:00:00+00:00, run_after=2025-09-29 12:00:00+00:00
[2025-09-29T14:38:02.992+0000] {processor.py:208} INFO - Processing /home/airflow/.local/lib/python3.12/site-packages/airflow/example_dags/example_latest_only_with_trigger.py took 0.050 seconds
[2025-09-29T14:38:33.358+0000] {processor.py:186} INFO - Started process (PID=610) to work on /home/airflow/.local/lib/python3.12/site-packages/airflow/example_dags/example_latest_only_with_trigger.py
[2025-09-29T14:38:33.359+0000] {processor.py:914} INFO - Processing file /home/airflow/.local/lib/python3.12/site-packages/airflow/example_dags/example_latest_only_with_trigger.py for tasks to queue
[2025-09-29T14:38:33.360+0000] {logging_mixin.py:190} INFO - [2025-09-29T14:38:33.360+0000] {dagbag.py:588} INFO - Filling up the DagBag from /home/airflow/.local/lib/python3.12/site-packages/airflow/example_dags/example_latest_only_with_trigger.py
[2025-09-29T14:38:33.364+0000] {processor.py:925} INFO - DAG(s) 'latest_only_with_trigger' retrieved from /home/airflow/.local/lib/python3.12/site-packages/airflow/example_dags/example_latest_only_with_trigger.py
[2025-09-29T14:38:33.380+0000] {logging_mixin.py:190} INFO - [2025-09-29T14:38:33.380+0000] {dag.py:3239} INFO - Sync 1 DAGs
[2025-09-29T14:38:33.394+0000] {logging_mixin.py:190} INFO - [2025-09-29T14:38:33.394+0000] {dag.py:4180} INFO - Setting next_dagrun for latest_only_with_trigger to 2025-09-29 08:00:00+00:00, run_after=2025-09-29 12:00:00+00:00
[2025-09-29T14:38:33.406+0000] {processor.py:208} INFO - Processing /home/airflow/.local/lib/python3.12/site-packages/airflow/example_dags/example_latest_only_with_trigger.py took 0.051 seconds
[2025-09-29T14:39:03.882+0000] {processor.py:186} INFO - Started process (PID=673) to work on /home/airflow/.local/lib/python3.12/site-packages/airflow/example_dags/example_latest_only_with_trigger.py
[2025-09-29T14:39:03.882+0000] {processor.py:914} INFO - Processing file /home/airflow/.local/lib/python3.12/site-packages/airflow/example_dags/example_latest_only_with_trigger.py for tasks to queue
[2025-09-29T14:39:03.884+0000] {logging_mixin.py:190} INFO - [2025-09-29T14:39:03.884+0000] {dagbag.py:588} INFO - Filling up the DagBag from /home/airflow/.local/lib/python3.12/site-packages/airflow/example_dags/example_latest_only_with_trigger.py
[2025-09-29T14:39:03.888+0000] {processor.py:925} INFO - DAG(s) 'latest_only_with_trigger' retrieved from /home/airflow/.local/lib/python3.12/site-packages/airflow/example_dags/example_latest_only_with_trigger.py
[2025-09-29T14:39:03.899+0000] {logging_mixin.py:190} INFO - [2025-09-29T14:39:03.899+0000] {dag.py:3239} INFO - Sync 1 DAGs
[2025-09-29T14:39:03.917+0000] {logging_mixin.py:190} INFO - [2025-09-29T14:39:03.917+0000] {dag.py:4180} INFO - Setting next_dagrun for latest_only_with_trigger to 2025-09-29 08:00:00+00:00, run_after=2025-09-29 12:00:00+00:00
[2025-09-29T14:39:03.928+0000] {processor.py:208} INFO - Processing /home/airflow/.local/lib/python3.12/site-packages/airflow/example_dags/example_latest_only_with_trigger.py took 0.049 seconds
[2025-09-29T14:39:34.420+0000] {processor.py:186} INFO - Started process (PID=736) to work on /home/airflow/.local/lib/python3.12/site-packages/airflow/example_dags/example_latest_only_with_trigger.py
[2025-09-29T14:39:34.420+0000] {processor.py:914} INFO - Processing file /home/airflow/.local/lib/python3.12/site-packages/airflow/example_dags/example_latest_only_with_trigger.py for tasks to queue
[2025-09-29T14:39:34.422+0000] {logging_mixin.py:190} INFO - [2025-09-29T14:39:34.422+0000] {dagbag.py:588} INFO - Filling up the DagBag from /home/airflow/.local/lib/python3.12/site-packages/airflow/example_dags/example_latest_only_with_trigger.py
[2025-09-29T14:39:34.426+0000] {processor.py:925} INFO - DAG(s) 'latest_only_with_trigger' retrieved from /home/airflow/.local/lib/python3.12/site-packages/airflow/example_dags/example_latest_only_with_trigger.py
[2025-09-29T14:39:34.437+0000] {logging_mixin.py:190} INFO - [2025-09-29T14:39:34.437+0000] {dag.py:3239} INFO - Sync 1 DAGs
[2025-09-29T14:39:34.450+0000] {logging_mixin.py:190} INFO - [2025-09-29T14:39:34.450+0000] {dag.py:4180} INFO - Setting next_dagrun for latest_only_with_trigger to 2025-09-29 08:00:00+00:00, run_after=2025-09-29 12:00:00+00:00
[2025-09-29T14:39:34.458+0000] {processor.py:208} INFO - Processing /home/airflow/.local/lib/python3.12/site-packages/airflow/example_dags/example_latest_only_with_trigger.py took 0.042 seconds
[2025-09-29T14:40:04.837+0000] {processor.py:186} INFO - Started process (PID=800) to work on /home/airflow/.local/lib/python3.12/site-packages/airflow/example_dags/example_latest_only_with_trigger.py
[2025-09-29T14:40:04.837+0000] {processor.py:914} INFO - Processing file /home/airflow/.local/lib/python3.12/site-packages/airflow/example_dags/example_latest_only_with_trigger.py for tasks to queue
[2025-09-29T14:40:04.839+0000] {logging_mixin.py:190} INFO - [2025-09-29T14:40:04.838+0000] {dagbag.py:588} INFO - Filling up the DagBag from /home/airflow/.local/lib/python3.12/site-packages/airflow/example_dags/example_latest_only_with_trigger.py
[2025-09-29T14:40:04.842+0000] {processor.py:925} INFO - DAG(s) 'latest_only_with_trigger' retrieved from /home/airflow/.local/lib/python3.12/site-packages/airflow/example_dags/example_latest_only_with_trigger.py
[2025-09-29T14:40:04.856+0000] {logging_mixin.py:190} INFO - [2025-09-29T14:40:04.855+0000] {dag.py:3239} INFO - Sync 1 DAGs
[2025-09-29T14:40:04.868+0000] {logging_mixin.py:190} INFO - [2025-09-29T14:40:04.868+0000] {dag.py:4180} INFO - Setting next_dagrun for latest_only_with_trigger to 2025-09-29 08:00:00+00:00, run_after=2025-09-29 12:00:00+00:00
[2025-09-29T14:40:04.884+0000] {processor.py:208} INFO - Processing /home/airflow/.local/lib/python3.12/site-packages/airflow/example_dags/example_latest_only_with_trigger.py took 0.050 seconds
[2025-09-29T14:40:35.217+0000] {processor.py:186} INFO - Started process (PID=863) to work on /home/airflow/.local/lib/python3.12/site-packages/airflow/example_dags/example_latest_only_with_trigger.py
[2025-09-29T14:40:35.218+0000] {processor.py:914} INFO - Processing file /home/airflow/.local/lib/python3.12/site-packages/airflow/example_dags/example_latest_only_with_trigger.py for tasks to queue
[2025-09-29T14:40:35.220+0000] {logging_mixin.py:190} INFO - [2025-09-29T14:40:35.220+0000] {dagbag.py:588} INFO - Filling up the DagBag from /home/airflow/.local/lib/python3.12/site-packages/airflow/example_dags/example_latest_only_with_trigger.py
[2025-09-29T14:40:35.224+0000] {processor.py:925} INFO - DAG(s) 'latest_only_with_trigger' retrieved from /home/airflow/.local/lib/python3.12/site-packages/airflow/example_dags/example_latest_only_with_trigger.py
[2025-09-29T14:40:35.238+0000] {logging_mixin.py:190} INFO - [2025-09-29T14:40:35.238+0000] {dag.py:3239} INFO - Sync 1 DAGs
[2025-09-29T14:40:35.252+0000] {logging_mixin.py:190} INFO - [2025-09-29T14:40:35.252+0000] {dag.py:4180} INFO - Setting next_dagrun for latest_only_with_trigger to 2025-09-29 08:00:00+00:00, run_after=2025-09-29 12:00:00+00:00
[2025-09-29T14:40:35.265+0000] {processor.py:208} INFO - Processing /home/airflow/.local/lib/python3.12/site-packages/airflow/example_dags/example_latest_only_with_trigger.py took 0.051 seconds
[2025-09-29T14:41:05.518+0000] {processor.py:186} INFO - Started process (PID=929) to work on /home/airflow/.local/lib/python3.12/site-packages/airflow/example_dags/example_latest_only_with_trigger.py
[2025-09-29T14:41:05.519+0000] {processor.py:914} INFO - Processing file /home/airflow/.local/lib/python3.12/site-packages/airflow/example_dags/example_latest_only_with_trigger.py for tasks to queue
[2025-09-29T14:41:05.521+0000] {logging_mixin.py:190} INFO - [2025-09-29T14:41:05.520+0000] {dagbag.py:588} INFO - Filling up the DagBag from /home/airflow/.local/lib/python3.12/site-packages/airflow/example_dags/example_latest_only_with_trigger.py
[2025-09-29T14:41:05.524+0000] {processor.py:925} INFO - DAG(s) 'latest_only_with_trigger' retrieved from /home/airflow/.local/lib/python3.12/site-packages/airflow/example_dags/example_latest_only_with_trigger.py
[2025-09-29T14:41:05.535+0000] {logging_mixin.py:190} INFO - [2025-09-29T14:41:05.535+0000] {dag.py:3239} INFO - Sync 1 DAGs
[2025-09-29T14:41:05.547+0000] {logging_mixin.py:190} INFO - [2025-09-29T14:41:05.547+0000] {dag.py:4180} INFO - Setting next_dagrun for latest_only_with_trigger to 2025-09-29 08:00:00+00:00, run_after=2025-09-29 12:00:00+00:00
[2025-09-29T14:41:05.557+0000] {processor.py:208} INFO - Processing /home/airflow/.local/lib/python3.12/site-packages/airflow/example_dags/example_latest_only_with_trigger.py took 0.042 seconds
[2025-09-29T14:41:35.887+0000] {processor.py:186} INFO - Started process (PID=993) to work on /home/airflow/.local/lib/python3.12/site-packages/airflow/example_dags/example_latest_only_with_trigger.py
[2025-09-29T14:41:35.891+0000] {processor.py:914} INFO - Processing file /home/airflow/.local/lib/python3.12/site-packages/airflow/example_dags/example_latest_only_with_trigger.py for tasks to queue
[2025-09-29T14:41:35.893+0000] {logging_mixin.py:190} INFO - [2025-09-29T14:41:35.892+0000] {dagbag.py:588} INFO - Filling up the DagBag from /home/airflow/.local/lib/python3.12/site-packages/airflow/example_dags/example_latest_only_with_trigger.py
[2025-09-29T14:41:35.899+0000] {processor.py:925} INFO - DAG(s) 'latest_only_with_trigger' retrieved from /home/airflow/.local/lib/python3.12/site-packages/airflow/example_dags/example_latest_only_with_trigger.py
[2025-09-29T14:41:35.913+0000] {logging_mixin.py:190} INFO - [2025-09-29T14:41:35.912+0000] {dag.py:3239} INFO - Sync 1 DAGs
[2025-09-29T14:41:35.926+0000] {logging_mixin.py:190} INFO - [2025-09-29T14:41:35.926+0000] {dag.py:4180} INFO - Setting next_dagrun for latest_only_with_trigger to 2025-09-29 08:00:00+00:00, run_after=2025-09-29 12:00:00+00:00
[2025-09-29T14:41:35.938+0000] {processor.py:208} INFO - Processing /home/airflow/.local/lib/python3.12/site-packages/airflow/example_dags/example_latest_only_with_trigger.py took 0.055 seconds
[2025-09-29T14:42:06.401+0000] {processor.py:186} INFO - Started process (PID=1058) to work on /home/airflow/.local/lib/python3.12/site-packages/airflow/example_dags/example_latest_only_with_trigger.py
[2025-09-29T14:42:06.402+0000] {processor.py:914} INFO - Processing file /home/airflow/.local/lib/python3.12/site-packages/airflow/example_dags/example_latest_only_with_trigger.py for tasks to queue
[2025-09-29T14:42:06.403+0000] {logging_mixin.py:190} INFO - [2025-09-29T14:42:06.403+0000] {dagbag.py:588} INFO - Filling up the DagBag from /home/airflow/.local/lib/python3.12/site-packages/airflow/example_dags/example_latest_only_with_trigger.py
[2025-09-29T14:42:06.408+0000] {processor.py:925} INFO - DAG(s) 'latest_only_with_trigger' retrieved from /home/airflow/.local/lib/python3.12/site-packages/airflow/example_dags/example_latest_only_with_trigger.py
[2025-09-29T14:42:06.422+0000] {logging_mixin.py:190} INFO - [2025-09-29T14:42:06.422+0000] {dag.py:3239} INFO - Sync 1 DAGs
[2025-09-29T14:42:06.438+0000] {logging_mixin.py:190} INFO - [2025-09-29T14:42:06.438+0000] {dag.py:4180} INFO - Setting next_dagrun for latest_only_with_trigger to 2025-09-29 08:00:00+00:00, run_after=2025-09-29 12:00:00+00:00
[2025-09-29T14:42:06.449+0000] {processor.py:208} INFO - Processing /home/airflow/.local/lib/python3.12/site-packages/airflow/example_dags/example_latest_only_with_trigger.py took 0.054 seconds
[2025-09-29T14:42:36.801+0000] {processor.py:186} INFO - Started process (PID=1122) to work on /home/airflow/.local/lib/python3.12/site-packages/airflow/example_dags/example_latest_only_with_trigger.py
[2025-09-29T14:42:36.801+0000] {processor.py:914} INFO - Processing file /home/airflow/.local/lib/python3.12/site-packages/airflow/example_dags/example_latest_only_with_trigger.py for tasks to queue
[2025-09-29T14:42:36.803+0000] {logging_mixin.py:190} INFO - [2025-09-29T14:42:36.803+0000] {dagbag.py:588} INFO - Filling up the DagBag from /home/airflow/.local/lib/python3.12/site-packages/airflow/example_dags/example_latest_only_with_trigger.py
[2025-09-29T14:42:36.807+0000] {processor.py:925} INFO - DAG(s) 'latest_only_with_trigger' retrieved from /home/airflow/.local/lib/python3.12/site-packages/airflow/example_dags/example_latest_only_with_trigger.py
[2025-09-29T14:42:36.824+0000] {logging_mixin.py:190} INFO - [2025-09-29T14:42:36.824+0000] {dag.py:3239} INFO - Sync 1 DAGs
[2025-09-29T14:42:36.835+0000] {logging_mixin.py:190} INFO - [2025-09-29T14:42:36.835+0000] {dag.py:4180} INFO - Setting next_dagrun for latest_only_with_trigger to 2025-09-29 08:00:00+00:00, run_after=2025-09-29 12:00:00+00:00
[2025-09-29T14:42:36.846+0000] {processor.py:208} INFO - Processing /home/airflow/.local/lib/python3.12/site-packages/airflow/example_dags/example_latest_only_with_trigger.py took 0.048 seconds
[2025-09-29T14:43:07.081+0000] {processor.py:186} INFO - Started process (PID=1186) to work on /home/airflow/.local/lib/python3.12/site-packages/airflow/example_dags/example_latest_only_with_trigger.py
[2025-09-29T14:43:07.082+0000] {processor.py:914} INFO - Processing file /home/airflow/.local/lib/python3.12/site-packages/airflow/example_dags/example_latest_only_with_trigger.py for tasks to queue
[2025-09-29T14:43:07.083+0000] {logging_mixin.py:190} INFO - [2025-09-29T14:43:07.083+0000] {dagbag.py:588} INFO - Filling up the DagBag from /home/airflow/.local/lib/python3.12/site-packages/airflow/example_dags/example_latest_only_with_trigger.py
[2025-09-29T14:43:07.088+0000] {processor.py:925} INFO - DAG(s) 'latest_only_with_trigger' retrieved from /home/airflow/.local/lib/python3.12/site-packages/airflow/example_dags/example_latest_only_with_trigger.py
[2025-09-29T14:43:07.100+0000] {logging_mixin.py:190} INFO - [2025-09-29T14:43:07.100+0000] {dag.py:3239} INFO - Sync 1 DAGs
[2025-09-29T14:43:07.112+0000] {logging_mixin.py:190} INFO - [2025-09-29T14:43:07.112+0000] {dag.py:4180} INFO - Setting next_dagrun for latest_only_with_trigger to 2025-09-29 08:00:00+00:00, run_after=2025-09-29 12:00:00+00:00
[2025-09-29T14:43:07.121+0000] {processor.py:208} INFO - Processing /home/airflow/.local/lib/python3.12/site-packages/airflow/example_dags/example_latest_only_with_trigger.py took 0.044 seconds
[2025-09-29T14:43:37.296+0000] {processor.py:186} INFO - Started process (PID=1250) to work on /home/airflow/.local/lib/python3.12/site-packages/airflow/example_dags/example_latest_only_with_trigger.py
[2025-09-29T14:43:37.296+0000] {processor.py:914} INFO - Processing file /home/airflow/.local/lib/python3.12/site-packages/airflow/example_dags/example_latest_only_with_trigger.py for tasks to queue
[2025-09-29T14:43:37.298+0000] {logging_mixin.py:190} INFO - [2025-09-29T14:43:37.298+0000] {dagbag.py:588} INFO - Filling up the DagBag from /home/airflow/.local/lib/python3.12/site-packages/airflow/example_dags/example_latest_only_with_trigger.py
[2025-09-29T14:43:37.303+0000] {processor.py:925} INFO - DAG(s) 'latest_only_with_trigger' retrieved from /home/airflow/.local/lib/python3.12/site-packages/airflow/example_dags/example_latest_only_with_trigger.py
[2025-09-29T14:43:37.313+0000] {logging_mixin.py:190} INFO - [2025-09-29T14:43:37.313+0000] {dag.py:3239} INFO - Sync 1 DAGs
[2025-09-29T14:43:37.325+0000] {logging_mixin.py:190} INFO - [2025-09-29T14:43:37.325+0000] {dag.py:4180} INFO - Setting next_dagrun for latest_only_with_trigger to 2025-09-29 08:00:00+00:00, run_after=2025-09-29 12:00:00+00:00
[2025-09-29T14:43:37.344+0000] {processor.py:208} INFO - Processing /home/airflow/.local/lib/python3.12/site-packages/airflow/example_dags/example_latest_only_with_trigger.py took 0.051 seconds
[2025-09-29T14:44:08.072+0000] {processor.py:186} INFO - Started process (PID=1314) to work on /home/airflow/.local/lib/python3.12/site-packages/airflow/example_dags/example_latest_only_with_trigger.py
[2025-09-29T14:44:08.073+0000] {processor.py:914} INFO - Processing file /home/airflow/.local/lib/python3.12/site-packages/airflow/example_dags/example_latest_only_with_trigger.py for tasks to queue
[2025-09-29T14:44:08.076+0000] {logging_mixin.py:190} INFO - [2025-09-29T14:44:08.075+0000] {dagbag.py:588} INFO - Filling up the DagBag from /home/airflow/.local/lib/python3.12/site-packages/airflow/example_dags/example_latest_only_with_trigger.py
[2025-09-29T14:44:08.081+0000] {processor.py:925} INFO - DAG(s) 'latest_only_with_trigger' retrieved from /home/airflow/.local/lib/python3.12/site-packages/airflow/example_dags/example_latest_only_with_trigger.py
[2025-09-29T14:44:08.094+0000] {logging_mixin.py:190} INFO - [2025-09-29T14:44:08.094+0000] {dag.py:3239} INFO - Sync 1 DAGs
[2025-09-29T14:44:08.107+0000] {logging_mixin.py:190} INFO - [2025-09-29T14:44:08.107+0000] {dag.py:4180} INFO - Setting next_dagrun for latest_only_with_trigger to 2025-09-29 08:00:00+00:00, run_after=2025-09-29 12:00:00+00:00
[2025-09-29T14:44:08.120+0000] {processor.py:208} INFO - Processing /home/airflow/.local/lib/python3.12/site-packages/airflow/example_dags/example_latest_only_with_trigger.py took 0.050 seconds
[2025-09-29T14:44:38.488+0000] {processor.py:186} INFO - Started process (PID=1377) to work on /home/airflow/.local/lib/python3.12/site-packages/airflow/example_dags/example_latest_only_with_trigger.py
[2025-09-29T14:44:38.488+0000] {processor.py:914} INFO - Processing file /home/airflow/.local/lib/python3.12/site-packages/airflow/example_dags/example_latest_only_with_trigger.py for tasks to queue
[2025-09-29T14:44:38.490+0000] {logging_mixin.py:190} INFO - [2025-09-29T14:44:38.489+0000] {dagbag.py:588} INFO - Filling up the DagBag from /home/airflow/.local/lib/python3.12/site-packages/airflow/example_dags/example_latest_only_with_trigger.py
[2025-09-29T14:44:38.494+0000] {processor.py:925} INFO - DAG(s) 'latest_only_with_trigger' retrieved from /home/airflow/.local/lib/python3.12/site-packages/airflow/example_dags/example_latest_only_with_trigger.py
[2025-09-29T14:44:38.504+0000] {logging_mixin.py:190} INFO - [2025-09-29T14:44:38.504+0000] {dag.py:3239} INFO - Sync 1 DAGs
[2025-09-29T14:44:38.516+0000] {logging_mixin.py:190} INFO - [2025-09-29T14:44:38.516+0000] {dag.py:4180} INFO - Setting next_dagrun for latest_only_with_trigger to 2025-09-29 08:00:00+00:00, run_after=2025-09-29 12:00:00+00:00
[2025-09-29T14:44:38.525+0000] {processor.py:208} INFO - Processing /home/airflow/.local/lib/python3.12/site-packages/airflow/example_dags/example_latest_only_with_trigger.py took 0.040 seconds
[2025-09-29T14:45:08.889+0000] {processor.py:186} INFO - Started process (PID=1441) to work on /home/airflow/.local/lib/python3.12/site-packages/airflow/example_dags/example_latest_only_with_trigger.py
[2025-09-29T14:45:08.889+0000] {processor.py:914} INFO - Processing file /home/airflow/.local/lib/python3.12/site-packages/airflow/example_dags/example_latest_only_with_trigger.py for tasks to queue
[2025-09-29T14:45:08.891+0000] {logging_mixin.py:190} INFO - [2025-09-29T14:45:08.890+0000] {dagbag.py:588} INFO - Filling up the DagBag from /home/airflow/.local/lib/python3.12/site-packages/airflow/example_dags/example_latest_only_with_trigger.py
[2025-09-29T14:45:08.895+0000] {processor.py:925} INFO - DAG(s) 'latest_only_with_trigger' retrieved from /home/airflow/.local/lib/python3.12/site-packages/airflow/example_dags/example_latest_only_with_trigger.py
[2025-09-29T14:45:08.910+0000] {logging_mixin.py:190} INFO - [2025-09-29T14:45:08.910+0000] {dag.py:3239} INFO - Sync 1 DAGs
[2025-09-29T14:45:08.924+0000] {logging_mixin.py:190} INFO - [2025-09-29T14:45:08.924+0000] {dag.py:4180} INFO - Setting next_dagrun for latest_only_with_trigger to 2025-09-29 08:00:00+00:00, run_after=2025-09-29 12:00:00+00:00
[2025-09-29T14:45:08.934+0000] {processor.py:208} INFO - Processing /home/airflow/.local/lib/python3.12/site-packages/airflow/example_dags/example_latest_only_with_trigger.py took 0.048 seconds
[2025-09-29T14:45:39.383+0000] {processor.py:186} INFO - Started process (PID=1505) to work on /home/airflow/.local/lib/python3.12/site-packages/airflow/example_dags/example_latest_only_with_trigger.py
[2025-09-29T14:45:39.384+0000] {processor.py:914} INFO - Processing file /home/airflow/.local/lib/python3.12/site-packages/airflow/example_dags/example_latest_only_with_trigger.py for tasks to queue
[2025-09-29T14:45:39.385+0000] {logging_mixin.py:190} INFO - [2025-09-29T14:45:39.385+0000] {dagbag.py:588} INFO - Filling up the DagBag from /home/airflow/.local/lib/python3.12/site-packages/airflow/example_dags/example_latest_only_with_trigger.py
[2025-09-29T14:45:39.389+0000] {processor.py:925} INFO - DAG(s) 'latest_only_with_trigger' retrieved from /home/airflow/.local/lib/python3.12/site-packages/airflow/example_dags/example_latest_only_with_trigger.py
[2025-09-29T14:45:39.408+0000] {logging_mixin.py:190} INFO - [2025-09-29T14:45:39.408+0000] {dag.py:3239} INFO - Sync 1 DAGs
[2025-09-29T14:45:39.426+0000] {logging_mixin.py:190} INFO - [2025-09-29T14:45:39.426+0000] {dag.py:4180} INFO - Setting next_dagrun for latest_only_with_trigger to 2025-09-29 08:00:00+00:00, run_after=2025-09-29 12:00:00+00:00
[2025-09-29T14:45:39.438+0000] {processor.py:208} INFO - Processing /home/airflow/.local/lib/python3.12/site-packages/airflow/example_dags/example_latest_only_with_trigger.py took 0.058 seconds
[2025-09-29T14:46:09.991+0000] {processor.py:186} INFO - Started process (PID=1569) to work on /home/airflow/.local/lib/python3.12/site-packages/airflow/example_dags/example_latest_only_with_trigger.py
[2025-09-29T14:46:09.992+0000] {processor.py:914} INFO - Processing file /home/airflow/.local/lib/python3.12/site-packages/airflow/example_dags/example_latest_only_with_trigger.py for tasks to queue
[2025-09-29T14:46:09.993+0000] {logging_mixin.py:190} INFO - [2025-09-29T14:46:09.993+0000] {dagbag.py:588} INFO - Filling up the DagBag from /home/airflow/.local/lib/python3.12/site-packages/airflow/example_dags/example_latest_only_with_trigger.py
[2025-09-29T14:46:09.998+0000] {processor.py:925} INFO - DAG(s) 'latest_only_with_trigger' retrieved from /home/airflow/.local/lib/python3.12/site-packages/airflow/example_dags/example_latest_only_with_trigger.py
[2025-09-29T14:46:10.016+0000] {logging_mixin.py:190} INFO - [2025-09-29T14:46:10.016+0000] {dag.py:3239} INFO - Sync 1 DAGs
[2025-09-29T14:46:10.029+0000] {logging_mixin.py:190} INFO - [2025-09-29T14:46:10.028+0000] {dag.py:4180} INFO - Setting next_dagrun for latest_only_with_trigger to 2025-09-29 08:00:00+00:00, run_after=2025-09-29 12:00:00+00:00
[2025-09-29T14:46:10.040+0000] {processor.py:208} INFO - Processing /home/airflow/.local/lib/python3.12/site-packages/airflow/example_dags/example_latest_only_with_trigger.py took 0.052 seconds
[2025-09-29T14:46:40.506+0000] {processor.py:186} INFO - Started process (PID=1633) to work on /home/airflow/.local/lib/python3.12/site-packages/airflow/example_dags/example_latest_only_with_trigger.py
[2025-09-29T14:46:40.506+0000] {processor.py:914} INFO - Processing file /home/airflow/.local/lib/python3.12/site-packages/airflow/example_dags/example_latest_only_with_trigger.py for tasks to queue
[2025-09-29T14:46:40.507+0000] {logging_mixin.py:190} INFO - [2025-09-29T14:46:40.507+0000] {dagbag.py:588} INFO - Filling up the DagBag from /home/airflow/.local/lib/python3.12/site-packages/airflow/example_dags/example_latest_only_with_trigger.py
[2025-09-29T14:46:40.511+0000] {processor.py:925} INFO - DAG(s) 'latest_only_with_trigger' retrieved from /home/airflow/.local/lib/python3.12/site-packages/airflow/example_dags/example_latest_only_with_trigger.py
[2025-09-29T14:46:40.524+0000] {logging_mixin.py:190} INFO - [2025-09-29T14:46:40.524+0000] {dag.py:3239} INFO - Sync 1 DAGs
[2025-09-29T14:46:40.541+0000] {logging_mixin.py:190} INFO - [2025-09-29T14:46:40.541+0000] {dag.py:4180} INFO - Setting next_dagrun for latest_only_with_trigger to 2025-09-29 08:00:00+00:00, run_after=2025-09-29 12:00:00+00:00
[2025-09-29T14:46:40.557+0000] {processor.py:208} INFO - Processing /home/airflow/.local/lib/python3.12/site-packages/airflow/example_dags/example_latest_only_with_trigger.py took 0.055 seconds
[2025-09-29T14:47:10.852+0000] {processor.py:186} INFO - Started process (PID=1697) to work on /home/airflow/.local/lib/python3.12/site-packages/airflow/example_dags/example_latest_only_with_trigger.py
[2025-09-29T14:47:10.854+0000] {processor.py:914} INFO - Processing file /home/airflow/.local/lib/python3.12/site-packages/airflow/example_dags/example_latest_only_with_trigger.py for tasks to queue
[2025-09-29T14:47:10.856+0000] {logging_mixin.py:190} INFO - [2025-09-29T14:47:10.855+0000] {dagbag.py:588} INFO - Filling up the DagBag from /home/airflow/.local/lib/python3.12/site-packages/airflow/example_dags/example_latest_only_with_trigger.py
[2025-09-29T14:47:10.861+0000] {processor.py:925} INFO - DAG(s) 'latest_only_with_trigger' retrieved from /home/airflow/.local/lib/python3.12/site-packages/airflow/example_dags/example_latest_only_with_trigger.py
[2025-09-29T14:47:10.875+0000] {logging_mixin.py:190} INFO - [2025-09-29T14:47:10.875+0000] {dag.py:3239} INFO - Sync 1 DAGs
[2025-09-29T14:47:10.888+0000] {logging_mixin.py:190} INFO - [2025-09-29T14:47:10.888+0000] {dag.py:4180} INFO - Setting next_dagrun for latest_only_with_trigger to 2025-09-29 08:00:00+00:00, run_after=2025-09-29 12:00:00+00:00
[2025-09-29T14:47:10.898+0000] {processor.py:208} INFO - Processing /home/airflow/.local/lib/python3.12/site-packages/airflow/example_dags/example_latest_only_with_trigger.py took 0.050 seconds
[2025-09-29T14:47:41.264+0000] {processor.py:186} INFO - Started process (PID=1761) to work on /home/airflow/.local/lib/python3.12/site-packages/airflow/example_dags/example_latest_only_with_trigger.py
[2025-09-29T14:47:41.265+0000] {processor.py:914} INFO - Processing file /home/airflow/.local/lib/python3.12/site-packages/airflow/example_dags/example_latest_only_with_trigger.py for tasks to queue
[2025-09-29T14:47:41.266+0000] {logging_mixin.py:190} INFO - [2025-09-29T14:47:41.266+0000] {dagbag.py:588} INFO - Filling up the DagBag from /home/airflow/.local/lib/python3.12/site-packages/airflow/example_dags/example_latest_only_with_trigger.py
[2025-09-29T14:47:41.270+0000] {processor.py:925} INFO - DAG(s) 'latest_only_with_trigger' retrieved from /home/airflow/.local/lib/python3.12/site-packages/airflow/example_dags/example_latest_only_with_trigger.py
[2025-09-29T14:47:41.280+0000] {logging_mixin.py:190} INFO - [2025-09-29T14:47:41.280+0000] {dag.py:3239} INFO - Sync 1 DAGs
[2025-09-29T14:47:41.292+0000] {logging_mixin.py:190} INFO - [2025-09-29T14:47:41.292+0000] {dag.py:4180} INFO - Setting next_dagrun for latest_only_with_trigger to 2025-09-29 08:00:00+00:00, run_after=2025-09-29 12:00:00+00:00
[2025-09-29T14:47:41.305+0000] {processor.py:208} INFO - Processing /home/airflow/.local/lib/python3.12/site-packages/airflow/example_dags/example_latest_only_with_trigger.py took 0.044 seconds
[2025-09-29T14:48:11.707+0000] {processor.py:186} INFO - Started process (PID=1825) to work on /home/airflow/.local/lib/python3.12/site-packages/airflow/example_dags/example_latest_only_with_trigger.py
[2025-09-29T14:48:11.709+0000] {processor.py:914} INFO - Processing file /home/airflow/.local/lib/python3.12/site-packages/airflow/example_dags/example_latest_only_with_trigger.py for tasks to queue
[2025-09-29T14:48:11.711+0000] {logging_mixin.py:190} INFO - [2025-09-29T14:48:11.711+0000] {dagbag.py:588} INFO - Filling up the DagBag from /home/airflow/.local/lib/python3.12/site-packages/airflow/example_dags/example_latest_only_with_trigger.py
[2025-09-29T14:48:11.716+0000] {processor.py:925} INFO - DAG(s) 'latest_only_with_trigger' retrieved from /home/airflow/.local/lib/python3.12/site-packages/airflow/example_dags/example_latest_only_with_trigger.py
[2025-09-29T14:48:11.749+0000] {logging_mixin.py:190} INFO - [2025-09-29T14:48:11.749+0000] {dag.py:3239} INFO - Sync 1 DAGs
[2025-09-29T14:48:11.777+0000] {logging_mixin.py:190} INFO - [2025-09-29T14:48:11.777+0000] {dag.py:4180} INFO - Setting next_dagrun for latest_only_with_trigger to 2025-09-29 08:00:00+00:00, run_after=2025-09-29 12:00:00+00:00
[2025-09-29T14:48:11.787+0000] {processor.py:208} INFO - Processing /home/airflow/.local/lib/python3.12/site-packages/airflow/example_dags/example_latest_only_with_trigger.py took 0.084 seconds
[2025-09-29T14:48:41.950+0000] {processor.py:186} INFO - Started process (PID=1889) to work on /home/airflow/.local/lib/python3.12/site-packages/airflow/example_dags/example_latest_only_with_trigger.py
[2025-09-29T14:48:41.950+0000] {processor.py:914} INFO - Processing file /home/airflow/.local/lib/python3.12/site-packages/airflow/example_dags/example_latest_only_with_trigger.py for tasks to queue
[2025-09-29T14:48:41.952+0000] {logging_mixin.py:190} INFO - [2025-09-29T14:48:41.952+0000] {dagbag.py:588} INFO - Filling up the DagBag from /home/airflow/.local/lib/python3.12/site-packages/airflow/example_dags/example_latest_only_with_trigger.py
[2025-09-29T14:48:41.956+0000] {processor.py:925} INFO - DAG(s) 'latest_only_with_trigger' retrieved from /home/airflow/.local/lib/python3.12/site-packages/airflow/example_dags/example_latest_only_with_trigger.py
[2025-09-29T14:48:41.968+0000] {logging_mixin.py:190} INFO - [2025-09-29T14:48:41.968+0000] {dag.py:3239} INFO - Sync 1 DAGs
[2025-09-29T14:48:41.980+0000] {logging_mixin.py:190} INFO - [2025-09-29T14:48:41.980+0000] {dag.py:4180} INFO - Setting next_dagrun for latest_only_with_trigger to 2025-09-29 08:00:00+00:00, run_after=2025-09-29 12:00:00+00:00
[2025-09-29T14:48:41.991+0000] {processor.py:208} INFO - Processing /home/airflow/.local/lib/python3.12/site-packages/airflow/example_dags/example_latest_only_with_trigger.py took 0.044 seconds
[2025-09-29T14:49:12.181+0000] {processor.py:186} INFO - Started process (PID=1953) to work on /home/airflow/.local/lib/python3.12/site-packages/airflow/example_dags/example_latest_only_with_trigger.py
[2025-09-29T14:49:12.184+0000] {processor.py:914} INFO - Processing file /home/airflow/.local/lib/python3.12/site-packages/airflow/example_dags/example_latest_only_with_trigger.py for tasks to queue
[2025-09-29T14:49:12.186+0000] {logging_mixin.py:190} INFO - [2025-09-29T14:49:12.186+0000] {dagbag.py:588} INFO - Filling up the DagBag from /home/airflow/.local/lib/python3.12/site-packages/airflow/example_dags/example_latest_only_with_trigger.py
[2025-09-29T14:49:12.190+0000] {processor.py:925} INFO - DAG(s) 'latest_only_with_trigger' retrieved from /home/airflow/.local/lib/python3.12/site-packages/airflow/example_dags/example_latest_only_with_trigger.py
[2025-09-29T14:49:12.206+0000] {logging_mixin.py:190} INFO - [2025-09-29T14:49:12.206+0000] {dag.py:3239} INFO - Sync 1 DAGs
[2025-09-29T14:49:12.217+0000] {logging_mixin.py:190} INFO - [2025-09-29T14:49:12.217+0000] {dag.py:4180} INFO - Setting next_dagrun for latest_only_with_trigger to 2025-09-29 08:00:00+00:00, run_after=2025-09-29 12:00:00+00:00
[2025-09-29T14:49:12.231+0000] {processor.py:208} INFO - Processing /home/airflow/.local/lib/python3.12/site-packages/airflow/example_dags/example_latest_only_with_trigger.py took 0.053 seconds
[2025-09-29T14:49:42.683+0000] {processor.py:186} INFO - Started process (PID=2017) to work on /home/airflow/.local/lib/python3.12/site-packages/airflow/example_dags/example_latest_only_with_trigger.py
[2025-09-29T14:49:42.683+0000] {processor.py:914} INFO - Processing file /home/airflow/.local/lib/python3.12/site-packages/airflow/example_dags/example_latest_only_with_trigger.py for tasks to queue
[2025-09-29T14:49:42.684+0000] {logging_mixin.py:190} INFO - [2025-09-29T14:49:42.684+0000] {dagbag.py:588} INFO - Filling up the DagBag from /home/airflow/.local/lib/python3.12/site-packages/airflow/example_dags/example_latest_only_with_trigger.py
[2025-09-29T14:49:42.691+0000] {processor.py:925} INFO - DAG(s) 'latest_only_with_trigger' retrieved from /home/airflow/.local/lib/python3.12/site-packages/airflow/example_dags/example_latest_only_with_trigger.py
[2025-09-29T14:49:42.702+0000] {logging_mixin.py:190} INFO - [2025-09-29T14:49:42.702+0000] {dag.py:3239} INFO - Sync 1 DAGs
[2025-09-29T14:49:42.713+0000] {logging_mixin.py:190} INFO - [2025-09-29T14:49:42.713+0000] {dag.py:4180} INFO - Setting next_dagrun for latest_only_with_trigger to 2025-09-29 08:00:00+00:00, run_after=2025-09-29 12:00:00+00:00
[2025-09-29T14:49:42.726+0000] {processor.py:208} INFO - Processing /home/airflow/.local/lib/python3.12/site-packages/airflow/example_dags/example_latest_only_with_trigger.py took 0.046 seconds
[2025-09-29T14:50:12.990+0000] {processor.py:186} INFO - Started process (PID=2081) to work on /home/airflow/.local/lib/python3.12/site-packages/airflow/example_dags/example_latest_only_with_trigger.py
[2025-09-29T14:50:12.991+0000] {processor.py:914} INFO - Processing file /home/airflow/.local/lib/python3.12/site-packages/airflow/example_dags/example_latest_only_with_trigger.py for tasks to queue
[2025-09-29T14:50:12.992+0000] {logging_mixin.py:190} INFO - [2025-09-29T14:50:12.992+0000] {dagbag.py:588} INFO - Filling up the DagBag from /home/airflow/.local/lib/python3.12/site-packages/airflow/example_dags/example_latest_only_with_trigger.py
[2025-09-29T14:50:12.996+0000] {processor.py:925} INFO - DAG(s) 'latest_only_with_trigger' retrieved from /home/airflow/.local/lib/python3.12/site-packages/airflow/example_dags/example_latest_only_with_trigger.py
[2025-09-29T14:50:13.008+0000] {logging_mixin.py:190} INFO - [2025-09-29T14:50:13.008+0000] {dag.py:3239} INFO - Sync 1 DAGs
[2025-09-29T14:50:13.020+0000] {logging_mixin.py:190} INFO - [2025-09-29T14:50:13.020+0000] {dag.py:4180} INFO - Setting next_dagrun for latest_only_with_trigger to 2025-09-29 08:00:00+00:00, run_after=2025-09-29 12:00:00+00:00
[2025-09-29T14:50:13.030+0000] {processor.py:208} INFO - Processing /home/airflow/.local/lib/python3.12/site-packages/airflow/example_dags/example_latest_only_with_trigger.py took 0.043 seconds
[2025-09-29T14:50:43.305+0000] {processor.py:186} INFO - Started process (PID=2145) to work on /home/airflow/.local/lib/python3.12/site-packages/airflow/example_dags/example_latest_only_with_trigger.py
[2025-09-29T14:50:43.306+0000] {processor.py:914} INFO - Processing file /home/airflow/.local/lib/python3.12/site-packages/airflow/example_dags/example_latest_only_with_trigger.py for tasks to queue
[2025-09-29T14:50:43.307+0000] {logging_mixin.py:190} INFO - [2025-09-29T14:50:43.307+0000] {dagbag.py:588} INFO - Filling up the DagBag from /home/airflow/.local/lib/python3.12/site-packages/airflow/example_dags/example_latest_only_with_trigger.py
[2025-09-29T14:50:43.311+0000] {processor.py:925} INFO - DAG(s) 'latest_only_with_trigger' retrieved from /home/airflow/.local/lib/python3.12/site-packages/airflow/example_dags/example_latest_only_with_trigger.py
[2025-09-29T14:50:43.323+0000] {logging_mixin.py:190} INFO - [2025-09-29T14:50:43.323+0000] {dag.py:3239} INFO - Sync 1 DAGs
[2025-09-29T14:50:43.334+0000] {logging_mixin.py:190} INFO - [2025-09-29T14:50:43.334+0000] {dag.py:4180} INFO - Setting next_dagrun for latest_only_with_trigger to 2025-09-29 08:00:00+00:00, run_after=2025-09-29 12:00:00+00:00
[2025-09-29T14:50:43.343+0000] {processor.py:208} INFO - Processing /home/airflow/.local/lib/python3.12/site-packages/airflow/example_dags/example_latest_only_with_trigger.py took 0.041 seconds
[2025-09-29T14:51:13.517+0000] {processor.py:186} INFO - Started process (PID=2209) to work on /home/airflow/.local/lib/python3.12/site-packages/airflow/example_dags/example_latest_only_with_trigger.py
[2025-09-29T14:51:13.518+0000] {processor.py:914} INFO - Processing file /home/airflow/.local/lib/python3.12/site-packages/airflow/example_dags/example_latest_only_with_trigger.py for tasks to queue
[2025-09-29T14:51:13.519+0000] {logging_mixin.py:190} INFO - [2025-09-29T14:51:13.519+0000] {dagbag.py:588} INFO - Filling up the DagBag from /home/airflow/.local/lib/python3.12/site-packages/airflow/example_dags/example_latest_only_with_trigger.py
[2025-09-29T14:51:13.524+0000] {processor.py:925} INFO - DAG(s) 'latest_only_with_trigger' retrieved from /home/airflow/.local/lib/python3.12/site-packages/airflow/example_dags/example_latest_only_with_trigger.py
[2025-09-29T14:51:13.535+0000] {logging_mixin.py:190} INFO - [2025-09-29T14:51:13.535+0000] {dag.py:3239} INFO - Sync 1 DAGs
[2025-09-29T14:51:13.546+0000] {logging_mixin.py:190} INFO - [2025-09-29T14:51:13.546+0000] {dag.py:4180} INFO - Setting next_dagrun for latest_only_with_trigger to 2025-09-29 08:00:00+00:00, run_after=2025-09-29 12:00:00+00:00
[2025-09-29T14:51:13.559+0000] {processor.py:208} INFO - Processing /home/airflow/.local/lib/python3.12/site-packages/airflow/example_dags/example_latest_only_with_trigger.py took 0.045 seconds
[2025-09-29T14:51:43.880+0000] {processor.py:186} INFO - Started process (PID=2273) to work on /home/airflow/.local/lib/python3.12/site-packages/airflow/example_dags/example_latest_only_with_trigger.py
[2025-09-29T14:51:43.884+0000] {processor.py:914} INFO - Processing file /home/airflow/.local/lib/python3.12/site-packages/airflow/example_dags/example_latest_only_with_trigger.py for tasks to queue
[2025-09-29T14:51:43.887+0000] {logging_mixin.py:190} INFO - [2025-09-29T14:51:43.886+0000] {dagbag.py:588} INFO - Filling up the DagBag from /home/airflow/.local/lib/python3.12/site-packages/airflow/example_dags/example_latest_only_with_trigger.py
[2025-09-29T14:51:43.891+0000] {processor.py:925} INFO - DAG(s) 'latest_only_with_trigger' retrieved from /home/airflow/.local/lib/python3.12/site-packages/airflow/example_dags/example_latest_only_with_trigger.py
[2025-09-29T14:51:43.903+0000] {logging_mixin.py:190} INFO - [2025-09-29T14:51:43.903+0000] {dag.py:3239} INFO - Sync 1 DAGs
[2025-09-29T14:51:43.915+0000] {logging_mixin.py:190} INFO - [2025-09-29T14:51:43.914+0000] {dag.py:4180} INFO - Setting next_dagrun for latest_only_with_trigger to 2025-09-29 08:00:00+00:00, run_after=2025-09-29 12:00:00+00:00
[2025-09-29T14:51:43.926+0000] {processor.py:208} INFO - Processing /home/airflow/.local/lib/python3.12/site-packages/airflow/example_dags/example_latest_only_with_trigger.py took 0.049 seconds
[2025-09-29T14:52:14.206+0000] {processor.py:186} INFO - Started process (PID=2336) to work on /home/airflow/.local/lib/python3.12/site-packages/airflow/example_dags/example_latest_only_with_trigger.py
[2025-09-29T14:52:14.210+0000] {processor.py:914} INFO - Processing file /home/airflow/.local/lib/python3.12/site-packages/airflow/example_dags/example_latest_only_with_trigger.py for tasks to queue
[2025-09-29T14:52:14.211+0000] {logging_mixin.py:190} INFO - [2025-09-29T14:52:14.211+0000] {dagbag.py:588} INFO - Filling up the DagBag from /home/airflow/.local/lib/python3.12/site-packages/airflow/example_dags/example_latest_only_with_trigger.py
[2025-09-29T14:52:14.216+0000] {processor.py:925} INFO - DAG(s) 'latest_only_with_trigger' retrieved from /home/airflow/.local/lib/python3.12/site-packages/airflow/example_dags/example_latest_only_with_trigger.py
[2025-09-29T14:52:14.232+0000] {logging_mixin.py:190} INFO - [2025-09-29T14:52:14.232+0000] {dag.py:3239} INFO - Sync 1 DAGs
[2025-09-29T14:52:14.245+0000] {logging_mixin.py:190} INFO - [2025-09-29T14:52:14.245+0000] {dag.py:4180} INFO - Setting next_dagrun for latest_only_with_trigger to 2025-09-29 08:00:00+00:00, run_after=2025-09-29 12:00:00+00:00
[2025-09-29T14:52:14.254+0000] {processor.py:208} INFO - Processing /home/airflow/.local/lib/python3.12/site-packages/airflow/example_dags/example_latest_only_with_trigger.py took 0.051 seconds
[2025-09-29T14:52:44.417+0000] {processor.py:186} INFO - Started process (PID=2399) to work on /home/airflow/.local/lib/python3.12/site-packages/airflow/example_dags/example_latest_only_with_trigger.py
[2025-09-29T14:52:44.418+0000] {processor.py:914} INFO - Processing file /home/airflow/.local/lib/python3.12/site-packages/airflow/example_dags/example_latest_only_with_trigger.py for tasks to queue
[2025-09-29T14:52:44.419+0000] {logging_mixin.py:190} INFO - [2025-09-29T14:52:44.418+0000] {dagbag.py:588} INFO - Filling up the DagBag from /home/airflow/.local/lib/python3.12/site-packages/airflow/example_dags/example_latest_only_with_trigger.py
[2025-09-29T14:52:44.423+0000] {processor.py:925} INFO - DAG(s) 'latest_only_with_trigger' retrieved from /home/airflow/.local/lib/python3.12/site-packages/airflow/example_dags/example_latest_only_with_trigger.py
[2025-09-29T14:52:44.434+0000] {logging_mixin.py:190} INFO - [2025-09-29T14:52:44.434+0000] {dag.py:3239} INFO - Sync 1 DAGs
[2025-09-29T14:52:44.446+0000] {logging_mixin.py:190} INFO - [2025-09-29T14:52:44.446+0000] {dag.py:4180} INFO - Setting next_dagrun for latest_only_with_trigger to 2025-09-29 08:00:00+00:00, run_after=2025-09-29 12:00:00+00:00
[2025-09-29T14:52:44.455+0000] {processor.py:208} INFO - Processing /home/airflow/.local/lib/python3.12/site-packages/airflow/example_dags/example_latest_only_with_trigger.py took 0.040 seconds
[2025-09-29T14:53:14.565+0000] {processor.py:186} INFO - Started process (PID=2462) to work on /home/airflow/.local/lib/python3.12/site-packages/airflow/example_dags/example_latest_only_with_trigger.py
[2025-09-29T14:53:14.565+0000] {processor.py:914} INFO - Processing file /home/airflow/.local/lib/python3.12/site-packages/airflow/example_dags/example_latest_only_with_trigger.py for tasks to queue
[2025-09-29T14:53:14.566+0000] {logging_mixin.py:190} INFO - [2025-09-29T14:53:14.566+0000] {dagbag.py:588} INFO - Filling up the DagBag from /home/airflow/.local/lib/python3.12/site-packages/airflow/example_dags/example_latest_only_with_trigger.py
[2025-09-29T14:53:14.570+0000] {processor.py:925} INFO - DAG(s) 'latest_only_with_trigger' retrieved from /home/airflow/.local/lib/python3.12/site-packages/airflow/example_dags/example_latest_only_with_trigger.py
[2025-09-29T14:53:14.581+0000] {logging_mixin.py:190} INFO - [2025-09-29T14:53:14.580+0000] {dag.py:3239} INFO - Sync 1 DAGs
[2025-09-29T14:53:14.590+0000] {logging_mixin.py:190} INFO - [2025-09-29T14:53:14.590+0000] {dag.py:4180} INFO - Setting next_dagrun for latest_only_with_trigger to 2025-09-29 08:00:00+00:00, run_after=2025-09-29 12:00:00+00:00
[2025-09-29T14:53:14.598+0000] {processor.py:208} INFO - Processing /home/airflow/.local/lib/python3.12/site-packages/airflow/example_dags/example_latest_only_with_trigger.py took 0.036 seconds
[2025-09-29T14:53:44.883+0000] {processor.py:186} INFO - Started process (PID=2525) to work on /home/airflow/.local/lib/python3.12/site-packages/airflow/example_dags/example_latest_only_with_trigger.py
[2025-09-29T14:53:44.884+0000] {processor.py:914} INFO - Processing file /home/airflow/.local/lib/python3.12/site-packages/airflow/example_dags/example_latest_only_with_trigger.py for tasks to queue
[2025-09-29T14:53:44.884+0000] {logging_mixin.py:190} INFO - [2025-09-29T14:53:44.884+0000] {dagbag.py:588} INFO - Filling up the DagBag from /home/airflow/.local/lib/python3.12/site-packages/airflow/example_dags/example_latest_only_with_trigger.py
[2025-09-29T14:53:44.889+0000] {processor.py:925} INFO - DAG(s) 'latest_only_with_trigger' retrieved from /home/airflow/.local/lib/python3.12/site-packages/airflow/example_dags/example_latest_only_with_trigger.py
[2025-09-29T14:53:44.900+0000] {logging_mixin.py:190} INFO - [2025-09-29T14:53:44.900+0000] {dag.py:3239} INFO - Sync 1 DAGs
[2025-09-29T14:53:44.910+0000] {logging_mixin.py:190} INFO - [2025-09-29T14:53:44.910+0000] {dag.py:4180} INFO - Setting next_dagrun for latest_only_with_trigger to 2025-09-29 08:00:00+00:00, run_after=2025-09-29 12:00:00+00:00
[2025-09-29T14:53:44.919+0000] {processor.py:208} INFO - Processing /home/airflow/.local/lib/python3.12/site-packages/airflow/example_dags/example_latest_only_with_trigger.py took 0.039 seconds
[2025-09-29T14:54:15.134+0000] {processor.py:186} INFO - Started process (PID=2588) to work on /home/airflow/.local/lib/python3.12/site-packages/airflow/example_dags/example_latest_only_with_trigger.py
[2025-09-29T14:54:15.134+0000] {processor.py:914} INFO - Processing file /home/airflow/.local/lib/python3.12/site-packages/airflow/example_dags/example_latest_only_with_trigger.py for tasks to queue
[2025-09-29T14:54:15.135+0000] {logging_mixin.py:190} INFO - [2025-09-29T14:54:15.135+0000] {dagbag.py:588} INFO - Filling up the DagBag from /home/airflow/.local/lib/python3.12/site-packages/airflow/example_dags/example_latest_only_with_trigger.py
[2025-09-29T14:54:15.140+0000] {processor.py:925} INFO - DAG(s) 'latest_only_with_trigger' retrieved from /home/airflow/.local/lib/python3.12/site-packages/airflow/example_dags/example_latest_only_with_trigger.py
[2025-09-29T14:54:15.150+0000] {logging_mixin.py:190} INFO - [2025-09-29T14:54:15.150+0000] {dag.py:3239} INFO - Sync 1 DAGs
[2025-09-29T14:54:15.161+0000] {logging_mixin.py:190} INFO - [2025-09-29T14:54:15.161+0000] {dag.py:4180} INFO - Setting next_dagrun for latest_only_with_trigger to 2025-09-29 08:00:00+00:00, run_after=2025-09-29 12:00:00+00:00
[2025-09-29T14:54:15.176+0000] {processor.py:208} INFO - Processing /home/airflow/.local/lib/python3.12/site-packages/airflow/example_dags/example_latest_only_with_trigger.py took 0.045 seconds
[2025-09-29T14:54:45.510+0000] {processor.py:186} INFO - Started process (PID=2651) to work on /home/airflow/.local/lib/python3.12/site-packages/airflow/example_dags/example_latest_only_with_trigger.py
[2025-09-29T14:54:45.511+0000] {processor.py:914} INFO - Processing file /home/airflow/.local/lib/python3.12/site-packages/airflow/example_dags/example_latest_only_with_trigger.py for tasks to queue
[2025-09-29T14:54:45.512+0000] {logging_mixin.py:190} INFO - [2025-09-29T14:54:45.512+0000] {dagbag.py:588} INFO - Filling up the DagBag from /home/airflow/.local/lib/python3.12/site-packages/airflow/example_dags/example_latest_only_with_trigger.py
[2025-09-29T14:54:45.517+0000] {processor.py:925} INFO - DAG(s) 'latest_only_with_trigger' retrieved from /home/airflow/.local/lib/python3.12/site-packages/airflow/example_dags/example_latest_only_with_trigger.py
[2025-09-29T14:54:45.529+0000] {logging_mixin.py:190} INFO - [2025-09-29T14:54:45.529+0000] {dag.py:3239} INFO - Sync 1 DAGs
[2025-09-29T14:54:45.543+0000] {logging_mixin.py:190} INFO - [2025-09-29T14:54:45.543+0000] {dag.py:4180} INFO - Setting next_dagrun for latest_only_with_trigger to 2025-09-29 08:00:00+00:00, run_after=2025-09-29 12:00:00+00:00
[2025-09-29T14:54:45.555+0000] {processor.py:208} INFO - Processing /home/airflow/.local/lib/python3.12/site-packages/airflow/example_dags/example_latest_only_with_trigger.py took 0.047 seconds
[2025-09-29T14:55:15.944+0000] {processor.py:186} INFO - Started process (PID=2714) to work on /home/airflow/.local/lib/python3.12/site-packages/airflow/example_dags/example_latest_only_with_trigger.py
[2025-09-29T14:55:15.945+0000] {processor.py:914} INFO - Processing file /home/airflow/.local/lib/python3.12/site-packages/airflow/example_dags/example_latest_only_with_trigger.py for tasks to queue
[2025-09-29T14:55:15.945+0000] {logging_mixin.py:190} INFO - [2025-09-29T14:55:15.945+0000] {dagbag.py:588} INFO - Filling up the DagBag from /home/airflow/.local/lib/python3.12/site-packages/airflow/example_dags/example_latest_only_with_trigger.py
[2025-09-29T14:55:15.950+0000] {processor.py:925} INFO - DAG(s) 'latest_only_with_trigger' retrieved from /home/airflow/.local/lib/python3.12/site-packages/airflow/example_dags/example_latest_only_with_trigger.py
[2025-09-29T14:55:15.964+0000] {logging_mixin.py:190} INFO - [2025-09-29T14:55:15.964+0000] {dag.py:3239} INFO - Sync 1 DAGs
[2025-09-29T14:55:15.980+0000] {logging_mixin.py:190} INFO - [2025-09-29T14:55:15.980+0000] {dag.py:4180} INFO - Setting next_dagrun for latest_only_with_trigger to 2025-09-29 08:00:00+00:00, run_after=2025-09-29 12:00:00+00:00
[2025-09-29T14:55:15.992+0000] {processor.py:208} INFO - Processing /home/airflow/.local/lib/python3.12/site-packages/airflow/example_dags/example_latest_only_with_trigger.py took 0.050 seconds
[2025-09-29T14:55:46.362+0000] {processor.py:186} INFO - Started process (PID=2776) to work on /home/airflow/.local/lib/python3.12/site-packages/airflow/example_dags/example_latest_only_with_trigger.py
[2025-09-29T14:55:46.365+0000] {processor.py:914} INFO - Processing file /home/airflow/.local/lib/python3.12/site-packages/airflow/example_dags/example_latest_only_with_trigger.py for tasks to queue
[2025-09-29T14:55:46.366+0000] {logging_mixin.py:190} INFO - [2025-09-29T14:55:46.366+0000] {dagbag.py:588} INFO - Filling up the DagBag from /home/airflow/.local/lib/python3.12/site-packages/airflow/example_dags/example_latest_only_with_trigger.py
[2025-09-29T14:55:46.371+0000] {processor.py:925} INFO - DAG(s) 'latest_only_with_trigger' retrieved from /home/airflow/.local/lib/python3.12/site-packages/airflow/example_dags/example_latest_only_with_trigger.py
[2025-09-29T14:55:46.385+0000] {logging_mixin.py:190} INFO - [2025-09-29T14:55:46.385+0000] {dag.py:3239} INFO - Sync 1 DAGs
[2025-09-29T14:55:46.395+0000] {logging_mixin.py:190} INFO - [2025-09-29T14:55:46.395+0000] {dag.py:4180} INFO - Setting next_dagrun for latest_only_with_trigger to 2025-09-29 08:00:00+00:00, run_after=2025-09-29 12:00:00+00:00
[2025-09-29T14:55:46.407+0000] {processor.py:208} INFO - Processing /home/airflow/.local/lib/python3.12/site-packages/airflow/example_dags/example_latest_only_with_trigger.py took 0.048 seconds
[2025-09-29T14:56:16.920+0000] {processor.py:186} INFO - Started process (PID=2839) to work on /home/airflow/.local/lib/python3.12/site-packages/airflow/example_dags/example_latest_only_with_trigger.py
[2025-09-29T14:56:16.920+0000] {processor.py:914} INFO - Processing file /home/airflow/.local/lib/python3.12/site-packages/airflow/example_dags/example_latest_only_with_trigger.py for tasks to queue
[2025-09-29T14:56:16.922+0000] {logging_mixin.py:190} INFO - [2025-09-29T14:56:16.922+0000] {dagbag.py:588} INFO - Filling up the DagBag from /home/airflow/.local/lib/python3.12/site-packages/airflow/example_dags/example_latest_only_with_trigger.py
[2025-09-29T14:56:16.927+0000] {processor.py:925} INFO - DAG(s) 'latest_only_with_trigger' retrieved from /home/airflow/.local/lib/python3.12/site-packages/airflow/example_dags/example_latest_only_with_trigger.py
[2025-09-29T14:56:16.939+0000] {logging_mixin.py:190} INFO - [2025-09-29T14:56:16.939+0000] {dag.py:3239} INFO - Sync 1 DAGs
[2025-09-29T14:56:16.955+0000] {logging_mixin.py:190} INFO - [2025-09-29T14:56:16.955+0000] {dag.py:4180} INFO - Setting next_dagrun for latest_only_with_trigger to 2025-09-29 08:00:00+00:00, run_after=2025-09-29 12:00:00+00:00
[2025-09-29T14:56:16.965+0000] {processor.py:208} INFO - Processing /home/airflow/.local/lib/python3.12/site-packages/airflow/example_dags/example_latest_only_with_trigger.py took 0.049 seconds
[2025-09-29T14:56:47.320+0000] {processor.py:186} INFO - Started process (PID=2902) to work on /home/airflow/.local/lib/python3.12/site-packages/airflow/example_dags/example_latest_only_with_trigger.py
[2025-09-29T14:56:47.322+0000] {processor.py:914} INFO - Processing file /home/airflow/.local/lib/python3.12/site-packages/airflow/example_dags/example_latest_only_with_trigger.py for tasks to queue
[2025-09-29T14:56:47.323+0000] {logging_mixin.py:190} INFO - [2025-09-29T14:56:47.323+0000] {dagbag.py:588} INFO - Filling up the DagBag from /home/airflow/.local/lib/python3.12/site-packages/airflow/example_dags/example_latest_only_with_trigger.py
[2025-09-29T14:56:47.328+0000] {processor.py:925} INFO - DAG(s) 'latest_only_with_trigger' retrieved from /home/airflow/.local/lib/python3.12/site-packages/airflow/example_dags/example_latest_only_with_trigger.py
[2025-09-29T14:56:47.341+0000] {logging_mixin.py:190} INFO - [2025-09-29T14:56:47.341+0000] {dag.py:3239} INFO - Sync 1 DAGs
[2025-09-29T14:56:47.352+0000] {logging_mixin.py:190} INFO - [2025-09-29T14:56:47.352+0000] {dag.py:4180} INFO - Setting next_dagrun for latest_only_with_trigger to 2025-09-29 08:00:00+00:00, run_after=2025-09-29 12:00:00+00:00
[2025-09-29T14:56:47.361+0000] {processor.py:208} INFO - Processing /home/airflow/.local/lib/python3.12/site-packages/airflow/example_dags/example_latest_only_with_trigger.py took 0.044 seconds
[2025-09-29T14:57:17.867+0000] {processor.py:186} INFO - Started process (PID=2965) to work on /home/airflow/.local/lib/python3.12/site-packages/airflow/example_dags/example_latest_only_with_trigger.py
[2025-09-29T14:57:17.869+0000] {processor.py:914} INFO - Processing file /home/airflow/.local/lib/python3.12/site-packages/airflow/example_dags/example_latest_only_with_trigger.py for tasks to queue
[2025-09-29T14:57:17.870+0000] {logging_mixin.py:190} INFO - [2025-09-29T14:57:17.870+0000] {dagbag.py:588} INFO - Filling up the DagBag from /home/airflow/.local/lib/python3.12/site-packages/airflow/example_dags/example_latest_only_with_trigger.py
[2025-09-29T14:57:17.876+0000] {processor.py:925} INFO - DAG(s) 'latest_only_with_trigger' retrieved from /home/airflow/.local/lib/python3.12/site-packages/airflow/example_dags/example_latest_only_with_trigger.py
[2025-09-29T14:57:17.891+0000] {logging_mixin.py:190} INFO - [2025-09-29T14:57:17.891+0000] {dag.py:3239} INFO - Sync 1 DAGs
[2025-09-29T14:57:17.902+0000] {logging_mixin.py:190} INFO - [2025-09-29T14:57:17.902+0000] {dag.py:4180} INFO - Setting next_dagrun for latest_only_with_trigger to 2025-09-29 08:00:00+00:00, run_after=2025-09-29 12:00:00+00:00
[2025-09-29T14:57:17.910+0000] {processor.py:208} INFO - Processing /home/airflow/.local/lib/python3.12/site-packages/airflow/example_dags/example_latest_only_with_trigger.py took 0.046 seconds
[2025-09-29T14:57:48.555+0000] {processor.py:186} INFO - Started process (PID=3028) to work on /home/airflow/.local/lib/python3.12/site-packages/airflow/example_dags/example_latest_only_with_trigger.py
[2025-09-29T14:57:48.556+0000] {processor.py:914} INFO - Processing file /home/airflow/.local/lib/python3.12/site-packages/airflow/example_dags/example_latest_only_with_trigger.py for tasks to queue
[2025-09-29T14:57:48.557+0000] {logging_mixin.py:190} INFO - [2025-09-29T14:57:48.557+0000] {dagbag.py:588} INFO - Filling up the DagBag from /home/airflow/.local/lib/python3.12/site-packages/airflow/example_dags/example_latest_only_with_trigger.py
[2025-09-29T14:57:48.561+0000] {processor.py:925} INFO - DAG(s) 'latest_only_with_trigger' retrieved from /home/airflow/.local/lib/python3.12/site-packages/airflow/example_dags/example_latest_only_with_trigger.py
[2025-09-29T14:57:48.572+0000] {logging_mixin.py:190} INFO - [2025-09-29T14:57:48.572+0000] {dag.py:3239} INFO - Sync 1 DAGs
[2025-09-29T14:57:48.585+0000] {logging_mixin.py:190} INFO - [2025-09-29T14:57:48.585+0000] {dag.py:4180} INFO - Setting next_dagrun for latest_only_with_trigger to 2025-09-29 08:00:00+00:00, run_after=2025-09-29 12:00:00+00:00
[2025-09-29T14:57:48.596+0000] {processor.py:208} INFO - Processing /home/airflow/.local/lib/python3.12/site-packages/airflow/example_dags/example_latest_only_with_trigger.py took 0.044 seconds
[2025-09-29T14:58:19.244+0000] {processor.py:186} INFO - Started process (PID=3090) to work on /home/airflow/.local/lib/python3.12/site-packages/airflow/example_dags/example_latest_only_with_trigger.py
[2025-09-29T14:58:19.245+0000] {processor.py:914} INFO - Processing file /home/airflow/.local/lib/python3.12/site-packages/airflow/example_dags/example_latest_only_with_trigger.py for tasks to queue
[2025-09-29T14:58:19.247+0000] {logging_mixin.py:190} INFO - [2025-09-29T14:58:19.246+0000] {dagbag.py:588} INFO - Filling up the DagBag from /home/airflow/.local/lib/python3.12/site-packages/airflow/example_dags/example_latest_only_with_trigger.py
[2025-09-29T14:58:19.252+0000] {processor.py:925} INFO - DAG(s) 'latest_only_with_trigger' retrieved from /home/airflow/.local/lib/python3.12/site-packages/airflow/example_dags/example_latest_only_with_trigger.py
[2025-09-29T14:58:19.264+0000] {logging_mixin.py:190} INFO - [2025-09-29T14:58:19.264+0000] {dag.py:3239} INFO - Sync 1 DAGs
[2025-09-29T14:58:19.276+0000] {logging_mixin.py:190} INFO - [2025-09-29T14:58:19.276+0000] {dag.py:4180} INFO - Setting next_dagrun for latest_only_with_trigger to 2025-09-29 08:00:00+00:00, run_after=2025-09-29 12:00:00+00:00
[2025-09-29T14:58:19.288+0000] {processor.py:208} INFO - Processing /home/airflow/.local/lib/python3.12/site-packages/airflow/example_dags/example_latest_only_with_trigger.py took 0.046 seconds
[2025-09-29T14:58:49.937+0000] {processor.py:186} INFO - Started process (PID=3153) to work on /home/airflow/.local/lib/python3.12/site-packages/airflow/example_dags/example_latest_only_with_trigger.py
[2025-09-29T14:58:49.940+0000] {processor.py:914} INFO - Processing file /home/airflow/.local/lib/python3.12/site-packages/airflow/example_dags/example_latest_only_with_trigger.py for tasks to queue
[2025-09-29T14:58:49.941+0000] {logging_mixin.py:190} INFO - [2025-09-29T14:58:49.940+0000] {dagbag.py:588} INFO - Filling up the DagBag from /home/airflow/.local/lib/python3.12/site-packages/airflow/example_dags/example_latest_only_with_trigger.py
[2025-09-29T14:58:49.946+0000] {processor.py:925} INFO - DAG(s) 'latest_only_with_trigger' retrieved from /home/airflow/.local/lib/python3.12/site-packages/airflow/example_dags/example_latest_only_with_trigger.py
[2025-09-29T14:58:49.958+0000] {logging_mixin.py:190} INFO - [2025-09-29T14:58:49.957+0000] {dag.py:3239} INFO - Sync 1 DAGs
[2025-09-29T14:58:49.968+0000] {logging_mixin.py:190} INFO - [2025-09-29T14:58:49.968+0000] {dag.py:4180} INFO - Setting next_dagrun for latest_only_with_trigger to 2025-09-29 08:00:00+00:00, run_after=2025-09-29 12:00:00+00:00
[2025-09-29T14:58:49.983+0000] {processor.py:208} INFO - Processing /home/airflow/.local/lib/python3.12/site-packages/airflow/example_dags/example_latest_only_with_trigger.py took 0.050 seconds
[2025-09-29T14:59:20.503+0000] {processor.py:186} INFO - Started process (PID=3216) to work on /home/airflow/.local/lib/python3.12/site-packages/airflow/example_dags/example_latest_only_with_trigger.py
[2025-09-29T14:59:20.503+0000] {processor.py:914} INFO - Processing file /home/airflow/.local/lib/python3.12/site-packages/airflow/example_dags/example_latest_only_with_trigger.py for tasks to queue
[2025-09-29T14:59:20.504+0000] {logging_mixin.py:190} INFO - [2025-09-29T14:59:20.504+0000] {dagbag.py:588} INFO - Filling up the DagBag from /home/airflow/.local/lib/python3.12/site-packages/airflow/example_dags/example_latest_only_with_trigger.py
[2025-09-29T14:59:20.509+0000] {processor.py:925} INFO - DAG(s) 'latest_only_with_trigger' retrieved from /home/airflow/.local/lib/python3.12/site-packages/airflow/example_dags/example_latest_only_with_trigger.py
[2025-09-29T14:59:20.521+0000] {logging_mixin.py:190} INFO - [2025-09-29T14:59:20.521+0000] {dag.py:3239} INFO - Sync 1 DAGs
[2025-09-29T14:59:20.534+0000] {logging_mixin.py:190} INFO - [2025-09-29T14:59:20.534+0000] {dag.py:4180} INFO - Setting next_dagrun for latest_only_with_trigger to 2025-09-29 08:00:00+00:00, run_after=2025-09-29 12:00:00+00:00
[2025-09-29T14:59:20.545+0000] {processor.py:208} INFO - Processing /home/airflow/.local/lib/python3.12/site-packages/airflow/example_dags/example_latest_only_with_trigger.py took 0.045 seconds
[2025-09-29T14:59:51.045+0000] {processor.py:186} INFO - Started process (PID=3279) to work on /home/airflow/.local/lib/python3.12/site-packages/airflow/example_dags/example_latest_only_with_trigger.py
[2025-09-29T14:59:51.046+0000] {processor.py:914} INFO - Processing file /home/airflow/.local/lib/python3.12/site-packages/airflow/example_dags/example_latest_only_with_trigger.py for tasks to queue
[2025-09-29T14:59:51.047+0000] {logging_mixin.py:190} INFO - [2025-09-29T14:59:51.047+0000] {dagbag.py:588} INFO - Filling up the DagBag from /home/airflow/.local/lib/python3.12/site-packages/airflow/example_dags/example_latest_only_with_trigger.py
[2025-09-29T14:59:51.052+0000] {processor.py:925} INFO - DAG(s) 'latest_only_with_trigger' retrieved from /home/airflow/.local/lib/python3.12/site-packages/airflow/example_dags/example_latest_only_with_trigger.py
[2025-09-29T14:59:51.062+0000] {logging_mixin.py:190} INFO - [2025-09-29T14:59:51.061+0000] {dag.py:3239} INFO - Sync 1 DAGs
[2025-09-29T14:59:51.073+0000] {logging_mixin.py:190} INFO - [2025-09-29T14:59:51.073+0000] {dag.py:4180} INFO - Setting next_dagrun for latest_only_with_trigger to 2025-09-29 08:00:00+00:00, run_after=2025-09-29 12:00:00+00:00
[2025-09-29T14:59:51.084+0000] {processor.py:208} INFO - Processing /home/airflow/.local/lib/python3.12/site-packages/airflow/example_dags/example_latest_only_with_trigger.py took 0.042 seconds
[2025-09-29T15:00:21.652+0000] {processor.py:186} INFO - Started process (PID=3342) to work on /home/airflow/.local/lib/python3.12/site-packages/airflow/example_dags/example_latest_only_with_trigger.py
[2025-09-29T15:00:21.653+0000] {processor.py:914} INFO - Processing file /home/airflow/.local/lib/python3.12/site-packages/airflow/example_dags/example_latest_only_with_trigger.py for tasks to queue
[2025-09-29T15:00:21.654+0000] {logging_mixin.py:190} INFO - [2025-09-29T15:00:21.654+0000] {dagbag.py:588} INFO - Filling up the DagBag from /home/airflow/.local/lib/python3.12/site-packages/airflow/example_dags/example_latest_only_with_trigger.py
[2025-09-29T15:00:21.658+0000] {processor.py:925} INFO - DAG(s) 'latest_only_with_trigger' retrieved from /home/airflow/.local/lib/python3.12/site-packages/airflow/example_dags/example_latest_only_with_trigger.py
[2025-09-29T15:00:21.671+0000] {logging_mixin.py:190} INFO - [2025-09-29T15:00:21.671+0000] {dag.py:3239} INFO - Sync 1 DAGs
[2025-09-29T15:00:21.683+0000] {logging_mixin.py:190} INFO - [2025-09-29T15:00:21.683+0000] {dag.py:4180} INFO - Setting next_dagrun for latest_only_with_trigger to 2025-09-29 08:00:00+00:00, run_after=2025-09-29 12:00:00+00:00
[2025-09-29T15:00:21.693+0000] {processor.py:208} INFO - Processing /home/airflow/.local/lib/python3.12/site-packages/airflow/example_dags/example_latest_only_with_trigger.py took 0.044 seconds
[2025-09-29T15:00:52.228+0000] {processor.py:186} INFO - Started process (PID=3405) to work on /home/airflow/.local/lib/python3.12/site-packages/airflow/example_dags/example_latest_only_with_trigger.py
[2025-09-29T15:00:52.229+0000] {processor.py:914} INFO - Processing file /home/airflow/.local/lib/python3.12/site-packages/airflow/example_dags/example_latest_only_with_trigger.py for tasks to queue
[2025-09-29T15:00:52.229+0000] {logging_mixin.py:190} INFO - [2025-09-29T15:00:52.229+0000] {dagbag.py:588} INFO - Filling up the DagBag from /home/airflow/.local/lib/python3.12/site-packages/airflow/example_dags/example_latest_only_with_trigger.py
[2025-09-29T15:00:52.235+0000] {processor.py:925} INFO - DAG(s) 'latest_only_with_trigger' retrieved from /home/airflow/.local/lib/python3.12/site-packages/airflow/example_dags/example_latest_only_with_trigger.py
[2025-09-29T15:00:52.246+0000] {logging_mixin.py:190} INFO - [2025-09-29T15:00:52.246+0000] {dag.py:3239} INFO - Sync 1 DAGs
[2025-09-29T15:00:52.257+0000] {logging_mixin.py:190} INFO - [2025-09-29T15:00:52.257+0000] {dag.py:4180} INFO - Setting next_dagrun for latest_only_with_trigger to 2025-09-29 08:00:00+00:00, run_after=2025-09-29 12:00:00+00:00
[2025-09-29T15:00:52.268+0000] {processor.py:208} INFO - Processing /home/airflow/.local/lib/python3.12/site-packages/airflow/example_dags/example_latest_only_with_trigger.py took 0.043 seconds
[2025-09-29T15:01:22.867+0000] {processor.py:186} INFO - Started process (PID=3468) to work on /home/airflow/.local/lib/python3.12/site-packages/airflow/example_dags/example_latest_only_with_trigger.py
[2025-09-29T15:01:22.867+0000] {processor.py:914} INFO - Processing file /home/airflow/.local/lib/python3.12/site-packages/airflow/example_dags/example_latest_only_with_trigger.py for tasks to queue
[2025-09-29T15:01:22.868+0000] {logging_mixin.py:190} INFO - [2025-09-29T15:01:22.868+0000] {dagbag.py:588} INFO - Filling up the DagBag from /home/airflow/.local/lib/python3.12/site-packages/airflow/example_dags/example_latest_only_with_trigger.py
[2025-09-29T15:01:22.873+0000] {processor.py:925} INFO - DAG(s) 'latest_only_with_trigger' retrieved from /home/airflow/.local/lib/python3.12/site-packages/airflow/example_dags/example_latest_only_with_trigger.py
[2025-09-29T15:01:22.885+0000] {logging_mixin.py:190} INFO - [2025-09-29T15:01:22.885+0000] {dag.py:3239} INFO - Sync 1 DAGs
[2025-09-29T15:01:22.897+0000] {logging_mixin.py:190} INFO - [2025-09-29T15:01:22.896+0000] {dag.py:4180} INFO - Setting next_dagrun for latest_only_with_trigger to 2025-09-29 08:00:00+00:00, run_after=2025-09-29 12:00:00+00:00
[2025-09-29T15:01:22.906+0000] {processor.py:208} INFO - Processing /home/airflow/.local/lib/python3.12/site-packages/airflow/example_dags/example_latest_only_with_trigger.py took 0.042 seconds
[2025-09-29T15:01:53.383+0000] {processor.py:186} INFO - Started process (PID=3531) to work on /home/airflow/.local/lib/python3.12/site-packages/airflow/example_dags/example_latest_only_with_trigger.py
[2025-09-29T15:01:53.383+0000] {processor.py:914} INFO - Processing file /home/airflow/.local/lib/python3.12/site-packages/airflow/example_dags/example_latest_only_with_trigger.py for tasks to queue
[2025-09-29T15:01:53.385+0000] {logging_mixin.py:190} INFO - [2025-09-29T15:01:53.385+0000] {dagbag.py:588} INFO - Filling up the DagBag from /home/airflow/.local/lib/python3.12/site-packages/airflow/example_dags/example_latest_only_with_trigger.py
[2025-09-29T15:01:53.389+0000] {processor.py:925} INFO - DAG(s) 'latest_only_with_trigger' retrieved from /home/airflow/.local/lib/python3.12/site-packages/airflow/example_dags/example_latest_only_with_trigger.py
[2025-09-29T15:01:53.401+0000] {logging_mixin.py:190} INFO - [2025-09-29T15:01:53.400+0000] {dag.py:3239} INFO - Sync 1 DAGs
[2025-09-29T15:01:53.415+0000] {logging_mixin.py:190} INFO - [2025-09-29T15:01:53.415+0000] {dag.py:4180} INFO - Setting next_dagrun for latest_only_with_trigger to 2025-09-29 08:00:00+00:00, run_after=2025-09-29 12:00:00+00:00
[2025-09-29T15:01:53.425+0000] {processor.py:208} INFO - Processing /home/airflow/.local/lib/python3.12/site-packages/airflow/example_dags/example_latest_only_with_trigger.py took 0.045 seconds
[2025-09-29T15:02:23.983+0000] {processor.py:186} INFO - Started process (PID=3594) to work on /home/airflow/.local/lib/python3.12/site-packages/airflow/example_dags/example_latest_only_with_trigger.py
[2025-09-29T15:02:23.984+0000] {processor.py:914} INFO - Processing file /home/airflow/.local/lib/python3.12/site-packages/airflow/example_dags/example_latest_only_with_trigger.py for tasks to queue
[2025-09-29T15:02:23.985+0000] {logging_mixin.py:190} INFO - [2025-09-29T15:02:23.985+0000] {dagbag.py:588} INFO - Filling up the DagBag from /home/airflow/.local/lib/python3.12/site-packages/airflow/example_dags/example_latest_only_with_trigger.py
[2025-09-29T15:02:23.991+0000] {processor.py:925} INFO - DAG(s) 'latest_only_with_trigger' retrieved from /home/airflow/.local/lib/python3.12/site-packages/airflow/example_dags/example_latest_only_with_trigger.py
[2025-09-29T15:02:24.003+0000] {logging_mixin.py:190} INFO - [2025-09-29T15:02:24.003+0000] {dag.py:3239} INFO - Sync 1 DAGs
[2025-09-29T15:02:24.019+0000] {logging_mixin.py:190} INFO - [2025-09-29T15:02:24.019+0000] {dag.py:4180} INFO - Setting next_dagrun for latest_only_with_trigger to 2025-09-29 08:00:00+00:00, run_after=2025-09-29 12:00:00+00:00
[2025-09-29T15:02:24.033+0000] {processor.py:208} INFO - Processing /home/airflow/.local/lib/python3.12/site-packages/airflow/example_dags/example_latest_only_with_trigger.py took 0.053 seconds
