[2025-09-29T14:34:30.977+0000] {processor.py:186} INFO - Started process (PID=94) to work on /home/airflow/.local/lib/python3.12/site-packages/airflow/example_dags/example_bash_operator.py
[2025-09-29T14:34:30.978+0000] {processor.py:914} INFO - Processing file /home/airflow/.local/lib/python3.12/site-packages/airflow/example_dags/example_bash_operator.py for tasks to queue
[2025-09-29T14:34:30.980+0000] {logging_mixin.py:190} INFO - [2025-09-29T14:34:30.979+0000] {dagbag.py:588} INFO - Filling up the DagBag from /home/airflow/.local/lib/python3.12/site-packages/airflow/example_dags/example_bash_operator.py
[2025-09-29T14:34:30.990+0000] {processor.py:925} INFO - DAG(s) 'example_bash_operator' retrieved from /home/airflow/.local/lib/python3.12/site-packages/airflow/example_dags/example_bash_operator.py
[2025-09-29T14:34:31.017+0000] {logging_mixin.py:190} INFO - [2025-09-29T14:34:31.016+0000] {dag.py:3239} INFO - Sync 1 DAGs
[2025-09-29T14:34:31.044+0000] {logging_mixin.py:190} INFO - [2025-09-29T14:34:31.044+0000] {dag.py:4180} INFO - Setting next_dagrun for example_bash_operator to 2025-09-28 00:00:00+00:00, run_after=2025-09-29 00:00:00+00:00
[2025-09-29T14:34:31.067+0000] {processor.py:208} INFO - Processing /home/airflow/.local/lib/python3.12/site-packages/airflow/example_dags/example_bash_operator.py took 0.094 seconds
[2025-09-29T14:35:01.611+0000] {processor.py:186} INFO - Started process (PID=162) to work on /home/airflow/.local/lib/python3.12/site-packages/airflow/example_dags/example_bash_operator.py
[2025-09-29T14:35:01.611+0000] {processor.py:914} INFO - Processing file /home/airflow/.local/lib/python3.12/site-packages/airflow/example_dags/example_bash_operator.py for tasks to queue
[2025-09-29T14:35:01.615+0000] {logging_mixin.py:190} INFO - [2025-09-29T14:35:01.614+0000] {dagbag.py:588} INFO - Filling up the DagBag from /home/airflow/.local/lib/python3.12/site-packages/airflow/example_dags/example_bash_operator.py
[2025-09-29T14:35:01.622+0000] {processor.py:925} INFO - DAG(s) 'example_bash_operator' retrieved from /home/airflow/.local/lib/python3.12/site-packages/airflow/example_dags/example_bash_operator.py
[2025-09-29T14:35:01.638+0000] {logging_mixin.py:190} INFO - [2025-09-29T14:35:01.638+0000] {dag.py:3239} INFO - Sync 1 DAGs
[2025-09-29T14:35:01.649+0000] {logging_mixin.py:190} INFO - [2025-09-29T14:35:01.648+0000] {dag.py:4180} INFO - Setting next_dagrun for example_bash_operator to 2025-09-28 00:00:00+00:00, run_after=2025-09-29 00:00:00+00:00
[2025-09-29T14:35:01.660+0000] {processor.py:208} INFO - Processing /home/airflow/.local/lib/python3.12/site-packages/airflow/example_dags/example_bash_operator.py took 0.053 seconds
[2025-09-29T14:35:31.883+0000] {processor.py:186} INFO - Started process (PID=226) to work on /home/airflow/.local/lib/python3.12/site-packages/airflow/example_dags/example_bash_operator.py
[2025-09-29T14:35:31.884+0000] {processor.py:914} INFO - Processing file /home/airflow/.local/lib/python3.12/site-packages/airflow/example_dags/example_bash_operator.py for tasks to queue
[2025-09-29T14:35:31.886+0000] {logging_mixin.py:190} INFO - [2025-09-29T14:35:31.886+0000] {dagbag.py:588} INFO - Filling up the DagBag from /home/airflow/.local/lib/python3.12/site-packages/airflow/example_dags/example_bash_operator.py
[2025-09-29T14:35:31.894+0000] {processor.py:925} INFO - DAG(s) 'example_bash_operator' retrieved from /home/airflow/.local/lib/python3.12/site-packages/airflow/example_dags/example_bash_operator.py
[2025-09-29T14:35:31.906+0000] {logging_mixin.py:190} INFO - [2025-09-29T14:35:31.906+0000] {dag.py:3239} INFO - Sync 1 DAGs
[2025-09-29T14:35:31.917+0000] {logging_mixin.py:190} INFO - [2025-09-29T14:35:31.917+0000] {dag.py:4180} INFO - Setting next_dagrun for example_bash_operator to 2025-09-28 00:00:00+00:00, run_after=2025-09-29 00:00:00+00:00
[2025-09-29T14:35:31.933+0000] {processor.py:208} INFO - Processing /home/airflow/.local/lib/python3.12/site-packages/airflow/example_dags/example_bash_operator.py took 0.053 seconds
[2025-09-29T14:36:02.117+0000] {processor.py:186} INFO - Started process (PID=290) to work on /home/airflow/.local/lib/python3.12/site-packages/airflow/example_dags/example_bash_operator.py
[2025-09-29T14:36:02.119+0000] {processor.py:914} INFO - Processing file /home/airflow/.local/lib/python3.12/site-packages/airflow/example_dags/example_bash_operator.py for tasks to queue
[2025-09-29T14:36:02.121+0000] {logging_mixin.py:190} INFO - [2025-09-29T14:36:02.121+0000] {dagbag.py:588} INFO - Filling up the DagBag from /home/airflow/.local/lib/python3.12/site-packages/airflow/example_dags/example_bash_operator.py
[2025-09-29T14:36:02.127+0000] {processor.py:925} INFO - DAG(s) 'example_bash_operator' retrieved from /home/airflow/.local/lib/python3.12/site-packages/airflow/example_dags/example_bash_operator.py
[2025-09-29T14:36:02.140+0000] {logging_mixin.py:190} INFO - [2025-09-29T14:36:02.140+0000] {dag.py:3239} INFO - Sync 1 DAGs
[2025-09-29T14:36:02.150+0000] {logging_mixin.py:190} INFO - [2025-09-29T14:36:02.150+0000] {dag.py:4180} INFO - Setting next_dagrun for example_bash_operator to 2025-09-28 00:00:00+00:00, run_after=2025-09-29 00:00:00+00:00
[2025-09-29T14:36:02.163+0000] {processor.py:208} INFO - Processing /home/airflow/.local/lib/python3.12/site-packages/airflow/example_dags/example_bash_operator.py took 0.048 seconds
[2025-09-29T14:36:32.263+0000] {processor.py:186} INFO - Started process (PID=354) to work on /home/airflow/.local/lib/python3.12/site-packages/airflow/example_dags/example_bash_operator.py
[2025-09-29T14:36:32.263+0000] {processor.py:914} INFO - Processing file /home/airflow/.local/lib/python3.12/site-packages/airflow/example_dags/example_bash_operator.py for tasks to queue
[2025-09-29T14:36:32.265+0000] {logging_mixin.py:190} INFO - [2025-09-29T14:36:32.264+0000] {dagbag.py:588} INFO - Filling up the DagBag from /home/airflow/.local/lib/python3.12/site-packages/airflow/example_dags/example_bash_operator.py
[2025-09-29T14:36:32.271+0000] {processor.py:925} INFO - DAG(s) 'example_bash_operator' retrieved from /home/airflow/.local/lib/python3.12/site-packages/airflow/example_dags/example_bash_operator.py
[2025-09-29T14:36:32.283+0000] {logging_mixin.py:190} INFO - [2025-09-29T14:36:32.283+0000] {dag.py:3239} INFO - Sync 1 DAGs
[2025-09-29T14:36:32.293+0000] {logging_mixin.py:190} INFO - [2025-09-29T14:36:32.293+0000] {dag.py:4180} INFO - Setting next_dagrun for example_bash_operator to 2025-09-28 00:00:00+00:00, run_after=2025-09-29 00:00:00+00:00
[2025-09-29T14:36:32.301+0000] {processor.py:208} INFO - Processing /home/airflow/.local/lib/python3.12/site-packages/airflow/example_dags/example_bash_operator.py took 0.042 seconds
[2025-09-29T14:37:02.486+0000] {processor.py:186} INFO - Started process (PID=417) to work on /home/airflow/.local/lib/python3.12/site-packages/airflow/example_dags/example_bash_operator.py
[2025-09-29T14:37:02.488+0000] {processor.py:914} INFO - Processing file /home/airflow/.local/lib/python3.12/site-packages/airflow/example_dags/example_bash_operator.py for tasks to queue
[2025-09-29T14:37:02.490+0000] {logging_mixin.py:190} INFO - [2025-09-29T14:37:02.490+0000] {dagbag.py:588} INFO - Filling up the DagBag from /home/airflow/.local/lib/python3.12/site-packages/airflow/example_dags/example_bash_operator.py
[2025-09-29T14:37:02.496+0000] {processor.py:925} INFO - DAG(s) 'example_bash_operator' retrieved from /home/airflow/.local/lib/python3.12/site-packages/airflow/example_dags/example_bash_operator.py
[2025-09-29T14:37:02.513+0000] {logging_mixin.py:190} INFO - [2025-09-29T14:37:02.512+0000] {dag.py:3239} INFO - Sync 1 DAGs
[2025-09-29T14:37:02.525+0000] {logging_mixin.py:190} INFO - [2025-09-29T14:37:02.525+0000] {dag.py:4180} INFO - Setting next_dagrun for example_bash_operator to 2025-09-28 00:00:00+00:00, run_after=2025-09-29 00:00:00+00:00
[2025-09-29T14:37:02.536+0000] {processor.py:208} INFO - Processing /home/airflow/.local/lib/python3.12/site-packages/airflow/example_dags/example_bash_operator.py took 0.053 seconds
[2025-09-29T14:37:32.869+0000] {processor.py:186} INFO - Started process (PID=481) to work on /home/airflow/.local/lib/python3.12/site-packages/airflow/example_dags/example_bash_operator.py
[2025-09-29T14:37:32.870+0000] {processor.py:914} INFO - Processing file /home/airflow/.local/lib/python3.12/site-packages/airflow/example_dags/example_bash_operator.py for tasks to queue
[2025-09-29T14:37:32.872+0000] {logging_mixin.py:190} INFO - [2025-09-29T14:37:32.872+0000] {dagbag.py:588} INFO - Filling up the DagBag from /home/airflow/.local/lib/python3.12/site-packages/airflow/example_dags/example_bash_operator.py
[2025-09-29T14:37:32.880+0000] {processor.py:925} INFO - DAG(s) 'example_bash_operator' retrieved from /home/airflow/.local/lib/python3.12/site-packages/airflow/example_dags/example_bash_operator.py
[2025-09-29T14:37:32.893+0000] {logging_mixin.py:190} INFO - [2025-09-29T14:37:32.893+0000] {dag.py:3239} INFO - Sync 1 DAGs
[2025-09-29T14:37:32.904+0000] {logging_mixin.py:190} INFO - [2025-09-29T14:37:32.904+0000] {dag.py:4180} INFO - Setting next_dagrun for example_bash_operator to 2025-09-28 00:00:00+00:00, run_after=2025-09-29 00:00:00+00:00
[2025-09-29T14:37:32.913+0000] {processor.py:208} INFO - Processing /home/airflow/.local/lib/python3.12/site-packages/airflow/example_dags/example_bash_operator.py took 0.047 seconds
[2025-09-29T14:38:03.260+0000] {processor.py:186} INFO - Started process (PID=545) to work on /home/airflow/.local/lib/python3.12/site-packages/airflow/example_dags/example_bash_operator.py
[2025-09-29T14:38:03.260+0000] {processor.py:914} INFO - Processing file /home/airflow/.local/lib/python3.12/site-packages/airflow/example_dags/example_bash_operator.py for tasks to queue
[2025-09-29T14:38:03.261+0000] {logging_mixin.py:190} INFO - [2025-09-29T14:38:03.261+0000] {dagbag.py:588} INFO - Filling up the DagBag from /home/airflow/.local/lib/python3.12/site-packages/airflow/example_dags/example_bash_operator.py
[2025-09-29T14:38:03.268+0000] {processor.py:925} INFO - DAG(s) 'example_bash_operator' retrieved from /home/airflow/.local/lib/python3.12/site-packages/airflow/example_dags/example_bash_operator.py
[2025-09-29T14:38:03.285+0000] {logging_mixin.py:190} INFO - [2025-09-29T14:38:03.285+0000] {dag.py:3239} INFO - Sync 1 DAGs
[2025-09-29T14:38:03.297+0000] {logging_mixin.py:190} INFO - [2025-09-29T14:38:03.297+0000] {dag.py:4180} INFO - Setting next_dagrun for example_bash_operator to 2025-09-28 00:00:00+00:00, run_after=2025-09-29 00:00:00+00:00
[2025-09-29T14:38:03.311+0000] {processor.py:208} INFO - Processing /home/airflow/.local/lib/python3.12/site-packages/airflow/example_dags/example_bash_operator.py took 0.055 seconds
[2025-09-29T14:38:33.630+0000] {processor.py:186} INFO - Started process (PID=617) to work on /home/airflow/.local/lib/python3.12/site-packages/airflow/example_dags/example_bash_operator.py
[2025-09-29T14:38:33.631+0000] {processor.py:914} INFO - Processing file /home/airflow/.local/lib/python3.12/site-packages/airflow/example_dags/example_bash_operator.py for tasks to queue
[2025-09-29T14:38:33.632+0000] {logging_mixin.py:190} INFO - [2025-09-29T14:38:33.632+0000] {dagbag.py:588} INFO - Filling up the DagBag from /home/airflow/.local/lib/python3.12/site-packages/airflow/example_dags/example_bash_operator.py
[2025-09-29T14:38:33.639+0000] {processor.py:925} INFO - DAG(s) 'example_bash_operator' retrieved from /home/airflow/.local/lib/python3.12/site-packages/airflow/example_dags/example_bash_operator.py
[2025-09-29T14:38:33.654+0000] {logging_mixin.py:190} INFO - [2025-09-29T14:38:33.653+0000] {dag.py:3239} INFO - Sync 1 DAGs
[2025-09-29T14:38:33.667+0000] {logging_mixin.py:190} INFO - [2025-09-29T14:38:33.667+0000] {dag.py:4180} INFO - Setting next_dagrun for example_bash_operator to 2025-09-28 00:00:00+00:00, run_after=2025-09-29 00:00:00+00:00
[2025-09-29T14:38:33.675+0000] {processor.py:208} INFO - Processing /home/airflow/.local/lib/python3.12/site-packages/airflow/example_dags/example_bash_operator.py took 0.048 seconds
[2025-09-29T14:39:04.187+0000] {processor.py:186} INFO - Started process (PID=680) to work on /home/airflow/.local/lib/python3.12/site-packages/airflow/example_dags/example_bash_operator.py
[2025-09-29T14:39:04.187+0000] {processor.py:914} INFO - Processing file /home/airflow/.local/lib/python3.12/site-packages/airflow/example_dags/example_bash_operator.py for tasks to queue
[2025-09-29T14:39:04.188+0000] {logging_mixin.py:190} INFO - [2025-09-29T14:39:04.188+0000] {dagbag.py:588} INFO - Filling up the DagBag from /home/airflow/.local/lib/python3.12/site-packages/airflow/example_dags/example_bash_operator.py
[2025-09-29T14:39:04.195+0000] {processor.py:925} INFO - DAG(s) 'example_bash_operator' retrieved from /home/airflow/.local/lib/python3.12/site-packages/airflow/example_dags/example_bash_operator.py
[2025-09-29T14:39:04.209+0000] {logging_mixin.py:190} INFO - [2025-09-29T14:39:04.209+0000] {dag.py:3239} INFO - Sync 1 DAGs
[2025-09-29T14:39:04.221+0000] {logging_mixin.py:190} INFO - [2025-09-29T14:39:04.221+0000] {dag.py:4180} INFO - Setting next_dagrun for example_bash_operator to 2025-09-28 00:00:00+00:00, run_after=2025-09-29 00:00:00+00:00
[2025-09-29T14:39:04.235+0000] {processor.py:208} INFO - Processing /home/airflow/.local/lib/python3.12/site-packages/airflow/example_dags/example_bash_operator.py took 0.052 seconds
[2025-09-29T14:39:34.753+0000] {processor.py:186} INFO - Started process (PID=743) to work on /home/airflow/.local/lib/python3.12/site-packages/airflow/example_dags/example_bash_operator.py
[2025-09-29T14:39:34.754+0000] {processor.py:914} INFO - Processing file /home/airflow/.local/lib/python3.12/site-packages/airflow/example_dags/example_bash_operator.py for tasks to queue
[2025-09-29T14:39:34.756+0000] {logging_mixin.py:190} INFO - [2025-09-29T14:39:34.756+0000] {dagbag.py:588} INFO - Filling up the DagBag from /home/airflow/.local/lib/python3.12/site-packages/airflow/example_dags/example_bash_operator.py
[2025-09-29T14:39:34.763+0000] {processor.py:925} INFO - DAG(s) 'example_bash_operator' retrieved from /home/airflow/.local/lib/python3.12/site-packages/airflow/example_dags/example_bash_operator.py
[2025-09-29T14:39:34.781+0000] {logging_mixin.py:190} INFO - [2025-09-29T14:39:34.781+0000] {dag.py:3239} INFO - Sync 1 DAGs
[2025-09-29T14:39:34.793+0000] {logging_mixin.py:190} INFO - [2025-09-29T14:39:34.793+0000] {dag.py:4180} INFO - Setting next_dagrun for example_bash_operator to 2025-09-28 00:00:00+00:00, run_after=2025-09-29 00:00:00+00:00
[2025-09-29T14:39:34.802+0000] {processor.py:208} INFO - Processing /home/airflow/.local/lib/python3.12/site-packages/airflow/example_dags/example_bash_operator.py took 0.053 seconds
[2025-09-29T14:40:05.148+0000] {processor.py:186} INFO - Started process (PID=807) to work on /home/airflow/.local/lib/python3.12/site-packages/airflow/example_dags/example_bash_operator.py
[2025-09-29T14:40:05.150+0000] {processor.py:914} INFO - Processing file /home/airflow/.local/lib/python3.12/site-packages/airflow/example_dags/example_bash_operator.py for tasks to queue
[2025-09-29T14:40:05.151+0000] {logging_mixin.py:190} INFO - [2025-09-29T14:40:05.151+0000] {dagbag.py:588} INFO - Filling up the DagBag from /home/airflow/.local/lib/python3.12/site-packages/airflow/example_dags/example_bash_operator.py
[2025-09-29T14:40:05.158+0000] {processor.py:925} INFO - DAG(s) 'example_bash_operator' retrieved from /home/airflow/.local/lib/python3.12/site-packages/airflow/example_dags/example_bash_operator.py
[2025-09-29T14:40:05.176+0000] {logging_mixin.py:190} INFO - [2025-09-29T14:40:05.176+0000] {dag.py:3239} INFO - Sync 1 DAGs
[2025-09-29T14:40:05.192+0000] {logging_mixin.py:190} INFO - [2025-09-29T14:40:05.192+0000] {dag.py:4180} INFO - Setting next_dagrun for example_bash_operator to 2025-09-28 00:00:00+00:00, run_after=2025-09-29 00:00:00+00:00
[2025-09-29T14:40:05.203+0000] {processor.py:208} INFO - Processing /home/airflow/.local/lib/python3.12/site-packages/airflow/example_dags/example_bash_operator.py took 0.059 seconds
[2025-09-29T14:40:35.580+0000] {processor.py:186} INFO - Started process (PID=870) to work on /home/airflow/.local/lib/python3.12/site-packages/airflow/example_dags/example_bash_operator.py
[2025-09-29T14:40:35.581+0000] {processor.py:914} INFO - Processing file /home/airflow/.local/lib/python3.12/site-packages/airflow/example_dags/example_bash_operator.py for tasks to queue
[2025-09-29T14:40:35.583+0000] {logging_mixin.py:190} INFO - [2025-09-29T14:40:35.583+0000] {dagbag.py:588} INFO - Filling up the DagBag from /home/airflow/.local/lib/python3.12/site-packages/airflow/example_dags/example_bash_operator.py
[2025-09-29T14:40:35.591+0000] {processor.py:925} INFO - DAG(s) 'example_bash_operator' retrieved from /home/airflow/.local/lib/python3.12/site-packages/airflow/example_dags/example_bash_operator.py
[2025-09-29T14:40:35.608+0000] {logging_mixin.py:190} INFO - [2025-09-29T14:40:35.608+0000] {dag.py:3239} INFO - Sync 1 DAGs
[2025-09-29T14:40:35.623+0000] {logging_mixin.py:190} INFO - [2025-09-29T14:40:35.622+0000] {dag.py:4180} INFO - Setting next_dagrun for example_bash_operator to 2025-09-28 00:00:00+00:00, run_after=2025-09-29 00:00:00+00:00
[2025-09-29T14:40:35.635+0000] {processor.py:208} INFO - Processing /home/airflow/.local/lib/python3.12/site-packages/airflow/example_dags/example_bash_operator.py took 0.058 seconds
[2025-09-29T14:41:05.835+0000] {processor.py:186} INFO - Started process (PID=936) to work on /home/airflow/.local/lib/python3.12/site-packages/airflow/example_dags/example_bash_operator.py
[2025-09-29T14:41:05.835+0000] {processor.py:914} INFO - Processing file /home/airflow/.local/lib/python3.12/site-packages/airflow/example_dags/example_bash_operator.py for tasks to queue
[2025-09-29T14:41:05.837+0000] {logging_mixin.py:190} INFO - [2025-09-29T14:41:05.837+0000] {dagbag.py:588} INFO - Filling up the DagBag from /home/airflow/.local/lib/python3.12/site-packages/airflow/example_dags/example_bash_operator.py
[2025-09-29T14:41:05.845+0000] {processor.py:925} INFO - DAG(s) 'example_bash_operator' retrieved from /home/airflow/.local/lib/python3.12/site-packages/airflow/example_dags/example_bash_operator.py
[2025-09-29T14:41:05.858+0000] {logging_mixin.py:190} INFO - [2025-09-29T14:41:05.858+0000] {dag.py:3239} INFO - Sync 1 DAGs
[2025-09-29T14:41:05.871+0000] {logging_mixin.py:190} INFO - [2025-09-29T14:41:05.871+0000] {dag.py:4180} INFO - Setting next_dagrun for example_bash_operator to 2025-09-28 00:00:00+00:00, run_after=2025-09-29 00:00:00+00:00
[2025-09-29T14:41:05.885+0000] {processor.py:208} INFO - Processing /home/airflow/.local/lib/python3.12/site-packages/airflow/example_dags/example_bash_operator.py took 0.053 seconds
[2025-09-29T14:41:36.334+0000] {processor.py:186} INFO - Started process (PID=1000) to work on /home/airflow/.local/lib/python3.12/site-packages/airflow/example_dags/example_bash_operator.py
[2025-09-29T14:41:36.335+0000] {processor.py:914} INFO - Processing file /home/airflow/.local/lib/python3.12/site-packages/airflow/example_dags/example_bash_operator.py for tasks to queue
[2025-09-29T14:41:36.337+0000] {logging_mixin.py:190} INFO - [2025-09-29T14:41:36.337+0000] {dagbag.py:588} INFO - Filling up the DagBag from /home/airflow/.local/lib/python3.12/site-packages/airflow/example_dags/example_bash_operator.py
[2025-09-29T14:41:36.344+0000] {processor.py:925} INFO - DAG(s) 'example_bash_operator' retrieved from /home/airflow/.local/lib/python3.12/site-packages/airflow/example_dags/example_bash_operator.py
[2025-09-29T14:41:36.359+0000] {logging_mixin.py:190} INFO - [2025-09-29T14:41:36.359+0000] {dag.py:3239} INFO - Sync 1 DAGs
[2025-09-29T14:41:36.374+0000] {logging_mixin.py:190} INFO - [2025-09-29T14:41:36.374+0000] {dag.py:4180} INFO - Setting next_dagrun for example_bash_operator to 2025-09-28 00:00:00+00:00, run_after=2025-09-29 00:00:00+00:00
[2025-09-29T14:41:36.386+0000] {processor.py:208} INFO - Processing /home/airflow/.local/lib/python3.12/site-packages/airflow/example_dags/example_bash_operator.py took 0.055 seconds
[2025-09-29T14:42:06.766+0000] {processor.py:186} INFO - Started process (PID=1065) to work on /home/airflow/.local/lib/python3.12/site-packages/airflow/example_dags/example_bash_operator.py
[2025-09-29T14:42:06.767+0000] {processor.py:914} INFO - Processing file /home/airflow/.local/lib/python3.12/site-packages/airflow/example_dags/example_bash_operator.py for tasks to queue
[2025-09-29T14:42:06.768+0000] {logging_mixin.py:190} INFO - [2025-09-29T14:42:06.768+0000] {dagbag.py:588} INFO - Filling up the DagBag from /home/airflow/.local/lib/python3.12/site-packages/airflow/example_dags/example_bash_operator.py
[2025-09-29T14:42:06.776+0000] {processor.py:925} INFO - DAG(s) 'example_bash_operator' retrieved from /home/airflow/.local/lib/python3.12/site-packages/airflow/example_dags/example_bash_operator.py
[2025-09-29T14:42:06.791+0000] {logging_mixin.py:190} INFO - [2025-09-29T14:42:06.791+0000] {dag.py:3239} INFO - Sync 1 DAGs
[2025-09-29T14:42:06.805+0000] {logging_mixin.py:190} INFO - [2025-09-29T14:42:06.805+0000] {dag.py:4180} INFO - Setting next_dagrun for example_bash_operator to 2025-09-28 00:00:00+00:00, run_after=2025-09-29 00:00:00+00:00
[2025-09-29T14:42:06.819+0000] {processor.py:208} INFO - Processing /home/airflow/.local/lib/python3.12/site-packages/airflow/example_dags/example_bash_operator.py took 0.056 seconds
[2025-09-29T14:42:37.075+0000] {processor.py:186} INFO - Started process (PID=1129) to work on /home/airflow/.local/lib/python3.12/site-packages/airflow/example_dags/example_bash_operator.py
[2025-09-29T14:42:37.077+0000] {processor.py:914} INFO - Processing file /home/airflow/.local/lib/python3.12/site-packages/airflow/example_dags/example_bash_operator.py for tasks to queue
[2025-09-29T14:42:37.079+0000] {logging_mixin.py:190} INFO - [2025-09-29T14:42:37.079+0000] {dagbag.py:588} INFO - Filling up the DagBag from /home/airflow/.local/lib/python3.12/site-packages/airflow/example_dags/example_bash_operator.py
[2025-09-29T14:42:37.087+0000] {processor.py:925} INFO - DAG(s) 'example_bash_operator' retrieved from /home/airflow/.local/lib/python3.12/site-packages/airflow/example_dags/example_bash_operator.py
[2025-09-29T14:42:37.102+0000] {logging_mixin.py:190} INFO - [2025-09-29T14:42:37.102+0000] {dag.py:3239} INFO - Sync 1 DAGs
[2025-09-29T14:42:37.115+0000] {logging_mixin.py:190} INFO - [2025-09-29T14:42:37.115+0000] {dag.py:4180} INFO - Setting next_dagrun for example_bash_operator to 2025-09-28 00:00:00+00:00, run_after=2025-09-29 00:00:00+00:00
[2025-09-29T14:42:37.124+0000] {processor.py:208} INFO - Processing /home/airflow/.local/lib/python3.12/site-packages/airflow/example_dags/example_bash_operator.py took 0.052 seconds
[2025-09-29T14:43:07.377+0000] {processor.py:186} INFO - Started process (PID=1193) to work on /home/airflow/.local/lib/python3.12/site-packages/airflow/example_dags/example_bash_operator.py
[2025-09-29T14:43:07.379+0000] {processor.py:914} INFO - Processing file /home/airflow/.local/lib/python3.12/site-packages/airflow/example_dags/example_bash_operator.py for tasks to queue
[2025-09-29T14:43:07.381+0000] {logging_mixin.py:190} INFO - [2025-09-29T14:43:07.381+0000] {dagbag.py:588} INFO - Filling up the DagBag from /home/airflow/.local/lib/python3.12/site-packages/airflow/example_dags/example_bash_operator.py
[2025-09-29T14:43:07.387+0000] {processor.py:925} INFO - DAG(s) 'example_bash_operator' retrieved from /home/airflow/.local/lib/python3.12/site-packages/airflow/example_dags/example_bash_operator.py
[2025-09-29T14:43:07.401+0000] {logging_mixin.py:190} INFO - [2025-09-29T14:43:07.401+0000] {dag.py:3239} INFO - Sync 1 DAGs
[2025-09-29T14:43:07.413+0000] {logging_mixin.py:190} INFO - [2025-09-29T14:43:07.413+0000] {dag.py:4180} INFO - Setting next_dagrun for example_bash_operator to 2025-09-28 00:00:00+00:00, run_after=2025-09-29 00:00:00+00:00
[2025-09-29T14:43:07.426+0000] {processor.py:208} INFO - Processing /home/airflow/.local/lib/python3.12/site-packages/airflow/example_dags/example_bash_operator.py took 0.052 seconds
[2025-09-29T14:43:37.587+0000] {processor.py:186} INFO - Started process (PID=1257) to work on /home/airflow/.local/lib/python3.12/site-packages/airflow/example_dags/example_bash_operator.py
[2025-09-29T14:43:37.588+0000] {processor.py:914} INFO - Processing file /home/airflow/.local/lib/python3.12/site-packages/airflow/example_dags/example_bash_operator.py for tasks to queue
[2025-09-29T14:43:37.590+0000] {logging_mixin.py:190} INFO - [2025-09-29T14:43:37.590+0000] {dagbag.py:588} INFO - Filling up the DagBag from /home/airflow/.local/lib/python3.12/site-packages/airflow/example_dags/example_bash_operator.py
[2025-09-29T14:43:37.596+0000] {processor.py:925} INFO - DAG(s) 'example_bash_operator' retrieved from /home/airflow/.local/lib/python3.12/site-packages/airflow/example_dags/example_bash_operator.py
[2025-09-29T14:43:37.608+0000] {logging_mixin.py:190} INFO - [2025-09-29T14:43:37.608+0000] {dag.py:3239} INFO - Sync 1 DAGs
[2025-09-29T14:43:37.620+0000] {logging_mixin.py:190} INFO - [2025-09-29T14:43:37.619+0000] {dag.py:4180} INFO - Setting next_dagrun for example_bash_operator to 2025-09-28 00:00:00+00:00, run_after=2025-09-29 00:00:00+00:00
[2025-09-29T14:43:37.629+0000] {processor.py:208} INFO - Processing /home/airflow/.local/lib/python3.12/site-packages/airflow/example_dags/example_bash_operator.py took 0.045 seconds
[2025-09-29T14:44:08.426+0000] {processor.py:186} INFO - Started process (PID=1321) to work on /home/airflow/.local/lib/python3.12/site-packages/airflow/example_dags/example_bash_operator.py
[2025-09-29T14:44:08.429+0000] {processor.py:914} INFO - Processing file /home/airflow/.local/lib/python3.12/site-packages/airflow/example_dags/example_bash_operator.py for tasks to queue
[2025-09-29T14:44:08.431+0000] {logging_mixin.py:190} INFO - [2025-09-29T14:44:08.430+0000] {dagbag.py:588} INFO - Filling up the DagBag from /home/airflow/.local/lib/python3.12/site-packages/airflow/example_dags/example_bash_operator.py
[2025-09-29T14:44:08.438+0000] {processor.py:925} INFO - DAG(s) 'example_bash_operator' retrieved from /home/airflow/.local/lib/python3.12/site-packages/airflow/example_dags/example_bash_operator.py
[2025-09-29T14:44:08.454+0000] {logging_mixin.py:190} INFO - [2025-09-29T14:44:08.454+0000] {dag.py:3239} INFO - Sync 1 DAGs
[2025-09-29T14:44:08.466+0000] {logging_mixin.py:190} INFO - [2025-09-29T14:44:08.466+0000] {dag.py:4180} INFO - Setting next_dagrun for example_bash_operator to 2025-09-28 00:00:00+00:00, run_after=2025-09-29 00:00:00+00:00
[2025-09-29T14:44:08.480+0000] {processor.py:208} INFO - Processing /home/airflow/.local/lib/python3.12/site-packages/airflow/example_dags/example_bash_operator.py took 0.057 seconds
[2025-09-29T14:44:38.814+0000] {processor.py:186} INFO - Started process (PID=1384) to work on /home/airflow/.local/lib/python3.12/site-packages/airflow/example_dags/example_bash_operator.py
[2025-09-29T14:44:38.818+0000] {processor.py:914} INFO - Processing file /home/airflow/.local/lib/python3.12/site-packages/airflow/example_dags/example_bash_operator.py for tasks to queue
[2025-09-29T14:44:38.822+0000] {logging_mixin.py:190} INFO - [2025-09-29T14:44:38.822+0000] {dagbag.py:588} INFO - Filling up the DagBag from /home/airflow/.local/lib/python3.12/site-packages/airflow/example_dags/example_bash_operator.py
[2025-09-29T14:44:38.829+0000] {processor.py:925} INFO - DAG(s) 'example_bash_operator' retrieved from /home/airflow/.local/lib/python3.12/site-packages/airflow/example_dags/example_bash_operator.py
[2025-09-29T14:44:38.847+0000] {logging_mixin.py:190} INFO - [2025-09-29T14:44:38.846+0000] {dag.py:3239} INFO - Sync 1 DAGs
[2025-09-29T14:44:38.859+0000] {logging_mixin.py:190} INFO - [2025-09-29T14:44:38.859+0000] {dag.py:4180} INFO - Setting next_dagrun for example_bash_operator to 2025-09-28 00:00:00+00:00, run_after=2025-09-29 00:00:00+00:00
[2025-09-29T14:44:38.869+0000] {processor.py:208} INFO - Processing /home/airflow/.local/lib/python3.12/site-packages/airflow/example_dags/example_bash_operator.py took 0.058 seconds
[2025-09-29T14:45:09.187+0000] {processor.py:186} INFO - Started process (PID=1448) to work on /home/airflow/.local/lib/python3.12/site-packages/airflow/example_dags/example_bash_operator.py
[2025-09-29T14:45:09.187+0000] {processor.py:914} INFO - Processing file /home/airflow/.local/lib/python3.12/site-packages/airflow/example_dags/example_bash_operator.py for tasks to queue
[2025-09-29T14:45:09.188+0000] {logging_mixin.py:190} INFO - [2025-09-29T14:45:09.188+0000] {dagbag.py:588} INFO - Filling up the DagBag from /home/airflow/.local/lib/python3.12/site-packages/airflow/example_dags/example_bash_operator.py
[2025-09-29T14:45:09.195+0000] {processor.py:925} INFO - DAG(s) 'example_bash_operator' retrieved from /home/airflow/.local/lib/python3.12/site-packages/airflow/example_dags/example_bash_operator.py
[2025-09-29T14:45:09.214+0000] {logging_mixin.py:190} INFO - [2025-09-29T14:45:09.214+0000] {dag.py:3239} INFO - Sync 1 DAGs
[2025-09-29T14:45:09.226+0000] {logging_mixin.py:190} INFO - [2025-09-29T14:45:09.225+0000] {dag.py:4180} INFO - Setting next_dagrun for example_bash_operator to 2025-09-28 00:00:00+00:00, run_after=2025-09-29 00:00:00+00:00
[2025-09-29T14:45:09.240+0000] {processor.py:208} INFO - Processing /home/airflow/.local/lib/python3.12/site-packages/airflow/example_dags/example_bash_operator.py took 0.056 seconds
[2025-09-29T14:45:39.701+0000] {processor.py:186} INFO - Started process (PID=1512) to work on /home/airflow/.local/lib/python3.12/site-packages/airflow/example_dags/example_bash_operator.py
[2025-09-29T14:45:39.703+0000] {processor.py:914} INFO - Processing file /home/airflow/.local/lib/python3.12/site-packages/airflow/example_dags/example_bash_operator.py for tasks to queue
[2025-09-29T14:45:39.705+0000] {logging_mixin.py:190} INFO - [2025-09-29T14:45:39.705+0000] {dagbag.py:588} INFO - Filling up the DagBag from /home/airflow/.local/lib/python3.12/site-packages/airflow/example_dags/example_bash_operator.py
[2025-09-29T14:45:39.711+0000] {processor.py:925} INFO - DAG(s) 'example_bash_operator' retrieved from /home/airflow/.local/lib/python3.12/site-packages/airflow/example_dags/example_bash_operator.py
[2025-09-29T14:45:39.729+0000] {logging_mixin.py:190} INFO - [2025-09-29T14:45:39.729+0000] {dag.py:3239} INFO - Sync 1 DAGs
[2025-09-29T14:45:39.740+0000] {logging_mixin.py:190} INFO - [2025-09-29T14:45:39.740+0000] {dag.py:4180} INFO - Setting next_dagrun for example_bash_operator to 2025-09-28 00:00:00+00:00, run_after=2025-09-29 00:00:00+00:00
[2025-09-29T14:45:39.753+0000] {processor.py:208} INFO - Processing /home/airflow/.local/lib/python3.12/site-packages/airflow/example_dags/example_bash_operator.py took 0.055 seconds
[2025-09-29T14:46:10.308+0000] {processor.py:186} INFO - Started process (PID=1576) to work on /home/airflow/.local/lib/python3.12/site-packages/airflow/example_dags/example_bash_operator.py
[2025-09-29T14:46:10.310+0000] {processor.py:914} INFO - Processing file /home/airflow/.local/lib/python3.12/site-packages/airflow/example_dags/example_bash_operator.py for tasks to queue
[2025-09-29T14:46:10.311+0000] {logging_mixin.py:190} INFO - [2025-09-29T14:46:10.311+0000] {dagbag.py:588} INFO - Filling up the DagBag from /home/airflow/.local/lib/python3.12/site-packages/airflow/example_dags/example_bash_operator.py
[2025-09-29T14:46:10.317+0000] {processor.py:925} INFO - DAG(s) 'example_bash_operator' retrieved from /home/airflow/.local/lib/python3.12/site-packages/airflow/example_dags/example_bash_operator.py
[2025-09-29T14:46:10.330+0000] {logging_mixin.py:190} INFO - [2025-09-29T14:46:10.330+0000] {dag.py:3239} INFO - Sync 1 DAGs
[2025-09-29T14:46:10.347+0000] {logging_mixin.py:190} INFO - [2025-09-29T14:46:10.347+0000] {dag.py:4180} INFO - Setting next_dagrun for example_bash_operator to 2025-09-28 00:00:00+00:00, run_after=2025-09-29 00:00:00+00:00
[2025-09-29T14:46:10.365+0000] {processor.py:208} INFO - Processing /home/airflow/.local/lib/python3.12/site-packages/airflow/example_dags/example_bash_operator.py took 0.060 seconds
[2025-09-29T14:46:40.825+0000] {processor.py:186} INFO - Started process (PID=1640) to work on /home/airflow/.local/lib/python3.12/site-packages/airflow/example_dags/example_bash_operator.py
[2025-09-29T14:46:40.826+0000] {processor.py:914} INFO - Processing file /home/airflow/.local/lib/python3.12/site-packages/airflow/example_dags/example_bash_operator.py for tasks to queue
[2025-09-29T14:46:40.828+0000] {logging_mixin.py:190} INFO - [2025-09-29T14:46:40.828+0000] {dagbag.py:588} INFO - Filling up the DagBag from /home/airflow/.local/lib/python3.12/site-packages/airflow/example_dags/example_bash_operator.py
[2025-09-29T14:46:40.838+0000] {processor.py:925} INFO - DAG(s) 'example_bash_operator' retrieved from /home/airflow/.local/lib/python3.12/site-packages/airflow/example_dags/example_bash_operator.py
[2025-09-29T14:46:40.851+0000] {logging_mixin.py:190} INFO - [2025-09-29T14:46:40.851+0000] {dag.py:3239} INFO - Sync 1 DAGs
[2025-09-29T14:46:40.863+0000] {logging_mixin.py:190} INFO - [2025-09-29T14:46:40.863+0000] {dag.py:4180} INFO - Setting next_dagrun for example_bash_operator to 2025-09-28 00:00:00+00:00, run_after=2025-09-29 00:00:00+00:00
[2025-09-29T14:46:40.872+0000] {processor.py:208} INFO - Processing /home/airflow/.local/lib/python3.12/site-packages/airflow/example_dags/example_bash_operator.py took 0.049 seconds
[2025-09-29T14:47:11.208+0000] {processor.py:186} INFO - Started process (PID=1704) to work on /home/airflow/.local/lib/python3.12/site-packages/airflow/example_dags/example_bash_operator.py
[2025-09-29T14:47:11.211+0000] {processor.py:914} INFO - Processing file /home/airflow/.local/lib/python3.12/site-packages/airflow/example_dags/example_bash_operator.py for tasks to queue
[2025-09-29T14:47:11.213+0000] {logging_mixin.py:190} INFO - [2025-09-29T14:47:11.213+0000] {dagbag.py:588} INFO - Filling up the DagBag from /home/airflow/.local/lib/python3.12/site-packages/airflow/example_dags/example_bash_operator.py
[2025-09-29T14:47:11.274+0000] {processor.py:925} INFO - DAG(s) 'example_bash_operator' retrieved from /home/airflow/.local/lib/python3.12/site-packages/airflow/example_dags/example_bash_operator.py
[2025-09-29T14:47:11.303+0000] {logging_mixin.py:190} INFO - [2025-09-29T14:47:11.303+0000] {dag.py:3239} INFO - Sync 1 DAGs
[2025-09-29T14:47:11.318+0000] {logging_mixin.py:190} INFO - [2025-09-29T14:47:11.318+0000] {dag.py:4180} INFO - Setting next_dagrun for example_bash_operator to 2025-09-28 00:00:00+00:00, run_after=2025-09-29 00:00:00+00:00
[2025-09-29T14:47:11.329+0000] {processor.py:208} INFO - Processing /home/airflow/.local/lib/python3.12/site-packages/airflow/example_dags/example_bash_operator.py took 0.125 seconds
[2025-09-29T14:47:41.563+0000] {processor.py:186} INFO - Started process (PID=1768) to work on /home/airflow/.local/lib/python3.12/site-packages/airflow/example_dags/example_bash_operator.py
[2025-09-29T14:47:41.564+0000] {processor.py:914} INFO - Processing file /home/airflow/.local/lib/python3.12/site-packages/airflow/example_dags/example_bash_operator.py for tasks to queue
[2025-09-29T14:47:41.565+0000] {logging_mixin.py:190} INFO - [2025-09-29T14:47:41.565+0000] {dagbag.py:588} INFO - Filling up the DagBag from /home/airflow/.local/lib/python3.12/site-packages/airflow/example_dags/example_bash_operator.py
[2025-09-29T14:47:41.572+0000] {processor.py:925} INFO - DAG(s) 'example_bash_operator' retrieved from /home/airflow/.local/lib/python3.12/site-packages/airflow/example_dags/example_bash_operator.py
[2025-09-29T14:47:41.585+0000] {logging_mixin.py:190} INFO - [2025-09-29T14:47:41.585+0000] {dag.py:3239} INFO - Sync 1 DAGs
[2025-09-29T14:47:41.598+0000] {logging_mixin.py:190} INFO - [2025-09-29T14:47:41.598+0000] {dag.py:4180} INFO - Setting next_dagrun for example_bash_operator to 2025-09-28 00:00:00+00:00, run_after=2025-09-29 00:00:00+00:00
[2025-09-29T14:47:41.609+0000] {processor.py:208} INFO - Processing /home/airflow/.local/lib/python3.12/site-packages/airflow/example_dags/example_bash_operator.py took 0.049 seconds
[2025-09-29T14:48:12.101+0000] {processor.py:186} INFO - Started process (PID=1832) to work on /home/airflow/.local/lib/python3.12/site-packages/airflow/example_dags/example_bash_operator.py
[2025-09-29T14:48:12.102+0000] {processor.py:914} INFO - Processing file /home/airflow/.local/lib/python3.12/site-packages/airflow/example_dags/example_bash_operator.py for tasks to queue
[2025-09-29T14:48:12.103+0000] {logging_mixin.py:190} INFO - [2025-09-29T14:48:12.103+0000] {dagbag.py:588} INFO - Filling up the DagBag from /home/airflow/.local/lib/python3.12/site-packages/airflow/example_dags/example_bash_operator.py
[2025-09-29T14:48:12.110+0000] {processor.py:925} INFO - DAG(s) 'example_bash_operator' retrieved from /home/airflow/.local/lib/python3.12/site-packages/airflow/example_dags/example_bash_operator.py
[2025-09-29T14:48:12.124+0000] {logging_mixin.py:190} INFO - [2025-09-29T14:48:12.124+0000] {dag.py:3239} INFO - Sync 1 DAGs
[2025-09-29T14:48:12.137+0000] {logging_mixin.py:190} INFO - [2025-09-29T14:48:12.137+0000] {dag.py:4180} INFO - Setting next_dagrun for example_bash_operator to 2025-09-28 00:00:00+00:00, run_after=2025-09-29 00:00:00+00:00
[2025-09-29T14:48:12.148+0000] {processor.py:208} INFO - Processing /home/airflow/.local/lib/python3.12/site-packages/airflow/example_dags/example_bash_operator.py took 0.051 seconds
[2025-09-29T14:48:42.287+0000] {processor.py:186} INFO - Started process (PID=1896) to work on /home/airflow/.local/lib/python3.12/site-packages/airflow/example_dags/example_bash_operator.py
[2025-09-29T14:48:42.288+0000] {processor.py:914} INFO - Processing file /home/airflow/.local/lib/python3.12/site-packages/airflow/example_dags/example_bash_operator.py for tasks to queue
[2025-09-29T14:48:42.289+0000] {logging_mixin.py:190} INFO - [2025-09-29T14:48:42.289+0000] {dagbag.py:588} INFO - Filling up the DagBag from /home/airflow/.local/lib/python3.12/site-packages/airflow/example_dags/example_bash_operator.py
[2025-09-29T14:48:42.295+0000] {processor.py:925} INFO - DAG(s) 'example_bash_operator' retrieved from /home/airflow/.local/lib/python3.12/site-packages/airflow/example_dags/example_bash_operator.py
[2025-09-29T14:48:42.307+0000] {logging_mixin.py:190} INFO - [2025-09-29T14:48:42.307+0000] {dag.py:3239} INFO - Sync 1 DAGs
[2025-09-29T14:48:42.317+0000] {logging_mixin.py:190} INFO - [2025-09-29T14:48:42.317+0000] {dag.py:4180} INFO - Setting next_dagrun for example_bash_operator to 2025-09-28 00:00:00+00:00, run_after=2025-09-29 00:00:00+00:00
[2025-09-29T14:48:42.325+0000] {processor.py:208} INFO - Processing /home/airflow/.local/lib/python3.12/site-packages/airflow/example_dags/example_bash_operator.py took 0.041 seconds
[2025-09-29T14:49:12.525+0000] {processor.py:186} INFO - Started process (PID=1960) to work on /home/airflow/.local/lib/python3.12/site-packages/airflow/example_dags/example_bash_operator.py
[2025-09-29T14:49:12.527+0000] {processor.py:914} INFO - Processing file /home/airflow/.local/lib/python3.12/site-packages/airflow/example_dags/example_bash_operator.py for tasks to queue
[2025-09-29T14:49:12.528+0000] {logging_mixin.py:190} INFO - [2025-09-29T14:49:12.528+0000] {dagbag.py:588} INFO - Filling up the DagBag from /home/airflow/.local/lib/python3.12/site-packages/airflow/example_dags/example_bash_operator.py
[2025-09-29T14:49:12.536+0000] {processor.py:925} INFO - DAG(s) 'example_bash_operator' retrieved from /home/airflow/.local/lib/python3.12/site-packages/airflow/example_dags/example_bash_operator.py
[2025-09-29T14:49:12.549+0000] {logging_mixin.py:190} INFO - [2025-09-29T14:49:12.548+0000] {dag.py:3239} INFO - Sync 1 DAGs
[2025-09-29T14:49:12.562+0000] {logging_mixin.py:190} INFO - [2025-09-29T14:49:12.562+0000] {dag.py:4180} INFO - Setting next_dagrun for example_bash_operator to 2025-09-28 00:00:00+00:00, run_after=2025-09-29 00:00:00+00:00
[2025-09-29T14:49:12.572+0000] {processor.py:208} INFO - Processing /home/airflow/.local/lib/python3.12/site-packages/airflow/example_dags/example_bash_operator.py took 0.051 seconds
[2025-09-29T14:49:43.050+0000] {processor.py:186} INFO - Started process (PID=2024) to work on /home/airflow/.local/lib/python3.12/site-packages/airflow/example_dags/example_bash_operator.py
[2025-09-29T14:49:43.051+0000] {processor.py:914} INFO - Processing file /home/airflow/.local/lib/python3.12/site-packages/airflow/example_dags/example_bash_operator.py for tasks to queue
[2025-09-29T14:49:43.053+0000] {logging_mixin.py:190} INFO - [2025-09-29T14:49:43.052+0000] {dagbag.py:588} INFO - Filling up the DagBag from /home/airflow/.local/lib/python3.12/site-packages/airflow/example_dags/example_bash_operator.py
[2025-09-29T14:49:43.062+0000] {processor.py:925} INFO - DAG(s) 'example_bash_operator' retrieved from /home/airflow/.local/lib/python3.12/site-packages/airflow/example_dags/example_bash_operator.py
[2025-09-29T14:49:43.081+0000] {logging_mixin.py:190} INFO - [2025-09-29T14:49:43.081+0000] {dag.py:3239} INFO - Sync 1 DAGs
[2025-09-29T14:49:43.094+0000] {logging_mixin.py:190} INFO - [2025-09-29T14:49:43.094+0000] {dag.py:4180} INFO - Setting next_dagrun for example_bash_operator to 2025-09-28 00:00:00+00:00, run_after=2025-09-29 00:00:00+00:00
[2025-09-29T14:49:43.103+0000] {processor.py:208} INFO - Processing /home/airflow/.local/lib/python3.12/site-packages/airflow/example_dags/example_bash_operator.py took 0.057 seconds
[2025-09-29T14:50:13.305+0000] {processor.py:186} INFO - Started process (PID=2088) to work on /home/airflow/.local/lib/python3.12/site-packages/airflow/example_dags/example_bash_operator.py
[2025-09-29T14:50:13.305+0000] {processor.py:914} INFO - Processing file /home/airflow/.local/lib/python3.12/site-packages/airflow/example_dags/example_bash_operator.py for tasks to queue
[2025-09-29T14:50:13.307+0000] {logging_mixin.py:190} INFO - [2025-09-29T14:50:13.307+0000] {dagbag.py:588} INFO - Filling up the DagBag from /home/airflow/.local/lib/python3.12/site-packages/airflow/example_dags/example_bash_operator.py
[2025-09-29T14:50:13.314+0000] {processor.py:925} INFO - DAG(s) 'example_bash_operator' retrieved from /home/airflow/.local/lib/python3.12/site-packages/airflow/example_dags/example_bash_operator.py
[2025-09-29T14:50:13.327+0000] {logging_mixin.py:190} INFO - [2025-09-29T14:50:13.326+0000] {dag.py:3239} INFO - Sync 1 DAGs
[2025-09-29T14:50:13.339+0000] {logging_mixin.py:190} INFO - [2025-09-29T14:50:13.339+0000] {dag.py:4180} INFO - Setting next_dagrun for example_bash_operator to 2025-09-28 00:00:00+00:00, run_after=2025-09-29 00:00:00+00:00
[2025-09-29T14:50:13.354+0000] {processor.py:208} INFO - Processing /home/airflow/.local/lib/python3.12/site-packages/airflow/example_dags/example_bash_operator.py took 0.053 seconds
[2025-09-29T14:50:43.624+0000] {processor.py:186} INFO - Started process (PID=2152) to work on /home/airflow/.local/lib/python3.12/site-packages/airflow/example_dags/example_bash_operator.py
[2025-09-29T14:50:43.624+0000] {processor.py:914} INFO - Processing file /home/airflow/.local/lib/python3.12/site-packages/airflow/example_dags/example_bash_operator.py for tasks to queue
[2025-09-29T14:50:43.626+0000] {logging_mixin.py:190} INFO - [2025-09-29T14:50:43.626+0000] {dagbag.py:588} INFO - Filling up the DagBag from /home/airflow/.local/lib/python3.12/site-packages/airflow/example_dags/example_bash_operator.py
[2025-09-29T14:50:43.632+0000] {processor.py:925} INFO - DAG(s) 'example_bash_operator' retrieved from /home/airflow/.local/lib/python3.12/site-packages/airflow/example_dags/example_bash_operator.py
[2025-09-29T14:50:43.646+0000] {logging_mixin.py:190} INFO - [2025-09-29T14:50:43.646+0000] {dag.py:3239} INFO - Sync 1 DAGs
[2025-09-29T14:50:43.659+0000] {logging_mixin.py:190} INFO - [2025-09-29T14:50:43.659+0000] {dag.py:4180} INFO - Setting next_dagrun for example_bash_operator to 2025-09-28 00:00:00+00:00, run_after=2025-09-29 00:00:00+00:00
[2025-09-29T14:50:43.668+0000] {processor.py:208} INFO - Processing /home/airflow/.local/lib/python3.12/site-packages/airflow/example_dags/example_bash_operator.py took 0.048 seconds
[2025-09-29T14:51:13.866+0000] {processor.py:186} INFO - Started process (PID=2216) to work on /home/airflow/.local/lib/python3.12/site-packages/airflow/example_dags/example_bash_operator.py
[2025-09-29T14:51:13.867+0000] {processor.py:914} INFO - Processing file /home/airflow/.local/lib/python3.12/site-packages/airflow/example_dags/example_bash_operator.py for tasks to queue
[2025-09-29T14:51:13.869+0000] {logging_mixin.py:190} INFO - [2025-09-29T14:51:13.868+0000] {dagbag.py:588} INFO - Filling up the DagBag from /home/airflow/.local/lib/python3.12/site-packages/airflow/example_dags/example_bash_operator.py
[2025-09-29T14:51:13.876+0000] {processor.py:925} INFO - DAG(s) 'example_bash_operator' retrieved from /home/airflow/.local/lib/python3.12/site-packages/airflow/example_dags/example_bash_operator.py
[2025-09-29T14:51:13.890+0000] {logging_mixin.py:190} INFO - [2025-09-29T14:51:13.890+0000] {dag.py:3239} INFO - Sync 1 DAGs
[2025-09-29T14:51:13.902+0000] {logging_mixin.py:190} INFO - [2025-09-29T14:51:13.902+0000] {dag.py:4180} INFO - Setting next_dagrun for example_bash_operator to 2025-09-28 00:00:00+00:00, run_after=2025-09-29 00:00:00+00:00
[2025-09-29T14:51:13.915+0000] {processor.py:208} INFO - Processing /home/airflow/.local/lib/python3.12/site-packages/airflow/example_dags/example_bash_operator.py took 0.052 seconds
[2025-09-29T14:51:44.318+0000] {processor.py:186} INFO - Started process (PID=2280) to work on /home/airflow/.local/lib/python3.12/site-packages/airflow/example_dags/example_bash_operator.py
[2025-09-29T14:51:44.319+0000] {processor.py:914} INFO - Processing file /home/airflow/.local/lib/python3.12/site-packages/airflow/example_dags/example_bash_operator.py for tasks to queue
[2025-09-29T14:51:44.321+0000] {logging_mixin.py:190} INFO - [2025-09-29T14:51:44.321+0000] {dagbag.py:588} INFO - Filling up the DagBag from /home/airflow/.local/lib/python3.12/site-packages/airflow/example_dags/example_bash_operator.py
[2025-09-29T14:51:44.328+0000] {processor.py:925} INFO - DAG(s) 'example_bash_operator' retrieved from /home/airflow/.local/lib/python3.12/site-packages/airflow/example_dags/example_bash_operator.py
[2025-09-29T14:51:44.343+0000] {logging_mixin.py:190} INFO - [2025-09-29T14:51:44.342+0000] {dag.py:3239} INFO - Sync 1 DAGs
[2025-09-29T14:51:44.357+0000] {logging_mixin.py:190} INFO - [2025-09-29T14:51:44.356+0000] {dag.py:4180} INFO - Setting next_dagrun for example_bash_operator to 2025-09-28 00:00:00+00:00, run_after=2025-09-29 00:00:00+00:00
[2025-09-29T14:51:44.367+0000] {processor.py:208} INFO - Processing /home/airflow/.local/lib/python3.12/site-packages/airflow/example_dags/example_bash_operator.py took 0.052 seconds
[2025-09-29T14:52:14.517+0000] {processor.py:186} INFO - Started process (PID=2343) to work on /home/airflow/.local/lib/python3.12/site-packages/airflow/example_dags/example_bash_operator.py
[2025-09-29T14:52:14.520+0000] {processor.py:914} INFO - Processing file /home/airflow/.local/lib/python3.12/site-packages/airflow/example_dags/example_bash_operator.py for tasks to queue
[2025-09-29T14:52:14.521+0000] {logging_mixin.py:190} INFO - [2025-09-29T14:52:14.520+0000] {dagbag.py:588} INFO - Filling up the DagBag from /home/airflow/.local/lib/python3.12/site-packages/airflow/example_dags/example_bash_operator.py
[2025-09-29T14:52:14.527+0000] {processor.py:925} INFO - DAG(s) 'example_bash_operator' retrieved from /home/airflow/.local/lib/python3.12/site-packages/airflow/example_dags/example_bash_operator.py
[2025-09-29T14:52:14.540+0000] {logging_mixin.py:190} INFO - [2025-09-29T14:52:14.540+0000] {dag.py:3239} INFO - Sync 1 DAGs
[2025-09-29T14:52:14.551+0000] {logging_mixin.py:190} INFO - [2025-09-29T14:52:14.551+0000] {dag.py:4180} INFO - Setting next_dagrun for example_bash_operator to 2025-09-28 00:00:00+00:00, run_after=2025-09-29 00:00:00+00:00
[2025-09-29T14:52:14.562+0000] {processor.py:208} INFO - Processing /home/airflow/.local/lib/python3.12/site-packages/airflow/example_dags/example_bash_operator.py took 0.048 seconds
[2025-09-29T14:52:44.693+0000] {processor.py:186} INFO - Started process (PID=2406) to work on /home/airflow/.local/lib/python3.12/site-packages/airflow/example_dags/example_bash_operator.py
[2025-09-29T14:52:44.693+0000] {processor.py:914} INFO - Processing file /home/airflow/.local/lib/python3.12/site-packages/airflow/example_dags/example_bash_operator.py for tasks to queue
[2025-09-29T14:52:44.694+0000] {logging_mixin.py:190} INFO - [2025-09-29T14:52:44.694+0000] {dagbag.py:588} INFO - Filling up the DagBag from /home/airflow/.local/lib/python3.12/site-packages/airflow/example_dags/example_bash_operator.py
[2025-09-29T14:52:44.701+0000] {processor.py:925} INFO - DAG(s) 'example_bash_operator' retrieved from /home/airflow/.local/lib/python3.12/site-packages/airflow/example_dags/example_bash_operator.py
[2025-09-29T14:52:44.714+0000] {logging_mixin.py:190} INFO - [2025-09-29T14:52:44.714+0000] {dag.py:3239} INFO - Sync 1 DAGs
[2025-09-29T14:52:44.726+0000] {logging_mixin.py:190} INFO - [2025-09-29T14:52:44.726+0000] {dag.py:4180} INFO - Setting next_dagrun for example_bash_operator to 2025-09-28 00:00:00+00:00, run_after=2025-09-29 00:00:00+00:00
[2025-09-29T14:52:44.736+0000] {processor.py:208} INFO - Processing /home/airflow/.local/lib/python3.12/site-packages/airflow/example_dags/example_bash_operator.py took 0.047 seconds
[2025-09-29T14:53:14.873+0000] {processor.py:186} INFO - Started process (PID=2469) to work on /home/airflow/.local/lib/python3.12/site-packages/airflow/example_dags/example_bash_operator.py
[2025-09-29T14:53:14.877+0000] {processor.py:914} INFO - Processing file /home/airflow/.local/lib/python3.12/site-packages/airflow/example_dags/example_bash_operator.py for tasks to queue
[2025-09-29T14:53:14.878+0000] {logging_mixin.py:190} INFO - [2025-09-29T14:53:14.877+0000] {dagbag.py:588} INFO - Filling up the DagBag from /home/airflow/.local/lib/python3.12/site-packages/airflow/example_dags/example_bash_operator.py
[2025-09-29T14:53:14.885+0000] {processor.py:925} INFO - DAG(s) 'example_bash_operator' retrieved from /home/airflow/.local/lib/python3.12/site-packages/airflow/example_dags/example_bash_operator.py
[2025-09-29T14:53:14.900+0000] {logging_mixin.py:190} INFO - [2025-09-29T14:53:14.900+0000] {dag.py:3239} INFO - Sync 1 DAGs
[2025-09-29T14:53:14.912+0000] {logging_mixin.py:190} INFO - [2025-09-29T14:53:14.912+0000] {dag.py:4180} INFO - Setting next_dagrun for example_bash_operator to 2025-09-28 00:00:00+00:00, run_after=2025-09-29 00:00:00+00:00
[2025-09-29T14:53:14.925+0000] {processor.py:208} INFO - Processing /home/airflow/.local/lib/python3.12/site-packages/airflow/example_dags/example_bash_operator.py took 0.055 seconds
[2025-09-29T14:53:45.169+0000] {processor.py:186} INFO - Started process (PID=2532) to work on /home/airflow/.local/lib/python3.12/site-packages/airflow/example_dags/example_bash_operator.py
[2025-09-29T14:53:45.170+0000] {processor.py:914} INFO - Processing file /home/airflow/.local/lib/python3.12/site-packages/airflow/example_dags/example_bash_operator.py for tasks to queue
[2025-09-29T14:53:45.171+0000] {logging_mixin.py:190} INFO - [2025-09-29T14:53:45.171+0000] {dagbag.py:588} INFO - Filling up the DagBag from /home/airflow/.local/lib/python3.12/site-packages/airflow/example_dags/example_bash_operator.py
[2025-09-29T14:53:45.179+0000] {processor.py:925} INFO - DAG(s) 'example_bash_operator' retrieved from /home/airflow/.local/lib/python3.12/site-packages/airflow/example_dags/example_bash_operator.py
[2025-09-29T14:53:45.191+0000] {logging_mixin.py:190} INFO - [2025-09-29T14:53:45.191+0000] {dag.py:3239} INFO - Sync 1 DAGs
[2025-09-29T14:53:45.203+0000] {logging_mixin.py:190} INFO - [2025-09-29T14:53:45.203+0000] {dag.py:4180} INFO - Setting next_dagrun for example_bash_operator to 2025-09-28 00:00:00+00:00, run_after=2025-09-29 00:00:00+00:00
[2025-09-29T14:53:45.214+0000] {processor.py:208} INFO - Processing /home/airflow/.local/lib/python3.12/site-packages/airflow/example_dags/example_bash_operator.py took 0.048 seconds
[2025-09-29T14:54:15.418+0000] {processor.py:186} INFO - Started process (PID=2595) to work on /home/airflow/.local/lib/python3.12/site-packages/airflow/example_dags/example_bash_operator.py
[2025-09-29T14:54:15.422+0000] {processor.py:914} INFO - Processing file /home/airflow/.local/lib/python3.12/site-packages/airflow/example_dags/example_bash_operator.py for tasks to queue
[2025-09-29T14:54:15.423+0000] {logging_mixin.py:190} INFO - [2025-09-29T14:54:15.423+0000] {dagbag.py:588} INFO - Filling up the DagBag from /home/airflow/.local/lib/python3.12/site-packages/airflow/example_dags/example_bash_operator.py
[2025-09-29T14:54:15.430+0000] {processor.py:925} INFO - DAG(s) 'example_bash_operator' retrieved from /home/airflow/.local/lib/python3.12/site-packages/airflow/example_dags/example_bash_operator.py
[2025-09-29T14:54:15.442+0000] {logging_mixin.py:190} INFO - [2025-09-29T14:54:15.442+0000] {dag.py:3239} INFO - Sync 1 DAGs
[2025-09-29T14:54:15.455+0000] {logging_mixin.py:190} INFO - [2025-09-29T14:54:15.454+0000] {dag.py:4180} INFO - Setting next_dagrun for example_bash_operator to 2025-09-28 00:00:00+00:00, run_after=2025-09-29 00:00:00+00:00
[2025-09-29T14:54:15.464+0000] {processor.py:208} INFO - Processing /home/airflow/.local/lib/python3.12/site-packages/airflow/example_dags/example_bash_operator.py took 0.049 seconds
[2025-09-29T14:54:45.822+0000] {processor.py:186} INFO - Started process (PID=2658) to work on /home/airflow/.local/lib/python3.12/site-packages/airflow/example_dags/example_bash_operator.py
[2025-09-29T14:54:45.826+0000] {processor.py:914} INFO - Processing file /home/airflow/.local/lib/python3.12/site-packages/airflow/example_dags/example_bash_operator.py for tasks to queue
[2025-09-29T14:54:45.826+0000] {logging_mixin.py:190} INFO - [2025-09-29T14:54:45.826+0000] {dagbag.py:588} INFO - Filling up the DagBag from /home/airflow/.local/lib/python3.12/site-packages/airflow/example_dags/example_bash_operator.py
[2025-09-29T14:54:45.833+0000] {processor.py:925} INFO - DAG(s) 'example_bash_operator' retrieved from /home/airflow/.local/lib/python3.12/site-packages/airflow/example_dags/example_bash_operator.py
[2025-09-29T14:54:45.847+0000] {logging_mixin.py:190} INFO - [2025-09-29T14:54:45.847+0000] {dag.py:3239} INFO - Sync 1 DAGs
[2025-09-29T14:54:45.859+0000] {logging_mixin.py:190} INFO - [2025-09-29T14:54:45.859+0000] {dag.py:4180} INFO - Setting next_dagrun for example_bash_operator to 2025-09-28 00:00:00+00:00, run_after=2025-09-29 00:00:00+00:00
[2025-09-29T14:54:45.874+0000] {processor.py:208} INFO - Processing /home/airflow/.local/lib/python3.12/site-packages/airflow/example_dags/example_bash_operator.py took 0.054 seconds
[2025-09-29T14:55:16.389+0000] {processor.py:186} INFO - Started process (PID=2721) to work on /home/airflow/.local/lib/python3.12/site-packages/airflow/example_dags/example_bash_operator.py
[2025-09-29T14:55:16.392+0000] {processor.py:914} INFO - Processing file /home/airflow/.local/lib/python3.12/site-packages/airflow/example_dags/example_bash_operator.py for tasks to queue
[2025-09-29T14:55:16.393+0000] {logging_mixin.py:190} INFO - [2025-09-29T14:55:16.393+0000] {dagbag.py:588} INFO - Filling up the DagBag from /home/airflow/.local/lib/python3.12/site-packages/airflow/example_dags/example_bash_operator.py
[2025-09-29T14:55:16.403+0000] {processor.py:925} INFO - DAG(s) 'example_bash_operator' retrieved from /home/airflow/.local/lib/python3.12/site-packages/airflow/example_dags/example_bash_operator.py
[2025-09-29T14:55:16.420+0000] {logging_mixin.py:190} INFO - [2025-09-29T14:55:16.420+0000] {dag.py:3239} INFO - Sync 1 DAGs
[2025-09-29T14:55:16.433+0000] {logging_mixin.py:190} INFO - [2025-09-29T14:55:16.433+0000] {dag.py:4180} INFO - Setting next_dagrun for example_bash_operator to 2025-09-28 00:00:00+00:00, run_after=2025-09-29 00:00:00+00:00
[2025-09-29T14:55:16.441+0000] {processor.py:208} INFO - Processing /home/airflow/.local/lib/python3.12/site-packages/airflow/example_dags/example_bash_operator.py took 0.055 seconds
[2025-09-29T14:55:46.862+0000] {processor.py:186} INFO - Started process (PID=2783) to work on /home/airflow/.local/lib/python3.12/site-packages/airflow/example_dags/example_bash_operator.py
[2025-09-29T14:55:46.862+0000] {processor.py:914} INFO - Processing file /home/airflow/.local/lib/python3.12/site-packages/airflow/example_dags/example_bash_operator.py for tasks to queue
[2025-09-29T14:55:46.863+0000] {logging_mixin.py:190} INFO - [2025-09-29T14:55:46.863+0000] {dagbag.py:588} INFO - Filling up the DagBag from /home/airflow/.local/lib/python3.12/site-packages/airflow/example_dags/example_bash_operator.py
[2025-09-29T14:55:46.869+0000] {processor.py:925} INFO - DAG(s) 'example_bash_operator' retrieved from /home/airflow/.local/lib/python3.12/site-packages/airflow/example_dags/example_bash_operator.py
[2025-09-29T14:55:46.884+0000] {logging_mixin.py:190} INFO - [2025-09-29T14:55:46.884+0000] {dag.py:3239} INFO - Sync 1 DAGs
[2025-09-29T14:55:46.900+0000] {logging_mixin.py:190} INFO - [2025-09-29T14:55:46.900+0000] {dag.py:4180} INFO - Setting next_dagrun for example_bash_operator to 2025-09-28 00:00:00+00:00, run_after=2025-09-29 00:00:00+00:00
[2025-09-29T14:55:46.914+0000] {processor.py:208} INFO - Processing /home/airflow/.local/lib/python3.12/site-packages/airflow/example_dags/example_bash_operator.py took 0.056 seconds
[2025-09-29T14:56:17.283+0000] {processor.py:186} INFO - Started process (PID=2846) to work on /home/airflow/.local/lib/python3.12/site-packages/airflow/example_dags/example_bash_operator.py
[2025-09-29T14:56:17.283+0000] {processor.py:914} INFO - Processing file /home/airflow/.local/lib/python3.12/site-packages/airflow/example_dags/example_bash_operator.py for tasks to queue
[2025-09-29T14:56:17.284+0000] {logging_mixin.py:190} INFO - [2025-09-29T14:56:17.284+0000] {dagbag.py:588} INFO - Filling up the DagBag from /home/airflow/.local/lib/python3.12/site-packages/airflow/example_dags/example_bash_operator.py
[2025-09-29T14:56:17.291+0000] {processor.py:925} INFO - DAG(s) 'example_bash_operator' retrieved from /home/airflow/.local/lib/python3.12/site-packages/airflow/example_dags/example_bash_operator.py
[2025-09-29T14:56:17.303+0000] {logging_mixin.py:190} INFO - [2025-09-29T14:56:17.303+0000] {dag.py:3239} INFO - Sync 1 DAGs
[2025-09-29T14:56:17.314+0000] {logging_mixin.py:190} INFO - [2025-09-29T14:56:17.314+0000] {dag.py:4180} INFO - Setting next_dagrun for example_bash_operator to 2025-09-28 00:00:00+00:00, run_after=2025-09-29 00:00:00+00:00
[2025-09-29T14:56:17.323+0000] {processor.py:208} INFO - Processing /home/airflow/.local/lib/python3.12/site-packages/airflow/example_dags/example_bash_operator.py took 0.044 seconds
[2025-09-29T14:56:47.727+0000] {processor.py:186} INFO - Started process (PID=2909) to work on /home/airflow/.local/lib/python3.12/site-packages/airflow/example_dags/example_bash_operator.py
[2025-09-29T14:56:47.728+0000] {processor.py:914} INFO - Processing file /home/airflow/.local/lib/python3.12/site-packages/airflow/example_dags/example_bash_operator.py for tasks to queue
[2025-09-29T14:56:47.729+0000] {logging_mixin.py:190} INFO - [2025-09-29T14:56:47.729+0000] {dagbag.py:588} INFO - Filling up the DagBag from /home/airflow/.local/lib/python3.12/site-packages/airflow/example_dags/example_bash_operator.py
[2025-09-29T14:56:47.737+0000] {processor.py:925} INFO - DAG(s) 'example_bash_operator' retrieved from /home/airflow/.local/lib/python3.12/site-packages/airflow/example_dags/example_bash_operator.py
[2025-09-29T14:56:47.750+0000] {logging_mixin.py:190} INFO - [2025-09-29T14:56:47.749+0000] {dag.py:3239} INFO - Sync 1 DAGs
[2025-09-29T14:56:47.761+0000] {logging_mixin.py:190} INFO - [2025-09-29T14:56:47.761+0000] {dag.py:4180} INFO - Setting next_dagrun for example_bash_operator to 2025-09-28 00:00:00+00:00, run_after=2025-09-29 00:00:00+00:00
[2025-09-29T14:56:47.773+0000] {processor.py:208} INFO - Processing /home/airflow/.local/lib/python3.12/site-packages/airflow/example_dags/example_bash_operator.py took 0.049 seconds
[2025-09-29T14:57:18.289+0000] {processor.py:186} INFO - Started process (PID=2972) to work on /home/airflow/.local/lib/python3.12/site-packages/airflow/example_dags/example_bash_operator.py
[2025-09-29T14:57:18.289+0000] {processor.py:914} INFO - Processing file /home/airflow/.local/lib/python3.12/site-packages/airflow/example_dags/example_bash_operator.py for tasks to queue
[2025-09-29T14:57:18.290+0000] {logging_mixin.py:190} INFO - [2025-09-29T14:57:18.290+0000] {dagbag.py:588} INFO - Filling up the DagBag from /home/airflow/.local/lib/python3.12/site-packages/airflow/example_dags/example_bash_operator.py
[2025-09-29T14:57:18.297+0000] {processor.py:925} INFO - DAG(s) 'example_bash_operator' retrieved from /home/airflow/.local/lib/python3.12/site-packages/airflow/example_dags/example_bash_operator.py
[2025-09-29T14:57:18.310+0000] {logging_mixin.py:190} INFO - [2025-09-29T14:57:18.310+0000] {dag.py:3239} INFO - Sync 1 DAGs
[2025-09-29T14:57:18.322+0000] {logging_mixin.py:190} INFO - [2025-09-29T14:57:18.322+0000] {dag.py:4180} INFO - Setting next_dagrun for example_bash_operator to 2025-09-28 00:00:00+00:00, run_after=2025-09-29 00:00:00+00:00
[2025-09-29T14:57:18.335+0000] {processor.py:208} INFO - Processing /home/airflow/.local/lib/python3.12/site-packages/airflow/example_dags/example_bash_operator.py took 0.049 seconds
[2025-09-29T14:57:48.957+0000] {processor.py:186} INFO - Started process (PID=3035) to work on /home/airflow/.local/lib/python3.12/site-packages/airflow/example_dags/example_bash_operator.py
[2025-09-29T14:57:48.957+0000] {processor.py:914} INFO - Processing file /home/airflow/.local/lib/python3.12/site-packages/airflow/example_dags/example_bash_operator.py for tasks to queue
[2025-09-29T14:57:48.958+0000] {logging_mixin.py:190} INFO - [2025-09-29T14:57:48.958+0000] {dagbag.py:588} INFO - Filling up the DagBag from /home/airflow/.local/lib/python3.12/site-packages/airflow/example_dags/example_bash_operator.py
[2025-09-29T14:57:48.966+0000] {processor.py:925} INFO - DAG(s) 'example_bash_operator' retrieved from /home/airflow/.local/lib/python3.12/site-packages/airflow/example_dags/example_bash_operator.py
[2025-09-29T14:57:48.987+0000] {logging_mixin.py:190} INFO - [2025-09-29T14:57:48.987+0000] {dag.py:3239} INFO - Sync 1 DAGs
[2025-09-29T14:57:49.000+0000] {logging_mixin.py:190} INFO - [2025-09-29T14:57:48.999+0000] {dag.py:4180} INFO - Setting next_dagrun for example_bash_operator to 2025-09-28 00:00:00+00:00, run_after=2025-09-29 00:00:00+00:00
[2025-09-29T14:57:49.008+0000] {processor.py:208} INFO - Processing /home/airflow/.local/lib/python3.12/site-packages/airflow/example_dags/example_bash_operator.py took 0.054 seconds
[2025-09-29T14:58:19.673+0000] {processor.py:186} INFO - Started process (PID=3097) to work on /home/airflow/.local/lib/python3.12/site-packages/airflow/example_dags/example_bash_operator.py
[2025-09-29T14:58:19.674+0000] {processor.py:914} INFO - Processing file /home/airflow/.local/lib/python3.12/site-packages/airflow/example_dags/example_bash_operator.py for tasks to queue
[2025-09-29T14:58:19.674+0000] {logging_mixin.py:190} INFO - [2025-09-29T14:58:19.674+0000] {dagbag.py:588} INFO - Filling up the DagBag from /home/airflow/.local/lib/python3.12/site-packages/airflow/example_dags/example_bash_operator.py
[2025-09-29T14:58:19.681+0000] {processor.py:925} INFO - DAG(s) 'example_bash_operator' retrieved from /home/airflow/.local/lib/python3.12/site-packages/airflow/example_dags/example_bash_operator.py
[2025-09-29T14:58:19.693+0000] {logging_mixin.py:190} INFO - [2025-09-29T14:58:19.693+0000] {dag.py:3239} INFO - Sync 1 DAGs
[2025-09-29T14:58:19.704+0000] {logging_mixin.py:190} INFO - [2025-09-29T14:58:19.704+0000] {dag.py:4180} INFO - Setting next_dagrun for example_bash_operator to 2025-09-28 00:00:00+00:00, run_after=2025-09-29 00:00:00+00:00
[2025-09-29T14:58:19.712+0000] {processor.py:208} INFO - Processing /home/airflow/.local/lib/python3.12/site-packages/airflow/example_dags/example_bash_operator.py took 0.042 seconds
[2025-09-29T14:58:50.361+0000] {processor.py:186} INFO - Started process (PID=3160) to work on /home/airflow/.local/lib/python3.12/site-packages/airflow/example_dags/example_bash_operator.py
[2025-09-29T14:58:50.362+0000] {processor.py:914} INFO - Processing file /home/airflow/.local/lib/python3.12/site-packages/airflow/example_dags/example_bash_operator.py for tasks to queue
[2025-09-29T14:58:50.363+0000] {logging_mixin.py:190} INFO - [2025-09-29T14:58:50.362+0000] {dagbag.py:588} INFO - Filling up the DagBag from /home/airflow/.local/lib/python3.12/site-packages/airflow/example_dags/example_bash_operator.py
[2025-09-29T14:58:50.371+0000] {processor.py:925} INFO - DAG(s) 'example_bash_operator' retrieved from /home/airflow/.local/lib/python3.12/site-packages/airflow/example_dags/example_bash_operator.py
[2025-09-29T14:58:50.388+0000] {logging_mixin.py:190} INFO - [2025-09-29T14:58:50.388+0000] {dag.py:3239} INFO - Sync 1 DAGs
[2025-09-29T14:58:50.399+0000] {logging_mixin.py:190} INFO - [2025-09-29T14:58:50.399+0000] {dag.py:4180} INFO - Setting next_dagrun for example_bash_operator to 2025-09-28 00:00:00+00:00, run_after=2025-09-29 00:00:00+00:00
[2025-09-29T14:58:50.409+0000] {processor.py:208} INFO - Processing /home/airflow/.local/lib/python3.12/site-packages/airflow/example_dags/example_bash_operator.py took 0.052 seconds
[2025-09-29T14:59:20.925+0000] {processor.py:186} INFO - Started process (PID=3223) to work on /home/airflow/.local/lib/python3.12/site-packages/airflow/example_dags/example_bash_operator.py
[2025-09-29T14:59:20.926+0000] {processor.py:914} INFO - Processing file /home/airflow/.local/lib/python3.12/site-packages/airflow/example_dags/example_bash_operator.py for tasks to queue
[2025-09-29T14:59:20.927+0000] {logging_mixin.py:190} INFO - [2025-09-29T14:59:20.927+0000] {dagbag.py:588} INFO - Filling up the DagBag from /home/airflow/.local/lib/python3.12/site-packages/airflow/example_dags/example_bash_operator.py
[2025-09-29T14:59:20.934+0000] {processor.py:925} INFO - DAG(s) 'example_bash_operator' retrieved from /home/airflow/.local/lib/python3.12/site-packages/airflow/example_dags/example_bash_operator.py
[2025-09-29T14:59:20.951+0000] {logging_mixin.py:190} INFO - [2025-09-29T14:59:20.950+0000] {dag.py:3239} INFO - Sync 1 DAGs
[2025-09-29T14:59:20.963+0000] {logging_mixin.py:190} INFO - [2025-09-29T14:59:20.963+0000] {dag.py:4180} INFO - Setting next_dagrun for example_bash_operator to 2025-09-28 00:00:00+00:00, run_after=2025-09-29 00:00:00+00:00
[2025-09-29T14:59:20.973+0000] {processor.py:208} INFO - Processing /home/airflow/.local/lib/python3.12/site-packages/airflow/example_dags/example_bash_operator.py took 0.051 seconds
[2025-09-29T14:59:51.478+0000] {processor.py:186} INFO - Started process (PID=3286) to work on /home/airflow/.local/lib/python3.12/site-packages/airflow/example_dags/example_bash_operator.py
[2025-09-29T14:59:51.478+0000] {processor.py:914} INFO - Processing file /home/airflow/.local/lib/python3.12/site-packages/airflow/example_dags/example_bash_operator.py for tasks to queue
[2025-09-29T14:59:51.479+0000] {logging_mixin.py:190} INFO - [2025-09-29T14:59:51.479+0000] {dagbag.py:588} INFO - Filling up the DagBag from /home/airflow/.local/lib/python3.12/site-packages/airflow/example_dags/example_bash_operator.py
[2025-09-29T14:59:51.486+0000] {processor.py:925} INFO - DAG(s) 'example_bash_operator' retrieved from /home/airflow/.local/lib/python3.12/site-packages/airflow/example_dags/example_bash_operator.py
[2025-09-29T14:59:51.501+0000] {logging_mixin.py:190} INFO - [2025-09-29T14:59:51.501+0000] {dag.py:3239} INFO - Sync 1 DAGs
[2025-09-29T14:59:51.512+0000] {logging_mixin.py:190} INFO - [2025-09-29T14:59:51.512+0000] {dag.py:4180} INFO - Setting next_dagrun for example_bash_operator to 2025-09-28 00:00:00+00:00, run_after=2025-09-29 00:00:00+00:00
[2025-09-29T14:59:51.520+0000] {processor.py:208} INFO - Processing /home/airflow/.local/lib/python3.12/site-packages/airflow/example_dags/example_bash_operator.py took 0.045 seconds
[2025-09-29T15:00:22.069+0000] {processor.py:186} INFO - Started process (PID=3349) to work on /home/airflow/.local/lib/python3.12/site-packages/airflow/example_dags/example_bash_operator.py
[2025-09-29T15:00:22.071+0000] {processor.py:914} INFO - Processing file /home/airflow/.local/lib/python3.12/site-packages/airflow/example_dags/example_bash_operator.py for tasks to queue
[2025-09-29T15:00:22.072+0000] {logging_mixin.py:190} INFO - [2025-09-29T15:00:22.071+0000] {dagbag.py:588} INFO - Filling up the DagBag from /home/airflow/.local/lib/python3.12/site-packages/airflow/example_dags/example_bash_operator.py
[2025-09-29T15:00:22.079+0000] {processor.py:925} INFO - DAG(s) 'example_bash_operator' retrieved from /home/airflow/.local/lib/python3.12/site-packages/airflow/example_dags/example_bash_operator.py
[2025-09-29T15:00:22.095+0000] {logging_mixin.py:190} INFO - [2025-09-29T15:00:22.095+0000] {dag.py:3239} INFO - Sync 1 DAGs
[2025-09-29T15:00:22.109+0000] {logging_mixin.py:190} INFO - [2025-09-29T15:00:22.109+0000] {dag.py:4180} INFO - Setting next_dagrun for example_bash_operator to 2025-09-28 00:00:00+00:00, run_after=2025-09-29 00:00:00+00:00
[2025-09-29T15:00:22.117+0000] {processor.py:208} INFO - Processing /home/airflow/.local/lib/python3.12/site-packages/airflow/example_dags/example_bash_operator.py took 0.051 seconds
[2025-09-29T15:00:52.649+0000] {processor.py:186} INFO - Started process (PID=3412) to work on /home/airflow/.local/lib/python3.12/site-packages/airflow/example_dags/example_bash_operator.py
[2025-09-29T15:00:52.652+0000] {processor.py:914} INFO - Processing file /home/airflow/.local/lib/python3.12/site-packages/airflow/example_dags/example_bash_operator.py for tasks to queue
[2025-09-29T15:00:52.653+0000] {logging_mixin.py:190} INFO - [2025-09-29T15:00:52.653+0000] {dagbag.py:588} INFO - Filling up the DagBag from /home/airflow/.local/lib/python3.12/site-packages/airflow/example_dags/example_bash_operator.py
[2025-09-29T15:00:52.660+0000] {processor.py:925} INFO - DAG(s) 'example_bash_operator' retrieved from /home/airflow/.local/lib/python3.12/site-packages/airflow/example_dags/example_bash_operator.py
[2025-09-29T15:00:52.675+0000] {logging_mixin.py:190} INFO - [2025-09-29T15:00:52.675+0000] {dag.py:3239} INFO - Sync 1 DAGs
[2025-09-29T15:00:52.690+0000] {logging_mixin.py:190} INFO - [2025-09-29T15:00:52.690+0000] {dag.py:4180} INFO - Setting next_dagrun for example_bash_operator to 2025-09-28 00:00:00+00:00, run_after=2025-09-29 00:00:00+00:00
[2025-09-29T15:00:52.703+0000] {processor.py:208} INFO - Processing /home/airflow/.local/lib/python3.12/site-packages/airflow/example_dags/example_bash_operator.py took 0.058 seconds
[2025-09-29T15:01:23.303+0000] {processor.py:186} INFO - Started process (PID=3475) to work on /home/airflow/.local/lib/python3.12/site-packages/airflow/example_dags/example_bash_operator.py
[2025-09-29T15:01:23.304+0000] {processor.py:914} INFO - Processing file /home/airflow/.local/lib/python3.12/site-packages/airflow/example_dags/example_bash_operator.py for tasks to queue
[2025-09-29T15:01:23.305+0000] {logging_mixin.py:190} INFO - [2025-09-29T15:01:23.305+0000] {dagbag.py:588} INFO - Filling up the DagBag from /home/airflow/.local/lib/python3.12/site-packages/airflow/example_dags/example_bash_operator.py
[2025-09-29T15:01:23.313+0000] {processor.py:925} INFO - DAG(s) 'example_bash_operator' retrieved from /home/airflow/.local/lib/python3.12/site-packages/airflow/example_dags/example_bash_operator.py
[2025-09-29T15:01:23.334+0000] {logging_mixin.py:190} INFO - [2025-09-29T15:01:23.334+0000] {dag.py:3239} INFO - Sync 1 DAGs
[2025-09-29T15:01:23.348+0000] {logging_mixin.py:190} INFO - [2025-09-29T15:01:23.348+0000] {dag.py:4180} INFO - Setting next_dagrun for example_bash_operator to 2025-09-28 00:00:00+00:00, run_after=2025-09-29 00:00:00+00:00
[2025-09-29T15:01:23.357+0000] {processor.py:208} INFO - Processing /home/airflow/.local/lib/python3.12/site-packages/airflow/example_dags/example_bash_operator.py took 0.058 seconds
[2025-09-29T15:01:53.803+0000] {processor.py:186} INFO - Started process (PID=3538) to work on /home/airflow/.local/lib/python3.12/site-packages/airflow/example_dags/example_bash_operator.py
[2025-09-29T15:01:53.805+0000] {processor.py:914} INFO - Processing file /home/airflow/.local/lib/python3.12/site-packages/airflow/example_dags/example_bash_operator.py for tasks to queue
[2025-09-29T15:01:53.806+0000] {logging_mixin.py:190} INFO - [2025-09-29T15:01:53.806+0000] {dagbag.py:588} INFO - Filling up the DagBag from /home/airflow/.local/lib/python3.12/site-packages/airflow/example_dags/example_bash_operator.py
[2025-09-29T15:01:53.813+0000] {processor.py:925} INFO - DAG(s) 'example_bash_operator' retrieved from /home/airflow/.local/lib/python3.12/site-packages/airflow/example_dags/example_bash_operator.py
[2025-09-29T15:01:53.825+0000] {logging_mixin.py:190} INFO - [2025-09-29T15:01:53.825+0000] {dag.py:3239} INFO - Sync 1 DAGs
[2025-09-29T15:01:53.838+0000] {logging_mixin.py:190} INFO - [2025-09-29T15:01:53.838+0000] {dag.py:4180} INFO - Setting next_dagrun for example_bash_operator to 2025-09-28 00:00:00+00:00, run_after=2025-09-29 00:00:00+00:00
[2025-09-29T15:01:53.851+0000] {processor.py:208} INFO - Processing /home/airflow/.local/lib/python3.12/site-packages/airflow/example_dags/example_bash_operator.py took 0.052 seconds
[2025-09-29T15:02:24.431+0000] {processor.py:186} INFO - Started process (PID=3601) to work on /home/airflow/.local/lib/python3.12/site-packages/airflow/example_dags/example_bash_operator.py
[2025-09-29T15:02:24.431+0000] {processor.py:914} INFO - Processing file /home/airflow/.local/lib/python3.12/site-packages/airflow/example_dags/example_bash_operator.py for tasks to queue
[2025-09-29T15:02:24.432+0000] {logging_mixin.py:190} INFO - [2025-09-29T15:02:24.432+0000] {dagbag.py:588} INFO - Filling up the DagBag from /home/airflow/.local/lib/python3.12/site-packages/airflow/example_dags/example_bash_operator.py
[2025-09-29T15:02:24.440+0000] {processor.py:925} INFO - DAG(s) 'example_bash_operator' retrieved from /home/airflow/.local/lib/python3.12/site-packages/airflow/example_dags/example_bash_operator.py
[2025-09-29T15:02:24.454+0000] {logging_mixin.py:190} INFO - [2025-09-29T15:02:24.453+0000] {dag.py:3239} INFO - Sync 1 DAGs
[2025-09-29T15:02:24.468+0000] {logging_mixin.py:190} INFO - [2025-09-29T15:02:24.468+0000] {dag.py:4180} INFO - Setting next_dagrun for example_bash_operator to 2025-09-28 00:00:00+00:00, run_after=2025-09-29 00:00:00+00:00
[2025-09-29T15:02:24.477+0000] {processor.py:208} INFO - Processing /home/airflow/.local/lib/python3.12/site-packages/airflow/example_dags/example_bash_operator.py took 0.049 seconds
