[2025-09-29T14:34:30.873+0000] {processor.py:186} INFO - Started process (PID=92) to work on /home/airflow/.local/lib/python3.12/site-packages/airflow/example_dags/example_trigger_target_dag.py
[2025-09-29T14:34:30.875+0000] {processor.py:914} INFO - Processing file /home/airflow/.local/lib/python3.12/site-packages/airflow/example_dags/example_trigger_target_dag.py for tasks to queue
[2025-09-29T14:34:30.877+0000] {logging_mixin.py:190} INFO - [2025-09-29T14:34:30.877+0000] {dagbag.py:588} INFO - Filling up the DagBag from /home/airflow/.local/lib/python3.12/site-packages/airflow/example_dags/example_trigger_target_dag.py
[2025-09-29T14:34:30.884+0000] {processor.py:925} INFO - DAG(s) 'example_trigger_target_dag' retrieved from /home/airflow/.local/lib/python3.12/site-packages/airflow/example_dags/example_trigger_target_dag.py
[2025-09-29T14:34:30.909+0000] {logging_mixin.py:190} INFO - [2025-09-29T14:34:30.909+0000] {dag.py:3239} INFO - Sync 1 DAGs
[2025-09-29T14:34:30.932+0000] {logging_mixin.py:190} INFO - [2025-09-29T14:34:30.931+0000] {dag.py:4180} INFO - Setting next_dagrun for example_trigger_target_dag to None, run_after=None
[2025-09-29T14:34:30.954+0000] {processor.py:208} INFO - Processing /home/airflow/.local/lib/python3.12/site-packages/airflow/example_dags/example_trigger_target_dag.py took 0.086 seconds
[2025-09-29T14:35:01.565+0000] {processor.py:186} INFO - Started process (PID=160) to work on /home/airflow/.local/lib/python3.12/site-packages/airflow/example_dags/example_trigger_target_dag.py
[2025-09-29T14:35:01.565+0000] {processor.py:914} INFO - Processing file /home/airflow/.local/lib/python3.12/site-packages/airflow/example_dags/example_trigger_target_dag.py for tasks to queue
[2025-09-29T14:35:01.566+0000] {logging_mixin.py:190} INFO - [2025-09-29T14:35:01.566+0000] {dagbag.py:588} INFO - Filling up the DagBag from /home/airflow/.local/lib/python3.12/site-packages/airflow/example_dags/example_trigger_target_dag.py
[2025-09-29T14:35:01.570+0000] {processor.py:925} INFO - DAG(s) 'example_trigger_target_dag' retrieved from /home/airflow/.local/lib/python3.12/site-packages/airflow/example_dags/example_trigger_target_dag.py
[2025-09-29T14:35:01.580+0000] {logging_mixin.py:190} INFO - [2025-09-29T14:35:01.580+0000] {dag.py:3239} INFO - Sync 1 DAGs
[2025-09-29T14:35:01.587+0000] {logging_mixin.py:190} INFO - [2025-09-29T14:35:01.587+0000] {dag.py:4180} INFO - Setting next_dagrun for example_trigger_target_dag to None, run_after=None
[2025-09-29T14:35:01.595+0000] {processor.py:208} INFO - Processing /home/airflow/.local/lib/python3.12/site-packages/airflow/example_dags/example_trigger_target_dag.py took 0.034 seconds
[2025-09-29T14:35:31.830+0000] {processor.py:186} INFO - Started process (PID=224) to work on /home/airflow/.local/lib/python3.12/site-packages/airflow/example_dags/example_trigger_target_dag.py
[2025-09-29T14:35:31.831+0000] {processor.py:914} INFO - Processing file /home/airflow/.local/lib/python3.12/site-packages/airflow/example_dags/example_trigger_target_dag.py for tasks to queue
[2025-09-29T14:35:31.832+0000] {logging_mixin.py:190} INFO - [2025-09-29T14:35:31.832+0000] {dagbag.py:588} INFO - Filling up the DagBag from /home/airflow/.local/lib/python3.12/site-packages/airflow/example_dags/example_trigger_target_dag.py
[2025-09-29T14:35:31.836+0000] {processor.py:925} INFO - DAG(s) 'example_trigger_target_dag' retrieved from /home/airflow/.local/lib/python3.12/site-packages/airflow/example_dags/example_trigger_target_dag.py
[2025-09-29T14:35:31.846+0000] {logging_mixin.py:190} INFO - [2025-09-29T14:35:31.846+0000] {dag.py:3239} INFO - Sync 1 DAGs
[2025-09-29T14:35:31.853+0000] {logging_mixin.py:190} INFO - [2025-09-29T14:35:31.853+0000] {dag.py:4180} INFO - Setting next_dagrun for example_trigger_target_dag to None, run_after=None
[2025-09-29T14:35:31.869+0000] {processor.py:208} INFO - Processing /home/airflow/.local/lib/python3.12/site-packages/airflow/example_dags/example_trigger_target_dag.py took 0.042 seconds
[2025-09-29T14:36:02.063+0000] {processor.py:186} INFO - Started process (PID=288) to work on /home/airflow/.local/lib/python3.12/site-packages/airflow/example_dags/example_trigger_target_dag.py
[2025-09-29T14:36:02.064+0000] {processor.py:914} INFO - Processing file /home/airflow/.local/lib/python3.12/site-packages/airflow/example_dags/example_trigger_target_dag.py for tasks to queue
[2025-09-29T14:36:02.065+0000] {logging_mixin.py:190} INFO - [2025-09-29T14:36:02.065+0000] {dagbag.py:588} INFO - Filling up the DagBag from /home/airflow/.local/lib/python3.12/site-packages/airflow/example_dags/example_trigger_target_dag.py
[2025-09-29T14:36:02.069+0000] {processor.py:925} INFO - DAG(s) 'example_trigger_target_dag' retrieved from /home/airflow/.local/lib/python3.12/site-packages/airflow/example_dags/example_trigger_target_dag.py
[2025-09-29T14:36:02.080+0000] {logging_mixin.py:190} INFO - [2025-09-29T14:36:02.080+0000] {dag.py:3239} INFO - Sync 1 DAGs
[2025-09-29T14:36:02.087+0000] {logging_mixin.py:190} INFO - [2025-09-29T14:36:02.087+0000] {dag.py:4180} INFO - Setting next_dagrun for example_trigger_target_dag to None, run_after=None
[2025-09-29T14:36:02.103+0000] {processor.py:208} INFO - Processing /home/airflow/.local/lib/python3.12/site-packages/airflow/example_dags/example_trigger_target_dag.py took 0.043 seconds
[2025-09-29T14:36:32.167+0000] {processor.py:186} INFO - Started process (PID=352) to work on /home/airflow/.local/lib/python3.12/site-packages/airflow/example_dags/example_trigger_target_dag.py
[2025-09-29T14:36:32.167+0000] {processor.py:914} INFO - Processing file /home/airflow/.local/lib/python3.12/site-packages/airflow/example_dags/example_trigger_target_dag.py for tasks to queue
[2025-09-29T14:36:32.168+0000] {logging_mixin.py:190} INFO - [2025-09-29T14:36:32.168+0000] {dagbag.py:588} INFO - Filling up the DagBag from /home/airflow/.local/lib/python3.12/site-packages/airflow/example_dags/example_trigger_target_dag.py
[2025-09-29T14:36:32.172+0000] {processor.py:925} INFO - DAG(s) 'example_trigger_target_dag' retrieved from /home/airflow/.local/lib/python3.12/site-packages/airflow/example_dags/example_trigger_target_dag.py
[2025-09-29T14:36:32.182+0000] {logging_mixin.py:190} INFO - [2025-09-29T14:36:32.182+0000] {dag.py:3239} INFO - Sync 1 DAGs
[2025-09-29T14:36:32.188+0000] {logging_mixin.py:190} INFO - [2025-09-29T14:36:32.188+0000] {dag.py:4180} INFO - Setting next_dagrun for example_trigger_target_dag to None, run_after=None
[2025-09-29T14:36:32.202+0000] {processor.py:208} INFO - Processing /home/airflow/.local/lib/python3.12/site-packages/airflow/example_dags/example_trigger_target_dag.py took 0.038 seconds
[2025-09-29T14:37:02.385+0000] {processor.py:186} INFO - Started process (PID=415) to work on /home/airflow/.local/lib/python3.12/site-packages/airflow/example_dags/example_trigger_target_dag.py
[2025-09-29T14:37:02.385+0000] {processor.py:914} INFO - Processing file /home/airflow/.local/lib/python3.12/site-packages/airflow/example_dags/example_trigger_target_dag.py for tasks to queue
[2025-09-29T14:37:02.387+0000] {logging_mixin.py:190} INFO - [2025-09-29T14:37:02.387+0000] {dagbag.py:588} INFO - Filling up the DagBag from /home/airflow/.local/lib/python3.12/site-packages/airflow/example_dags/example_trigger_target_dag.py
[2025-09-29T14:37:02.391+0000] {processor.py:925} INFO - DAG(s) 'example_trigger_target_dag' retrieved from /home/airflow/.local/lib/python3.12/site-packages/airflow/example_dags/example_trigger_target_dag.py
[2025-09-29T14:37:02.401+0000] {logging_mixin.py:190} INFO - [2025-09-29T14:37:02.401+0000] {dag.py:3239} INFO - Sync 1 DAGs
[2025-09-29T14:37:02.408+0000] {logging_mixin.py:190} INFO - [2025-09-29T14:37:02.408+0000] {dag.py:4180} INFO - Setting next_dagrun for example_trigger_target_dag to None, run_after=None
[2025-09-29T14:37:02.417+0000] {processor.py:208} INFO - Processing /home/airflow/.local/lib/python3.12/site-packages/airflow/example_dags/example_trigger_target_dag.py took 0.035 seconds
[2025-09-29T14:37:32.762+0000] {processor.py:186} INFO - Started process (PID=479) to work on /home/airflow/.local/lib/python3.12/site-packages/airflow/example_dags/example_trigger_target_dag.py
[2025-09-29T14:37:32.762+0000] {processor.py:914} INFO - Processing file /home/airflow/.local/lib/python3.12/site-packages/airflow/example_dags/example_trigger_target_dag.py for tasks to queue
[2025-09-29T14:37:32.763+0000] {logging_mixin.py:190} INFO - [2025-09-29T14:37:32.763+0000] {dagbag.py:588} INFO - Filling up the DagBag from /home/airflow/.local/lib/python3.12/site-packages/airflow/example_dags/example_trigger_target_dag.py
[2025-09-29T14:37:32.767+0000] {processor.py:925} INFO - DAG(s) 'example_trigger_target_dag' retrieved from /home/airflow/.local/lib/python3.12/site-packages/airflow/example_dags/example_trigger_target_dag.py
[2025-09-29T14:37:32.777+0000] {logging_mixin.py:190} INFO - [2025-09-29T14:37:32.777+0000] {dag.py:3239} INFO - Sync 1 DAGs
[2025-09-29T14:37:32.784+0000] {logging_mixin.py:190} INFO - [2025-09-29T14:37:32.784+0000] {dag.py:4180} INFO - Setting next_dagrun for example_trigger_target_dag to None, run_after=None
[2025-09-29T14:37:32.793+0000] {processor.py:208} INFO - Processing /home/airflow/.local/lib/python3.12/site-packages/airflow/example_dags/example_trigger_target_dag.py took 0.035 seconds
[2025-09-29T14:38:03.113+0000] {processor.py:186} INFO - Started process (PID=542) to work on /home/airflow/.local/lib/python3.12/site-packages/airflow/example_dags/example_trigger_target_dag.py
[2025-09-29T14:38:03.113+0000] {processor.py:914} INFO - Processing file /home/airflow/.local/lib/python3.12/site-packages/airflow/example_dags/example_trigger_target_dag.py for tasks to queue
[2025-09-29T14:38:03.115+0000] {logging_mixin.py:190} INFO - [2025-09-29T14:38:03.115+0000] {dagbag.py:588} INFO - Filling up the DagBag from /home/airflow/.local/lib/python3.12/site-packages/airflow/example_dags/example_trigger_target_dag.py
[2025-09-29T14:38:03.119+0000] {processor.py:925} INFO - DAG(s) 'example_trigger_target_dag' retrieved from /home/airflow/.local/lib/python3.12/site-packages/airflow/example_dags/example_trigger_target_dag.py
[2025-09-29T14:38:03.129+0000] {logging_mixin.py:190} INFO - [2025-09-29T14:38:03.129+0000] {dag.py:3239} INFO - Sync 1 DAGs
[2025-09-29T14:38:03.138+0000] {logging_mixin.py:190} INFO - [2025-09-29T14:38:03.138+0000] {dag.py:4180} INFO - Setting next_dagrun for example_trigger_target_dag to None, run_after=None
[2025-09-29T14:38:03.153+0000] {processor.py:208} INFO - Processing /home/airflow/.local/lib/python3.12/site-packages/airflow/example_dags/example_trigger_target_dag.py took 0.043 seconds
[2025-09-29T14:38:33.498+0000] {processor.py:186} INFO - Started process (PID=614) to work on /home/airflow/.local/lib/python3.12/site-packages/airflow/example_dags/example_trigger_target_dag.py
[2025-09-29T14:38:33.498+0000] {processor.py:914} INFO - Processing file /home/airflow/.local/lib/python3.12/site-packages/airflow/example_dags/example_trigger_target_dag.py for tasks to queue
[2025-09-29T14:38:33.500+0000] {logging_mixin.py:190} INFO - [2025-09-29T14:38:33.500+0000] {dagbag.py:588} INFO - Filling up the DagBag from /home/airflow/.local/lib/python3.12/site-packages/airflow/example_dags/example_trigger_target_dag.py
[2025-09-29T14:38:33.504+0000] {processor.py:925} INFO - DAG(s) 'example_trigger_target_dag' retrieved from /home/airflow/.local/lib/python3.12/site-packages/airflow/example_dags/example_trigger_target_dag.py
[2025-09-29T14:38:33.517+0000] {logging_mixin.py:190} INFO - [2025-09-29T14:38:33.517+0000] {dag.py:3239} INFO - Sync 1 DAGs
[2025-09-29T14:38:33.525+0000] {logging_mixin.py:190} INFO - [2025-09-29T14:38:33.525+0000] {dag.py:4180} INFO - Setting next_dagrun for example_trigger_target_dag to None, run_after=None
[2025-09-29T14:38:33.538+0000] {processor.py:208} INFO - Processing /home/airflow/.local/lib/python3.12/site-packages/airflow/example_dags/example_trigger_target_dag.py took 0.043 seconds
[2025-09-29T14:39:04.128+0000] {processor.py:186} INFO - Started process (PID=678) to work on /home/airflow/.local/lib/python3.12/site-packages/airflow/example_dags/example_trigger_target_dag.py
[2025-09-29T14:39:04.128+0000] {processor.py:914} INFO - Processing file /home/airflow/.local/lib/python3.12/site-packages/airflow/example_dags/example_trigger_target_dag.py for tasks to queue
[2025-09-29T14:39:04.130+0000] {logging_mixin.py:190} INFO - [2025-09-29T14:39:04.130+0000] {dagbag.py:588} INFO - Filling up the DagBag from /home/airflow/.local/lib/python3.12/site-packages/airflow/example_dags/example_trigger_target_dag.py
[2025-09-29T14:39:04.134+0000] {processor.py:925} INFO - DAG(s) 'example_trigger_target_dag' retrieved from /home/airflow/.local/lib/python3.12/site-packages/airflow/example_dags/example_trigger_target_dag.py
[2025-09-29T14:39:04.145+0000] {logging_mixin.py:190} INFO - [2025-09-29T14:39:04.144+0000] {dag.py:3239} INFO - Sync 1 DAGs
[2025-09-29T14:39:04.152+0000] {logging_mixin.py:190} INFO - [2025-09-29T14:39:04.152+0000] {dag.py:4180} INFO - Setting next_dagrun for example_trigger_target_dag to None, run_after=None
[2025-09-29T14:39:04.169+0000] {processor.py:208} INFO - Processing /home/airflow/.local/lib/python3.12/site-packages/airflow/example_dags/example_trigger_target_dag.py took 0.044 seconds
[2025-09-29T14:39:34.699+0000] {processor.py:186} INFO - Started process (PID=741) to work on /home/airflow/.local/lib/python3.12/site-packages/airflow/example_dags/example_trigger_target_dag.py
[2025-09-29T14:39:34.700+0000] {processor.py:914} INFO - Processing file /home/airflow/.local/lib/python3.12/site-packages/airflow/example_dags/example_trigger_target_dag.py for tasks to queue
[2025-09-29T14:39:34.701+0000] {logging_mixin.py:190} INFO - [2025-09-29T14:39:34.701+0000] {dagbag.py:588} INFO - Filling up the DagBag from /home/airflow/.local/lib/python3.12/site-packages/airflow/example_dags/example_trigger_target_dag.py
[2025-09-29T14:39:34.706+0000] {processor.py:925} INFO - DAG(s) 'example_trigger_target_dag' retrieved from /home/airflow/.local/lib/python3.12/site-packages/airflow/example_dags/example_trigger_target_dag.py
[2025-09-29T14:39:34.721+0000] {logging_mixin.py:190} INFO - [2025-09-29T14:39:34.721+0000] {dag.py:3239} INFO - Sync 1 DAGs
[2025-09-29T14:39:34.728+0000] {logging_mixin.py:190} INFO - [2025-09-29T14:39:34.728+0000] {dag.py:4180} INFO - Setting next_dagrun for example_trigger_target_dag to None, run_after=None
[2025-09-29T14:39:34.738+0000] {processor.py:208} INFO - Processing /home/airflow/.local/lib/python3.12/site-packages/airflow/example_dags/example_trigger_target_dag.py took 0.042 seconds
[2025-09-29T14:40:05.047+0000] {processor.py:186} INFO - Started process (PID=805) to work on /home/airflow/.local/lib/python3.12/site-packages/airflow/example_dags/example_trigger_target_dag.py
[2025-09-29T14:40:05.047+0000] {processor.py:914} INFO - Processing file /home/airflow/.local/lib/python3.12/site-packages/airflow/example_dags/example_trigger_target_dag.py for tasks to queue
[2025-09-29T14:40:05.050+0000] {logging_mixin.py:190} INFO - [2025-09-29T14:40:05.050+0000] {dagbag.py:588} INFO - Filling up the DagBag from /home/airflow/.local/lib/python3.12/site-packages/airflow/example_dags/example_trigger_target_dag.py
[2025-09-29T14:40:05.055+0000] {processor.py:925} INFO - DAG(s) 'example_trigger_target_dag' retrieved from /home/airflow/.local/lib/python3.12/site-packages/airflow/example_dags/example_trigger_target_dag.py
[2025-09-29T14:40:05.065+0000] {logging_mixin.py:190} INFO - [2025-09-29T14:40:05.065+0000] {dag.py:3239} INFO - Sync 1 DAGs
[2025-09-29T14:40:05.071+0000] {logging_mixin.py:190} INFO - [2025-09-29T14:40:05.071+0000] {dag.py:4180} INFO - Setting next_dagrun for example_trigger_target_dag to None, run_after=None
[2025-09-29T14:40:05.080+0000] {processor.py:208} INFO - Processing /home/airflow/.local/lib/python3.12/site-packages/airflow/example_dags/example_trigger_target_dag.py took 0.036 seconds
[2025-09-29T14:40:35.511+0000] {processor.py:186} INFO - Started process (PID=868) to work on /home/airflow/.local/lib/python3.12/site-packages/airflow/example_dags/example_trigger_target_dag.py
[2025-09-29T14:40:35.511+0000] {processor.py:914} INFO - Processing file /home/airflow/.local/lib/python3.12/site-packages/airflow/example_dags/example_trigger_target_dag.py for tasks to queue
[2025-09-29T14:40:35.515+0000] {logging_mixin.py:190} INFO - [2025-09-29T14:40:35.515+0000] {dagbag.py:588} INFO - Filling up the DagBag from /home/airflow/.local/lib/python3.12/site-packages/airflow/example_dags/example_trigger_target_dag.py
[2025-09-29T14:40:35.520+0000] {processor.py:925} INFO - DAG(s) 'example_trigger_target_dag' retrieved from /home/airflow/.local/lib/python3.12/site-packages/airflow/example_dags/example_trigger_target_dag.py
[2025-09-29T14:40:35.539+0000] {logging_mixin.py:190} INFO - [2025-09-29T14:40:35.538+0000] {dag.py:3239} INFO - Sync 1 DAGs
[2025-09-29T14:40:35.549+0000] {logging_mixin.py:190} INFO - [2025-09-29T14:40:35.549+0000] {dag.py:4180} INFO - Setting next_dagrun for example_trigger_target_dag to None, run_after=None
[2025-09-29T14:40:35.562+0000] {processor.py:208} INFO - Processing /home/airflow/.local/lib/python3.12/site-packages/airflow/example_dags/example_trigger_target_dag.py took 0.055 seconds
[2025-09-29T14:41:05.782+0000] {processor.py:186} INFO - Started process (PID=934) to work on /home/airflow/.local/lib/python3.12/site-packages/airflow/example_dags/example_trigger_target_dag.py
[2025-09-29T14:41:05.786+0000] {processor.py:914} INFO - Processing file /home/airflow/.local/lib/python3.12/site-packages/airflow/example_dags/example_trigger_target_dag.py for tasks to queue
[2025-09-29T14:41:05.787+0000] {logging_mixin.py:190} INFO - [2025-09-29T14:41:05.787+0000] {dagbag.py:588} INFO - Filling up the DagBag from /home/airflow/.local/lib/python3.12/site-packages/airflow/example_dags/example_trigger_target_dag.py
[2025-09-29T14:41:05.792+0000] {processor.py:925} INFO - DAG(s) 'example_trigger_target_dag' retrieved from /home/airflow/.local/lib/python3.12/site-packages/airflow/example_dags/example_trigger_target_dag.py
[2025-09-29T14:41:05.804+0000] {logging_mixin.py:190} INFO - [2025-09-29T14:41:05.804+0000] {dag.py:3239} INFO - Sync 1 DAGs
[2025-09-29T14:41:05.812+0000] {logging_mixin.py:190} INFO - [2025-09-29T14:41:05.812+0000] {dag.py:4180} INFO - Setting next_dagrun for example_trigger_target_dag to None, run_after=None
[2025-09-29T14:41:05.821+0000] {processor.py:208} INFO - Processing /home/airflow/.local/lib/python3.12/site-packages/airflow/example_dags/example_trigger_target_dag.py took 0.042 seconds
[2025-09-29T14:41:36.267+0000] {processor.py:186} INFO - Started process (PID=998) to work on /home/airflow/.local/lib/python3.12/site-packages/airflow/example_dags/example_trigger_target_dag.py
[2025-09-29T14:41:36.268+0000] {processor.py:914} INFO - Processing file /home/airflow/.local/lib/python3.12/site-packages/airflow/example_dags/example_trigger_target_dag.py for tasks to queue
[2025-09-29T14:41:36.273+0000] {logging_mixin.py:190} INFO - [2025-09-29T14:41:36.272+0000] {dagbag.py:588} INFO - Filling up the DagBag from /home/airflow/.local/lib/python3.12/site-packages/airflow/example_dags/example_trigger_target_dag.py
[2025-09-29T14:41:36.277+0000] {processor.py:925} INFO - DAG(s) 'example_trigger_target_dag' retrieved from /home/airflow/.local/lib/python3.12/site-packages/airflow/example_dags/example_trigger_target_dag.py
[2025-09-29T14:41:36.292+0000] {logging_mixin.py:190} INFO - [2025-09-29T14:41:36.291+0000] {dag.py:3239} INFO - Sync 1 DAGs
[2025-09-29T14:41:36.301+0000] {logging_mixin.py:190} INFO - [2025-09-29T14:41:36.301+0000] {dag.py:4180} INFO - Setting next_dagrun for example_trigger_target_dag to None, run_after=None
[2025-09-29T14:41:36.312+0000] {processor.py:208} INFO - Processing /home/airflow/.local/lib/python3.12/site-packages/airflow/example_dags/example_trigger_target_dag.py took 0.049 seconds
[2025-09-29T14:42:06.708+0000] {processor.py:186} INFO - Started process (PID=1063) to work on /home/airflow/.local/lib/python3.12/site-packages/airflow/example_dags/example_trigger_target_dag.py
[2025-09-29T14:42:06.709+0000] {processor.py:914} INFO - Processing file /home/airflow/.local/lib/python3.12/site-packages/airflow/example_dags/example_trigger_target_dag.py for tasks to queue
[2025-09-29T14:42:06.710+0000] {logging_mixin.py:190} INFO - [2025-09-29T14:42:06.710+0000] {dagbag.py:588} INFO - Filling up the DagBag from /home/airflow/.local/lib/python3.12/site-packages/airflow/example_dags/example_trigger_target_dag.py
[2025-09-29T14:42:06.714+0000] {processor.py:925} INFO - DAG(s) 'example_trigger_target_dag' retrieved from /home/airflow/.local/lib/python3.12/site-packages/airflow/example_dags/example_trigger_target_dag.py
[2025-09-29T14:42:06.726+0000] {logging_mixin.py:190} INFO - [2025-09-29T14:42:06.726+0000] {dag.py:3239} INFO - Sync 1 DAGs
[2025-09-29T14:42:06.733+0000] {logging_mixin.py:190} INFO - [2025-09-29T14:42:06.733+0000] {dag.py:4180} INFO - Setting next_dagrun for example_trigger_target_dag to None, run_after=None
[2025-09-29T14:42:06.750+0000] {processor.py:208} INFO - Processing /home/airflow/.local/lib/python3.12/site-packages/airflow/example_dags/example_trigger_target_dag.py took 0.045 seconds
[2025-09-29T14:42:37.029+0000] {processor.py:186} INFO - Started process (PID=1127) to work on /home/airflow/.local/lib/python3.12/site-packages/airflow/example_dags/example_trigger_target_dag.py
[2025-09-29T14:42:37.030+0000] {processor.py:914} INFO - Processing file /home/airflow/.local/lib/python3.12/site-packages/airflow/example_dags/example_trigger_target_dag.py for tasks to queue
[2025-09-29T14:42:37.031+0000] {logging_mixin.py:190} INFO - [2025-09-29T14:42:37.031+0000] {dagbag.py:588} INFO - Filling up the DagBag from /home/airflow/.local/lib/python3.12/site-packages/airflow/example_dags/example_trigger_target_dag.py
[2025-09-29T14:42:37.035+0000] {processor.py:925} INFO - DAG(s) 'example_trigger_target_dag' retrieved from /home/airflow/.local/lib/python3.12/site-packages/airflow/example_dags/example_trigger_target_dag.py
[2025-09-29T14:42:37.046+0000] {logging_mixin.py:190} INFO - [2025-09-29T14:42:37.046+0000] {dag.py:3239} INFO - Sync 1 DAGs
[2025-09-29T14:42:37.052+0000] {logging_mixin.py:190} INFO - [2025-09-29T14:42:37.052+0000] {dag.py:4180} INFO - Setting next_dagrun for example_trigger_target_dag to None, run_after=None
[2025-09-29T14:42:37.062+0000] {processor.py:208} INFO - Processing /home/airflow/.local/lib/python3.12/site-packages/airflow/example_dags/example_trigger_target_dag.py took 0.036 seconds
[2025-09-29T14:43:07.327+0000] {processor.py:186} INFO - Started process (PID=1191) to work on /home/airflow/.local/lib/python3.12/site-packages/airflow/example_dags/example_trigger_target_dag.py
[2025-09-29T14:43:07.327+0000] {processor.py:914} INFO - Processing file /home/airflow/.local/lib/python3.12/site-packages/airflow/example_dags/example_trigger_target_dag.py for tasks to queue
[2025-09-29T14:43:07.329+0000] {logging_mixin.py:190} INFO - [2025-09-29T14:43:07.329+0000] {dagbag.py:588} INFO - Filling up the DagBag from /home/airflow/.local/lib/python3.12/site-packages/airflow/example_dags/example_trigger_target_dag.py
[2025-09-29T14:43:07.333+0000] {processor.py:925} INFO - DAG(s) 'example_trigger_target_dag' retrieved from /home/airflow/.local/lib/python3.12/site-packages/airflow/example_dags/example_trigger_target_dag.py
[2025-09-29T14:43:07.343+0000] {logging_mixin.py:190} INFO - [2025-09-29T14:43:07.343+0000] {dag.py:3239} INFO - Sync 1 DAGs
[2025-09-29T14:43:07.351+0000] {logging_mixin.py:190} INFO - [2025-09-29T14:43:07.351+0000] {dag.py:4180} INFO - Setting next_dagrun for example_trigger_target_dag to None, run_after=None
[2025-09-29T14:43:07.362+0000] {processor.py:208} INFO - Processing /home/airflow/.local/lib/python3.12/site-packages/airflow/example_dags/example_trigger_target_dag.py took 0.038 seconds
[2025-09-29T14:43:37.536+0000] {processor.py:186} INFO - Started process (PID=1255) to work on /home/airflow/.local/lib/python3.12/site-packages/airflow/example_dags/example_trigger_target_dag.py
[2025-09-29T14:43:37.537+0000] {processor.py:914} INFO - Processing file /home/airflow/.local/lib/python3.12/site-packages/airflow/example_dags/example_trigger_target_dag.py for tasks to queue
[2025-09-29T14:43:37.541+0000] {logging_mixin.py:190} INFO - [2025-09-29T14:43:37.541+0000] {dagbag.py:588} INFO - Filling up the DagBag from /home/airflow/.local/lib/python3.12/site-packages/airflow/example_dags/example_trigger_target_dag.py
[2025-09-29T14:43:37.545+0000] {processor.py:925} INFO - DAG(s) 'example_trigger_target_dag' retrieved from /home/airflow/.local/lib/python3.12/site-packages/airflow/example_dags/example_trigger_target_dag.py
[2025-09-29T14:43:37.555+0000] {logging_mixin.py:190} INFO - [2025-09-29T14:43:37.555+0000] {dag.py:3239} INFO - Sync 1 DAGs
[2025-09-29T14:43:37.562+0000] {logging_mixin.py:190} INFO - [2025-09-29T14:43:37.562+0000] {dag.py:4180} INFO - Setting next_dagrun for example_trigger_target_dag to None, run_after=None
[2025-09-29T14:43:37.571+0000] {processor.py:208} INFO - Processing /home/airflow/.local/lib/python3.12/site-packages/airflow/example_dags/example_trigger_target_dag.py took 0.038 seconds
[2025-09-29T14:44:08.368+0000] {processor.py:186} INFO - Started process (PID=1319) to work on /home/airflow/.local/lib/python3.12/site-packages/airflow/example_dags/example_trigger_target_dag.py
[2025-09-29T14:44:08.369+0000] {processor.py:914} INFO - Processing file /home/airflow/.local/lib/python3.12/site-packages/airflow/example_dags/example_trigger_target_dag.py for tasks to queue
[2025-09-29T14:44:08.371+0000] {logging_mixin.py:190} INFO - [2025-09-29T14:44:08.371+0000] {dagbag.py:588} INFO - Filling up the DagBag from /home/airflow/.local/lib/python3.12/site-packages/airflow/example_dags/example_trigger_target_dag.py
[2025-09-29T14:44:08.375+0000] {processor.py:925} INFO - DAG(s) 'example_trigger_target_dag' retrieved from /home/airflow/.local/lib/python3.12/site-packages/airflow/example_dags/example_trigger_target_dag.py
[2025-09-29T14:44:08.390+0000] {logging_mixin.py:190} INFO - [2025-09-29T14:44:08.390+0000] {dag.py:3239} INFO - Sync 1 DAGs
[2025-09-29T14:44:08.400+0000] {logging_mixin.py:190} INFO - [2025-09-29T14:44:08.400+0000] {dag.py:4180} INFO - Setting next_dagrun for example_trigger_target_dag to None, run_after=None
[2025-09-29T14:44:08.411+0000] {processor.py:208} INFO - Processing /home/airflow/.local/lib/python3.12/site-packages/airflow/example_dags/example_trigger_target_dag.py took 0.045 seconds
[2025-09-29T14:44:38.754+0000] {processor.py:186} INFO - Started process (PID=1382) to work on /home/airflow/.local/lib/python3.12/site-packages/airflow/example_dags/example_trigger_target_dag.py
[2025-09-29T14:44:38.756+0000] {processor.py:914} INFO - Processing file /home/airflow/.local/lib/python3.12/site-packages/airflow/example_dags/example_trigger_target_dag.py for tasks to queue
[2025-09-29T14:44:38.758+0000] {logging_mixin.py:190} INFO - [2025-09-29T14:44:38.758+0000] {dagbag.py:588} INFO - Filling up the DagBag from /home/airflow/.local/lib/python3.12/site-packages/airflow/example_dags/example_trigger_target_dag.py
[2025-09-29T14:44:38.762+0000] {processor.py:925} INFO - DAG(s) 'example_trigger_target_dag' retrieved from /home/airflow/.local/lib/python3.12/site-packages/airflow/example_dags/example_trigger_target_dag.py
[2025-09-29T14:44:38.777+0000] {logging_mixin.py:190} INFO - [2025-09-29T14:44:38.777+0000] {dag.py:3239} INFO - Sync 1 DAGs
[2025-09-29T14:44:38.786+0000] {logging_mixin.py:190} INFO - [2025-09-29T14:44:38.786+0000] {dag.py:4180} INFO - Setting next_dagrun for example_trigger_target_dag to None, run_after=None
[2025-09-29T14:44:38.796+0000] {processor.py:208} INFO - Processing /home/airflow/.local/lib/python3.12/site-packages/airflow/example_dags/example_trigger_target_dag.py took 0.046 seconds
[2025-09-29T14:45:09.078+0000] {processor.py:186} INFO - Started process (PID=1446) to work on /home/airflow/.local/lib/python3.12/site-packages/airflow/example_dags/example_trigger_target_dag.py
[2025-09-29T14:45:09.079+0000] {processor.py:914} INFO - Processing file /home/airflow/.local/lib/python3.12/site-packages/airflow/example_dags/example_trigger_target_dag.py for tasks to queue
[2025-09-29T14:45:09.080+0000] {logging_mixin.py:190} INFO - [2025-09-29T14:45:09.080+0000] {dagbag.py:588} INFO - Filling up the DagBag from /home/airflow/.local/lib/python3.12/site-packages/airflow/example_dags/example_trigger_target_dag.py
[2025-09-29T14:45:09.084+0000] {processor.py:925} INFO - DAG(s) 'example_trigger_target_dag' retrieved from /home/airflow/.local/lib/python3.12/site-packages/airflow/example_dags/example_trigger_target_dag.py
[2025-09-29T14:45:09.094+0000] {logging_mixin.py:190} INFO - [2025-09-29T14:45:09.094+0000] {dag.py:3239} INFO - Sync 1 DAGs
[2025-09-29T14:45:09.100+0000] {logging_mixin.py:190} INFO - [2025-09-29T14:45:09.100+0000] {dag.py:4180} INFO - Setting next_dagrun for example_trigger_target_dag to None, run_after=None
[2025-09-29T14:45:09.113+0000] {processor.py:208} INFO - Processing /home/airflow/.local/lib/python3.12/site-packages/airflow/example_dags/example_trigger_target_dag.py took 0.038 seconds
[2025-09-29T14:45:39.652+0000] {processor.py:186} INFO - Started process (PID=1510) to work on /home/airflow/.local/lib/python3.12/site-packages/airflow/example_dags/example_trigger_target_dag.py
[2025-09-29T14:45:39.652+0000] {processor.py:914} INFO - Processing file /home/airflow/.local/lib/python3.12/site-packages/airflow/example_dags/example_trigger_target_dag.py for tasks to queue
[2025-09-29T14:45:39.654+0000] {logging_mixin.py:190} INFO - [2025-09-29T14:45:39.653+0000] {dagbag.py:588} INFO - Filling up the DagBag from /home/airflow/.local/lib/python3.12/site-packages/airflow/example_dags/example_trigger_target_dag.py
[2025-09-29T14:45:39.657+0000] {processor.py:925} INFO - DAG(s) 'example_trigger_target_dag' retrieved from /home/airflow/.local/lib/python3.12/site-packages/airflow/example_dags/example_trigger_target_dag.py
[2025-09-29T14:45:39.667+0000] {logging_mixin.py:190} INFO - [2025-09-29T14:45:39.667+0000] {dag.py:3239} INFO - Sync 1 DAGs
[2025-09-29T14:45:39.673+0000] {logging_mixin.py:190} INFO - [2025-09-29T14:45:39.673+0000] {dag.py:4180} INFO - Setting next_dagrun for example_trigger_target_dag to None, run_after=None
[2025-09-29T14:45:39.687+0000] {processor.py:208} INFO - Processing /home/airflow/.local/lib/python3.12/site-packages/airflow/example_dags/example_trigger_target_dag.py took 0.039 seconds
[2025-09-29T14:46:10.261+0000] {processor.py:186} INFO - Started process (PID=1574) to work on /home/airflow/.local/lib/python3.12/site-packages/airflow/example_dags/example_trigger_target_dag.py
[2025-09-29T14:46:10.264+0000] {processor.py:914} INFO - Processing file /home/airflow/.local/lib/python3.12/site-packages/airflow/example_dags/example_trigger_target_dag.py for tasks to queue
[2025-09-29T14:46:10.266+0000] {logging_mixin.py:190} INFO - [2025-09-29T14:46:10.266+0000] {dagbag.py:588} INFO - Filling up the DagBag from /home/airflow/.local/lib/python3.12/site-packages/airflow/example_dags/example_trigger_target_dag.py
[2025-09-29T14:46:10.270+0000] {processor.py:925} INFO - DAG(s) 'example_trigger_target_dag' retrieved from /home/airflow/.local/lib/python3.12/site-packages/airflow/example_dags/example_trigger_target_dag.py
[2025-09-29T14:46:10.280+0000] {logging_mixin.py:190} INFO - [2025-09-29T14:46:10.280+0000] {dag.py:3239} INFO - Sync 1 DAGs
[2025-09-29T14:46:10.287+0000] {logging_mixin.py:190} INFO - [2025-09-29T14:46:10.287+0000] {dag.py:4180} INFO - Setting next_dagrun for example_trigger_target_dag to None, run_after=None
[2025-09-29T14:46:10.295+0000] {processor.py:208} INFO - Processing /home/airflow/.local/lib/python3.12/site-packages/airflow/example_dags/example_trigger_target_dag.py took 0.038 seconds
[2025-09-29T14:46:40.773+0000] {processor.py:186} INFO - Started process (PID=1638) to work on /home/airflow/.local/lib/python3.12/site-packages/airflow/example_dags/example_trigger_target_dag.py
[2025-09-29T14:46:40.776+0000] {processor.py:914} INFO - Processing file /home/airflow/.local/lib/python3.12/site-packages/airflow/example_dags/example_trigger_target_dag.py for tasks to queue
[2025-09-29T14:46:40.777+0000] {logging_mixin.py:190} INFO - [2025-09-29T14:46:40.777+0000] {dagbag.py:588} INFO - Filling up the DagBag from /home/airflow/.local/lib/python3.12/site-packages/airflow/example_dags/example_trigger_target_dag.py
[2025-09-29T14:46:40.782+0000] {processor.py:925} INFO - DAG(s) 'example_trigger_target_dag' retrieved from /home/airflow/.local/lib/python3.12/site-packages/airflow/example_dags/example_trigger_target_dag.py
[2025-09-29T14:46:40.792+0000] {logging_mixin.py:190} INFO - [2025-09-29T14:46:40.792+0000] {dag.py:3239} INFO - Sync 1 DAGs
[2025-09-29T14:46:40.800+0000] {logging_mixin.py:190} INFO - [2025-09-29T14:46:40.799+0000] {dag.py:4180} INFO - Setting next_dagrun for example_trigger_target_dag to None, run_after=None
[2025-09-29T14:46:40.810+0000] {processor.py:208} INFO - Processing /home/airflow/.local/lib/python3.12/site-packages/airflow/example_dags/example_trigger_target_dag.py took 0.040 seconds
[2025-09-29T14:47:11.150+0000] {processor.py:186} INFO - Started process (PID=1702) to work on /home/airflow/.local/lib/python3.12/site-packages/airflow/example_dags/example_trigger_target_dag.py
[2025-09-29T14:47:11.150+0000] {processor.py:914} INFO - Processing file /home/airflow/.local/lib/python3.12/site-packages/airflow/example_dags/example_trigger_target_dag.py for tasks to queue
[2025-09-29T14:47:11.152+0000] {logging_mixin.py:190} INFO - [2025-09-29T14:47:11.152+0000] {dagbag.py:588} INFO - Filling up the DagBag from /home/airflow/.local/lib/python3.12/site-packages/airflow/example_dags/example_trigger_target_dag.py
[2025-09-29T14:47:11.157+0000] {processor.py:925} INFO - DAG(s) 'example_trigger_target_dag' retrieved from /home/airflow/.local/lib/python3.12/site-packages/airflow/example_dags/example_trigger_target_dag.py
[2025-09-29T14:47:11.170+0000] {logging_mixin.py:190} INFO - [2025-09-29T14:47:11.169+0000] {dag.py:3239} INFO - Sync 1 DAGs
[2025-09-29T14:47:11.177+0000] {logging_mixin.py:190} INFO - [2025-09-29T14:47:11.177+0000] {dag.py:4180} INFO - Setting next_dagrun for example_trigger_target_dag to None, run_after=None
[2025-09-29T14:47:11.188+0000] {processor.py:208} INFO - Processing /home/airflow/.local/lib/python3.12/site-packages/airflow/example_dags/example_trigger_target_dag.py took 0.042 seconds
[2025-09-29T14:47:41.516+0000] {processor.py:186} INFO - Started process (PID=1766) to work on /home/airflow/.local/lib/python3.12/site-packages/airflow/example_dags/example_trigger_target_dag.py
[2025-09-29T14:47:41.516+0000] {processor.py:914} INFO - Processing file /home/airflow/.local/lib/python3.12/site-packages/airflow/example_dags/example_trigger_target_dag.py for tasks to queue
[2025-09-29T14:47:41.518+0000] {logging_mixin.py:190} INFO - [2025-09-29T14:47:41.518+0000] {dagbag.py:588} INFO - Filling up the DagBag from /home/airflow/.local/lib/python3.12/site-packages/airflow/example_dags/example_trigger_target_dag.py
[2025-09-29T14:47:41.522+0000] {processor.py:925} INFO - DAG(s) 'example_trigger_target_dag' retrieved from /home/airflow/.local/lib/python3.12/site-packages/airflow/example_dags/example_trigger_target_dag.py
[2025-09-29T14:47:41.532+0000] {logging_mixin.py:190} INFO - [2025-09-29T14:47:41.532+0000] {dag.py:3239} INFO - Sync 1 DAGs
[2025-09-29T14:47:41.539+0000] {logging_mixin.py:190} INFO - [2025-09-29T14:47:41.539+0000] {dag.py:4180} INFO - Setting next_dagrun for example_trigger_target_dag to None, run_after=None
[2025-09-29T14:47:41.548+0000] {processor.py:208} INFO - Processing /home/airflow/.local/lib/python3.12/site-packages/airflow/example_dags/example_trigger_target_dag.py took 0.036 seconds
[2025-09-29T14:48:12.044+0000] {processor.py:186} INFO - Started process (PID=1830) to work on /home/airflow/.local/lib/python3.12/site-packages/airflow/example_dags/example_trigger_target_dag.py
[2025-09-29T14:48:12.045+0000] {processor.py:914} INFO - Processing file /home/airflow/.local/lib/python3.12/site-packages/airflow/example_dags/example_trigger_target_dag.py for tasks to queue
[2025-09-29T14:48:12.046+0000] {logging_mixin.py:190} INFO - [2025-09-29T14:48:12.046+0000] {dagbag.py:588} INFO - Filling up the DagBag from /home/airflow/.local/lib/python3.12/site-packages/airflow/example_dags/example_trigger_target_dag.py
[2025-09-29T14:48:12.051+0000] {processor.py:925} INFO - DAG(s) 'example_trigger_target_dag' retrieved from /home/airflow/.local/lib/python3.12/site-packages/airflow/example_dags/example_trigger_target_dag.py
[2025-09-29T14:48:12.062+0000] {logging_mixin.py:190} INFO - [2025-09-29T14:48:12.062+0000] {dag.py:3239} INFO - Sync 1 DAGs
[2025-09-29T14:48:12.071+0000] {logging_mixin.py:190} INFO - [2025-09-29T14:48:12.071+0000] {dag.py:4180} INFO - Setting next_dagrun for example_trigger_target_dag to None, run_after=None
[2025-09-29T14:48:12.080+0000] {processor.py:208} INFO - Processing /home/airflow/.local/lib/python3.12/site-packages/airflow/example_dags/example_trigger_target_dag.py took 0.039 seconds
[2025-09-29T14:48:42.185+0000] {processor.py:186} INFO - Started process (PID=1894) to work on /home/airflow/.local/lib/python3.12/site-packages/airflow/example_dags/example_trigger_target_dag.py
[2025-09-29T14:48:42.186+0000] {processor.py:914} INFO - Processing file /home/airflow/.local/lib/python3.12/site-packages/airflow/example_dags/example_trigger_target_dag.py for tasks to queue
[2025-09-29T14:48:42.187+0000] {logging_mixin.py:190} INFO - [2025-09-29T14:48:42.187+0000] {dagbag.py:588} INFO - Filling up the DagBag from /home/airflow/.local/lib/python3.12/site-packages/airflow/example_dags/example_trigger_target_dag.py
[2025-09-29T14:48:42.191+0000] {processor.py:925} INFO - DAG(s) 'example_trigger_target_dag' retrieved from /home/airflow/.local/lib/python3.12/site-packages/airflow/example_dags/example_trigger_target_dag.py
[2025-09-29T14:48:42.201+0000] {logging_mixin.py:190} INFO - [2025-09-29T14:48:42.201+0000] {dag.py:3239} INFO - Sync 1 DAGs
[2025-09-29T14:48:42.207+0000] {logging_mixin.py:190} INFO - [2025-09-29T14:48:42.207+0000] {dag.py:4180} INFO - Setting next_dagrun for example_trigger_target_dag to None, run_after=None
[2025-09-29T14:48:42.219+0000] {processor.py:208} INFO - Processing /home/airflow/.local/lib/python3.12/site-packages/airflow/example_dags/example_trigger_target_dag.py took 0.036 seconds
[2025-09-29T14:49:12.333+0000] {processor.py:186} INFO - Started process (PID=1957) to work on /home/airflow/.local/lib/python3.12/site-packages/airflow/example_dags/example_trigger_target_dag.py
[2025-09-29T14:49:12.334+0000] {processor.py:914} INFO - Processing file /home/airflow/.local/lib/python3.12/site-packages/airflow/example_dags/example_trigger_target_dag.py for tasks to queue
[2025-09-29T14:49:12.336+0000] {logging_mixin.py:190} INFO - [2025-09-29T14:49:12.336+0000] {dagbag.py:588} INFO - Filling up the DagBag from /home/airflow/.local/lib/python3.12/site-packages/airflow/example_dags/example_trigger_target_dag.py
[2025-09-29T14:49:12.341+0000] {processor.py:925} INFO - DAG(s) 'example_trigger_target_dag' retrieved from /home/airflow/.local/lib/python3.12/site-packages/airflow/example_dags/example_trigger_target_dag.py
[2025-09-29T14:49:12.351+0000] {logging_mixin.py:190} INFO - [2025-09-29T14:49:12.351+0000] {dag.py:3239} INFO - Sync 1 DAGs
[2025-09-29T14:49:12.358+0000] {logging_mixin.py:190} INFO - [2025-09-29T14:49:12.358+0000] {dag.py:4180} INFO - Setting next_dagrun for example_trigger_target_dag to None, run_after=None
[2025-09-29T14:49:12.368+0000] {processor.py:208} INFO - Processing /home/airflow/.local/lib/python3.12/site-packages/airflow/example_dags/example_trigger_target_dag.py took 0.038 seconds
[2025-09-29T14:49:42.986+0000] {processor.py:186} INFO - Started process (PID=2022) to work on /home/airflow/.local/lib/python3.12/site-packages/airflow/example_dags/example_trigger_target_dag.py
[2025-09-29T14:49:42.987+0000] {processor.py:914} INFO - Processing file /home/airflow/.local/lib/python3.12/site-packages/airflow/example_dags/example_trigger_target_dag.py for tasks to queue
[2025-09-29T14:49:42.989+0000] {logging_mixin.py:190} INFO - [2025-09-29T14:49:42.988+0000] {dagbag.py:588} INFO - Filling up the DagBag from /home/airflow/.local/lib/python3.12/site-packages/airflow/example_dags/example_trigger_target_dag.py
[2025-09-29T14:49:42.995+0000] {processor.py:925} INFO - DAG(s) 'example_trigger_target_dag' retrieved from /home/airflow/.local/lib/python3.12/site-packages/airflow/example_dags/example_trigger_target_dag.py
[2025-09-29T14:49:43.010+0000] {logging_mixin.py:190} INFO - [2025-09-29T14:49:43.010+0000] {dag.py:3239} INFO - Sync 1 DAGs
[2025-09-29T14:49:43.018+0000] {logging_mixin.py:190} INFO - [2025-09-29T14:49:43.018+0000] {dag.py:4180} INFO - Setting next_dagrun for example_trigger_target_dag to None, run_after=None
[2025-09-29T14:49:43.030+0000] {processor.py:208} INFO - Processing /home/airflow/.local/lib/python3.12/site-packages/airflow/example_dags/example_trigger_target_dag.py took 0.048 seconds
[2025-09-29T14:50:13.250+0000] {processor.py:186} INFO - Started process (PID=2086) to work on /home/airflow/.local/lib/python3.12/site-packages/airflow/example_dags/example_trigger_target_dag.py
[2025-09-29T14:50:13.253+0000] {processor.py:914} INFO - Processing file /home/airflow/.local/lib/python3.12/site-packages/airflow/example_dags/example_trigger_target_dag.py for tasks to queue
[2025-09-29T14:50:13.255+0000] {logging_mixin.py:190} INFO - [2025-09-29T14:50:13.255+0000] {dagbag.py:588} INFO - Filling up the DagBag from /home/airflow/.local/lib/python3.12/site-packages/airflow/example_dags/example_trigger_target_dag.py
[2025-09-29T14:50:13.259+0000] {processor.py:925} INFO - DAG(s) 'example_trigger_target_dag' retrieved from /home/airflow/.local/lib/python3.12/site-packages/airflow/example_dags/example_trigger_target_dag.py
[2025-09-29T14:50:13.269+0000] {logging_mixin.py:190} INFO - [2025-09-29T14:50:13.269+0000] {dag.py:3239} INFO - Sync 1 DAGs
[2025-09-29T14:50:13.276+0000] {logging_mixin.py:190} INFO - [2025-09-29T14:50:13.276+0000] {dag.py:4180} INFO - Setting next_dagrun for example_trigger_target_dag to None, run_after=None
[2025-09-29T14:50:13.291+0000] {processor.py:208} INFO - Processing /home/airflow/.local/lib/python3.12/site-packages/airflow/example_dags/example_trigger_target_dag.py took 0.047 seconds
[2025-09-29T14:50:43.571+0000] {processor.py:186} INFO - Started process (PID=2150) to work on /home/airflow/.local/lib/python3.12/site-packages/airflow/example_dags/example_trigger_target_dag.py
[2025-09-29T14:50:43.572+0000] {processor.py:914} INFO - Processing file /home/airflow/.local/lib/python3.12/site-packages/airflow/example_dags/example_trigger_target_dag.py for tasks to queue
[2025-09-29T14:50:43.573+0000] {logging_mixin.py:190} INFO - [2025-09-29T14:50:43.573+0000] {dagbag.py:588} INFO - Filling up the DagBag from /home/airflow/.local/lib/python3.12/site-packages/airflow/example_dags/example_trigger_target_dag.py
[2025-09-29T14:50:43.577+0000] {processor.py:925} INFO - DAG(s) 'example_trigger_target_dag' retrieved from /home/airflow/.local/lib/python3.12/site-packages/airflow/example_dags/example_trigger_target_dag.py
[2025-09-29T14:50:43.588+0000] {logging_mixin.py:190} INFO - [2025-09-29T14:50:43.588+0000] {dag.py:3239} INFO - Sync 1 DAGs
[2025-09-29T14:50:43.595+0000] {logging_mixin.py:190} INFO - [2025-09-29T14:50:43.595+0000] {dag.py:4180} INFO - Setting next_dagrun for example_trigger_target_dag to None, run_after=None
[2025-09-29T14:50:43.606+0000] {processor.py:208} INFO - Processing /home/airflow/.local/lib/python3.12/site-packages/airflow/example_dags/example_trigger_target_dag.py took 0.038 seconds
[2025-09-29T14:51:13.814+0000] {processor.py:186} INFO - Started process (PID=2214) to work on /home/airflow/.local/lib/python3.12/site-packages/airflow/example_dags/example_trigger_target_dag.py
[2025-09-29T14:51:13.815+0000] {processor.py:914} INFO - Processing file /home/airflow/.local/lib/python3.12/site-packages/airflow/example_dags/example_trigger_target_dag.py for tasks to queue
[2025-09-29T14:51:13.816+0000] {logging_mixin.py:190} INFO - [2025-09-29T14:51:13.816+0000] {dagbag.py:588} INFO - Filling up the DagBag from /home/airflow/.local/lib/python3.12/site-packages/airflow/example_dags/example_trigger_target_dag.py
[2025-09-29T14:51:13.821+0000] {processor.py:925} INFO - DAG(s) 'example_trigger_target_dag' retrieved from /home/airflow/.local/lib/python3.12/site-packages/airflow/example_dags/example_trigger_target_dag.py
[2025-09-29T14:51:13.831+0000] {logging_mixin.py:190} INFO - [2025-09-29T14:51:13.831+0000] {dag.py:3239} INFO - Sync 1 DAGs
[2025-09-29T14:51:13.838+0000] {logging_mixin.py:190} INFO - [2025-09-29T14:51:13.838+0000] {dag.py:4180} INFO - Setting next_dagrun for example_trigger_target_dag to None, run_after=None
[2025-09-29T14:51:13.852+0000] {processor.py:208} INFO - Processing /home/airflow/.local/lib/python3.12/site-packages/airflow/example_dags/example_trigger_target_dag.py took 0.041 seconds
[2025-09-29T14:51:44.266+0000] {processor.py:186} INFO - Started process (PID=2278) to work on /home/airflow/.local/lib/python3.12/site-packages/airflow/example_dags/example_trigger_target_dag.py
[2025-09-29T14:51:44.268+0000] {processor.py:914} INFO - Processing file /home/airflow/.local/lib/python3.12/site-packages/airflow/example_dags/example_trigger_target_dag.py for tasks to queue
[2025-09-29T14:51:44.270+0000] {logging_mixin.py:190} INFO - [2025-09-29T14:51:44.269+0000] {dagbag.py:588} INFO - Filling up the DagBag from /home/airflow/.local/lib/python3.12/site-packages/airflow/example_dags/example_trigger_target_dag.py
[2025-09-29T14:51:44.275+0000] {processor.py:925} INFO - DAG(s) 'example_trigger_target_dag' retrieved from /home/airflow/.local/lib/python3.12/site-packages/airflow/example_dags/example_trigger_target_dag.py
[2025-09-29T14:51:44.286+0000] {logging_mixin.py:190} INFO - [2025-09-29T14:51:44.285+0000] {dag.py:3239} INFO - Sync 1 DAGs
[2025-09-29T14:51:44.293+0000] {logging_mixin.py:190} INFO - [2025-09-29T14:51:44.293+0000] {dag.py:4180} INFO - Setting next_dagrun for example_trigger_target_dag to None, run_after=None
[2025-09-29T14:51:44.302+0000] {processor.py:208} INFO - Processing /home/airflow/.local/lib/python3.12/site-packages/airflow/example_dags/example_trigger_target_dag.py took 0.040 seconds
[2025-09-29T14:52:14.466+0000] {processor.py:186} INFO - Started process (PID=2341) to work on /home/airflow/.local/lib/python3.12/site-packages/airflow/example_dags/example_trigger_target_dag.py
[2025-09-29T14:52:14.467+0000] {processor.py:914} INFO - Processing file /home/airflow/.local/lib/python3.12/site-packages/airflow/example_dags/example_trigger_target_dag.py for tasks to queue
[2025-09-29T14:52:14.467+0000] {logging_mixin.py:190} INFO - [2025-09-29T14:52:14.467+0000] {dagbag.py:588} INFO - Filling up the DagBag from /home/airflow/.local/lib/python3.12/site-packages/airflow/example_dags/example_trigger_target_dag.py
[2025-09-29T14:52:14.472+0000] {processor.py:925} INFO - DAG(s) 'example_trigger_target_dag' retrieved from /home/airflow/.local/lib/python3.12/site-packages/airflow/example_dags/example_trigger_target_dag.py
[2025-09-29T14:52:14.481+0000] {logging_mixin.py:190} INFO - [2025-09-29T14:52:14.481+0000] {dag.py:3239} INFO - Sync 1 DAGs
[2025-09-29T14:52:14.488+0000] {logging_mixin.py:190} INFO - [2025-09-29T14:52:14.488+0000] {dag.py:4180} INFO - Setting next_dagrun for example_trigger_target_dag to None, run_after=None
[2025-09-29T14:52:14.499+0000] {processor.py:208} INFO - Processing /home/airflow/.local/lib/python3.12/site-packages/airflow/example_dags/example_trigger_target_dag.py took 0.036 seconds
[2025-09-29T14:52:44.643+0000] {processor.py:186} INFO - Started process (PID=2404) to work on /home/airflow/.local/lib/python3.12/site-packages/airflow/example_dags/example_trigger_target_dag.py
[2025-09-29T14:52:44.643+0000] {processor.py:914} INFO - Processing file /home/airflow/.local/lib/python3.12/site-packages/airflow/example_dags/example_trigger_target_dag.py for tasks to queue
[2025-09-29T14:52:44.644+0000] {logging_mixin.py:190} INFO - [2025-09-29T14:52:44.644+0000] {dagbag.py:588} INFO - Filling up the DagBag from /home/airflow/.local/lib/python3.12/site-packages/airflow/example_dags/example_trigger_target_dag.py
[2025-09-29T14:52:44.648+0000] {processor.py:925} INFO - DAG(s) 'example_trigger_target_dag' retrieved from /home/airflow/.local/lib/python3.12/site-packages/airflow/example_dags/example_trigger_target_dag.py
[2025-09-29T14:52:44.657+0000] {logging_mixin.py:190} INFO - [2025-09-29T14:52:44.657+0000] {dag.py:3239} INFO - Sync 1 DAGs
[2025-09-29T14:52:44.666+0000] {logging_mixin.py:190} INFO - [2025-09-29T14:52:44.666+0000] {dag.py:4180} INFO - Setting next_dagrun for example_trigger_target_dag to None, run_after=None
[2025-09-29T14:52:44.677+0000] {processor.py:208} INFO - Processing /home/airflow/.local/lib/python3.12/site-packages/airflow/example_dags/example_trigger_target_dag.py took 0.038 seconds
[2025-09-29T14:53:14.823+0000] {processor.py:186} INFO - Started process (PID=2467) to work on /home/airflow/.local/lib/python3.12/site-packages/airflow/example_dags/example_trigger_target_dag.py
[2025-09-29T14:53:14.825+0000] {processor.py:914} INFO - Processing file /home/airflow/.local/lib/python3.12/site-packages/airflow/example_dags/example_trigger_target_dag.py for tasks to queue
[2025-09-29T14:53:14.825+0000] {logging_mixin.py:190} INFO - [2025-09-29T14:53:14.825+0000] {dagbag.py:588} INFO - Filling up the DagBag from /home/airflow/.local/lib/python3.12/site-packages/airflow/example_dags/example_trigger_target_dag.py
[2025-09-29T14:53:14.830+0000] {processor.py:925} INFO - DAG(s) 'example_trigger_target_dag' retrieved from /home/airflow/.local/lib/python3.12/site-packages/airflow/example_dags/example_trigger_target_dag.py
[2025-09-29T14:53:14.843+0000] {logging_mixin.py:190} INFO - [2025-09-29T14:53:14.843+0000] {dag.py:3239} INFO - Sync 1 DAGs
[2025-09-29T14:53:14.849+0000] {logging_mixin.py:190} INFO - [2025-09-29T14:53:14.849+0000] {dag.py:4180} INFO - Setting next_dagrun for example_trigger_target_dag to None, run_after=None
[2025-09-29T14:53:14.859+0000] {processor.py:208} INFO - Processing /home/airflow/.local/lib/python3.12/site-packages/airflow/example_dags/example_trigger_target_dag.py took 0.039 seconds
[2025-09-29T14:53:45.123+0000] {processor.py:186} INFO - Started process (PID=2530) to work on /home/airflow/.local/lib/python3.12/site-packages/airflow/example_dags/example_trigger_target_dag.py
[2025-09-29T14:53:45.123+0000] {processor.py:914} INFO - Processing file /home/airflow/.local/lib/python3.12/site-packages/airflow/example_dags/example_trigger_target_dag.py for tasks to queue
[2025-09-29T14:53:45.124+0000] {logging_mixin.py:190} INFO - [2025-09-29T14:53:45.124+0000] {dagbag.py:588} INFO - Filling up the DagBag from /home/airflow/.local/lib/python3.12/site-packages/airflow/example_dags/example_trigger_target_dag.py
[2025-09-29T14:53:45.128+0000] {processor.py:925} INFO - DAG(s) 'example_trigger_target_dag' retrieved from /home/airflow/.local/lib/python3.12/site-packages/airflow/example_dags/example_trigger_target_dag.py
[2025-09-29T14:53:45.138+0000] {logging_mixin.py:190} INFO - [2025-09-29T14:53:45.138+0000] {dag.py:3239} INFO - Sync 1 DAGs
[2025-09-29T14:53:45.145+0000] {logging_mixin.py:190} INFO - [2025-09-29T14:53:45.145+0000] {dag.py:4180} INFO - Setting next_dagrun for example_trigger_target_dag to None, run_after=None
[2025-09-29T14:53:45.152+0000] {processor.py:208} INFO - Processing /home/airflow/.local/lib/python3.12/site-packages/airflow/example_dags/example_trigger_target_dag.py took 0.033 seconds
[2025-09-29T14:54:15.369+0000] {processor.py:186} INFO - Started process (PID=2593) to work on /home/airflow/.local/lib/python3.12/site-packages/airflow/example_dags/example_trigger_target_dag.py
[2025-09-29T14:54:15.369+0000] {processor.py:914} INFO - Processing file /home/airflow/.local/lib/python3.12/site-packages/airflow/example_dags/example_trigger_target_dag.py for tasks to queue
[2025-09-29T14:54:15.370+0000] {logging_mixin.py:190} INFO - [2025-09-29T14:54:15.370+0000] {dagbag.py:588} INFO - Filling up the DagBag from /home/airflow/.local/lib/python3.12/site-packages/airflow/example_dags/example_trigger_target_dag.py
[2025-09-29T14:54:15.374+0000] {processor.py:925} INFO - DAG(s) 'example_trigger_target_dag' retrieved from /home/airflow/.local/lib/python3.12/site-packages/airflow/example_dags/example_trigger_target_dag.py
[2025-09-29T14:54:15.384+0000] {logging_mixin.py:190} INFO - [2025-09-29T14:54:15.384+0000] {dag.py:3239} INFO - Sync 1 DAGs
[2025-09-29T14:54:15.392+0000] {logging_mixin.py:190} INFO - [2025-09-29T14:54:15.392+0000] {dag.py:4180} INFO - Setting next_dagrun for example_trigger_target_dag to None, run_after=None
[2025-09-29T14:54:15.404+0000] {processor.py:208} INFO - Processing /home/airflow/.local/lib/python3.12/site-packages/airflow/example_dags/example_trigger_target_dag.py took 0.039 seconds
[2025-09-29T14:54:45.768+0000] {processor.py:186} INFO - Started process (PID=2656) to work on /home/airflow/.local/lib/python3.12/site-packages/airflow/example_dags/example_trigger_target_dag.py
[2025-09-29T14:54:45.770+0000] {processor.py:914} INFO - Processing file /home/airflow/.local/lib/python3.12/site-packages/airflow/example_dags/example_trigger_target_dag.py for tasks to queue
[2025-09-29T14:54:45.770+0000] {logging_mixin.py:190} INFO - [2025-09-29T14:54:45.770+0000] {dagbag.py:588} INFO - Filling up the DagBag from /home/airflow/.local/lib/python3.12/site-packages/airflow/example_dags/example_trigger_target_dag.py
[2025-09-29T14:54:45.776+0000] {processor.py:925} INFO - DAG(s) 'example_trigger_target_dag' retrieved from /home/airflow/.local/lib/python3.12/site-packages/airflow/example_dags/example_trigger_target_dag.py
[2025-09-29T14:54:45.789+0000] {logging_mixin.py:190} INFO - [2025-09-29T14:54:45.789+0000] {dag.py:3239} INFO - Sync 1 DAGs
[2025-09-29T14:54:45.800+0000] {logging_mixin.py:190} INFO - [2025-09-29T14:54:45.799+0000] {dag.py:4180} INFO - Setting next_dagrun for example_trigger_target_dag to None, run_after=None
[2025-09-29T14:54:45.809+0000] {processor.py:208} INFO - Processing /home/airflow/.local/lib/python3.12/site-packages/airflow/example_dags/example_trigger_target_dag.py took 0.043 seconds
[2025-09-29T14:55:16.329+0000] {processor.py:186} INFO - Started process (PID=2719) to work on /home/airflow/.local/lib/python3.12/site-packages/airflow/example_dags/example_trigger_target_dag.py
[2025-09-29T14:55:16.331+0000] {processor.py:914} INFO - Processing file /home/airflow/.local/lib/python3.12/site-packages/airflow/example_dags/example_trigger_target_dag.py for tasks to queue
[2025-09-29T14:55:16.332+0000] {logging_mixin.py:190} INFO - [2025-09-29T14:55:16.331+0000] {dagbag.py:588} INFO - Filling up the DagBag from /home/airflow/.local/lib/python3.12/site-packages/airflow/example_dags/example_trigger_target_dag.py
[2025-09-29T14:55:16.338+0000] {processor.py:925} INFO - DAG(s) 'example_trigger_target_dag' retrieved from /home/airflow/.local/lib/python3.12/site-packages/airflow/example_dags/example_trigger_target_dag.py
[2025-09-29T14:55:16.354+0000] {logging_mixin.py:190} INFO - [2025-09-29T14:55:16.354+0000] {dag.py:3239} INFO - Sync 1 DAGs
[2025-09-29T14:55:16.361+0000] {logging_mixin.py:190} INFO - [2025-09-29T14:55:16.361+0000] {dag.py:4180} INFO - Setting next_dagrun for example_trigger_target_dag to None, run_after=None
[2025-09-29T14:55:16.370+0000] {processor.py:208} INFO - Processing /home/airflow/.local/lib/python3.12/site-packages/airflow/example_dags/example_trigger_target_dag.py took 0.045 seconds
[2025-09-29T14:55:46.751+0000] {processor.py:186} INFO - Started process (PID=2781) to work on /home/airflow/.local/lib/python3.12/site-packages/airflow/example_dags/example_trigger_target_dag.py
[2025-09-29T14:55:46.752+0000] {processor.py:914} INFO - Processing file /home/airflow/.local/lib/python3.12/site-packages/airflow/example_dags/example_trigger_target_dag.py for tasks to queue
[2025-09-29T14:55:46.753+0000] {logging_mixin.py:190} INFO - [2025-09-29T14:55:46.752+0000] {dagbag.py:588} INFO - Filling up the DagBag from /home/airflow/.local/lib/python3.12/site-packages/airflow/example_dags/example_trigger_target_dag.py
[2025-09-29T14:55:46.757+0000] {processor.py:925} INFO - DAG(s) 'example_trigger_target_dag' retrieved from /home/airflow/.local/lib/python3.12/site-packages/airflow/example_dags/example_trigger_target_dag.py
[2025-09-29T14:55:46.768+0000] {logging_mixin.py:190} INFO - [2025-09-29T14:55:46.768+0000] {dag.py:3239} INFO - Sync 1 DAGs
[2025-09-29T14:55:46.777+0000] {logging_mixin.py:190} INFO - [2025-09-29T14:55:46.777+0000] {dag.py:4180} INFO - Setting next_dagrun for example_trigger_target_dag to None, run_after=None
[2025-09-29T14:55:46.791+0000] {processor.py:208} INFO - Processing /home/airflow/.local/lib/python3.12/site-packages/airflow/example_dags/example_trigger_target_dag.py took 0.042 seconds
[2025-09-29T14:56:17.087+0000] {processor.py:186} INFO - Started process (PID=2843) to work on /home/airflow/.local/lib/python3.12/site-packages/airflow/example_dags/example_trigger_target_dag.py
[2025-09-29T14:56:17.088+0000] {processor.py:914} INFO - Processing file /home/airflow/.local/lib/python3.12/site-packages/airflow/example_dags/example_trigger_target_dag.py for tasks to queue
[2025-09-29T14:56:17.089+0000] {logging_mixin.py:190} INFO - [2025-09-29T14:56:17.089+0000] {dagbag.py:588} INFO - Filling up the DagBag from /home/airflow/.local/lib/python3.12/site-packages/airflow/example_dags/example_trigger_target_dag.py
[2025-09-29T14:56:17.095+0000] {processor.py:925} INFO - DAG(s) 'example_trigger_target_dag' retrieved from /home/airflow/.local/lib/python3.12/site-packages/airflow/example_dags/example_trigger_target_dag.py
[2025-09-29T14:56:17.112+0000] {logging_mixin.py:190} INFO - [2025-09-29T14:56:17.111+0000] {dag.py:3239} INFO - Sync 1 DAGs
[2025-09-29T14:56:17.118+0000] {logging_mixin.py:190} INFO - [2025-09-29T14:56:17.118+0000] {dag.py:4180} INFO - Setting next_dagrun for example_trigger_target_dag to None, run_after=None
[2025-09-29T14:56:17.127+0000] {processor.py:208} INFO - Processing /home/airflow/.local/lib/python3.12/site-packages/airflow/example_dags/example_trigger_target_dag.py took 0.043 seconds
[2025-09-29T14:56:47.416+0000] {processor.py:186} INFO - Started process (PID=2905) to work on /home/airflow/.local/lib/python3.12/site-packages/airflow/example_dags/example_trigger_target_dag.py
[2025-09-29T14:56:47.416+0000] {processor.py:914} INFO - Processing file /home/airflow/.local/lib/python3.12/site-packages/airflow/example_dags/example_trigger_target_dag.py for tasks to queue
[2025-09-29T14:56:47.419+0000] {logging_mixin.py:190} INFO - [2025-09-29T14:56:47.419+0000] {dagbag.py:588} INFO - Filling up the DagBag from /home/airflow/.local/lib/python3.12/site-packages/airflow/example_dags/example_trigger_target_dag.py
[2025-09-29T14:56:47.423+0000] {processor.py:925} INFO - DAG(s) 'example_trigger_target_dag' retrieved from /home/airflow/.local/lib/python3.12/site-packages/airflow/example_dags/example_trigger_target_dag.py
[2025-09-29T14:56:47.433+0000] {logging_mixin.py:190} INFO - [2025-09-29T14:56:47.433+0000] {dag.py:3239} INFO - Sync 1 DAGs
[2025-09-29T14:56:47.441+0000] {logging_mixin.py:190} INFO - [2025-09-29T14:56:47.441+0000] {dag.py:4180} INFO - Setting next_dagrun for example_trigger_target_dag to None, run_after=None
[2025-09-29T14:56:47.450+0000] {processor.py:208} INFO - Processing /home/airflow/.local/lib/python3.12/site-packages/airflow/example_dags/example_trigger_target_dag.py took 0.037 seconds
[2025-09-29T14:57:18.237+0000] {processor.py:186} INFO - Started process (PID=2970) to work on /home/airflow/.local/lib/python3.12/site-packages/airflow/example_dags/example_trigger_target_dag.py
[2025-09-29T14:57:18.238+0000] {processor.py:914} INFO - Processing file /home/airflow/.local/lib/python3.12/site-packages/airflow/example_dags/example_trigger_target_dag.py for tasks to queue
[2025-09-29T14:57:18.238+0000] {logging_mixin.py:190} INFO - [2025-09-29T14:57:18.238+0000] {dagbag.py:588} INFO - Filling up the DagBag from /home/airflow/.local/lib/python3.12/site-packages/airflow/example_dags/example_trigger_target_dag.py
[2025-09-29T14:57:18.243+0000] {processor.py:925} INFO - DAG(s) 'example_trigger_target_dag' retrieved from /home/airflow/.local/lib/python3.12/site-packages/airflow/example_dags/example_trigger_target_dag.py
[2025-09-29T14:57:18.255+0000] {logging_mixin.py:190} INFO - [2025-09-29T14:57:18.255+0000] {dag.py:3239} INFO - Sync 1 DAGs
[2025-09-29T14:57:18.264+0000] {logging_mixin.py:190} INFO - [2025-09-29T14:57:18.264+0000] {dag.py:4180} INFO - Setting next_dagrun for example_trigger_target_dag to None, run_after=None
[2025-09-29T14:57:18.275+0000] {processor.py:208} INFO - Processing /home/airflow/.local/lib/python3.12/site-packages/airflow/example_dags/example_trigger_target_dag.py took 0.041 seconds
[2025-09-29T14:57:48.911+0000] {processor.py:186} INFO - Started process (PID=3033) to work on /home/airflow/.local/lib/python3.12/site-packages/airflow/example_dags/example_trigger_target_dag.py
[2025-09-29T14:57:48.912+0000] {processor.py:914} INFO - Processing file /home/airflow/.local/lib/python3.12/site-packages/airflow/example_dags/example_trigger_target_dag.py for tasks to queue
[2025-09-29T14:57:48.913+0000] {logging_mixin.py:190} INFO - [2025-09-29T14:57:48.912+0000] {dagbag.py:588} INFO - Filling up the DagBag from /home/airflow/.local/lib/python3.12/site-packages/airflow/example_dags/example_trigger_target_dag.py
[2025-09-29T14:57:48.917+0000] {processor.py:925} INFO - DAG(s) 'example_trigger_target_dag' retrieved from /home/airflow/.local/lib/python3.12/site-packages/airflow/example_dags/example_trigger_target_dag.py
[2025-09-29T14:57:48.926+0000] {logging_mixin.py:190} INFO - [2025-09-29T14:57:48.926+0000] {dag.py:3239} INFO - Sync 1 DAGs
[2025-09-29T14:57:48.933+0000] {logging_mixin.py:190} INFO - [2025-09-29T14:57:48.933+0000] {dag.py:4180} INFO - Setting next_dagrun for example_trigger_target_dag to None, run_after=None
[2025-09-29T14:57:48.942+0000] {processor.py:208} INFO - Processing /home/airflow/.local/lib/python3.12/site-packages/airflow/example_dags/example_trigger_target_dag.py took 0.033 seconds
[2025-09-29T14:58:19.601+0000] {processor.py:186} INFO - Started process (PID=3095) to work on /home/airflow/.local/lib/python3.12/site-packages/airflow/example_dags/example_trigger_target_dag.py
[2025-09-29T14:58:19.602+0000] {processor.py:914} INFO - Processing file /home/airflow/.local/lib/python3.12/site-packages/airflow/example_dags/example_trigger_target_dag.py for tasks to queue
[2025-09-29T14:58:19.602+0000] {logging_mixin.py:190} INFO - [2025-09-29T14:58:19.602+0000] {dagbag.py:588} INFO - Filling up the DagBag from /home/airflow/.local/lib/python3.12/site-packages/airflow/example_dags/example_trigger_target_dag.py
[2025-09-29T14:58:19.609+0000] {processor.py:925} INFO - DAG(s) 'example_trigger_target_dag' retrieved from /home/airflow/.local/lib/python3.12/site-packages/airflow/example_dags/example_trigger_target_dag.py
[2025-09-29T14:58:19.625+0000] {logging_mixin.py:190} INFO - [2025-09-29T14:58:19.625+0000] {dag.py:3239} INFO - Sync 1 DAGs
[2025-09-29T14:58:19.636+0000] {logging_mixin.py:190} INFO - [2025-09-29T14:58:19.633+0000] {dag.py:4180} INFO - Setting next_dagrun for example_trigger_target_dag to None, run_after=None
[2025-09-29T14:58:19.659+0000] {processor.py:208} INFO - Processing /home/airflow/.local/lib/python3.12/site-packages/airflow/example_dags/example_trigger_target_dag.py took 0.061 seconds
[2025-09-29T14:58:50.262+0000] {processor.py:186} INFO - Started process (PID=3158) to work on /home/airflow/.local/lib/python3.12/site-packages/airflow/example_dags/example_trigger_target_dag.py
[2025-09-29T14:58:50.263+0000] {processor.py:914} INFO - Processing file /home/airflow/.local/lib/python3.12/site-packages/airflow/example_dags/example_trigger_target_dag.py for tasks to queue
[2025-09-29T14:58:50.263+0000] {logging_mixin.py:190} INFO - [2025-09-29T14:58:50.263+0000] {dagbag.py:588} INFO - Filling up the DagBag from /home/airflow/.local/lib/python3.12/site-packages/airflow/example_dags/example_trigger_target_dag.py
[2025-09-29T14:58:50.268+0000] {processor.py:925} INFO - DAG(s) 'example_trigger_target_dag' retrieved from /home/airflow/.local/lib/python3.12/site-packages/airflow/example_dags/example_trigger_target_dag.py
[2025-09-29T14:58:50.278+0000] {logging_mixin.py:190} INFO - [2025-09-29T14:58:50.277+0000] {dag.py:3239} INFO - Sync 1 DAGs
[2025-09-29T14:58:50.285+0000] {logging_mixin.py:190} INFO - [2025-09-29T14:58:50.285+0000] {dag.py:4180} INFO - Setting next_dagrun for example_trigger_target_dag to None, run_after=None
[2025-09-29T14:58:50.295+0000] {processor.py:208} INFO - Processing /home/airflow/.local/lib/python3.12/site-packages/airflow/example_dags/example_trigger_target_dag.py took 0.035 seconds
[2025-09-29T14:59:20.867+0000] {processor.py:186} INFO - Started process (PID=3221) to work on /home/airflow/.local/lib/python3.12/site-packages/airflow/example_dags/example_trigger_target_dag.py
[2025-09-29T14:59:20.868+0000] {processor.py:914} INFO - Processing file /home/airflow/.local/lib/python3.12/site-packages/airflow/example_dags/example_trigger_target_dag.py for tasks to queue
[2025-09-29T14:59:20.869+0000] {logging_mixin.py:190} INFO - [2025-09-29T14:59:20.869+0000] {dagbag.py:588} INFO - Filling up the DagBag from /home/airflow/.local/lib/python3.12/site-packages/airflow/example_dags/example_trigger_target_dag.py
[2025-09-29T14:59:20.874+0000] {processor.py:925} INFO - DAG(s) 'example_trigger_target_dag' retrieved from /home/airflow/.local/lib/python3.12/site-packages/airflow/example_dags/example_trigger_target_dag.py
[2025-09-29T14:59:20.888+0000] {logging_mixin.py:190} INFO - [2025-09-29T14:59:20.888+0000] {dag.py:3239} INFO - Sync 1 DAGs
[2025-09-29T14:59:20.897+0000] {logging_mixin.py:190} INFO - [2025-09-29T14:59:20.897+0000] {dag.py:4180} INFO - Setting next_dagrun for example_trigger_target_dag to None, run_after=None
[2025-09-29T14:59:20.906+0000] {processor.py:208} INFO - Processing /home/airflow/.local/lib/python3.12/site-packages/airflow/example_dags/example_trigger_target_dag.py took 0.042 seconds
[2025-09-29T14:59:51.392+0000] {processor.py:186} INFO - Started process (PID=3284) to work on /home/airflow/.local/lib/python3.12/site-packages/airflow/example_dags/example_trigger_target_dag.py
[2025-09-29T14:59:51.392+0000] {processor.py:914} INFO - Processing file /home/airflow/.local/lib/python3.12/site-packages/airflow/example_dags/example_trigger_target_dag.py for tasks to queue
[2025-09-29T14:59:51.393+0000] {logging_mixin.py:190} INFO - [2025-09-29T14:59:51.393+0000] {dagbag.py:588} INFO - Filling up the DagBag from /home/airflow/.local/lib/python3.12/site-packages/airflow/example_dags/example_trigger_target_dag.py
[2025-09-29T14:59:51.397+0000] {processor.py:925} INFO - DAG(s) 'example_trigger_target_dag' retrieved from /home/airflow/.local/lib/python3.12/site-packages/airflow/example_dags/example_trigger_target_dag.py
[2025-09-29T14:59:51.407+0000] {logging_mixin.py:190} INFO - [2025-09-29T14:59:51.407+0000] {dag.py:3239} INFO - Sync 1 DAGs
[2025-09-29T14:59:51.414+0000] {logging_mixin.py:190} INFO - [2025-09-29T14:59:51.414+0000] {dag.py:4180} INFO - Setting next_dagrun for example_trigger_target_dag to None, run_after=None
[2025-09-29T14:59:51.421+0000] {processor.py:208} INFO - Processing /home/airflow/.local/lib/python3.12/site-packages/airflow/example_dags/example_trigger_target_dag.py took 0.033 seconds
[2025-09-29T15:00:22.015+0000] {processor.py:186} INFO - Started process (PID=3347) to work on /home/airflow/.local/lib/python3.12/site-packages/airflow/example_dags/example_trigger_target_dag.py
[2025-09-29T15:00:22.019+0000] {processor.py:914} INFO - Processing file /home/airflow/.local/lib/python3.12/site-packages/airflow/example_dags/example_trigger_target_dag.py for tasks to queue
[2025-09-29T15:00:22.020+0000] {logging_mixin.py:190} INFO - [2025-09-29T15:00:22.020+0000] {dagbag.py:588} INFO - Filling up the DagBag from /home/airflow/.local/lib/python3.12/site-packages/airflow/example_dags/example_trigger_target_dag.py
[2025-09-29T15:00:22.024+0000] {processor.py:925} INFO - DAG(s) 'example_trigger_target_dag' retrieved from /home/airflow/.local/lib/python3.12/site-packages/airflow/example_dags/example_trigger_target_dag.py
[2025-09-29T15:00:22.038+0000] {logging_mixin.py:190} INFO - [2025-09-29T15:00:22.038+0000] {dag.py:3239} INFO - Sync 1 DAGs
[2025-09-29T15:00:22.046+0000] {logging_mixin.py:190} INFO - [2025-09-29T15:00:22.046+0000] {dag.py:4180} INFO - Setting next_dagrun for example_trigger_target_dag to None, run_after=None
[2025-09-29T15:00:22.055+0000] {processor.py:208} INFO - Processing /home/airflow/.local/lib/python3.12/site-packages/airflow/example_dags/example_trigger_target_dag.py took 0.043 seconds
[2025-09-29T15:00:52.594+0000] {processor.py:186} INFO - Started process (PID=3410) to work on /home/airflow/.local/lib/python3.12/site-packages/airflow/example_dags/example_trigger_target_dag.py
[2025-09-29T15:00:52.598+0000] {processor.py:914} INFO - Processing file /home/airflow/.local/lib/python3.12/site-packages/airflow/example_dags/example_trigger_target_dag.py for tasks to queue
[2025-09-29T15:00:52.599+0000] {logging_mixin.py:190} INFO - [2025-09-29T15:00:52.598+0000] {dagbag.py:588} INFO - Filling up the DagBag from /home/airflow/.local/lib/python3.12/site-packages/airflow/example_dags/example_trigger_target_dag.py
[2025-09-29T15:00:52.603+0000] {processor.py:925} INFO - DAG(s) 'example_trigger_target_dag' retrieved from /home/airflow/.local/lib/python3.12/site-packages/airflow/example_dags/example_trigger_target_dag.py
[2025-09-29T15:00:52.615+0000] {logging_mixin.py:190} INFO - [2025-09-29T15:00:52.615+0000] {dag.py:3239} INFO - Sync 1 DAGs
[2025-09-29T15:00:52.623+0000] {logging_mixin.py:190} INFO - [2025-09-29T15:00:52.623+0000] {dag.py:4180} INFO - Setting next_dagrun for example_trigger_target_dag to None, run_after=None
[2025-09-29T15:00:52.632+0000] {processor.py:208} INFO - Processing /home/airflow/.local/lib/python3.12/site-packages/airflow/example_dags/example_trigger_target_dag.py took 0.042 seconds
[2025-09-29T15:01:23.252+0000] {processor.py:186} INFO - Started process (PID=3473) to work on /home/airflow/.local/lib/python3.12/site-packages/airflow/example_dags/example_trigger_target_dag.py
[2025-09-29T15:01:23.253+0000] {processor.py:914} INFO - Processing file /home/airflow/.local/lib/python3.12/site-packages/airflow/example_dags/example_trigger_target_dag.py for tasks to queue
[2025-09-29T15:01:23.253+0000] {logging_mixin.py:190} INFO - [2025-09-29T15:01:23.253+0000] {dagbag.py:588} INFO - Filling up the DagBag from /home/airflow/.local/lib/python3.12/site-packages/airflow/example_dags/example_trigger_target_dag.py
[2025-09-29T15:01:23.258+0000] {processor.py:925} INFO - DAG(s) 'example_trigger_target_dag' retrieved from /home/airflow/.local/lib/python3.12/site-packages/airflow/example_dags/example_trigger_target_dag.py
[2025-09-29T15:01:23.268+0000] {logging_mixin.py:190} INFO - [2025-09-29T15:01:23.268+0000] {dag.py:3239} INFO - Sync 1 DAGs
[2025-09-29T15:01:23.276+0000] {logging_mixin.py:190} INFO - [2025-09-29T15:01:23.276+0000] {dag.py:4180} INFO - Setting next_dagrun for example_trigger_target_dag to None, run_after=None
[2025-09-29T15:01:23.285+0000] {processor.py:208} INFO - Processing /home/airflow/.local/lib/python3.12/site-packages/airflow/example_dags/example_trigger_target_dag.py took 0.036 seconds
[2025-09-29T15:01:53.750+0000] {processor.py:186} INFO - Started process (PID=3536) to work on /home/airflow/.local/lib/python3.12/site-packages/airflow/example_dags/example_trigger_target_dag.py
[2025-09-29T15:01:53.750+0000] {processor.py:914} INFO - Processing file /home/airflow/.local/lib/python3.12/site-packages/airflow/example_dags/example_trigger_target_dag.py for tasks to queue
[2025-09-29T15:01:53.751+0000] {logging_mixin.py:190} INFO - [2025-09-29T15:01:53.751+0000] {dagbag.py:588} INFO - Filling up the DagBag from /home/airflow/.local/lib/python3.12/site-packages/airflow/example_dags/example_trigger_target_dag.py
[2025-09-29T15:01:53.755+0000] {processor.py:925} INFO - DAG(s) 'example_trigger_target_dag' retrieved from /home/airflow/.local/lib/python3.12/site-packages/airflow/example_dags/example_trigger_target_dag.py
[2025-09-29T15:01:53.766+0000] {logging_mixin.py:190} INFO - [2025-09-29T15:01:53.766+0000] {dag.py:3239} INFO - Sync 1 DAGs
[2025-09-29T15:01:53.774+0000] {logging_mixin.py:190} INFO - [2025-09-29T15:01:53.774+0000] {dag.py:4180} INFO - Setting next_dagrun for example_trigger_target_dag to None, run_after=None
[2025-09-29T15:01:53.788+0000] {processor.py:208} INFO - Processing /home/airflow/.local/lib/python3.12/site-packages/airflow/example_dags/example_trigger_target_dag.py took 0.042 seconds
[2025-09-29T15:02:24.375+0000] {processor.py:186} INFO - Started process (PID=3599) to work on /home/airflow/.local/lib/python3.12/site-packages/airflow/example_dags/example_trigger_target_dag.py
[2025-09-29T15:02:24.376+0000] {processor.py:914} INFO - Processing file /home/airflow/.local/lib/python3.12/site-packages/airflow/example_dags/example_trigger_target_dag.py for tasks to queue
[2025-09-29T15:02:24.377+0000] {logging_mixin.py:190} INFO - [2025-09-29T15:02:24.376+0000] {dagbag.py:588} INFO - Filling up the DagBag from /home/airflow/.local/lib/python3.12/site-packages/airflow/example_dags/example_trigger_target_dag.py
[2025-09-29T15:02:24.381+0000] {processor.py:925} INFO - DAG(s) 'example_trigger_target_dag' retrieved from /home/airflow/.local/lib/python3.12/site-packages/airflow/example_dags/example_trigger_target_dag.py
[2025-09-29T15:02:24.394+0000] {logging_mixin.py:190} INFO - [2025-09-29T15:02:24.394+0000] {dag.py:3239} INFO - Sync 1 DAGs
[2025-09-29T15:02:24.402+0000] {logging_mixin.py:190} INFO - [2025-09-29T15:02:24.402+0000] {dag.py:4180} INFO - Setting next_dagrun for example_trigger_target_dag to None, run_after=None
[2025-09-29T15:02:24.417+0000] {processor.py:208} INFO - Processing /home/airflow/.local/lib/python3.12/site-packages/airflow/example_dags/example_trigger_target_dag.py took 0.045 seconds
