[2025-09-29T14:34:29.250+0000] {processor.py:186} INFO - Started process (PID=60) to work on /home/airflow/.local/lib/python3.12/site-packages/airflow/example_dags/example_nested_branch_dag.py
[2025-09-29T14:34:29.252+0000] {processor.py:914} INFO - Processing file /home/airflow/.local/lib/python3.12/site-packages/airflow/example_dags/example_nested_branch_dag.py for tasks to queue
[2025-09-29T14:34:29.254+0000] {logging_mixin.py:190} INFO - [2025-09-29T14:34:29.254+0000] {dagbag.py:588} INFO - Filling up the DagBag from /home/airflow/.local/lib/python3.12/site-packages/airflow/example_dags/example_nested_branch_dag.py
[2025-09-29T14:34:29.264+0000] {processor.py:925} INFO - DAG(s) 'example_nested_branch_dag' retrieved from /home/airflow/.local/lib/python3.12/site-packages/airflow/example_dags/example_nested_branch_dag.py
[2025-09-29T14:34:29.288+0000] {logging_mixin.py:190} INFO - [2025-09-29T14:34:29.288+0000] {dag.py:3239} INFO - Sync 1 DAGs
[2025-09-29T14:34:29.305+0000] {logging_mixin.py:190} INFO - [2025-09-29T14:34:29.305+0000] {dag.py:4180} INFO - Setting next_dagrun for example_nested_branch_dag to 2025-09-28 00:00:00+00:00, run_after=2025-09-29 00:00:00+00:00
[2025-09-29T14:34:29.320+0000] {processor.py:208} INFO - Processing /home/airflow/.local/lib/python3.12/site-packages/airflow/example_dags/example_nested_branch_dag.py took 0.073 seconds
[2025-09-29T14:34:59.393+0000] {processor.py:186} INFO - Started process (PID=128) to work on /home/airflow/.local/lib/python3.12/site-packages/airflow/example_dags/example_nested_branch_dag.py
[2025-09-29T14:34:59.393+0000] {processor.py:914} INFO - Processing file /home/airflow/.local/lib/python3.12/site-packages/airflow/example_dags/example_nested_branch_dag.py for tasks to queue
[2025-09-29T14:34:59.396+0000] {logging_mixin.py:190} INFO - [2025-09-29T14:34:59.395+0000] {dagbag.py:588} INFO - Filling up the DagBag from /home/airflow/.local/lib/python3.12/site-packages/airflow/example_dags/example_nested_branch_dag.py
[2025-09-29T14:34:59.402+0000] {processor.py:925} INFO - DAG(s) 'example_nested_branch_dag' retrieved from /home/airflow/.local/lib/python3.12/site-packages/airflow/example_dags/example_nested_branch_dag.py
[2025-09-29T14:34:59.416+0000] {logging_mixin.py:190} INFO - [2025-09-29T14:34:59.416+0000] {dag.py:3239} INFO - Sync 1 DAGs
[2025-09-29T14:34:59.428+0000] {logging_mixin.py:190} INFO - [2025-09-29T14:34:59.428+0000] {dag.py:4180} INFO - Setting next_dagrun for example_nested_branch_dag to 2025-09-28 00:00:00+00:00, run_after=2025-09-29 00:00:00+00:00
[2025-09-29T14:34:59.443+0000] {processor.py:208} INFO - Processing /home/airflow/.local/lib/python3.12/site-packages/airflow/example_dags/example_nested_branch_dag.py took 0.053 seconds
[2025-09-29T14:35:29.862+0000] {processor.py:186} INFO - Started process (PID=192) to work on /home/airflow/.local/lib/python3.12/site-packages/airflow/example_dags/example_nested_branch_dag.py
[2025-09-29T14:35:29.863+0000] {processor.py:914} INFO - Processing file /home/airflow/.local/lib/python3.12/site-packages/airflow/example_dags/example_nested_branch_dag.py for tasks to queue
[2025-09-29T14:35:29.864+0000] {logging_mixin.py:190} INFO - [2025-09-29T14:35:29.864+0000] {dagbag.py:588} INFO - Filling up the DagBag from /home/airflow/.local/lib/python3.12/site-packages/airflow/example_dags/example_nested_branch_dag.py
[2025-09-29T14:35:29.870+0000] {processor.py:925} INFO - DAG(s) 'example_nested_branch_dag' retrieved from /home/airflow/.local/lib/python3.12/site-packages/airflow/example_dags/example_nested_branch_dag.py
[2025-09-29T14:35:29.883+0000] {logging_mixin.py:190} INFO - [2025-09-29T14:35:29.883+0000] {dag.py:3239} INFO - Sync 1 DAGs
[2025-09-29T14:35:29.896+0000] {logging_mixin.py:190} INFO - [2025-09-29T14:35:29.896+0000] {dag.py:4180} INFO - Setting next_dagrun for example_nested_branch_dag to 2025-09-28 00:00:00+00:00, run_after=2025-09-29 00:00:00+00:00
[2025-09-29T14:35:29.913+0000] {processor.py:208} INFO - Processing /home/airflow/.local/lib/python3.12/site-packages/airflow/example_dags/example_nested_branch_dag.py took 0.054 seconds
[2025-09-29T14:36:00.082+0000] {processor.py:186} INFO - Started process (PID=256) to work on /home/airflow/.local/lib/python3.12/site-packages/airflow/example_dags/example_nested_branch_dag.py
[2025-09-29T14:36:00.083+0000] {processor.py:914} INFO - Processing file /home/airflow/.local/lib/python3.12/site-packages/airflow/example_dags/example_nested_branch_dag.py for tasks to queue
[2025-09-29T14:36:00.084+0000] {logging_mixin.py:190} INFO - [2025-09-29T14:36:00.084+0000] {dagbag.py:588} INFO - Filling up the DagBag from /home/airflow/.local/lib/python3.12/site-packages/airflow/example_dags/example_nested_branch_dag.py
[2025-09-29T14:36:00.090+0000] {processor.py:925} INFO - DAG(s) 'example_nested_branch_dag' retrieved from /home/airflow/.local/lib/python3.12/site-packages/airflow/example_dags/example_nested_branch_dag.py
[2025-09-29T14:36:00.104+0000] {logging_mixin.py:190} INFO - [2025-09-29T14:36:00.104+0000] {dag.py:3239} INFO - Sync 1 DAGs
[2025-09-29T14:36:00.118+0000] {logging_mixin.py:190} INFO - [2025-09-29T14:36:00.118+0000] {dag.py:4180} INFO - Setting next_dagrun for example_nested_branch_dag to 2025-09-28 00:00:00+00:00, run_after=2025-09-29 00:00:00+00:00
[2025-09-29T14:36:00.132+0000] {processor.py:208} INFO - Processing /home/airflow/.local/lib/python3.12/site-packages/airflow/example_dags/example_nested_branch_dag.py took 0.053 seconds
[2025-09-29T14:36:30.233+0000] {processor.py:186} INFO - Started process (PID=320) to work on /home/airflow/.local/lib/python3.12/site-packages/airflow/example_dags/example_nested_branch_dag.py
[2025-09-29T14:36:30.234+0000] {processor.py:914} INFO - Processing file /home/airflow/.local/lib/python3.12/site-packages/airflow/example_dags/example_nested_branch_dag.py for tasks to queue
[2025-09-29T14:36:30.237+0000] {logging_mixin.py:190} INFO - [2025-09-29T14:36:30.236+0000] {dagbag.py:588} INFO - Filling up the DagBag from /home/airflow/.local/lib/python3.12/site-packages/airflow/example_dags/example_nested_branch_dag.py
[2025-09-29T14:36:30.243+0000] {processor.py:925} INFO - DAG(s) 'example_nested_branch_dag' retrieved from /home/airflow/.local/lib/python3.12/site-packages/airflow/example_dags/example_nested_branch_dag.py
[2025-09-29T14:36:30.254+0000] {logging_mixin.py:190} INFO - [2025-09-29T14:36:30.254+0000] {dag.py:3239} INFO - Sync 1 DAGs
[2025-09-29T14:36:30.267+0000] {logging_mixin.py:190} INFO - [2025-09-29T14:36:30.267+0000] {dag.py:4180} INFO - Setting next_dagrun for example_nested_branch_dag to 2025-09-28 00:00:00+00:00, run_after=2025-09-29 00:00:00+00:00
[2025-09-29T14:36:30.279+0000] {processor.py:208} INFO - Processing /home/airflow/.local/lib/python3.12/site-packages/airflow/example_dags/example_nested_branch_dag.py took 0.049 seconds
[2025-09-29T14:37:00.454+0000] {processor.py:186} INFO - Started process (PID=384) to work on /home/airflow/.local/lib/python3.12/site-packages/airflow/example_dags/example_nested_branch_dag.py
[2025-09-29T14:37:00.455+0000] {processor.py:914} INFO - Processing file /home/airflow/.local/lib/python3.12/site-packages/airflow/example_dags/example_nested_branch_dag.py for tasks to queue
[2025-09-29T14:37:00.457+0000] {logging_mixin.py:190} INFO - [2025-09-29T14:37:00.456+0000] {dagbag.py:588} INFO - Filling up the DagBag from /home/airflow/.local/lib/python3.12/site-packages/airflow/example_dags/example_nested_branch_dag.py
[2025-09-29T14:37:00.463+0000] {processor.py:925} INFO - DAG(s) 'example_nested_branch_dag' retrieved from /home/airflow/.local/lib/python3.12/site-packages/airflow/example_dags/example_nested_branch_dag.py
[2025-09-29T14:37:00.474+0000] {logging_mixin.py:190} INFO - [2025-09-29T14:37:00.474+0000] {dag.py:3239} INFO - Sync 1 DAGs
[2025-09-29T14:37:00.487+0000] {logging_mixin.py:190} INFO - [2025-09-29T14:37:00.487+0000] {dag.py:4180} INFO - Setting next_dagrun for example_nested_branch_dag to 2025-09-28 00:00:00+00:00, run_after=2025-09-29 00:00:00+00:00
[2025-09-29T14:37:00.498+0000] {processor.py:208} INFO - Processing /home/airflow/.local/lib/python3.12/site-packages/airflow/example_dags/example_nested_branch_dag.py took 0.047 seconds
[2025-09-29T14:37:30.729+0000] {processor.py:186} INFO - Started process (PID=447) to work on /home/airflow/.local/lib/python3.12/site-packages/airflow/example_dags/example_nested_branch_dag.py
[2025-09-29T14:37:30.730+0000] {processor.py:914} INFO - Processing file /home/airflow/.local/lib/python3.12/site-packages/airflow/example_dags/example_nested_branch_dag.py for tasks to queue
[2025-09-29T14:37:30.731+0000] {logging_mixin.py:190} INFO - [2025-09-29T14:37:30.731+0000] {dagbag.py:588} INFO - Filling up the DagBag from /home/airflow/.local/lib/python3.12/site-packages/airflow/example_dags/example_nested_branch_dag.py
[2025-09-29T14:37:30.740+0000] {processor.py:925} INFO - DAG(s) 'example_nested_branch_dag' retrieved from /home/airflow/.local/lib/python3.12/site-packages/airflow/example_dags/example_nested_branch_dag.py
[2025-09-29T14:37:30.754+0000] {logging_mixin.py:190} INFO - [2025-09-29T14:37:30.754+0000] {dag.py:3239} INFO - Sync 1 DAGs
[2025-09-29T14:37:30.771+0000] {logging_mixin.py:190} INFO - [2025-09-29T14:37:30.771+0000] {dag.py:4180} INFO - Setting next_dagrun for example_nested_branch_dag to 2025-09-28 00:00:00+00:00, run_after=2025-09-29 00:00:00+00:00
[2025-09-29T14:37:30.784+0000] {processor.py:208} INFO - Processing /home/airflow/.local/lib/python3.12/site-packages/airflow/example_dags/example_nested_branch_dag.py took 0.058 seconds
[2025-09-29T14:38:01.189+0000] {processor.py:186} INFO - Started process (PID=517) to work on /home/airflow/.local/lib/python3.12/site-packages/airflow/example_dags/example_nested_branch_dag.py
[2025-09-29T14:38:01.190+0000] {processor.py:914} INFO - Processing file /home/airflow/.local/lib/python3.12/site-packages/airflow/example_dags/example_nested_branch_dag.py for tasks to queue
[2025-09-29T14:38:01.191+0000] {logging_mixin.py:190} INFO - [2025-09-29T14:38:01.191+0000] {dagbag.py:588} INFO - Filling up the DagBag from /home/airflow/.local/lib/python3.12/site-packages/airflow/example_dags/example_nested_branch_dag.py
[2025-09-29T14:38:01.197+0000] {processor.py:925} INFO - DAG(s) 'example_nested_branch_dag' retrieved from /home/airflow/.local/lib/python3.12/site-packages/airflow/example_dags/example_nested_branch_dag.py
[2025-09-29T14:38:01.216+0000] {logging_mixin.py:190} INFO - [2025-09-29T14:38:01.216+0000] {dag.py:3239} INFO - Sync 1 DAGs
[2025-09-29T14:38:01.232+0000] {logging_mixin.py:190} INFO - [2025-09-29T14:38:01.232+0000] {dag.py:4180} INFO - Setting next_dagrun for example_nested_branch_dag to 2025-09-28 00:00:00+00:00, run_after=2025-09-29 00:00:00+00:00
[2025-09-29T14:38:01.244+0000] {processor.py:208} INFO - Processing /home/airflow/.local/lib/python3.12/site-packages/airflow/example_dags/example_nested_branch_dag.py took 0.058 seconds
[2025-09-29T14:38:31.581+0000] {processor.py:186} INFO - Started process (PID=589) to work on /home/airflow/.local/lib/python3.12/site-packages/airflow/example_dags/example_nested_branch_dag.py
[2025-09-29T14:38:31.582+0000] {processor.py:914} INFO - Processing file /home/airflow/.local/lib/python3.12/site-packages/airflow/example_dags/example_nested_branch_dag.py for tasks to queue
[2025-09-29T14:38:31.583+0000] {logging_mixin.py:190} INFO - [2025-09-29T14:38:31.583+0000] {dagbag.py:588} INFO - Filling up the DagBag from /home/airflow/.local/lib/python3.12/site-packages/airflow/example_dags/example_nested_branch_dag.py
[2025-09-29T14:38:31.589+0000] {processor.py:925} INFO - DAG(s) 'example_nested_branch_dag' retrieved from /home/airflow/.local/lib/python3.12/site-packages/airflow/example_dags/example_nested_branch_dag.py
[2025-09-29T14:38:31.605+0000] {logging_mixin.py:190} INFO - [2025-09-29T14:38:31.604+0000] {dag.py:3239} INFO - Sync 1 DAGs
[2025-09-29T14:38:31.617+0000] {logging_mixin.py:190} INFO - [2025-09-29T14:38:31.617+0000] {dag.py:4180} INFO - Setting next_dagrun for example_nested_branch_dag to 2025-09-28 00:00:00+00:00, run_after=2025-09-29 00:00:00+00:00
[2025-09-29T14:38:31.634+0000] {processor.py:208} INFO - Processing /home/airflow/.local/lib/python3.12/site-packages/airflow/example_dags/example_nested_branch_dag.py took 0.056 seconds
[2025-09-29T14:39:02.001+0000] {processor.py:186} INFO - Started process (PID=652) to work on /home/airflow/.local/lib/python3.12/site-packages/airflow/example_dags/example_nested_branch_dag.py
[2025-09-29T14:39:02.004+0000] {processor.py:914} INFO - Processing file /home/airflow/.local/lib/python3.12/site-packages/airflow/example_dags/example_nested_branch_dag.py for tasks to queue
[2025-09-29T14:39:02.005+0000] {logging_mixin.py:190} INFO - [2025-09-29T14:39:02.005+0000] {dagbag.py:588} INFO - Filling up the DagBag from /home/airflow/.local/lib/python3.12/site-packages/airflow/example_dags/example_nested_branch_dag.py
[2025-09-29T14:39:02.012+0000] {processor.py:925} INFO - DAG(s) 'example_nested_branch_dag' retrieved from /home/airflow/.local/lib/python3.12/site-packages/airflow/example_dags/example_nested_branch_dag.py
[2025-09-29T14:39:02.025+0000] {logging_mixin.py:190} INFO - [2025-09-29T14:39:02.025+0000] {dag.py:3239} INFO - Sync 1 DAGs
[2025-09-29T14:39:02.040+0000] {logging_mixin.py:190} INFO - [2025-09-29T14:39:02.040+0000] {dag.py:4180} INFO - Setting next_dagrun for example_nested_branch_dag to 2025-09-28 00:00:00+00:00, run_after=2025-09-29 00:00:00+00:00
[2025-09-29T14:39:02.049+0000] {processor.py:208} INFO - Processing /home/airflow/.local/lib/python3.12/site-packages/airflow/example_dags/example_nested_branch_dag.py took 0.052 seconds
[2025-09-29T14:39:32.552+0000] {processor.py:186} INFO - Started process (PID=715) to work on /home/airflow/.local/lib/python3.12/site-packages/airflow/example_dags/example_nested_branch_dag.py
[2025-09-29T14:39:32.553+0000] {processor.py:914} INFO - Processing file /home/airflow/.local/lib/python3.12/site-packages/airflow/example_dags/example_nested_branch_dag.py for tasks to queue
[2025-09-29T14:39:32.554+0000] {logging_mixin.py:190} INFO - [2025-09-29T14:39:32.554+0000] {dagbag.py:588} INFO - Filling up the DagBag from /home/airflow/.local/lib/python3.12/site-packages/airflow/example_dags/example_nested_branch_dag.py
[2025-09-29T14:39:32.562+0000] {processor.py:925} INFO - DAG(s) 'example_nested_branch_dag' retrieved from /home/airflow/.local/lib/python3.12/site-packages/airflow/example_dags/example_nested_branch_dag.py
[2025-09-29T14:39:32.575+0000] {logging_mixin.py:190} INFO - [2025-09-29T14:39:32.575+0000] {dag.py:3239} INFO - Sync 1 DAGs
[2025-09-29T14:39:32.590+0000] {logging_mixin.py:190} INFO - [2025-09-29T14:39:32.590+0000] {dag.py:4180} INFO - Setting next_dagrun for example_nested_branch_dag to 2025-09-28 00:00:00+00:00, run_after=2025-09-29 00:00:00+00:00
[2025-09-29T14:39:32.606+0000] {processor.py:208} INFO - Processing /home/airflow/.local/lib/python3.12/site-packages/airflow/example_dags/example_nested_branch_dag.py took 0.058 seconds
[2025-09-29T14:40:03.012+0000] {processor.py:186} INFO - Started process (PID=779) to work on /home/airflow/.local/lib/python3.12/site-packages/airflow/example_dags/example_nested_branch_dag.py
[2025-09-29T14:40:03.012+0000] {processor.py:914} INFO - Processing file /home/airflow/.local/lib/python3.12/site-packages/airflow/example_dags/example_nested_branch_dag.py for tasks to queue
[2025-09-29T14:40:03.014+0000] {logging_mixin.py:190} INFO - [2025-09-29T14:40:03.014+0000] {dagbag.py:588} INFO - Filling up the DagBag from /home/airflow/.local/lib/python3.12/site-packages/airflow/example_dags/example_nested_branch_dag.py
[2025-09-29T14:40:03.019+0000] {processor.py:925} INFO - DAG(s) 'example_nested_branch_dag' retrieved from /home/airflow/.local/lib/python3.12/site-packages/airflow/example_dags/example_nested_branch_dag.py
[2025-09-29T14:40:03.032+0000] {logging_mixin.py:190} INFO - [2025-09-29T14:40:03.031+0000] {dag.py:3239} INFO - Sync 1 DAGs
[2025-09-29T14:40:03.047+0000] {logging_mixin.py:190} INFO - [2025-09-29T14:40:03.047+0000] {dag.py:4180} INFO - Setting next_dagrun for example_nested_branch_dag to 2025-09-28 00:00:00+00:00, run_after=2025-09-29 00:00:00+00:00
[2025-09-29T14:40:03.060+0000] {processor.py:208} INFO - Processing /home/airflow/.local/lib/python3.12/site-packages/airflow/example_dags/example_nested_branch_dag.py took 0.051 seconds
[2025-09-29T14:40:33.396+0000] {processor.py:186} INFO - Started process (PID=842) to work on /home/airflow/.local/lib/python3.12/site-packages/airflow/example_dags/example_nested_branch_dag.py
[2025-09-29T14:40:33.398+0000] {processor.py:914} INFO - Processing file /home/airflow/.local/lib/python3.12/site-packages/airflow/example_dags/example_nested_branch_dag.py for tasks to queue
[2025-09-29T14:40:33.400+0000] {logging_mixin.py:190} INFO - [2025-09-29T14:40:33.400+0000] {dagbag.py:588} INFO - Filling up the DagBag from /home/airflow/.local/lib/python3.12/site-packages/airflow/example_dags/example_nested_branch_dag.py
[2025-09-29T14:40:33.407+0000] {processor.py:925} INFO - DAG(s) 'example_nested_branch_dag' retrieved from /home/airflow/.local/lib/python3.12/site-packages/airflow/example_dags/example_nested_branch_dag.py
[2025-09-29T14:40:33.424+0000] {logging_mixin.py:190} INFO - [2025-09-29T14:40:33.424+0000] {dag.py:3239} INFO - Sync 1 DAGs
[2025-09-29T14:40:33.437+0000] {logging_mixin.py:190} INFO - [2025-09-29T14:40:33.437+0000] {dag.py:4180} INFO - Setting next_dagrun for example_nested_branch_dag to 2025-09-28 00:00:00+00:00, run_after=2025-09-29 00:00:00+00:00
[2025-09-29T14:40:33.453+0000] {processor.py:208} INFO - Processing /home/airflow/.local/lib/python3.12/site-packages/airflow/example_dags/example_nested_branch_dag.py took 0.060 seconds
[2025-09-29T14:41:03.809+0000] {processor.py:186} INFO - Started process (PID=908) to work on /home/airflow/.local/lib/python3.12/site-packages/airflow/example_dags/example_nested_branch_dag.py
[2025-09-29T14:41:03.809+0000] {processor.py:914} INFO - Processing file /home/airflow/.local/lib/python3.12/site-packages/airflow/example_dags/example_nested_branch_dag.py for tasks to queue
[2025-09-29T14:41:03.811+0000] {logging_mixin.py:190} INFO - [2025-09-29T14:41:03.811+0000] {dagbag.py:588} INFO - Filling up the DagBag from /home/airflow/.local/lib/python3.12/site-packages/airflow/example_dags/example_nested_branch_dag.py
[2025-09-29T14:41:03.816+0000] {processor.py:925} INFO - DAG(s) 'example_nested_branch_dag' retrieved from /home/airflow/.local/lib/python3.12/site-packages/airflow/example_dags/example_nested_branch_dag.py
[2025-09-29T14:41:03.827+0000] {logging_mixin.py:190} INFO - [2025-09-29T14:41:03.827+0000] {dag.py:3239} INFO - Sync 1 DAGs
[2025-09-29T14:41:03.839+0000] {logging_mixin.py:190} INFO - [2025-09-29T14:41:03.839+0000] {dag.py:4180} INFO - Setting next_dagrun for example_nested_branch_dag to 2025-09-28 00:00:00+00:00, run_after=2025-09-29 00:00:00+00:00
[2025-09-29T14:41:03.853+0000] {processor.py:208} INFO - Processing /home/airflow/.local/lib/python3.12/site-packages/airflow/example_dags/example_nested_branch_dag.py took 0.047 seconds
[2025-09-29T14:41:34.080+0000] {processor.py:186} INFO - Started process (PID=972) to work on /home/airflow/.local/lib/python3.12/site-packages/airflow/example_dags/example_nested_branch_dag.py
[2025-09-29T14:41:34.081+0000] {processor.py:914} INFO - Processing file /home/airflow/.local/lib/python3.12/site-packages/airflow/example_dags/example_nested_branch_dag.py for tasks to queue
[2025-09-29T14:41:34.082+0000] {logging_mixin.py:190} INFO - [2025-09-29T14:41:34.082+0000] {dagbag.py:588} INFO - Filling up the DagBag from /home/airflow/.local/lib/python3.12/site-packages/airflow/example_dags/example_nested_branch_dag.py
[2025-09-29T14:41:34.088+0000] {processor.py:925} INFO - DAG(s) 'example_nested_branch_dag' retrieved from /home/airflow/.local/lib/python3.12/site-packages/airflow/example_dags/example_nested_branch_dag.py
[2025-09-29T14:41:34.100+0000] {logging_mixin.py:190} INFO - [2025-09-29T14:41:34.099+0000] {dag.py:3239} INFO - Sync 1 DAGs
[2025-09-29T14:41:34.113+0000] {logging_mixin.py:190} INFO - [2025-09-29T14:41:34.113+0000] {dag.py:4180} INFO - Setting next_dagrun for example_nested_branch_dag to 2025-09-28 00:00:00+00:00, run_after=2025-09-29 00:00:00+00:00
[2025-09-29T14:41:34.125+0000] {processor.py:208} INFO - Processing /home/airflow/.local/lib/python3.12/site-packages/airflow/example_dags/example_nested_branch_dag.py took 0.049 seconds
[2025-09-29T14:42:04.601+0000] {processor.py:186} INFO - Started process (PID=1037) to work on /home/airflow/.local/lib/python3.12/site-packages/airflow/example_dags/example_nested_branch_dag.py
[2025-09-29T14:42:04.602+0000] {processor.py:914} INFO - Processing file /home/airflow/.local/lib/python3.12/site-packages/airflow/example_dags/example_nested_branch_dag.py for tasks to queue
[2025-09-29T14:42:04.604+0000] {logging_mixin.py:190} INFO - [2025-09-29T14:42:04.604+0000] {dagbag.py:588} INFO - Filling up the DagBag from /home/airflow/.local/lib/python3.12/site-packages/airflow/example_dags/example_nested_branch_dag.py
[2025-09-29T14:42:04.611+0000] {processor.py:925} INFO - DAG(s) 'example_nested_branch_dag' retrieved from /home/airflow/.local/lib/python3.12/site-packages/airflow/example_dags/example_nested_branch_dag.py
[2025-09-29T14:42:04.624+0000] {logging_mixin.py:190} INFO - [2025-09-29T14:42:04.624+0000] {dag.py:3239} INFO - Sync 1 DAGs
[2025-09-29T14:42:04.638+0000] {logging_mixin.py:190} INFO - [2025-09-29T14:42:04.638+0000] {dag.py:4180} INFO - Setting next_dagrun for example_nested_branch_dag to 2025-09-28 00:00:00+00:00, run_after=2025-09-29 00:00:00+00:00
[2025-09-29T14:42:04.652+0000] {processor.py:208} INFO - Processing /home/airflow/.local/lib/python3.12/site-packages/airflow/example_dags/example_nested_branch_dag.py took 0.054 seconds
[2025-09-29T14:42:34.981+0000] {processor.py:186} INFO - Started process (PID=1101) to work on /home/airflow/.local/lib/python3.12/site-packages/airflow/example_dags/example_nested_branch_dag.py
[2025-09-29T14:42:34.983+0000] {processor.py:914} INFO - Processing file /home/airflow/.local/lib/python3.12/site-packages/airflow/example_dags/example_nested_branch_dag.py for tasks to queue
[2025-09-29T14:42:34.984+0000] {logging_mixin.py:190} INFO - [2025-09-29T14:42:34.984+0000] {dagbag.py:588} INFO - Filling up the DagBag from /home/airflow/.local/lib/python3.12/site-packages/airflow/example_dags/example_nested_branch_dag.py
[2025-09-29T14:42:34.990+0000] {processor.py:925} INFO - DAG(s) 'example_nested_branch_dag' retrieved from /home/airflow/.local/lib/python3.12/site-packages/airflow/example_dags/example_nested_branch_dag.py
[2025-09-29T14:42:35.004+0000] {logging_mixin.py:190} INFO - [2025-09-29T14:42:35.004+0000] {dag.py:3239} INFO - Sync 1 DAGs
[2025-09-29T14:42:35.017+0000] {logging_mixin.py:190} INFO - [2025-09-29T14:42:35.017+0000] {dag.py:4180} INFO - Setting next_dagrun for example_nested_branch_dag to 2025-09-28 00:00:00+00:00, run_after=2025-09-29 00:00:00+00:00
[2025-09-29T14:42:35.029+0000] {processor.py:208} INFO - Processing /home/airflow/.local/lib/python3.12/site-packages/airflow/example_dags/example_nested_branch_dag.py took 0.051 seconds
[2025-09-29T14:43:05.290+0000] {processor.py:186} INFO - Started process (PID=1165) to work on /home/airflow/.local/lib/python3.12/site-packages/airflow/example_dags/example_nested_branch_dag.py
[2025-09-29T14:43:05.291+0000] {processor.py:914} INFO - Processing file /home/airflow/.local/lib/python3.12/site-packages/airflow/example_dags/example_nested_branch_dag.py for tasks to queue
[2025-09-29T14:43:05.292+0000] {logging_mixin.py:190} INFO - [2025-09-29T14:43:05.292+0000] {dagbag.py:588} INFO - Filling up the DagBag from /home/airflow/.local/lib/python3.12/site-packages/airflow/example_dags/example_nested_branch_dag.py
[2025-09-29T14:43:05.298+0000] {processor.py:925} INFO - DAG(s) 'example_nested_branch_dag' retrieved from /home/airflow/.local/lib/python3.12/site-packages/airflow/example_dags/example_nested_branch_dag.py
[2025-09-29T14:43:05.310+0000] {logging_mixin.py:190} INFO - [2025-09-29T14:43:05.310+0000] {dag.py:3239} INFO - Sync 1 DAGs
[2025-09-29T14:43:05.322+0000] {logging_mixin.py:190} INFO - [2025-09-29T14:43:05.322+0000] {dag.py:4180} INFO - Setting next_dagrun for example_nested_branch_dag to 2025-09-28 00:00:00+00:00, run_after=2025-09-29 00:00:00+00:00
[2025-09-29T14:43:05.334+0000] {processor.py:208} INFO - Processing /home/airflow/.local/lib/python3.12/site-packages/airflow/example_dags/example_nested_branch_dag.py took 0.046 seconds
[2025-09-29T14:43:35.548+0000] {processor.py:186} INFO - Started process (PID=1229) to work on /home/airflow/.local/lib/python3.12/site-packages/airflow/example_dags/example_nested_branch_dag.py
[2025-09-29T14:43:35.549+0000] {processor.py:914} INFO - Processing file /home/airflow/.local/lib/python3.12/site-packages/airflow/example_dags/example_nested_branch_dag.py for tasks to queue
[2025-09-29T14:43:35.550+0000] {logging_mixin.py:190} INFO - [2025-09-29T14:43:35.550+0000] {dagbag.py:588} INFO - Filling up the DagBag from /home/airflow/.local/lib/python3.12/site-packages/airflow/example_dags/example_nested_branch_dag.py
[2025-09-29T14:43:35.556+0000] {processor.py:925} INFO - DAG(s) 'example_nested_branch_dag' retrieved from /home/airflow/.local/lib/python3.12/site-packages/airflow/example_dags/example_nested_branch_dag.py
[2025-09-29T14:43:35.571+0000] {logging_mixin.py:190} INFO - [2025-09-29T14:43:35.571+0000] {dag.py:3239} INFO - Sync 1 DAGs
[2025-09-29T14:43:35.582+0000] {logging_mixin.py:190} INFO - [2025-09-29T14:43:35.582+0000] {dag.py:4180} INFO - Setting next_dagrun for example_nested_branch_dag to 2025-09-28 00:00:00+00:00, run_after=2025-09-29 00:00:00+00:00
[2025-09-29T14:43:35.595+0000] {processor.py:208} INFO - Processing /home/airflow/.local/lib/python3.12/site-packages/airflow/example_dags/example_nested_branch_dag.py took 0.050 seconds
[2025-09-29T14:44:06.216+0000] {processor.py:186} INFO - Started process (PID=1293) to work on /home/airflow/.local/lib/python3.12/site-packages/airflow/example_dags/example_nested_branch_dag.py
[2025-09-29T14:44:06.220+0000] {processor.py:914} INFO - Processing file /home/airflow/.local/lib/python3.12/site-packages/airflow/example_dags/example_nested_branch_dag.py for tasks to queue
[2025-09-29T14:44:06.221+0000] {logging_mixin.py:190} INFO - [2025-09-29T14:44:06.221+0000] {dagbag.py:588} INFO - Filling up the DagBag from /home/airflow/.local/lib/python3.12/site-packages/airflow/example_dags/example_nested_branch_dag.py
[2025-09-29T14:44:06.229+0000] {processor.py:925} INFO - DAG(s) 'example_nested_branch_dag' retrieved from /home/airflow/.local/lib/python3.12/site-packages/airflow/example_dags/example_nested_branch_dag.py
[2025-09-29T14:44:06.246+0000] {logging_mixin.py:190} INFO - [2025-09-29T14:44:06.246+0000] {dag.py:3239} INFO - Sync 1 DAGs
[2025-09-29T14:44:06.262+0000] {logging_mixin.py:190} INFO - [2025-09-29T14:44:06.262+0000] {dag.py:4180} INFO - Setting next_dagrun for example_nested_branch_dag to 2025-09-28 00:00:00+00:00, run_after=2025-09-29 00:00:00+00:00
[2025-09-29T14:44:06.273+0000] {processor.py:208} INFO - Processing /home/airflow/.local/lib/python3.12/site-packages/airflow/example_dags/example_nested_branch_dag.py took 0.060 seconds
[2025-09-29T14:44:36.687+0000] {processor.py:186} INFO - Started process (PID=1356) to work on /home/airflow/.local/lib/python3.12/site-packages/airflow/example_dags/example_nested_branch_dag.py
[2025-09-29T14:44:36.688+0000] {processor.py:914} INFO - Processing file /home/airflow/.local/lib/python3.12/site-packages/airflow/example_dags/example_nested_branch_dag.py for tasks to queue
[2025-09-29T14:44:36.689+0000] {logging_mixin.py:190} INFO - [2025-09-29T14:44:36.689+0000] {dagbag.py:588} INFO - Filling up the DagBag from /home/airflow/.local/lib/python3.12/site-packages/airflow/example_dags/example_nested_branch_dag.py
[2025-09-29T14:44:36.696+0000] {processor.py:925} INFO - DAG(s) 'example_nested_branch_dag' retrieved from /home/airflow/.local/lib/python3.12/site-packages/airflow/example_dags/example_nested_branch_dag.py
[2025-09-29T14:44:36.714+0000] {logging_mixin.py:190} INFO - [2025-09-29T14:44:36.714+0000] {dag.py:3239} INFO - Sync 1 DAGs
[2025-09-29T14:44:36.726+0000] {logging_mixin.py:190} INFO - [2025-09-29T14:44:36.726+0000] {dag.py:4180} INFO - Setting next_dagrun for example_nested_branch_dag to 2025-09-28 00:00:00+00:00, run_after=2025-09-29 00:00:00+00:00
[2025-09-29T14:44:36.736+0000] {processor.py:208} INFO - Processing /home/airflow/.local/lib/python3.12/site-packages/airflow/example_dags/example_nested_branch_dag.py took 0.052 seconds
[2025-09-29T14:45:07.112+0000] {processor.py:186} INFO - Started process (PID=1420) to work on /home/airflow/.local/lib/python3.12/site-packages/airflow/example_dags/example_nested_branch_dag.py
[2025-09-29T14:45:07.113+0000] {processor.py:914} INFO - Processing file /home/airflow/.local/lib/python3.12/site-packages/airflow/example_dags/example_nested_branch_dag.py for tasks to queue
[2025-09-29T14:45:07.114+0000] {logging_mixin.py:190} INFO - [2025-09-29T14:45:07.114+0000] {dagbag.py:588} INFO - Filling up the DagBag from /home/airflow/.local/lib/python3.12/site-packages/airflow/example_dags/example_nested_branch_dag.py
[2025-09-29T14:45:07.121+0000] {processor.py:925} INFO - DAG(s) 'example_nested_branch_dag' retrieved from /home/airflow/.local/lib/python3.12/site-packages/airflow/example_dags/example_nested_branch_dag.py
[2025-09-29T14:45:07.137+0000] {logging_mixin.py:190} INFO - [2025-09-29T14:45:07.137+0000] {dag.py:3239} INFO - Sync 1 DAGs
[2025-09-29T14:45:07.150+0000] {logging_mixin.py:190} INFO - [2025-09-29T14:45:07.150+0000] {dag.py:4180} INFO - Setting next_dagrun for example_nested_branch_dag to 2025-09-28 00:00:00+00:00, run_after=2025-09-29 00:00:00+00:00
[2025-09-29T14:45:07.164+0000] {processor.py:208} INFO - Processing /home/airflow/.local/lib/python3.12/site-packages/airflow/example_dags/example_nested_branch_dag.py took 0.055 seconds
[2025-09-29T14:45:37.567+0000] {processor.py:186} INFO - Started process (PID=1484) to work on /home/airflow/.local/lib/python3.12/site-packages/airflow/example_dags/example_nested_branch_dag.py
[2025-09-29T14:45:37.568+0000] {processor.py:914} INFO - Processing file /home/airflow/.local/lib/python3.12/site-packages/airflow/example_dags/example_nested_branch_dag.py for tasks to queue
[2025-09-29T14:45:37.569+0000] {logging_mixin.py:190} INFO - [2025-09-29T14:45:37.569+0000] {dagbag.py:588} INFO - Filling up the DagBag from /home/airflow/.local/lib/python3.12/site-packages/airflow/example_dags/example_nested_branch_dag.py
[2025-09-29T14:45:37.575+0000] {processor.py:925} INFO - DAG(s) 'example_nested_branch_dag' retrieved from /home/airflow/.local/lib/python3.12/site-packages/airflow/example_dags/example_nested_branch_dag.py
[2025-09-29T14:45:37.593+0000] {logging_mixin.py:190} INFO - [2025-09-29T14:45:37.593+0000] {dag.py:3239} INFO - Sync 1 DAGs
[2025-09-29T14:45:37.608+0000] {logging_mixin.py:190} INFO - [2025-09-29T14:45:37.608+0000] {dag.py:4180} INFO - Setting next_dagrun for example_nested_branch_dag to 2025-09-28 00:00:00+00:00, run_after=2025-09-29 00:00:00+00:00
[2025-09-29T14:45:37.625+0000] {processor.py:208} INFO - Processing /home/airflow/.local/lib/python3.12/site-packages/airflow/example_dags/example_nested_branch_dag.py took 0.062 seconds
[2025-09-29T14:46:08.095+0000] {processor.py:186} INFO - Started process (PID=1548) to work on /home/airflow/.local/lib/python3.12/site-packages/airflow/example_dags/example_nested_branch_dag.py
[2025-09-29T14:46:08.096+0000] {processor.py:914} INFO - Processing file /home/airflow/.local/lib/python3.12/site-packages/airflow/example_dags/example_nested_branch_dag.py for tasks to queue
[2025-09-29T14:46:08.098+0000] {logging_mixin.py:190} INFO - [2025-09-29T14:46:08.098+0000] {dagbag.py:588} INFO - Filling up the DagBag from /home/airflow/.local/lib/python3.12/site-packages/airflow/example_dags/example_nested_branch_dag.py
[2025-09-29T14:46:08.104+0000] {processor.py:925} INFO - DAG(s) 'example_nested_branch_dag' retrieved from /home/airflow/.local/lib/python3.12/site-packages/airflow/example_dags/example_nested_branch_dag.py
[2025-09-29T14:46:08.122+0000] {logging_mixin.py:190} INFO - [2025-09-29T14:46:08.122+0000] {dag.py:3239} INFO - Sync 1 DAGs
[2025-09-29T14:46:08.139+0000] {logging_mixin.py:190} INFO - [2025-09-29T14:46:08.138+0000] {dag.py:4180} INFO - Setting next_dagrun for example_nested_branch_dag to 2025-09-28 00:00:00+00:00, run_after=2025-09-29 00:00:00+00:00
[2025-09-29T14:46:08.149+0000] {processor.py:208} INFO - Processing /home/airflow/.local/lib/python3.12/site-packages/airflow/example_dags/example_nested_branch_dag.py took 0.058 seconds
[2025-09-29T14:46:38.720+0000] {processor.py:186} INFO - Started process (PID=1612) to work on /home/airflow/.local/lib/python3.12/site-packages/airflow/example_dags/example_nested_branch_dag.py
[2025-09-29T14:46:38.721+0000] {processor.py:914} INFO - Processing file /home/airflow/.local/lib/python3.12/site-packages/airflow/example_dags/example_nested_branch_dag.py for tasks to queue
[2025-09-29T14:46:38.722+0000] {logging_mixin.py:190} INFO - [2025-09-29T14:46:38.722+0000] {dagbag.py:588} INFO - Filling up the DagBag from /home/airflow/.local/lib/python3.12/site-packages/airflow/example_dags/example_nested_branch_dag.py
[2025-09-29T14:46:38.729+0000] {processor.py:925} INFO - DAG(s) 'example_nested_branch_dag' retrieved from /home/airflow/.local/lib/python3.12/site-packages/airflow/example_dags/example_nested_branch_dag.py
[2025-09-29T14:46:38.745+0000] {logging_mixin.py:190} INFO - [2025-09-29T14:46:38.745+0000] {dag.py:3239} INFO - Sync 1 DAGs
[2025-09-29T14:46:38.759+0000] {logging_mixin.py:190} INFO - [2025-09-29T14:46:38.759+0000] {dag.py:4180} INFO - Setting next_dagrun for example_nested_branch_dag to 2025-09-28 00:00:00+00:00, run_after=2025-09-29 00:00:00+00:00
[2025-09-29T14:46:38.771+0000] {processor.py:208} INFO - Processing /home/airflow/.local/lib/python3.12/site-packages/airflow/example_dags/example_nested_branch_dag.py took 0.054 seconds
[2025-09-29T14:47:09.005+0000] {processor.py:186} INFO - Started process (PID=1676) to work on /home/airflow/.local/lib/python3.12/site-packages/airflow/example_dags/example_nested_branch_dag.py
[2025-09-29T14:47:09.006+0000] {processor.py:914} INFO - Processing file /home/airflow/.local/lib/python3.12/site-packages/airflow/example_dags/example_nested_branch_dag.py for tasks to queue
[2025-09-29T14:47:09.007+0000] {logging_mixin.py:190} INFO - [2025-09-29T14:47:09.007+0000] {dagbag.py:588} INFO - Filling up the DagBag from /home/airflow/.local/lib/python3.12/site-packages/airflow/example_dags/example_nested_branch_dag.py
[2025-09-29T14:47:09.014+0000] {processor.py:925} INFO - DAG(s) 'example_nested_branch_dag' retrieved from /home/airflow/.local/lib/python3.12/site-packages/airflow/example_dags/example_nested_branch_dag.py
[2025-09-29T14:47:09.027+0000] {logging_mixin.py:190} INFO - [2025-09-29T14:47:09.027+0000] {dag.py:3239} INFO - Sync 1 DAGs
[2025-09-29T14:47:09.038+0000] {logging_mixin.py:190} INFO - [2025-09-29T14:47:09.038+0000] {dag.py:4180} INFO - Setting next_dagrun for example_nested_branch_dag to 2025-09-28 00:00:00+00:00, run_after=2025-09-29 00:00:00+00:00
[2025-09-29T14:47:09.053+0000] {processor.py:208} INFO - Processing /home/airflow/.local/lib/python3.12/site-packages/airflow/example_dags/example_nested_branch_dag.py took 0.051 seconds
[2025-09-29T14:47:39.515+0000] {processor.py:186} INFO - Started process (PID=1740) to work on /home/airflow/.local/lib/python3.12/site-packages/airflow/example_dags/example_nested_branch_dag.py
[2025-09-29T14:47:39.515+0000] {processor.py:914} INFO - Processing file /home/airflow/.local/lib/python3.12/site-packages/airflow/example_dags/example_nested_branch_dag.py for tasks to queue
[2025-09-29T14:47:39.517+0000] {logging_mixin.py:190} INFO - [2025-09-29T14:47:39.517+0000] {dagbag.py:588} INFO - Filling up the DagBag from /home/airflow/.local/lib/python3.12/site-packages/airflow/example_dags/example_nested_branch_dag.py
[2025-09-29T14:47:39.523+0000] {processor.py:925} INFO - DAG(s) 'example_nested_branch_dag' retrieved from /home/airflow/.local/lib/python3.12/site-packages/airflow/example_dags/example_nested_branch_dag.py
[2025-09-29T14:47:39.537+0000] {logging_mixin.py:190} INFO - [2025-09-29T14:47:39.537+0000] {dag.py:3239} INFO - Sync 1 DAGs
[2025-09-29T14:47:39.550+0000] {logging_mixin.py:190} INFO - [2025-09-29T14:47:39.550+0000] {dag.py:4180} INFO - Setting next_dagrun for example_nested_branch_dag to 2025-09-28 00:00:00+00:00, run_after=2025-09-29 00:00:00+00:00
[2025-09-29T14:47:39.559+0000] {processor.py:208} INFO - Processing /home/airflow/.local/lib/python3.12/site-packages/airflow/example_dags/example_nested_branch_dag.py took 0.047 seconds
[2025-09-29T14:48:09.841+0000] {processor.py:186} INFO - Started process (PID=1804) to work on /home/airflow/.local/lib/python3.12/site-packages/airflow/example_dags/example_nested_branch_dag.py
[2025-09-29T14:48:09.842+0000] {processor.py:914} INFO - Processing file /home/airflow/.local/lib/python3.12/site-packages/airflow/example_dags/example_nested_branch_dag.py for tasks to queue
[2025-09-29T14:48:09.843+0000] {logging_mixin.py:190} INFO - [2025-09-29T14:48:09.843+0000] {dagbag.py:588} INFO - Filling up the DagBag from /home/airflow/.local/lib/python3.12/site-packages/airflow/example_dags/example_nested_branch_dag.py
[2025-09-29T14:48:09.851+0000] {processor.py:925} INFO - DAG(s) 'example_nested_branch_dag' retrieved from /home/airflow/.local/lib/python3.12/site-packages/airflow/example_dags/example_nested_branch_dag.py
[2025-09-29T14:48:09.865+0000] {logging_mixin.py:190} INFO - [2025-09-29T14:48:09.865+0000] {dag.py:3239} INFO - Sync 1 DAGs
[2025-09-29T14:48:09.877+0000] {logging_mixin.py:190} INFO - [2025-09-29T14:48:09.877+0000] {dag.py:4180} INFO - Setting next_dagrun for example_nested_branch_dag to 2025-09-28 00:00:00+00:00, run_after=2025-09-29 00:00:00+00:00
[2025-09-29T14:48:09.892+0000] {processor.py:208} INFO - Processing /home/airflow/.local/lib/python3.12/site-packages/airflow/example_dags/example_nested_branch_dag.py took 0.055 seconds
[2025-09-29T14:48:40.263+0000] {processor.py:186} INFO - Started process (PID=1868) to work on /home/airflow/.local/lib/python3.12/site-packages/airflow/example_dags/example_nested_branch_dag.py
[2025-09-29T14:48:40.264+0000] {processor.py:914} INFO - Processing file /home/airflow/.local/lib/python3.12/site-packages/airflow/example_dags/example_nested_branch_dag.py for tasks to queue
[2025-09-29T14:48:40.265+0000] {logging_mixin.py:190} INFO - [2025-09-29T14:48:40.265+0000] {dagbag.py:588} INFO - Filling up the DagBag from /home/airflow/.local/lib/python3.12/site-packages/airflow/example_dags/example_nested_branch_dag.py
[2025-09-29T14:48:40.271+0000] {processor.py:925} INFO - DAG(s) 'example_nested_branch_dag' retrieved from /home/airflow/.local/lib/python3.12/site-packages/airflow/example_dags/example_nested_branch_dag.py
[2025-09-29T14:48:40.281+0000] {logging_mixin.py:190} INFO - [2025-09-29T14:48:40.281+0000] {dag.py:3239} INFO - Sync 1 DAGs
[2025-09-29T14:48:40.292+0000] {logging_mixin.py:190} INFO - [2025-09-29T14:48:40.292+0000] {dag.py:4180} INFO - Setting next_dagrun for example_nested_branch_dag to 2025-09-28 00:00:00+00:00, run_after=2025-09-29 00:00:00+00:00
[2025-09-29T14:48:40.302+0000] {processor.py:208} INFO - Processing /home/airflow/.local/lib/python3.12/site-packages/airflow/example_dags/example_nested_branch_dag.py took 0.041 seconds
[2025-09-29T14:49:10.375+0000] {processor.py:186} INFO - Started process (PID=1932) to work on /home/airflow/.local/lib/python3.12/site-packages/airflow/example_dags/example_nested_branch_dag.py
[2025-09-29T14:49:10.376+0000] {processor.py:914} INFO - Processing file /home/airflow/.local/lib/python3.12/site-packages/airflow/example_dags/example_nested_branch_dag.py for tasks to queue
[2025-09-29T14:49:10.377+0000] {logging_mixin.py:190} INFO - [2025-09-29T14:49:10.377+0000] {dagbag.py:588} INFO - Filling up the DagBag from /home/airflow/.local/lib/python3.12/site-packages/airflow/example_dags/example_nested_branch_dag.py
[2025-09-29T14:49:10.383+0000] {processor.py:925} INFO - DAG(s) 'example_nested_branch_dag' retrieved from /home/airflow/.local/lib/python3.12/site-packages/airflow/example_dags/example_nested_branch_dag.py
[2025-09-29T14:49:10.395+0000] {logging_mixin.py:190} INFO - [2025-09-29T14:49:10.395+0000] {dag.py:3239} INFO - Sync 1 DAGs
[2025-09-29T14:49:10.406+0000] {logging_mixin.py:190} INFO - [2025-09-29T14:49:10.406+0000] {dag.py:4180} INFO - Setting next_dagrun for example_nested_branch_dag to 2025-09-28 00:00:00+00:00, run_after=2025-09-29 00:00:00+00:00
[2025-09-29T14:49:10.415+0000] {processor.py:208} INFO - Processing /home/airflow/.local/lib/python3.12/site-packages/airflow/example_dags/example_nested_branch_dag.py took 0.043 seconds
[2025-09-29T14:49:40.897+0000] {processor.py:186} INFO - Started process (PID=1996) to work on /home/airflow/.local/lib/python3.12/site-packages/airflow/example_dags/example_nested_branch_dag.py
[2025-09-29T14:49:40.897+0000] {processor.py:914} INFO - Processing file /home/airflow/.local/lib/python3.12/site-packages/airflow/example_dags/example_nested_branch_dag.py for tasks to queue
[2025-09-29T14:49:40.899+0000] {logging_mixin.py:190} INFO - [2025-09-29T14:49:40.899+0000] {dagbag.py:588} INFO - Filling up the DagBag from /home/airflow/.local/lib/python3.12/site-packages/airflow/example_dags/example_nested_branch_dag.py
[2025-09-29T14:49:40.906+0000] {processor.py:925} INFO - DAG(s) 'example_nested_branch_dag' retrieved from /home/airflow/.local/lib/python3.12/site-packages/airflow/example_dags/example_nested_branch_dag.py
[2025-09-29T14:49:40.920+0000] {logging_mixin.py:190} INFO - [2025-09-29T14:49:40.919+0000] {dag.py:3239} INFO - Sync 1 DAGs
[2025-09-29T14:49:40.936+0000] {logging_mixin.py:190} INFO - [2025-09-29T14:49:40.936+0000] {dag.py:4180} INFO - Setting next_dagrun for example_nested_branch_dag to 2025-09-28 00:00:00+00:00, run_after=2025-09-29 00:00:00+00:00
[2025-09-29T14:49:40.948+0000] {processor.py:208} INFO - Processing /home/airflow/.local/lib/python3.12/site-packages/airflow/example_dags/example_nested_branch_dag.py took 0.054 seconds
[2025-09-29T14:50:11.261+0000] {processor.py:186} INFO - Started process (PID=2060) to work on /home/airflow/.local/lib/python3.12/site-packages/airflow/example_dags/example_nested_branch_dag.py
[2025-09-29T14:50:11.262+0000] {processor.py:914} INFO - Processing file /home/airflow/.local/lib/python3.12/site-packages/airflow/example_dags/example_nested_branch_dag.py for tasks to queue
[2025-09-29T14:50:11.263+0000] {logging_mixin.py:190} INFO - [2025-09-29T14:50:11.263+0000] {dagbag.py:588} INFO - Filling up the DagBag from /home/airflow/.local/lib/python3.12/site-packages/airflow/example_dags/example_nested_branch_dag.py
[2025-09-29T14:50:11.269+0000] {processor.py:925} INFO - DAG(s) 'example_nested_branch_dag' retrieved from /home/airflow/.local/lib/python3.12/site-packages/airflow/example_dags/example_nested_branch_dag.py
[2025-09-29T14:50:11.280+0000] {logging_mixin.py:190} INFO - [2025-09-29T14:50:11.280+0000] {dag.py:3239} INFO - Sync 1 DAGs
[2025-09-29T14:50:11.292+0000] {logging_mixin.py:190} INFO - [2025-09-29T14:50:11.292+0000] {dag.py:4180} INFO - Setting next_dagrun for example_nested_branch_dag to 2025-09-28 00:00:00+00:00, run_after=2025-09-29 00:00:00+00:00
[2025-09-29T14:50:11.301+0000] {processor.py:208} INFO - Processing /home/airflow/.local/lib/python3.12/site-packages/airflow/example_dags/example_nested_branch_dag.py took 0.043 seconds
[2025-09-29T14:50:41.512+0000] {processor.py:186} INFO - Started process (PID=2124) to work on /home/airflow/.local/lib/python3.12/site-packages/airflow/example_dags/example_nested_branch_dag.py
[2025-09-29T14:50:41.515+0000] {processor.py:914} INFO - Processing file /home/airflow/.local/lib/python3.12/site-packages/airflow/example_dags/example_nested_branch_dag.py for tasks to queue
[2025-09-29T14:50:41.517+0000] {logging_mixin.py:190} INFO - [2025-09-29T14:50:41.517+0000] {dagbag.py:588} INFO - Filling up the DagBag from /home/airflow/.local/lib/python3.12/site-packages/airflow/example_dags/example_nested_branch_dag.py
[2025-09-29T14:50:41.523+0000] {processor.py:925} INFO - DAG(s) 'example_nested_branch_dag' retrieved from /home/airflow/.local/lib/python3.12/site-packages/airflow/example_dags/example_nested_branch_dag.py
[2025-09-29T14:50:41.534+0000] {logging_mixin.py:190} INFO - [2025-09-29T14:50:41.533+0000] {dag.py:3239} INFO - Sync 1 DAGs
[2025-09-29T14:50:41.548+0000] {logging_mixin.py:190} INFO - [2025-09-29T14:50:41.548+0000] {dag.py:4180} INFO - Setting next_dagrun for example_nested_branch_dag to 2025-09-28 00:00:00+00:00, run_after=2025-09-29 00:00:00+00:00
[2025-09-29T14:50:41.561+0000] {processor.py:208} INFO - Processing /home/airflow/.local/lib/python3.12/site-packages/airflow/example_dags/example_nested_branch_dag.py took 0.052 seconds
[2025-09-29T14:51:11.743+0000] {processor.py:186} INFO - Started process (PID=2188) to work on /home/airflow/.local/lib/python3.12/site-packages/airflow/example_dags/example_nested_branch_dag.py
[2025-09-29T14:51:11.744+0000] {processor.py:914} INFO - Processing file /home/airflow/.local/lib/python3.12/site-packages/airflow/example_dags/example_nested_branch_dag.py for tasks to queue
[2025-09-29T14:51:11.746+0000] {logging_mixin.py:190} INFO - [2025-09-29T14:51:11.746+0000] {dagbag.py:588} INFO - Filling up the DagBag from /home/airflow/.local/lib/python3.12/site-packages/airflow/example_dags/example_nested_branch_dag.py
[2025-09-29T14:51:11.753+0000] {processor.py:925} INFO - DAG(s) 'example_nested_branch_dag' retrieved from /home/airflow/.local/lib/python3.12/site-packages/airflow/example_dags/example_nested_branch_dag.py
[2025-09-29T14:51:11.770+0000] {logging_mixin.py:190} INFO - [2025-09-29T14:51:11.770+0000] {dag.py:3239} INFO - Sync 1 DAGs
[2025-09-29T14:51:11.782+0000] {logging_mixin.py:190} INFO - [2025-09-29T14:51:11.782+0000] {dag.py:4180} INFO - Setting next_dagrun for example_nested_branch_dag to 2025-09-28 00:00:00+00:00, run_after=2025-09-29 00:00:00+00:00
[2025-09-29T14:51:11.795+0000] {processor.py:208} INFO - Processing /home/airflow/.local/lib/python3.12/site-packages/airflow/example_dags/example_nested_branch_dag.py took 0.055 seconds
[2025-09-29T14:51:42.191+0000] {processor.py:186} INFO - Started process (PID=2252) to work on /home/airflow/.local/lib/python3.12/site-packages/airflow/example_dags/example_nested_branch_dag.py
[2025-09-29T14:51:42.191+0000] {processor.py:914} INFO - Processing file /home/airflow/.local/lib/python3.12/site-packages/airflow/example_dags/example_nested_branch_dag.py for tasks to queue
[2025-09-29T14:51:42.193+0000] {logging_mixin.py:190} INFO - [2025-09-29T14:51:42.193+0000] {dagbag.py:588} INFO - Filling up the DagBag from /home/airflow/.local/lib/python3.12/site-packages/airflow/example_dags/example_nested_branch_dag.py
[2025-09-29T14:51:42.200+0000] {processor.py:925} INFO - DAG(s) 'example_nested_branch_dag' retrieved from /home/airflow/.local/lib/python3.12/site-packages/airflow/example_dags/example_nested_branch_dag.py
[2025-09-29T14:51:42.215+0000] {logging_mixin.py:190} INFO - [2025-09-29T14:51:42.215+0000] {dag.py:3239} INFO - Sync 1 DAGs
[2025-09-29T14:51:42.226+0000] {logging_mixin.py:190} INFO - [2025-09-29T14:51:42.226+0000] {dag.py:4180} INFO - Setting next_dagrun for example_nested_branch_dag to 2025-09-28 00:00:00+00:00, run_after=2025-09-29 00:00:00+00:00
[2025-09-29T14:51:42.238+0000] {processor.py:208} INFO - Processing /home/airflow/.local/lib/python3.12/site-packages/airflow/example_dags/example_nested_branch_dag.py took 0.051 seconds
[2025-09-29T14:52:12.453+0000] {processor.py:186} INFO - Started process (PID=2315) to work on /home/airflow/.local/lib/python3.12/site-packages/airflow/example_dags/example_nested_branch_dag.py
[2025-09-29T14:52:12.454+0000] {processor.py:914} INFO - Processing file /home/airflow/.local/lib/python3.12/site-packages/airflow/example_dags/example_nested_branch_dag.py for tasks to queue
[2025-09-29T14:52:12.455+0000] {logging_mixin.py:190} INFO - [2025-09-29T14:52:12.455+0000] {dagbag.py:588} INFO - Filling up the DagBag from /home/airflow/.local/lib/python3.12/site-packages/airflow/example_dags/example_nested_branch_dag.py
[2025-09-29T14:52:12.461+0000] {processor.py:925} INFO - DAG(s) 'example_nested_branch_dag' retrieved from /home/airflow/.local/lib/python3.12/site-packages/airflow/example_dags/example_nested_branch_dag.py
[2025-09-29T14:52:12.472+0000] {logging_mixin.py:190} INFO - [2025-09-29T14:52:12.472+0000] {dag.py:3239} INFO - Sync 1 DAGs
[2025-09-29T14:52:12.485+0000] {logging_mixin.py:190} INFO - [2025-09-29T14:52:12.485+0000] {dag.py:4180} INFO - Setting next_dagrun for example_nested_branch_dag to 2025-09-28 00:00:00+00:00, run_after=2025-09-29 00:00:00+00:00
[2025-09-29T14:52:12.496+0000] {processor.py:208} INFO - Processing /home/airflow/.local/lib/python3.12/site-packages/airflow/example_dags/example_nested_branch_dag.py took 0.047 seconds
[2025-09-29T14:52:42.681+0000] {processor.py:186} INFO - Started process (PID=2378) to work on /home/airflow/.local/lib/python3.12/site-packages/airflow/example_dags/example_nested_branch_dag.py
[2025-09-29T14:52:42.682+0000] {processor.py:914} INFO - Processing file /home/airflow/.local/lib/python3.12/site-packages/airflow/example_dags/example_nested_branch_dag.py for tasks to queue
[2025-09-29T14:52:42.682+0000] {logging_mixin.py:190} INFO - [2025-09-29T14:52:42.682+0000] {dagbag.py:588} INFO - Filling up the DagBag from /home/airflow/.local/lib/python3.12/site-packages/airflow/example_dags/example_nested_branch_dag.py
[2025-09-29T14:52:42.689+0000] {processor.py:925} INFO - DAG(s) 'example_nested_branch_dag' retrieved from /home/airflow/.local/lib/python3.12/site-packages/airflow/example_dags/example_nested_branch_dag.py
[2025-09-29T14:52:42.699+0000] {logging_mixin.py:190} INFO - [2025-09-29T14:52:42.698+0000] {dag.py:3239} INFO - Sync 1 DAGs
[2025-09-29T14:52:42.710+0000] {logging_mixin.py:190} INFO - [2025-09-29T14:52:42.710+0000] {dag.py:4180} INFO - Setting next_dagrun for example_nested_branch_dag to 2025-09-28 00:00:00+00:00, run_after=2025-09-29 00:00:00+00:00
[2025-09-29T14:52:42.718+0000] {processor.py:208} INFO - Processing /home/airflow/.local/lib/python3.12/site-packages/airflow/example_dags/example_nested_branch_dag.py took 0.040 seconds
[2025-09-29T14:53:12.850+0000] {processor.py:186} INFO - Started process (PID=2441) to work on /home/airflow/.local/lib/python3.12/site-packages/airflow/example_dags/example_nested_branch_dag.py
[2025-09-29T14:53:12.850+0000] {processor.py:914} INFO - Processing file /home/airflow/.local/lib/python3.12/site-packages/airflow/example_dags/example_nested_branch_dag.py for tasks to queue
[2025-09-29T14:53:12.851+0000] {logging_mixin.py:190} INFO - [2025-09-29T14:53:12.850+0000] {dagbag.py:588} INFO - Filling up the DagBag from /home/airflow/.local/lib/python3.12/site-packages/airflow/example_dags/example_nested_branch_dag.py
[2025-09-29T14:53:12.857+0000] {processor.py:925} INFO - DAG(s) 'example_nested_branch_dag' retrieved from /home/airflow/.local/lib/python3.12/site-packages/airflow/example_dags/example_nested_branch_dag.py
[2025-09-29T14:53:12.869+0000] {logging_mixin.py:190} INFO - [2025-09-29T14:53:12.868+0000] {dag.py:3239} INFO - Sync 1 DAGs
[2025-09-29T14:53:12.880+0000] {logging_mixin.py:190} INFO - [2025-09-29T14:53:12.880+0000] {dag.py:4180} INFO - Setting next_dagrun for example_nested_branch_dag to 2025-09-28 00:00:00+00:00, run_after=2025-09-29 00:00:00+00:00
[2025-09-29T14:53:12.892+0000] {processor.py:208} INFO - Processing /home/airflow/.local/lib/python3.12/site-packages/airflow/example_dags/example_nested_branch_dag.py took 0.045 seconds
[2025-09-29T14:53:43.074+0000] {processor.py:186} INFO - Started process (PID=2504) to work on /home/airflow/.local/lib/python3.12/site-packages/airflow/example_dags/example_nested_branch_dag.py
[2025-09-29T14:53:43.075+0000] {processor.py:914} INFO - Processing file /home/airflow/.local/lib/python3.12/site-packages/airflow/example_dags/example_nested_branch_dag.py for tasks to queue
[2025-09-29T14:53:43.076+0000] {logging_mixin.py:190} INFO - [2025-09-29T14:53:43.076+0000] {dagbag.py:588} INFO - Filling up the DagBag from /home/airflow/.local/lib/python3.12/site-packages/airflow/example_dags/example_nested_branch_dag.py
[2025-09-29T14:53:43.083+0000] {processor.py:925} INFO - DAG(s) 'example_nested_branch_dag' retrieved from /home/airflow/.local/lib/python3.12/site-packages/airflow/example_dags/example_nested_branch_dag.py
[2025-09-29T14:53:43.094+0000] {logging_mixin.py:190} INFO - [2025-09-29T14:53:43.094+0000] {dag.py:3239} INFO - Sync 1 DAGs
[2025-09-29T14:53:43.106+0000] {logging_mixin.py:190} INFO - [2025-09-29T14:53:43.106+0000] {dag.py:4180} INFO - Setting next_dagrun for example_nested_branch_dag to 2025-09-28 00:00:00+00:00, run_after=2025-09-29 00:00:00+00:00
[2025-09-29T14:53:43.115+0000] {processor.py:208} INFO - Processing /home/airflow/.local/lib/python3.12/site-packages/airflow/example_dags/example_nested_branch_dag.py took 0.045 seconds
[2025-09-29T14:54:13.318+0000] {processor.py:186} INFO - Started process (PID=2567) to work on /home/airflow/.local/lib/python3.12/site-packages/airflow/example_dags/example_nested_branch_dag.py
[2025-09-29T14:54:13.320+0000] {processor.py:914} INFO - Processing file /home/airflow/.local/lib/python3.12/site-packages/airflow/example_dags/example_nested_branch_dag.py for tasks to queue
[2025-09-29T14:54:13.321+0000] {logging_mixin.py:190} INFO - [2025-09-29T14:54:13.320+0000] {dagbag.py:588} INFO - Filling up the DagBag from /home/airflow/.local/lib/python3.12/site-packages/airflow/example_dags/example_nested_branch_dag.py
[2025-09-29T14:54:13.326+0000] {processor.py:925} INFO - DAG(s) 'example_nested_branch_dag' retrieved from /home/airflow/.local/lib/python3.12/site-packages/airflow/example_dags/example_nested_branch_dag.py
[2025-09-29T14:54:13.337+0000] {logging_mixin.py:190} INFO - [2025-09-29T14:54:13.336+0000] {dag.py:3239} INFO - Sync 1 DAGs
[2025-09-29T14:54:13.349+0000] {logging_mixin.py:190} INFO - [2025-09-29T14:54:13.349+0000] {dag.py:4180} INFO - Setting next_dagrun for example_nested_branch_dag to 2025-09-28 00:00:00+00:00, run_after=2025-09-29 00:00:00+00:00
[2025-09-29T14:54:13.361+0000] {processor.py:208} INFO - Processing /home/airflow/.local/lib/python3.12/site-packages/airflow/example_dags/example_nested_branch_dag.py took 0.046 seconds
[2025-09-29T14:54:43.647+0000] {processor.py:186} INFO - Started process (PID=2630) to work on /home/airflow/.local/lib/python3.12/site-packages/airflow/example_dags/example_nested_branch_dag.py
[2025-09-29T14:54:43.648+0000] {processor.py:914} INFO - Processing file /home/airflow/.local/lib/python3.12/site-packages/airflow/example_dags/example_nested_branch_dag.py for tasks to queue
[2025-09-29T14:54:43.649+0000] {logging_mixin.py:190} INFO - [2025-09-29T14:54:43.649+0000] {dagbag.py:588} INFO - Filling up the DagBag from /home/airflow/.local/lib/python3.12/site-packages/airflow/example_dags/example_nested_branch_dag.py
[2025-09-29T14:54:43.654+0000] {processor.py:925} INFO - DAG(s) 'example_nested_branch_dag' retrieved from /home/airflow/.local/lib/python3.12/site-packages/airflow/example_dags/example_nested_branch_dag.py
[2025-09-29T14:54:43.665+0000] {logging_mixin.py:190} INFO - [2025-09-29T14:54:43.665+0000] {dag.py:3239} INFO - Sync 1 DAGs
[2025-09-29T14:54:43.677+0000] {logging_mixin.py:190} INFO - [2025-09-29T14:54:43.677+0000] {dag.py:4180} INFO - Setting next_dagrun for example_nested_branch_dag to 2025-09-28 00:00:00+00:00, run_after=2025-09-29 00:00:00+00:00
[2025-09-29T14:54:43.687+0000] {processor.py:208} INFO - Processing /home/airflow/.local/lib/python3.12/site-packages/airflow/example_dags/example_nested_branch_dag.py took 0.043 seconds
[2025-09-29T14:55:14.030+0000] {processor.py:186} INFO - Started process (PID=2693) to work on /home/airflow/.local/lib/python3.12/site-packages/airflow/example_dags/example_nested_branch_dag.py
[2025-09-29T14:55:14.031+0000] {processor.py:914} INFO - Processing file /home/airflow/.local/lib/python3.12/site-packages/airflow/example_dags/example_nested_branch_dag.py for tasks to queue
[2025-09-29T14:55:14.031+0000] {logging_mixin.py:190} INFO - [2025-09-29T14:55:14.031+0000] {dagbag.py:588} INFO - Filling up the DagBag from /home/airflow/.local/lib/python3.12/site-packages/airflow/example_dags/example_nested_branch_dag.py
[2025-09-29T14:55:14.039+0000] {processor.py:925} INFO - DAG(s) 'example_nested_branch_dag' retrieved from /home/airflow/.local/lib/python3.12/site-packages/airflow/example_dags/example_nested_branch_dag.py
[2025-09-29T14:55:14.054+0000] {logging_mixin.py:190} INFO - [2025-09-29T14:55:14.054+0000] {dag.py:3239} INFO - Sync 1 DAGs
[2025-09-29T14:55:14.066+0000] {logging_mixin.py:190} INFO - [2025-09-29T14:55:14.066+0000] {dag.py:4180} INFO - Setting next_dagrun for example_nested_branch_dag to 2025-09-28 00:00:00+00:00, run_after=2025-09-29 00:00:00+00:00
[2025-09-29T14:55:14.079+0000] {processor.py:208} INFO - Processing /home/airflow/.local/lib/python3.12/site-packages/airflow/example_dags/example_nested_branch_dag.py took 0.052 seconds
[2025-09-29T14:55:44.523+0000] {processor.py:186} INFO - Started process (PID=2755) to work on /home/airflow/.local/lib/python3.12/site-packages/airflow/example_dags/example_nested_branch_dag.py
[2025-09-29T14:55:44.526+0000] {processor.py:914} INFO - Processing file /home/airflow/.local/lib/python3.12/site-packages/airflow/example_dags/example_nested_branch_dag.py for tasks to queue
[2025-09-29T14:55:44.527+0000] {logging_mixin.py:190} INFO - [2025-09-29T14:55:44.527+0000] {dagbag.py:588} INFO - Filling up the DagBag from /home/airflow/.local/lib/python3.12/site-packages/airflow/example_dags/example_nested_branch_dag.py
[2025-09-29T14:55:44.533+0000] {processor.py:925} INFO - DAG(s) 'example_nested_branch_dag' retrieved from /home/airflow/.local/lib/python3.12/site-packages/airflow/example_dags/example_nested_branch_dag.py
[2025-09-29T14:55:44.543+0000] {logging_mixin.py:190} INFO - [2025-09-29T14:55:44.543+0000] {dag.py:3239} INFO - Sync 1 DAGs
[2025-09-29T14:55:44.554+0000] {logging_mixin.py:190} INFO - [2025-09-29T14:55:44.554+0000] {dag.py:4180} INFO - Setting next_dagrun for example_nested_branch_dag to 2025-09-28 00:00:00+00:00, run_after=2025-09-29 00:00:00+00:00
[2025-09-29T14:55:44.565+0000] {processor.py:208} INFO - Processing /home/airflow/.local/lib/python3.12/site-packages/airflow/example_dags/example_nested_branch_dag.py took 0.045 seconds
[2025-09-29T14:56:15.062+0000] {processor.py:186} INFO - Started process (PID=2818) to work on /home/airflow/.local/lib/python3.12/site-packages/airflow/example_dags/example_nested_branch_dag.py
[2025-09-29T14:56:15.062+0000] {processor.py:914} INFO - Processing file /home/airflow/.local/lib/python3.12/site-packages/airflow/example_dags/example_nested_branch_dag.py for tasks to queue
[2025-09-29T14:56:15.064+0000] {logging_mixin.py:190} INFO - [2025-09-29T14:56:15.063+0000] {dagbag.py:588} INFO - Filling up the DagBag from /home/airflow/.local/lib/python3.12/site-packages/airflow/example_dags/example_nested_branch_dag.py
[2025-09-29T14:56:15.070+0000] {processor.py:925} INFO - DAG(s) 'example_nested_branch_dag' retrieved from /home/airflow/.local/lib/python3.12/site-packages/airflow/example_dags/example_nested_branch_dag.py
[2025-09-29T14:56:15.080+0000] {logging_mixin.py:190} INFO - [2025-09-29T14:56:15.080+0000] {dag.py:3239} INFO - Sync 1 DAGs
[2025-09-29T14:56:15.095+0000] {logging_mixin.py:190} INFO - [2025-09-29T14:56:15.095+0000] {dag.py:4180} INFO - Setting next_dagrun for example_nested_branch_dag to 2025-09-28 00:00:00+00:00, run_after=2025-09-29 00:00:00+00:00
[2025-09-29T14:56:15.105+0000] {processor.py:208} INFO - Processing /home/airflow/.local/lib/python3.12/site-packages/airflow/example_dags/example_nested_branch_dag.py took 0.046 seconds
[2025-09-29T14:56:45.544+0000] {processor.py:186} INFO - Started process (PID=2881) to work on /home/airflow/.local/lib/python3.12/site-packages/airflow/example_dags/example_nested_branch_dag.py
[2025-09-29T14:56:45.545+0000] {processor.py:914} INFO - Processing file /home/airflow/.local/lib/python3.12/site-packages/airflow/example_dags/example_nested_branch_dag.py for tasks to queue
[2025-09-29T14:56:45.545+0000] {logging_mixin.py:190} INFO - [2025-09-29T14:56:45.545+0000] {dagbag.py:588} INFO - Filling up the DagBag from /home/airflow/.local/lib/python3.12/site-packages/airflow/example_dags/example_nested_branch_dag.py
[2025-09-29T14:56:45.552+0000] {processor.py:925} INFO - DAG(s) 'example_nested_branch_dag' retrieved from /home/airflow/.local/lib/python3.12/site-packages/airflow/example_dags/example_nested_branch_dag.py
[2025-09-29T14:56:45.565+0000] {logging_mixin.py:190} INFO - [2025-09-29T14:56:45.564+0000] {dag.py:3239} INFO - Sync 1 DAGs
[2025-09-29T14:56:45.578+0000] {logging_mixin.py:190} INFO - [2025-09-29T14:56:45.578+0000] {dag.py:4180} INFO - Setting next_dagrun for example_nested_branch_dag to 2025-09-28 00:00:00+00:00, run_after=2025-09-29 00:00:00+00:00
[2025-09-29T14:56:45.587+0000] {processor.py:208} INFO - Processing /home/airflow/.local/lib/python3.12/site-packages/airflow/example_dags/example_nested_branch_dag.py took 0.046 seconds
[2025-09-29T14:57:16.073+0000] {processor.py:186} INFO - Started process (PID=2944) to work on /home/airflow/.local/lib/python3.12/site-packages/airflow/example_dags/example_nested_branch_dag.py
[2025-09-29T14:57:16.074+0000] {processor.py:914} INFO - Processing file /home/airflow/.local/lib/python3.12/site-packages/airflow/example_dags/example_nested_branch_dag.py for tasks to queue
[2025-09-29T14:57:16.075+0000] {logging_mixin.py:190} INFO - [2025-09-29T14:57:16.075+0000] {dagbag.py:588} INFO - Filling up the DagBag from /home/airflow/.local/lib/python3.12/site-packages/airflow/example_dags/example_nested_branch_dag.py
[2025-09-29T14:57:16.081+0000] {processor.py:925} INFO - DAG(s) 'example_nested_branch_dag' retrieved from /home/airflow/.local/lib/python3.12/site-packages/airflow/example_dags/example_nested_branch_dag.py
[2025-09-29T14:57:16.092+0000] {logging_mixin.py:190} INFO - [2025-09-29T14:57:16.092+0000] {dag.py:3239} INFO - Sync 1 DAGs
[2025-09-29T14:57:16.104+0000] {logging_mixin.py:190} INFO - [2025-09-29T14:57:16.104+0000] {dag.py:4180} INFO - Setting next_dagrun for example_nested_branch_dag to 2025-09-28 00:00:00+00:00, run_after=2025-09-29 00:00:00+00:00
[2025-09-29T14:57:16.113+0000] {processor.py:208} INFO - Processing /home/airflow/.local/lib/python3.12/site-packages/airflow/example_dags/example_nested_branch_dag.py took 0.043 seconds
[2025-09-29T14:57:46.642+0000] {processor.py:186} INFO - Started process (PID=3007) to work on /home/airflow/.local/lib/python3.12/site-packages/airflow/example_dags/example_nested_branch_dag.py
[2025-09-29T14:57:46.643+0000] {processor.py:914} INFO - Processing file /home/airflow/.local/lib/python3.12/site-packages/airflow/example_dags/example_nested_branch_dag.py for tasks to queue
[2025-09-29T14:57:46.643+0000] {logging_mixin.py:190} INFO - [2025-09-29T14:57:46.643+0000] {dagbag.py:588} INFO - Filling up the DagBag from /home/airflow/.local/lib/python3.12/site-packages/airflow/example_dags/example_nested_branch_dag.py
[2025-09-29T14:57:46.651+0000] {processor.py:925} INFO - DAG(s) 'example_nested_branch_dag' retrieved from /home/airflow/.local/lib/python3.12/site-packages/airflow/example_dags/example_nested_branch_dag.py
[2025-09-29T14:57:46.660+0000] {logging_mixin.py:190} INFO - [2025-09-29T14:57:46.660+0000] {dag.py:3239} INFO - Sync 1 DAGs
[2025-09-29T14:57:46.675+0000] {logging_mixin.py:190} INFO - [2025-09-29T14:57:46.675+0000] {dag.py:4180} INFO - Setting next_dagrun for example_nested_branch_dag to 2025-09-28 00:00:00+00:00, run_after=2025-09-29 00:00:00+00:00
[2025-09-29T14:57:46.685+0000] {processor.py:208} INFO - Processing /home/airflow/.local/lib/python3.12/site-packages/airflow/example_dags/example_nested_branch_dag.py took 0.047 seconds
[2025-09-29T14:58:17.433+0000] {processor.py:186} INFO - Started process (PID=3069) to work on /home/airflow/.local/lib/python3.12/site-packages/airflow/example_dags/example_nested_branch_dag.py
[2025-09-29T14:58:17.433+0000] {processor.py:914} INFO - Processing file /home/airflow/.local/lib/python3.12/site-packages/airflow/example_dags/example_nested_branch_dag.py for tasks to queue
[2025-09-29T14:58:17.434+0000] {logging_mixin.py:190} INFO - [2025-09-29T14:58:17.434+0000] {dagbag.py:588} INFO - Filling up the DagBag from /home/airflow/.local/lib/python3.12/site-packages/airflow/example_dags/example_nested_branch_dag.py
[2025-09-29T14:58:17.441+0000] {processor.py:925} INFO - DAG(s) 'example_nested_branch_dag' retrieved from /home/airflow/.local/lib/python3.12/site-packages/airflow/example_dags/example_nested_branch_dag.py
[2025-09-29T14:58:17.453+0000] {logging_mixin.py:190} INFO - [2025-09-29T14:58:17.453+0000] {dag.py:3239} INFO - Sync 1 DAGs
[2025-09-29T14:58:17.465+0000] {logging_mixin.py:190} INFO - [2025-09-29T14:58:17.465+0000] {dag.py:4180} INFO - Setting next_dagrun for example_nested_branch_dag to 2025-09-28 00:00:00+00:00, run_after=2025-09-29 00:00:00+00:00
[2025-09-29T14:58:17.474+0000] {processor.py:208} INFO - Processing /home/airflow/.local/lib/python3.12/site-packages/airflow/example_dags/example_nested_branch_dag.py took 0.045 seconds
[2025-09-29T14:58:48.031+0000] {processor.py:186} INFO - Started process (PID=3132) to work on /home/airflow/.local/lib/python3.12/site-packages/airflow/example_dags/example_nested_branch_dag.py
[2025-09-29T14:58:48.032+0000] {processor.py:914} INFO - Processing file /home/airflow/.local/lib/python3.12/site-packages/airflow/example_dags/example_nested_branch_dag.py for tasks to queue
[2025-09-29T14:58:48.033+0000] {logging_mixin.py:190} INFO - [2025-09-29T14:58:48.032+0000] {dagbag.py:588} INFO - Filling up the DagBag from /home/airflow/.local/lib/python3.12/site-packages/airflow/example_dags/example_nested_branch_dag.py
[2025-09-29T14:58:48.039+0000] {processor.py:925} INFO - DAG(s) 'example_nested_branch_dag' retrieved from /home/airflow/.local/lib/python3.12/site-packages/airflow/example_dags/example_nested_branch_dag.py
[2025-09-29T14:58:48.051+0000] {logging_mixin.py:190} INFO - [2025-09-29T14:58:48.050+0000] {dag.py:3239} INFO - Sync 1 DAGs
[2025-09-29T14:58:48.061+0000] {logging_mixin.py:190} INFO - [2025-09-29T14:58:48.061+0000] {dag.py:4180} INFO - Setting next_dagrun for example_nested_branch_dag to 2025-09-28 00:00:00+00:00, run_after=2025-09-29 00:00:00+00:00
[2025-09-29T14:58:48.071+0000] {processor.py:208} INFO - Processing /home/airflow/.local/lib/python3.12/site-packages/airflow/example_dags/example_nested_branch_dag.py took 0.042 seconds
[2025-09-29T14:59:18.668+0000] {processor.py:186} INFO - Started process (PID=3195) to work on /home/airflow/.local/lib/python3.12/site-packages/airflow/example_dags/example_nested_branch_dag.py
[2025-09-29T14:59:18.668+0000] {processor.py:914} INFO - Processing file /home/airflow/.local/lib/python3.12/site-packages/airflow/example_dags/example_nested_branch_dag.py for tasks to queue
[2025-09-29T14:59:18.669+0000] {logging_mixin.py:190} INFO - [2025-09-29T14:59:18.669+0000] {dagbag.py:588} INFO - Filling up the DagBag from /home/airflow/.local/lib/python3.12/site-packages/airflow/example_dags/example_nested_branch_dag.py
[2025-09-29T14:59:18.675+0000] {processor.py:925} INFO - DAG(s) 'example_nested_branch_dag' retrieved from /home/airflow/.local/lib/python3.12/site-packages/airflow/example_dags/example_nested_branch_dag.py
[2025-09-29T14:59:18.686+0000] {logging_mixin.py:190} INFO - [2025-09-29T14:59:18.686+0000] {dag.py:3239} INFO - Sync 1 DAGs
[2025-09-29T14:59:18.697+0000] {logging_mixin.py:190} INFO - [2025-09-29T14:59:18.697+0000] {dag.py:4180} INFO - Setting next_dagrun for example_nested_branch_dag to 2025-09-28 00:00:00+00:00, run_after=2025-09-29 00:00:00+00:00
[2025-09-29T14:59:18.710+0000] {processor.py:208} INFO - Processing /home/airflow/.local/lib/python3.12/site-packages/airflow/example_dags/example_nested_branch_dag.py took 0.045 seconds
[2025-09-29T14:59:49.231+0000] {processor.py:186} INFO - Started process (PID=3258) to work on /home/airflow/.local/lib/python3.12/site-packages/airflow/example_dags/example_nested_branch_dag.py
[2025-09-29T14:59:49.232+0000] {processor.py:914} INFO - Processing file /home/airflow/.local/lib/python3.12/site-packages/airflow/example_dags/example_nested_branch_dag.py for tasks to queue
[2025-09-29T14:59:49.233+0000] {logging_mixin.py:190} INFO - [2025-09-29T14:59:49.233+0000] {dagbag.py:588} INFO - Filling up the DagBag from /home/airflow/.local/lib/python3.12/site-packages/airflow/example_dags/example_nested_branch_dag.py
[2025-09-29T14:59:49.238+0000] {processor.py:925} INFO - DAG(s) 'example_nested_branch_dag' retrieved from /home/airflow/.local/lib/python3.12/site-packages/airflow/example_dags/example_nested_branch_dag.py
[2025-09-29T14:59:49.251+0000] {logging_mixin.py:190} INFO - [2025-09-29T14:59:49.251+0000] {dag.py:3239} INFO - Sync 1 DAGs
[2025-09-29T14:59:49.263+0000] {logging_mixin.py:190} INFO - [2025-09-29T14:59:49.263+0000] {dag.py:4180} INFO - Setting next_dagrun for example_nested_branch_dag to 2025-09-28 00:00:00+00:00, run_after=2025-09-29 00:00:00+00:00
[2025-09-29T14:59:49.274+0000] {processor.py:208} INFO - Processing /home/airflow/.local/lib/python3.12/site-packages/airflow/example_dags/example_nested_branch_dag.py took 0.046 seconds
[2025-09-29T15:00:19.762+0000] {processor.py:186} INFO - Started process (PID=3321) to work on /home/airflow/.local/lib/python3.12/site-packages/airflow/example_dags/example_nested_branch_dag.py
[2025-09-29T15:00:19.762+0000] {processor.py:914} INFO - Processing file /home/airflow/.local/lib/python3.12/site-packages/airflow/example_dags/example_nested_branch_dag.py for tasks to queue
[2025-09-29T15:00:19.763+0000] {logging_mixin.py:190} INFO - [2025-09-29T15:00:19.763+0000] {dagbag.py:588} INFO - Filling up the DagBag from /home/airflow/.local/lib/python3.12/site-packages/airflow/example_dags/example_nested_branch_dag.py
[2025-09-29T15:00:19.773+0000] {processor.py:925} INFO - DAG(s) 'example_nested_branch_dag' retrieved from /home/airflow/.local/lib/python3.12/site-packages/airflow/example_dags/example_nested_branch_dag.py
[2025-09-29T15:00:19.796+0000] {logging_mixin.py:190} INFO - [2025-09-29T15:00:19.796+0000] {dag.py:3239} INFO - Sync 1 DAGs
[2025-09-29T15:00:19.815+0000] {logging_mixin.py:190} INFO - [2025-09-29T15:00:19.815+0000] {dag.py:4180} INFO - Setting next_dagrun for example_nested_branch_dag to 2025-09-28 00:00:00+00:00, run_after=2025-09-29 00:00:00+00:00
[2025-09-29T15:00:19.831+0000] {processor.py:208} INFO - Processing /home/airflow/.local/lib/python3.12/site-packages/airflow/example_dags/example_nested_branch_dag.py took 0.073 seconds
[2025-09-29T15:00:50.367+0000] {processor.py:186} INFO - Started process (PID=3384) to work on /home/airflow/.local/lib/python3.12/site-packages/airflow/example_dags/example_nested_branch_dag.py
[2025-09-29T15:00:50.369+0000] {processor.py:914} INFO - Processing file /home/airflow/.local/lib/python3.12/site-packages/airflow/example_dags/example_nested_branch_dag.py for tasks to queue
[2025-09-29T15:00:50.369+0000] {logging_mixin.py:190} INFO - [2025-09-29T15:00:50.369+0000] {dagbag.py:588} INFO - Filling up the DagBag from /home/airflow/.local/lib/python3.12/site-packages/airflow/example_dags/example_nested_branch_dag.py
[2025-09-29T15:00:50.375+0000] {processor.py:925} INFO - DAG(s) 'example_nested_branch_dag' retrieved from /home/airflow/.local/lib/python3.12/site-packages/airflow/example_dags/example_nested_branch_dag.py
[2025-09-29T15:00:50.386+0000] {logging_mixin.py:190} INFO - [2025-09-29T15:00:50.386+0000] {dag.py:3239} INFO - Sync 1 DAGs
[2025-09-29T15:00:50.399+0000] {logging_mixin.py:190} INFO - [2025-09-29T15:00:50.398+0000] {dag.py:4180} INFO - Setting next_dagrun for example_nested_branch_dag to 2025-09-28 00:00:00+00:00, run_after=2025-09-29 00:00:00+00:00
[2025-09-29T15:00:50.411+0000] {processor.py:208} INFO - Processing /home/airflow/.local/lib/python3.12/site-packages/airflow/example_dags/example_nested_branch_dag.py took 0.047 seconds
[2025-09-29T15:01:20.984+0000] {processor.py:186} INFO - Started process (PID=3447) to work on /home/airflow/.local/lib/python3.12/site-packages/airflow/example_dags/example_nested_branch_dag.py
[2025-09-29T15:01:20.985+0000] {processor.py:914} INFO - Processing file /home/airflow/.local/lib/python3.12/site-packages/airflow/example_dags/example_nested_branch_dag.py for tasks to queue
[2025-09-29T15:01:20.986+0000] {logging_mixin.py:190} INFO - [2025-09-29T15:01:20.986+0000] {dagbag.py:588} INFO - Filling up the DagBag from /home/airflow/.local/lib/python3.12/site-packages/airflow/example_dags/example_nested_branch_dag.py
[2025-09-29T15:01:20.993+0000] {processor.py:925} INFO - DAG(s) 'example_nested_branch_dag' retrieved from /home/airflow/.local/lib/python3.12/site-packages/airflow/example_dags/example_nested_branch_dag.py
[2025-09-29T15:01:21.006+0000] {logging_mixin.py:190} INFO - [2025-09-29T15:01:21.006+0000] {dag.py:3239} INFO - Sync 1 DAGs
[2025-09-29T15:01:21.019+0000] {logging_mixin.py:190} INFO - [2025-09-29T15:01:21.019+0000] {dag.py:4180} INFO - Setting next_dagrun for example_nested_branch_dag to 2025-09-28 00:00:00+00:00, run_after=2025-09-29 00:00:00+00:00
[2025-09-29T15:01:21.032+0000] {processor.py:208} INFO - Processing /home/airflow/.local/lib/python3.12/site-packages/airflow/example_dags/example_nested_branch_dag.py took 0.051 seconds
[2025-09-29T15:01:51.513+0000] {processor.py:186} INFO - Started process (PID=3510) to work on /home/airflow/.local/lib/python3.12/site-packages/airflow/example_dags/example_nested_branch_dag.py
[2025-09-29T15:01:51.514+0000] {processor.py:914} INFO - Processing file /home/airflow/.local/lib/python3.12/site-packages/airflow/example_dags/example_nested_branch_dag.py for tasks to queue
[2025-09-29T15:01:51.514+0000] {logging_mixin.py:190} INFO - [2025-09-29T15:01:51.514+0000] {dagbag.py:588} INFO - Filling up the DagBag from /home/airflow/.local/lib/python3.12/site-packages/airflow/example_dags/example_nested_branch_dag.py
[2025-09-29T15:01:51.520+0000] {processor.py:925} INFO - DAG(s) 'example_nested_branch_dag' retrieved from /home/airflow/.local/lib/python3.12/site-packages/airflow/example_dags/example_nested_branch_dag.py
[2025-09-29T15:01:51.531+0000] {logging_mixin.py:190} INFO - [2025-09-29T15:01:51.531+0000] {dag.py:3239} INFO - Sync 1 DAGs
[2025-09-29T15:01:51.544+0000] {logging_mixin.py:190} INFO - [2025-09-29T15:01:51.544+0000] {dag.py:4180} INFO - Setting next_dagrun for example_nested_branch_dag to 2025-09-28 00:00:00+00:00, run_after=2025-09-29 00:00:00+00:00
[2025-09-29T15:01:51.555+0000] {processor.py:208} INFO - Processing /home/airflow/.local/lib/python3.12/site-packages/airflow/example_dags/example_nested_branch_dag.py took 0.045 seconds
[2025-09-29T15:02:22.062+0000] {processor.py:186} INFO - Started process (PID=3573) to work on /home/airflow/.local/lib/python3.12/site-packages/airflow/example_dags/example_nested_branch_dag.py
[2025-09-29T15:02:22.062+0000] {processor.py:914} INFO - Processing file /home/airflow/.local/lib/python3.12/site-packages/airflow/example_dags/example_nested_branch_dag.py for tasks to queue
[2025-09-29T15:02:22.063+0000] {logging_mixin.py:190} INFO - [2025-09-29T15:02:22.063+0000] {dagbag.py:588} INFO - Filling up the DagBag from /home/airflow/.local/lib/python3.12/site-packages/airflow/example_dags/example_nested_branch_dag.py
[2025-09-29T15:02:22.071+0000] {processor.py:925} INFO - DAG(s) 'example_nested_branch_dag' retrieved from /home/airflow/.local/lib/python3.12/site-packages/airflow/example_dags/example_nested_branch_dag.py
[2025-09-29T15:02:22.089+0000] {logging_mixin.py:190} INFO - [2025-09-29T15:02:22.089+0000] {dag.py:3239} INFO - Sync 1 DAGs
[2025-09-29T15:02:22.106+0000] {logging_mixin.py:190} INFO - [2025-09-29T15:02:22.106+0000] {dag.py:4180} INFO - Setting next_dagrun for example_nested_branch_dag to 2025-09-28 00:00:00+00:00, run_after=2025-09-29 00:00:00+00:00
[2025-09-29T15:02:22.121+0000] {processor.py:208} INFO - Processing /home/airflow/.local/lib/python3.12/site-packages/airflow/example_dags/example_nested_branch_dag.py took 0.065 seconds
