[2025-09-29T14:34:29.154+0000] {processor.py:186} INFO - Started process (PID=58) to work on /home/airflow/.local/lib/python3.12/site-packages/airflow/example_dags/example_params_trigger_ui.py
[2025-09-29T14:34:29.156+0000] {processor.py:914} INFO - Processing file /home/airflow/.local/lib/python3.12/site-packages/airflow/example_dags/example_params_trigger_ui.py for tasks to queue
[2025-09-29T14:34:29.157+0000] {logging_mixin.py:190} INFO - [2025-09-29T14:34:29.157+0000] {dagbag.py:588} INFO - Filling up the DagBag from /home/airflow/.local/lib/python3.12/site-packages/airflow/example_dags/example_params_trigger_ui.py
[2025-09-29T14:34:29.167+0000] {processor.py:925} INFO - DAG(s) 'example_params_trigger_ui' retrieved from /home/airflow/.local/lib/python3.12/site-packages/airflow/example_dags/example_params_trigger_ui.py
[2025-09-29T14:34:29.209+0000] {logging_mixin.py:190} INFO - [2025-09-29T14:34:29.209+0000] {dag.py:3239} INFO - Sync 1 DAGs
[2025-09-29T14:34:29.218+0000] {logging_mixin.py:190} INFO - [2025-09-29T14:34:29.218+0000] {dag.py:4180} INFO - Setting next_dagrun for example_params_trigger_ui to None, run_after=None
[2025-09-29T14:34:29.233+0000] {processor.py:208} INFO - Processing /home/airflow/.local/lib/python3.12/site-packages/airflow/example_dags/example_params_trigger_ui.py took 0.084 seconds
[2025-09-29T14:34:59.328+0000] {processor.py:186} INFO - Started process (PID=126) to work on /home/airflow/.local/lib/python3.12/site-packages/airflow/example_dags/example_params_trigger_ui.py
[2025-09-29T14:34:59.330+0000] {processor.py:914} INFO - Processing file /home/airflow/.local/lib/python3.12/site-packages/airflow/example_dags/example_params_trigger_ui.py for tasks to queue
[2025-09-29T14:34:59.331+0000] {logging_mixin.py:190} INFO - [2025-09-29T14:34:59.331+0000] {dagbag.py:588} INFO - Filling up the DagBag from /home/airflow/.local/lib/python3.12/site-packages/airflow/example_dags/example_params_trigger_ui.py
[2025-09-29T14:34:59.337+0000] {processor.py:925} INFO - DAG(s) 'example_params_trigger_ui' retrieved from /home/airflow/.local/lib/python3.12/site-packages/airflow/example_dags/example_params_trigger_ui.py
[2025-09-29T14:34:59.360+0000] {logging_mixin.py:190} INFO - [2025-09-29T14:34:59.360+0000] {dag.py:3239} INFO - Sync 1 DAGs
[2025-09-29T14:34:59.367+0000] {logging_mixin.py:190} INFO - [2025-09-29T14:34:59.367+0000] {dag.py:4180} INFO - Setting next_dagrun for example_params_trigger_ui to None, run_after=None
[2025-09-29T14:34:59.378+0000] {processor.py:208} INFO - Processing /home/airflow/.local/lib/python3.12/site-packages/airflow/example_dags/example_params_trigger_ui.py took 0.053 seconds
[2025-09-29T14:35:29.790+0000] {processor.py:186} INFO - Started process (PID=190) to work on /home/airflow/.local/lib/python3.12/site-packages/airflow/example_dags/example_params_trigger_ui.py
[2025-09-29T14:35:29.791+0000] {processor.py:914} INFO - Processing file /home/airflow/.local/lib/python3.12/site-packages/airflow/example_dags/example_params_trigger_ui.py for tasks to queue
[2025-09-29T14:35:29.792+0000] {logging_mixin.py:190} INFO - [2025-09-29T14:35:29.792+0000] {dagbag.py:588} INFO - Filling up the DagBag from /home/airflow/.local/lib/python3.12/site-packages/airflow/example_dags/example_params_trigger_ui.py
[2025-09-29T14:35:29.797+0000] {processor.py:925} INFO - DAG(s) 'example_params_trigger_ui' retrieved from /home/airflow/.local/lib/python3.12/site-packages/airflow/example_dags/example_params_trigger_ui.py
[2025-09-29T14:35:29.822+0000] {logging_mixin.py:190} INFO - [2025-09-29T14:35:29.822+0000] {dag.py:3239} INFO - Sync 1 DAGs
[2025-09-29T14:35:29.830+0000] {logging_mixin.py:190} INFO - [2025-09-29T14:35:29.830+0000] {dag.py:4180} INFO - Setting next_dagrun for example_params_trigger_ui to None, run_after=None
[2025-09-29T14:35:29.845+0000] {processor.py:208} INFO - Processing /home/airflow/.local/lib/python3.12/site-packages/airflow/example_dags/example_params_trigger_ui.py took 0.058 seconds
[2025-09-29T14:36:00.018+0000] {processor.py:186} INFO - Started process (PID=254) to work on /home/airflow/.local/lib/python3.12/site-packages/airflow/example_dags/example_params_trigger_ui.py
[2025-09-29T14:36:00.020+0000] {processor.py:914} INFO - Processing file /home/airflow/.local/lib/python3.12/site-packages/airflow/example_dags/example_params_trigger_ui.py for tasks to queue
[2025-09-29T14:36:00.021+0000] {logging_mixin.py:190} INFO - [2025-09-29T14:36:00.021+0000] {dagbag.py:588} INFO - Filling up the DagBag from /home/airflow/.local/lib/python3.12/site-packages/airflow/example_dags/example_params_trigger_ui.py
[2025-09-29T14:36:00.027+0000] {processor.py:925} INFO - DAG(s) 'example_params_trigger_ui' retrieved from /home/airflow/.local/lib/python3.12/site-packages/airflow/example_dags/example_params_trigger_ui.py
[2025-09-29T14:36:00.045+0000] {logging_mixin.py:190} INFO - [2025-09-29T14:36:00.045+0000] {dag.py:3239} INFO - Sync 1 DAGs
[2025-09-29T14:36:00.053+0000] {logging_mixin.py:190} INFO - [2025-09-29T14:36:00.053+0000] {dag.py:4180} INFO - Setting next_dagrun for example_params_trigger_ui to None, run_after=None
[2025-09-29T14:36:00.065+0000] {processor.py:208} INFO - Processing /home/airflow/.local/lib/python3.12/site-packages/airflow/example_dags/example_params_trigger_ui.py took 0.051 seconds
[2025-09-29T14:36:30.169+0000] {processor.py:186} INFO - Started process (PID=318) to work on /home/airflow/.local/lib/python3.12/site-packages/airflow/example_dags/example_params_trigger_ui.py
[2025-09-29T14:36:30.170+0000] {processor.py:914} INFO - Processing file /home/airflow/.local/lib/python3.12/site-packages/airflow/example_dags/example_params_trigger_ui.py for tasks to queue
[2025-09-29T14:36:30.171+0000] {logging_mixin.py:190} INFO - [2025-09-29T14:36:30.171+0000] {dagbag.py:588} INFO - Filling up the DagBag from /home/airflow/.local/lib/python3.12/site-packages/airflow/example_dags/example_params_trigger_ui.py
[2025-09-29T14:36:30.176+0000] {processor.py:925} INFO - DAG(s) 'example_params_trigger_ui' retrieved from /home/airflow/.local/lib/python3.12/site-packages/airflow/example_dags/example_params_trigger_ui.py
[2025-09-29T14:36:30.197+0000] {logging_mixin.py:190} INFO - [2025-09-29T14:36:30.197+0000] {dag.py:3239} INFO - Sync 1 DAGs
[2025-09-29T14:36:30.205+0000] {logging_mixin.py:190} INFO - [2025-09-29T14:36:30.205+0000] {dag.py:4180} INFO - Setting next_dagrun for example_params_trigger_ui to None, run_after=None
[2025-09-29T14:36:30.218+0000] {processor.py:208} INFO - Processing /home/airflow/.local/lib/python3.12/site-packages/airflow/example_dags/example_params_trigger_ui.py took 0.052 seconds
[2025-09-29T14:37:00.386+0000] {processor.py:186} INFO - Started process (PID=382) to work on /home/airflow/.local/lib/python3.12/site-packages/airflow/example_dags/example_params_trigger_ui.py
[2025-09-29T14:37:00.386+0000] {processor.py:914} INFO - Processing file /home/airflow/.local/lib/python3.12/site-packages/airflow/example_dags/example_params_trigger_ui.py for tasks to queue
[2025-09-29T14:37:00.388+0000] {logging_mixin.py:190} INFO - [2025-09-29T14:37:00.387+0000] {dagbag.py:588} INFO - Filling up the DagBag from /home/airflow/.local/lib/python3.12/site-packages/airflow/example_dags/example_params_trigger_ui.py
[2025-09-29T14:37:00.394+0000] {processor.py:925} INFO - DAG(s) 'example_params_trigger_ui' retrieved from /home/airflow/.local/lib/python3.12/site-packages/airflow/example_dags/example_params_trigger_ui.py
[2025-09-29T14:37:00.420+0000] {logging_mixin.py:190} INFO - [2025-09-29T14:37:00.420+0000] {dag.py:3239} INFO - Sync 1 DAGs
[2025-09-29T14:37:00.427+0000] {logging_mixin.py:190} INFO - [2025-09-29T14:37:00.427+0000] {dag.py:4180} INFO - Setting next_dagrun for example_params_trigger_ui to None, run_after=None
[2025-09-29T14:37:00.439+0000] {processor.py:208} INFO - Processing /home/airflow/.local/lib/python3.12/site-packages/airflow/example_dags/example_params_trigger_ui.py took 0.057 seconds
[2025-09-29T14:37:30.675+0000] {processor.py:186} INFO - Started process (PID=445) to work on /home/airflow/.local/lib/python3.12/site-packages/airflow/example_dags/example_params_trigger_ui.py
[2025-09-29T14:37:30.676+0000] {processor.py:914} INFO - Processing file /home/airflow/.local/lib/python3.12/site-packages/airflow/example_dags/example_params_trigger_ui.py for tasks to queue
[2025-09-29T14:37:30.677+0000] {logging_mixin.py:190} INFO - [2025-09-29T14:37:30.677+0000] {dagbag.py:588} INFO - Filling up the DagBag from /home/airflow/.local/lib/python3.12/site-packages/airflow/example_dags/example_params_trigger_ui.py
[2025-09-29T14:37:30.682+0000] {processor.py:925} INFO - DAG(s) 'example_params_trigger_ui' retrieved from /home/airflow/.local/lib/python3.12/site-packages/airflow/example_dags/example_params_trigger_ui.py
[2025-09-29T14:37:30.700+0000] {logging_mixin.py:190} INFO - [2025-09-29T14:37:30.700+0000] {dag.py:3239} INFO - Sync 1 DAGs
[2025-09-29T14:37:30.706+0000] {logging_mixin.py:190} INFO - [2025-09-29T14:37:30.706+0000] {dag.py:4180} INFO - Setting next_dagrun for example_params_trigger_ui to None, run_after=None
[2025-09-29T14:37:30.715+0000] {processor.py:208} INFO - Processing /home/airflow/.local/lib/python3.12/site-packages/airflow/example_dags/example_params_trigger_ui.py took 0.042 seconds
[2025-09-29T14:38:01.112+0000] {processor.py:186} INFO - Started process (PID=515) to work on /home/airflow/.local/lib/python3.12/site-packages/airflow/example_dags/example_params_trigger_ui.py
[2025-09-29T14:38:01.114+0000] {processor.py:914} INFO - Processing file /home/airflow/.local/lib/python3.12/site-packages/airflow/example_dags/example_params_trigger_ui.py for tasks to queue
[2025-09-29T14:38:01.116+0000] {logging_mixin.py:190} INFO - [2025-09-29T14:38:01.116+0000] {dagbag.py:588} INFO - Filling up the DagBag from /home/airflow/.local/lib/python3.12/site-packages/airflow/example_dags/example_params_trigger_ui.py
[2025-09-29T14:38:01.122+0000] {processor.py:925} INFO - DAG(s) 'example_params_trigger_ui' retrieved from /home/airflow/.local/lib/python3.12/site-packages/airflow/example_dags/example_params_trigger_ui.py
[2025-09-29T14:38:01.148+0000] {logging_mixin.py:190} INFO - [2025-09-29T14:38:01.148+0000] {dag.py:3239} INFO - Sync 1 DAGs
[2025-09-29T14:38:01.156+0000] {logging_mixin.py:190} INFO - [2025-09-29T14:38:01.156+0000] {dag.py:4180} INFO - Setting next_dagrun for example_params_trigger_ui to None, run_after=None
[2025-09-29T14:38:01.172+0000] {processor.py:208} INFO - Processing /home/airflow/.local/lib/python3.12/site-packages/airflow/example_dags/example_params_trigger_ui.py took 0.064 seconds
[2025-09-29T14:38:31.519+0000] {processor.py:186} INFO - Started process (PID=587) to work on /home/airflow/.local/lib/python3.12/site-packages/airflow/example_dags/example_params_trigger_ui.py
[2025-09-29T14:38:31.519+0000] {processor.py:914} INFO - Processing file /home/airflow/.local/lib/python3.12/site-packages/airflow/example_dags/example_params_trigger_ui.py for tasks to queue
[2025-09-29T14:38:31.521+0000] {logging_mixin.py:190} INFO - [2025-09-29T14:38:31.520+0000] {dagbag.py:588} INFO - Filling up the DagBag from /home/airflow/.local/lib/python3.12/site-packages/airflow/example_dags/example_params_trigger_ui.py
[2025-09-29T14:38:31.526+0000] {processor.py:925} INFO - DAG(s) 'example_params_trigger_ui' retrieved from /home/airflow/.local/lib/python3.12/site-packages/airflow/example_dags/example_params_trigger_ui.py
[2025-09-29T14:38:31.545+0000] {logging_mixin.py:190} INFO - [2025-09-29T14:38:31.545+0000] {dag.py:3239} INFO - Sync 1 DAGs
[2025-09-29T14:38:31.551+0000] {logging_mixin.py:190} INFO - [2025-09-29T14:38:31.551+0000] {dag.py:4180} INFO - Setting next_dagrun for example_params_trigger_ui to None, run_after=None
[2025-09-29T14:38:31.566+0000] {processor.py:208} INFO - Processing /home/airflow/.local/lib/python3.12/site-packages/airflow/example_dags/example_params_trigger_ui.py took 0.051 seconds
[2025-09-29T14:39:01.929+0000] {processor.py:186} INFO - Started process (PID=650) to work on /home/airflow/.local/lib/python3.12/site-packages/airflow/example_dags/example_params_trigger_ui.py
[2025-09-29T14:39:01.931+0000] {processor.py:914} INFO - Processing file /home/airflow/.local/lib/python3.12/site-packages/airflow/example_dags/example_params_trigger_ui.py for tasks to queue
[2025-09-29T14:39:01.934+0000] {logging_mixin.py:190} INFO - [2025-09-29T14:39:01.933+0000] {dagbag.py:588} INFO - Filling up the DagBag from /home/airflow/.local/lib/python3.12/site-packages/airflow/example_dags/example_params_trigger_ui.py
[2025-09-29T14:39:01.939+0000] {processor.py:925} INFO - DAG(s) 'example_params_trigger_ui' retrieved from /home/airflow/.local/lib/python3.12/site-packages/airflow/example_dags/example_params_trigger_ui.py
[2025-09-29T14:39:01.963+0000] {logging_mixin.py:190} INFO - [2025-09-29T14:39:01.963+0000] {dag.py:3239} INFO - Sync 1 DAGs
[2025-09-29T14:39:01.970+0000] {logging_mixin.py:190} INFO - [2025-09-29T14:39:01.970+0000] {dag.py:4180} INFO - Setting next_dagrun for example_params_trigger_ui to None, run_after=None
[2025-09-29T14:39:01.981+0000] {processor.py:208} INFO - Processing /home/airflow/.local/lib/python3.12/site-packages/airflow/example_dags/example_params_trigger_ui.py took 0.056 seconds
[2025-09-29T14:39:32.476+0000] {processor.py:186} INFO - Started process (PID=713) to work on /home/airflow/.local/lib/python3.12/site-packages/airflow/example_dags/example_params_trigger_ui.py
[2025-09-29T14:39:32.476+0000] {processor.py:914} INFO - Processing file /home/airflow/.local/lib/python3.12/site-packages/airflow/example_dags/example_params_trigger_ui.py for tasks to queue
[2025-09-29T14:39:32.478+0000] {logging_mixin.py:190} INFO - [2025-09-29T14:39:32.478+0000] {dagbag.py:588} INFO - Filling up the DagBag from /home/airflow/.local/lib/python3.12/site-packages/airflow/example_dags/example_params_trigger_ui.py
[2025-09-29T14:39:32.484+0000] {processor.py:925} INFO - DAG(s) 'example_params_trigger_ui' retrieved from /home/airflow/.local/lib/python3.12/site-packages/airflow/example_dags/example_params_trigger_ui.py
[2025-09-29T14:39:32.512+0000] {logging_mixin.py:190} INFO - [2025-09-29T14:39:32.511+0000] {dag.py:3239} INFO - Sync 1 DAGs
[2025-09-29T14:39:32.522+0000] {logging_mixin.py:190} INFO - [2025-09-29T14:39:32.522+0000] {dag.py:4180} INFO - Setting next_dagrun for example_params_trigger_ui to None, run_after=None
[2025-09-29T14:39:32.533+0000] {processor.py:208} INFO - Processing /home/airflow/.local/lib/python3.12/site-packages/airflow/example_dags/example_params_trigger_ui.py took 0.062 seconds
[2025-09-29T14:40:02.905+0000] {processor.py:186} INFO - Started process (PID=777) to work on /home/airflow/.local/lib/python3.12/site-packages/airflow/example_dags/example_params_trigger_ui.py
[2025-09-29T14:40:02.905+0000] {processor.py:914} INFO - Processing file /home/airflow/.local/lib/python3.12/site-packages/airflow/example_dags/example_params_trigger_ui.py for tasks to queue
[2025-09-29T14:40:02.907+0000] {logging_mixin.py:190} INFO - [2025-09-29T14:40:02.907+0000] {dagbag.py:588} INFO - Filling up the DagBag from /home/airflow/.local/lib/python3.12/site-packages/airflow/example_dags/example_params_trigger_ui.py
[2025-09-29T14:40:02.913+0000] {processor.py:925} INFO - DAG(s) 'example_params_trigger_ui' retrieved from /home/airflow/.local/lib/python3.12/site-packages/airflow/example_dags/example_params_trigger_ui.py
[2025-09-29T14:40:02.976+0000] {logging_mixin.py:190} INFO - [2025-09-29T14:40:02.975+0000] {dag.py:3239} INFO - Sync 1 DAGs
[2025-09-29T14:40:02.987+0000] {logging_mixin.py:190} INFO - [2025-09-29T14:40:02.987+0000] {dag.py:4180} INFO - Setting next_dagrun for example_params_trigger_ui to None, run_after=None
[2025-09-29T14:40:02.997+0000] {processor.py:208} INFO - Processing /home/airflow/.local/lib/python3.12/site-packages/airflow/example_dags/example_params_trigger_ui.py took 0.096 seconds
[2025-09-29T14:40:33.332+0000] {processor.py:186} INFO - Started process (PID=840) to work on /home/airflow/.local/lib/python3.12/site-packages/airflow/example_dags/example_params_trigger_ui.py
[2025-09-29T14:40:33.333+0000] {processor.py:914} INFO - Processing file /home/airflow/.local/lib/python3.12/site-packages/airflow/example_dags/example_params_trigger_ui.py for tasks to queue
[2025-09-29T14:40:33.334+0000] {logging_mixin.py:190} INFO - [2025-09-29T14:40:33.334+0000] {dagbag.py:588} INFO - Filling up the DagBag from /home/airflow/.local/lib/python3.12/site-packages/airflow/example_dags/example_params_trigger_ui.py
[2025-09-29T14:40:33.341+0000] {processor.py:925} INFO - DAG(s) 'example_params_trigger_ui' retrieved from /home/airflow/.local/lib/python3.12/site-packages/airflow/example_dags/example_params_trigger_ui.py
[2025-09-29T14:40:33.361+0000] {logging_mixin.py:190} INFO - [2025-09-29T14:40:33.361+0000] {dag.py:3239} INFO - Sync 1 DAGs
[2025-09-29T14:40:33.369+0000] {logging_mixin.py:190} INFO - [2025-09-29T14:40:33.369+0000] {dag.py:4180} INFO - Setting next_dagrun for example_params_trigger_ui to None, run_after=None
[2025-09-29T14:40:33.380+0000] {processor.py:208} INFO - Processing /home/airflow/.local/lib/python3.12/site-packages/airflow/example_dags/example_params_trigger_ui.py took 0.052 seconds
[2025-09-29T14:41:03.747+0000] {processor.py:186} INFO - Started process (PID=906) to work on /home/airflow/.local/lib/python3.12/site-packages/airflow/example_dags/example_params_trigger_ui.py
[2025-09-29T14:41:03.748+0000] {processor.py:914} INFO - Processing file /home/airflow/.local/lib/python3.12/site-packages/airflow/example_dags/example_params_trigger_ui.py for tasks to queue
[2025-09-29T14:41:03.750+0000] {logging_mixin.py:190} INFO - [2025-09-29T14:41:03.750+0000] {dagbag.py:588} INFO - Filling up the DagBag from /home/airflow/.local/lib/python3.12/site-packages/airflow/example_dags/example_params_trigger_ui.py
[2025-09-29T14:41:03.756+0000] {processor.py:925} INFO - DAG(s) 'example_params_trigger_ui' retrieved from /home/airflow/.local/lib/python3.12/site-packages/airflow/example_dags/example_params_trigger_ui.py
[2025-09-29T14:41:03.775+0000] {logging_mixin.py:190} INFO - [2025-09-29T14:41:03.775+0000] {dag.py:3239} INFO - Sync 1 DAGs
[2025-09-29T14:41:03.781+0000] {logging_mixin.py:190} INFO - [2025-09-29T14:41:03.781+0000] {dag.py:4180} INFO - Setting next_dagrun for example_params_trigger_ui to None, run_after=None
[2025-09-29T14:41:03.792+0000] {processor.py:208} INFO - Processing /home/airflow/.local/lib/python3.12/site-packages/airflow/example_dags/example_params_trigger_ui.py took 0.049 seconds
[2025-09-29T14:41:34.015+0000] {processor.py:186} INFO - Started process (PID=970) to work on /home/airflow/.local/lib/python3.12/site-packages/airflow/example_dags/example_params_trigger_ui.py
[2025-09-29T14:41:34.016+0000] {processor.py:914} INFO - Processing file /home/airflow/.local/lib/python3.12/site-packages/airflow/example_dags/example_params_trigger_ui.py for tasks to queue
[2025-09-29T14:41:34.017+0000] {logging_mixin.py:190} INFO - [2025-09-29T14:41:34.017+0000] {dagbag.py:588} INFO - Filling up the DagBag from /home/airflow/.local/lib/python3.12/site-packages/airflow/example_dags/example_params_trigger_ui.py
[2025-09-29T14:41:34.024+0000] {processor.py:925} INFO - DAG(s) 'example_params_trigger_ui' retrieved from /home/airflow/.local/lib/python3.12/site-packages/airflow/example_dags/example_params_trigger_ui.py
[2025-09-29T14:41:34.044+0000] {logging_mixin.py:190} INFO - [2025-09-29T14:41:34.044+0000] {dag.py:3239} INFO - Sync 1 DAGs
[2025-09-29T14:41:34.052+0000] {logging_mixin.py:190} INFO - [2025-09-29T14:41:34.052+0000] {dag.py:4180} INFO - Setting next_dagrun for example_params_trigger_ui to None, run_after=None
[2025-09-29T14:41:34.065+0000] {processor.py:208} INFO - Processing /home/airflow/.local/lib/python3.12/site-packages/airflow/example_dags/example_params_trigger_ui.py took 0.054 seconds
[2025-09-29T14:42:04.531+0000] {processor.py:186} INFO - Started process (PID=1035) to work on /home/airflow/.local/lib/python3.12/site-packages/airflow/example_dags/example_params_trigger_ui.py
[2025-09-29T14:42:04.532+0000] {processor.py:914} INFO - Processing file /home/airflow/.local/lib/python3.12/site-packages/airflow/example_dags/example_params_trigger_ui.py for tasks to queue
[2025-09-29T14:42:04.533+0000] {logging_mixin.py:190} INFO - [2025-09-29T14:42:04.533+0000] {dagbag.py:588} INFO - Filling up the DagBag from /home/airflow/.local/lib/python3.12/site-packages/airflow/example_dags/example_params_trigger_ui.py
[2025-09-29T14:42:04.540+0000] {processor.py:925} INFO - DAG(s) 'example_params_trigger_ui' retrieved from /home/airflow/.local/lib/python3.12/site-packages/airflow/example_dags/example_params_trigger_ui.py
[2025-09-29T14:42:04.561+0000] {logging_mixin.py:190} INFO - [2025-09-29T14:42:04.561+0000] {dag.py:3239} INFO - Sync 1 DAGs
[2025-09-29T14:42:04.574+0000] {logging_mixin.py:190} INFO - [2025-09-29T14:42:04.574+0000] {dag.py:4180} INFO - Setting next_dagrun for example_params_trigger_ui to None, run_after=None
[2025-09-29T14:42:04.585+0000] {processor.py:208} INFO - Processing /home/airflow/.local/lib/python3.12/site-packages/airflow/example_dags/example_params_trigger_ui.py took 0.058 seconds
[2025-09-29T14:42:34.908+0000] {processor.py:186} INFO - Started process (PID=1099) to work on /home/airflow/.local/lib/python3.12/site-packages/airflow/example_dags/example_params_trigger_ui.py
[2025-09-29T14:42:34.910+0000] {processor.py:914} INFO - Processing file /home/airflow/.local/lib/python3.12/site-packages/airflow/example_dags/example_params_trigger_ui.py for tasks to queue
[2025-09-29T14:42:34.911+0000] {logging_mixin.py:190} INFO - [2025-09-29T14:42:34.911+0000] {dagbag.py:588} INFO - Filling up the DagBag from /home/airflow/.local/lib/python3.12/site-packages/airflow/example_dags/example_params_trigger_ui.py
[2025-09-29T14:42:34.917+0000] {processor.py:925} INFO - DAG(s) 'example_params_trigger_ui' retrieved from /home/airflow/.local/lib/python3.12/site-packages/airflow/example_dags/example_params_trigger_ui.py
[2025-09-29T14:42:34.940+0000] {logging_mixin.py:190} INFO - [2025-09-29T14:42:34.939+0000] {dag.py:3239} INFO - Sync 1 DAGs
[2025-09-29T14:42:34.947+0000] {logging_mixin.py:190} INFO - [2025-09-29T14:42:34.947+0000] {dag.py:4180} INFO - Setting next_dagrun for example_params_trigger_ui to None, run_after=None
[2025-09-29T14:42:34.963+0000] {processor.py:208} INFO - Processing /home/airflow/.local/lib/python3.12/site-packages/airflow/example_dags/example_params_trigger_ui.py took 0.059 seconds
[2025-09-29T14:43:05.235+0000] {processor.py:186} INFO - Started process (PID=1163) to work on /home/airflow/.local/lib/python3.12/site-packages/airflow/example_dags/example_params_trigger_ui.py
[2025-09-29T14:43:05.235+0000] {processor.py:914} INFO - Processing file /home/airflow/.local/lib/python3.12/site-packages/airflow/example_dags/example_params_trigger_ui.py for tasks to queue
[2025-09-29T14:43:05.237+0000] {logging_mixin.py:190} INFO - [2025-09-29T14:43:05.237+0000] {dagbag.py:588} INFO - Filling up the DagBag from /home/airflow/.local/lib/python3.12/site-packages/airflow/example_dags/example_params_trigger_ui.py
[2025-09-29T14:43:05.242+0000] {processor.py:925} INFO - DAG(s) 'example_params_trigger_ui' retrieved from /home/airflow/.local/lib/python3.12/site-packages/airflow/example_dags/example_params_trigger_ui.py
[2025-09-29T14:43:05.261+0000] {logging_mixin.py:190} INFO - [2025-09-29T14:43:05.261+0000] {dag.py:3239} INFO - Sync 1 DAGs
[2025-09-29T14:43:05.267+0000] {logging_mixin.py:190} INFO - [2025-09-29T14:43:05.267+0000] {dag.py:4180} INFO - Setting next_dagrun for example_params_trigger_ui to None, run_after=None
[2025-09-29T14:43:05.276+0000] {processor.py:208} INFO - Processing /home/airflow/.local/lib/python3.12/site-packages/airflow/example_dags/example_params_trigger_ui.py took 0.044 seconds
[2025-09-29T14:43:35.488+0000] {processor.py:186} INFO - Started process (PID=1227) to work on /home/airflow/.local/lib/python3.12/site-packages/airflow/example_dags/example_params_trigger_ui.py
[2025-09-29T14:43:35.489+0000] {processor.py:914} INFO - Processing file /home/airflow/.local/lib/python3.12/site-packages/airflow/example_dags/example_params_trigger_ui.py for tasks to queue
[2025-09-29T14:43:35.491+0000] {logging_mixin.py:190} INFO - [2025-09-29T14:43:35.491+0000] {dagbag.py:588} INFO - Filling up the DagBag from /home/airflow/.local/lib/python3.12/site-packages/airflow/example_dags/example_params_trigger_ui.py
[2025-09-29T14:43:35.497+0000] {processor.py:925} INFO - DAG(s) 'example_params_trigger_ui' retrieved from /home/airflow/.local/lib/python3.12/site-packages/airflow/example_dags/example_params_trigger_ui.py
[2025-09-29T14:43:35.516+0000] {logging_mixin.py:190} INFO - [2025-09-29T14:43:35.516+0000] {dag.py:3239} INFO - Sync 1 DAGs
[2025-09-29T14:43:35.525+0000] {logging_mixin.py:190} INFO - [2025-09-29T14:43:35.525+0000] {dag.py:4180} INFO - Setting next_dagrun for example_params_trigger_ui to None, run_after=None
[2025-09-29T14:43:35.535+0000] {processor.py:208} INFO - Processing /home/airflow/.local/lib/python3.12/site-packages/airflow/example_dags/example_params_trigger_ui.py took 0.050 seconds
[2025-09-29T14:44:06.109+0000] {processor.py:186} INFO - Started process (PID=1291) to work on /home/airflow/.local/lib/python3.12/site-packages/airflow/example_dags/example_params_trigger_ui.py
[2025-09-29T14:44:06.115+0000] {processor.py:914} INFO - Processing file /home/airflow/.local/lib/python3.12/site-packages/airflow/example_dags/example_params_trigger_ui.py for tasks to queue
[2025-09-29T14:44:06.118+0000] {logging_mixin.py:190} INFO - [2025-09-29T14:44:06.117+0000] {dagbag.py:588} INFO - Filling up the DagBag from /home/airflow/.local/lib/python3.12/site-packages/airflow/example_dags/example_params_trigger_ui.py
[2025-09-29T14:44:06.126+0000] {processor.py:925} INFO - DAG(s) 'example_params_trigger_ui' retrieved from /home/airflow/.local/lib/python3.12/site-packages/airflow/example_dags/example_params_trigger_ui.py
[2025-09-29T14:44:06.167+0000] {logging_mixin.py:190} INFO - [2025-09-29T14:44:06.166+0000] {dag.py:3239} INFO - Sync 1 DAGs
[2025-09-29T14:44:06.179+0000] {logging_mixin.py:190} INFO - [2025-09-29T14:44:06.179+0000] {dag.py:4180} INFO - Setting next_dagrun for example_params_trigger_ui to None, run_after=None
[2025-09-29T14:44:06.194+0000] {processor.py:208} INFO - Processing /home/airflow/.local/lib/python3.12/site-packages/airflow/example_dags/example_params_trigger_ui.py took 0.091 seconds
[2025-09-29T14:44:36.617+0000] {processor.py:186} INFO - Started process (PID=1354) to work on /home/airflow/.local/lib/python3.12/site-packages/airflow/example_dags/example_params_trigger_ui.py
[2025-09-29T14:44:36.617+0000] {processor.py:914} INFO - Processing file /home/airflow/.local/lib/python3.12/site-packages/airflow/example_dags/example_params_trigger_ui.py for tasks to queue
[2025-09-29T14:44:36.619+0000] {logging_mixin.py:190} INFO - [2025-09-29T14:44:36.619+0000] {dagbag.py:588} INFO - Filling up the DagBag from /home/airflow/.local/lib/python3.12/site-packages/airflow/example_dags/example_params_trigger_ui.py
[2025-09-29T14:44:36.625+0000] {processor.py:925} INFO - DAG(s) 'example_params_trigger_ui' retrieved from /home/airflow/.local/lib/python3.12/site-packages/airflow/example_dags/example_params_trigger_ui.py
[2025-09-29T14:44:36.649+0000] {logging_mixin.py:190} INFO - [2025-09-29T14:44:36.649+0000] {dag.py:3239} INFO - Sync 1 DAGs
[2025-09-29T14:44:36.656+0000] {logging_mixin.py:190} INFO - [2025-09-29T14:44:36.656+0000] {dag.py:4180} INFO - Setting next_dagrun for example_params_trigger_ui to None, run_after=None
[2025-09-29T14:44:36.669+0000] {processor.py:208} INFO - Processing /home/airflow/.local/lib/python3.12/site-packages/airflow/example_dags/example_params_trigger_ui.py took 0.056 seconds
[2025-09-29T14:45:07.043+0000] {processor.py:186} INFO - Started process (PID=1418) to work on /home/airflow/.local/lib/python3.12/site-packages/airflow/example_dags/example_params_trigger_ui.py
[2025-09-29T14:45:07.044+0000] {processor.py:914} INFO - Processing file /home/airflow/.local/lib/python3.12/site-packages/airflow/example_dags/example_params_trigger_ui.py for tasks to queue
[2025-09-29T14:45:07.045+0000] {logging_mixin.py:190} INFO - [2025-09-29T14:45:07.045+0000] {dagbag.py:588} INFO - Filling up the DagBag from /home/airflow/.local/lib/python3.12/site-packages/airflow/example_dags/example_params_trigger_ui.py
[2025-09-29T14:45:07.051+0000] {processor.py:925} INFO - DAG(s) 'example_params_trigger_ui' retrieved from /home/airflow/.local/lib/python3.12/site-packages/airflow/example_dags/example_params_trigger_ui.py
[2025-09-29T14:45:07.073+0000] {logging_mixin.py:190} INFO - [2025-09-29T14:45:07.073+0000] {dag.py:3239} INFO - Sync 1 DAGs
[2025-09-29T14:45:07.080+0000] {logging_mixin.py:190} INFO - [2025-09-29T14:45:07.080+0000] {dag.py:4180} INFO - Setting next_dagrun for example_params_trigger_ui to None, run_after=None
[2025-09-29T14:45:07.099+0000] {processor.py:208} INFO - Processing /home/airflow/.local/lib/python3.12/site-packages/airflow/example_dags/example_params_trigger_ui.py took 0.059 seconds
[2025-09-29T14:45:37.488+0000] {processor.py:186} INFO - Started process (PID=1482) to work on /home/airflow/.local/lib/python3.12/site-packages/airflow/example_dags/example_params_trigger_ui.py
[2025-09-29T14:45:37.488+0000] {processor.py:914} INFO - Processing file /home/airflow/.local/lib/python3.12/site-packages/airflow/example_dags/example_params_trigger_ui.py for tasks to queue
[2025-09-29T14:45:37.490+0000] {logging_mixin.py:190} INFO - [2025-09-29T14:45:37.490+0000] {dagbag.py:588} INFO - Filling up the DagBag from /home/airflow/.local/lib/python3.12/site-packages/airflow/example_dags/example_params_trigger_ui.py
[2025-09-29T14:45:37.500+0000] {processor.py:925} INFO - DAG(s) 'example_params_trigger_ui' retrieved from /home/airflow/.local/lib/python3.12/site-packages/airflow/example_dags/example_params_trigger_ui.py
[2025-09-29T14:45:37.526+0000] {logging_mixin.py:190} INFO - [2025-09-29T14:45:37.526+0000] {dag.py:3239} INFO - Sync 1 DAGs
[2025-09-29T14:45:37.535+0000] {logging_mixin.py:190} INFO - [2025-09-29T14:45:37.535+0000] {dag.py:4180} INFO - Setting next_dagrun for example_params_trigger_ui to None, run_after=None
[2025-09-29T14:45:37.549+0000] {processor.py:208} INFO - Processing /home/airflow/.local/lib/python3.12/site-packages/airflow/example_dags/example_params_trigger_ui.py took 0.064 seconds
[2025-09-29T14:46:08.020+0000] {processor.py:186} INFO - Started process (PID=1546) to work on /home/airflow/.local/lib/python3.12/site-packages/airflow/example_dags/example_params_trigger_ui.py
[2025-09-29T14:46:08.024+0000] {processor.py:914} INFO - Processing file /home/airflow/.local/lib/python3.12/site-packages/airflow/example_dags/example_params_trigger_ui.py for tasks to queue
[2025-09-29T14:46:08.026+0000] {logging_mixin.py:190} INFO - [2025-09-29T14:46:08.025+0000] {dagbag.py:588} INFO - Filling up the DagBag from /home/airflow/.local/lib/python3.12/site-packages/airflow/example_dags/example_params_trigger_ui.py
[2025-09-29T14:46:08.032+0000] {processor.py:925} INFO - DAG(s) 'example_params_trigger_ui' retrieved from /home/airflow/.local/lib/python3.12/site-packages/airflow/example_dags/example_params_trigger_ui.py
[2025-09-29T14:46:08.056+0000] {logging_mixin.py:190} INFO - [2025-09-29T14:46:08.056+0000] {dag.py:3239} INFO - Sync 1 DAGs
[2025-09-29T14:46:08.064+0000] {logging_mixin.py:190} INFO - [2025-09-29T14:46:08.064+0000] {dag.py:4180} INFO - Setting next_dagrun for example_params_trigger_ui to None, run_after=None
[2025-09-29T14:46:08.075+0000] {processor.py:208} INFO - Processing /home/airflow/.local/lib/python3.12/site-packages/airflow/example_dags/example_params_trigger_ui.py took 0.059 seconds
[2025-09-29T14:46:38.634+0000] {processor.py:186} INFO - Started process (PID=1610) to work on /home/airflow/.local/lib/python3.12/site-packages/airflow/example_dags/example_params_trigger_ui.py
[2025-09-29T14:46:38.635+0000] {processor.py:914} INFO - Processing file /home/airflow/.local/lib/python3.12/site-packages/airflow/example_dags/example_params_trigger_ui.py for tasks to queue
[2025-09-29T14:46:38.636+0000] {logging_mixin.py:190} INFO - [2025-09-29T14:46:38.636+0000] {dagbag.py:588} INFO - Filling up the DagBag from /home/airflow/.local/lib/python3.12/site-packages/airflow/example_dags/example_params_trigger_ui.py
[2025-09-29T14:46:38.643+0000] {processor.py:925} INFO - DAG(s) 'example_params_trigger_ui' retrieved from /home/airflow/.local/lib/python3.12/site-packages/airflow/example_dags/example_params_trigger_ui.py
[2025-09-29T14:46:38.675+0000] {logging_mixin.py:190} INFO - [2025-09-29T14:46:38.675+0000] {dag.py:3239} INFO - Sync 1 DAGs
[2025-09-29T14:46:38.688+0000] {logging_mixin.py:190} INFO - [2025-09-29T14:46:38.687+0000] {dag.py:4180} INFO - Setting next_dagrun for example_params_trigger_ui to None, run_after=None
[2025-09-29T14:46:38.703+0000] {processor.py:208} INFO - Processing /home/airflow/.local/lib/python3.12/site-packages/airflow/example_dags/example_params_trigger_ui.py took 0.074 seconds
[2025-09-29T14:47:08.938+0000] {processor.py:186} INFO - Started process (PID=1674) to work on /home/airflow/.local/lib/python3.12/site-packages/airflow/example_dags/example_params_trigger_ui.py
[2025-09-29T14:47:08.938+0000] {processor.py:914} INFO - Processing file /home/airflow/.local/lib/python3.12/site-packages/airflow/example_dags/example_params_trigger_ui.py for tasks to queue
[2025-09-29T14:47:08.940+0000] {logging_mixin.py:190} INFO - [2025-09-29T14:47:08.940+0000] {dagbag.py:588} INFO - Filling up the DagBag from /home/airflow/.local/lib/python3.12/site-packages/airflow/example_dags/example_params_trigger_ui.py
[2025-09-29T14:47:08.946+0000] {processor.py:925} INFO - DAG(s) 'example_params_trigger_ui' retrieved from /home/airflow/.local/lib/python3.12/site-packages/airflow/example_dags/example_params_trigger_ui.py
[2025-09-29T14:47:08.965+0000] {logging_mixin.py:190} INFO - [2025-09-29T14:47:08.965+0000] {dag.py:3239} INFO - Sync 1 DAGs
[2025-09-29T14:47:08.973+0000] {logging_mixin.py:190} INFO - [2025-09-29T14:47:08.972+0000] {dag.py:4180} INFO - Setting next_dagrun for example_params_trigger_ui to None, run_after=None
[2025-09-29T14:47:08.989+0000] {processor.py:208} INFO - Processing /home/airflow/.local/lib/python3.12/site-packages/airflow/example_dags/example_params_trigger_ui.py took 0.055 seconds
[2025-09-29T14:47:39.456+0000] {processor.py:186} INFO - Started process (PID=1738) to work on /home/airflow/.local/lib/python3.12/site-packages/airflow/example_dags/example_params_trigger_ui.py
[2025-09-29T14:47:39.457+0000] {processor.py:914} INFO - Processing file /home/airflow/.local/lib/python3.12/site-packages/airflow/example_dags/example_params_trigger_ui.py for tasks to queue
[2025-09-29T14:47:39.460+0000] {logging_mixin.py:190} INFO - [2025-09-29T14:47:39.460+0000] {dagbag.py:588} INFO - Filling up the DagBag from /home/airflow/.local/lib/python3.12/site-packages/airflow/example_dags/example_params_trigger_ui.py
[2025-09-29T14:47:39.467+0000] {processor.py:925} INFO - DAG(s) 'example_params_trigger_ui' retrieved from /home/airflow/.local/lib/python3.12/site-packages/airflow/example_dags/example_params_trigger_ui.py
[2025-09-29T14:47:39.486+0000] {logging_mixin.py:190} INFO - [2025-09-29T14:47:39.486+0000] {dag.py:3239} INFO - Sync 1 DAGs
[2025-09-29T14:47:39.493+0000] {logging_mixin.py:190} INFO - [2025-09-29T14:47:39.492+0000] {dag.py:4180} INFO - Setting next_dagrun for example_params_trigger_ui to None, run_after=None
[2025-09-29T14:47:39.501+0000] {processor.py:208} INFO - Processing /home/airflow/.local/lib/python3.12/site-packages/airflow/example_dags/example_params_trigger_ui.py took 0.047 seconds
[2025-09-29T14:48:09.757+0000] {processor.py:186} INFO - Started process (PID=1802) to work on /home/airflow/.local/lib/python3.12/site-packages/airflow/example_dags/example_params_trigger_ui.py
[2025-09-29T14:48:09.758+0000] {processor.py:914} INFO - Processing file /home/airflow/.local/lib/python3.12/site-packages/airflow/example_dags/example_params_trigger_ui.py for tasks to queue
[2025-09-29T14:48:09.761+0000] {logging_mixin.py:190} INFO - [2025-09-29T14:48:09.761+0000] {dagbag.py:588} INFO - Filling up the DagBag from /home/airflow/.local/lib/python3.12/site-packages/airflow/example_dags/example_params_trigger_ui.py
[2025-09-29T14:48:09.776+0000] {processor.py:925} INFO - DAG(s) 'example_params_trigger_ui' retrieved from /home/airflow/.local/lib/python3.12/site-packages/airflow/example_dags/example_params_trigger_ui.py
[2025-09-29T14:48:09.800+0000] {logging_mixin.py:190} INFO - [2025-09-29T14:48:09.800+0000] {dag.py:3239} INFO - Sync 1 DAGs
[2025-09-29T14:48:09.811+0000] {logging_mixin.py:190} INFO - [2025-09-29T14:48:09.810+0000] {dag.py:4180} INFO - Setting next_dagrun for example_params_trigger_ui to None, run_after=None
[2025-09-29T14:48:09.823+0000] {processor.py:208} INFO - Processing /home/airflow/.local/lib/python3.12/site-packages/airflow/example_dags/example_params_trigger_ui.py took 0.069 seconds
[2025-09-29T14:48:40.206+0000] {processor.py:186} INFO - Started process (PID=1866) to work on /home/airflow/.local/lib/python3.12/site-packages/airflow/example_dags/example_params_trigger_ui.py
[2025-09-29T14:48:40.208+0000] {processor.py:914} INFO - Processing file /home/airflow/.local/lib/python3.12/site-packages/airflow/example_dags/example_params_trigger_ui.py for tasks to queue
[2025-09-29T14:48:40.209+0000] {logging_mixin.py:190} INFO - [2025-09-29T14:48:40.209+0000] {dagbag.py:588} INFO - Filling up the DagBag from /home/airflow/.local/lib/python3.12/site-packages/airflow/example_dags/example_params_trigger_ui.py
[2025-09-29T14:48:40.214+0000] {processor.py:925} INFO - DAG(s) 'example_params_trigger_ui' retrieved from /home/airflow/.local/lib/python3.12/site-packages/airflow/example_dags/example_params_trigger_ui.py
[2025-09-29T14:48:40.232+0000] {logging_mixin.py:190} INFO - [2025-09-29T14:48:40.232+0000] {dag.py:3239} INFO - Sync 1 DAGs
[2025-09-29T14:48:40.239+0000] {logging_mixin.py:190} INFO - [2025-09-29T14:48:40.239+0000] {dag.py:4180} INFO - Setting next_dagrun for example_params_trigger_ui to None, run_after=None
[2025-09-29T14:48:40.247+0000] {processor.py:208} INFO - Processing /home/airflow/.local/lib/python3.12/site-packages/airflow/example_dags/example_params_trigger_ui.py took 0.045 seconds
[2025-09-29T14:49:10.312+0000] {processor.py:186} INFO - Started process (PID=1930) to work on /home/airflow/.local/lib/python3.12/site-packages/airflow/example_dags/example_params_trigger_ui.py
[2025-09-29T14:49:10.316+0000] {processor.py:914} INFO - Processing file /home/airflow/.local/lib/python3.12/site-packages/airflow/example_dags/example_params_trigger_ui.py for tasks to queue
[2025-09-29T14:49:10.317+0000] {logging_mixin.py:190} INFO - [2025-09-29T14:49:10.317+0000] {dagbag.py:588} INFO - Filling up the DagBag from /home/airflow/.local/lib/python3.12/site-packages/airflow/example_dags/example_params_trigger_ui.py
[2025-09-29T14:49:10.323+0000] {processor.py:925} INFO - DAG(s) 'example_params_trigger_ui' retrieved from /home/airflow/.local/lib/python3.12/site-packages/airflow/example_dags/example_params_trigger_ui.py
[2025-09-29T14:49:10.343+0000] {logging_mixin.py:190} INFO - [2025-09-29T14:49:10.343+0000] {dag.py:3239} INFO - Sync 1 DAGs
[2025-09-29T14:49:10.350+0000] {logging_mixin.py:190} INFO - [2025-09-29T14:49:10.350+0000] {dag.py:4180} INFO - Setting next_dagrun for example_params_trigger_ui to None, run_after=None
[2025-09-29T14:49:10.360+0000] {processor.py:208} INFO - Processing /home/airflow/.local/lib/python3.12/site-packages/airflow/example_dags/example_params_trigger_ui.py took 0.051 seconds
[2025-09-29T14:49:40.840+0000] {processor.py:186} INFO - Started process (PID=1994) to work on /home/airflow/.local/lib/python3.12/site-packages/airflow/example_dags/example_params_trigger_ui.py
[2025-09-29T14:49:40.841+0000] {processor.py:914} INFO - Processing file /home/airflow/.local/lib/python3.12/site-packages/airflow/example_dags/example_params_trigger_ui.py for tasks to queue
[2025-09-29T14:49:40.842+0000] {logging_mixin.py:190} INFO - [2025-09-29T14:49:40.842+0000] {dagbag.py:588} INFO - Filling up the DagBag from /home/airflow/.local/lib/python3.12/site-packages/airflow/example_dags/example_params_trigger_ui.py
[2025-09-29T14:49:40.848+0000] {processor.py:925} INFO - DAG(s) 'example_params_trigger_ui' retrieved from /home/airflow/.local/lib/python3.12/site-packages/airflow/example_dags/example_params_trigger_ui.py
[2025-09-29T14:49:40.867+0000] {logging_mixin.py:190} INFO - [2025-09-29T14:49:40.867+0000] {dag.py:3239} INFO - Sync 1 DAGs
[2025-09-29T14:49:40.874+0000] {logging_mixin.py:190} INFO - [2025-09-29T14:49:40.874+0000] {dag.py:4180} INFO - Setting next_dagrun for example_params_trigger_ui to None, run_after=None
[2025-09-29T14:49:40.882+0000] {processor.py:208} INFO - Processing /home/airflow/.local/lib/python3.12/site-packages/airflow/example_dags/example_params_trigger_ui.py took 0.045 seconds
[2025-09-29T14:50:11.201+0000] {processor.py:186} INFO - Started process (PID=2058) to work on /home/airflow/.local/lib/python3.12/site-packages/airflow/example_dags/example_params_trigger_ui.py
[2025-09-29T14:50:11.201+0000] {processor.py:914} INFO - Processing file /home/airflow/.local/lib/python3.12/site-packages/airflow/example_dags/example_params_trigger_ui.py for tasks to queue
[2025-09-29T14:50:11.203+0000] {logging_mixin.py:190} INFO - [2025-09-29T14:50:11.202+0000] {dagbag.py:588} INFO - Filling up the DagBag from /home/airflow/.local/lib/python3.12/site-packages/airflow/example_dags/example_params_trigger_ui.py
[2025-09-29T14:50:11.208+0000] {processor.py:925} INFO - DAG(s) 'example_params_trigger_ui' retrieved from /home/airflow/.local/lib/python3.12/site-packages/airflow/example_dags/example_params_trigger_ui.py
[2025-09-29T14:50:11.231+0000] {logging_mixin.py:190} INFO - [2025-09-29T14:50:11.231+0000] {dag.py:3239} INFO - Sync 1 DAGs
[2025-09-29T14:50:11.237+0000] {logging_mixin.py:190} INFO - [2025-09-29T14:50:11.237+0000] {dag.py:4180} INFO - Setting next_dagrun for example_params_trigger_ui to None, run_after=None
[2025-09-29T14:50:11.248+0000] {processor.py:208} INFO - Processing /home/airflow/.local/lib/python3.12/site-packages/airflow/example_dags/example_params_trigger_ui.py took 0.050 seconds
[2025-09-29T14:50:41.451+0000] {processor.py:186} INFO - Started process (PID=2122) to work on /home/airflow/.local/lib/python3.12/site-packages/airflow/example_dags/example_params_trigger_ui.py
[2025-09-29T14:50:41.451+0000] {processor.py:914} INFO - Processing file /home/airflow/.local/lib/python3.12/site-packages/airflow/example_dags/example_params_trigger_ui.py for tasks to queue
[2025-09-29T14:50:41.453+0000] {logging_mixin.py:190} INFO - [2025-09-29T14:50:41.452+0000] {dagbag.py:588} INFO - Filling up the DagBag from /home/airflow/.local/lib/python3.12/site-packages/airflow/example_dags/example_params_trigger_ui.py
[2025-09-29T14:50:41.458+0000] {processor.py:925} INFO - DAG(s) 'example_params_trigger_ui' retrieved from /home/airflow/.local/lib/python3.12/site-packages/airflow/example_dags/example_params_trigger_ui.py
[2025-09-29T14:50:41.477+0000] {logging_mixin.py:190} INFO - [2025-09-29T14:50:41.477+0000] {dag.py:3239} INFO - Sync 1 DAGs
[2025-09-29T14:50:41.484+0000] {logging_mixin.py:190} INFO - [2025-09-29T14:50:41.484+0000] {dag.py:4180} INFO - Setting next_dagrun for example_params_trigger_ui to None, run_after=None
[2025-09-29T14:50:41.494+0000] {processor.py:208} INFO - Processing /home/airflow/.local/lib/python3.12/site-packages/airflow/example_dags/example_params_trigger_ui.py took 0.047 seconds
[2025-09-29T14:51:11.685+0000] {processor.py:186} INFO - Started process (PID=2186) to work on /home/airflow/.local/lib/python3.12/site-packages/airflow/example_dags/example_params_trigger_ui.py
[2025-09-29T14:51:11.685+0000] {processor.py:914} INFO - Processing file /home/airflow/.local/lib/python3.12/site-packages/airflow/example_dags/example_params_trigger_ui.py for tasks to queue
[2025-09-29T14:51:11.686+0000] {logging_mixin.py:190} INFO - [2025-09-29T14:51:11.686+0000] {dagbag.py:588} INFO - Filling up the DagBag from /home/airflow/.local/lib/python3.12/site-packages/airflow/example_dags/example_params_trigger_ui.py
[2025-09-29T14:51:11.692+0000] {processor.py:925} INFO - DAG(s) 'example_params_trigger_ui' retrieved from /home/airflow/.local/lib/python3.12/site-packages/airflow/example_dags/example_params_trigger_ui.py
[2025-09-29T14:51:11.711+0000] {logging_mixin.py:190} INFO - [2025-09-29T14:51:11.711+0000] {dag.py:3239} INFO - Sync 1 DAGs
[2025-09-29T14:51:11.717+0000] {logging_mixin.py:190} INFO - [2025-09-29T14:51:11.717+0000] {dag.py:4180} INFO - Setting next_dagrun for example_params_trigger_ui to None, run_after=None
[2025-09-29T14:51:11.726+0000] {processor.py:208} INFO - Processing /home/airflow/.local/lib/python3.12/site-packages/airflow/example_dags/example_params_trigger_ui.py took 0.044 seconds
[2025-09-29T14:51:42.122+0000] {processor.py:186} INFO - Started process (PID=2250) to work on /home/airflow/.local/lib/python3.12/site-packages/airflow/example_dags/example_params_trigger_ui.py
[2025-09-29T14:51:42.122+0000] {processor.py:914} INFO - Processing file /home/airflow/.local/lib/python3.12/site-packages/airflow/example_dags/example_params_trigger_ui.py for tasks to queue
[2025-09-29T14:51:42.124+0000] {logging_mixin.py:190} INFO - [2025-09-29T14:51:42.124+0000] {dagbag.py:588} INFO - Filling up the DagBag from /home/airflow/.local/lib/python3.12/site-packages/airflow/example_dags/example_params_trigger_ui.py
[2025-09-29T14:51:42.130+0000] {processor.py:925} INFO - DAG(s) 'example_params_trigger_ui' retrieved from /home/airflow/.local/lib/python3.12/site-packages/airflow/example_dags/example_params_trigger_ui.py
[2025-09-29T14:51:42.149+0000] {logging_mixin.py:190} INFO - [2025-09-29T14:51:42.149+0000] {dag.py:3239} INFO - Sync 1 DAGs
[2025-09-29T14:51:42.156+0000] {logging_mixin.py:190} INFO - [2025-09-29T14:51:42.156+0000] {dag.py:4180} INFO - Setting next_dagrun for example_params_trigger_ui to None, run_after=None
[2025-09-29T14:51:42.175+0000] {processor.py:208} INFO - Processing /home/airflow/.local/lib/python3.12/site-packages/airflow/example_dags/example_params_trigger_ui.py took 0.057 seconds
[2025-09-29T14:52:12.387+0000] {processor.py:186} INFO - Started process (PID=2313) to work on /home/airflow/.local/lib/python3.12/site-packages/airflow/example_dags/example_params_trigger_ui.py
[2025-09-29T14:52:12.391+0000] {processor.py:914} INFO - Processing file /home/airflow/.local/lib/python3.12/site-packages/airflow/example_dags/example_params_trigger_ui.py for tasks to queue
[2025-09-29T14:52:12.392+0000] {logging_mixin.py:190} INFO - [2025-09-29T14:52:12.392+0000] {dagbag.py:588} INFO - Filling up the DagBag from /home/airflow/.local/lib/python3.12/site-packages/airflow/example_dags/example_params_trigger_ui.py
[2025-09-29T14:52:12.399+0000] {processor.py:925} INFO - DAG(s) 'example_params_trigger_ui' retrieved from /home/airflow/.local/lib/python3.12/site-packages/airflow/example_dags/example_params_trigger_ui.py
[2025-09-29T14:52:12.419+0000] {logging_mixin.py:190} INFO - [2025-09-29T14:52:12.419+0000] {dag.py:3239} INFO - Sync 1 DAGs
[2025-09-29T14:52:12.426+0000] {logging_mixin.py:190} INFO - [2025-09-29T14:52:12.426+0000] {dag.py:4180} INFO - Setting next_dagrun for example_params_trigger_ui to None, run_after=None
[2025-09-29T14:52:12.437+0000] {processor.py:208} INFO - Processing /home/airflow/.local/lib/python3.12/site-packages/airflow/example_dags/example_params_trigger_ui.py took 0.053 seconds
[2025-09-29T14:52:42.625+0000] {processor.py:186} INFO - Started process (PID=2376) to work on /home/airflow/.local/lib/python3.12/site-packages/airflow/example_dags/example_params_trigger_ui.py
[2025-09-29T14:52:42.626+0000] {processor.py:914} INFO - Processing file /home/airflow/.local/lib/python3.12/site-packages/airflow/example_dags/example_params_trigger_ui.py for tasks to queue
[2025-09-29T14:52:42.627+0000] {logging_mixin.py:190} INFO - [2025-09-29T14:52:42.626+0000] {dagbag.py:588} INFO - Filling up the DagBag from /home/airflow/.local/lib/python3.12/site-packages/airflow/example_dags/example_params_trigger_ui.py
[2025-09-29T14:52:42.632+0000] {processor.py:925} INFO - DAG(s) 'example_params_trigger_ui' retrieved from /home/airflow/.local/lib/python3.12/site-packages/airflow/example_dags/example_params_trigger_ui.py
[2025-09-29T14:52:42.651+0000] {logging_mixin.py:190} INFO - [2025-09-29T14:52:42.651+0000] {dag.py:3239} INFO - Sync 1 DAGs
[2025-09-29T14:52:42.658+0000] {logging_mixin.py:190} INFO - [2025-09-29T14:52:42.658+0000] {dag.py:4180} INFO - Setting next_dagrun for example_params_trigger_ui to None, run_after=None
[2025-09-29T14:52:42.667+0000] {processor.py:208} INFO - Processing /home/airflow/.local/lib/python3.12/site-packages/airflow/example_dags/example_params_trigger_ui.py took 0.045 seconds
[2025-09-29T14:53:12.797+0000] {processor.py:186} INFO - Started process (PID=2439) to work on /home/airflow/.local/lib/python3.12/site-packages/airflow/example_dags/example_params_trigger_ui.py
[2025-09-29T14:53:12.797+0000] {processor.py:914} INFO - Processing file /home/airflow/.local/lib/python3.12/site-packages/airflow/example_dags/example_params_trigger_ui.py for tasks to queue
[2025-09-29T14:53:12.798+0000] {logging_mixin.py:190} INFO - [2025-09-29T14:53:12.798+0000] {dagbag.py:588} INFO - Filling up the DagBag from /home/airflow/.local/lib/python3.12/site-packages/airflow/example_dags/example_params_trigger_ui.py
[2025-09-29T14:53:12.804+0000] {processor.py:925} INFO - DAG(s) 'example_params_trigger_ui' retrieved from /home/airflow/.local/lib/python3.12/site-packages/airflow/example_dags/example_params_trigger_ui.py
[2025-09-29T14:53:12.822+0000] {logging_mixin.py:190} INFO - [2025-09-29T14:53:12.822+0000] {dag.py:3239} INFO - Sync 1 DAGs
[2025-09-29T14:53:12.828+0000] {logging_mixin.py:190} INFO - [2025-09-29T14:53:12.828+0000] {dag.py:4180} INFO - Setting next_dagrun for example_params_trigger_ui to None, run_after=None
[2025-09-29T14:53:12.836+0000] {processor.py:208} INFO - Processing /home/airflow/.local/lib/python3.12/site-packages/airflow/example_dags/example_params_trigger_ui.py took 0.042 seconds
[2025-09-29T14:53:43.010+0000] {processor.py:186} INFO - Started process (PID=2502) to work on /home/airflow/.local/lib/python3.12/site-packages/airflow/example_dags/example_params_trigger_ui.py
[2025-09-29T14:53:43.010+0000] {processor.py:914} INFO - Processing file /home/airflow/.local/lib/python3.12/site-packages/airflow/example_dags/example_params_trigger_ui.py for tasks to queue
[2025-09-29T14:53:43.011+0000] {logging_mixin.py:190} INFO - [2025-09-29T14:53:43.011+0000] {dagbag.py:588} INFO - Filling up the DagBag from /home/airflow/.local/lib/python3.12/site-packages/airflow/example_dags/example_params_trigger_ui.py
[2025-09-29T14:53:43.017+0000] {processor.py:925} INFO - DAG(s) 'example_params_trigger_ui' retrieved from /home/airflow/.local/lib/python3.12/site-packages/airflow/example_dags/example_params_trigger_ui.py
[2025-09-29T14:53:43.037+0000] {logging_mixin.py:190} INFO - [2025-09-29T14:53:43.037+0000] {dag.py:3239} INFO - Sync 1 DAGs
[2025-09-29T14:53:43.045+0000] {logging_mixin.py:190} INFO - [2025-09-29T14:53:43.044+0000] {dag.py:4180} INFO - Setting next_dagrun for example_params_trigger_ui to None, run_after=None
[2025-09-29T14:53:43.054+0000] {processor.py:208} INFO - Processing /home/airflow/.local/lib/python3.12/site-packages/airflow/example_dags/example_params_trigger_ui.py took 0.047 seconds
[2025-09-29T14:54:13.261+0000] {processor.py:186} INFO - Started process (PID=2565) to work on /home/airflow/.local/lib/python3.12/site-packages/airflow/example_dags/example_params_trigger_ui.py
[2025-09-29T14:54:13.262+0000] {processor.py:914} INFO - Processing file /home/airflow/.local/lib/python3.12/site-packages/airflow/example_dags/example_params_trigger_ui.py for tasks to queue
[2025-09-29T14:54:13.262+0000] {logging_mixin.py:190} INFO - [2025-09-29T14:54:13.262+0000] {dagbag.py:588} INFO - Filling up the DagBag from /home/airflow/.local/lib/python3.12/site-packages/airflow/example_dags/example_params_trigger_ui.py
[2025-09-29T14:54:13.269+0000] {processor.py:925} INFO - DAG(s) 'example_params_trigger_ui' retrieved from /home/airflow/.local/lib/python3.12/site-packages/airflow/example_dags/example_params_trigger_ui.py
[2025-09-29T14:54:13.288+0000] {logging_mixin.py:190} INFO - [2025-09-29T14:54:13.288+0000] {dag.py:3239} INFO - Sync 1 DAGs
[2025-09-29T14:54:13.295+0000] {logging_mixin.py:190} INFO - [2025-09-29T14:54:13.295+0000] {dag.py:4180} INFO - Setting next_dagrun for example_params_trigger_ui to None, run_after=None
[2025-09-29T14:54:13.304+0000] {processor.py:208} INFO - Processing /home/airflow/.local/lib/python3.12/site-packages/airflow/example_dags/example_params_trigger_ui.py took 0.046 seconds
[2025-09-29T14:54:43.591+0000] {processor.py:186} INFO - Started process (PID=2628) to work on /home/airflow/.local/lib/python3.12/site-packages/airflow/example_dags/example_params_trigger_ui.py
[2025-09-29T14:54:43.591+0000] {processor.py:914} INFO - Processing file /home/airflow/.local/lib/python3.12/site-packages/airflow/example_dags/example_params_trigger_ui.py for tasks to queue
[2025-09-29T14:54:43.592+0000] {logging_mixin.py:190} INFO - [2025-09-29T14:54:43.592+0000] {dagbag.py:588} INFO - Filling up the DagBag from /home/airflow/.local/lib/python3.12/site-packages/airflow/example_dags/example_params_trigger_ui.py
[2025-09-29T14:54:43.598+0000] {processor.py:925} INFO - DAG(s) 'example_params_trigger_ui' retrieved from /home/airflow/.local/lib/python3.12/site-packages/airflow/example_dags/example_params_trigger_ui.py
[2025-09-29T14:54:43.618+0000] {logging_mixin.py:190} INFO - [2025-09-29T14:54:43.617+0000] {dag.py:3239} INFO - Sync 1 DAGs
[2025-09-29T14:54:43.624+0000] {logging_mixin.py:190} INFO - [2025-09-29T14:54:43.624+0000] {dag.py:4180} INFO - Setting next_dagrun for example_params_trigger_ui to None, run_after=None
[2025-09-29T14:54:43.632+0000] {processor.py:208} INFO - Processing /home/airflow/.local/lib/python3.12/site-packages/airflow/example_dags/example_params_trigger_ui.py took 0.045 seconds
[2025-09-29T14:55:13.965+0000] {processor.py:186} INFO - Started process (PID=2691) to work on /home/airflow/.local/lib/python3.12/site-packages/airflow/example_dags/example_params_trigger_ui.py
[2025-09-29T14:55:13.966+0000] {processor.py:914} INFO - Processing file /home/airflow/.local/lib/python3.12/site-packages/airflow/example_dags/example_params_trigger_ui.py for tasks to queue
[2025-09-29T14:55:13.966+0000] {logging_mixin.py:190} INFO - [2025-09-29T14:55:13.966+0000] {dagbag.py:588} INFO - Filling up the DagBag from /home/airflow/.local/lib/python3.12/site-packages/airflow/example_dags/example_params_trigger_ui.py
[2025-09-29T14:55:13.973+0000] {processor.py:925} INFO - DAG(s) 'example_params_trigger_ui' retrieved from /home/airflow/.local/lib/python3.12/site-packages/airflow/example_dags/example_params_trigger_ui.py
[2025-09-29T14:55:13.993+0000] {logging_mixin.py:190} INFO - [2025-09-29T14:55:13.993+0000] {dag.py:3239} INFO - Sync 1 DAGs
[2025-09-29T14:55:14.000+0000] {logging_mixin.py:190} INFO - [2025-09-29T14:55:14.000+0000] {dag.py:4180} INFO - Setting next_dagrun for example_params_trigger_ui to None, run_after=None
[2025-09-29T14:55:14.014+0000] {processor.py:208} INFO - Processing /home/airflow/.local/lib/python3.12/site-packages/airflow/example_dags/example_params_trigger_ui.py took 0.052 seconds
[2025-09-29T14:55:44.455+0000] {processor.py:186} INFO - Started process (PID=2753) to work on /home/airflow/.local/lib/python3.12/site-packages/airflow/example_dags/example_params_trigger_ui.py
[2025-09-29T14:55:44.455+0000] {processor.py:914} INFO - Processing file /home/airflow/.local/lib/python3.12/site-packages/airflow/example_dags/example_params_trigger_ui.py for tasks to queue
[2025-09-29T14:55:44.456+0000] {logging_mixin.py:190} INFO - [2025-09-29T14:55:44.456+0000] {dagbag.py:588} INFO - Filling up the DagBag from /home/airflow/.local/lib/python3.12/site-packages/airflow/example_dags/example_params_trigger_ui.py
[2025-09-29T14:55:44.462+0000] {processor.py:925} INFO - DAG(s) 'example_params_trigger_ui' retrieved from /home/airflow/.local/lib/python3.12/site-packages/airflow/example_dags/example_params_trigger_ui.py
[2025-09-29T14:55:44.488+0000] {logging_mixin.py:190} INFO - [2025-09-29T14:55:44.488+0000] {dag.py:3239} INFO - Sync 1 DAGs
[2025-09-29T14:55:44.494+0000] {logging_mixin.py:190} INFO - [2025-09-29T14:55:44.494+0000] {dag.py:4180} INFO - Setting next_dagrun for example_params_trigger_ui to None, run_after=None
[2025-09-29T14:55:44.509+0000] {processor.py:208} INFO - Processing /home/airflow/.local/lib/python3.12/site-packages/airflow/example_dags/example_params_trigger_ui.py took 0.057 seconds
[2025-09-29T14:56:15.007+0000] {processor.py:186} INFO - Started process (PID=2816) to work on /home/airflow/.local/lib/python3.12/site-packages/airflow/example_dags/example_params_trigger_ui.py
[2025-09-29T14:56:15.007+0000] {processor.py:914} INFO - Processing file /home/airflow/.local/lib/python3.12/site-packages/airflow/example_dags/example_params_trigger_ui.py for tasks to queue
[2025-09-29T14:56:15.008+0000] {logging_mixin.py:190} INFO - [2025-09-29T14:56:15.008+0000] {dagbag.py:588} INFO - Filling up the DagBag from /home/airflow/.local/lib/python3.12/site-packages/airflow/example_dags/example_params_trigger_ui.py
[2025-09-29T14:56:15.014+0000] {processor.py:925} INFO - DAG(s) 'example_params_trigger_ui' retrieved from /home/airflow/.local/lib/python3.12/site-packages/airflow/example_dags/example_params_trigger_ui.py
[2025-09-29T14:56:15.032+0000] {logging_mixin.py:190} INFO - [2025-09-29T14:56:15.032+0000] {dag.py:3239} INFO - Sync 1 DAGs
[2025-09-29T14:56:15.038+0000] {logging_mixin.py:190} INFO - [2025-09-29T14:56:15.038+0000] {dag.py:4180} INFO - Setting next_dagrun for example_params_trigger_ui to None, run_after=None
[2025-09-29T14:56:15.045+0000] {processor.py:208} INFO - Processing /home/airflow/.local/lib/python3.12/site-packages/airflow/example_dags/example_params_trigger_ui.py took 0.041 seconds
[2025-09-29T14:56:45.481+0000] {processor.py:186} INFO - Started process (PID=2879) to work on /home/airflow/.local/lib/python3.12/site-packages/airflow/example_dags/example_params_trigger_ui.py
[2025-09-29T14:56:45.482+0000] {processor.py:914} INFO - Processing file /home/airflow/.local/lib/python3.12/site-packages/airflow/example_dags/example_params_trigger_ui.py for tasks to queue
[2025-09-29T14:56:45.483+0000] {logging_mixin.py:190} INFO - [2025-09-29T14:56:45.483+0000] {dagbag.py:588} INFO - Filling up the DagBag from /home/airflow/.local/lib/python3.12/site-packages/airflow/example_dags/example_params_trigger_ui.py
[2025-09-29T14:56:45.489+0000] {processor.py:925} INFO - DAG(s) 'example_params_trigger_ui' retrieved from /home/airflow/.local/lib/python3.12/site-packages/airflow/example_dags/example_params_trigger_ui.py
[2025-09-29T14:56:45.511+0000] {logging_mixin.py:190} INFO - [2025-09-29T14:56:45.511+0000] {dag.py:3239} INFO - Sync 1 DAGs
[2025-09-29T14:56:45.519+0000] {logging_mixin.py:190} INFO - [2025-09-29T14:56:45.519+0000] {dag.py:4180} INFO - Setting next_dagrun for example_params_trigger_ui to None, run_after=None
[2025-09-29T14:56:45.530+0000] {processor.py:208} INFO - Processing /home/airflow/.local/lib/python3.12/site-packages/airflow/example_dags/example_params_trigger_ui.py took 0.052 seconds
[2025-09-29T14:57:16.011+0000] {processor.py:186} INFO - Started process (PID=2942) to work on /home/airflow/.local/lib/python3.12/site-packages/airflow/example_dags/example_params_trigger_ui.py
[2025-09-29T14:57:16.011+0000] {processor.py:914} INFO - Processing file /home/airflow/.local/lib/python3.12/site-packages/airflow/example_dags/example_params_trigger_ui.py for tasks to queue
[2025-09-29T14:57:16.012+0000] {logging_mixin.py:190} INFO - [2025-09-29T14:57:16.012+0000] {dagbag.py:588} INFO - Filling up the DagBag from /home/airflow/.local/lib/python3.12/site-packages/airflow/example_dags/example_params_trigger_ui.py
[2025-09-29T14:57:16.018+0000] {processor.py:925} INFO - DAG(s) 'example_params_trigger_ui' retrieved from /home/airflow/.local/lib/python3.12/site-packages/airflow/example_dags/example_params_trigger_ui.py
[2025-09-29T14:57:16.040+0000] {logging_mixin.py:190} INFO - [2025-09-29T14:57:16.039+0000] {dag.py:3239} INFO - Sync 1 DAGs
[2025-09-29T14:57:16.047+0000] {logging_mixin.py:190} INFO - [2025-09-29T14:57:16.047+0000] {dag.py:4180} INFO - Setting next_dagrun for example_params_trigger_ui to None, run_after=None
[2025-09-29T14:57:16.059+0000] {processor.py:208} INFO - Processing /home/airflow/.local/lib/python3.12/site-packages/airflow/example_dags/example_params_trigger_ui.py took 0.051 seconds
[2025-09-29T14:57:46.587+0000] {processor.py:186} INFO - Started process (PID=3005) to work on /home/airflow/.local/lib/python3.12/site-packages/airflow/example_dags/example_params_trigger_ui.py
[2025-09-29T14:57:46.588+0000] {processor.py:914} INFO - Processing file /home/airflow/.local/lib/python3.12/site-packages/airflow/example_dags/example_params_trigger_ui.py for tasks to queue
[2025-09-29T14:57:46.588+0000] {logging_mixin.py:190} INFO - [2025-09-29T14:57:46.588+0000] {dagbag.py:588} INFO - Filling up the DagBag from /home/airflow/.local/lib/python3.12/site-packages/airflow/example_dags/example_params_trigger_ui.py
[2025-09-29T14:57:46.594+0000] {processor.py:925} INFO - DAG(s) 'example_params_trigger_ui' retrieved from /home/airflow/.local/lib/python3.12/site-packages/airflow/example_dags/example_params_trigger_ui.py
[2025-09-29T14:57:46.612+0000] {logging_mixin.py:190} INFO - [2025-09-29T14:57:46.611+0000] {dag.py:3239} INFO - Sync 1 DAGs
[2025-09-29T14:57:46.618+0000] {logging_mixin.py:190} INFO - [2025-09-29T14:57:46.618+0000] {dag.py:4180} INFO - Setting next_dagrun for example_params_trigger_ui to None, run_after=None
[2025-09-29T14:57:46.625+0000] {processor.py:208} INFO - Processing /home/airflow/.local/lib/python3.12/site-packages/airflow/example_dags/example_params_trigger_ui.py took 0.041 seconds
[2025-09-29T14:58:17.372+0000] {processor.py:186} INFO - Started process (PID=3067) to work on /home/airflow/.local/lib/python3.12/site-packages/airflow/example_dags/example_params_trigger_ui.py
[2025-09-29T14:58:17.372+0000] {processor.py:914} INFO - Processing file /home/airflow/.local/lib/python3.12/site-packages/airflow/example_dags/example_params_trigger_ui.py for tasks to queue
[2025-09-29T14:58:17.373+0000] {logging_mixin.py:190} INFO - [2025-09-29T14:58:17.373+0000] {dagbag.py:588} INFO - Filling up the DagBag from /home/airflow/.local/lib/python3.12/site-packages/airflow/example_dags/example_params_trigger_ui.py
[2025-09-29T14:58:17.379+0000] {processor.py:925} INFO - DAG(s) 'example_params_trigger_ui' retrieved from /home/airflow/.local/lib/python3.12/site-packages/airflow/example_dags/example_params_trigger_ui.py
[2025-09-29T14:58:17.401+0000] {logging_mixin.py:190} INFO - [2025-09-29T14:58:17.401+0000] {dag.py:3239} INFO - Sync 1 DAGs
[2025-09-29T14:58:17.407+0000] {logging_mixin.py:190} INFO - [2025-09-29T14:58:17.407+0000] {dag.py:4180} INFO - Setting next_dagrun for example_params_trigger_ui to None, run_after=None
[2025-09-29T14:58:17.419+0000] {processor.py:208} INFO - Processing /home/airflow/.local/lib/python3.12/site-packages/airflow/example_dags/example_params_trigger_ui.py took 0.050 seconds
[2025-09-29T14:58:47.979+0000] {processor.py:186} INFO - Started process (PID=3130) to work on /home/airflow/.local/lib/python3.12/site-packages/airflow/example_dags/example_params_trigger_ui.py
[2025-09-29T14:58:47.979+0000] {processor.py:914} INFO - Processing file /home/airflow/.local/lib/python3.12/site-packages/airflow/example_dags/example_params_trigger_ui.py for tasks to queue
[2025-09-29T14:58:47.980+0000] {logging_mixin.py:190} INFO - [2025-09-29T14:58:47.980+0000] {dagbag.py:588} INFO - Filling up the DagBag from /home/airflow/.local/lib/python3.12/site-packages/airflow/example_dags/example_params_trigger_ui.py
[2025-09-29T14:58:47.986+0000] {processor.py:925} INFO - DAG(s) 'example_params_trigger_ui' retrieved from /home/airflow/.local/lib/python3.12/site-packages/airflow/example_dags/example_params_trigger_ui.py
[2025-09-29T14:58:48.003+0000] {logging_mixin.py:190} INFO - [2025-09-29T14:58:48.003+0000] {dag.py:3239} INFO - Sync 1 DAGs
[2025-09-29T14:58:48.009+0000] {logging_mixin.py:190} INFO - [2025-09-29T14:58:48.009+0000] {dag.py:4180} INFO - Setting next_dagrun for example_params_trigger_ui to None, run_after=None
[2025-09-29T14:58:48.017+0000] {processor.py:208} INFO - Processing /home/airflow/.local/lib/python3.12/site-packages/airflow/example_dags/example_params_trigger_ui.py took 0.041 seconds
[2025-09-29T14:59:18.604+0000] {processor.py:186} INFO - Started process (PID=3193) to work on /home/airflow/.local/lib/python3.12/site-packages/airflow/example_dags/example_params_trigger_ui.py
[2025-09-29T14:59:18.606+0000] {processor.py:914} INFO - Processing file /home/airflow/.local/lib/python3.12/site-packages/airflow/example_dags/example_params_trigger_ui.py for tasks to queue
[2025-09-29T14:59:18.609+0000] {logging_mixin.py:190} INFO - [2025-09-29T14:59:18.609+0000] {dagbag.py:588} INFO - Filling up the DagBag from /home/airflow/.local/lib/python3.12/site-packages/airflow/example_dags/example_params_trigger_ui.py
[2025-09-29T14:59:18.615+0000] {processor.py:925} INFO - DAG(s) 'example_params_trigger_ui' retrieved from /home/airflow/.local/lib/python3.12/site-packages/airflow/example_dags/example_params_trigger_ui.py
[2025-09-29T14:59:18.633+0000] {logging_mixin.py:190} INFO - [2025-09-29T14:59:18.633+0000] {dag.py:3239} INFO - Sync 1 DAGs
[2025-09-29T14:59:18.640+0000] {logging_mixin.py:190} INFO - [2025-09-29T14:59:18.640+0000] {dag.py:4180} INFO - Setting next_dagrun for example_params_trigger_ui to None, run_after=None
[2025-09-29T14:59:18.652+0000] {processor.py:208} INFO - Processing /home/airflow/.local/lib/python3.12/site-packages/airflow/example_dags/example_params_trigger_ui.py took 0.051 seconds
[2025-09-29T14:59:49.168+0000] {processor.py:186} INFO - Started process (PID=3256) to work on /home/airflow/.local/lib/python3.12/site-packages/airflow/example_dags/example_params_trigger_ui.py
[2025-09-29T14:59:49.169+0000] {processor.py:914} INFO - Processing file /home/airflow/.local/lib/python3.12/site-packages/airflow/example_dags/example_params_trigger_ui.py for tasks to queue
[2025-09-29T14:59:49.169+0000] {logging_mixin.py:190} INFO - [2025-09-29T14:59:49.169+0000] {dagbag.py:588} INFO - Filling up the DagBag from /home/airflow/.local/lib/python3.12/site-packages/airflow/example_dags/example_params_trigger_ui.py
[2025-09-29T14:59:49.179+0000] {processor.py:925} INFO - DAG(s) 'example_params_trigger_ui' retrieved from /home/airflow/.local/lib/python3.12/site-packages/airflow/example_dags/example_params_trigger_ui.py
[2025-09-29T14:59:49.198+0000] {logging_mixin.py:190} INFO - [2025-09-29T14:59:49.198+0000] {dag.py:3239} INFO - Sync 1 DAGs
[2025-09-29T14:59:49.205+0000] {logging_mixin.py:190} INFO - [2025-09-29T14:59:49.204+0000] {dag.py:4180} INFO - Setting next_dagrun for example_params_trigger_ui to None, run_after=None
[2025-09-29T14:59:49.214+0000] {processor.py:208} INFO - Processing /home/airflow/.local/lib/python3.12/site-packages/airflow/example_dags/example_params_trigger_ui.py took 0.049 seconds
[2025-09-29T15:00:19.681+0000] {processor.py:186} INFO - Started process (PID=3319) to work on /home/airflow/.local/lib/python3.12/site-packages/airflow/example_dags/example_params_trigger_ui.py
[2025-09-29T15:00:19.682+0000] {processor.py:914} INFO - Processing file /home/airflow/.local/lib/python3.12/site-packages/airflow/example_dags/example_params_trigger_ui.py for tasks to queue
[2025-09-29T15:00:19.682+0000] {logging_mixin.py:190} INFO - [2025-09-29T15:00:19.682+0000] {dagbag.py:588} INFO - Filling up the DagBag from /home/airflow/.local/lib/python3.12/site-packages/airflow/example_dags/example_params_trigger_ui.py
[2025-09-29T15:00:19.688+0000] {processor.py:925} INFO - DAG(s) 'example_params_trigger_ui' retrieved from /home/airflow/.local/lib/python3.12/site-packages/airflow/example_dags/example_params_trigger_ui.py
[2025-09-29T15:00:19.709+0000] {logging_mixin.py:190} INFO - [2025-09-29T15:00:19.709+0000] {dag.py:3239} INFO - Sync 1 DAGs
[2025-09-29T15:00:19.716+0000] {logging_mixin.py:190} INFO - [2025-09-29T15:00:19.716+0000] {dag.py:4180} INFO - Setting next_dagrun for example_params_trigger_ui to None, run_after=None
[2025-09-29T15:00:19.729+0000] {processor.py:208} INFO - Processing /home/airflow/.local/lib/python3.12/site-packages/airflow/example_dags/example_params_trigger_ui.py took 0.051 seconds
[2025-09-29T15:00:50.299+0000] {processor.py:186} INFO - Started process (PID=3382) to work on /home/airflow/.local/lib/python3.12/site-packages/airflow/example_dags/example_params_trigger_ui.py
[2025-09-29T15:00:50.303+0000] {processor.py:914} INFO - Processing file /home/airflow/.local/lib/python3.12/site-packages/airflow/example_dags/example_params_trigger_ui.py for tasks to queue
[2025-09-29T15:00:50.304+0000] {logging_mixin.py:190} INFO - [2025-09-29T15:00:50.304+0000] {dagbag.py:588} INFO - Filling up the DagBag from /home/airflow/.local/lib/python3.12/site-packages/airflow/example_dags/example_params_trigger_ui.py
[2025-09-29T15:00:50.310+0000] {processor.py:925} INFO - DAG(s) 'example_params_trigger_ui' retrieved from /home/airflow/.local/lib/python3.12/site-packages/airflow/example_dags/example_params_trigger_ui.py
[2025-09-29T15:00:50.333+0000] {logging_mixin.py:190} INFO - [2025-09-29T15:00:50.332+0000] {dag.py:3239} INFO - Sync 1 DAGs
[2025-09-29T15:00:50.340+0000] {logging_mixin.py:190} INFO - [2025-09-29T15:00:50.340+0000] {dag.py:4180} INFO - Setting next_dagrun for example_params_trigger_ui to None, run_after=None
[2025-09-29T15:00:50.351+0000] {processor.py:208} INFO - Processing /home/airflow/.local/lib/python3.12/site-packages/airflow/example_dags/example_params_trigger_ui.py took 0.055 seconds
[2025-09-29T15:01:20.912+0000] {processor.py:186} INFO - Started process (PID=3445) to work on /home/airflow/.local/lib/python3.12/site-packages/airflow/example_dags/example_params_trigger_ui.py
[2025-09-29T15:01:20.913+0000] {processor.py:914} INFO - Processing file /home/airflow/.local/lib/python3.12/site-packages/airflow/example_dags/example_params_trigger_ui.py for tasks to queue
[2025-09-29T15:01:20.913+0000] {logging_mixin.py:190} INFO - [2025-09-29T15:01:20.913+0000] {dagbag.py:588} INFO - Filling up the DagBag from /home/airflow/.local/lib/python3.12/site-packages/airflow/example_dags/example_params_trigger_ui.py
[2025-09-29T15:01:20.920+0000] {processor.py:925} INFO - DAG(s) 'example_params_trigger_ui' retrieved from /home/airflow/.local/lib/python3.12/site-packages/airflow/example_dags/example_params_trigger_ui.py
[2025-09-29T15:01:20.949+0000] {logging_mixin.py:190} INFO - [2025-09-29T15:01:20.949+0000] {dag.py:3239} INFO - Sync 1 DAGs
[2025-09-29T15:01:20.957+0000] {logging_mixin.py:190} INFO - [2025-09-29T15:01:20.956+0000] {dag.py:4180} INFO - Setting next_dagrun for example_params_trigger_ui to None, run_after=None
[2025-09-29T15:01:20.968+0000] {processor.py:208} INFO - Processing /home/airflow/.local/lib/python3.12/site-packages/airflow/example_dags/example_params_trigger_ui.py took 0.060 seconds
[2025-09-29T15:01:51.456+0000] {processor.py:186} INFO - Started process (PID=3508) to work on /home/airflow/.local/lib/python3.12/site-packages/airflow/example_dags/example_params_trigger_ui.py
[2025-09-29T15:01:51.457+0000] {processor.py:914} INFO - Processing file /home/airflow/.local/lib/python3.12/site-packages/airflow/example_dags/example_params_trigger_ui.py for tasks to queue
[2025-09-29T15:01:51.458+0000] {logging_mixin.py:190} INFO - [2025-09-29T15:01:51.457+0000] {dagbag.py:588} INFO - Filling up the DagBag from /home/airflow/.local/lib/python3.12/site-packages/airflow/example_dags/example_params_trigger_ui.py
[2025-09-29T15:01:51.464+0000] {processor.py:925} INFO - DAG(s) 'example_params_trigger_ui' retrieved from /home/airflow/.local/lib/python3.12/site-packages/airflow/example_dags/example_params_trigger_ui.py
[2025-09-29T15:01:51.482+0000] {logging_mixin.py:190} INFO - [2025-09-29T15:01:51.481+0000] {dag.py:3239} INFO - Sync 1 DAGs
[2025-09-29T15:01:51.490+0000] {logging_mixin.py:190} INFO - [2025-09-29T15:01:51.490+0000] {dag.py:4180} INFO - Setting next_dagrun for example_params_trigger_ui to None, run_after=None
[2025-09-29T15:01:51.498+0000] {processor.py:208} INFO - Processing /home/airflow/.local/lib/python3.12/site-packages/airflow/example_dags/example_params_trigger_ui.py took 0.045 seconds
[2025-09-29T15:02:21.945+0000] {processor.py:186} INFO - Started process (PID=3571) to work on /home/airflow/.local/lib/python3.12/site-packages/airflow/example_dags/example_params_trigger_ui.py
[2025-09-29T15:02:21.946+0000] {processor.py:914} INFO - Processing file /home/airflow/.local/lib/python3.12/site-packages/airflow/example_dags/example_params_trigger_ui.py for tasks to queue
[2025-09-29T15:02:21.947+0000] {logging_mixin.py:190} INFO - [2025-09-29T15:02:21.947+0000] {dagbag.py:588} INFO - Filling up the DagBag from /home/airflow/.local/lib/python3.12/site-packages/airflow/example_dags/example_params_trigger_ui.py
[2025-09-29T15:02:21.954+0000] {processor.py:925} INFO - DAG(s) 'example_params_trigger_ui' retrieved from /home/airflow/.local/lib/python3.12/site-packages/airflow/example_dags/example_params_trigger_ui.py
[2025-09-29T15:02:21.977+0000] {logging_mixin.py:190} INFO - [2025-09-29T15:02:21.976+0000] {dag.py:3239} INFO - Sync 1 DAGs
[2025-09-29T15:02:22.013+0000] {logging_mixin.py:190} INFO - [2025-09-29T15:02:22.012+0000] {dag.py:4180} INFO - Setting next_dagrun for example_params_trigger_ui to None, run_after=None
[2025-09-29T15:02:22.040+0000] {processor.py:208} INFO - Processing /home/airflow/.local/lib/python3.12/site-packages/airflow/example_dags/example_params_trigger_ui.py took 0.098 seconds
