[2025-09-29T14:34:31.135+0000] {processor.py:186} INFO - Started process (PID=97) to work on /home/airflow/.local/lib/python3.12/site-packages/airflow/example_dags/example_python_operator.py
[2025-09-29T14:34:31.136+0000] {processor.py:914} INFO - Processing file /home/airflow/.local/lib/python3.12/site-packages/airflow/example_dags/example_python_operator.py for tasks to queue
[2025-09-29T14:34:31.137+0000] {logging_mixin.py:190} INFO - [2025-09-29T14:34:31.137+0000] {dagbag.py:588} INFO - Filling up the DagBag from /home/airflow/.local/lib/python3.12/site-packages/airflow/example_dags/example_python_operator.py
[2025-09-29T14:34:31.150+0000] {processor.py:925} INFO - DAG(s) 'example_python_operator' retrieved from /home/airflow/.local/lib/python3.12/site-packages/airflow/example_dags/example_python_operator.py
[2025-09-29T14:34:31.234+0000] {logging_mixin.py:190} INFO - [2025-09-29T14:34:31.233+0000] {dag.py:3239} INFO - Sync 1 DAGs
[2025-09-29T14:34:31.244+0000] {logging_mixin.py:190} INFO - [2025-09-29T14:34:31.244+0000] {dag.py:4180} INFO - Setting next_dagrun for example_python_operator to None, run_after=None
[2025-09-29T14:34:31.264+0000] {processor.py:208} INFO - Processing /home/airflow/.local/lib/python3.12/site-packages/airflow/example_dags/example_python_operator.py took 0.133 seconds
[2025-09-29T14:35:01.723+0000] {processor.py:186} INFO - Started process (PID=165) to work on /home/airflow/.local/lib/python3.12/site-packages/airflow/example_dags/example_python_operator.py
[2025-09-29T14:35:01.724+0000] {processor.py:914} INFO - Processing file /home/airflow/.local/lib/python3.12/site-packages/airflow/example_dags/example_python_operator.py for tasks to queue
[2025-09-29T14:35:01.725+0000] {logging_mixin.py:190} INFO - [2025-09-29T14:35:01.725+0000] {dagbag.py:588} INFO - Filling up the DagBag from /home/airflow/.local/lib/python3.12/site-packages/airflow/example_dags/example_python_operator.py
[2025-09-29T14:35:01.732+0000] {processor.py:925} INFO - DAG(s) 'example_python_operator' retrieved from /home/airflow/.local/lib/python3.12/site-packages/airflow/example_dags/example_python_operator.py
[2025-09-29T14:35:01.744+0000] {logging_mixin.py:190} INFO - [2025-09-29T14:35:01.743+0000] {dag.py:3239} INFO - Sync 1 DAGs
[2025-09-29T14:35:01.751+0000] {logging_mixin.py:190} INFO - [2025-09-29T14:35:01.751+0000] {dag.py:4180} INFO - Setting next_dagrun for example_python_operator to None, run_after=None
[2025-09-29T14:35:01.760+0000] {processor.py:208} INFO - Processing /home/airflow/.local/lib/python3.12/site-packages/airflow/example_dags/example_python_operator.py took 0.040 seconds
[2025-09-29T14:35:31.962+0000] {processor.py:186} INFO - Started process (PID=229) to work on /home/airflow/.local/lib/python3.12/site-packages/airflow/example_dags/example_python_operator.py
[2025-09-29T14:35:31.965+0000] {processor.py:914} INFO - Processing file /home/airflow/.local/lib/python3.12/site-packages/airflow/example_dags/example_python_operator.py for tasks to queue
[2025-09-29T14:35:31.967+0000] {logging_mixin.py:190} INFO - [2025-09-29T14:35:31.966+0000] {dagbag.py:588} INFO - Filling up the DagBag from /home/airflow/.local/lib/python3.12/site-packages/airflow/example_dags/example_python_operator.py
[2025-09-29T14:35:31.974+0000] {processor.py:925} INFO - DAG(s) 'example_python_operator' retrieved from /home/airflow/.local/lib/python3.12/site-packages/airflow/example_dags/example_python_operator.py
[2025-09-29T14:35:31.988+0000] {logging_mixin.py:190} INFO - [2025-09-29T14:35:31.988+0000] {dag.py:3239} INFO - Sync 1 DAGs
[2025-09-29T14:35:31.996+0000] {logging_mixin.py:190} INFO - [2025-09-29T14:35:31.996+0000] {dag.py:4180} INFO - Setting next_dagrun for example_python_operator to None, run_after=None
[2025-09-29T14:35:32.004+0000] {processor.py:208} INFO - Processing /home/airflow/.local/lib/python3.12/site-packages/airflow/example_dags/example_python_operator.py took 0.046 seconds
[2025-09-29T14:36:02.226+0000] {processor.py:186} INFO - Started process (PID=293) to work on /home/airflow/.local/lib/python3.12/site-packages/airflow/example_dags/example_python_operator.py
[2025-09-29T14:36:02.226+0000] {processor.py:914} INFO - Processing file /home/airflow/.local/lib/python3.12/site-packages/airflow/example_dags/example_python_operator.py for tasks to queue
[2025-09-29T14:36:02.227+0000] {logging_mixin.py:190} INFO - [2025-09-29T14:36:02.227+0000] {dagbag.py:588} INFO - Filling up the DagBag from /home/airflow/.local/lib/python3.12/site-packages/airflow/example_dags/example_python_operator.py
[2025-09-29T14:36:02.234+0000] {processor.py:925} INFO - DAG(s) 'example_python_operator' retrieved from /home/airflow/.local/lib/python3.12/site-packages/airflow/example_dags/example_python_operator.py
[2025-09-29T14:36:02.248+0000] {logging_mixin.py:190} INFO - [2025-09-29T14:36:02.248+0000] {dag.py:3239} INFO - Sync 1 DAGs
[2025-09-29T14:36:02.256+0000] {logging_mixin.py:190} INFO - [2025-09-29T14:36:02.255+0000] {dag.py:4180} INFO - Setting next_dagrun for example_python_operator to None, run_after=None
[2025-09-29T14:36:02.268+0000] {processor.py:208} INFO - Processing /home/airflow/.local/lib/python3.12/site-packages/airflow/example_dags/example_python_operator.py took 0.046 seconds
[2025-09-29T14:36:32.377+0000] {processor.py:186} INFO - Started process (PID=358) to work on /home/airflow/.local/lib/python3.12/site-packages/airflow/example_dags/example_python_operator.py
[2025-09-29T14:36:32.379+0000] {processor.py:914} INFO - Processing file /home/airflow/.local/lib/python3.12/site-packages/airflow/example_dags/example_python_operator.py for tasks to queue
[2025-09-29T14:36:32.380+0000] {logging_mixin.py:190} INFO - [2025-09-29T14:36:32.380+0000] {dagbag.py:588} INFO - Filling up the DagBag from /home/airflow/.local/lib/python3.12/site-packages/airflow/example_dags/example_python_operator.py
[2025-09-29T14:36:32.386+0000] {processor.py:925} INFO - DAG(s) 'example_python_operator' retrieved from /home/airflow/.local/lib/python3.12/site-packages/airflow/example_dags/example_python_operator.py
[2025-09-29T14:36:32.397+0000] {logging_mixin.py:190} INFO - [2025-09-29T14:36:32.397+0000] {dag.py:3239} INFO - Sync 1 DAGs
[2025-09-29T14:36:32.404+0000] {logging_mixin.py:190} INFO - [2025-09-29T14:36:32.404+0000] {dag.py:4180} INFO - Setting next_dagrun for example_python_operator to None, run_after=None
[2025-09-29T14:36:32.418+0000] {processor.py:208} INFO - Processing /home/airflow/.local/lib/python3.12/site-packages/airflow/example_dags/example_python_operator.py took 0.044 seconds
[2025-09-29T14:37:02.557+0000] {processor.py:186} INFO - Started process (PID=420) to work on /home/airflow/.local/lib/python3.12/site-packages/airflow/example_dags/example_python_operator.py
[2025-09-29T14:37:02.557+0000] {processor.py:914} INFO - Processing file /home/airflow/.local/lib/python3.12/site-packages/airflow/example_dags/example_python_operator.py for tasks to queue
[2025-09-29T14:37:02.559+0000] {logging_mixin.py:190} INFO - [2025-09-29T14:37:02.558+0000] {dagbag.py:588} INFO - Filling up the DagBag from /home/airflow/.local/lib/python3.12/site-packages/airflow/example_dags/example_python_operator.py
[2025-09-29T14:37:02.565+0000] {processor.py:925} INFO - DAG(s) 'example_python_operator' retrieved from /home/airflow/.local/lib/python3.12/site-packages/airflow/example_dags/example_python_operator.py
[2025-09-29T14:37:02.581+0000] {logging_mixin.py:190} INFO - [2025-09-29T14:37:02.581+0000] {dag.py:3239} INFO - Sync 1 DAGs
[2025-09-29T14:37:02.589+0000] {logging_mixin.py:190} INFO - [2025-09-29T14:37:02.588+0000] {dag.py:4180} INFO - Setting next_dagrun for example_python_operator to None, run_after=None
[2025-09-29T14:37:02.599+0000] {processor.py:208} INFO - Processing /home/airflow/.local/lib/python3.12/site-packages/airflow/example_dags/example_python_operator.py took 0.046 seconds
[2025-09-29T14:37:32.945+0000] {processor.py:186} INFO - Started process (PID=484) to work on /home/airflow/.local/lib/python3.12/site-packages/airflow/example_dags/example_python_operator.py
[2025-09-29T14:37:32.945+0000] {processor.py:914} INFO - Processing file /home/airflow/.local/lib/python3.12/site-packages/airflow/example_dags/example_python_operator.py for tasks to queue
[2025-09-29T14:37:32.950+0000] {logging_mixin.py:190} INFO - [2025-09-29T14:37:32.950+0000] {dagbag.py:588} INFO - Filling up the DagBag from /home/airflow/.local/lib/python3.12/site-packages/airflow/example_dags/example_python_operator.py
[2025-09-29T14:37:32.957+0000] {processor.py:925} INFO - DAG(s) 'example_python_operator' retrieved from /home/airflow/.local/lib/python3.12/site-packages/airflow/example_dags/example_python_operator.py
[2025-09-29T14:37:32.972+0000] {logging_mixin.py:190} INFO - [2025-09-29T14:37:32.972+0000] {dag.py:3239} INFO - Sync 1 DAGs
[2025-09-29T14:37:32.980+0000] {logging_mixin.py:190} INFO - [2025-09-29T14:37:32.980+0000] {dag.py:4180} INFO - Setting next_dagrun for example_python_operator to None, run_after=None
[2025-09-29T14:37:32.993+0000] {processor.py:208} INFO - Processing /home/airflow/.local/lib/python3.12/site-packages/airflow/example_dags/example_python_operator.py took 0.052 seconds
[2025-09-29T14:38:03.375+0000] {processor.py:186} INFO - Started process (PID=548) to work on /home/airflow/.local/lib/python3.12/site-packages/airflow/example_dags/example_python_operator.py
[2025-09-29T14:38:03.379+0000] {processor.py:914} INFO - Processing file /home/airflow/.local/lib/python3.12/site-packages/airflow/example_dags/example_python_operator.py for tasks to queue
[2025-09-29T14:38:03.382+0000] {logging_mixin.py:190} INFO - [2025-09-29T14:38:03.382+0000] {dagbag.py:588} INFO - Filling up the DagBag from /home/airflow/.local/lib/python3.12/site-packages/airflow/example_dags/example_python_operator.py
[2025-09-29T14:38:03.392+0000] {processor.py:925} INFO - DAG(s) 'example_python_operator' retrieved from /home/airflow/.local/lib/python3.12/site-packages/airflow/example_dags/example_python_operator.py
[2025-09-29T14:38:03.408+0000] {logging_mixin.py:190} INFO - [2025-09-29T14:38:03.408+0000] {dag.py:3239} INFO - Sync 1 DAGs
[2025-09-29T14:38:03.415+0000] {logging_mixin.py:190} INFO - [2025-09-29T14:38:03.415+0000] {dag.py:4180} INFO - Setting next_dagrun for example_python_operator to None, run_after=None
[2025-09-29T14:38:03.426+0000] {processor.py:208} INFO - Processing /home/airflow/.local/lib/python3.12/site-packages/airflow/example_dags/example_python_operator.py took 0.053 seconds
[2025-09-29T14:38:33.748+0000] {processor.py:186} INFO - Started process (PID=620) to work on /home/airflow/.local/lib/python3.12/site-packages/airflow/example_dags/example_python_operator.py
[2025-09-29T14:38:33.748+0000] {processor.py:914} INFO - Processing file /home/airflow/.local/lib/python3.12/site-packages/airflow/example_dags/example_python_operator.py for tasks to queue
[2025-09-29T14:38:33.749+0000] {logging_mixin.py:190} INFO - [2025-09-29T14:38:33.749+0000] {dagbag.py:588} INFO - Filling up the DagBag from /home/airflow/.local/lib/python3.12/site-packages/airflow/example_dags/example_python_operator.py
[2025-09-29T14:38:33.758+0000] {processor.py:925} INFO - DAG(s) 'example_python_operator' retrieved from /home/airflow/.local/lib/python3.12/site-packages/airflow/example_dags/example_python_operator.py
[2025-09-29T14:38:33.774+0000] {logging_mixin.py:190} INFO - [2025-09-29T14:38:33.774+0000] {dag.py:3239} INFO - Sync 1 DAGs
[2025-09-29T14:38:33.782+0000] {logging_mixin.py:190} INFO - [2025-09-29T14:38:33.782+0000] {dag.py:4180} INFO - Setting next_dagrun for example_python_operator to None, run_after=None
[2025-09-29T14:38:33.795+0000] {processor.py:208} INFO - Processing /home/airflow/.local/lib/python3.12/site-packages/airflow/example_dags/example_python_operator.py took 0.051 seconds
[2025-09-29T14:39:04.263+0000] {processor.py:186} INFO - Started process (PID=683) to work on /home/airflow/.local/lib/python3.12/site-packages/airflow/example_dags/example_python_operator.py
[2025-09-29T14:39:04.264+0000] {processor.py:914} INFO - Processing file /home/airflow/.local/lib/python3.12/site-packages/airflow/example_dags/example_python_operator.py for tasks to queue
[2025-09-29T14:39:04.268+0000] {logging_mixin.py:190} INFO - [2025-09-29T14:39:04.268+0000] {dagbag.py:588} INFO - Filling up the DagBag from /home/airflow/.local/lib/python3.12/site-packages/airflow/example_dags/example_python_operator.py
[2025-09-29T14:39:04.276+0000] {processor.py:925} INFO - DAG(s) 'example_python_operator' retrieved from /home/airflow/.local/lib/python3.12/site-packages/airflow/example_dags/example_python_operator.py
[2025-09-29T14:39:04.292+0000] {logging_mixin.py:190} INFO - [2025-09-29T14:39:04.292+0000] {dag.py:3239} INFO - Sync 1 DAGs
[2025-09-29T14:39:04.304+0000] {logging_mixin.py:190} INFO - [2025-09-29T14:39:04.304+0000] {dag.py:4180} INFO - Setting next_dagrun for example_python_operator to None, run_after=None
[2025-09-29T14:39:04.313+0000] {processor.py:208} INFO - Processing /home/airflow/.local/lib/python3.12/site-packages/airflow/example_dags/example_python_operator.py took 0.053 seconds
[2025-09-29T14:39:34.853+0000] {processor.py:186} INFO - Started process (PID=746) to work on /home/airflow/.local/lib/python3.12/site-packages/airflow/example_dags/example_python_operator.py
[2025-09-29T14:39:34.853+0000] {processor.py:914} INFO - Processing file /home/airflow/.local/lib/python3.12/site-packages/airflow/example_dags/example_python_operator.py for tasks to queue
[2025-09-29T14:39:34.855+0000] {logging_mixin.py:190} INFO - [2025-09-29T14:39:34.855+0000] {dagbag.py:588} INFO - Filling up the DagBag from /home/airflow/.local/lib/python3.12/site-packages/airflow/example_dags/example_python_operator.py
[2025-09-29T14:39:34.861+0000] {processor.py:925} INFO - DAG(s) 'example_python_operator' retrieved from /home/airflow/.local/lib/python3.12/site-packages/airflow/example_dags/example_python_operator.py
[2025-09-29T14:39:34.879+0000] {logging_mixin.py:190} INFO - [2025-09-29T14:39:34.879+0000] {dag.py:3239} INFO - Sync 1 DAGs
[2025-09-29T14:39:34.886+0000] {logging_mixin.py:190} INFO - [2025-09-29T14:39:34.886+0000] {dag.py:4180} INFO - Setting next_dagrun for example_python_operator to None, run_after=None
[2025-09-29T14:39:34.902+0000] {processor.py:208} INFO - Processing /home/airflow/.local/lib/python3.12/site-packages/airflow/example_dags/example_python_operator.py took 0.053 seconds
[2025-09-29T14:40:05.266+0000] {processor.py:186} INFO - Started process (PID=810) to work on /home/airflow/.local/lib/python3.12/site-packages/airflow/example_dags/example_python_operator.py
[2025-09-29T14:40:05.266+0000] {processor.py:914} INFO - Processing file /home/airflow/.local/lib/python3.12/site-packages/airflow/example_dags/example_python_operator.py for tasks to queue
[2025-09-29T14:40:05.268+0000] {logging_mixin.py:190} INFO - [2025-09-29T14:40:05.268+0000] {dagbag.py:588} INFO - Filling up the DagBag from /home/airflow/.local/lib/python3.12/site-packages/airflow/example_dags/example_python_operator.py
[2025-09-29T14:40:05.274+0000] {processor.py:925} INFO - DAG(s) 'example_python_operator' retrieved from /home/airflow/.local/lib/python3.12/site-packages/airflow/example_dags/example_python_operator.py
[2025-09-29T14:40:05.287+0000] {logging_mixin.py:190} INFO - [2025-09-29T14:40:05.287+0000] {dag.py:3239} INFO - Sync 1 DAGs
[2025-09-29T14:40:05.296+0000] {logging_mixin.py:190} INFO - [2025-09-29T14:40:05.296+0000] {dag.py:4180} INFO - Setting next_dagrun for example_python_operator to None, run_after=None
[2025-09-29T14:40:05.305+0000] {processor.py:208} INFO - Processing /home/airflow/.local/lib/python3.12/site-packages/airflow/example_dags/example_python_operator.py took 0.043 seconds
[2025-09-29T14:40:35.705+0000] {processor.py:186} INFO - Started process (PID=873) to work on /home/airflow/.local/lib/python3.12/site-packages/airflow/example_dags/example_python_operator.py
[2025-09-29T14:40:35.706+0000] {processor.py:914} INFO - Processing file /home/airflow/.local/lib/python3.12/site-packages/airflow/example_dags/example_python_operator.py for tasks to queue
[2025-09-29T14:40:35.707+0000] {logging_mixin.py:190} INFO - [2025-09-29T14:40:35.707+0000] {dagbag.py:588} INFO - Filling up the DagBag from /home/airflow/.local/lib/python3.12/site-packages/airflow/example_dags/example_python_operator.py
[2025-09-29T14:40:35.715+0000] {processor.py:925} INFO - DAG(s) 'example_python_operator' retrieved from /home/airflow/.local/lib/python3.12/site-packages/airflow/example_dags/example_python_operator.py
[2025-09-29T14:40:35.729+0000] {logging_mixin.py:190} INFO - [2025-09-29T14:40:35.729+0000] {dag.py:3239} INFO - Sync 1 DAGs
[2025-09-29T14:40:35.737+0000] {logging_mixin.py:190} INFO - [2025-09-29T14:40:35.737+0000] {dag.py:4180} INFO - Setting next_dagrun for example_python_operator to None, run_after=None
[2025-09-29T14:40:35.751+0000] {processor.py:208} INFO - Processing /home/airflow/.local/lib/python3.12/site-packages/airflow/example_dags/example_python_operator.py took 0.050 seconds
[2025-09-29T14:41:05.913+0000] {processor.py:186} INFO - Started process (PID=939) to work on /home/airflow/.local/lib/python3.12/site-packages/airflow/example_dags/example_python_operator.py
[2025-09-29T14:41:05.914+0000] {processor.py:914} INFO - Processing file /home/airflow/.local/lib/python3.12/site-packages/airflow/example_dags/example_python_operator.py for tasks to queue
[2025-09-29T14:41:05.916+0000] {logging_mixin.py:190} INFO - [2025-09-29T14:41:05.916+0000] {dagbag.py:588} INFO - Filling up the DagBag from /home/airflow/.local/lib/python3.12/site-packages/airflow/example_dags/example_python_operator.py
[2025-09-29T14:41:05.923+0000] {processor.py:925} INFO - DAG(s) 'example_python_operator' retrieved from /home/airflow/.local/lib/python3.12/site-packages/airflow/example_dags/example_python_operator.py
[2025-09-29T14:41:05.935+0000] {logging_mixin.py:190} INFO - [2025-09-29T14:41:05.935+0000] {dag.py:3239} INFO - Sync 1 DAGs
[2025-09-29T14:41:05.941+0000] {logging_mixin.py:190} INFO - [2025-09-29T14:41:05.941+0000] {dag.py:4180} INFO - Setting next_dagrun for example_python_operator to None, run_after=None
[2025-09-29T14:41:05.951+0000] {processor.py:208} INFO - Processing /home/airflow/.local/lib/python3.12/site-packages/airflow/example_dags/example_python_operator.py took 0.041 seconds
[2025-09-29T14:41:36.428+0000] {processor.py:186} INFO - Started process (PID=1003) to work on /home/airflow/.local/lib/python3.12/site-packages/airflow/example_dags/example_python_operator.py
[2025-09-29T14:41:36.429+0000] {processor.py:914} INFO - Processing file /home/airflow/.local/lib/python3.12/site-packages/airflow/example_dags/example_python_operator.py for tasks to queue
[2025-09-29T14:41:36.430+0000] {logging_mixin.py:190} INFO - [2025-09-29T14:41:36.430+0000] {dagbag.py:588} INFO - Filling up the DagBag from /home/airflow/.local/lib/python3.12/site-packages/airflow/example_dags/example_python_operator.py
[2025-09-29T14:41:36.437+0000] {processor.py:925} INFO - DAG(s) 'example_python_operator' retrieved from /home/airflow/.local/lib/python3.12/site-packages/airflow/example_dags/example_python_operator.py
[2025-09-29T14:41:36.455+0000] {logging_mixin.py:190} INFO - [2025-09-29T14:41:36.454+0000] {dag.py:3239} INFO - Sync 1 DAGs
[2025-09-29T14:41:36.463+0000] {logging_mixin.py:190} INFO - [2025-09-29T14:41:36.463+0000] {dag.py:4180} INFO - Setting next_dagrun for example_python_operator to None, run_after=None
[2025-09-29T14:41:36.474+0000] {processor.py:208} INFO - Processing /home/airflow/.local/lib/python3.12/site-packages/airflow/example_dags/example_python_operator.py took 0.050 seconds
[2025-09-29T14:42:06.849+0000] {processor.py:186} INFO - Started process (PID=1068) to work on /home/airflow/.local/lib/python3.12/site-packages/airflow/example_dags/example_python_operator.py
[2025-09-29T14:42:06.850+0000] {processor.py:914} INFO - Processing file /home/airflow/.local/lib/python3.12/site-packages/airflow/example_dags/example_python_operator.py for tasks to queue
[2025-09-29T14:42:06.851+0000] {logging_mixin.py:190} INFO - [2025-09-29T14:42:06.851+0000] {dagbag.py:588} INFO - Filling up the DagBag from /home/airflow/.local/lib/python3.12/site-packages/airflow/example_dags/example_python_operator.py
[2025-09-29T14:42:06.859+0000] {processor.py:925} INFO - DAG(s) 'example_python_operator' retrieved from /home/airflow/.local/lib/python3.12/site-packages/airflow/example_dags/example_python_operator.py
[2025-09-29T14:42:06.878+0000] {logging_mixin.py:190} INFO - [2025-09-29T14:42:06.877+0000] {dag.py:3239} INFO - Sync 1 DAGs
[2025-09-29T14:42:06.885+0000] {logging_mixin.py:190} INFO - [2025-09-29T14:42:06.885+0000] {dag.py:4180} INFO - Setting next_dagrun for example_python_operator to None, run_after=None
[2025-09-29T14:42:06.897+0000] {processor.py:208} INFO - Processing /home/airflow/.local/lib/python3.12/site-packages/airflow/example_dags/example_python_operator.py took 0.051 seconds
[2025-09-29T14:42:37.156+0000] {processor.py:186} INFO - Started process (PID=1132) to work on /home/airflow/.local/lib/python3.12/site-packages/airflow/example_dags/example_python_operator.py
[2025-09-29T14:42:37.160+0000] {processor.py:914} INFO - Processing file /home/airflow/.local/lib/python3.12/site-packages/airflow/example_dags/example_python_operator.py for tasks to queue
[2025-09-29T14:42:37.161+0000] {logging_mixin.py:190} INFO - [2025-09-29T14:42:37.161+0000] {dagbag.py:588} INFO - Filling up the DagBag from /home/airflow/.local/lib/python3.12/site-packages/airflow/example_dags/example_python_operator.py
[2025-09-29T14:42:37.167+0000] {processor.py:925} INFO - DAG(s) 'example_python_operator' retrieved from /home/airflow/.local/lib/python3.12/site-packages/airflow/example_dags/example_python_operator.py
[2025-09-29T14:42:37.189+0000] {logging_mixin.py:190} INFO - [2025-09-29T14:42:37.188+0000] {dag.py:3239} INFO - Sync 1 DAGs
[2025-09-29T14:42:37.199+0000] {logging_mixin.py:190} INFO - [2025-09-29T14:42:37.199+0000] {dag.py:4180} INFO - Setting next_dagrun for example_python_operator to None, run_after=None
[2025-09-29T14:42:37.209+0000] {processor.py:208} INFO - Processing /home/airflow/.local/lib/python3.12/site-packages/airflow/example_dags/example_python_operator.py took 0.056 seconds
[2025-09-29T14:43:07.504+0000] {processor.py:186} INFO - Started process (PID=1196) to work on /home/airflow/.local/lib/python3.12/site-packages/airflow/example_dags/example_python_operator.py
[2025-09-29T14:43:07.505+0000] {processor.py:914} INFO - Processing file /home/airflow/.local/lib/python3.12/site-packages/airflow/example_dags/example_python_operator.py for tasks to queue
[2025-09-29T14:43:07.506+0000] {logging_mixin.py:190} INFO - [2025-09-29T14:43:07.506+0000] {dagbag.py:588} INFO - Filling up the DagBag from /home/airflow/.local/lib/python3.12/site-packages/airflow/example_dags/example_python_operator.py
[2025-09-29T14:43:07.515+0000] {processor.py:925} INFO - DAG(s) 'example_python_operator' retrieved from /home/airflow/.local/lib/python3.12/site-packages/airflow/example_dags/example_python_operator.py
[2025-09-29T14:43:07.531+0000] {logging_mixin.py:190} INFO - [2025-09-29T14:43:07.531+0000] {dag.py:3239} INFO - Sync 1 DAGs
[2025-09-29T14:43:07.538+0000] {logging_mixin.py:190} INFO - [2025-09-29T14:43:07.537+0000] {dag.py:4180} INFO - Setting next_dagrun for example_python_operator to None, run_after=None
[2025-09-29T14:43:07.550+0000] {processor.py:208} INFO - Processing /home/airflow/.local/lib/python3.12/site-packages/airflow/example_dags/example_python_operator.py took 0.049 seconds
[2025-09-29T14:43:37.664+0000] {processor.py:186} INFO - Started process (PID=1260) to work on /home/airflow/.local/lib/python3.12/site-packages/airflow/example_dags/example_python_operator.py
[2025-09-29T14:43:37.666+0000] {processor.py:914} INFO - Processing file /home/airflow/.local/lib/python3.12/site-packages/airflow/example_dags/example_python_operator.py for tasks to queue
[2025-09-29T14:43:37.667+0000] {logging_mixin.py:190} INFO - [2025-09-29T14:43:37.667+0000] {dagbag.py:588} INFO - Filling up the DagBag from /home/airflow/.local/lib/python3.12/site-packages/airflow/example_dags/example_python_operator.py
[2025-09-29T14:43:37.673+0000] {processor.py:925} INFO - DAG(s) 'example_python_operator' retrieved from /home/airflow/.local/lib/python3.12/site-packages/airflow/example_dags/example_python_operator.py
[2025-09-29T14:43:37.687+0000] {logging_mixin.py:190} INFO - [2025-09-29T14:43:37.687+0000] {dag.py:3239} INFO - Sync 1 DAGs
[2025-09-29T14:43:37.695+0000] {logging_mixin.py:190} INFO - [2025-09-29T14:43:37.694+0000] {dag.py:4180} INFO - Setting next_dagrun for example_python_operator to None, run_after=None
[2025-09-29T14:43:37.705+0000] {processor.py:208} INFO - Processing /home/airflow/.local/lib/python3.12/site-packages/airflow/example_dags/example_python_operator.py took 0.043 seconds
[2025-09-29T14:44:08.534+0000] {processor.py:186} INFO - Started process (PID=1324) to work on /home/airflow/.local/lib/python3.12/site-packages/airflow/example_dags/example_python_operator.py
[2025-09-29T14:44:08.536+0000] {processor.py:914} INFO - Processing file /home/airflow/.local/lib/python3.12/site-packages/airflow/example_dags/example_python_operator.py for tasks to queue
[2025-09-29T14:44:08.538+0000] {logging_mixin.py:190} INFO - [2025-09-29T14:44:08.537+0000] {dagbag.py:588} INFO - Filling up the DagBag from /home/airflow/.local/lib/python3.12/site-packages/airflow/example_dags/example_python_operator.py
[2025-09-29T14:44:08.548+0000] {processor.py:925} INFO - DAG(s) 'example_python_operator' retrieved from /home/airflow/.local/lib/python3.12/site-packages/airflow/example_dags/example_python_operator.py
[2025-09-29T14:44:08.559+0000] {logging_mixin.py:190} INFO - [2025-09-29T14:44:08.559+0000] {dag.py:3239} INFO - Sync 1 DAGs
[2025-09-29T14:44:08.566+0000] {logging_mixin.py:190} INFO - [2025-09-29T14:44:08.566+0000] {dag.py:4180} INFO - Setting next_dagrun for example_python_operator to None, run_after=None
[2025-09-29T14:44:08.579+0000] {processor.py:208} INFO - Processing /home/airflow/.local/lib/python3.12/site-packages/airflow/example_dags/example_python_operator.py took 0.048 seconds
[2025-09-29T14:44:38.915+0000] {processor.py:186} INFO - Started process (PID=1387) to work on /home/airflow/.local/lib/python3.12/site-packages/airflow/example_dags/example_python_operator.py
[2025-09-29T14:44:38.916+0000] {processor.py:914} INFO - Processing file /home/airflow/.local/lib/python3.12/site-packages/airflow/example_dags/example_python_operator.py for tasks to queue
[2025-09-29T14:44:38.918+0000] {logging_mixin.py:190} INFO - [2025-09-29T14:44:38.918+0000] {dagbag.py:588} INFO - Filling up the DagBag from /home/airflow/.local/lib/python3.12/site-packages/airflow/example_dags/example_python_operator.py
[2025-09-29T14:44:38.925+0000] {processor.py:925} INFO - DAG(s) 'example_python_operator' retrieved from /home/airflow/.local/lib/python3.12/site-packages/airflow/example_dags/example_python_operator.py
[2025-09-29T14:44:38.943+0000] {logging_mixin.py:190} INFO - [2025-09-29T14:44:38.942+0000] {dag.py:3239} INFO - Sync 1 DAGs
[2025-09-29T14:44:38.949+0000] {logging_mixin.py:190} INFO - [2025-09-29T14:44:38.949+0000] {dag.py:4180} INFO - Setting next_dagrun for example_python_operator to None, run_after=None
[2025-09-29T14:44:38.965+0000] {processor.py:208} INFO - Processing /home/airflow/.local/lib/python3.12/site-packages/airflow/example_dags/example_python_operator.py took 0.053 seconds
[2025-09-29T14:45:09.316+0000] {processor.py:186} INFO - Started process (PID=1451) to work on /home/airflow/.local/lib/python3.12/site-packages/airflow/example_dags/example_python_operator.py
[2025-09-29T14:45:09.316+0000] {processor.py:914} INFO - Processing file /home/airflow/.local/lib/python3.12/site-packages/airflow/example_dags/example_python_operator.py for tasks to queue
[2025-09-29T14:45:09.317+0000] {logging_mixin.py:190} INFO - [2025-09-29T14:45:09.317+0000] {dagbag.py:588} INFO - Filling up the DagBag from /home/airflow/.local/lib/python3.12/site-packages/airflow/example_dags/example_python_operator.py
[2025-09-29T14:45:09.324+0000] {processor.py:925} INFO - DAG(s) 'example_python_operator' retrieved from /home/airflow/.local/lib/python3.12/site-packages/airflow/example_dags/example_python_operator.py
[2025-09-29T14:45:09.338+0000] {logging_mixin.py:190} INFO - [2025-09-29T14:45:09.338+0000] {dag.py:3239} INFO - Sync 1 DAGs
[2025-09-29T14:45:09.346+0000] {logging_mixin.py:190} INFO - [2025-09-29T14:45:09.346+0000] {dag.py:4180} INFO - Setting next_dagrun for example_python_operator to None, run_after=None
[2025-09-29T14:45:09.360+0000] {processor.py:208} INFO - Processing /home/airflow/.local/lib/python3.12/site-packages/airflow/example_dags/example_python_operator.py took 0.048 seconds
[2025-09-29T14:45:39.803+0000] {processor.py:186} INFO - Started process (PID=1515) to work on /home/airflow/.local/lib/python3.12/site-packages/airflow/example_dags/example_python_operator.py
[2025-09-29T14:45:39.804+0000] {processor.py:914} INFO - Processing file /home/airflow/.local/lib/python3.12/site-packages/airflow/example_dags/example_python_operator.py for tasks to queue
[2025-09-29T14:45:39.805+0000] {logging_mixin.py:190} INFO - [2025-09-29T14:45:39.805+0000] {dagbag.py:588} INFO - Filling up the DagBag from /home/airflow/.local/lib/python3.12/site-packages/airflow/example_dags/example_python_operator.py
[2025-09-29T14:45:39.811+0000] {processor.py:925} INFO - DAG(s) 'example_python_operator' retrieved from /home/airflow/.local/lib/python3.12/site-packages/airflow/example_dags/example_python_operator.py
[2025-09-29T14:45:39.825+0000] {logging_mixin.py:190} INFO - [2025-09-29T14:45:39.825+0000] {dag.py:3239} INFO - Sync 1 DAGs
[2025-09-29T14:45:39.831+0000] {logging_mixin.py:190} INFO - [2025-09-29T14:45:39.831+0000] {dag.py:4180} INFO - Setting next_dagrun for example_python_operator to None, run_after=None
[2025-09-29T14:45:39.840+0000] {processor.py:208} INFO - Processing /home/airflow/.local/lib/python3.12/site-packages/airflow/example_dags/example_python_operator.py took 0.041 seconds
[2025-09-29T14:46:10.399+0000] {processor.py:186} INFO - Started process (PID=1579) to work on /home/airflow/.local/lib/python3.12/site-packages/airflow/example_dags/example_python_operator.py
[2025-09-29T14:46:10.404+0000] {processor.py:914} INFO - Processing file /home/airflow/.local/lib/python3.12/site-packages/airflow/example_dags/example_python_operator.py for tasks to queue
[2025-09-29T14:46:10.409+0000] {logging_mixin.py:190} INFO - [2025-09-29T14:46:10.408+0000] {dagbag.py:588} INFO - Filling up the DagBag from /home/airflow/.local/lib/python3.12/site-packages/airflow/example_dags/example_python_operator.py
[2025-09-29T14:46:10.418+0000] {processor.py:925} INFO - DAG(s) 'example_python_operator' retrieved from /home/airflow/.local/lib/python3.12/site-packages/airflow/example_dags/example_python_operator.py
[2025-09-29T14:46:10.437+0000] {logging_mixin.py:190} INFO - [2025-09-29T14:46:10.437+0000] {dag.py:3239} INFO - Sync 1 DAGs
[2025-09-29T14:46:10.446+0000] {logging_mixin.py:190} INFO - [2025-09-29T14:46:10.446+0000] {dag.py:4180} INFO - Setting next_dagrun for example_python_operator to None, run_after=None
[2025-09-29T14:46:10.456+0000] {processor.py:208} INFO - Processing /home/airflow/.local/lib/python3.12/site-packages/airflow/example_dags/example_python_operator.py took 0.062 seconds
[2025-09-29T14:46:40.902+0000] {processor.py:186} INFO - Started process (PID=1643) to work on /home/airflow/.local/lib/python3.12/site-packages/airflow/example_dags/example_python_operator.py
[2025-09-29T14:46:40.904+0000] {processor.py:914} INFO - Processing file /home/airflow/.local/lib/python3.12/site-packages/airflow/example_dags/example_python_operator.py for tasks to queue
[2025-09-29T14:46:40.906+0000] {logging_mixin.py:190} INFO - [2025-09-29T14:46:40.905+0000] {dagbag.py:588} INFO - Filling up the DagBag from /home/airflow/.local/lib/python3.12/site-packages/airflow/example_dags/example_python_operator.py
[2025-09-29T14:46:40.912+0000] {processor.py:925} INFO - DAG(s) 'example_python_operator' retrieved from /home/airflow/.local/lib/python3.12/site-packages/airflow/example_dags/example_python_operator.py
[2025-09-29T14:46:40.928+0000] {logging_mixin.py:190} INFO - [2025-09-29T14:46:40.928+0000] {dag.py:3239} INFO - Sync 1 DAGs
[2025-09-29T14:46:40.936+0000] {logging_mixin.py:190} INFO - [2025-09-29T14:46:40.936+0000] {dag.py:4180} INFO - Setting next_dagrun for example_python_operator to None, run_after=None
[2025-09-29T14:46:40.946+0000] {processor.py:208} INFO - Processing /home/airflow/.local/lib/python3.12/site-packages/airflow/example_dags/example_python_operator.py took 0.047 seconds
[2025-09-29T14:47:11.400+0000] {processor.py:186} INFO - Started process (PID=1707) to work on /home/airflow/.local/lib/python3.12/site-packages/airflow/example_dags/example_python_operator.py
[2025-09-29T14:47:11.400+0000] {processor.py:914} INFO - Processing file /home/airflow/.local/lib/python3.12/site-packages/airflow/example_dags/example_python_operator.py for tasks to queue
[2025-09-29T14:47:11.402+0000] {logging_mixin.py:190} INFO - [2025-09-29T14:47:11.401+0000] {dagbag.py:588} INFO - Filling up the DagBag from /home/airflow/.local/lib/python3.12/site-packages/airflow/example_dags/example_python_operator.py
[2025-09-29T14:47:11.408+0000] {processor.py:925} INFO - DAG(s) 'example_python_operator' retrieved from /home/airflow/.local/lib/python3.12/site-packages/airflow/example_dags/example_python_operator.py
[2025-09-29T14:47:11.424+0000] {logging_mixin.py:190} INFO - [2025-09-29T14:47:11.424+0000] {dag.py:3239} INFO - Sync 1 DAGs
[2025-09-29T14:47:11.432+0000] {logging_mixin.py:190} INFO - [2025-09-29T14:47:11.432+0000] {dag.py:4180} INFO - Setting next_dagrun for example_python_operator to None, run_after=None
[2025-09-29T14:47:11.449+0000] {processor.py:208} INFO - Processing /home/airflow/.local/lib/python3.12/site-packages/airflow/example_dags/example_python_operator.py took 0.053 seconds
[2025-09-29T14:47:41.661+0000] {processor.py:186} INFO - Started process (PID=1771) to work on /home/airflow/.local/lib/python3.12/site-packages/airflow/example_dags/example_python_operator.py
[2025-09-29T14:47:41.662+0000] {processor.py:914} INFO - Processing file /home/airflow/.local/lib/python3.12/site-packages/airflow/example_dags/example_python_operator.py for tasks to queue
[2025-09-29T14:47:41.664+0000] {logging_mixin.py:190} INFO - [2025-09-29T14:47:41.663+0000] {dagbag.py:588} INFO - Filling up the DagBag from /home/airflow/.local/lib/python3.12/site-packages/airflow/example_dags/example_python_operator.py
[2025-09-29T14:47:41.670+0000] {processor.py:925} INFO - DAG(s) 'example_python_operator' retrieved from /home/airflow/.local/lib/python3.12/site-packages/airflow/example_dags/example_python_operator.py
[2025-09-29T14:47:41.681+0000] {logging_mixin.py:190} INFO - [2025-09-29T14:47:41.681+0000] {dag.py:3239} INFO - Sync 1 DAGs
[2025-09-29T14:47:41.689+0000] {logging_mixin.py:190} INFO - [2025-09-29T14:47:41.688+0000] {dag.py:4180} INFO - Setting next_dagrun for example_python_operator to None, run_after=None
[2025-09-29T14:47:41.703+0000] {processor.py:208} INFO - Processing /home/airflow/.local/lib/python3.12/site-packages/airflow/example_dags/example_python_operator.py took 0.044 seconds
[2025-09-29T14:48:12.188+0000] {processor.py:186} INFO - Started process (PID=1835) to work on /home/airflow/.local/lib/python3.12/site-packages/airflow/example_dags/example_python_operator.py
[2025-09-29T14:48:12.191+0000] {processor.py:914} INFO - Processing file /home/airflow/.local/lib/python3.12/site-packages/airflow/example_dags/example_python_operator.py for tasks to queue
[2025-09-29T14:48:12.193+0000] {logging_mixin.py:190} INFO - [2025-09-29T14:48:12.192+0000] {dagbag.py:588} INFO - Filling up the DagBag from /home/airflow/.local/lib/python3.12/site-packages/airflow/example_dags/example_python_operator.py
[2025-09-29T14:48:12.200+0000] {processor.py:925} INFO - DAG(s) 'example_python_operator' retrieved from /home/airflow/.local/lib/python3.12/site-packages/airflow/example_dags/example_python_operator.py
[2025-09-29T14:48:12.217+0000] {logging_mixin.py:190} INFO - [2025-09-29T14:48:12.217+0000] {dag.py:3239} INFO - Sync 1 DAGs
[2025-09-29T14:48:12.225+0000] {logging_mixin.py:190} INFO - [2025-09-29T14:48:12.225+0000] {dag.py:4180} INFO - Setting next_dagrun for example_python_operator to None, run_after=None
[2025-09-29T14:48:12.236+0000] {processor.py:208} INFO - Processing /home/airflow/.local/lib/python3.12/site-packages/airflow/example_dags/example_python_operator.py took 0.052 seconds
[2025-09-29T14:48:42.392+0000] {processor.py:186} INFO - Started process (PID=1899) to work on /home/airflow/.local/lib/python3.12/site-packages/airflow/example_dags/example_python_operator.py
[2025-09-29T14:48:42.393+0000] {processor.py:914} INFO - Processing file /home/airflow/.local/lib/python3.12/site-packages/airflow/example_dags/example_python_operator.py for tasks to queue
[2025-09-29T14:48:42.394+0000] {logging_mixin.py:190} INFO - [2025-09-29T14:48:42.394+0000] {dagbag.py:588} INFO - Filling up the DagBag from /home/airflow/.local/lib/python3.12/site-packages/airflow/example_dags/example_python_operator.py
[2025-09-29T14:48:42.400+0000] {processor.py:925} INFO - DAG(s) 'example_python_operator' retrieved from /home/airflow/.local/lib/python3.12/site-packages/airflow/example_dags/example_python_operator.py
[2025-09-29T14:48:42.417+0000] {logging_mixin.py:190} INFO - [2025-09-29T14:48:42.417+0000] {dag.py:3239} INFO - Sync 1 DAGs
[2025-09-29T14:48:42.425+0000] {logging_mixin.py:190} INFO - [2025-09-29T14:48:42.424+0000] {dag.py:4180} INFO - Setting next_dagrun for example_python_operator to None, run_after=None
[2025-09-29T14:48:42.435+0000] {processor.py:208} INFO - Processing /home/airflow/.local/lib/python3.12/site-packages/airflow/example_dags/example_python_operator.py took 0.046 seconds
[2025-09-29T14:49:12.633+0000] {processor.py:186} INFO - Started process (PID=1963) to work on /home/airflow/.local/lib/python3.12/site-packages/airflow/example_dags/example_python_operator.py
[2025-09-29T14:49:12.635+0000] {processor.py:914} INFO - Processing file /home/airflow/.local/lib/python3.12/site-packages/airflow/example_dags/example_python_operator.py for tasks to queue
[2025-09-29T14:49:12.637+0000] {logging_mixin.py:190} INFO - [2025-09-29T14:49:12.637+0000] {dagbag.py:588} INFO - Filling up the DagBag from /home/airflow/.local/lib/python3.12/site-packages/airflow/example_dags/example_python_operator.py
[2025-09-29T14:49:12.643+0000] {processor.py:925} INFO - DAG(s) 'example_python_operator' retrieved from /home/airflow/.local/lib/python3.12/site-packages/airflow/example_dags/example_python_operator.py
[2025-09-29T14:49:12.657+0000] {logging_mixin.py:190} INFO - [2025-09-29T14:49:12.657+0000] {dag.py:3239} INFO - Sync 1 DAGs
[2025-09-29T14:49:12.665+0000] {logging_mixin.py:190} INFO - [2025-09-29T14:49:12.665+0000] {dag.py:4180} INFO - Setting next_dagrun for example_python_operator to None, run_after=None
[2025-09-29T14:49:12.678+0000] {processor.py:208} INFO - Processing /home/airflow/.local/lib/python3.12/site-packages/airflow/example_dags/example_python_operator.py took 0.049 seconds
[2025-09-29T14:49:43.135+0000] {processor.py:186} INFO - Started process (PID=2027) to work on /home/airflow/.local/lib/python3.12/site-packages/airflow/example_dags/example_python_operator.py
[2025-09-29T14:49:43.138+0000] {processor.py:914} INFO - Processing file /home/airflow/.local/lib/python3.12/site-packages/airflow/example_dags/example_python_operator.py for tasks to queue
[2025-09-29T14:49:43.140+0000] {logging_mixin.py:190} INFO - [2025-09-29T14:49:43.139+0000] {dagbag.py:588} INFO - Filling up the DagBag from /home/airflow/.local/lib/python3.12/site-packages/airflow/example_dags/example_python_operator.py
[2025-09-29T14:49:43.146+0000] {processor.py:925} INFO - DAG(s) 'example_python_operator' retrieved from /home/airflow/.local/lib/python3.12/site-packages/airflow/example_dags/example_python_operator.py
[2025-09-29T14:49:43.158+0000] {logging_mixin.py:190} INFO - [2025-09-29T14:49:43.157+0000] {dag.py:3239} INFO - Sync 1 DAGs
[2025-09-29T14:49:43.165+0000] {logging_mixin.py:190} INFO - [2025-09-29T14:49:43.165+0000] {dag.py:4180} INFO - Setting next_dagrun for example_python_operator to None, run_after=None
[2025-09-29T14:49:43.176+0000] {processor.py:208} INFO - Processing /home/airflow/.local/lib/python3.12/site-packages/airflow/example_dags/example_python_operator.py took 0.044 seconds
[2025-09-29T14:50:13.383+0000] {processor.py:186} INFO - Started process (PID=2091) to work on /home/airflow/.local/lib/python3.12/site-packages/airflow/example_dags/example_python_operator.py
[2025-09-29T14:50:13.383+0000] {processor.py:914} INFO - Processing file /home/airflow/.local/lib/python3.12/site-packages/airflow/example_dags/example_python_operator.py for tasks to queue
[2025-09-29T14:50:13.385+0000] {logging_mixin.py:190} INFO - [2025-09-29T14:50:13.385+0000] {dagbag.py:588} INFO - Filling up the DagBag from /home/airflow/.local/lib/python3.12/site-packages/airflow/example_dags/example_python_operator.py
[2025-09-29T14:50:13.391+0000] {processor.py:925} INFO - DAG(s) 'example_python_operator' retrieved from /home/airflow/.local/lib/python3.12/site-packages/airflow/example_dags/example_python_operator.py
[2025-09-29T14:50:13.407+0000] {logging_mixin.py:190} INFO - [2025-09-29T14:50:13.407+0000] {dag.py:3239} INFO - Sync 1 DAGs
[2025-09-29T14:50:13.415+0000] {logging_mixin.py:190} INFO - [2025-09-29T14:50:13.415+0000] {dag.py:4180} INFO - Setting next_dagrun for example_python_operator to None, run_after=None
[2025-09-29T14:50:13.426+0000] {processor.py:208} INFO - Processing /home/airflow/.local/lib/python3.12/site-packages/airflow/example_dags/example_python_operator.py took 0.047 seconds
[2025-09-29T14:50:43.723+0000] {processor.py:186} INFO - Started process (PID=2155) to work on /home/airflow/.local/lib/python3.12/site-packages/airflow/example_dags/example_python_operator.py
[2025-09-29T14:50:43.724+0000] {processor.py:914} INFO - Processing file /home/airflow/.local/lib/python3.12/site-packages/airflow/example_dags/example_python_operator.py for tasks to queue
[2025-09-29T14:50:43.725+0000] {logging_mixin.py:190} INFO - [2025-09-29T14:50:43.725+0000] {dagbag.py:588} INFO - Filling up the DagBag from /home/airflow/.local/lib/python3.12/site-packages/airflow/example_dags/example_python_operator.py
[2025-09-29T14:50:43.733+0000] {processor.py:925} INFO - DAG(s) 'example_python_operator' retrieved from /home/airflow/.local/lib/python3.12/site-packages/airflow/example_dags/example_python_operator.py
[2025-09-29T14:50:43.745+0000] {logging_mixin.py:190} INFO - [2025-09-29T14:50:43.745+0000] {dag.py:3239} INFO - Sync 1 DAGs
[2025-09-29T14:50:43.753+0000] {logging_mixin.py:190} INFO - [2025-09-29T14:50:43.753+0000] {dag.py:4180} INFO - Setting next_dagrun for example_python_operator to None, run_after=None
[2025-09-29T14:50:43.767+0000] {processor.py:208} INFO - Processing /home/airflow/.local/lib/python3.12/site-packages/airflow/example_dags/example_python_operator.py took 0.048 seconds
[2025-09-29T14:51:13.947+0000] {processor.py:186} INFO - Started process (PID=2219) to work on /home/airflow/.local/lib/python3.12/site-packages/airflow/example_dags/example_python_operator.py
[2025-09-29T14:51:13.947+0000] {processor.py:914} INFO - Processing file /home/airflow/.local/lib/python3.12/site-packages/airflow/example_dags/example_python_operator.py for tasks to queue
[2025-09-29T14:51:13.949+0000] {logging_mixin.py:190} INFO - [2025-09-29T14:51:13.949+0000] {dagbag.py:588} INFO - Filling up the DagBag from /home/airflow/.local/lib/python3.12/site-packages/airflow/example_dags/example_python_operator.py
[2025-09-29T14:51:13.955+0000] {processor.py:925} INFO - DAG(s) 'example_python_operator' retrieved from /home/airflow/.local/lib/python3.12/site-packages/airflow/example_dags/example_python_operator.py
[2025-09-29T14:51:13.974+0000] {logging_mixin.py:190} INFO - [2025-09-29T14:51:13.974+0000] {dag.py:3239} INFO - Sync 1 DAGs
[2025-09-29T14:51:13.983+0000] {logging_mixin.py:190} INFO - [2025-09-29T14:51:13.983+0000] {dag.py:4180} INFO - Setting next_dagrun for example_python_operator to None, run_after=None
[2025-09-29T14:51:13.996+0000] {processor.py:208} INFO - Processing /home/airflow/.local/lib/python3.12/site-packages/airflow/example_dags/example_python_operator.py took 0.053 seconds
[2025-09-29T14:51:44.409+0000] {processor.py:186} INFO - Started process (PID=2283) to work on /home/airflow/.local/lib/python3.12/site-packages/airflow/example_dags/example_python_operator.py
[2025-09-29T14:51:44.410+0000] {processor.py:914} INFO - Processing file /home/airflow/.local/lib/python3.12/site-packages/airflow/example_dags/example_python_operator.py for tasks to queue
[2025-09-29T14:51:44.411+0000] {logging_mixin.py:190} INFO - [2025-09-29T14:51:44.411+0000] {dagbag.py:588} INFO - Filling up the DagBag from /home/airflow/.local/lib/python3.12/site-packages/airflow/example_dags/example_python_operator.py
[2025-09-29T14:51:44.418+0000] {processor.py:925} INFO - DAG(s) 'example_python_operator' retrieved from /home/airflow/.local/lib/python3.12/site-packages/airflow/example_dags/example_python_operator.py
[2025-09-29T14:51:44.429+0000] {logging_mixin.py:190} INFO - [2025-09-29T14:51:44.429+0000] {dag.py:3239} INFO - Sync 1 DAGs
[2025-09-29T14:51:44.437+0000] {logging_mixin.py:190} INFO - [2025-09-29T14:51:44.436+0000] {dag.py:4180} INFO - Setting next_dagrun for example_python_operator to None, run_after=None
[2025-09-29T14:51:44.446+0000] {processor.py:208} INFO - Processing /home/airflow/.local/lib/python3.12/site-packages/airflow/example_dags/example_python_operator.py took 0.041 seconds
[2025-09-29T14:52:14.625+0000] {processor.py:186} INFO - Started process (PID=2346) to work on /home/airflow/.local/lib/python3.12/site-packages/airflow/example_dags/example_python_operator.py
[2025-09-29T14:52:14.625+0000] {processor.py:914} INFO - Processing file /home/airflow/.local/lib/python3.12/site-packages/airflow/example_dags/example_python_operator.py for tasks to queue
[2025-09-29T14:52:14.626+0000] {logging_mixin.py:190} INFO - [2025-09-29T14:52:14.626+0000] {dagbag.py:588} INFO - Filling up the DagBag from /home/airflow/.local/lib/python3.12/site-packages/airflow/example_dags/example_python_operator.py
[2025-09-29T14:52:14.633+0000] {processor.py:925} INFO - DAG(s) 'example_python_operator' retrieved from /home/airflow/.local/lib/python3.12/site-packages/airflow/example_dags/example_python_operator.py
[2025-09-29T14:52:14.647+0000] {logging_mixin.py:190} INFO - [2025-09-29T14:52:14.647+0000] {dag.py:3239} INFO - Sync 1 DAGs
[2025-09-29T14:52:14.655+0000] {logging_mixin.py:190} INFO - [2025-09-29T14:52:14.655+0000] {dag.py:4180} INFO - Setting next_dagrun for example_python_operator to None, run_after=None
[2025-09-29T14:52:14.666+0000] {processor.py:208} INFO - Processing /home/airflow/.local/lib/python3.12/site-packages/airflow/example_dags/example_python_operator.py took 0.045 seconds
[2025-09-29T14:52:44.765+0000] {processor.py:186} INFO - Started process (PID=2409) to work on /home/airflow/.local/lib/python3.12/site-packages/airflow/example_dags/example_python_operator.py
[2025-09-29T14:52:44.766+0000] {processor.py:914} INFO - Processing file /home/airflow/.local/lib/python3.12/site-packages/airflow/example_dags/example_python_operator.py for tasks to queue
[2025-09-29T14:52:44.767+0000] {logging_mixin.py:190} INFO - [2025-09-29T14:52:44.767+0000] {dagbag.py:588} INFO - Filling up the DagBag from /home/airflow/.local/lib/python3.12/site-packages/airflow/example_dags/example_python_operator.py
[2025-09-29T14:52:44.775+0000] {processor.py:925} INFO - DAG(s) 'example_python_operator' retrieved from /home/airflow/.local/lib/python3.12/site-packages/airflow/example_dags/example_python_operator.py
[2025-09-29T14:52:44.787+0000] {logging_mixin.py:190} INFO - [2025-09-29T14:52:44.787+0000] {dag.py:3239} INFO - Sync 1 DAGs
[2025-09-29T14:52:44.794+0000] {logging_mixin.py:190} INFO - [2025-09-29T14:52:44.794+0000] {dag.py:4180} INFO - Setting next_dagrun for example_python_operator to None, run_after=None
[2025-09-29T14:52:44.805+0000] {processor.py:208} INFO - Processing /home/airflow/.local/lib/python3.12/site-packages/airflow/example_dags/example_python_operator.py took 0.042 seconds
[2025-09-29T14:53:14.961+0000] {processor.py:186} INFO - Started process (PID=2472) to work on /home/airflow/.local/lib/python3.12/site-packages/airflow/example_dags/example_python_operator.py
[2025-09-29T14:53:14.962+0000] {processor.py:914} INFO - Processing file /home/airflow/.local/lib/python3.12/site-packages/airflow/example_dags/example_python_operator.py for tasks to queue
[2025-09-29T14:53:14.968+0000] {logging_mixin.py:190} INFO - [2025-09-29T14:53:14.968+0000] {dagbag.py:588} INFO - Filling up the DagBag from /home/airflow/.local/lib/python3.12/site-packages/airflow/example_dags/example_python_operator.py
[2025-09-29T14:53:14.975+0000] {processor.py:925} INFO - DAG(s) 'example_python_operator' retrieved from /home/airflow/.local/lib/python3.12/site-packages/airflow/example_dags/example_python_operator.py
[2025-09-29T14:53:14.991+0000] {logging_mixin.py:190} INFO - [2025-09-29T14:53:14.991+0000] {dag.py:3239} INFO - Sync 1 DAGs
[2025-09-29T14:53:14.998+0000] {logging_mixin.py:190} INFO - [2025-09-29T14:53:14.998+0000] {dag.py:4180} INFO - Setting next_dagrun for example_python_operator to None, run_after=None
[2025-09-29T14:53:15.008+0000] {processor.py:208} INFO - Processing /home/airflow/.local/lib/python3.12/site-packages/airflow/example_dags/example_python_operator.py took 0.050 seconds
[2025-09-29T14:53:45.270+0000] {processor.py:186} INFO - Started process (PID=2535) to work on /home/airflow/.local/lib/python3.12/site-packages/airflow/example_dags/example_python_operator.py
[2025-09-29T14:53:45.271+0000] {processor.py:914} INFO - Processing file /home/airflow/.local/lib/python3.12/site-packages/airflow/example_dags/example_python_operator.py for tasks to queue
[2025-09-29T14:53:45.272+0000] {logging_mixin.py:190} INFO - [2025-09-29T14:53:45.272+0000] {dagbag.py:588} INFO - Filling up the DagBag from /home/airflow/.local/lib/python3.12/site-packages/airflow/example_dags/example_python_operator.py
[2025-09-29T14:53:45.279+0000] {processor.py:925} INFO - DAG(s) 'example_python_operator' retrieved from /home/airflow/.local/lib/python3.12/site-packages/airflow/example_dags/example_python_operator.py
[2025-09-29T14:53:45.290+0000] {logging_mixin.py:190} INFO - [2025-09-29T14:53:45.290+0000] {dag.py:3239} INFO - Sync 1 DAGs
[2025-09-29T14:53:45.297+0000] {logging_mixin.py:190} INFO - [2025-09-29T14:53:45.297+0000] {dag.py:4180} INFO - Setting next_dagrun for example_python_operator to None, run_after=None
[2025-09-29T14:53:45.307+0000] {processor.py:208} INFO - Processing /home/airflow/.local/lib/python3.12/site-packages/airflow/example_dags/example_python_operator.py took 0.040 seconds
[2025-09-29T14:54:15.526+0000] {processor.py:186} INFO - Started process (PID=2598) to work on /home/airflow/.local/lib/python3.12/site-packages/airflow/example_dags/example_python_operator.py
[2025-09-29T14:54:15.529+0000] {processor.py:914} INFO - Processing file /home/airflow/.local/lib/python3.12/site-packages/airflow/example_dags/example_python_operator.py for tasks to queue
[2025-09-29T14:54:15.530+0000] {logging_mixin.py:190} INFO - [2025-09-29T14:54:15.530+0000] {dagbag.py:588} INFO - Filling up the DagBag from /home/airflow/.local/lib/python3.12/site-packages/airflow/example_dags/example_python_operator.py
[2025-09-29T14:54:15.536+0000] {processor.py:925} INFO - DAG(s) 'example_python_operator' retrieved from /home/airflow/.local/lib/python3.12/site-packages/airflow/example_dags/example_python_operator.py
[2025-09-29T14:54:15.548+0000] {logging_mixin.py:190} INFO - [2025-09-29T14:54:15.548+0000] {dag.py:3239} INFO - Sync 1 DAGs
[2025-09-29T14:54:15.555+0000] {logging_mixin.py:190} INFO - [2025-09-29T14:54:15.555+0000] {dag.py:4180} INFO - Setting next_dagrun for example_python_operator to None, run_after=None
[2025-09-29T14:54:15.565+0000] {processor.py:208} INFO - Processing /home/airflow/.local/lib/python3.12/site-packages/airflow/example_dags/example_python_operator.py took 0.042 seconds
[2025-09-29T14:54:45.903+0000] {processor.py:186} INFO - Started process (PID=2661) to work on /home/airflow/.local/lib/python3.12/site-packages/airflow/example_dags/example_python_operator.py
[2025-09-29T14:54:45.906+0000] {processor.py:914} INFO - Processing file /home/airflow/.local/lib/python3.12/site-packages/airflow/example_dags/example_python_operator.py for tasks to queue
[2025-09-29T14:54:45.907+0000] {logging_mixin.py:190} INFO - [2025-09-29T14:54:45.907+0000] {dagbag.py:588} INFO - Filling up the DagBag from /home/airflow/.local/lib/python3.12/site-packages/airflow/example_dags/example_python_operator.py
[2025-09-29T14:54:45.914+0000] {processor.py:925} INFO - DAG(s) 'example_python_operator' retrieved from /home/airflow/.local/lib/python3.12/site-packages/airflow/example_dags/example_python_operator.py
[2025-09-29T14:54:45.924+0000] {logging_mixin.py:190} INFO - [2025-09-29T14:54:45.924+0000] {dag.py:3239} INFO - Sync 1 DAGs
[2025-09-29T14:54:45.931+0000] {logging_mixin.py:190} INFO - [2025-09-29T14:54:45.931+0000] {dag.py:4180} INFO - Setting next_dagrun for example_python_operator to None, run_after=None
[2025-09-29T14:54:45.940+0000] {processor.py:208} INFO - Processing /home/airflow/.local/lib/python3.12/site-packages/airflow/example_dags/example_python_operator.py took 0.040 seconds
[2025-09-29T14:55:16.472+0000] {processor.py:186} INFO - Started process (PID=2724) to work on /home/airflow/.local/lib/python3.12/site-packages/airflow/example_dags/example_python_operator.py
[2025-09-29T14:55:16.476+0000] {processor.py:914} INFO - Processing file /home/airflow/.local/lib/python3.12/site-packages/airflow/example_dags/example_python_operator.py for tasks to queue
[2025-09-29T14:55:16.476+0000] {logging_mixin.py:190} INFO - [2025-09-29T14:55:16.476+0000] {dagbag.py:588} INFO - Filling up the DagBag from /home/airflow/.local/lib/python3.12/site-packages/airflow/example_dags/example_python_operator.py
[2025-09-29T14:55:16.484+0000] {processor.py:925} INFO - DAG(s) 'example_python_operator' retrieved from /home/airflow/.local/lib/python3.12/site-packages/airflow/example_dags/example_python_operator.py
[2025-09-29T14:55:16.501+0000] {logging_mixin.py:190} INFO - [2025-09-29T14:55:16.500+0000] {dag.py:3239} INFO - Sync 1 DAGs
[2025-09-29T14:55:16.509+0000] {logging_mixin.py:190} INFO - [2025-09-29T14:55:16.509+0000] {dag.py:4180} INFO - Setting next_dagrun for example_python_operator to None, run_after=None
[2025-09-29T14:55:16.522+0000] {processor.py:208} INFO - Processing /home/airflow/.local/lib/python3.12/site-packages/airflow/example_dags/example_python_operator.py took 0.053 seconds
[2025-09-29T14:55:46.996+0000] {processor.py:186} INFO - Started process (PID=2786) to work on /home/airflow/.local/lib/python3.12/site-packages/airflow/example_dags/example_python_operator.py
[2025-09-29T14:55:46.997+0000] {processor.py:914} INFO - Processing file /home/airflow/.local/lib/python3.12/site-packages/airflow/example_dags/example_python_operator.py for tasks to queue
[2025-09-29T14:55:46.998+0000] {logging_mixin.py:190} INFO - [2025-09-29T14:55:46.998+0000] {dagbag.py:588} INFO - Filling up the DagBag from /home/airflow/.local/lib/python3.12/site-packages/airflow/example_dags/example_python_operator.py
[2025-09-29T14:55:47.006+0000] {processor.py:925} INFO - DAG(s) 'example_python_operator' retrieved from /home/airflow/.local/lib/python3.12/site-packages/airflow/example_dags/example_python_operator.py
[2025-09-29T14:55:47.022+0000] {logging_mixin.py:190} INFO - [2025-09-29T14:55:47.022+0000] {dag.py:3239} INFO - Sync 1 DAGs
[2025-09-29T14:55:47.029+0000] {logging_mixin.py:190} INFO - [2025-09-29T14:55:47.029+0000] {dag.py:4180} INFO - Setting next_dagrun for example_python_operator to None, run_after=None
[2025-09-29T14:55:47.040+0000] {processor.py:208} INFO - Processing /home/airflow/.local/lib/python3.12/site-packages/airflow/example_dags/example_python_operator.py took 0.046 seconds
[2025-09-29T14:56:17.411+0000] {processor.py:186} INFO - Started process (PID=2849) to work on /home/airflow/.local/lib/python3.12/site-packages/airflow/example_dags/example_python_operator.py
[2025-09-29T14:56:17.412+0000] {processor.py:914} INFO - Processing file /home/airflow/.local/lib/python3.12/site-packages/airflow/example_dags/example_python_operator.py for tasks to queue
[2025-09-29T14:56:17.413+0000] {logging_mixin.py:190} INFO - [2025-09-29T14:56:17.413+0000] {dagbag.py:588} INFO - Filling up the DagBag from /home/airflow/.local/lib/python3.12/site-packages/airflow/example_dags/example_python_operator.py
[2025-09-29T14:56:17.419+0000] {processor.py:925} INFO - DAG(s) 'example_python_operator' retrieved from /home/airflow/.local/lib/python3.12/site-packages/airflow/example_dags/example_python_operator.py
[2025-09-29T14:56:17.430+0000] {logging_mixin.py:190} INFO - [2025-09-29T14:56:17.430+0000] {dag.py:3239} INFO - Sync 1 DAGs
[2025-09-29T14:56:17.439+0000] {logging_mixin.py:190} INFO - [2025-09-29T14:56:17.439+0000] {dag.py:4180} INFO - Setting next_dagrun for example_python_operator to None, run_after=None
[2025-09-29T14:56:17.451+0000] {processor.py:208} INFO - Processing /home/airflow/.local/lib/python3.12/site-packages/airflow/example_dags/example_python_operator.py took 0.043 seconds
[2025-09-29T14:56:47.833+0000] {processor.py:186} INFO - Started process (PID=2912) to work on /home/airflow/.local/lib/python3.12/site-packages/airflow/example_dags/example_python_operator.py
[2025-09-29T14:56:47.835+0000] {processor.py:914} INFO - Processing file /home/airflow/.local/lib/python3.12/site-packages/airflow/example_dags/example_python_operator.py for tasks to queue
[2025-09-29T14:56:47.836+0000] {logging_mixin.py:190} INFO - [2025-09-29T14:56:47.836+0000] {dagbag.py:588} INFO - Filling up the DagBag from /home/airflow/.local/lib/python3.12/site-packages/airflow/example_dags/example_python_operator.py
[2025-09-29T14:56:47.842+0000] {processor.py:925} INFO - DAG(s) 'example_python_operator' retrieved from /home/airflow/.local/lib/python3.12/site-packages/airflow/example_dags/example_python_operator.py
[2025-09-29T14:56:47.855+0000] {logging_mixin.py:190} INFO - [2025-09-29T14:56:47.855+0000] {dag.py:3239} INFO - Sync 1 DAGs
[2025-09-29T14:56:47.862+0000] {logging_mixin.py:190} INFO - [2025-09-29T14:56:47.862+0000] {dag.py:4180} INFO - Setting next_dagrun for example_python_operator to None, run_after=None
[2025-09-29T14:56:47.873+0000] {processor.py:208} INFO - Processing /home/airflow/.local/lib/python3.12/site-packages/airflow/example_dags/example_python_operator.py took 0.043 seconds
[2025-09-29T14:57:18.394+0000] {processor.py:186} INFO - Started process (PID=2975) to work on /home/airflow/.local/lib/python3.12/site-packages/airflow/example_dags/example_python_operator.py
[2025-09-29T14:57:18.395+0000] {processor.py:914} INFO - Processing file /home/airflow/.local/lib/python3.12/site-packages/airflow/example_dags/example_python_operator.py for tasks to queue
[2025-09-29T14:57:18.395+0000] {logging_mixin.py:190} INFO - [2025-09-29T14:57:18.395+0000] {dagbag.py:588} INFO - Filling up the DagBag from /home/airflow/.local/lib/python3.12/site-packages/airflow/example_dags/example_python_operator.py
[2025-09-29T14:57:18.402+0000] {processor.py:925} INFO - DAG(s) 'example_python_operator' retrieved from /home/airflow/.local/lib/python3.12/site-packages/airflow/example_dags/example_python_operator.py
[2025-09-29T14:57:18.415+0000] {logging_mixin.py:190} INFO - [2025-09-29T14:57:18.415+0000] {dag.py:3239} INFO - Sync 1 DAGs
[2025-09-29T14:57:18.422+0000] {logging_mixin.py:190} INFO - [2025-09-29T14:57:18.422+0000] {dag.py:4180} INFO - Setting next_dagrun for example_python_operator to None, run_after=None
[2025-09-29T14:57:18.434+0000] {processor.py:208} INFO - Processing /home/airflow/.local/lib/python3.12/site-packages/airflow/example_dags/example_python_operator.py took 0.043 seconds
[2025-09-29T14:57:49.070+0000] {processor.py:186} INFO - Started process (PID=3038) to work on /home/airflow/.local/lib/python3.12/site-packages/airflow/example_dags/example_python_operator.py
[2025-09-29T14:57:49.071+0000] {processor.py:914} INFO - Processing file /home/airflow/.local/lib/python3.12/site-packages/airflow/example_dags/example_python_operator.py for tasks to queue
[2025-09-29T14:57:49.072+0000] {logging_mixin.py:190} INFO - [2025-09-29T14:57:49.071+0000] {dagbag.py:588} INFO - Filling up the DagBag from /home/airflow/.local/lib/python3.12/site-packages/airflow/example_dags/example_python_operator.py
[2025-09-29T14:57:49.079+0000] {processor.py:925} INFO - DAG(s) 'example_python_operator' retrieved from /home/airflow/.local/lib/python3.12/site-packages/airflow/example_dags/example_python_operator.py
[2025-09-29T14:57:49.093+0000] {logging_mixin.py:190} INFO - [2025-09-29T14:57:49.093+0000] {dag.py:3239} INFO - Sync 1 DAGs
[2025-09-29T14:57:49.103+0000] {logging_mixin.py:190} INFO - [2025-09-29T14:57:49.103+0000] {dag.py:4180} INFO - Setting next_dagrun for example_python_operator to None, run_after=None
[2025-09-29T14:57:49.116+0000] {processor.py:208} INFO - Processing /home/airflow/.local/lib/python3.12/site-packages/airflow/example_dags/example_python_operator.py took 0.049 seconds
[2025-09-29T14:58:19.781+0000] {processor.py:186} INFO - Started process (PID=3100) to work on /home/airflow/.local/lib/python3.12/site-packages/airflow/example_dags/example_python_operator.py
[2025-09-29T14:58:19.781+0000] {processor.py:914} INFO - Processing file /home/airflow/.local/lib/python3.12/site-packages/airflow/example_dags/example_python_operator.py for tasks to queue
[2025-09-29T14:58:19.782+0000] {logging_mixin.py:190} INFO - [2025-09-29T14:58:19.782+0000] {dagbag.py:588} INFO - Filling up the DagBag from /home/airflow/.local/lib/python3.12/site-packages/airflow/example_dags/example_python_operator.py
[2025-09-29T14:58:19.788+0000] {processor.py:925} INFO - DAG(s) 'example_python_operator' retrieved from /home/airflow/.local/lib/python3.12/site-packages/airflow/example_dags/example_python_operator.py
[2025-09-29T14:58:19.799+0000] {logging_mixin.py:190} INFO - [2025-09-29T14:58:19.799+0000] {dag.py:3239} INFO - Sync 1 DAGs
[2025-09-29T14:58:19.806+0000] {logging_mixin.py:190} INFO - [2025-09-29T14:58:19.806+0000] {dag.py:4180} INFO - Setting next_dagrun for example_python_operator to None, run_after=None
[2025-09-29T14:58:19.814+0000] {processor.py:208} INFO - Processing /home/airflow/.local/lib/python3.12/site-packages/airflow/example_dags/example_python_operator.py took 0.036 seconds
[2025-09-29T14:58:50.521+0000] {processor.py:186} INFO - Started process (PID=3163) to work on /home/airflow/.local/lib/python3.12/site-packages/airflow/example_dags/example_python_operator.py
[2025-09-29T14:58:50.523+0000] {processor.py:914} INFO - Processing file /home/airflow/.local/lib/python3.12/site-packages/airflow/example_dags/example_python_operator.py for tasks to queue
[2025-09-29T14:58:50.523+0000] {logging_mixin.py:190} INFO - [2025-09-29T14:58:50.523+0000] {dagbag.py:588} INFO - Filling up the DagBag from /home/airflow/.local/lib/python3.12/site-packages/airflow/example_dags/example_python_operator.py
[2025-09-29T14:58:50.530+0000] {processor.py:925} INFO - DAG(s) 'example_python_operator' retrieved from /home/airflow/.local/lib/python3.12/site-packages/airflow/example_dags/example_python_operator.py
[2025-09-29T14:58:50.541+0000] {logging_mixin.py:190} INFO - [2025-09-29T14:58:50.541+0000] {dag.py:3239} INFO - Sync 1 DAGs
[2025-09-29T14:58:50.551+0000] {logging_mixin.py:190} INFO - [2025-09-29T14:58:50.550+0000] {dag.py:4180} INFO - Setting next_dagrun for example_python_operator to None, run_after=None
[2025-09-29T14:58:50.562+0000] {processor.py:208} INFO - Processing /home/airflow/.local/lib/python3.12/site-packages/airflow/example_dags/example_python_operator.py took 0.044 seconds
[2025-09-29T14:59:21.008+0000] {processor.py:186} INFO - Started process (PID=3226) to work on /home/airflow/.local/lib/python3.12/site-packages/airflow/example_dags/example_python_operator.py
[2025-09-29T14:59:21.010+0000] {processor.py:914} INFO - Processing file /home/airflow/.local/lib/python3.12/site-packages/airflow/example_dags/example_python_operator.py for tasks to queue
[2025-09-29T14:59:21.011+0000] {logging_mixin.py:190} INFO - [2025-09-29T14:59:21.011+0000] {dagbag.py:588} INFO - Filling up the DagBag from /home/airflow/.local/lib/python3.12/site-packages/airflow/example_dags/example_python_operator.py
[2025-09-29T14:59:21.018+0000] {processor.py:925} INFO - DAG(s) 'example_python_operator' retrieved from /home/airflow/.local/lib/python3.12/site-packages/airflow/example_dags/example_python_operator.py
[2025-09-29T14:59:21.036+0000] {logging_mixin.py:190} INFO - [2025-09-29T14:59:21.036+0000] {dag.py:3239} INFO - Sync 1 DAGs
[2025-09-29T14:59:21.046+0000] {logging_mixin.py:190} INFO - [2025-09-29T14:59:21.046+0000] {dag.py:4180} INFO - Setting next_dagrun for example_python_operator to None, run_after=None
[2025-09-29T14:59:21.059+0000] {processor.py:208} INFO - Processing /home/airflow/.local/lib/python3.12/site-packages/airflow/example_dags/example_python_operator.py took 0.054 seconds
[2025-09-29T14:59:51.536+0000] {processor.py:186} INFO - Started process (PID=3289) to work on /home/airflow/.local/lib/python3.12/site-packages/airflow/example_dags/example_python_operator.py
[2025-09-29T14:59:51.537+0000] {processor.py:914} INFO - Processing file /home/airflow/.local/lib/python3.12/site-packages/airflow/example_dags/example_python_operator.py for tasks to queue
[2025-09-29T14:59:51.538+0000] {logging_mixin.py:190} INFO - [2025-09-29T14:59:51.537+0000] {dagbag.py:588} INFO - Filling up the DagBag from /home/airflow/.local/lib/python3.12/site-packages/airflow/example_dags/example_python_operator.py
[2025-09-29T14:59:51.545+0000] {processor.py:925} INFO - DAG(s) 'example_python_operator' retrieved from /home/airflow/.local/lib/python3.12/site-packages/airflow/example_dags/example_python_operator.py
[2025-09-29T14:59:51.560+0000] {logging_mixin.py:190} INFO - [2025-09-29T14:59:51.560+0000] {dag.py:3239} INFO - Sync 1 DAGs
[2025-09-29T14:59:51.567+0000] {logging_mixin.py:190} INFO - [2025-09-29T14:59:51.567+0000] {dag.py:4180} INFO - Setting next_dagrun for example_python_operator to None, run_after=None
[2025-09-29T14:59:51.577+0000] {processor.py:208} INFO - Processing /home/airflow/.local/lib/python3.12/site-packages/airflow/example_dags/example_python_operator.py took 0.043 seconds
[2025-09-29T15:00:22.147+0000] {processor.py:186} INFO - Started process (PID=3352) to work on /home/airflow/.local/lib/python3.12/site-packages/airflow/example_dags/example_python_operator.py
[2025-09-29T15:00:22.152+0000] {processor.py:914} INFO - Processing file /home/airflow/.local/lib/python3.12/site-packages/airflow/example_dags/example_python_operator.py for tasks to queue
[2025-09-29T15:00:22.152+0000] {logging_mixin.py:190} INFO - [2025-09-29T15:00:22.152+0000] {dagbag.py:588} INFO - Filling up the DagBag from /home/airflow/.local/lib/python3.12/site-packages/airflow/example_dags/example_python_operator.py
[2025-09-29T15:00:22.160+0000] {processor.py:925} INFO - DAG(s) 'example_python_operator' retrieved from /home/airflow/.local/lib/python3.12/site-packages/airflow/example_dags/example_python_operator.py
[2025-09-29T15:00:22.172+0000] {logging_mixin.py:190} INFO - [2025-09-29T15:00:22.171+0000] {dag.py:3239} INFO - Sync 1 DAGs
[2025-09-29T15:00:22.179+0000] {logging_mixin.py:190} INFO - [2025-09-29T15:00:22.179+0000] {dag.py:4180} INFO - Setting next_dagrun for example_python_operator to None, run_after=None
[2025-09-29T15:00:22.188+0000] {processor.py:208} INFO - Processing /home/airflow/.local/lib/python3.12/site-packages/airflow/example_dags/example_python_operator.py took 0.044 seconds
[2025-09-29T15:00:52.744+0000] {processor.py:186} INFO - Started process (PID=3415) to work on /home/airflow/.local/lib/python3.12/site-packages/airflow/example_dags/example_python_operator.py
[2025-09-29T15:00:52.745+0000] {processor.py:914} INFO - Processing file /home/airflow/.local/lib/python3.12/site-packages/airflow/example_dags/example_python_operator.py for tasks to queue
[2025-09-29T15:00:52.746+0000] {logging_mixin.py:190} INFO - [2025-09-29T15:00:52.746+0000] {dagbag.py:588} INFO - Filling up the DagBag from /home/airflow/.local/lib/python3.12/site-packages/airflow/example_dags/example_python_operator.py
[2025-09-29T15:00:52.753+0000] {processor.py:925} INFO - DAG(s) 'example_python_operator' retrieved from /home/airflow/.local/lib/python3.12/site-packages/airflow/example_dags/example_python_operator.py
[2025-09-29T15:00:52.765+0000] {logging_mixin.py:190} INFO - [2025-09-29T15:00:52.765+0000] {dag.py:3239} INFO - Sync 1 DAGs
[2025-09-29T15:00:52.773+0000] {logging_mixin.py:190} INFO - [2025-09-29T15:00:52.772+0000] {dag.py:4180} INFO - Setting next_dagrun for example_python_operator to None, run_after=None
[2025-09-29T15:00:52.782+0000] {processor.py:208} INFO - Processing /home/airflow/.local/lib/python3.12/site-packages/airflow/example_dags/example_python_operator.py took 0.041 seconds
[2025-09-29T15:01:23.417+0000] {processor.py:186} INFO - Started process (PID=3478) to work on /home/airflow/.local/lib/python3.12/site-packages/airflow/example_dags/example_python_operator.py
[2025-09-29T15:01:23.417+0000] {processor.py:914} INFO - Processing file /home/airflow/.local/lib/python3.12/site-packages/airflow/example_dags/example_python_operator.py for tasks to queue
[2025-09-29T15:01:23.418+0000] {logging_mixin.py:190} INFO - [2025-09-29T15:01:23.418+0000] {dagbag.py:588} INFO - Filling up the DagBag from /home/airflow/.local/lib/python3.12/site-packages/airflow/example_dags/example_python_operator.py
[2025-09-29T15:01:23.427+0000] {processor.py:925} INFO - DAG(s) 'example_python_operator' retrieved from /home/airflow/.local/lib/python3.12/site-packages/airflow/example_dags/example_python_operator.py
[2025-09-29T15:01:23.460+0000] {logging_mixin.py:190} INFO - [2025-09-29T15:01:23.459+0000] {dag.py:3239} INFO - Sync 1 DAGs
[2025-09-29T15:01:23.479+0000] {logging_mixin.py:190} INFO - [2025-09-29T15:01:23.472+0000] {dag.py:4180} INFO - Setting next_dagrun for example_python_operator to None, run_after=None
[2025-09-29T15:01:23.517+0000] {processor.py:208} INFO - Processing /home/airflow/.local/lib/python3.12/site-packages/airflow/example_dags/example_python_operator.py took 0.104 seconds
[2025-09-29T15:01:53.917+0000] {processor.py:186} INFO - Started process (PID=3541) to work on /home/airflow/.local/lib/python3.12/site-packages/airflow/example_dags/example_python_operator.py
[2025-09-29T15:01:53.918+0000] {processor.py:914} INFO - Processing file /home/airflow/.local/lib/python3.12/site-packages/airflow/example_dags/example_python_operator.py for tasks to queue
[2025-09-29T15:01:53.918+0000] {logging_mixin.py:190} INFO - [2025-09-29T15:01:53.918+0000] {dagbag.py:588} INFO - Filling up the DagBag from /home/airflow/.local/lib/python3.12/site-packages/airflow/example_dags/example_python_operator.py
[2025-09-29T15:01:53.925+0000] {processor.py:925} INFO - DAG(s) 'example_python_operator' retrieved from /home/airflow/.local/lib/python3.12/site-packages/airflow/example_dags/example_python_operator.py
[2025-09-29T15:01:53.938+0000] {logging_mixin.py:190} INFO - [2025-09-29T15:01:53.938+0000] {dag.py:3239} INFO - Sync 1 DAGs
[2025-09-29T15:01:53.946+0000] {logging_mixin.py:190} INFO - [2025-09-29T15:01:53.946+0000] {dag.py:4180} INFO - Setting next_dagrun for example_python_operator to None, run_after=None
[2025-09-29T15:01:53.960+0000] {processor.py:208} INFO - Processing /home/airflow/.local/lib/python3.12/site-packages/airflow/example_dags/example_python_operator.py took 0.046 seconds
[2025-09-29T15:02:24.536+0000] {processor.py:186} INFO - Started process (PID=3604) to work on /home/airflow/.local/lib/python3.12/site-packages/airflow/example_dags/example_python_operator.py
[2025-09-29T15:02:24.537+0000] {processor.py:914} INFO - Processing file /home/airflow/.local/lib/python3.12/site-packages/airflow/example_dags/example_python_operator.py for tasks to queue
[2025-09-29T15:02:24.538+0000] {logging_mixin.py:190} INFO - [2025-09-29T15:02:24.537+0000] {dagbag.py:588} INFO - Filling up the DagBag from /home/airflow/.local/lib/python3.12/site-packages/airflow/example_dags/example_python_operator.py
[2025-09-29T15:02:24.544+0000] {processor.py:925} INFO - DAG(s) 'example_python_operator' retrieved from /home/airflow/.local/lib/python3.12/site-packages/airflow/example_dags/example_python_operator.py
[2025-09-29T15:02:24.556+0000] {logging_mixin.py:190} INFO - [2025-09-29T15:02:24.556+0000] {dag.py:3239} INFO - Sync 1 DAGs
[2025-09-29T15:02:24.563+0000] {logging_mixin.py:190} INFO - [2025-09-29T15:02:24.563+0000] {dag.py:4180} INFO - Setting next_dagrun for example_python_operator to None, run_after=None
[2025-09-29T15:02:24.575+0000] {processor.py:208} INFO - Processing /home/airflow/.local/lib/python3.12/site-packages/airflow/example_dags/example_python_operator.py took 0.041 seconds
