[2025-09-29T14:34:28.726+0000] {processor.py:186} INFO - Started process (PID=51) to work on /home/airflow/.local/lib/python3.12/site-packages/airflow/example_dags/example_latest_only.py
[2025-09-29T14:34:28.729+0000] {processor.py:914} INFO - Processing file /home/airflow/.local/lib/python3.12/site-packages/airflow/example_dags/example_latest_only.py for tasks to queue
[2025-09-29T14:34:28.735+0000] {logging_mixin.py:190} INFO - [2025-09-29T14:34:28.735+0000] {dagbag.py:588} INFO - Filling up the DagBag from /home/airflow/.local/lib/python3.12/site-packages/airflow/example_dags/example_latest_only.py
[2025-09-29T14:34:28.741+0000] {processor.py:925} INFO - DAG(s) 'latest_only' retrieved from /home/airflow/.local/lib/python3.12/site-packages/airflow/example_dags/example_latest_only.py
[2025-09-29T14:34:28.759+0000] {logging_mixin.py:190} INFO - [2025-09-29T14:34:28.758+0000] {dag.py:3239} INFO - Sync 1 DAGs
[2025-09-29T14:34:28.772+0000] {logging_mixin.py:190} INFO - [2025-09-29T14:34:28.772+0000] {dag.py:4180} INFO - Setting next_dagrun for latest_only to 2025-09-29 08:00:00+00:00, run_after=2025-09-29 12:00:00+00:00
[2025-09-29T14:34:28.785+0000] {processor.py:208} INFO - Processing /home/airflow/.local/lib/python3.12/site-packages/airflow/example_dags/example_latest_only.py took 0.063 seconds
[2025-09-29T14:34:59.085+0000] {processor.py:186} INFO - Started process (PID=119) to work on /home/airflow/.local/lib/python3.12/site-packages/airflow/example_dags/example_latest_only.py
[2025-09-29T14:34:59.087+0000] {processor.py:914} INFO - Processing file /home/airflow/.local/lib/python3.12/site-packages/airflow/example_dags/example_latest_only.py for tasks to queue
[2025-09-29T14:34:59.090+0000] {logging_mixin.py:190} INFO - [2025-09-29T14:34:59.089+0000] {dagbag.py:588} INFO - Filling up the DagBag from /home/airflow/.local/lib/python3.12/site-packages/airflow/example_dags/example_latest_only.py
[2025-09-29T14:34:59.094+0000] {processor.py:925} INFO - DAG(s) 'latest_only' retrieved from /home/airflow/.local/lib/python3.12/site-packages/airflow/example_dags/example_latest_only.py
[2025-09-29T14:34:59.111+0000] {logging_mixin.py:190} INFO - [2025-09-29T14:34:59.111+0000] {dag.py:3239} INFO - Sync 1 DAGs
[2025-09-29T14:34:59.123+0000] {logging_mixin.py:190} INFO - [2025-09-29T14:34:59.123+0000] {dag.py:4180} INFO - Setting next_dagrun for latest_only to 2025-09-29 08:00:00+00:00, run_after=2025-09-29 12:00:00+00:00
[2025-09-29T14:34:59.135+0000] {processor.py:208} INFO - Processing /home/airflow/.local/lib/python3.12/site-packages/airflow/example_dags/example_latest_only.py took 0.054 seconds
[2025-09-29T14:35:29.580+0000] {processor.py:186} INFO - Started process (PID=183) to work on /home/airflow/.local/lib/python3.12/site-packages/airflow/example_dags/example_latest_only.py
[2025-09-29T14:35:29.581+0000] {processor.py:914} INFO - Processing file /home/airflow/.local/lib/python3.12/site-packages/airflow/example_dags/example_latest_only.py for tasks to queue
[2025-09-29T14:35:29.583+0000] {logging_mixin.py:190} INFO - [2025-09-29T14:35:29.583+0000] {dagbag.py:588} INFO - Filling up the DagBag from /home/airflow/.local/lib/python3.12/site-packages/airflow/example_dags/example_latest_only.py
[2025-09-29T14:35:29.588+0000] {processor.py:925} INFO - DAG(s) 'latest_only' retrieved from /home/airflow/.local/lib/python3.12/site-packages/airflow/example_dags/example_latest_only.py
[2025-09-29T14:35:29.600+0000] {logging_mixin.py:190} INFO - [2025-09-29T14:35:29.600+0000] {dag.py:3239} INFO - Sync 1 DAGs
[2025-09-29T14:35:29.611+0000] {logging_mixin.py:190} INFO - [2025-09-29T14:35:29.611+0000] {dag.py:4180} INFO - Setting next_dagrun for latest_only to 2025-09-29 08:00:00+00:00, run_after=2025-09-29 12:00:00+00:00
[2025-09-29T14:35:29.621+0000] {processor.py:208} INFO - Processing /home/airflow/.local/lib/python3.12/site-packages/airflow/example_dags/example_latest_only.py took 0.043 seconds
[2025-09-29T14:35:59.792+0000] {processor.py:186} INFO - Started process (PID=247) to work on /home/airflow/.local/lib/python3.12/site-packages/airflow/example_dags/example_latest_only.py
[2025-09-29T14:35:59.793+0000] {processor.py:914} INFO - Processing file /home/airflow/.local/lib/python3.12/site-packages/airflow/example_dags/example_latest_only.py for tasks to queue
[2025-09-29T14:35:59.794+0000] {logging_mixin.py:190} INFO - [2025-09-29T14:35:59.794+0000] {dagbag.py:588} INFO - Filling up the DagBag from /home/airflow/.local/lib/python3.12/site-packages/airflow/example_dags/example_latest_only.py
[2025-09-29T14:35:59.798+0000] {processor.py:925} INFO - DAG(s) 'latest_only' retrieved from /home/airflow/.local/lib/python3.12/site-packages/airflow/example_dags/example_latest_only.py
[2025-09-29T14:35:59.812+0000] {logging_mixin.py:190} INFO - [2025-09-29T14:35:59.812+0000] {dag.py:3239} INFO - Sync 1 DAGs
[2025-09-29T14:35:59.825+0000] {logging_mixin.py:190} INFO - [2025-09-29T14:35:59.825+0000] {dag.py:4180} INFO - Setting next_dagrun for latest_only to 2025-09-29 08:00:00+00:00, run_after=2025-09-29 12:00:00+00:00
[2025-09-29T14:35:59.833+0000] {processor.py:208} INFO - Processing /home/airflow/.local/lib/python3.12/site-packages/airflow/example_dags/example_latest_only.py took 0.045 seconds
[2025-09-29T14:36:29.931+0000] {processor.py:186} INFO - Started process (PID=311) to work on /home/airflow/.local/lib/python3.12/site-packages/airflow/example_dags/example_latest_only.py
[2025-09-29T14:36:29.931+0000] {processor.py:914} INFO - Processing file /home/airflow/.local/lib/python3.12/site-packages/airflow/example_dags/example_latest_only.py for tasks to queue
[2025-09-29T14:36:29.933+0000] {logging_mixin.py:190} INFO - [2025-09-29T14:36:29.932+0000] {dagbag.py:588} INFO - Filling up the DagBag from /home/airflow/.local/lib/python3.12/site-packages/airflow/example_dags/example_latest_only.py
[2025-09-29T14:36:29.936+0000] {processor.py:925} INFO - DAG(s) 'latest_only' retrieved from /home/airflow/.local/lib/python3.12/site-packages/airflow/example_dags/example_latest_only.py
[2025-09-29T14:36:29.947+0000] {logging_mixin.py:190} INFO - [2025-09-29T14:36:29.947+0000] {dag.py:3239} INFO - Sync 1 DAGs
[2025-09-29T14:36:29.959+0000] {logging_mixin.py:190} INFO - [2025-09-29T14:36:29.959+0000] {dag.py:4180} INFO - Setting next_dagrun for latest_only to 2025-09-29 08:00:00+00:00, run_after=2025-09-29 12:00:00+00:00
[2025-09-29T14:36:29.972+0000] {processor.py:208} INFO - Processing /home/airflow/.local/lib/python3.12/site-packages/airflow/example_dags/example_latest_only.py took 0.044 seconds
[2025-09-29T14:37:00.102+0000] {processor.py:186} INFO - Started process (PID=374) to work on /home/airflow/.local/lib/python3.12/site-packages/airflow/example_dags/example_latest_only.py
[2025-09-29T14:37:00.102+0000] {processor.py:914} INFO - Processing file /home/airflow/.local/lib/python3.12/site-packages/airflow/example_dags/example_latest_only.py for tasks to queue
[2025-09-29T14:37:00.103+0000] {logging_mixin.py:190} INFO - [2025-09-29T14:37:00.103+0000] {dagbag.py:588} INFO - Filling up the DagBag from /home/airflow/.local/lib/python3.12/site-packages/airflow/example_dags/example_latest_only.py
[2025-09-29T14:37:00.107+0000] {processor.py:925} INFO - DAG(s) 'latest_only' retrieved from /home/airflow/.local/lib/python3.12/site-packages/airflow/example_dags/example_latest_only.py
[2025-09-29T14:37:00.121+0000] {logging_mixin.py:190} INFO - [2025-09-29T14:37:00.121+0000] {dag.py:3239} INFO - Sync 1 DAGs
[2025-09-29T14:37:00.131+0000] {logging_mixin.py:190} INFO - [2025-09-29T14:37:00.131+0000] {dag.py:4180} INFO - Setting next_dagrun for latest_only to 2025-09-29 08:00:00+00:00, run_after=2025-09-29 12:00:00+00:00
[2025-09-29T14:37:00.143+0000] {processor.py:208} INFO - Processing /home/airflow/.local/lib/python3.12/site-packages/airflow/example_dags/example_latest_only.py took 0.045 seconds
[2025-09-29T14:37:30.434+0000] {processor.py:186} INFO - Started process (PID=438) to work on /home/airflow/.local/lib/python3.12/site-packages/airflow/example_dags/example_latest_only.py
[2025-09-29T14:37:30.436+0000] {processor.py:914} INFO - Processing file /home/airflow/.local/lib/python3.12/site-packages/airflow/example_dags/example_latest_only.py for tasks to queue
[2025-09-29T14:37:30.437+0000] {logging_mixin.py:190} INFO - [2025-09-29T14:37:30.437+0000] {dagbag.py:588} INFO - Filling up the DagBag from /home/airflow/.local/lib/python3.12/site-packages/airflow/example_dags/example_latest_only.py
[2025-09-29T14:37:30.441+0000] {processor.py:925} INFO - DAG(s) 'latest_only' retrieved from /home/airflow/.local/lib/python3.12/site-packages/airflow/example_dags/example_latest_only.py
[2025-09-29T14:37:30.457+0000] {logging_mixin.py:190} INFO - [2025-09-29T14:37:30.457+0000] {dag.py:3239} INFO - Sync 1 DAGs
[2025-09-29T14:37:30.471+0000] {logging_mixin.py:190} INFO - [2025-09-29T14:37:30.471+0000] {dag.py:4180} INFO - Setting next_dagrun for latest_only to 2025-09-29 08:00:00+00:00, run_after=2025-09-29 12:00:00+00:00
[2025-09-29T14:37:30.480+0000] {processor.py:208} INFO - Processing /home/airflow/.local/lib/python3.12/site-packages/airflow/example_dags/example_latest_only.py took 0.049 seconds
[2025-09-29T14:38:00.838+0000] {processor.py:186} INFO - Started process (PID=502) to work on /home/airflow/.local/lib/python3.12/site-packages/airflow/example_dags/example_latest_only.py
[2025-09-29T14:38:00.839+0000] {processor.py:914} INFO - Processing file /home/airflow/.local/lib/python3.12/site-packages/airflow/example_dags/example_latest_only.py for tasks to queue
[2025-09-29T14:38:00.840+0000] {logging_mixin.py:190} INFO - [2025-09-29T14:38:00.840+0000] {dagbag.py:588} INFO - Filling up the DagBag from /home/airflow/.local/lib/python3.12/site-packages/airflow/example_dags/example_latest_only.py
[2025-09-29T14:38:00.844+0000] {processor.py:925} INFO - DAG(s) 'latest_only' retrieved from /home/airflow/.local/lib/python3.12/site-packages/airflow/example_dags/example_latest_only.py
[2025-09-29T14:38:00.860+0000] {logging_mixin.py:190} INFO - [2025-09-29T14:38:00.860+0000] {dag.py:3239} INFO - Sync 1 DAGs
[2025-09-29T14:38:00.874+0000] {logging_mixin.py:190} INFO - [2025-09-29T14:38:00.874+0000] {dag.py:4180} INFO - Setting next_dagrun for latest_only to 2025-09-29 08:00:00+00:00, run_after=2025-09-29 12:00:00+00:00
[2025-09-29T14:38:00.887+0000] {processor.py:208} INFO - Processing /home/airflow/.local/lib/python3.12/site-packages/airflow/example_dags/example_latest_only.py took 0.052 seconds
[2025-09-29T14:38:31.275+0000] {processor.py:186} INFO - Started process (PID=580) to work on /home/airflow/.local/lib/python3.12/site-packages/airflow/example_dags/example_latest_only.py
[2025-09-29T14:38:31.275+0000] {processor.py:914} INFO - Processing file /home/airflow/.local/lib/python3.12/site-packages/airflow/example_dags/example_latest_only.py for tasks to queue
[2025-09-29T14:38:31.277+0000] {logging_mixin.py:190} INFO - [2025-09-29T14:38:31.276+0000] {dagbag.py:588} INFO - Filling up the DagBag from /home/airflow/.local/lib/python3.12/site-packages/airflow/example_dags/example_latest_only.py
[2025-09-29T14:38:31.280+0000] {processor.py:925} INFO - DAG(s) 'latest_only' retrieved from /home/airflow/.local/lib/python3.12/site-packages/airflow/example_dags/example_latest_only.py
[2025-09-29T14:38:31.291+0000] {logging_mixin.py:190} INFO - [2025-09-29T14:38:31.291+0000] {dag.py:3239} INFO - Sync 1 DAGs
[2025-09-29T14:38:31.301+0000] {logging_mixin.py:190} INFO - [2025-09-29T14:38:31.301+0000] {dag.py:4180} INFO - Setting next_dagrun for latest_only to 2025-09-29 08:00:00+00:00, run_after=2025-09-29 12:00:00+00:00
[2025-09-29T14:38:31.310+0000] {processor.py:208} INFO - Processing /home/airflow/.local/lib/python3.12/site-packages/airflow/example_dags/example_latest_only.py took 0.039 seconds
[2025-09-29T14:39:01.668+0000] {processor.py:186} INFO - Started process (PID=643) to work on /home/airflow/.local/lib/python3.12/site-packages/airflow/example_dags/example_latest_only.py
[2025-09-29T14:39:01.673+0000] {processor.py:914} INFO - Processing file /home/airflow/.local/lib/python3.12/site-packages/airflow/example_dags/example_latest_only.py for tasks to queue
[2025-09-29T14:39:01.674+0000] {logging_mixin.py:190} INFO - [2025-09-29T14:39:01.674+0000] {dagbag.py:588} INFO - Filling up the DagBag from /home/airflow/.local/lib/python3.12/site-packages/airflow/example_dags/example_latest_only.py
[2025-09-29T14:39:01.679+0000] {processor.py:925} INFO - DAG(s) 'latest_only' retrieved from /home/airflow/.local/lib/python3.12/site-packages/airflow/example_dags/example_latest_only.py
[2025-09-29T14:39:01.693+0000] {logging_mixin.py:190} INFO - [2025-09-29T14:39:01.693+0000] {dag.py:3239} INFO - Sync 1 DAGs
[2025-09-29T14:39:01.708+0000] {logging_mixin.py:190} INFO - [2025-09-29T14:39:01.708+0000] {dag.py:4180} INFO - Setting next_dagrun for latest_only to 2025-09-29 08:00:00+00:00, run_after=2025-09-29 12:00:00+00:00
[2025-09-29T14:39:01.724+0000] {processor.py:208} INFO - Processing /home/airflow/.local/lib/python3.12/site-packages/airflow/example_dags/example_latest_only.py took 0.058 seconds
[2025-09-29T14:39:32.162+0000] {processor.py:186} INFO - Started process (PID=706) to work on /home/airflow/.local/lib/python3.12/site-packages/airflow/example_dags/example_latest_only.py
[2025-09-29T14:39:32.162+0000] {processor.py:914} INFO - Processing file /home/airflow/.local/lib/python3.12/site-packages/airflow/example_dags/example_latest_only.py for tasks to queue
[2025-09-29T14:39:32.164+0000] {logging_mixin.py:190} INFO - [2025-09-29T14:39:32.163+0000] {dagbag.py:588} INFO - Filling up the DagBag from /home/airflow/.local/lib/python3.12/site-packages/airflow/example_dags/example_latest_only.py
[2025-09-29T14:39:32.167+0000] {processor.py:925} INFO - DAG(s) 'latest_only' retrieved from /home/airflow/.local/lib/python3.12/site-packages/airflow/example_dags/example_latest_only.py
[2025-09-29T14:39:32.179+0000] {logging_mixin.py:190} INFO - [2025-09-29T14:39:32.179+0000] {dag.py:3239} INFO - Sync 1 DAGs
[2025-09-29T14:39:32.193+0000] {logging_mixin.py:190} INFO - [2025-09-29T14:39:32.193+0000] {dag.py:4180} INFO - Setting next_dagrun for latest_only to 2025-09-29 08:00:00+00:00, run_after=2025-09-29 12:00:00+00:00
[2025-09-29T14:39:32.208+0000] {processor.py:208} INFO - Processing /home/airflow/.local/lib/python3.12/site-packages/airflow/example_dags/example_latest_only.py took 0.049 seconds
[2025-09-29T14:40:02.677+0000] {processor.py:186} INFO - Started process (PID=770) to work on /home/airflow/.local/lib/python3.12/site-packages/airflow/example_dags/example_latest_only.py
[2025-09-29T14:40:02.677+0000] {processor.py:914} INFO - Processing file /home/airflow/.local/lib/python3.12/site-packages/airflow/example_dags/example_latest_only.py for tasks to queue
[2025-09-29T14:40:02.679+0000] {logging_mixin.py:190} INFO - [2025-09-29T14:40:02.679+0000] {dagbag.py:588} INFO - Filling up the DagBag from /home/airflow/.local/lib/python3.12/site-packages/airflow/example_dags/example_latest_only.py
[2025-09-29T14:40:02.684+0000] {processor.py:925} INFO - DAG(s) 'latest_only' retrieved from /home/airflow/.local/lib/python3.12/site-packages/airflow/example_dags/example_latest_only.py
[2025-09-29T14:40:02.699+0000] {logging_mixin.py:190} INFO - [2025-09-29T14:40:02.699+0000] {dag.py:3239} INFO - Sync 1 DAGs
[2025-09-29T14:40:02.713+0000] {logging_mixin.py:190} INFO - [2025-09-29T14:40:02.713+0000] {dag.py:4180} INFO - Setting next_dagrun for latest_only to 2025-09-29 08:00:00+00:00, run_after=2025-09-29 12:00:00+00:00
[2025-09-29T14:40:02.723+0000] {processor.py:208} INFO - Processing /home/airflow/.local/lib/python3.12/site-packages/airflow/example_dags/example_latest_only.py took 0.050 seconds
[2025-09-29T14:40:33.042+0000] {processor.py:186} INFO - Started process (PID=833) to work on /home/airflow/.local/lib/python3.12/site-packages/airflow/example_dags/example_latest_only.py
[2025-09-29T14:40:33.044+0000] {processor.py:914} INFO - Processing file /home/airflow/.local/lib/python3.12/site-packages/airflow/example_dags/example_latest_only.py for tasks to queue
[2025-09-29T14:40:33.046+0000] {logging_mixin.py:190} INFO - [2025-09-29T14:40:33.046+0000] {dagbag.py:588} INFO - Filling up the DagBag from /home/airflow/.local/lib/python3.12/site-packages/airflow/example_dags/example_latest_only.py
[2025-09-29T14:40:33.052+0000] {processor.py:925} INFO - DAG(s) 'latest_only' retrieved from /home/airflow/.local/lib/python3.12/site-packages/airflow/example_dags/example_latest_only.py
[2025-09-29T14:40:33.067+0000] {logging_mixin.py:190} INFO - [2025-09-29T14:40:33.067+0000] {dag.py:3239} INFO - Sync 1 DAGs
[2025-09-29T14:40:33.080+0000] {logging_mixin.py:190} INFO - [2025-09-29T14:40:33.080+0000] {dag.py:4180} INFO - Setting next_dagrun for latest_only to 2025-09-29 08:00:00+00:00, run_after=2025-09-29 12:00:00+00:00
[2025-09-29T14:40:33.096+0000] {processor.py:208} INFO - Processing /home/airflow/.local/lib/python3.12/site-packages/airflow/example_dags/example_latest_only.py took 0.057 seconds
[2025-09-29T14:41:03.545+0000] {processor.py:186} INFO - Started process (PID=899) to work on /home/airflow/.local/lib/python3.12/site-packages/airflow/example_dags/example_latest_only.py
[2025-09-29T14:41:03.546+0000] {processor.py:914} INFO - Processing file /home/airflow/.local/lib/python3.12/site-packages/airflow/example_dags/example_latest_only.py for tasks to queue
[2025-09-29T14:41:03.547+0000] {logging_mixin.py:190} INFO - [2025-09-29T14:41:03.547+0000] {dagbag.py:588} INFO - Filling up the DagBag from /home/airflow/.local/lib/python3.12/site-packages/airflow/example_dags/example_latest_only.py
[2025-09-29T14:41:03.551+0000] {processor.py:925} INFO - DAG(s) 'latest_only' retrieved from /home/airflow/.local/lib/python3.12/site-packages/airflow/example_dags/example_latest_only.py
[2025-09-29T14:41:03.561+0000] {logging_mixin.py:190} INFO - [2025-09-29T14:41:03.561+0000] {dag.py:3239} INFO - Sync 1 DAGs
[2025-09-29T14:41:03.572+0000] {logging_mixin.py:190} INFO - [2025-09-29T14:41:03.572+0000] {dag.py:4180} INFO - Setting next_dagrun for latest_only to 2025-09-29 08:00:00+00:00, run_after=2025-09-29 12:00:00+00:00
[2025-09-29T14:41:03.585+0000] {processor.py:208} INFO - Processing /home/airflow/.local/lib/python3.12/site-packages/airflow/example_dags/example_latest_only.py took 0.044 seconds
[2025-09-29T14:41:33.788+0000] {processor.py:186} INFO - Started process (PID=963) to work on /home/airflow/.local/lib/python3.12/site-packages/airflow/example_dags/example_latest_only.py
[2025-09-29T14:41:33.789+0000] {processor.py:914} INFO - Processing file /home/airflow/.local/lib/python3.12/site-packages/airflow/example_dags/example_latest_only.py for tasks to queue
[2025-09-29T14:41:33.791+0000] {logging_mixin.py:190} INFO - [2025-09-29T14:41:33.790+0000] {dagbag.py:588} INFO - Filling up the DagBag from /home/airflow/.local/lib/python3.12/site-packages/airflow/example_dags/example_latest_only.py
[2025-09-29T14:41:33.795+0000] {processor.py:925} INFO - DAG(s) 'latest_only' retrieved from /home/airflow/.local/lib/python3.12/site-packages/airflow/example_dags/example_latest_only.py
[2025-09-29T14:41:33.807+0000] {logging_mixin.py:190} INFO - [2025-09-29T14:41:33.807+0000] {dag.py:3239} INFO - Sync 1 DAGs
[2025-09-29T14:41:33.820+0000] {logging_mixin.py:190} INFO - [2025-09-29T14:41:33.820+0000] {dag.py:4180} INFO - Setting next_dagrun for latest_only to 2025-09-29 08:00:00+00:00, run_after=2025-09-29 12:00:00+00:00
[2025-09-29T14:41:33.833+0000] {processor.py:208} INFO - Processing /home/airflow/.local/lib/python3.12/site-packages/airflow/example_dags/example_latest_only.py took 0.049 seconds
[2025-09-29T14:42:04.295+0000] {processor.py:186} INFO - Started process (PID=1028) to work on /home/airflow/.local/lib/python3.12/site-packages/airflow/example_dags/example_latest_only.py
[2025-09-29T14:42:04.295+0000] {processor.py:914} INFO - Processing file /home/airflow/.local/lib/python3.12/site-packages/airflow/example_dags/example_latest_only.py for tasks to queue
[2025-09-29T14:42:04.297+0000] {logging_mixin.py:190} INFO - [2025-09-29T14:42:04.297+0000] {dagbag.py:588} INFO - Filling up the DagBag from /home/airflow/.local/lib/python3.12/site-packages/airflow/example_dags/example_latest_only.py
[2025-09-29T14:42:04.301+0000] {processor.py:925} INFO - DAG(s) 'latest_only' retrieved from /home/airflow/.local/lib/python3.12/site-packages/airflow/example_dags/example_latest_only.py
[2025-09-29T14:42:04.319+0000] {logging_mixin.py:190} INFO - [2025-09-29T14:42:04.318+0000] {dag.py:3239} INFO - Sync 1 DAGs
[2025-09-29T14:42:04.333+0000] {logging_mixin.py:190} INFO - [2025-09-29T14:42:04.333+0000] {dag.py:4180} INFO - Setting next_dagrun for latest_only to 2025-09-29 08:00:00+00:00, run_after=2025-09-29 12:00:00+00:00
[2025-09-29T14:42:04.349+0000] {processor.py:208} INFO - Processing /home/airflow/.local/lib/python3.12/site-packages/airflow/example_dags/example_latest_only.py took 0.058 seconds
[2025-09-29T14:42:34.705+0000] {processor.py:186} INFO - Started process (PID=1092) to work on /home/airflow/.local/lib/python3.12/site-packages/airflow/example_dags/example_latest_only.py
[2025-09-29T14:42:34.705+0000] {processor.py:914} INFO - Processing file /home/airflow/.local/lib/python3.12/site-packages/airflow/example_dags/example_latest_only.py for tasks to queue
[2025-09-29T14:42:34.707+0000] {logging_mixin.py:190} INFO - [2025-09-29T14:42:34.707+0000] {dagbag.py:588} INFO - Filling up the DagBag from /home/airflow/.local/lib/python3.12/site-packages/airflow/example_dags/example_latest_only.py
[2025-09-29T14:42:34.711+0000] {processor.py:925} INFO - DAG(s) 'latest_only' retrieved from /home/airflow/.local/lib/python3.12/site-packages/airflow/example_dags/example_latest_only.py
[2025-09-29T14:42:34.722+0000] {logging_mixin.py:190} INFO - [2025-09-29T14:42:34.722+0000] {dag.py:3239} INFO - Sync 1 DAGs
[2025-09-29T14:42:34.734+0000] {logging_mixin.py:190} INFO - [2025-09-29T14:42:34.734+0000] {dag.py:4180} INFO - Setting next_dagrun for latest_only to 2025-09-29 08:00:00+00:00, run_after=2025-09-29 12:00:00+00:00
[2025-09-29T14:42:34.746+0000] {processor.py:208} INFO - Processing /home/airflow/.local/lib/python3.12/site-packages/airflow/example_dags/example_latest_only.py took 0.044 seconds
[2025-09-29T14:43:04.982+0000] {processor.py:186} INFO - Started process (PID=1156) to work on /home/airflow/.local/lib/python3.12/site-packages/airflow/example_dags/example_latest_only.py
[2025-09-29T14:43:04.982+0000] {processor.py:914} INFO - Processing file /home/airflow/.local/lib/python3.12/site-packages/airflow/example_dags/example_latest_only.py for tasks to queue
[2025-09-29T14:43:04.983+0000] {logging_mixin.py:190} INFO - [2025-09-29T14:43:04.983+0000] {dagbag.py:588} INFO - Filling up the DagBag from /home/airflow/.local/lib/python3.12/site-packages/airflow/example_dags/example_latest_only.py
[2025-09-29T14:43:04.987+0000] {processor.py:925} INFO - DAG(s) 'latest_only' retrieved from /home/airflow/.local/lib/python3.12/site-packages/airflow/example_dags/example_latest_only.py
[2025-09-29T14:43:04.999+0000] {logging_mixin.py:190} INFO - [2025-09-29T14:43:04.998+0000] {dag.py:3239} INFO - Sync 1 DAGs
[2025-09-29T14:43:05.010+0000] {logging_mixin.py:190} INFO - [2025-09-29T14:43:05.010+0000] {dag.py:4180} INFO - Setting next_dagrun for latest_only to 2025-09-29 08:00:00+00:00, run_after=2025-09-29 12:00:00+00:00
[2025-09-29T14:43:05.021+0000] {processor.py:208} INFO - Processing /home/airflow/.local/lib/python3.12/site-packages/airflow/example_dags/example_latest_only.py took 0.043 seconds
[2025-09-29T14:43:35.258+0000] {processor.py:186} INFO - Started process (PID=1220) to work on /home/airflow/.local/lib/python3.12/site-packages/airflow/example_dags/example_latest_only.py
[2025-09-29T14:43:35.259+0000] {processor.py:914} INFO - Processing file /home/airflow/.local/lib/python3.12/site-packages/airflow/example_dags/example_latest_only.py for tasks to queue
[2025-09-29T14:43:35.261+0000] {logging_mixin.py:190} INFO - [2025-09-29T14:43:35.260+0000] {dagbag.py:588} INFO - Filling up the DagBag from /home/airflow/.local/lib/python3.12/site-packages/airflow/example_dags/example_latest_only.py
[2025-09-29T14:43:35.266+0000] {processor.py:925} INFO - DAG(s) 'latest_only' retrieved from /home/airflow/.local/lib/python3.12/site-packages/airflow/example_dags/example_latest_only.py
[2025-09-29T14:43:35.276+0000] {logging_mixin.py:190} INFO - [2025-09-29T14:43:35.275+0000] {dag.py:3239} INFO - Sync 1 DAGs
[2025-09-29T14:43:35.287+0000] {logging_mixin.py:190} INFO - [2025-09-29T14:43:35.286+0000] {dag.py:4180} INFO - Setting next_dagrun for latest_only to 2025-09-29 08:00:00+00:00, run_after=2025-09-29 12:00:00+00:00
[2025-09-29T14:43:35.295+0000] {processor.py:208} INFO - Processing /home/airflow/.local/lib/python3.12/site-packages/airflow/example_dags/example_latest_only.py took 0.040 seconds
[2025-09-29T14:44:05.429+0000] {processor.py:186} INFO - Started process (PID=1284) to work on /home/airflow/.local/lib/python3.12/site-packages/airflow/example_dags/example_latest_only.py
[2025-09-29T14:44:05.429+0000] {processor.py:914} INFO - Processing file /home/airflow/.local/lib/python3.12/site-packages/airflow/example_dags/example_latest_only.py for tasks to queue
[2025-09-29T14:44:05.434+0000] {logging_mixin.py:190} INFO - [2025-09-29T14:44:05.433+0000] {dagbag.py:588} INFO - Filling up the DagBag from /home/airflow/.local/lib/python3.12/site-packages/airflow/example_dags/example_latest_only.py
[2025-09-29T14:44:05.437+0000] {processor.py:925} INFO - DAG(s) 'latest_only' retrieved from /home/airflow/.local/lib/python3.12/site-packages/airflow/example_dags/example_latest_only.py
[2025-09-29T14:44:05.448+0000] {logging_mixin.py:190} INFO - [2025-09-29T14:44:05.448+0000] {dag.py:3239} INFO - Sync 1 DAGs
[2025-09-29T14:44:05.459+0000] {logging_mixin.py:190} INFO - [2025-09-29T14:44:05.459+0000] {dag.py:4180} INFO - Setting next_dagrun for latest_only to 2025-09-29 08:00:00+00:00, run_after=2025-09-29 12:00:00+00:00
[2025-09-29T14:44:05.469+0000] {processor.py:208} INFO - Processing /home/airflow/.local/lib/python3.12/site-packages/airflow/example_dags/example_latest_only.py took 0.043 seconds
[2025-09-29T14:44:36.375+0000] {processor.py:186} INFO - Started process (PID=1347) to work on /home/airflow/.local/lib/python3.12/site-packages/airflow/example_dags/example_latest_only.py
[2025-09-29T14:44:36.376+0000] {processor.py:914} INFO - Processing file /home/airflow/.local/lib/python3.12/site-packages/airflow/example_dags/example_latest_only.py for tasks to queue
[2025-09-29T14:44:36.377+0000] {logging_mixin.py:190} INFO - [2025-09-29T14:44:36.377+0000] {dagbag.py:588} INFO - Filling up the DagBag from /home/airflow/.local/lib/python3.12/site-packages/airflow/example_dags/example_latest_only.py
[2025-09-29T14:44:36.381+0000] {processor.py:925} INFO - DAG(s) 'latest_only' retrieved from /home/airflow/.local/lib/python3.12/site-packages/airflow/example_dags/example_latest_only.py
[2025-09-29T14:44:36.391+0000] {logging_mixin.py:190} INFO - [2025-09-29T14:44:36.391+0000] {dag.py:3239} INFO - Sync 1 DAGs
[2025-09-29T14:44:36.407+0000] {logging_mixin.py:190} INFO - [2025-09-29T14:44:36.407+0000] {dag.py:4180} INFO - Setting next_dagrun for latest_only to 2025-09-29 08:00:00+00:00, run_after=2025-09-29 12:00:00+00:00
[2025-09-29T14:44:36.423+0000] {processor.py:208} INFO - Processing /home/airflow/.local/lib/python3.12/site-packages/airflow/example_dags/example_latest_only.py took 0.051 seconds
[2025-09-29T14:45:06.818+0000] {processor.py:186} INFO - Started process (PID=1411) to work on /home/airflow/.local/lib/python3.12/site-packages/airflow/example_dags/example_latest_only.py
[2025-09-29T14:45:06.819+0000] {processor.py:914} INFO - Processing file /home/airflow/.local/lib/python3.12/site-packages/airflow/example_dags/example_latest_only.py for tasks to queue
[2025-09-29T14:45:06.821+0000] {logging_mixin.py:190} INFO - [2025-09-29T14:45:06.821+0000] {dagbag.py:588} INFO - Filling up the DagBag from /home/airflow/.local/lib/python3.12/site-packages/airflow/example_dags/example_latest_only.py
[2025-09-29T14:45:06.827+0000] {processor.py:925} INFO - DAG(s) 'latest_only' retrieved from /home/airflow/.local/lib/python3.12/site-packages/airflow/example_dags/example_latest_only.py
[2025-09-29T14:45:06.843+0000] {logging_mixin.py:190} INFO - [2025-09-29T14:45:06.843+0000] {dag.py:3239} INFO - Sync 1 DAGs
[2025-09-29T14:45:06.854+0000] {logging_mixin.py:190} INFO - [2025-09-29T14:45:06.854+0000] {dag.py:4180} INFO - Setting next_dagrun for latest_only to 2025-09-29 08:00:00+00:00, run_after=2025-09-29 12:00:00+00:00
[2025-09-29T14:45:06.863+0000] {processor.py:208} INFO - Processing /home/airflow/.local/lib/python3.12/site-packages/airflow/example_dags/example_latest_only.py took 0.048 seconds
[2025-09-29T14:45:37.127+0000] {processor.py:186} INFO - Started process (PID=1475) to work on /home/airflow/.local/lib/python3.12/site-packages/airflow/example_dags/example_latest_only.py
[2025-09-29T14:45:37.129+0000] {processor.py:914} INFO - Processing file /home/airflow/.local/lib/python3.12/site-packages/airflow/example_dags/example_latest_only.py for tasks to queue
[2025-09-29T14:45:37.133+0000] {logging_mixin.py:190} INFO - [2025-09-29T14:45:37.133+0000] {dagbag.py:588} INFO - Filling up the DagBag from /home/airflow/.local/lib/python3.12/site-packages/airflow/example_dags/example_latest_only.py
[2025-09-29T14:45:37.139+0000] {processor.py:925} INFO - DAG(s) 'latest_only' retrieved from /home/airflow/.local/lib/python3.12/site-packages/airflow/example_dags/example_latest_only.py
[2025-09-29T14:45:37.156+0000] {logging_mixin.py:190} INFO - [2025-09-29T14:45:37.156+0000] {dag.py:3239} INFO - Sync 1 DAGs
[2025-09-29T14:45:37.168+0000] {logging_mixin.py:190} INFO - [2025-09-29T14:45:37.168+0000] {dag.py:4180} INFO - Setting next_dagrun for latest_only to 2025-09-29 08:00:00+00:00, run_after=2025-09-29 12:00:00+00:00
[2025-09-29T14:45:37.179+0000] {processor.py:208} INFO - Processing /home/airflow/.local/lib/python3.12/site-packages/airflow/example_dags/example_latest_only.py took 0.055 seconds
[2025-09-29T14:46:07.790+0000] {processor.py:186} INFO - Started process (PID=1539) to work on /home/airflow/.local/lib/python3.12/site-packages/airflow/example_dags/example_latest_only.py
[2025-09-29T14:46:07.791+0000] {processor.py:914} INFO - Processing file /home/airflow/.local/lib/python3.12/site-packages/airflow/example_dags/example_latest_only.py for tasks to queue
[2025-09-29T14:46:07.792+0000] {logging_mixin.py:190} INFO - [2025-09-29T14:46:07.792+0000] {dagbag.py:588} INFO - Filling up the DagBag from /home/airflow/.local/lib/python3.12/site-packages/airflow/example_dags/example_latest_only.py
[2025-09-29T14:46:07.797+0000] {processor.py:925} INFO - DAG(s) 'latest_only' retrieved from /home/airflow/.local/lib/python3.12/site-packages/airflow/example_dags/example_latest_only.py
[2025-09-29T14:46:07.814+0000] {logging_mixin.py:190} INFO - [2025-09-29T14:46:07.814+0000] {dag.py:3239} INFO - Sync 1 DAGs
[2025-09-29T14:46:07.828+0000] {logging_mixin.py:190} INFO - [2025-09-29T14:46:07.828+0000] {dag.py:4180} INFO - Setting next_dagrun for latest_only to 2025-09-29 08:00:00+00:00, run_after=2025-09-29 12:00:00+00:00
[2025-09-29T14:46:07.845+0000] {processor.py:208} INFO - Processing /home/airflow/.local/lib/python3.12/site-packages/airflow/example_dags/example_latest_only.py took 0.059 seconds
[2025-09-29T14:46:38.337+0000] {processor.py:186} INFO - Started process (PID=1603) to work on /home/airflow/.local/lib/python3.12/site-packages/airflow/example_dags/example_latest_only.py
[2025-09-29T14:46:38.337+0000] {processor.py:914} INFO - Processing file /home/airflow/.local/lib/python3.12/site-packages/airflow/example_dags/example_latest_only.py for tasks to queue
[2025-09-29T14:46:38.339+0000] {logging_mixin.py:190} INFO - [2025-09-29T14:46:38.339+0000] {dagbag.py:588} INFO - Filling up the DagBag from /home/airflow/.local/lib/python3.12/site-packages/airflow/example_dags/example_latest_only.py
[2025-09-29T14:46:38.342+0000] {processor.py:925} INFO - DAG(s) 'latest_only' retrieved from /home/airflow/.local/lib/python3.12/site-packages/airflow/example_dags/example_latest_only.py
[2025-09-29T14:46:38.352+0000] {logging_mixin.py:190} INFO - [2025-09-29T14:46:38.351+0000] {dag.py:3239} INFO - Sync 1 DAGs
[2025-09-29T14:46:38.362+0000] {logging_mixin.py:190} INFO - [2025-09-29T14:46:38.362+0000] {dag.py:4180} INFO - Setting next_dagrun for latest_only to 2025-09-29 08:00:00+00:00, run_after=2025-09-29 12:00:00+00:00
[2025-09-29T14:46:38.371+0000] {processor.py:208} INFO - Processing /home/airflow/.local/lib/python3.12/site-packages/airflow/example_dags/example_latest_only.py took 0.037 seconds
[2025-09-29T14:47:08.733+0000] {processor.py:186} INFO - Started process (PID=1667) to work on /home/airflow/.local/lib/python3.12/site-packages/airflow/example_dags/example_latest_only.py
[2025-09-29T14:47:08.733+0000] {processor.py:914} INFO - Processing file /home/airflow/.local/lib/python3.12/site-packages/airflow/example_dags/example_latest_only.py for tasks to queue
[2025-09-29T14:47:08.735+0000] {logging_mixin.py:190} INFO - [2025-09-29T14:47:08.735+0000] {dagbag.py:588} INFO - Filling up the DagBag from /home/airflow/.local/lib/python3.12/site-packages/airflow/example_dags/example_latest_only.py
[2025-09-29T14:47:08.738+0000] {processor.py:925} INFO - DAG(s) 'latest_only' retrieved from /home/airflow/.local/lib/python3.12/site-packages/airflow/example_dags/example_latest_only.py
[2025-09-29T14:47:08.753+0000] {logging_mixin.py:190} INFO - [2025-09-29T14:47:08.753+0000] {dag.py:3239} INFO - Sync 1 DAGs
[2025-09-29T14:47:08.765+0000] {logging_mixin.py:190} INFO - [2025-09-29T14:47:08.765+0000] {dag.py:4180} INFO - Setting next_dagrun for latest_only to 2025-09-29 08:00:00+00:00, run_after=2025-09-29 12:00:00+00:00
[2025-09-29T14:47:08.781+0000] {processor.py:208} INFO - Processing /home/airflow/.local/lib/python3.12/site-packages/airflow/example_dags/example_latest_only.py took 0.051 seconds
[2025-09-29T14:47:39.232+0000] {processor.py:186} INFO - Started process (PID=1731) to work on /home/airflow/.local/lib/python3.12/site-packages/airflow/example_dags/example_latest_only.py
[2025-09-29T14:47:39.233+0000] {processor.py:914} INFO - Processing file /home/airflow/.local/lib/python3.12/site-packages/airflow/example_dags/example_latest_only.py for tasks to queue
[2025-09-29T14:47:39.234+0000] {logging_mixin.py:190} INFO - [2025-09-29T14:47:39.234+0000] {dagbag.py:588} INFO - Filling up the DagBag from /home/airflow/.local/lib/python3.12/site-packages/airflow/example_dags/example_latest_only.py
[2025-09-29T14:47:39.239+0000] {processor.py:925} INFO - DAG(s) 'latest_only' retrieved from /home/airflow/.local/lib/python3.12/site-packages/airflow/example_dags/example_latest_only.py
[2025-09-29T14:47:39.253+0000] {logging_mixin.py:190} INFO - [2025-09-29T14:47:39.252+0000] {dag.py:3239} INFO - Sync 1 DAGs
[2025-09-29T14:47:39.265+0000] {logging_mixin.py:190} INFO - [2025-09-29T14:47:39.264+0000] {dag.py:4180} INFO - Setting next_dagrun for latest_only to 2025-09-29 08:00:00+00:00, run_after=2025-09-29 12:00:00+00:00
[2025-09-29T14:47:39.275+0000] {processor.py:208} INFO - Processing /home/airflow/.local/lib/python3.12/site-packages/airflow/example_dags/example_latest_only.py took 0.045 seconds
[2025-09-29T14:48:09.481+0000] {processor.py:186} INFO - Started process (PID=1795) to work on /home/airflow/.local/lib/python3.12/site-packages/airflow/example_dags/example_latest_only.py
[2025-09-29T14:48:09.483+0000] {processor.py:914} INFO - Processing file /home/airflow/.local/lib/python3.12/site-packages/airflow/example_dags/example_latest_only.py for tasks to queue
[2025-09-29T14:48:09.485+0000] {logging_mixin.py:190} INFO - [2025-09-29T14:48:09.485+0000] {dagbag.py:588} INFO - Filling up the DagBag from /home/airflow/.local/lib/python3.12/site-packages/airflow/example_dags/example_latest_only.py
[2025-09-29T14:48:09.489+0000] {processor.py:925} INFO - DAG(s) 'latest_only' retrieved from /home/airflow/.local/lib/python3.12/site-packages/airflow/example_dags/example_latest_only.py
[2025-09-29T14:48:09.504+0000] {logging_mixin.py:190} INFO - [2025-09-29T14:48:09.504+0000] {dag.py:3239} INFO - Sync 1 DAGs
[2025-09-29T14:48:09.517+0000] {logging_mixin.py:190} INFO - [2025-09-29T14:48:09.516+0000] {dag.py:4180} INFO - Setting next_dagrun for latest_only to 2025-09-29 08:00:00+00:00, run_after=2025-09-29 12:00:00+00:00
[2025-09-29T14:48:09.530+0000] {processor.py:208} INFO - Processing /home/airflow/.local/lib/python3.12/site-packages/airflow/example_dags/example_latest_only.py took 0.052 seconds
[2025-09-29T14:48:40.007+0000] {processor.py:186} INFO - Started process (PID=1859) to work on /home/airflow/.local/lib/python3.12/site-packages/airflow/example_dags/example_latest_only.py
[2025-09-29T14:48:40.007+0000] {processor.py:914} INFO - Processing file /home/airflow/.local/lib/python3.12/site-packages/airflow/example_dags/example_latest_only.py for tasks to queue
[2025-09-29T14:48:40.008+0000] {logging_mixin.py:190} INFO - [2025-09-29T14:48:40.008+0000] {dagbag.py:588} INFO - Filling up the DagBag from /home/airflow/.local/lib/python3.12/site-packages/airflow/example_dags/example_latest_only.py
[2025-09-29T14:48:40.012+0000] {processor.py:925} INFO - DAG(s) 'latest_only' retrieved from /home/airflow/.local/lib/python3.12/site-packages/airflow/example_dags/example_latest_only.py
[2025-09-29T14:48:40.022+0000] {logging_mixin.py:190} INFO - [2025-09-29T14:48:40.022+0000] {dag.py:3239} INFO - Sync 1 DAGs
[2025-09-29T14:48:40.032+0000] {logging_mixin.py:190} INFO - [2025-09-29T14:48:40.032+0000] {dag.py:4180} INFO - Setting next_dagrun for latest_only to 2025-09-29 08:00:00+00:00, run_after=2025-09-29 12:00:00+00:00
[2025-09-29T14:48:40.046+0000] {processor.py:208} INFO - Processing /home/airflow/.local/lib/python3.12/site-packages/airflow/example_dags/example_latest_only.py took 0.042 seconds
[2025-09-29T14:49:10.096+0000] {processor.py:186} INFO - Started process (PID=1923) to work on /home/airflow/.local/lib/python3.12/site-packages/airflow/example_dags/example_latest_only.py
[2025-09-29T14:49:10.096+0000] {processor.py:914} INFO - Processing file /home/airflow/.local/lib/python3.12/site-packages/airflow/example_dags/example_latest_only.py for tasks to queue
[2025-09-29T14:49:10.097+0000] {logging_mixin.py:190} INFO - [2025-09-29T14:49:10.097+0000] {dagbag.py:588} INFO - Filling up the DagBag from /home/airflow/.local/lib/python3.12/site-packages/airflow/example_dags/example_latest_only.py
[2025-09-29T14:49:10.101+0000] {processor.py:925} INFO - DAG(s) 'latest_only' retrieved from /home/airflow/.local/lib/python3.12/site-packages/airflow/example_dags/example_latest_only.py
[2025-09-29T14:49:10.114+0000] {logging_mixin.py:190} INFO - [2025-09-29T14:49:10.114+0000] {dag.py:3239} INFO - Sync 1 DAGs
[2025-09-29T14:49:10.125+0000] {logging_mixin.py:190} INFO - [2025-09-29T14:49:10.125+0000] {dag.py:4180} INFO - Setting next_dagrun for latest_only to 2025-09-29 08:00:00+00:00, run_after=2025-09-29 12:00:00+00:00
[2025-09-29T14:49:10.136+0000] {processor.py:208} INFO - Processing /home/airflow/.local/lib/python3.12/site-packages/airflow/example_dags/example_latest_only.py took 0.043 seconds
[2025-09-29T14:49:40.608+0000] {processor.py:186} INFO - Started process (PID=1987) to work on /home/airflow/.local/lib/python3.12/site-packages/airflow/example_dags/example_latest_only.py
[2025-09-29T14:49:40.608+0000] {processor.py:914} INFO - Processing file /home/airflow/.local/lib/python3.12/site-packages/airflow/example_dags/example_latest_only.py for tasks to queue
[2025-09-29T14:49:40.609+0000] {logging_mixin.py:190} INFO - [2025-09-29T14:49:40.609+0000] {dagbag.py:588} INFO - Filling up the DagBag from /home/airflow/.local/lib/python3.12/site-packages/airflow/example_dags/example_latest_only.py
[2025-09-29T14:49:40.613+0000] {processor.py:925} INFO - DAG(s) 'latest_only' retrieved from /home/airflow/.local/lib/python3.12/site-packages/airflow/example_dags/example_latest_only.py
[2025-09-29T14:49:40.623+0000] {logging_mixin.py:190} INFO - [2025-09-29T14:49:40.623+0000] {dag.py:3239} INFO - Sync 1 DAGs
[2025-09-29T14:49:40.633+0000] {logging_mixin.py:190} INFO - [2025-09-29T14:49:40.633+0000] {dag.py:4180} INFO - Setting next_dagrun for latest_only to 2025-09-29 08:00:00+00:00, run_after=2025-09-29 12:00:00+00:00
[2025-09-29T14:49:40.641+0000] {processor.py:208} INFO - Processing /home/airflow/.local/lib/python3.12/site-packages/airflow/example_dags/example_latest_only.py took 0.037 seconds
[2025-09-29T14:50:10.983+0000] {processor.py:186} INFO - Started process (PID=2051) to work on /home/airflow/.local/lib/python3.12/site-packages/airflow/example_dags/example_latest_only.py
[2025-09-29T14:50:10.983+0000] {processor.py:914} INFO - Processing file /home/airflow/.local/lib/python3.12/site-packages/airflow/example_dags/example_latest_only.py for tasks to queue
[2025-09-29T14:50:10.985+0000] {logging_mixin.py:190} INFO - [2025-09-29T14:50:10.985+0000] {dagbag.py:588} INFO - Filling up the DagBag from /home/airflow/.local/lib/python3.12/site-packages/airflow/example_dags/example_latest_only.py
[2025-09-29T14:50:10.988+0000] {processor.py:925} INFO - DAG(s) 'latest_only' retrieved from /home/airflow/.local/lib/python3.12/site-packages/airflow/example_dags/example_latest_only.py
[2025-09-29T14:50:11.003+0000] {logging_mixin.py:190} INFO - [2025-09-29T14:50:11.002+0000] {dag.py:3239} INFO - Sync 1 DAGs
[2025-09-29T14:50:11.014+0000] {logging_mixin.py:190} INFO - [2025-09-29T14:50:11.014+0000] {dag.py:4180} INFO - Setting next_dagrun for latest_only to 2025-09-29 08:00:00+00:00, run_after=2025-09-29 12:00:00+00:00
[2025-09-29T14:50:11.023+0000] {processor.py:208} INFO - Processing /home/airflow/.local/lib/python3.12/site-packages/airflow/example_dags/example_latest_only.py took 0.043 seconds
[2025-09-29T14:50:41.227+0000] {processor.py:186} INFO - Started process (PID=2115) to work on /home/airflow/.local/lib/python3.12/site-packages/airflow/example_dags/example_latest_only.py
[2025-09-29T14:50:41.229+0000] {processor.py:914} INFO - Processing file /home/airflow/.local/lib/python3.12/site-packages/airflow/example_dags/example_latest_only.py for tasks to queue
[2025-09-29T14:50:41.231+0000] {logging_mixin.py:190} INFO - [2025-09-29T14:50:41.231+0000] {dagbag.py:588} INFO - Filling up the DagBag from /home/airflow/.local/lib/python3.12/site-packages/airflow/example_dags/example_latest_only.py
[2025-09-29T14:50:41.234+0000] {processor.py:925} INFO - DAG(s) 'latest_only' retrieved from /home/airflow/.local/lib/python3.12/site-packages/airflow/example_dags/example_latest_only.py
[2025-09-29T14:50:41.248+0000] {logging_mixin.py:190} INFO - [2025-09-29T14:50:41.248+0000] {dag.py:3239} INFO - Sync 1 DAGs
[2025-09-29T14:50:41.260+0000] {logging_mixin.py:190} INFO - [2025-09-29T14:50:41.260+0000] {dag.py:4180} INFO - Setting next_dagrun for latest_only to 2025-09-29 08:00:00+00:00, run_after=2025-09-29 12:00:00+00:00
[2025-09-29T14:50:41.269+0000] {processor.py:208} INFO - Processing /home/airflow/.local/lib/python3.12/site-packages/airflow/example_dags/example_latest_only.py took 0.045 seconds
[2025-09-29T14:51:11.462+0000] {processor.py:186} INFO - Started process (PID=2179) to work on /home/airflow/.local/lib/python3.12/site-packages/airflow/example_dags/example_latest_only.py
[2025-09-29T14:51:11.463+0000] {processor.py:914} INFO - Processing file /home/airflow/.local/lib/python3.12/site-packages/airflow/example_dags/example_latest_only.py for tasks to queue
[2025-09-29T14:51:11.464+0000] {logging_mixin.py:190} INFO - [2025-09-29T14:51:11.464+0000] {dagbag.py:588} INFO - Filling up the DagBag from /home/airflow/.local/lib/python3.12/site-packages/airflow/example_dags/example_latest_only.py
[2025-09-29T14:51:11.467+0000] {processor.py:925} INFO - DAG(s) 'latest_only' retrieved from /home/airflow/.local/lib/python3.12/site-packages/airflow/example_dags/example_latest_only.py
[2025-09-29T14:51:11.478+0000] {logging_mixin.py:190} INFO - [2025-09-29T14:51:11.478+0000] {dag.py:3239} INFO - Sync 1 DAGs
[2025-09-29T14:51:11.491+0000] {logging_mixin.py:190} INFO - [2025-09-29T14:51:11.491+0000] {dag.py:4180} INFO - Setting next_dagrun for latest_only to 2025-09-29 08:00:00+00:00, run_after=2025-09-29 12:00:00+00:00
[2025-09-29T14:51:11.504+0000] {processor.py:208} INFO - Processing /home/airflow/.local/lib/python3.12/site-packages/airflow/example_dags/example_latest_only.py took 0.045 seconds
[2025-09-29T14:51:41.815+0000] {processor.py:186} INFO - Started process (PID=2242) to work on /home/airflow/.local/lib/python3.12/site-packages/airflow/example_dags/example_latest_only.py
[2025-09-29T14:51:41.815+0000] {processor.py:914} INFO - Processing file /home/airflow/.local/lib/python3.12/site-packages/airflow/example_dags/example_latest_only.py for tasks to queue
[2025-09-29T14:51:41.817+0000] {logging_mixin.py:190} INFO - [2025-09-29T14:51:41.817+0000] {dagbag.py:588} INFO - Filling up the DagBag from /home/airflow/.local/lib/python3.12/site-packages/airflow/example_dags/example_latest_only.py
[2025-09-29T14:51:41.822+0000] {processor.py:925} INFO - DAG(s) 'latest_only' retrieved from /home/airflow/.local/lib/python3.12/site-packages/airflow/example_dags/example_latest_only.py
[2025-09-29T14:51:41.835+0000] {logging_mixin.py:190} INFO - [2025-09-29T14:51:41.835+0000] {dag.py:3239} INFO - Sync 1 DAGs
[2025-09-29T14:51:41.850+0000] {logging_mixin.py:190} INFO - [2025-09-29T14:51:41.850+0000] {dag.py:4180} INFO - Setting next_dagrun for latest_only to 2025-09-29 08:00:00+00:00, run_after=2025-09-29 12:00:00+00:00
[2025-09-29T14:51:41.861+0000] {processor.py:208} INFO - Processing /home/airflow/.local/lib/python3.12/site-packages/airflow/example_dags/example_latest_only.py took 0.051 seconds
[2025-09-29T14:52:12.130+0000] {processor.py:186} INFO - Started process (PID=2305) to work on /home/airflow/.local/lib/python3.12/site-packages/airflow/example_dags/example_latest_only.py
[2025-09-29T14:52:12.130+0000] {processor.py:914} INFO - Processing file /home/airflow/.local/lib/python3.12/site-packages/airflow/example_dags/example_latest_only.py for tasks to queue
[2025-09-29T14:52:12.131+0000] {logging_mixin.py:190} INFO - [2025-09-29T14:52:12.131+0000] {dagbag.py:588} INFO - Filling up the DagBag from /home/airflow/.local/lib/python3.12/site-packages/airflow/example_dags/example_latest_only.py
[2025-09-29T14:52:12.135+0000] {processor.py:925} INFO - DAG(s) 'latest_only' retrieved from /home/airflow/.local/lib/python3.12/site-packages/airflow/example_dags/example_latest_only.py
[2025-09-29T14:52:12.145+0000] {logging_mixin.py:190} INFO - [2025-09-29T14:52:12.145+0000] {dag.py:3239} INFO - Sync 1 DAGs
[2025-09-29T14:52:12.155+0000] {logging_mixin.py:190} INFO - [2025-09-29T14:52:12.155+0000] {dag.py:4180} INFO - Setting next_dagrun for latest_only to 2025-09-29 08:00:00+00:00, run_after=2025-09-29 12:00:00+00:00
[2025-09-29T14:52:12.162+0000] {processor.py:208} INFO - Processing /home/airflow/.local/lib/python3.12/site-packages/airflow/example_dags/example_latest_only.py took 0.036 seconds
[2025-09-29T14:52:42.318+0000] {processor.py:186} INFO - Started process (PID=2368) to work on /home/airflow/.local/lib/python3.12/site-packages/airflow/example_dags/example_latest_only.py
[2025-09-29T14:52:42.319+0000] {processor.py:914} INFO - Processing file /home/airflow/.local/lib/python3.12/site-packages/airflow/example_dags/example_latest_only.py for tasks to queue
[2025-09-29T14:52:42.319+0000] {logging_mixin.py:190} INFO - [2025-09-29T14:52:42.319+0000] {dagbag.py:588} INFO - Filling up the DagBag from /home/airflow/.local/lib/python3.12/site-packages/airflow/example_dags/example_latest_only.py
[2025-09-29T14:52:42.324+0000] {processor.py:925} INFO - DAG(s) 'latest_only' retrieved from /home/airflow/.local/lib/python3.12/site-packages/airflow/example_dags/example_latest_only.py
[2025-09-29T14:52:42.336+0000] {logging_mixin.py:190} INFO - [2025-09-29T14:52:42.336+0000] {dag.py:3239} INFO - Sync 1 DAGs
[2025-09-29T14:52:42.348+0000] {logging_mixin.py:190} INFO - [2025-09-29T14:52:42.347+0000] {dag.py:4180} INFO - Setting next_dagrun for latest_only to 2025-09-29 08:00:00+00:00, run_after=2025-09-29 12:00:00+00:00
[2025-09-29T14:52:42.357+0000] {processor.py:208} INFO - Processing /home/airflow/.local/lib/python3.12/site-packages/airflow/example_dags/example_latest_only.py took 0.041 seconds
[2025-09-29T14:53:12.509+0000] {processor.py:186} INFO - Started process (PID=2431) to work on /home/airflow/.local/lib/python3.12/site-packages/airflow/example_dags/example_latest_only.py
[2025-09-29T14:53:12.510+0000] {processor.py:914} INFO - Processing file /home/airflow/.local/lib/python3.12/site-packages/airflow/example_dags/example_latest_only.py for tasks to queue
[2025-09-29T14:53:12.511+0000] {logging_mixin.py:190} INFO - [2025-09-29T14:53:12.510+0000] {dagbag.py:588} INFO - Filling up the DagBag from /home/airflow/.local/lib/python3.12/site-packages/airflow/example_dags/example_latest_only.py
[2025-09-29T14:53:12.515+0000] {processor.py:925} INFO - DAG(s) 'latest_only' retrieved from /home/airflow/.local/lib/python3.12/site-packages/airflow/example_dags/example_latest_only.py
[2025-09-29T14:53:12.524+0000] {logging_mixin.py:190} INFO - [2025-09-29T14:53:12.524+0000] {dag.py:3239} INFO - Sync 1 DAGs
[2025-09-29T14:53:12.534+0000] {logging_mixin.py:190} INFO - [2025-09-29T14:53:12.534+0000] {dag.py:4180} INFO - Setting next_dagrun for latest_only to 2025-09-29 08:00:00+00:00, run_after=2025-09-29 12:00:00+00:00
[2025-09-29T14:53:12.542+0000] {processor.py:208} INFO - Processing /home/airflow/.local/lib/python3.12/site-packages/airflow/example_dags/example_latest_only.py took 0.035 seconds
[2025-09-29T14:53:42.780+0000] {processor.py:186} INFO - Started process (PID=2495) to work on /home/airflow/.local/lib/python3.12/site-packages/airflow/example_dags/example_latest_only.py
[2025-09-29T14:53:42.781+0000] {processor.py:914} INFO - Processing file /home/airflow/.local/lib/python3.12/site-packages/airflow/example_dags/example_latest_only.py for tasks to queue
[2025-09-29T14:53:42.781+0000] {logging_mixin.py:190} INFO - [2025-09-29T14:53:42.781+0000] {dagbag.py:588} INFO - Filling up the DagBag from /home/airflow/.local/lib/python3.12/site-packages/airflow/example_dags/example_latest_only.py
[2025-09-29T14:53:42.786+0000] {processor.py:925} INFO - DAG(s) 'latest_only' retrieved from /home/airflow/.local/lib/python3.12/site-packages/airflow/example_dags/example_latest_only.py
[2025-09-29T14:53:42.795+0000] {logging_mixin.py:190} INFO - [2025-09-29T14:53:42.795+0000] {dag.py:3239} INFO - Sync 1 DAGs
[2025-09-29T14:53:42.807+0000] {logging_mixin.py:190} INFO - [2025-09-29T14:53:42.807+0000] {dag.py:4180} INFO - Setting next_dagrun for latest_only to 2025-09-29 08:00:00+00:00, run_after=2025-09-29 12:00:00+00:00
[2025-09-29T14:53:42.818+0000] {processor.py:208} INFO - Processing /home/airflow/.local/lib/python3.12/site-packages/airflow/example_dags/example_latest_only.py took 0.041 seconds
[2025-09-29T14:54:13.014+0000] {processor.py:186} INFO - Started process (PID=2558) to work on /home/airflow/.local/lib/python3.12/site-packages/airflow/example_dags/example_latest_only.py
[2025-09-29T14:54:13.014+0000] {processor.py:914} INFO - Processing file /home/airflow/.local/lib/python3.12/site-packages/airflow/example_dags/example_latest_only.py for tasks to queue
[2025-09-29T14:54:13.015+0000] {logging_mixin.py:190} INFO - [2025-09-29T14:54:13.015+0000] {dagbag.py:588} INFO - Filling up the DagBag from /home/airflow/.local/lib/python3.12/site-packages/airflow/example_dags/example_latest_only.py
[2025-09-29T14:54:13.019+0000] {processor.py:925} INFO - DAG(s) 'latest_only' retrieved from /home/airflow/.local/lib/python3.12/site-packages/airflow/example_dags/example_latest_only.py
[2025-09-29T14:54:13.029+0000] {logging_mixin.py:190} INFO - [2025-09-29T14:54:13.029+0000] {dag.py:3239} INFO - Sync 1 DAGs
[2025-09-29T14:54:13.040+0000] {logging_mixin.py:190} INFO - [2025-09-29T14:54:13.039+0000] {dag.py:4180} INFO - Setting next_dagrun for latest_only to 2025-09-29 08:00:00+00:00, run_after=2025-09-29 12:00:00+00:00
[2025-09-29T14:54:13.048+0000] {processor.py:208} INFO - Processing /home/airflow/.local/lib/python3.12/site-packages/airflow/example_dags/example_latest_only.py took 0.036 seconds
[2025-09-29T14:54:43.281+0000] {processor.py:186} INFO - Started process (PID=2621) to work on /home/airflow/.local/lib/python3.12/site-packages/airflow/example_dags/example_latest_only.py
[2025-09-29T14:54:43.281+0000] {processor.py:914} INFO - Processing file /home/airflow/.local/lib/python3.12/site-packages/airflow/example_dags/example_latest_only.py for tasks to queue
[2025-09-29T14:54:43.282+0000] {logging_mixin.py:190} INFO - [2025-09-29T14:54:43.282+0000] {dagbag.py:588} INFO - Filling up the DagBag from /home/airflow/.local/lib/python3.12/site-packages/airflow/example_dags/example_latest_only.py
[2025-09-29T14:54:43.286+0000] {processor.py:925} INFO - DAG(s) 'latest_only' retrieved from /home/airflow/.local/lib/python3.12/site-packages/airflow/example_dags/example_latest_only.py
[2025-09-29T14:54:43.298+0000] {logging_mixin.py:190} INFO - [2025-09-29T14:54:43.298+0000] {dag.py:3239} INFO - Sync 1 DAGs
[2025-09-29T14:54:43.309+0000] {logging_mixin.py:190} INFO - [2025-09-29T14:54:43.309+0000] {dag.py:4180} INFO - Setting next_dagrun for latest_only to 2025-09-29 08:00:00+00:00, run_after=2025-09-29 12:00:00+00:00
[2025-09-29T14:54:43.317+0000] {processor.py:208} INFO - Processing /home/airflow/.local/lib/python3.12/site-packages/airflow/example_dags/example_latest_only.py took 0.039 seconds
[2025-09-29T14:55:13.736+0000] {processor.py:186} INFO - Started process (PID=2684) to work on /home/airflow/.local/lib/python3.12/site-packages/airflow/example_dags/example_latest_only.py
[2025-09-29T14:55:13.737+0000] {processor.py:914} INFO - Processing file /home/airflow/.local/lib/python3.12/site-packages/airflow/example_dags/example_latest_only.py for tasks to queue
[2025-09-29T14:55:13.739+0000] {logging_mixin.py:190} INFO - [2025-09-29T14:55:13.738+0000] {dagbag.py:588} INFO - Filling up the DagBag from /home/airflow/.local/lib/python3.12/site-packages/airflow/example_dags/example_latest_only.py
[2025-09-29T14:55:13.743+0000] {processor.py:925} INFO - DAG(s) 'latest_only' retrieved from /home/airflow/.local/lib/python3.12/site-packages/airflow/example_dags/example_latest_only.py
[2025-09-29T14:55:13.757+0000] {logging_mixin.py:190} INFO - [2025-09-29T14:55:13.757+0000] {dag.py:3239} INFO - Sync 1 DAGs
[2025-09-29T14:55:13.769+0000] {logging_mixin.py:190} INFO - [2025-09-29T14:55:13.769+0000] {dag.py:4180} INFO - Setting next_dagrun for latest_only to 2025-09-29 08:00:00+00:00, run_after=2025-09-29 12:00:00+00:00
[2025-09-29T14:55:13.777+0000] {processor.py:208} INFO - Processing /home/airflow/.local/lib/python3.12/site-packages/airflow/example_dags/example_latest_only.py took 0.043 seconds
[2025-09-29T14:55:44.200+0000] {processor.py:186} INFO - Started process (PID=2746) to work on /home/airflow/.local/lib/python3.12/site-packages/airflow/example_dags/example_latest_only.py
[2025-09-29T14:55:44.202+0000] {processor.py:914} INFO - Processing file /home/airflow/.local/lib/python3.12/site-packages/airflow/example_dags/example_latest_only.py for tasks to queue
[2025-09-29T14:55:44.203+0000] {logging_mixin.py:190} INFO - [2025-09-29T14:55:44.203+0000] {dagbag.py:588} INFO - Filling up the DagBag from /home/airflow/.local/lib/python3.12/site-packages/airflow/example_dags/example_latest_only.py
[2025-09-29T14:55:44.208+0000] {processor.py:925} INFO - DAG(s) 'latest_only' retrieved from /home/airflow/.local/lib/python3.12/site-packages/airflow/example_dags/example_latest_only.py
[2025-09-29T14:55:44.219+0000] {logging_mixin.py:190} INFO - [2025-09-29T14:55:44.219+0000] {dag.py:3239} INFO - Sync 1 DAGs
[2025-09-29T14:55:44.232+0000] {logging_mixin.py:190} INFO - [2025-09-29T14:55:44.232+0000] {dag.py:4180} INFO - Setting next_dagrun for latest_only to 2025-09-29 08:00:00+00:00, run_after=2025-09-29 12:00:00+00:00
[2025-09-29T14:55:44.242+0000] {processor.py:208} INFO - Processing /home/airflow/.local/lib/python3.12/site-packages/airflow/example_dags/example_latest_only.py took 0.046 seconds
[2025-09-29T14:56:14.789+0000] {processor.py:186} INFO - Started process (PID=2809) to work on /home/airflow/.local/lib/python3.12/site-packages/airflow/example_dags/example_latest_only.py
[2025-09-29T14:56:14.790+0000] {processor.py:914} INFO - Processing file /home/airflow/.local/lib/python3.12/site-packages/airflow/example_dags/example_latest_only.py for tasks to queue
[2025-09-29T14:56:14.791+0000] {logging_mixin.py:190} INFO - [2025-09-29T14:56:14.791+0000] {dagbag.py:588} INFO - Filling up the DagBag from /home/airflow/.local/lib/python3.12/site-packages/airflow/example_dags/example_latest_only.py
[2025-09-29T14:56:14.798+0000] {processor.py:925} INFO - DAG(s) 'latest_only' retrieved from /home/airflow/.local/lib/python3.12/site-packages/airflow/example_dags/example_latest_only.py
[2025-09-29T14:56:14.811+0000] {logging_mixin.py:190} INFO - [2025-09-29T14:56:14.810+0000] {dag.py:3239} INFO - Sync 1 DAGs
[2025-09-29T14:56:14.821+0000] {logging_mixin.py:190} INFO - [2025-09-29T14:56:14.821+0000] {dag.py:4180} INFO - Setting next_dagrun for latest_only to 2025-09-29 08:00:00+00:00, run_after=2025-09-29 12:00:00+00:00
[2025-09-29T14:56:14.836+0000] {processor.py:208} INFO - Processing /home/airflow/.local/lib/python3.12/site-packages/airflow/example_dags/example_latest_only.py took 0.050 seconds
[2025-09-29T14:56:45.267+0000] {processor.py:186} INFO - Started process (PID=2872) to work on /home/airflow/.local/lib/python3.12/site-packages/airflow/example_dags/example_latest_only.py
[2025-09-29T14:56:45.268+0000] {processor.py:914} INFO - Processing file /home/airflow/.local/lib/python3.12/site-packages/airflow/example_dags/example_latest_only.py for tasks to queue
[2025-09-29T14:56:45.268+0000] {logging_mixin.py:190} INFO - [2025-09-29T14:56:45.268+0000] {dagbag.py:588} INFO - Filling up the DagBag from /home/airflow/.local/lib/python3.12/site-packages/airflow/example_dags/example_latest_only.py
[2025-09-29T14:56:45.272+0000] {processor.py:925} INFO - DAG(s) 'latest_only' retrieved from /home/airflow/.local/lib/python3.12/site-packages/airflow/example_dags/example_latest_only.py
[2025-09-29T14:56:45.283+0000] {logging_mixin.py:190} INFO - [2025-09-29T14:56:45.283+0000] {dag.py:3239} INFO - Sync 1 DAGs
[2025-09-29T14:56:45.293+0000] {logging_mixin.py:190} INFO - [2025-09-29T14:56:45.293+0000] {dag.py:4180} INFO - Setting next_dagrun for latest_only to 2025-09-29 08:00:00+00:00, run_after=2025-09-29 12:00:00+00:00
[2025-09-29T14:56:45.301+0000] {processor.py:208} INFO - Processing /home/airflow/.local/lib/python3.12/site-packages/airflow/example_dags/example_latest_only.py took 0.036 seconds
[2025-09-29T14:57:15.818+0000] {processor.py:186} INFO - Started process (PID=2935) to work on /home/airflow/.local/lib/python3.12/site-packages/airflow/example_dags/example_latest_only.py
[2025-09-29T14:57:15.819+0000] {processor.py:914} INFO - Processing file /home/airflow/.local/lib/python3.12/site-packages/airflow/example_dags/example_latest_only.py for tasks to queue
[2025-09-29T14:57:15.819+0000] {logging_mixin.py:190} INFO - [2025-09-29T14:57:15.819+0000] {dagbag.py:588} INFO - Filling up the DagBag from /home/airflow/.local/lib/python3.12/site-packages/airflow/example_dags/example_latest_only.py
[2025-09-29T14:57:15.824+0000] {processor.py:925} INFO - DAG(s) 'latest_only' retrieved from /home/airflow/.local/lib/python3.12/site-packages/airflow/example_dags/example_latest_only.py
[2025-09-29T14:57:15.837+0000] {logging_mixin.py:190} INFO - [2025-09-29T14:57:15.837+0000] {dag.py:3239} INFO - Sync 1 DAGs
[2025-09-29T14:57:15.848+0000] {logging_mixin.py:190} INFO - [2025-09-29T14:57:15.848+0000] {dag.py:4180} INFO - Setting next_dagrun for latest_only to 2025-09-29 08:00:00+00:00, run_after=2025-09-29 12:00:00+00:00
[2025-09-29T14:57:15.858+0000] {processor.py:208} INFO - Processing /home/airflow/.local/lib/python3.12/site-packages/airflow/example_dags/example_latest_only.py took 0.043 seconds
[2025-09-29T14:57:46.373+0000] {processor.py:186} INFO - Started process (PID=2998) to work on /home/airflow/.local/lib/python3.12/site-packages/airflow/example_dags/example_latest_only.py
[2025-09-29T14:57:46.373+0000] {processor.py:914} INFO - Processing file /home/airflow/.local/lib/python3.12/site-packages/airflow/example_dags/example_latest_only.py for tasks to queue
[2025-09-29T14:57:46.374+0000] {logging_mixin.py:190} INFO - [2025-09-29T14:57:46.373+0000] {dagbag.py:588} INFO - Filling up the DagBag from /home/airflow/.local/lib/python3.12/site-packages/airflow/example_dags/example_latest_only.py
[2025-09-29T14:57:46.378+0000] {processor.py:925} INFO - DAG(s) 'latest_only' retrieved from /home/airflow/.local/lib/python3.12/site-packages/airflow/example_dags/example_latest_only.py
[2025-09-29T14:57:46.387+0000] {logging_mixin.py:190} INFO - [2025-09-29T14:57:46.387+0000] {dag.py:3239} INFO - Sync 1 DAGs
[2025-09-29T14:57:46.397+0000] {logging_mixin.py:190} INFO - [2025-09-29T14:57:46.397+0000] {dag.py:4180} INFO - Setting next_dagrun for latest_only to 2025-09-29 08:00:00+00:00, run_after=2025-09-29 12:00:00+00:00
[2025-09-29T14:57:46.405+0000] {processor.py:208} INFO - Processing /home/airflow/.local/lib/python3.12/site-packages/airflow/example_dags/example_latest_only.py took 0.035 seconds
[2025-09-29T14:58:17.096+0000] {processor.py:186} INFO - Started process (PID=3060) to work on /home/airflow/.local/lib/python3.12/site-packages/airflow/example_dags/example_latest_only.py
[2025-09-29T14:58:17.096+0000] {processor.py:914} INFO - Processing file /home/airflow/.local/lib/python3.12/site-packages/airflow/example_dags/example_latest_only.py for tasks to queue
[2025-09-29T14:58:17.097+0000] {logging_mixin.py:190} INFO - [2025-09-29T14:58:17.097+0000] {dagbag.py:588} INFO - Filling up the DagBag from /home/airflow/.local/lib/python3.12/site-packages/airflow/example_dags/example_latest_only.py
[2025-09-29T14:58:17.101+0000] {processor.py:925} INFO - DAG(s) 'latest_only' retrieved from /home/airflow/.local/lib/python3.12/site-packages/airflow/example_dags/example_latest_only.py
[2025-09-29T14:58:17.113+0000] {logging_mixin.py:190} INFO - [2025-09-29T14:58:17.113+0000] {dag.py:3239} INFO - Sync 1 DAGs
[2025-09-29T14:58:17.124+0000] {logging_mixin.py:190} INFO - [2025-09-29T14:58:17.124+0000] {dag.py:4180} INFO - Setting next_dagrun for latest_only to 2025-09-29 08:00:00+00:00, run_after=2025-09-29 12:00:00+00:00
[2025-09-29T14:58:17.133+0000] {processor.py:208} INFO - Processing /home/airflow/.local/lib/python3.12/site-packages/airflow/example_dags/example_latest_only.py took 0.041 seconds
[2025-09-29T14:58:47.743+0000] {processor.py:186} INFO - Started process (PID=3123) to work on /home/airflow/.local/lib/python3.12/site-packages/airflow/example_dags/example_latest_only.py
[2025-09-29T14:58:47.744+0000] {processor.py:914} INFO - Processing file /home/airflow/.local/lib/python3.12/site-packages/airflow/example_dags/example_latest_only.py for tasks to queue
[2025-09-29T14:58:47.744+0000] {logging_mixin.py:190} INFO - [2025-09-29T14:58:47.744+0000] {dagbag.py:588} INFO - Filling up the DagBag from /home/airflow/.local/lib/python3.12/site-packages/airflow/example_dags/example_latest_only.py
[2025-09-29T14:58:47.749+0000] {processor.py:925} INFO - DAG(s) 'latest_only' retrieved from /home/airflow/.local/lib/python3.12/site-packages/airflow/example_dags/example_latest_only.py
[2025-09-29T14:58:47.758+0000] {logging_mixin.py:190} INFO - [2025-09-29T14:58:47.758+0000] {dag.py:3239} INFO - Sync 1 DAGs
[2025-09-29T14:58:47.768+0000] {logging_mixin.py:190} INFO - [2025-09-29T14:58:47.768+0000] {dag.py:4180} INFO - Setting next_dagrun for latest_only to 2025-09-29 08:00:00+00:00, run_after=2025-09-29 12:00:00+00:00
[2025-09-29T14:58:47.775+0000] {processor.py:208} INFO - Processing /home/airflow/.local/lib/python3.12/site-packages/airflow/example_dags/example_latest_only.py took 0.035 seconds
[2025-09-29T14:59:18.339+0000] {processor.py:186} INFO - Started process (PID=3186) to work on /home/airflow/.local/lib/python3.12/site-packages/airflow/example_dags/example_latest_only.py
[2025-09-29T14:59:18.340+0000] {processor.py:914} INFO - Processing file /home/airflow/.local/lib/python3.12/site-packages/airflow/example_dags/example_latest_only.py for tasks to queue
[2025-09-29T14:59:18.340+0000] {logging_mixin.py:190} INFO - [2025-09-29T14:59:18.340+0000] {dagbag.py:588} INFO - Filling up the DagBag from /home/airflow/.local/lib/python3.12/site-packages/airflow/example_dags/example_latest_only.py
[2025-09-29T14:59:18.345+0000] {processor.py:925} INFO - DAG(s) 'latest_only' retrieved from /home/airflow/.local/lib/python3.12/site-packages/airflow/example_dags/example_latest_only.py
[2025-09-29T14:59:18.355+0000] {logging_mixin.py:190} INFO - [2025-09-29T14:59:18.355+0000] {dag.py:3239} INFO - Sync 1 DAGs
[2025-09-29T14:59:18.366+0000] {logging_mixin.py:190} INFO - [2025-09-29T14:59:18.366+0000] {dag.py:4180} INFO - Setting next_dagrun for latest_only to 2025-09-29 08:00:00+00:00, run_after=2025-09-29 12:00:00+00:00
[2025-09-29T14:59:18.375+0000] {processor.py:208} INFO - Processing /home/airflow/.local/lib/python3.12/site-packages/airflow/example_dags/example_latest_only.py took 0.039 seconds
[2025-09-29T14:59:48.929+0000] {processor.py:186} INFO - Started process (PID=3249) to work on /home/airflow/.local/lib/python3.12/site-packages/airflow/example_dags/example_latest_only.py
[2025-09-29T14:59:48.930+0000] {processor.py:914} INFO - Processing file /home/airflow/.local/lib/python3.12/site-packages/airflow/example_dags/example_latest_only.py for tasks to queue
[2025-09-29T14:59:48.931+0000] {logging_mixin.py:190} INFO - [2025-09-29T14:59:48.930+0000] {dagbag.py:588} INFO - Filling up the DagBag from /home/airflow/.local/lib/python3.12/site-packages/airflow/example_dags/example_latest_only.py
[2025-09-29T14:59:48.935+0000] {processor.py:925} INFO - DAG(s) 'latest_only' retrieved from /home/airflow/.local/lib/python3.12/site-packages/airflow/example_dags/example_latest_only.py
[2025-09-29T14:59:48.947+0000] {logging_mixin.py:190} INFO - [2025-09-29T14:59:48.946+0000] {dag.py:3239} INFO - Sync 1 DAGs
[2025-09-29T14:59:48.958+0000] {logging_mixin.py:190} INFO - [2025-09-29T14:59:48.958+0000] {dag.py:4180} INFO - Setting next_dagrun for latest_only to 2025-09-29 08:00:00+00:00, run_after=2025-09-29 12:00:00+00:00
[2025-09-29T14:59:48.967+0000] {processor.py:208} INFO - Processing /home/airflow/.local/lib/python3.12/site-packages/airflow/example_dags/example_latest_only.py took 0.041 seconds
[2025-09-29T15:00:19.413+0000] {processor.py:186} INFO - Started process (PID=3312) to work on /home/airflow/.local/lib/python3.12/site-packages/airflow/example_dags/example_latest_only.py
[2025-09-29T15:00:19.413+0000] {processor.py:914} INFO - Processing file /home/airflow/.local/lib/python3.12/site-packages/airflow/example_dags/example_latest_only.py for tasks to queue
[2025-09-29T15:00:19.414+0000] {logging_mixin.py:190} INFO - [2025-09-29T15:00:19.414+0000] {dagbag.py:588} INFO - Filling up the DagBag from /home/airflow/.local/lib/python3.12/site-packages/airflow/example_dags/example_latest_only.py
[2025-09-29T15:00:19.419+0000] {processor.py:925} INFO - DAG(s) 'latest_only' retrieved from /home/airflow/.local/lib/python3.12/site-packages/airflow/example_dags/example_latest_only.py
[2025-09-29T15:00:19.431+0000] {logging_mixin.py:190} INFO - [2025-09-29T15:00:19.431+0000] {dag.py:3239} INFO - Sync 1 DAGs
[2025-09-29T15:00:19.442+0000] {logging_mixin.py:190} INFO - [2025-09-29T15:00:19.441+0000] {dag.py:4180} INFO - Setting next_dagrun for latest_only to 2025-09-29 08:00:00+00:00, run_after=2025-09-29 12:00:00+00:00
[2025-09-29T15:00:19.450+0000] {processor.py:208} INFO - Processing /home/airflow/.local/lib/python3.12/site-packages/airflow/example_dags/example_latest_only.py took 0.041 seconds
[2025-09-29T15:00:50.078+0000] {processor.py:186} INFO - Started process (PID=3375) to work on /home/airflow/.local/lib/python3.12/site-packages/airflow/example_dags/example_latest_only.py
[2025-09-29T15:00:50.080+0000] {processor.py:914} INFO - Processing file /home/airflow/.local/lib/python3.12/site-packages/airflow/example_dags/example_latest_only.py for tasks to queue
[2025-09-29T15:00:50.081+0000] {logging_mixin.py:190} INFO - [2025-09-29T15:00:50.081+0000] {dagbag.py:588} INFO - Filling up the DagBag from /home/airflow/.local/lib/python3.12/site-packages/airflow/example_dags/example_latest_only.py
[2025-09-29T15:00:50.085+0000] {processor.py:925} INFO - DAG(s) 'latest_only' retrieved from /home/airflow/.local/lib/python3.12/site-packages/airflow/example_dags/example_latest_only.py
[2025-09-29T15:00:50.098+0000] {logging_mixin.py:190} INFO - [2025-09-29T15:00:50.098+0000] {dag.py:3239} INFO - Sync 1 DAGs
[2025-09-29T15:00:50.112+0000] {logging_mixin.py:190} INFO - [2025-09-29T15:00:50.112+0000] {dag.py:4180} INFO - Setting next_dagrun for latest_only to 2025-09-29 08:00:00+00:00, run_after=2025-09-29 12:00:00+00:00
[2025-09-29T15:00:50.122+0000] {processor.py:208} INFO - Processing /home/airflow/.local/lib/python3.12/site-packages/airflow/example_dags/example_latest_only.py took 0.046 seconds
[2025-09-29T15:01:20.636+0000] {processor.py:186} INFO - Started process (PID=3438) to work on /home/airflow/.local/lib/python3.12/site-packages/airflow/example_dags/example_latest_only.py
[2025-09-29T15:01:20.637+0000] {processor.py:914} INFO - Processing file /home/airflow/.local/lib/python3.12/site-packages/airflow/example_dags/example_latest_only.py for tasks to queue
[2025-09-29T15:01:20.637+0000] {logging_mixin.py:190} INFO - [2025-09-29T15:01:20.637+0000] {dagbag.py:588} INFO - Filling up the DagBag from /home/airflow/.local/lib/python3.12/site-packages/airflow/example_dags/example_latest_only.py
[2025-09-29T15:01:20.642+0000] {processor.py:925} INFO - DAG(s) 'latest_only' retrieved from /home/airflow/.local/lib/python3.12/site-packages/airflow/example_dags/example_latest_only.py
[2025-09-29T15:01:20.652+0000] {logging_mixin.py:190} INFO - [2025-09-29T15:01:20.652+0000] {dag.py:3239} INFO - Sync 1 DAGs
[2025-09-29T15:01:20.664+0000] {logging_mixin.py:190} INFO - [2025-09-29T15:01:20.664+0000] {dag.py:4180} INFO - Setting next_dagrun for latest_only to 2025-09-29 08:00:00+00:00, run_after=2025-09-29 12:00:00+00:00
[2025-09-29T15:01:20.673+0000] {processor.py:208} INFO - Processing /home/airflow/.local/lib/python3.12/site-packages/airflow/example_dags/example_latest_only.py took 0.039 seconds
[2025-09-29T15:01:51.208+0000] {processor.py:186} INFO - Started process (PID=3501) to work on /home/airflow/.local/lib/python3.12/site-packages/airflow/example_dags/example_latest_only.py
[2025-09-29T15:01:51.208+0000] {processor.py:914} INFO - Processing file /home/airflow/.local/lib/python3.12/site-packages/airflow/example_dags/example_latest_only.py for tasks to queue
[2025-09-29T15:01:51.209+0000] {logging_mixin.py:190} INFO - [2025-09-29T15:01:51.209+0000] {dagbag.py:588} INFO - Filling up the DagBag from /home/airflow/.local/lib/python3.12/site-packages/airflow/example_dags/example_latest_only.py
[2025-09-29T15:01:51.213+0000] {processor.py:925} INFO - DAG(s) 'latest_only' retrieved from /home/airflow/.local/lib/python3.12/site-packages/airflow/example_dags/example_latest_only.py
[2025-09-29T15:01:51.224+0000] {logging_mixin.py:190} INFO - [2025-09-29T15:01:51.224+0000] {dag.py:3239} INFO - Sync 1 DAGs
[2025-09-29T15:01:51.235+0000] {logging_mixin.py:190} INFO - [2025-09-29T15:01:51.235+0000] {dag.py:4180} INFO - Setting next_dagrun for latest_only to 2025-09-29 08:00:00+00:00, run_after=2025-09-29 12:00:00+00:00
[2025-09-29T15:01:51.244+0000] {processor.py:208} INFO - Processing /home/airflow/.local/lib/python3.12/site-packages/airflow/example_dags/example_latest_only.py took 0.040 seconds
[2025-09-29T15:02:21.677+0000] {processor.py:186} INFO - Started process (PID=3564) to work on /home/airflow/.local/lib/python3.12/site-packages/airflow/example_dags/example_latest_only.py
[2025-09-29T15:02:21.677+0000] {processor.py:914} INFO - Processing file /home/airflow/.local/lib/python3.12/site-packages/airflow/example_dags/example_latest_only.py for tasks to queue
[2025-09-29T15:02:21.678+0000] {logging_mixin.py:190} INFO - [2025-09-29T15:02:21.678+0000] {dagbag.py:588} INFO - Filling up the DagBag from /home/airflow/.local/lib/python3.12/site-packages/airflow/example_dags/example_latest_only.py
[2025-09-29T15:02:21.683+0000] {processor.py:925} INFO - DAG(s) 'latest_only' retrieved from /home/airflow/.local/lib/python3.12/site-packages/airflow/example_dags/example_latest_only.py
[2025-09-29T15:02:21.699+0000] {logging_mixin.py:190} INFO - [2025-09-29T15:02:21.699+0000] {dag.py:3239} INFO - Sync 1 DAGs
[2025-09-29T15:02:21.713+0000] {logging_mixin.py:190} INFO - [2025-09-29T15:02:21.713+0000] {dag.py:4180} INFO - Setting next_dagrun for latest_only to 2025-09-29 08:00:00+00:00, run_after=2025-09-29 12:00:00+00:00
[2025-09-29T15:02:21.724+0000] {processor.py:208} INFO - Processing /home/airflow/.local/lib/python3.12/site-packages/airflow/example_dags/example_latest_only.py took 0.051 seconds
