[2025-09-29T14:34:28.049+0000] {processor.py:186} INFO - Started process (PID=44) to work on /home/airflow/.local/lib/python3.12/site-packages/airflow/example_dags/example_skip_dag.py
[2025-09-29T14:34:28.051+0000] {processor.py:914} INFO - Processing file /home/airflow/.local/lib/python3.12/site-packages/airflow/example_dags/example_skip_dag.py for tasks to queue
[2025-09-29T14:34:28.053+0000] {logging_mixin.py:190} INFO - [2025-09-29T14:34:28.052+0000] {dagbag.py:588} INFO - Filling up the DagBag from /home/airflow/.local/lib/python3.12/site-packages/airflow/example_dags/example_skip_dag.py
[2025-09-29T14:34:28.122+0000] {processor.py:925} INFO - DAG(s) 'example_skip_dag' retrieved from /home/airflow/.local/lib/python3.12/site-packages/airflow/example_dags/example_skip_dag.py
[2025-09-29T14:34:28.165+0000] {logging_mixin.py:190} INFO - [2025-09-29T14:34:28.165+0000] {dag.py:3239} INFO - Sync 1 DAGs
[2025-09-29T14:34:28.193+0000] {logging_mixin.py:190} INFO - [2025-09-29T14:34:28.193+0000] {dag.py:4180} INFO - Setting next_dagrun for example_skip_dag to 2025-09-28 00:00:00+00:00, run_after=2025-09-29 00:00:00+00:00
[2025-09-29T14:34:28.223+0000] {processor.py:208} INFO - Processing /home/airflow/.local/lib/python3.12/site-packages/airflow/example_dags/example_skip_dag.py took 0.180 seconds
[2025-09-29T14:34:58.747+0000] {processor.py:186} INFO - Started process (PID=112) to work on /home/airflow/.local/lib/python3.12/site-packages/airflow/example_dags/example_skip_dag.py
[2025-09-29T14:34:58.748+0000] {processor.py:914} INFO - Processing file /home/airflow/.local/lib/python3.12/site-packages/airflow/example_dags/example_skip_dag.py for tasks to queue
[2025-09-29T14:34:58.751+0000] {logging_mixin.py:190} INFO - [2025-09-29T14:34:58.750+0000] {dagbag.py:588} INFO - Filling up the DagBag from /home/airflow/.local/lib/python3.12/site-packages/airflow/example_dags/example_skip_dag.py
[2025-09-29T14:34:58.755+0000] {processor.py:925} INFO - DAG(s) 'example_skip_dag' retrieved from /home/airflow/.local/lib/python3.12/site-packages/airflow/example_dags/example_skip_dag.py
[2025-09-29T14:34:58.770+0000] {logging_mixin.py:190} INFO - [2025-09-29T14:34:58.770+0000] {dag.py:3239} INFO - Sync 1 DAGs
[2025-09-29T14:34:58.783+0000] {logging_mixin.py:190} INFO - [2025-09-29T14:34:58.783+0000] {dag.py:4180} INFO - Setting next_dagrun for example_skip_dag to 2025-09-28 00:00:00+00:00, run_after=2025-09-29 00:00:00+00:00
[2025-09-29T14:34:58.796+0000] {processor.py:208} INFO - Processing /home/airflow/.local/lib/python3.12/site-packages/airflow/example_dags/example_skip_dag.py took 0.052 seconds
[2025-09-29T14:35:29.328+0000] {processor.py:186} INFO - Started process (PID=176) to work on /home/airflow/.local/lib/python3.12/site-packages/airflow/example_dags/example_skip_dag.py
[2025-09-29T14:35:29.329+0000] {processor.py:914} INFO - Processing file /home/airflow/.local/lib/python3.12/site-packages/airflow/example_dags/example_skip_dag.py for tasks to queue
[2025-09-29T14:35:29.330+0000] {logging_mixin.py:190} INFO - [2025-09-29T14:35:29.330+0000] {dagbag.py:588} INFO - Filling up the DagBag from /home/airflow/.local/lib/python3.12/site-packages/airflow/example_dags/example_skip_dag.py
[2025-09-29T14:35:29.335+0000] {processor.py:925} INFO - DAG(s) 'example_skip_dag' retrieved from /home/airflow/.local/lib/python3.12/site-packages/airflow/example_dags/example_skip_dag.py
[2025-09-29T14:35:29.351+0000] {logging_mixin.py:190} INFO - [2025-09-29T14:35:29.350+0000] {dag.py:3239} INFO - Sync 1 DAGs
[2025-09-29T14:35:29.361+0000] {logging_mixin.py:190} INFO - [2025-09-29T14:35:29.361+0000] {dag.py:4180} INFO - Setting next_dagrun for example_skip_dag to 2025-09-28 00:00:00+00:00, run_after=2025-09-29 00:00:00+00:00
[2025-09-29T14:35:29.370+0000] {processor.py:208} INFO - Processing /home/airflow/.local/lib/python3.12/site-packages/airflow/example_dags/example_skip_dag.py took 0.044 seconds
[2025-09-29T14:35:59.546+0000] {processor.py:186} INFO - Started process (PID=240) to work on /home/airflow/.local/lib/python3.12/site-packages/airflow/example_dags/example_skip_dag.py
[2025-09-29T14:35:59.547+0000] {processor.py:914} INFO - Processing file /home/airflow/.local/lib/python3.12/site-packages/airflow/example_dags/example_skip_dag.py for tasks to queue
[2025-09-29T14:35:59.549+0000] {logging_mixin.py:190} INFO - [2025-09-29T14:35:59.548+0000] {dagbag.py:588} INFO - Filling up the DagBag from /home/airflow/.local/lib/python3.12/site-packages/airflow/example_dags/example_skip_dag.py
[2025-09-29T14:35:59.553+0000] {processor.py:925} INFO - DAG(s) 'example_skip_dag' retrieved from /home/airflow/.local/lib/python3.12/site-packages/airflow/example_dags/example_skip_dag.py
[2025-09-29T14:35:59.572+0000] {logging_mixin.py:190} INFO - [2025-09-29T14:35:59.572+0000] {dag.py:3239} INFO - Sync 1 DAGs
[2025-09-29T14:35:59.585+0000] {logging_mixin.py:190} INFO - [2025-09-29T14:35:59.585+0000] {dag.py:4180} INFO - Setting next_dagrun for example_skip_dag to 2025-09-28 00:00:00+00:00, run_after=2025-09-29 00:00:00+00:00
[2025-09-29T14:35:59.595+0000] {processor.py:208} INFO - Processing /home/airflow/.local/lib/python3.12/site-packages/airflow/example_dags/example_skip_dag.py took 0.052 seconds
[2025-09-29T14:36:29.712+0000] {processor.py:186} INFO - Started process (PID=304) to work on /home/airflow/.local/lib/python3.12/site-packages/airflow/example_dags/example_skip_dag.py
[2025-09-29T14:36:29.715+0000] {processor.py:914} INFO - Processing file /home/airflow/.local/lib/python3.12/site-packages/airflow/example_dags/example_skip_dag.py for tasks to queue
[2025-09-29T14:36:29.716+0000] {logging_mixin.py:190} INFO - [2025-09-29T14:36:29.716+0000] {dagbag.py:588} INFO - Filling up the DagBag from /home/airflow/.local/lib/python3.12/site-packages/airflow/example_dags/example_skip_dag.py
[2025-09-29T14:36:29.723+0000] {processor.py:925} INFO - DAG(s) 'example_skip_dag' retrieved from /home/airflow/.local/lib/python3.12/site-packages/airflow/example_dags/example_skip_dag.py
[2025-09-29T14:36:29.738+0000] {logging_mixin.py:190} INFO - [2025-09-29T14:36:29.738+0000] {dag.py:3239} INFO - Sync 1 DAGs
[2025-09-29T14:36:29.749+0000] {logging_mixin.py:190} INFO - [2025-09-29T14:36:29.749+0000] {dag.py:4180} INFO - Setting next_dagrun for example_skip_dag to 2025-09-28 00:00:00+00:00, run_after=2025-09-29 00:00:00+00:00
[2025-09-29T14:36:29.763+0000] {processor.py:208} INFO - Processing /home/airflow/.local/lib/python3.12/site-packages/airflow/example_dags/example_skip_dag.py took 0.055 seconds
[2025-09-29T14:36:59.886+0000] {processor.py:186} INFO - Started process (PID=368) to work on /home/airflow/.local/lib/python3.12/site-packages/airflow/example_dags/example_skip_dag.py
[2025-09-29T14:36:59.887+0000] {processor.py:914} INFO - Processing file /home/airflow/.local/lib/python3.12/site-packages/airflow/example_dags/example_skip_dag.py for tasks to queue
[2025-09-29T14:36:59.889+0000] {logging_mixin.py:190} INFO - [2025-09-29T14:36:59.889+0000] {dagbag.py:588} INFO - Filling up the DagBag from /home/airflow/.local/lib/python3.12/site-packages/airflow/example_dags/example_skip_dag.py
[2025-09-29T14:36:59.895+0000] {processor.py:925} INFO - DAG(s) 'example_skip_dag' retrieved from /home/airflow/.local/lib/python3.12/site-packages/airflow/example_dags/example_skip_dag.py
[2025-09-29T14:36:59.905+0000] {logging_mixin.py:190} INFO - [2025-09-29T14:36:59.905+0000] {dag.py:3239} INFO - Sync 1 DAGs
[2025-09-29T14:36:59.915+0000] {logging_mixin.py:190} INFO - [2025-09-29T14:36:59.915+0000] {dag.py:4180} INFO - Setting next_dagrun for example_skip_dag to 2025-09-28 00:00:00+00:00, run_after=2025-09-29 00:00:00+00:00
[2025-09-29T14:36:59.927+0000] {processor.py:208} INFO - Processing /home/airflow/.local/lib/python3.12/site-packages/airflow/example_dags/example_skip_dag.py took 0.044 seconds
[2025-09-29T14:37:30.173+0000] {processor.py:186} INFO - Started process (PID=431) to work on /home/airflow/.local/lib/python3.12/site-packages/airflow/example_dags/example_skip_dag.py
[2025-09-29T14:37:30.173+0000] {processor.py:914} INFO - Processing file /home/airflow/.local/lib/python3.12/site-packages/airflow/example_dags/example_skip_dag.py for tasks to queue
[2025-09-29T14:37:30.175+0000] {logging_mixin.py:190} INFO - [2025-09-29T14:37:30.175+0000] {dagbag.py:588} INFO - Filling up the DagBag from /home/airflow/.local/lib/python3.12/site-packages/airflow/example_dags/example_skip_dag.py
[2025-09-29T14:37:30.179+0000] {processor.py:925} INFO - DAG(s) 'example_skip_dag' retrieved from /home/airflow/.local/lib/python3.12/site-packages/airflow/example_dags/example_skip_dag.py
[2025-09-29T14:37:30.198+0000] {logging_mixin.py:190} INFO - [2025-09-29T14:37:30.198+0000] {dag.py:3239} INFO - Sync 1 DAGs
[2025-09-29T14:37:30.214+0000] {logging_mixin.py:190} INFO - [2025-09-29T14:37:30.214+0000] {dag.py:4180} INFO - Setting next_dagrun for example_skip_dag to 2025-09-28 00:00:00+00:00, run_after=2025-09-29 00:00:00+00:00
[2025-09-29T14:37:30.223+0000] {processor.py:208} INFO - Processing /home/airflow/.local/lib/python3.12/site-packages/airflow/example_dags/example_skip_dag.py took 0.053 seconds
[2025-09-29T14:38:00.562+0000] {processor.py:186} INFO - Started process (PID=495) to work on /home/airflow/.local/lib/python3.12/site-packages/airflow/example_dags/example_skip_dag.py
[2025-09-29T14:38:00.562+0000] {processor.py:914} INFO - Processing file /home/airflow/.local/lib/python3.12/site-packages/airflow/example_dags/example_skip_dag.py for tasks to queue
[2025-09-29T14:38:00.565+0000] {logging_mixin.py:190} INFO - [2025-09-29T14:38:00.565+0000] {dagbag.py:588} INFO - Filling up the DagBag from /home/airflow/.local/lib/python3.12/site-packages/airflow/example_dags/example_skip_dag.py
[2025-09-29T14:38:00.572+0000] {processor.py:925} INFO - DAG(s) 'example_skip_dag' retrieved from /home/airflow/.local/lib/python3.12/site-packages/airflow/example_dags/example_skip_dag.py
[2025-09-29T14:38:00.594+0000] {logging_mixin.py:190} INFO - [2025-09-29T14:38:00.594+0000] {dag.py:3239} INFO - Sync 1 DAGs
[2025-09-29T14:38:00.609+0000] {logging_mixin.py:190} INFO - [2025-09-29T14:38:00.609+0000] {dag.py:4180} INFO - Setting next_dagrun for example_skip_dag to 2025-09-28 00:00:00+00:00, run_after=2025-09-29 00:00:00+00:00
[2025-09-29T14:38:00.629+0000] {processor.py:208} INFO - Processing /home/airflow/.local/lib/python3.12/site-packages/airflow/example_dags/example_skip_dag.py took 0.070 seconds
[2025-09-29T14:38:31.001+0000] {processor.py:186} INFO - Started process (PID=567) to work on /home/airflow/.local/lib/python3.12/site-packages/airflow/example_dags/example_skip_dag.py
[2025-09-29T14:38:31.002+0000] {processor.py:914} INFO - Processing file /home/airflow/.local/lib/python3.12/site-packages/airflow/example_dags/example_skip_dag.py for tasks to queue
[2025-09-29T14:38:31.003+0000] {logging_mixin.py:190} INFO - [2025-09-29T14:38:31.003+0000] {dagbag.py:588} INFO - Filling up the DagBag from /home/airflow/.local/lib/python3.12/site-packages/airflow/example_dags/example_skip_dag.py
[2025-09-29T14:38:31.008+0000] {processor.py:925} INFO - DAG(s) 'example_skip_dag' retrieved from /home/airflow/.local/lib/python3.12/site-packages/airflow/example_dags/example_skip_dag.py
[2025-09-29T14:38:31.024+0000] {logging_mixin.py:190} INFO - [2025-09-29T14:38:31.024+0000] {dag.py:3239} INFO - Sync 1 DAGs
[2025-09-29T14:38:31.041+0000] {logging_mixin.py:190} INFO - [2025-09-29T14:38:31.040+0000] {dag.py:4180} INFO - Setting next_dagrun for example_skip_dag to 2025-09-28 00:00:00+00:00, run_after=2025-09-29 00:00:00+00:00
[2025-09-29T14:38:31.059+0000] {processor.py:208} INFO - Processing /home/airflow/.local/lib/python3.12/site-packages/airflow/example_dags/example_skip_dag.py took 0.062 seconds
[2025-09-29T14:39:01.362+0000] {processor.py:186} INFO - Started process (PID=636) to work on /home/airflow/.local/lib/python3.12/site-packages/airflow/example_dags/example_skip_dag.py
[2025-09-29T14:39:01.363+0000] {processor.py:914} INFO - Processing file /home/airflow/.local/lib/python3.12/site-packages/airflow/example_dags/example_skip_dag.py for tasks to queue
[2025-09-29T14:39:01.364+0000] {logging_mixin.py:190} INFO - [2025-09-29T14:39:01.364+0000] {dagbag.py:588} INFO - Filling up the DagBag from /home/airflow/.local/lib/python3.12/site-packages/airflow/example_dags/example_skip_dag.py
[2025-09-29T14:39:01.368+0000] {processor.py:925} INFO - DAG(s) 'example_skip_dag' retrieved from /home/airflow/.local/lib/python3.12/site-packages/airflow/example_dags/example_skip_dag.py
[2025-09-29T14:39:01.386+0000] {logging_mixin.py:190} INFO - [2025-09-29T14:39:01.386+0000] {dag.py:3239} INFO - Sync 1 DAGs
[2025-09-29T14:39:01.399+0000] {logging_mixin.py:190} INFO - [2025-09-29T14:39:01.399+0000] {dag.py:4180} INFO - Setting next_dagrun for example_skip_dag to 2025-09-28 00:00:00+00:00, run_after=2025-09-29 00:00:00+00:00
[2025-09-29T14:39:01.410+0000] {processor.py:208} INFO - Processing /home/airflow/.local/lib/python3.12/site-packages/airflow/example_dags/example_skip_dag.py took 0.052 seconds
[2025-09-29T14:39:31.916+0000] {processor.py:186} INFO - Started process (PID=699) to work on /home/airflow/.local/lib/python3.12/site-packages/airflow/example_dags/example_skip_dag.py
[2025-09-29T14:39:31.917+0000] {processor.py:914} INFO - Processing file /home/airflow/.local/lib/python3.12/site-packages/airflow/example_dags/example_skip_dag.py for tasks to queue
[2025-09-29T14:39:31.918+0000] {logging_mixin.py:190} INFO - [2025-09-29T14:39:31.918+0000] {dagbag.py:588} INFO - Filling up the DagBag from /home/airflow/.local/lib/python3.12/site-packages/airflow/example_dags/example_skip_dag.py
[2025-09-29T14:39:31.923+0000] {processor.py:925} INFO - DAG(s) 'example_skip_dag' retrieved from /home/airflow/.local/lib/python3.12/site-packages/airflow/example_dags/example_skip_dag.py
[2025-09-29T14:39:31.939+0000] {logging_mixin.py:190} INFO - [2025-09-29T14:39:31.939+0000] {dag.py:3239} INFO - Sync 1 DAGs
[2025-09-29T14:39:31.954+0000] {logging_mixin.py:190} INFO - [2025-09-29T14:39:31.954+0000] {dag.py:4180} INFO - Setting next_dagrun for example_skip_dag to 2025-09-28 00:00:00+00:00, run_after=2025-09-29 00:00:00+00:00
[2025-09-29T14:39:31.968+0000] {processor.py:208} INFO - Processing /home/airflow/.local/lib/python3.12/site-packages/airflow/example_dags/example_skip_dag.py took 0.056 seconds
[2025-09-29T14:40:02.434+0000] {processor.py:186} INFO - Started process (PID=763) to work on /home/airflow/.local/lib/python3.12/site-packages/airflow/example_dags/example_skip_dag.py
[2025-09-29T14:40:02.435+0000] {processor.py:914} INFO - Processing file /home/airflow/.local/lib/python3.12/site-packages/airflow/example_dags/example_skip_dag.py for tasks to queue
[2025-09-29T14:40:02.438+0000] {logging_mixin.py:190} INFO - [2025-09-29T14:40:02.438+0000] {dagbag.py:588} INFO - Filling up the DagBag from /home/airflow/.local/lib/python3.12/site-packages/airflow/example_dags/example_skip_dag.py
[2025-09-29T14:40:02.443+0000] {processor.py:925} INFO - DAG(s) 'example_skip_dag' retrieved from /home/airflow/.local/lib/python3.12/site-packages/airflow/example_dags/example_skip_dag.py
[2025-09-29T14:40:02.458+0000] {logging_mixin.py:190} INFO - [2025-09-29T14:40:02.458+0000] {dag.py:3239} INFO - Sync 1 DAGs
[2025-09-29T14:40:02.470+0000] {logging_mixin.py:190} INFO - [2025-09-29T14:40:02.470+0000] {dag.py:4180} INFO - Setting next_dagrun for example_skip_dag to 2025-09-28 00:00:00+00:00, run_after=2025-09-29 00:00:00+00:00
[2025-09-29T14:40:02.481+0000] {processor.py:208} INFO - Processing /home/airflow/.local/lib/python3.12/site-packages/airflow/example_dags/example_skip_dag.py took 0.049 seconds
[2025-09-29T14:40:32.829+0000] {processor.py:186} INFO - Started process (PID=826) to work on /home/airflow/.local/lib/python3.12/site-packages/airflow/example_dags/example_skip_dag.py
[2025-09-29T14:40:32.829+0000] {processor.py:914} INFO - Processing file /home/airflow/.local/lib/python3.12/site-packages/airflow/example_dags/example_skip_dag.py for tasks to queue
[2025-09-29T14:40:32.831+0000] {logging_mixin.py:190} INFO - [2025-09-29T14:40:32.831+0000] {dagbag.py:588} INFO - Filling up the DagBag from /home/airflow/.local/lib/python3.12/site-packages/airflow/example_dags/example_skip_dag.py
[2025-09-29T14:40:32.836+0000] {processor.py:925} INFO - DAG(s) 'example_skip_dag' retrieved from /home/airflow/.local/lib/python3.12/site-packages/airflow/example_dags/example_skip_dag.py
[2025-09-29T14:40:32.852+0000] {logging_mixin.py:190} INFO - [2025-09-29T14:40:32.852+0000] {dag.py:3239} INFO - Sync 1 DAGs
[2025-09-29T14:40:32.865+0000] {logging_mixin.py:190} INFO - [2025-09-29T14:40:32.865+0000] {dag.py:4180} INFO - Setting next_dagrun for example_skip_dag to 2025-09-28 00:00:00+00:00, run_after=2025-09-29 00:00:00+00:00
[2025-09-29T14:40:32.878+0000] {processor.py:208} INFO - Processing /home/airflow/.local/lib/python3.12/site-packages/airflow/example_dags/example_skip_dag.py took 0.054 seconds
[2025-09-29T14:41:03.308+0000] {processor.py:186} INFO - Started process (PID=892) to work on /home/airflow/.local/lib/python3.12/site-packages/airflow/example_dags/example_skip_dag.py
[2025-09-29T14:41:03.309+0000] {processor.py:914} INFO - Processing file /home/airflow/.local/lib/python3.12/site-packages/airflow/example_dags/example_skip_dag.py for tasks to queue
[2025-09-29T14:41:03.310+0000] {logging_mixin.py:190} INFO - [2025-09-29T14:41:03.310+0000] {dagbag.py:588} INFO - Filling up the DagBag from /home/airflow/.local/lib/python3.12/site-packages/airflow/example_dags/example_skip_dag.py
[2025-09-29T14:41:03.315+0000] {processor.py:925} INFO - DAG(s) 'example_skip_dag' retrieved from /home/airflow/.local/lib/python3.12/site-packages/airflow/example_dags/example_skip_dag.py
[2025-09-29T14:41:03.329+0000] {logging_mixin.py:190} INFO - [2025-09-29T14:41:03.329+0000] {dag.py:3239} INFO - Sync 1 DAGs
[2025-09-29T14:41:03.340+0000] {logging_mixin.py:190} INFO - [2025-09-29T14:41:03.340+0000] {dag.py:4180} INFO - Setting next_dagrun for example_skip_dag to 2025-09-28 00:00:00+00:00, run_after=2025-09-29 00:00:00+00:00
[2025-09-29T14:41:03.353+0000] {processor.py:208} INFO - Processing /home/airflow/.local/lib/python3.12/site-packages/airflow/example_dags/example_skip_dag.py took 0.048 seconds
[2025-09-29T14:41:33.483+0000] {processor.py:186} INFO - Started process (PID=956) to work on /home/airflow/.local/lib/python3.12/site-packages/airflow/example_dags/example_skip_dag.py
[2025-09-29T14:41:33.484+0000] {processor.py:914} INFO - Processing file /home/airflow/.local/lib/python3.12/site-packages/airflow/example_dags/example_skip_dag.py for tasks to queue
[2025-09-29T14:41:33.486+0000] {logging_mixin.py:190} INFO - [2025-09-29T14:41:33.485+0000] {dagbag.py:588} INFO - Filling up the DagBag from /home/airflow/.local/lib/python3.12/site-packages/airflow/example_dags/example_skip_dag.py
[2025-09-29T14:41:33.490+0000] {processor.py:925} INFO - DAG(s) 'example_skip_dag' retrieved from /home/airflow/.local/lib/python3.12/site-packages/airflow/example_dags/example_skip_dag.py
[2025-09-29T14:41:33.504+0000] {logging_mixin.py:190} INFO - [2025-09-29T14:41:33.504+0000] {dag.py:3239} INFO - Sync 1 DAGs
[2025-09-29T14:41:33.515+0000] {logging_mixin.py:190} INFO - [2025-09-29T14:41:33.515+0000] {dag.py:4180} INFO - Setting next_dagrun for example_skip_dag to 2025-09-28 00:00:00+00:00, run_after=2025-09-29 00:00:00+00:00
[2025-09-29T14:41:33.527+0000] {processor.py:208} INFO - Processing /home/airflow/.local/lib/python3.12/site-packages/airflow/example_dags/example_skip_dag.py took 0.047 seconds
[2025-09-29T14:42:04.010+0000] {processor.py:186} INFO - Started process (PID=1021) to work on /home/airflow/.local/lib/python3.12/site-packages/airflow/example_dags/example_skip_dag.py
[2025-09-29T14:42:04.011+0000] {processor.py:914} INFO - Processing file /home/airflow/.local/lib/python3.12/site-packages/airflow/example_dags/example_skip_dag.py for tasks to queue
[2025-09-29T14:42:04.013+0000] {logging_mixin.py:190} INFO - [2025-09-29T14:42:04.012+0000] {dagbag.py:588} INFO - Filling up the DagBag from /home/airflow/.local/lib/python3.12/site-packages/airflow/example_dags/example_skip_dag.py
[2025-09-29T14:42:04.017+0000] {processor.py:925} INFO - DAG(s) 'example_skip_dag' retrieved from /home/airflow/.local/lib/python3.12/site-packages/airflow/example_dags/example_skip_dag.py
[2025-09-29T14:42:04.030+0000] {logging_mixin.py:190} INFO - [2025-09-29T14:42:04.029+0000] {dag.py:3239} INFO - Sync 1 DAGs
[2025-09-29T14:42:04.042+0000] {logging_mixin.py:190} INFO - [2025-09-29T14:42:04.042+0000] {dag.py:4180} INFO - Setting next_dagrun for example_skip_dag to 2025-09-28 00:00:00+00:00, run_after=2025-09-29 00:00:00+00:00
[2025-09-29T14:42:04.052+0000] {processor.py:208} INFO - Processing /home/airflow/.local/lib/python3.12/site-packages/airflow/example_dags/example_skip_dag.py took 0.045 seconds
[2025-09-29T14:42:34.458+0000] {processor.py:186} INFO - Started process (PID=1085) to work on /home/airflow/.local/lib/python3.12/site-packages/airflow/example_dags/example_skip_dag.py
[2025-09-29T14:42:34.459+0000] {processor.py:914} INFO - Processing file /home/airflow/.local/lib/python3.12/site-packages/airflow/example_dags/example_skip_dag.py for tasks to queue
[2025-09-29T14:42:34.460+0000] {logging_mixin.py:190} INFO - [2025-09-29T14:42:34.460+0000] {dagbag.py:588} INFO - Filling up the DagBag from /home/airflow/.local/lib/python3.12/site-packages/airflow/example_dags/example_skip_dag.py
[2025-09-29T14:42:34.464+0000] {processor.py:925} INFO - DAG(s) 'example_skip_dag' retrieved from /home/airflow/.local/lib/python3.12/site-packages/airflow/example_dags/example_skip_dag.py
[2025-09-29T14:42:34.480+0000] {logging_mixin.py:190} INFO - [2025-09-29T14:42:34.480+0000] {dag.py:3239} INFO - Sync 1 DAGs
[2025-09-29T14:42:34.492+0000] {logging_mixin.py:190} INFO - [2025-09-29T14:42:34.492+0000] {dag.py:4180} INFO - Setting next_dagrun for example_skip_dag to 2025-09-28 00:00:00+00:00, run_after=2025-09-29 00:00:00+00:00
[2025-09-29T14:42:34.504+0000] {processor.py:208} INFO - Processing /home/airflow/.local/lib/python3.12/site-packages/airflow/example_dags/example_skip_dag.py took 0.049 seconds
[2025-09-29T14:43:04.762+0000] {processor.py:186} INFO - Started process (PID=1149) to work on /home/airflow/.local/lib/python3.12/site-packages/airflow/example_dags/example_skip_dag.py
[2025-09-29T14:43:04.763+0000] {processor.py:914} INFO - Processing file /home/airflow/.local/lib/python3.12/site-packages/airflow/example_dags/example_skip_dag.py for tasks to queue
[2025-09-29T14:43:04.764+0000] {logging_mixin.py:190} INFO - [2025-09-29T14:43:04.764+0000] {dagbag.py:588} INFO - Filling up the DagBag from /home/airflow/.local/lib/python3.12/site-packages/airflow/example_dags/example_skip_dag.py
[2025-09-29T14:43:04.769+0000] {processor.py:925} INFO - DAG(s) 'example_skip_dag' retrieved from /home/airflow/.local/lib/python3.12/site-packages/airflow/example_dags/example_skip_dag.py
[2025-09-29T14:43:04.787+0000] {logging_mixin.py:190} INFO - [2025-09-29T14:43:04.787+0000] {dag.py:3239} INFO - Sync 1 DAGs
[2025-09-29T14:43:04.800+0000] {logging_mixin.py:190} INFO - [2025-09-29T14:43:04.800+0000] {dag.py:4180} INFO - Setting next_dagrun for example_skip_dag to 2025-09-28 00:00:00+00:00, run_after=2025-09-29 00:00:00+00:00
[2025-09-29T14:43:04.817+0000] {processor.py:208} INFO - Processing /home/airflow/.local/lib/python3.12/site-packages/airflow/example_dags/example_skip_dag.py took 0.058 seconds
[2025-09-29T14:43:35.072+0000] {processor.py:186} INFO - Started process (PID=1213) to work on /home/airflow/.local/lib/python3.12/site-packages/airflow/example_dags/example_skip_dag.py
[2025-09-29T14:43:35.072+0000] {processor.py:914} INFO - Processing file /home/airflow/.local/lib/python3.12/site-packages/airflow/example_dags/example_skip_dag.py for tasks to queue
[2025-09-29T14:43:35.074+0000] {logging_mixin.py:190} INFO - [2025-09-29T14:43:35.074+0000] {dagbag.py:588} INFO - Filling up the DagBag from /home/airflow/.local/lib/python3.12/site-packages/airflow/example_dags/example_skip_dag.py
[2025-09-29T14:43:35.078+0000] {processor.py:925} INFO - DAG(s) 'example_skip_dag' retrieved from /home/airflow/.local/lib/python3.12/site-packages/airflow/example_dags/example_skip_dag.py
[2025-09-29T14:43:35.090+0000] {logging_mixin.py:190} INFO - [2025-09-29T14:43:35.090+0000] {dag.py:3239} INFO - Sync 1 DAGs
[2025-09-29T14:43:35.101+0000] {logging_mixin.py:190} INFO - [2025-09-29T14:43:35.100+0000] {dag.py:4180} INFO - Setting next_dagrun for example_skip_dag to 2025-09-28 00:00:00+00:00, run_after=2025-09-29 00:00:00+00:00
[2025-09-29T14:43:35.114+0000] {processor.py:208} INFO - Processing /home/airflow/.local/lib/python3.12/site-packages/airflow/example_dags/example_skip_dag.py took 0.045 seconds
[2025-09-29T14:44:05.231+0000] {processor.py:186} INFO - Started process (PID=1277) to work on /home/airflow/.local/lib/python3.12/site-packages/airflow/example_dags/example_skip_dag.py
[2025-09-29T14:44:05.232+0000] {processor.py:914} INFO - Processing file /home/airflow/.local/lib/python3.12/site-packages/airflow/example_dags/example_skip_dag.py for tasks to queue
[2025-09-29T14:44:05.233+0000] {logging_mixin.py:190} INFO - [2025-09-29T14:44:05.233+0000] {dagbag.py:588} INFO - Filling up the DagBag from /home/airflow/.local/lib/python3.12/site-packages/airflow/example_dags/example_skip_dag.py
[2025-09-29T14:44:05.237+0000] {processor.py:925} INFO - DAG(s) 'example_skip_dag' retrieved from /home/airflow/.local/lib/python3.12/site-packages/airflow/example_dags/example_skip_dag.py
[2025-09-29T14:44:05.248+0000] {logging_mixin.py:190} INFO - [2025-09-29T14:44:05.248+0000] {dag.py:3239} INFO - Sync 1 DAGs
[2025-09-29T14:44:05.260+0000] {logging_mixin.py:190} INFO - [2025-09-29T14:44:05.260+0000] {dag.py:4180} INFO - Setting next_dagrun for example_skip_dag to 2025-09-28 00:00:00+00:00, run_after=2025-09-29 00:00:00+00:00
[2025-09-29T14:44:05.273+0000] {processor.py:208} INFO - Processing /home/airflow/.local/lib/python3.12/site-packages/airflow/example_dags/example_skip_dag.py took 0.045 seconds
[2025-09-29T14:44:36.120+0000] {processor.py:186} INFO - Started process (PID=1340) to work on /home/airflow/.local/lib/python3.12/site-packages/airflow/example_dags/example_skip_dag.py
[2025-09-29T14:44:36.121+0000] {processor.py:914} INFO - Processing file /home/airflow/.local/lib/python3.12/site-packages/airflow/example_dags/example_skip_dag.py for tasks to queue
[2025-09-29T14:44:36.122+0000] {logging_mixin.py:190} INFO - [2025-09-29T14:44:36.122+0000] {dagbag.py:588} INFO - Filling up the DagBag from /home/airflow/.local/lib/python3.12/site-packages/airflow/example_dags/example_skip_dag.py
[2025-09-29T14:44:36.126+0000] {processor.py:925} INFO - DAG(s) 'example_skip_dag' retrieved from /home/airflow/.local/lib/python3.12/site-packages/airflow/example_dags/example_skip_dag.py
[2025-09-29T14:44:36.136+0000] {logging_mixin.py:190} INFO - [2025-09-29T14:44:36.136+0000] {dag.py:3239} INFO - Sync 1 DAGs
[2025-09-29T14:44:36.146+0000] {logging_mixin.py:190} INFO - [2025-09-29T14:44:36.146+0000] {dag.py:4180} INFO - Setting next_dagrun for example_skip_dag to 2025-09-28 00:00:00+00:00, run_after=2025-09-29 00:00:00+00:00
[2025-09-29T14:44:36.154+0000] {processor.py:208} INFO - Processing /home/airflow/.local/lib/python3.12/site-packages/airflow/example_dags/example_skip_dag.py took 0.036 seconds
[2025-09-29T14:45:06.549+0000] {processor.py:186} INFO - Started process (PID=1404) to work on /home/airflow/.local/lib/python3.12/site-packages/airflow/example_dags/example_skip_dag.py
[2025-09-29T14:45:06.549+0000] {processor.py:914} INFO - Processing file /home/airflow/.local/lib/python3.12/site-packages/airflow/example_dags/example_skip_dag.py for tasks to queue
[2025-09-29T14:45:06.551+0000] {logging_mixin.py:190} INFO - [2025-09-29T14:45:06.550+0000] {dagbag.py:588} INFO - Filling up the DagBag from /home/airflow/.local/lib/python3.12/site-packages/airflow/example_dags/example_skip_dag.py
[2025-09-29T14:45:06.555+0000] {processor.py:925} INFO - DAG(s) 'example_skip_dag' retrieved from /home/airflow/.local/lib/python3.12/site-packages/airflow/example_dags/example_skip_dag.py
[2025-09-29T14:45:06.565+0000] {logging_mixin.py:190} INFO - [2025-09-29T14:45:06.565+0000] {dag.py:3239} INFO - Sync 1 DAGs
[2025-09-29T14:45:06.575+0000] {logging_mixin.py:190} INFO - [2025-09-29T14:45:06.575+0000] {dag.py:4180} INFO - Setting next_dagrun for example_skip_dag to 2025-09-28 00:00:00+00:00, run_after=2025-09-29 00:00:00+00:00
[2025-09-29T14:45:06.583+0000] {processor.py:208} INFO - Processing /home/airflow/.local/lib/python3.12/site-packages/airflow/example_dags/example_skip_dag.py took 0.037 seconds
[2025-09-29T14:45:36.899+0000] {processor.py:186} INFO - Started process (PID=1468) to work on /home/airflow/.local/lib/python3.12/site-packages/airflow/example_dags/example_skip_dag.py
[2025-09-29T14:45:36.899+0000] {processor.py:914} INFO - Processing file /home/airflow/.local/lib/python3.12/site-packages/airflow/example_dags/example_skip_dag.py for tasks to queue
[2025-09-29T14:45:36.901+0000] {logging_mixin.py:190} INFO - [2025-09-29T14:45:36.901+0000] {dagbag.py:588} INFO - Filling up the DagBag from /home/airflow/.local/lib/python3.12/site-packages/airflow/example_dags/example_skip_dag.py
[2025-09-29T14:45:36.906+0000] {processor.py:925} INFO - DAG(s) 'example_skip_dag' retrieved from /home/airflow/.local/lib/python3.12/site-packages/airflow/example_dags/example_skip_dag.py
[2025-09-29T14:45:36.919+0000] {logging_mixin.py:190} INFO - [2025-09-29T14:45:36.919+0000] {dag.py:3239} INFO - Sync 1 DAGs
[2025-09-29T14:45:36.936+0000] {logging_mixin.py:190} INFO - [2025-09-29T14:45:36.935+0000] {dag.py:4180} INFO - Setting next_dagrun for example_skip_dag to 2025-09-28 00:00:00+00:00, run_after=2025-09-29 00:00:00+00:00
[2025-09-29T14:45:36.948+0000] {processor.py:208} INFO - Processing /home/airflow/.local/lib/python3.12/site-packages/airflow/example_dags/example_skip_dag.py took 0.053 seconds
[2025-09-29T14:46:07.360+0000] {processor.py:186} INFO - Started process (PID=1532) to work on /home/airflow/.local/lib/python3.12/site-packages/airflow/example_dags/example_skip_dag.py
[2025-09-29T14:46:07.361+0000] {processor.py:914} INFO - Processing file /home/airflow/.local/lib/python3.12/site-packages/airflow/example_dags/example_skip_dag.py for tasks to queue
[2025-09-29T14:46:07.362+0000] {logging_mixin.py:190} INFO - [2025-09-29T14:46:07.362+0000] {dagbag.py:588} INFO - Filling up the DagBag from /home/airflow/.local/lib/python3.12/site-packages/airflow/example_dags/example_skip_dag.py
[2025-09-29T14:46:07.367+0000] {processor.py:925} INFO - DAG(s) 'example_skip_dag' retrieved from /home/airflow/.local/lib/python3.12/site-packages/airflow/example_dags/example_skip_dag.py
[2025-09-29T14:46:07.382+0000] {logging_mixin.py:190} INFO - [2025-09-29T14:46:07.382+0000] {dag.py:3239} INFO - Sync 1 DAGs
[2025-09-29T14:46:07.397+0000] {logging_mixin.py:190} INFO - [2025-09-29T14:46:07.397+0000] {dag.py:4180} INFO - Setting next_dagrun for example_skip_dag to 2025-09-28 00:00:00+00:00, run_after=2025-09-29 00:00:00+00:00
[2025-09-29T14:46:07.412+0000] {processor.py:208} INFO - Processing /home/airflow/.local/lib/python3.12/site-packages/airflow/example_dags/example_skip_dag.py took 0.055 seconds
[2025-09-29T14:46:38.019+0000] {processor.py:186} INFO - Started process (PID=1596) to work on /home/airflow/.local/lib/python3.12/site-packages/airflow/example_dags/example_skip_dag.py
[2025-09-29T14:46:38.020+0000] {processor.py:914} INFO - Processing file /home/airflow/.local/lib/python3.12/site-packages/airflow/example_dags/example_skip_dag.py for tasks to queue
[2025-09-29T14:46:38.021+0000] {logging_mixin.py:190} INFO - [2025-09-29T14:46:38.021+0000] {dagbag.py:588} INFO - Filling up the DagBag from /home/airflow/.local/lib/python3.12/site-packages/airflow/example_dags/example_skip_dag.py
[2025-09-29T14:46:38.025+0000] {processor.py:925} INFO - DAG(s) 'example_skip_dag' retrieved from /home/airflow/.local/lib/python3.12/site-packages/airflow/example_dags/example_skip_dag.py
[2025-09-29T14:46:38.040+0000] {logging_mixin.py:190} INFO - [2025-09-29T14:46:38.040+0000] {dag.py:3239} INFO - Sync 1 DAGs
[2025-09-29T14:46:38.053+0000] {logging_mixin.py:190} INFO - [2025-09-29T14:46:38.053+0000] {dag.py:4180} INFO - Setting next_dagrun for example_skip_dag to 2025-09-28 00:00:00+00:00, run_after=2025-09-29 00:00:00+00:00
[2025-09-29T14:46:38.067+0000] {processor.py:208} INFO - Processing /home/airflow/.local/lib/python3.12/site-packages/airflow/example_dags/example_skip_dag.py took 0.051 seconds
[2025-09-29T14:47:08.487+0000] {processor.py:186} INFO - Started process (PID=1660) to work on /home/airflow/.local/lib/python3.12/site-packages/airflow/example_dags/example_skip_dag.py
[2025-09-29T14:47:08.487+0000] {processor.py:914} INFO - Processing file /home/airflow/.local/lib/python3.12/site-packages/airflow/example_dags/example_skip_dag.py for tasks to queue
[2025-09-29T14:47:08.489+0000] {logging_mixin.py:190} INFO - [2025-09-29T14:47:08.488+0000] {dagbag.py:588} INFO - Filling up the DagBag from /home/airflow/.local/lib/python3.12/site-packages/airflow/example_dags/example_skip_dag.py
[2025-09-29T14:47:08.493+0000] {processor.py:925} INFO - DAG(s) 'example_skip_dag' retrieved from /home/airflow/.local/lib/python3.12/site-packages/airflow/example_dags/example_skip_dag.py
[2025-09-29T14:47:08.504+0000] {logging_mixin.py:190} INFO - [2025-09-29T14:47:08.504+0000] {dag.py:3239} INFO - Sync 1 DAGs
[2025-09-29T14:47:08.516+0000] {logging_mixin.py:190} INFO - [2025-09-29T14:47:08.515+0000] {dag.py:4180} INFO - Setting next_dagrun for example_skip_dag to 2025-09-28 00:00:00+00:00, run_after=2025-09-29 00:00:00+00:00
[2025-09-29T14:47:08.531+0000] {processor.py:208} INFO - Processing /home/airflow/.local/lib/python3.12/site-packages/airflow/example_dags/example_skip_dag.py took 0.048 seconds
[2025-09-29T14:47:38.977+0000] {processor.py:186} INFO - Started process (PID=1724) to work on /home/airflow/.local/lib/python3.12/site-packages/airflow/example_dags/example_skip_dag.py
[2025-09-29T14:47:38.978+0000] {processor.py:914} INFO - Processing file /home/airflow/.local/lib/python3.12/site-packages/airflow/example_dags/example_skip_dag.py for tasks to queue
[2025-09-29T14:47:38.979+0000] {logging_mixin.py:190} INFO - [2025-09-29T14:47:38.979+0000] {dagbag.py:588} INFO - Filling up the DagBag from /home/airflow/.local/lib/python3.12/site-packages/airflow/example_dags/example_skip_dag.py
[2025-09-29T14:47:38.983+0000] {processor.py:925} INFO - DAG(s) 'example_skip_dag' retrieved from /home/airflow/.local/lib/python3.12/site-packages/airflow/example_dags/example_skip_dag.py
[2025-09-29T14:47:38.994+0000] {logging_mixin.py:190} INFO - [2025-09-29T14:47:38.994+0000] {dag.py:3239} INFO - Sync 1 DAGs
[2025-09-29T14:47:39.004+0000] {logging_mixin.py:190} INFO - [2025-09-29T14:47:39.004+0000] {dag.py:4180} INFO - Setting next_dagrun for example_skip_dag to 2025-09-28 00:00:00+00:00, run_after=2025-09-29 00:00:00+00:00
[2025-09-29T14:47:39.012+0000] {processor.py:208} INFO - Processing /home/airflow/.local/lib/python3.12/site-packages/airflow/example_dags/example_skip_dag.py took 0.038 seconds
[2025-09-29T14:48:09.251+0000] {processor.py:186} INFO - Started process (PID=1788) to work on /home/airflow/.local/lib/python3.12/site-packages/airflow/example_dags/example_skip_dag.py
[2025-09-29T14:48:09.251+0000] {processor.py:914} INFO - Processing file /home/airflow/.local/lib/python3.12/site-packages/airflow/example_dags/example_skip_dag.py for tasks to queue
[2025-09-29T14:48:09.253+0000] {logging_mixin.py:190} INFO - [2025-09-29T14:48:09.253+0000] {dagbag.py:588} INFO - Filling up the DagBag from /home/airflow/.local/lib/python3.12/site-packages/airflow/example_dags/example_skip_dag.py
[2025-09-29T14:48:09.257+0000] {processor.py:925} INFO - DAG(s) 'example_skip_dag' retrieved from /home/airflow/.local/lib/python3.12/site-packages/airflow/example_dags/example_skip_dag.py
[2025-09-29T14:48:09.271+0000] {logging_mixin.py:190} INFO - [2025-09-29T14:48:09.271+0000] {dag.py:3239} INFO - Sync 1 DAGs
[2025-09-29T14:48:09.283+0000] {logging_mixin.py:190} INFO - [2025-09-29T14:48:09.283+0000] {dag.py:4180} INFO - Setting next_dagrun for example_skip_dag to 2025-09-28 00:00:00+00:00, run_after=2025-09-29 00:00:00+00:00
[2025-09-29T14:48:09.298+0000] {processor.py:208} INFO - Processing /home/airflow/.local/lib/python3.12/site-packages/airflow/example_dags/example_skip_dag.py took 0.050 seconds
[2025-09-29T14:48:39.790+0000] {processor.py:186} INFO - Started process (PID=1852) to work on /home/airflow/.local/lib/python3.12/site-packages/airflow/example_dags/example_skip_dag.py
[2025-09-29T14:48:39.791+0000] {processor.py:914} INFO - Processing file /home/airflow/.local/lib/python3.12/site-packages/airflow/example_dags/example_skip_dag.py for tasks to queue
[2025-09-29T14:48:39.792+0000] {logging_mixin.py:190} INFO - [2025-09-29T14:48:39.792+0000] {dagbag.py:588} INFO - Filling up the DagBag from /home/airflow/.local/lib/python3.12/site-packages/airflow/example_dags/example_skip_dag.py
[2025-09-29T14:48:39.797+0000] {processor.py:925} INFO - DAG(s) 'example_skip_dag' retrieved from /home/airflow/.local/lib/python3.12/site-packages/airflow/example_dags/example_skip_dag.py
[2025-09-29T14:48:39.807+0000] {logging_mixin.py:190} INFO - [2025-09-29T14:48:39.807+0000] {dag.py:3239} INFO - Sync 1 DAGs
[2025-09-29T14:48:39.819+0000] {logging_mixin.py:190} INFO - [2025-09-29T14:48:39.818+0000] {dag.py:4180} INFO - Setting next_dagrun for example_skip_dag to 2025-09-28 00:00:00+00:00, run_after=2025-09-29 00:00:00+00:00
[2025-09-29T14:48:39.828+0000] {processor.py:208} INFO - Processing /home/airflow/.local/lib/python3.12/site-packages/airflow/example_dags/example_skip_dag.py took 0.040 seconds
[2025-09-29T14:49:09.889+0000] {processor.py:186} INFO - Started process (PID=1916) to work on /home/airflow/.local/lib/python3.12/site-packages/airflow/example_dags/example_skip_dag.py
[2025-09-29T14:49:09.889+0000] {processor.py:914} INFO - Processing file /home/airflow/.local/lib/python3.12/site-packages/airflow/example_dags/example_skip_dag.py for tasks to queue
[2025-09-29T14:49:09.890+0000] {logging_mixin.py:190} INFO - [2025-09-29T14:49:09.890+0000] {dagbag.py:588} INFO - Filling up the DagBag from /home/airflow/.local/lib/python3.12/site-packages/airflow/example_dags/example_skip_dag.py
[2025-09-29T14:49:09.895+0000] {processor.py:925} INFO - DAG(s) 'example_skip_dag' retrieved from /home/airflow/.local/lib/python3.12/site-packages/airflow/example_dags/example_skip_dag.py
[2025-09-29T14:49:09.906+0000] {logging_mixin.py:190} INFO - [2025-09-29T14:49:09.906+0000] {dag.py:3239} INFO - Sync 1 DAGs
[2025-09-29T14:49:09.917+0000] {logging_mixin.py:190} INFO - [2025-09-29T14:49:09.917+0000] {dag.py:4180} INFO - Setting next_dagrun for example_skip_dag to 2025-09-28 00:00:00+00:00, run_after=2025-09-29 00:00:00+00:00
[2025-09-29T14:49:09.929+0000] {processor.py:208} INFO - Processing /home/airflow/.local/lib/python3.12/site-packages/airflow/example_dags/example_skip_dag.py took 0.043 seconds
[2025-09-29T14:49:40.349+0000] {processor.py:186} INFO - Started process (PID=1980) to work on /home/airflow/.local/lib/python3.12/site-packages/airflow/example_dags/example_skip_dag.py
[2025-09-29T14:49:40.350+0000] {processor.py:914} INFO - Processing file /home/airflow/.local/lib/python3.12/site-packages/airflow/example_dags/example_skip_dag.py for tasks to queue
[2025-09-29T14:49:40.351+0000] {logging_mixin.py:190} INFO - [2025-09-29T14:49:40.351+0000] {dagbag.py:588} INFO - Filling up the DagBag from /home/airflow/.local/lib/python3.12/site-packages/airflow/example_dags/example_skip_dag.py
[2025-09-29T14:49:40.355+0000] {processor.py:925} INFO - DAG(s) 'example_skip_dag' retrieved from /home/airflow/.local/lib/python3.12/site-packages/airflow/example_dags/example_skip_dag.py
[2025-09-29T14:49:40.366+0000] {logging_mixin.py:190} INFO - [2025-09-29T14:49:40.366+0000] {dag.py:3239} INFO - Sync 1 DAGs
[2025-09-29T14:49:40.377+0000] {logging_mixin.py:190} INFO - [2025-09-29T14:49:40.377+0000] {dag.py:4180} INFO - Setting next_dagrun for example_skip_dag to 2025-09-28 00:00:00+00:00, run_after=2025-09-29 00:00:00+00:00
[2025-09-29T14:49:40.385+0000] {processor.py:208} INFO - Processing /home/airflow/.local/lib/python3.12/site-packages/airflow/example_dags/example_skip_dag.py took 0.038 seconds
[2025-09-29T14:50:10.731+0000] {processor.py:186} INFO - Started process (PID=2044) to work on /home/airflow/.local/lib/python3.12/site-packages/airflow/example_dags/example_skip_dag.py
[2025-09-29T14:50:10.731+0000] {processor.py:914} INFO - Processing file /home/airflow/.local/lib/python3.12/site-packages/airflow/example_dags/example_skip_dag.py for tasks to queue
[2025-09-29T14:50:10.732+0000] {logging_mixin.py:190} INFO - [2025-09-29T14:50:10.732+0000] {dagbag.py:588} INFO - Filling up the DagBag from /home/airflow/.local/lib/python3.12/site-packages/airflow/example_dags/example_skip_dag.py
[2025-09-29T14:50:10.737+0000] {processor.py:925} INFO - DAG(s) 'example_skip_dag' retrieved from /home/airflow/.local/lib/python3.12/site-packages/airflow/example_dags/example_skip_dag.py
[2025-09-29T14:50:10.747+0000] {logging_mixin.py:190} INFO - [2025-09-29T14:50:10.747+0000] {dag.py:3239} INFO - Sync 1 DAGs
[2025-09-29T14:50:10.757+0000] {logging_mixin.py:190} INFO - [2025-09-29T14:50:10.757+0000] {dag.py:4180} INFO - Setting next_dagrun for example_skip_dag to 2025-09-28 00:00:00+00:00, run_after=2025-09-29 00:00:00+00:00
[2025-09-29T14:50:10.765+0000] {processor.py:208} INFO - Processing /home/airflow/.local/lib/python3.12/site-packages/airflow/example_dags/example_skip_dag.py took 0.037 seconds
[2025-09-29T14:50:40.985+0000] {processor.py:186} INFO - Started process (PID=2108) to work on /home/airflow/.local/lib/python3.12/site-packages/airflow/example_dags/example_skip_dag.py
[2025-09-29T14:50:40.986+0000] {processor.py:914} INFO - Processing file /home/airflow/.local/lib/python3.12/site-packages/airflow/example_dags/example_skip_dag.py for tasks to queue
[2025-09-29T14:50:40.987+0000] {logging_mixin.py:190} INFO - [2025-09-29T14:50:40.987+0000] {dagbag.py:588} INFO - Filling up the DagBag from /home/airflow/.local/lib/python3.12/site-packages/airflow/example_dags/example_skip_dag.py
[2025-09-29T14:50:40.991+0000] {processor.py:925} INFO - DAG(s) 'example_skip_dag' retrieved from /home/airflow/.local/lib/python3.12/site-packages/airflow/example_dags/example_skip_dag.py
[2025-09-29T14:50:41.001+0000] {logging_mixin.py:190} INFO - [2025-09-29T14:50:41.001+0000] {dag.py:3239} INFO - Sync 1 DAGs
[2025-09-29T14:50:41.012+0000] {logging_mixin.py:190} INFO - [2025-09-29T14:50:41.012+0000] {dag.py:4180} INFO - Setting next_dagrun for example_skip_dag to 2025-09-28 00:00:00+00:00, run_after=2025-09-29 00:00:00+00:00
[2025-09-29T14:50:41.020+0000] {processor.py:208} INFO - Processing /home/airflow/.local/lib/python3.12/site-packages/airflow/example_dags/example_skip_dag.py took 0.038 seconds
[2025-09-29T14:51:11.262+0000] {processor.py:186} INFO - Started process (PID=2172) to work on /home/airflow/.local/lib/python3.12/site-packages/airflow/example_dags/example_skip_dag.py
[2025-09-29T14:51:11.262+0000] {processor.py:914} INFO - Processing file /home/airflow/.local/lib/python3.12/site-packages/airflow/example_dags/example_skip_dag.py for tasks to queue
[2025-09-29T14:51:11.263+0000] {logging_mixin.py:190} INFO - [2025-09-29T14:51:11.263+0000] {dagbag.py:588} INFO - Filling up the DagBag from /home/airflow/.local/lib/python3.12/site-packages/airflow/example_dags/example_skip_dag.py
[2025-09-29T14:51:11.268+0000] {processor.py:925} INFO - DAG(s) 'example_skip_dag' retrieved from /home/airflow/.local/lib/python3.12/site-packages/airflow/example_dags/example_skip_dag.py
[2025-09-29T14:51:11.281+0000] {logging_mixin.py:190} INFO - [2025-09-29T14:51:11.281+0000] {dag.py:3239} INFO - Sync 1 DAGs
[2025-09-29T14:51:11.292+0000] {logging_mixin.py:190} INFO - [2025-09-29T14:51:11.292+0000] {dag.py:4180} INFO - Setting next_dagrun for example_skip_dag to 2025-09-28 00:00:00+00:00, run_after=2025-09-29 00:00:00+00:00
[2025-09-29T14:51:11.303+0000] {processor.py:208} INFO - Processing /home/airflow/.local/lib/python3.12/site-packages/airflow/example_dags/example_skip_dag.py took 0.044 seconds
[2025-09-29T14:51:41.584+0000] {processor.py:186} INFO - Started process (PID=2236) to work on /home/airflow/.local/lib/python3.12/site-packages/airflow/example_dags/example_skip_dag.py
[2025-09-29T14:51:41.584+0000] {processor.py:914} INFO - Processing file /home/airflow/.local/lib/python3.12/site-packages/airflow/example_dags/example_skip_dag.py for tasks to queue
[2025-09-29T14:51:41.586+0000] {logging_mixin.py:190} INFO - [2025-09-29T14:51:41.586+0000] {dagbag.py:588} INFO - Filling up the DagBag from /home/airflow/.local/lib/python3.12/site-packages/airflow/example_dags/example_skip_dag.py
[2025-09-29T14:51:41.590+0000] {processor.py:925} INFO - DAG(s) 'example_skip_dag' retrieved from /home/airflow/.local/lib/python3.12/site-packages/airflow/example_dags/example_skip_dag.py
[2025-09-29T14:51:41.602+0000] {logging_mixin.py:190} INFO - [2025-09-29T14:51:41.602+0000] {dag.py:3239} INFO - Sync 1 DAGs
[2025-09-29T14:51:41.613+0000] {logging_mixin.py:190} INFO - [2025-09-29T14:51:41.613+0000] {dag.py:4180} INFO - Setting next_dagrun for example_skip_dag to 2025-09-28 00:00:00+00:00, run_after=2025-09-29 00:00:00+00:00
[2025-09-29T14:51:41.622+0000] {processor.py:208} INFO - Processing /home/airflow/.local/lib/python3.12/site-packages/airflow/example_dags/example_skip_dag.py took 0.041 seconds
[2025-09-29T14:52:11.925+0000] {processor.py:186} INFO - Started process (PID=2299) to work on /home/airflow/.local/lib/python3.12/site-packages/airflow/example_dags/example_skip_dag.py
[2025-09-29T14:52:11.931+0000] {processor.py:914} INFO - Processing file /home/airflow/.local/lib/python3.12/site-packages/airflow/example_dags/example_skip_dag.py for tasks to queue
[2025-09-29T14:52:11.932+0000] {logging_mixin.py:190} INFO - [2025-09-29T14:52:11.932+0000] {dagbag.py:588} INFO - Filling up the DagBag from /home/airflow/.local/lib/python3.12/site-packages/airflow/example_dags/example_skip_dag.py
[2025-09-29T14:52:11.939+0000] {processor.py:925} INFO - DAG(s) 'example_skip_dag' retrieved from /home/airflow/.local/lib/python3.12/site-packages/airflow/example_dags/example_skip_dag.py
[2025-09-29T14:52:11.953+0000] {logging_mixin.py:190} INFO - [2025-09-29T14:52:11.953+0000] {dag.py:3239} INFO - Sync 1 DAGs
[2025-09-29T14:52:11.965+0000] {logging_mixin.py:190} INFO - [2025-09-29T14:52:11.965+0000] {dag.py:4180} INFO - Setting next_dagrun for example_skip_dag to 2025-09-28 00:00:00+00:00, run_after=2025-09-29 00:00:00+00:00
[2025-09-29T14:52:11.976+0000] {processor.py:208} INFO - Processing /home/airflow/.local/lib/python3.12/site-packages/airflow/example_dags/example_skip_dag.py took 0.056 seconds
[2025-09-29T14:52:42.116+0000] {processor.py:186} INFO - Started process (PID=2362) to work on /home/airflow/.local/lib/python3.12/site-packages/airflow/example_dags/example_skip_dag.py
[2025-09-29T14:52:42.117+0000] {processor.py:914} INFO - Processing file /home/airflow/.local/lib/python3.12/site-packages/airflow/example_dags/example_skip_dag.py for tasks to queue
[2025-09-29T14:52:42.121+0000] {logging_mixin.py:190} INFO - [2025-09-29T14:52:42.121+0000] {dagbag.py:588} INFO - Filling up the DagBag from /home/airflow/.local/lib/python3.12/site-packages/airflow/example_dags/example_skip_dag.py
[2025-09-29T14:52:42.128+0000] {processor.py:925} INFO - DAG(s) 'example_skip_dag' retrieved from /home/airflow/.local/lib/python3.12/site-packages/airflow/example_dags/example_skip_dag.py
[2025-09-29T14:52:42.142+0000] {logging_mixin.py:190} INFO - [2025-09-29T14:52:42.142+0000] {dag.py:3239} INFO - Sync 1 DAGs
[2025-09-29T14:52:42.155+0000] {logging_mixin.py:190} INFO - [2025-09-29T14:52:42.155+0000] {dag.py:4180} INFO - Setting next_dagrun for example_skip_dag to 2025-09-28 00:00:00+00:00, run_after=2025-09-29 00:00:00+00:00
[2025-09-29T14:52:42.165+0000] {processor.py:208} INFO - Processing /home/airflow/.local/lib/python3.12/site-packages/airflow/example_dags/example_skip_dag.py took 0.055 seconds
[2025-09-29T14:53:12.298+0000] {processor.py:186} INFO - Started process (PID=2425) to work on /home/airflow/.local/lib/python3.12/site-packages/airflow/example_dags/example_skip_dag.py
[2025-09-29T14:53:12.306+0000] {processor.py:914} INFO - Processing file /home/airflow/.local/lib/python3.12/site-packages/airflow/example_dags/example_skip_dag.py for tasks to queue
[2025-09-29T14:53:12.306+0000] {logging_mixin.py:190} INFO - [2025-09-29T14:53:12.306+0000] {dagbag.py:588} INFO - Filling up the DagBag from /home/airflow/.local/lib/python3.12/site-packages/airflow/example_dags/example_skip_dag.py
[2025-09-29T14:53:12.313+0000] {processor.py:925} INFO - DAG(s) 'example_skip_dag' retrieved from /home/airflow/.local/lib/python3.12/site-packages/airflow/example_dags/example_skip_dag.py
[2025-09-29T14:53:12.330+0000] {logging_mixin.py:190} INFO - [2025-09-29T14:53:12.330+0000] {dag.py:3239} INFO - Sync 1 DAGs
[2025-09-29T14:53:12.343+0000] {logging_mixin.py:190} INFO - [2025-09-29T14:53:12.342+0000] {dag.py:4180} INFO - Setting next_dagrun for example_skip_dag to 2025-09-28 00:00:00+00:00, run_after=2025-09-29 00:00:00+00:00
[2025-09-29T14:53:12.352+0000] {processor.py:208} INFO - Processing /home/airflow/.local/lib/python3.12/site-packages/airflow/example_dags/example_skip_dag.py took 0.059 seconds
[2025-09-29T14:53:42.528+0000] {processor.py:186} INFO - Started process (PID=2488) to work on /home/airflow/.local/lib/python3.12/site-packages/airflow/example_dags/example_skip_dag.py
[2025-09-29T14:53:42.530+0000] {processor.py:914} INFO - Processing file /home/airflow/.local/lib/python3.12/site-packages/airflow/example_dags/example_skip_dag.py for tasks to queue
[2025-09-29T14:53:42.531+0000] {logging_mixin.py:190} INFO - [2025-09-29T14:53:42.531+0000] {dagbag.py:588} INFO - Filling up the DagBag from /home/airflow/.local/lib/python3.12/site-packages/airflow/example_dags/example_skip_dag.py
[2025-09-29T14:53:42.537+0000] {processor.py:925} INFO - DAG(s) 'example_skip_dag' retrieved from /home/airflow/.local/lib/python3.12/site-packages/airflow/example_dags/example_skip_dag.py
[2025-09-29T14:53:42.553+0000] {logging_mixin.py:190} INFO - [2025-09-29T14:53:42.553+0000] {dag.py:3239} INFO - Sync 1 DAGs
[2025-09-29T14:53:42.566+0000] {logging_mixin.py:190} INFO - [2025-09-29T14:53:42.566+0000] {dag.py:4180} INFO - Setting next_dagrun for example_skip_dag to 2025-09-28 00:00:00+00:00, run_after=2025-09-29 00:00:00+00:00
[2025-09-29T14:53:42.579+0000] {processor.py:208} INFO - Processing /home/airflow/.local/lib/python3.12/site-packages/airflow/example_dags/example_skip_dag.py took 0.056 seconds
[2025-09-29T14:54:12.808+0000] {processor.py:186} INFO - Started process (PID=2551) to work on /home/airflow/.local/lib/python3.12/site-packages/airflow/example_dags/example_skip_dag.py
[2025-09-29T14:54:12.809+0000] {processor.py:914} INFO - Processing file /home/airflow/.local/lib/python3.12/site-packages/airflow/example_dags/example_skip_dag.py for tasks to queue
[2025-09-29T14:54:12.811+0000] {logging_mixin.py:190} INFO - [2025-09-29T14:54:12.811+0000] {dagbag.py:588} INFO - Filling up the DagBag from /home/airflow/.local/lib/python3.12/site-packages/airflow/example_dags/example_skip_dag.py
[2025-09-29T14:54:12.817+0000] {processor.py:925} INFO - DAG(s) 'example_skip_dag' retrieved from /home/airflow/.local/lib/python3.12/site-packages/airflow/example_dags/example_skip_dag.py
[2025-09-29T14:54:12.834+0000] {logging_mixin.py:190} INFO - [2025-09-29T14:54:12.834+0000] {dag.py:3239} INFO - Sync 1 DAGs
[2025-09-29T14:54:12.847+0000] {logging_mixin.py:190} INFO - [2025-09-29T14:54:12.847+0000] {dag.py:4180} INFO - Setting next_dagrun for example_skip_dag to 2025-09-28 00:00:00+00:00, run_after=2025-09-29 00:00:00+00:00
[2025-09-29T14:54:12.858+0000] {processor.py:208} INFO - Processing /home/airflow/.local/lib/python3.12/site-packages/airflow/example_dags/example_skip_dag.py took 0.056 seconds
[2025-09-29T14:54:43.039+0000] {processor.py:186} INFO - Started process (PID=2614) to work on /home/airflow/.local/lib/python3.12/site-packages/airflow/example_dags/example_skip_dag.py
[2025-09-29T14:54:43.040+0000] {processor.py:914} INFO - Processing file /home/airflow/.local/lib/python3.12/site-packages/airflow/example_dags/example_skip_dag.py for tasks to queue
[2025-09-29T14:54:43.041+0000] {logging_mixin.py:190} INFO - [2025-09-29T14:54:43.041+0000] {dagbag.py:588} INFO - Filling up the DagBag from /home/airflow/.local/lib/python3.12/site-packages/airflow/example_dags/example_skip_dag.py
[2025-09-29T14:54:43.054+0000] {processor.py:925} INFO - DAG(s) 'example_skip_dag' retrieved from /home/airflow/.local/lib/python3.12/site-packages/airflow/example_dags/example_skip_dag.py
[2025-09-29T14:54:43.069+0000] {logging_mixin.py:190} INFO - [2025-09-29T14:54:43.069+0000] {dag.py:3239} INFO - Sync 1 DAGs
[2025-09-29T14:54:43.082+0000] {logging_mixin.py:190} INFO - [2025-09-29T14:54:43.082+0000] {dag.py:4180} INFO - Setting next_dagrun for example_skip_dag to 2025-09-28 00:00:00+00:00, run_after=2025-09-29 00:00:00+00:00
[2025-09-29T14:54:43.093+0000] {processor.py:208} INFO - Processing /home/airflow/.local/lib/python3.12/site-packages/airflow/example_dags/example_skip_dag.py took 0.059 seconds
[2025-09-29T14:55:13.479+0000] {processor.py:186} INFO - Started process (PID=2677) to work on /home/airflow/.local/lib/python3.12/site-packages/airflow/example_dags/example_skip_dag.py
[2025-09-29T14:55:13.483+0000] {processor.py:914} INFO - Processing file /home/airflow/.local/lib/python3.12/site-packages/airflow/example_dags/example_skip_dag.py for tasks to queue
[2025-09-29T14:55:13.486+0000] {logging_mixin.py:190} INFO - [2025-09-29T14:55:13.486+0000] {dagbag.py:588} INFO - Filling up the DagBag from /home/airflow/.local/lib/python3.12/site-packages/airflow/example_dags/example_skip_dag.py
[2025-09-29T14:55:13.491+0000] {processor.py:925} INFO - DAG(s) 'example_skip_dag' retrieved from /home/airflow/.local/lib/python3.12/site-packages/airflow/example_dags/example_skip_dag.py
[2025-09-29T14:55:13.504+0000] {logging_mixin.py:190} INFO - [2025-09-29T14:55:13.504+0000] {dag.py:3239} INFO - Sync 1 DAGs
[2025-09-29T14:55:13.520+0000] {logging_mixin.py:190} INFO - [2025-09-29T14:55:13.520+0000] {dag.py:4180} INFO - Setting next_dagrun for example_skip_dag to 2025-09-28 00:00:00+00:00, run_after=2025-09-29 00:00:00+00:00
[2025-09-29T14:55:13.533+0000] {processor.py:208} INFO - Processing /home/airflow/.local/lib/python3.12/site-packages/airflow/example_dags/example_skip_dag.py took 0.058 seconds
[2025-09-29T14:55:43.953+0000] {processor.py:186} INFO - Started process (PID=2739) to work on /home/airflow/.local/lib/python3.12/site-packages/airflow/example_dags/example_skip_dag.py
[2025-09-29T14:55:43.954+0000] {processor.py:914} INFO - Processing file /home/airflow/.local/lib/python3.12/site-packages/airflow/example_dags/example_skip_dag.py for tasks to queue
[2025-09-29T14:55:43.956+0000] {logging_mixin.py:190} INFO - [2025-09-29T14:55:43.955+0000] {dagbag.py:588} INFO - Filling up the DagBag from /home/airflow/.local/lib/python3.12/site-packages/airflow/example_dags/example_skip_dag.py
[2025-09-29T14:55:43.963+0000] {processor.py:925} INFO - DAG(s) 'example_skip_dag' retrieved from /home/airflow/.local/lib/python3.12/site-packages/airflow/example_dags/example_skip_dag.py
[2025-09-29T14:55:43.978+0000] {logging_mixin.py:190} INFO - [2025-09-29T14:55:43.978+0000] {dag.py:3239} INFO - Sync 1 DAGs
[2025-09-29T14:55:43.990+0000] {logging_mixin.py:190} INFO - [2025-09-29T14:55:43.990+0000] {dag.py:4180} INFO - Setting next_dagrun for example_skip_dag to 2025-09-28 00:00:00+00:00, run_after=2025-09-29 00:00:00+00:00
[2025-09-29T14:55:44.001+0000] {processor.py:208} INFO - Processing /home/airflow/.local/lib/python3.12/site-packages/airflow/example_dags/example_skip_dag.py took 0.055 seconds
[2025-09-29T14:56:14.529+0000] {processor.py:186} INFO - Started process (PID=2802) to work on /home/airflow/.local/lib/python3.12/site-packages/airflow/example_dags/example_skip_dag.py
[2025-09-29T14:56:14.529+0000] {processor.py:914} INFO - Processing file /home/airflow/.local/lib/python3.12/site-packages/airflow/example_dags/example_skip_dag.py for tasks to queue
[2025-09-29T14:56:14.531+0000] {logging_mixin.py:190} INFO - [2025-09-29T14:56:14.530+0000] {dagbag.py:588} INFO - Filling up the DagBag from /home/airflow/.local/lib/python3.12/site-packages/airflow/example_dags/example_skip_dag.py
[2025-09-29T14:56:14.539+0000] {processor.py:925} INFO - DAG(s) 'example_skip_dag' retrieved from /home/airflow/.local/lib/python3.12/site-packages/airflow/example_dags/example_skip_dag.py
[2025-09-29T14:56:14.556+0000] {logging_mixin.py:190} INFO - [2025-09-29T14:56:14.556+0000] {dag.py:3239} INFO - Sync 1 DAGs
[2025-09-29T14:56:14.571+0000] {logging_mixin.py:190} INFO - [2025-09-29T14:56:14.571+0000] {dag.py:4180} INFO - Setting next_dagrun for example_skip_dag to 2025-09-28 00:00:00+00:00, run_after=2025-09-29 00:00:00+00:00
[2025-09-29T14:56:14.582+0000] {processor.py:208} INFO - Processing /home/airflow/.local/lib/python3.12/site-packages/airflow/example_dags/example_skip_dag.py took 0.057 seconds
[2025-09-29T14:56:44.932+0000] {processor.py:186} INFO - Started process (PID=2865) to work on /home/airflow/.local/lib/python3.12/site-packages/airflow/example_dags/example_skip_dag.py
[2025-09-29T14:56:44.933+0000] {processor.py:914} INFO - Processing file /home/airflow/.local/lib/python3.12/site-packages/airflow/example_dags/example_skip_dag.py for tasks to queue
[2025-09-29T14:56:44.935+0000] {logging_mixin.py:190} INFO - [2025-09-29T14:56:44.934+0000] {dagbag.py:588} INFO - Filling up the DagBag from /home/airflow/.local/lib/python3.12/site-packages/airflow/example_dags/example_skip_dag.py
[2025-09-29T14:56:44.943+0000] {processor.py:925} INFO - DAG(s) 'example_skip_dag' retrieved from /home/airflow/.local/lib/python3.12/site-packages/airflow/example_dags/example_skip_dag.py
[2025-09-29T14:56:44.958+0000] {logging_mixin.py:190} INFO - [2025-09-29T14:56:44.957+0000] {dag.py:3239} INFO - Sync 1 DAGs
[2025-09-29T14:56:44.970+0000] {logging_mixin.py:190} INFO - [2025-09-29T14:56:44.970+0000] {dag.py:4180} INFO - Setting next_dagrun for example_skip_dag to 2025-09-28 00:00:00+00:00, run_after=2025-09-29 00:00:00+00:00
[2025-09-29T14:56:44.982+0000] {processor.py:208} INFO - Processing /home/airflow/.local/lib/python3.12/site-packages/airflow/example_dags/example_skip_dag.py took 0.055 seconds
[2025-09-29T14:57:15.375+0000] {processor.py:186} INFO - Started process (PID=2928) to work on /home/airflow/.local/lib/python3.12/site-packages/airflow/example_dags/example_skip_dag.py
[2025-09-29T14:57:15.380+0000] {processor.py:914} INFO - Processing file /home/airflow/.local/lib/python3.12/site-packages/airflow/example_dags/example_skip_dag.py for tasks to queue
[2025-09-29T14:57:15.382+0000] {logging_mixin.py:190} INFO - [2025-09-29T14:57:15.382+0000] {dagbag.py:588} INFO - Filling up the DagBag from /home/airflow/.local/lib/python3.12/site-packages/airflow/example_dags/example_skip_dag.py
[2025-09-29T14:57:15.390+0000] {processor.py:925} INFO - DAG(s) 'example_skip_dag' retrieved from /home/airflow/.local/lib/python3.12/site-packages/airflow/example_dags/example_skip_dag.py
[2025-09-29T14:57:15.405+0000] {logging_mixin.py:190} INFO - [2025-09-29T14:57:15.405+0000] {dag.py:3239} INFO - Sync 1 DAGs
[2025-09-29T14:57:15.416+0000] {logging_mixin.py:190} INFO - [2025-09-29T14:57:15.416+0000] {dag.py:4180} INFO - Setting next_dagrun for example_skip_dag to 2025-09-28 00:00:00+00:00, run_after=2025-09-29 00:00:00+00:00
[2025-09-29T14:57:15.427+0000] {processor.py:208} INFO - Processing /home/airflow/.local/lib/python3.12/site-packages/airflow/example_dags/example_skip_dag.py took 0.059 seconds
[2025-09-29T14:57:45.947+0000] {processor.py:186} INFO - Started process (PID=2991) to work on /home/airflow/.local/lib/python3.12/site-packages/airflow/example_dags/example_skip_dag.py
[2025-09-29T14:57:45.949+0000] {processor.py:914} INFO - Processing file /home/airflow/.local/lib/python3.12/site-packages/airflow/example_dags/example_skip_dag.py for tasks to queue
[2025-09-29T14:57:45.955+0000] {logging_mixin.py:190} INFO - [2025-09-29T14:57:45.955+0000] {dagbag.py:588} INFO - Filling up the DagBag from /home/airflow/.local/lib/python3.12/site-packages/airflow/example_dags/example_skip_dag.py
[2025-09-29T14:57:45.960+0000] {processor.py:925} INFO - DAG(s) 'example_skip_dag' retrieved from /home/airflow/.local/lib/python3.12/site-packages/airflow/example_dags/example_skip_dag.py
[2025-09-29T14:57:45.976+0000] {logging_mixin.py:190} INFO - [2025-09-29T14:57:45.976+0000] {dag.py:3239} INFO - Sync 1 DAGs
[2025-09-29T14:57:45.987+0000] {logging_mixin.py:190} INFO - [2025-09-29T14:57:45.987+0000] {dag.py:4180} INFO - Setting next_dagrun for example_skip_dag to 2025-09-28 00:00:00+00:00, run_after=2025-09-29 00:00:00+00:00
[2025-09-29T14:57:45.996+0000] {processor.py:208} INFO - Processing /home/airflow/.local/lib/python3.12/site-packages/airflow/example_dags/example_skip_dag.py took 0.054 seconds
[2025-09-29T14:58:16.635+0000] {processor.py:186} INFO - Started process (PID=3053) to work on /home/airflow/.local/lib/python3.12/site-packages/airflow/example_dags/example_skip_dag.py
[2025-09-29T14:58:16.636+0000] {processor.py:914} INFO - Processing file /home/airflow/.local/lib/python3.12/site-packages/airflow/example_dags/example_skip_dag.py for tasks to queue
[2025-09-29T14:58:16.638+0000] {logging_mixin.py:190} INFO - [2025-09-29T14:58:16.638+0000] {dagbag.py:588} INFO - Filling up the DagBag from /home/airflow/.local/lib/python3.12/site-packages/airflow/example_dags/example_skip_dag.py
[2025-09-29T14:58:16.644+0000] {processor.py:925} INFO - DAG(s) 'example_skip_dag' retrieved from /home/airflow/.local/lib/python3.12/site-packages/airflow/example_dags/example_skip_dag.py
[2025-09-29T14:58:16.658+0000] {logging_mixin.py:190} INFO - [2025-09-29T14:58:16.658+0000] {dag.py:3239} INFO - Sync 1 DAGs
[2025-09-29T14:58:16.671+0000] {logging_mixin.py:190} INFO - [2025-09-29T14:58:16.671+0000] {dag.py:4180} INFO - Setting next_dagrun for example_skip_dag to 2025-09-28 00:00:00+00:00, run_after=2025-09-29 00:00:00+00:00
[2025-09-29T14:58:16.681+0000] {processor.py:208} INFO - Processing /home/airflow/.local/lib/python3.12/site-packages/airflow/example_dags/example_skip_dag.py took 0.051 seconds
[2025-09-29T14:58:47.329+0000] {processor.py:186} INFO - Started process (PID=3116) to work on /home/airflow/.local/lib/python3.12/site-packages/airflow/example_dags/example_skip_dag.py
[2025-09-29T14:58:47.329+0000] {processor.py:914} INFO - Processing file /home/airflow/.local/lib/python3.12/site-packages/airflow/example_dags/example_skip_dag.py for tasks to queue
[2025-09-29T14:58:47.331+0000] {logging_mixin.py:190} INFO - [2025-09-29T14:58:47.331+0000] {dagbag.py:588} INFO - Filling up the DagBag from /home/airflow/.local/lib/python3.12/site-packages/airflow/example_dags/example_skip_dag.py
[2025-09-29T14:58:47.340+0000] {processor.py:925} INFO - DAG(s) 'example_skip_dag' retrieved from /home/airflow/.local/lib/python3.12/site-packages/airflow/example_dags/example_skip_dag.py
[2025-09-29T14:58:47.353+0000] {logging_mixin.py:190} INFO - [2025-09-29T14:58:47.353+0000] {dag.py:3239} INFO - Sync 1 DAGs
[2025-09-29T14:58:47.367+0000] {logging_mixin.py:190} INFO - [2025-09-29T14:58:47.367+0000] {dag.py:4180} INFO - Setting next_dagrun for example_skip_dag to 2025-09-28 00:00:00+00:00, run_after=2025-09-29 00:00:00+00:00
[2025-09-29T14:58:47.376+0000] {processor.py:208} INFO - Processing /home/airflow/.local/lib/python3.12/site-packages/airflow/example_dags/example_skip_dag.py took 0.051 seconds
[2025-09-29T14:59:18.082+0000] {processor.py:186} INFO - Started process (PID=3179) to work on /home/airflow/.local/lib/python3.12/site-packages/airflow/example_dags/example_skip_dag.py
[2025-09-29T14:59:18.089+0000] {processor.py:914} INFO - Processing file /home/airflow/.local/lib/python3.12/site-packages/airflow/example_dags/example_skip_dag.py for tasks to queue
[2025-09-29T14:59:18.090+0000] {logging_mixin.py:190} INFO - [2025-09-29T14:59:18.089+0000] {dagbag.py:588} INFO - Filling up the DagBag from /home/airflow/.local/lib/python3.12/site-packages/airflow/example_dags/example_skip_dag.py
[2025-09-29T14:59:18.095+0000] {processor.py:925} INFO - DAG(s) 'example_skip_dag' retrieved from /home/airflow/.local/lib/python3.12/site-packages/airflow/example_dags/example_skip_dag.py
[2025-09-29T14:59:18.110+0000] {logging_mixin.py:190} INFO - [2025-09-29T14:59:18.110+0000] {dag.py:3239} INFO - Sync 1 DAGs
[2025-09-29T14:59:18.121+0000] {logging_mixin.py:190} INFO - [2025-09-29T14:59:18.121+0000] {dag.py:4180} INFO - Setting next_dagrun for example_skip_dag to 2025-09-28 00:00:00+00:00, run_after=2025-09-29 00:00:00+00:00
[2025-09-29T14:59:18.132+0000] {processor.py:208} INFO - Processing /home/airflow/.local/lib/python3.12/site-packages/airflow/example_dags/example_skip_dag.py took 0.053 seconds
[2025-09-29T14:59:48.657+0000] {processor.py:186} INFO - Started process (PID=3242) to work on /home/airflow/.local/lib/python3.12/site-packages/airflow/example_dags/example_skip_dag.py
[2025-09-29T14:59:48.658+0000] {processor.py:914} INFO - Processing file /home/airflow/.local/lib/python3.12/site-packages/airflow/example_dags/example_skip_dag.py for tasks to queue
[2025-09-29T14:59:48.660+0000] {logging_mixin.py:190} INFO - [2025-09-29T14:59:48.660+0000] {dagbag.py:588} INFO - Filling up the DagBag from /home/airflow/.local/lib/python3.12/site-packages/airflow/example_dags/example_skip_dag.py
[2025-09-29T14:59:48.666+0000] {processor.py:925} INFO - DAG(s) 'example_skip_dag' retrieved from /home/airflow/.local/lib/python3.12/site-packages/airflow/example_dags/example_skip_dag.py
[2025-09-29T14:59:48.682+0000] {logging_mixin.py:190} INFO - [2025-09-29T14:59:48.682+0000] {dag.py:3239} INFO - Sync 1 DAGs
[2025-09-29T14:59:48.694+0000] {logging_mixin.py:190} INFO - [2025-09-29T14:59:48.694+0000] {dag.py:4180} INFO - Setting next_dagrun for example_skip_dag to 2025-09-28 00:00:00+00:00, run_after=2025-09-29 00:00:00+00:00
[2025-09-29T14:59:48.706+0000] {processor.py:208} INFO - Processing /home/airflow/.local/lib/python3.12/site-packages/airflow/example_dags/example_skip_dag.py took 0.054 seconds
[2025-09-29T15:00:19.125+0000] {processor.py:186} INFO - Started process (PID=3305) to work on /home/airflow/.local/lib/python3.12/site-packages/airflow/example_dags/example_skip_dag.py
[2025-09-29T15:00:19.133+0000] {processor.py:914} INFO - Processing file /home/airflow/.local/lib/python3.12/site-packages/airflow/example_dags/example_skip_dag.py for tasks to queue
[2025-09-29T15:00:19.134+0000] {logging_mixin.py:190} INFO - [2025-09-29T15:00:19.134+0000] {dagbag.py:588} INFO - Filling up the DagBag from /home/airflow/.local/lib/python3.12/site-packages/airflow/example_dags/example_skip_dag.py
[2025-09-29T15:00:19.145+0000] {processor.py:925} INFO - DAG(s) 'example_skip_dag' retrieved from /home/airflow/.local/lib/python3.12/site-packages/airflow/example_dags/example_skip_dag.py
[2025-09-29T15:00:19.161+0000] {logging_mixin.py:190} INFO - [2025-09-29T15:00:19.160+0000] {dag.py:3239} INFO - Sync 1 DAGs
[2025-09-29T15:00:19.173+0000] {logging_mixin.py:190} INFO - [2025-09-29T15:00:19.173+0000] {dag.py:4180} INFO - Setting next_dagrun for example_skip_dag to 2025-09-28 00:00:00+00:00, run_after=2025-09-29 00:00:00+00:00
[2025-09-29T15:00:19.185+0000] {processor.py:208} INFO - Processing /home/airflow/.local/lib/python3.12/site-packages/airflow/example_dags/example_skip_dag.py took 0.066 seconds
[2025-09-29T15:00:49.633+0000] {processor.py:186} INFO - Started process (PID=3368) to work on /home/airflow/.local/lib/python3.12/site-packages/airflow/example_dags/example_skip_dag.py
[2025-09-29T15:00:49.635+0000] {processor.py:914} INFO - Processing file /home/airflow/.local/lib/python3.12/site-packages/airflow/example_dags/example_skip_dag.py for tasks to queue
[2025-09-29T15:00:49.636+0000] {logging_mixin.py:190} INFO - [2025-09-29T15:00:49.636+0000] {dagbag.py:588} INFO - Filling up the DagBag from /home/airflow/.local/lib/python3.12/site-packages/airflow/example_dags/example_skip_dag.py
[2025-09-29T15:00:49.644+0000] {processor.py:925} INFO - DAG(s) 'example_skip_dag' retrieved from /home/airflow/.local/lib/python3.12/site-packages/airflow/example_dags/example_skip_dag.py
[2025-09-29T15:00:49.661+0000] {logging_mixin.py:190} INFO - [2025-09-29T15:00:49.661+0000] {dag.py:3239} INFO - Sync 1 DAGs
[2025-09-29T15:00:49.674+0000] {logging_mixin.py:190} INFO - [2025-09-29T15:00:49.674+0000] {dag.py:4180} INFO - Setting next_dagrun for example_skip_dag to 2025-09-28 00:00:00+00:00, run_after=2025-09-29 00:00:00+00:00
[2025-09-29T15:00:49.686+0000] {processor.py:208} INFO - Processing /home/airflow/.local/lib/python3.12/site-packages/airflow/example_dags/example_skip_dag.py took 0.057 seconds
[2025-09-29T15:01:20.168+0000] {processor.py:186} INFO - Started process (PID=3431) to work on /home/airflow/.local/lib/python3.12/site-packages/airflow/example_dags/example_skip_dag.py
[2025-09-29T15:01:20.169+0000] {processor.py:914} INFO - Processing file /home/airflow/.local/lib/python3.12/site-packages/airflow/example_dags/example_skip_dag.py for tasks to queue
[2025-09-29T15:01:20.170+0000] {logging_mixin.py:190} INFO - [2025-09-29T15:01:20.169+0000] {dagbag.py:588} INFO - Filling up the DagBag from /home/airflow/.local/lib/python3.12/site-packages/airflow/example_dags/example_skip_dag.py
[2025-09-29T15:01:20.175+0000] {processor.py:925} INFO - DAG(s) 'example_skip_dag' retrieved from /home/airflow/.local/lib/python3.12/site-packages/airflow/example_dags/example_skip_dag.py
[2025-09-29T15:01:20.189+0000] {logging_mixin.py:190} INFO - [2025-09-29T15:01:20.189+0000] {dag.py:3239} INFO - Sync 1 DAGs
[2025-09-29T15:01:20.200+0000] {logging_mixin.py:190} INFO - [2025-09-29T15:01:20.200+0000] {dag.py:4180} INFO - Setting next_dagrun for example_skip_dag to 2025-09-28 00:00:00+00:00, run_after=2025-09-29 00:00:00+00:00
[2025-09-29T15:01:20.211+0000] {processor.py:208} INFO - Processing /home/airflow/.local/lib/python3.12/site-packages/airflow/example_dags/example_skip_dag.py took 0.046 seconds
[2025-09-29T15:01:50.940+0000] {processor.py:186} INFO - Started process (PID=3494) to work on /home/airflow/.local/lib/python3.12/site-packages/airflow/example_dags/example_skip_dag.py
[2025-09-29T15:01:50.944+0000] {processor.py:914} INFO - Processing file /home/airflow/.local/lib/python3.12/site-packages/airflow/example_dags/example_skip_dag.py for tasks to queue
[2025-09-29T15:01:50.948+0000] {logging_mixin.py:190} INFO - [2025-09-29T15:01:50.948+0000] {dagbag.py:588} INFO - Filling up the DagBag from /home/airflow/.local/lib/python3.12/site-packages/airflow/example_dags/example_skip_dag.py
[2025-09-29T15:01:50.954+0000] {processor.py:925} INFO - DAG(s) 'example_skip_dag' retrieved from /home/airflow/.local/lib/python3.12/site-packages/airflow/example_dags/example_skip_dag.py
[2025-09-29T15:01:50.970+0000] {logging_mixin.py:190} INFO - [2025-09-29T15:01:50.970+0000] {dag.py:3239} INFO - Sync 1 DAGs
[2025-09-29T15:01:50.982+0000] {logging_mixin.py:190} INFO - [2025-09-29T15:01:50.982+0000] {dag.py:4180} INFO - Setting next_dagrun for example_skip_dag to 2025-09-28 00:00:00+00:00, run_after=2025-09-29 00:00:00+00:00
[2025-09-29T15:01:50.992+0000] {processor.py:208} INFO - Processing /home/airflow/.local/lib/python3.12/site-packages/airflow/example_dags/example_skip_dag.py took 0.058 seconds
[2025-09-29T15:02:21.386+0000] {processor.py:186} INFO - Started process (PID=3557) to work on /home/airflow/.local/lib/python3.12/site-packages/airflow/example_dags/example_skip_dag.py
[2025-09-29T15:02:21.388+0000] {processor.py:914} INFO - Processing file /home/airflow/.local/lib/python3.12/site-packages/airflow/example_dags/example_skip_dag.py for tasks to queue
[2025-09-29T15:02:21.393+0000] {logging_mixin.py:190} INFO - [2025-09-29T15:02:21.393+0000] {dagbag.py:588} INFO - Filling up the DagBag from /home/airflow/.local/lib/python3.12/site-packages/airflow/example_dags/example_skip_dag.py
[2025-09-29T15:02:21.402+0000] {processor.py:925} INFO - DAG(s) 'example_skip_dag' retrieved from /home/airflow/.local/lib/python3.12/site-packages/airflow/example_dags/example_skip_dag.py
[2025-09-29T15:02:21.415+0000] {logging_mixin.py:190} INFO - [2025-09-29T15:02:21.415+0000] {dag.py:3239} INFO - Sync 1 DAGs
[2025-09-29T15:02:21.427+0000] {logging_mixin.py:190} INFO - [2025-09-29T15:02:21.427+0000] {dag.py:4180} INFO - Setting next_dagrun for example_skip_dag to 2025-09-28 00:00:00+00:00, run_after=2025-09-29 00:00:00+00:00
[2025-09-29T15:02:21.439+0000] {processor.py:208} INFO - Processing /home/airflow/.local/lib/python3.12/site-packages/airflow/example_dags/example_skip_dag.py took 0.056 seconds
