[2025-09-29T14:34:27.887+0000] {processor.py:186} INFO - Started process (PID=43) to work on /home/airflow/.local/lib/python3.12/site-packages/airflow/example_dags/tutorial_objectstorage.py
[2025-09-29T14:34:27.889+0000] {processor.py:914} INFO - Processing file /home/airflow/.local/lib/python3.12/site-packages/airflow/example_dags/tutorial_objectstorage.py for tasks to queue
[2025-09-29T14:34:27.895+0000] {logging_mixin.py:190} INFO - [2025-09-29T14:34:27.895+0000] {dagbag.py:588} INFO - Filling up the DagBag from /home/airflow/.local/lib/python3.12/site-packages/airflow/example_dags/tutorial_objectstorage.py
[2025-09-29T14:34:27.907+0000] {processor.py:925} INFO - DAG(s) 'tutorial_objectstorage' retrieved from /home/airflow/.local/lib/python3.12/site-packages/airflow/example_dags/tutorial_objectstorage.py
[2025-09-29T14:34:27.949+0000] {logging_mixin.py:190} INFO - [2025-09-29T14:34:27.949+0000] {dag.py:3239} INFO - Sync 1 DAGs
[2025-09-29T14:34:27.969+0000] {logging_mixin.py:190} INFO - [2025-09-29T14:34:27.969+0000] {dag.py:4180} INFO - Setting next_dagrun for tutorial_objectstorage to None, run_after=None
[2025-09-29T14:34:28.012+0000] {processor.py:208} INFO - Processing /home/airflow/.local/lib/python3.12/site-packages/airflow/example_dags/tutorial_objectstorage.py took 0.129 seconds
[2025-09-29T14:34:58.740+0000] {processor.py:186} INFO - Started process (PID=111) to work on /home/airflow/.local/lib/python3.12/site-packages/airflow/example_dags/tutorial_objectstorage.py
[2025-09-29T14:34:58.740+0000] {processor.py:914} INFO - Processing file /home/airflow/.local/lib/python3.12/site-packages/airflow/example_dags/tutorial_objectstorage.py for tasks to queue
[2025-09-29T14:34:58.742+0000] {logging_mixin.py:190} INFO - [2025-09-29T14:34:58.742+0000] {dagbag.py:588} INFO - Filling up the DagBag from /home/airflow/.local/lib/python3.12/site-packages/airflow/example_dags/tutorial_objectstorage.py
[2025-09-29T14:34:58.748+0000] {processor.py:925} INFO - DAG(s) 'tutorial_objectstorage' retrieved from /home/airflow/.local/lib/python3.12/site-packages/airflow/example_dags/tutorial_objectstorage.py
[2025-09-29T14:34:58.764+0000] {logging_mixin.py:190} INFO - [2025-09-29T14:34:58.763+0000] {dag.py:3239} INFO - Sync 1 DAGs
[2025-09-29T14:34:58.772+0000] {logging_mixin.py:190} INFO - [2025-09-29T14:34:58.772+0000] {dag.py:4180} INFO - Setting next_dagrun for tutorial_objectstorage to None, run_after=None
[2025-09-29T14:34:58.787+0000] {processor.py:208} INFO - Processing /home/airflow/.local/lib/python3.12/site-packages/airflow/example_dags/tutorial_objectstorage.py took 0.050 seconds
[2025-09-29T14:35:29.319+0000] {processor.py:186} INFO - Started process (PID=175) to work on /home/airflow/.local/lib/python3.12/site-packages/airflow/example_dags/tutorial_objectstorage.py
[2025-09-29T14:35:29.319+0000] {processor.py:914} INFO - Processing file /home/airflow/.local/lib/python3.12/site-packages/airflow/example_dags/tutorial_objectstorage.py for tasks to queue
[2025-09-29T14:35:29.320+0000] {logging_mixin.py:190} INFO - [2025-09-29T14:35:29.320+0000] {dagbag.py:588} INFO - Filling up the DagBag from /home/airflow/.local/lib/python3.12/site-packages/airflow/example_dags/tutorial_objectstorage.py
[2025-09-29T14:35:29.326+0000] {processor.py:925} INFO - DAG(s) 'tutorial_objectstorage' retrieved from /home/airflow/.local/lib/python3.12/site-packages/airflow/example_dags/tutorial_objectstorage.py
[2025-09-29T14:35:29.338+0000] {logging_mixin.py:190} INFO - [2025-09-29T14:35:29.337+0000] {dag.py:3239} INFO - Sync 1 DAGs
[2025-09-29T14:35:29.344+0000] {logging_mixin.py:190} INFO - [2025-09-29T14:35:29.344+0000] {dag.py:4180} INFO - Setting next_dagrun for tutorial_objectstorage to None, run_after=None
[2025-09-29T14:35:29.357+0000] {processor.py:208} INFO - Processing /home/airflow/.local/lib/python3.12/site-packages/airflow/example_dags/tutorial_objectstorage.py took 0.041 seconds
[2025-09-29T14:35:59.540+0000] {processor.py:186} INFO - Started process (PID=239) to work on /home/airflow/.local/lib/python3.12/site-packages/airflow/example_dags/tutorial_objectstorage.py
[2025-09-29T14:35:59.541+0000] {processor.py:914} INFO - Processing file /home/airflow/.local/lib/python3.12/site-packages/airflow/example_dags/tutorial_objectstorage.py for tasks to queue
[2025-09-29T14:35:59.542+0000] {logging_mixin.py:190} INFO - [2025-09-29T14:35:59.542+0000] {dagbag.py:588} INFO - Filling up the DagBag from /home/airflow/.local/lib/python3.12/site-packages/airflow/example_dags/tutorial_objectstorage.py
[2025-09-29T14:35:59.547+0000] {processor.py:925} INFO - DAG(s) 'tutorial_objectstorage' retrieved from /home/airflow/.local/lib/python3.12/site-packages/airflow/example_dags/tutorial_objectstorage.py
[2025-09-29T14:35:59.560+0000] {logging_mixin.py:190} INFO - [2025-09-29T14:35:59.560+0000] {dag.py:3239} INFO - Sync 1 DAGs
[2025-09-29T14:35:59.571+0000] {logging_mixin.py:190} INFO - [2025-09-29T14:35:59.571+0000] {dag.py:4180} INFO - Setting next_dagrun for tutorial_objectstorage to None, run_after=None
[2025-09-29T14:35:59.583+0000] {processor.py:208} INFO - Processing /home/airflow/.local/lib/python3.12/site-packages/airflow/example_dags/tutorial_objectstorage.py took 0.046 seconds
[2025-09-29T14:36:29.698+0000] {processor.py:186} INFO - Started process (PID=303) to work on /home/airflow/.local/lib/python3.12/site-packages/airflow/example_dags/tutorial_objectstorage.py
[2025-09-29T14:36:29.700+0000] {processor.py:914} INFO - Processing file /home/airflow/.local/lib/python3.12/site-packages/airflow/example_dags/tutorial_objectstorage.py for tasks to queue
[2025-09-29T14:36:29.701+0000] {logging_mixin.py:190} INFO - [2025-09-29T14:36:29.701+0000] {dagbag.py:588} INFO - Filling up the DagBag from /home/airflow/.local/lib/python3.12/site-packages/airflow/example_dags/tutorial_objectstorage.py
[2025-09-29T14:36:29.706+0000] {processor.py:925} INFO - DAG(s) 'tutorial_objectstorage' retrieved from /home/airflow/.local/lib/python3.12/site-packages/airflow/example_dags/tutorial_objectstorage.py
[2025-09-29T14:36:29.716+0000] {logging_mixin.py:190} INFO - [2025-09-29T14:36:29.716+0000] {dag.py:3239} INFO - Sync 1 DAGs
[2025-09-29T14:36:29.723+0000] {logging_mixin.py:190} INFO - [2025-09-29T14:36:29.723+0000] {dag.py:4180} INFO - Setting next_dagrun for tutorial_objectstorage to None, run_after=None
[2025-09-29T14:36:29.737+0000] {processor.py:208} INFO - Processing /home/airflow/.local/lib/python3.12/site-packages/airflow/example_dags/tutorial_objectstorage.py took 0.042 seconds
[2025-09-29T14:36:59.880+0000] {processor.py:186} INFO - Started process (PID=367) to work on /home/airflow/.local/lib/python3.12/site-packages/airflow/example_dags/tutorial_objectstorage.py
[2025-09-29T14:36:59.880+0000] {processor.py:914} INFO - Processing file /home/airflow/.local/lib/python3.12/site-packages/airflow/example_dags/tutorial_objectstorage.py for tasks to queue
[2025-09-29T14:36:59.882+0000] {logging_mixin.py:190} INFO - [2025-09-29T14:36:59.882+0000] {dagbag.py:588} INFO - Filling up the DagBag from /home/airflow/.local/lib/python3.12/site-packages/airflow/example_dags/tutorial_objectstorage.py
[2025-09-29T14:36:59.887+0000] {processor.py:925} INFO - DAG(s) 'tutorial_objectstorage' retrieved from /home/airflow/.local/lib/python3.12/site-packages/airflow/example_dags/tutorial_objectstorage.py
[2025-09-29T14:36:59.900+0000] {logging_mixin.py:190} INFO - [2025-09-29T14:36:59.900+0000] {dag.py:3239} INFO - Sync 1 DAGs
[2025-09-29T14:36:59.910+0000] {logging_mixin.py:190} INFO - [2025-09-29T14:36:59.910+0000] {dag.py:4180} INFO - Setting next_dagrun for tutorial_objectstorage to None, run_after=None
[2025-09-29T14:36:59.922+0000] {processor.py:208} INFO - Processing /home/airflow/.local/lib/python3.12/site-packages/airflow/example_dags/tutorial_objectstorage.py took 0.045 seconds
[2025-09-29T14:37:30.164+0000] {processor.py:186} INFO - Started process (PID=430) to work on /home/airflow/.local/lib/python3.12/site-packages/airflow/example_dags/tutorial_objectstorage.py
[2025-09-29T14:37:30.164+0000] {processor.py:914} INFO - Processing file /home/airflow/.local/lib/python3.12/site-packages/airflow/example_dags/tutorial_objectstorage.py for tasks to queue
[2025-09-29T14:37:30.166+0000] {logging_mixin.py:190} INFO - [2025-09-29T14:37:30.165+0000] {dagbag.py:588} INFO - Filling up the DagBag from /home/airflow/.local/lib/python3.12/site-packages/airflow/example_dags/tutorial_objectstorage.py
[2025-09-29T14:37:30.171+0000] {processor.py:925} INFO - DAG(s) 'tutorial_objectstorage' retrieved from /home/airflow/.local/lib/python3.12/site-packages/airflow/example_dags/tutorial_objectstorage.py
[2025-09-29T14:37:30.186+0000] {logging_mixin.py:190} INFO - [2025-09-29T14:37:30.186+0000] {dag.py:3239} INFO - Sync 1 DAGs
[2025-09-29T14:37:30.196+0000] {logging_mixin.py:190} INFO - [2025-09-29T14:37:30.196+0000] {dag.py:4180} INFO - Setting next_dagrun for tutorial_objectstorage to None, run_after=None
[2025-09-29T14:37:30.209+0000] {processor.py:208} INFO - Processing /home/airflow/.local/lib/python3.12/site-packages/airflow/example_dags/tutorial_objectstorage.py took 0.049 seconds
[2025-09-29T14:38:00.511+0000] {processor.py:186} INFO - Started process (PID=494) to work on /home/airflow/.local/lib/python3.12/site-packages/airflow/example_dags/tutorial_objectstorage.py
[2025-09-29T14:38:00.511+0000] {processor.py:914} INFO - Processing file /home/airflow/.local/lib/python3.12/site-packages/airflow/example_dags/tutorial_objectstorage.py for tasks to queue
[2025-09-29T14:38:00.513+0000] {logging_mixin.py:190} INFO - [2025-09-29T14:38:00.512+0000] {dagbag.py:588} INFO - Filling up the DagBag from /home/airflow/.local/lib/python3.12/site-packages/airflow/example_dags/tutorial_objectstorage.py
[2025-09-29T14:38:00.518+0000] {processor.py:925} INFO - DAG(s) 'tutorial_objectstorage' retrieved from /home/airflow/.local/lib/python3.12/site-packages/airflow/example_dags/tutorial_objectstorage.py
[2025-09-29T14:38:00.529+0000] {logging_mixin.py:190} INFO - [2025-09-29T14:38:00.529+0000] {dag.py:3239} INFO - Sync 1 DAGs
[2025-09-29T14:38:00.536+0000] {logging_mixin.py:190} INFO - [2025-09-29T14:38:00.536+0000] {dag.py:4180} INFO - Setting next_dagrun for tutorial_objectstorage to None, run_after=None
[2025-09-29T14:38:00.547+0000] {processor.py:208} INFO - Processing /home/airflow/.local/lib/python3.12/site-packages/airflow/example_dags/tutorial_objectstorage.py took 0.040 seconds
[2025-09-29T14:38:30.983+0000] {processor.py:186} INFO - Started process (PID=566) to work on /home/airflow/.local/lib/python3.12/site-packages/airflow/example_dags/tutorial_objectstorage.py
[2025-09-29T14:38:30.985+0000] {processor.py:914} INFO - Processing file /home/airflow/.local/lib/python3.12/site-packages/airflow/example_dags/tutorial_objectstorage.py for tasks to queue
[2025-09-29T14:38:30.988+0000] {logging_mixin.py:190} INFO - [2025-09-29T14:38:30.988+0000] {dagbag.py:588} INFO - Filling up the DagBag from /home/airflow/.local/lib/python3.12/site-packages/airflow/example_dags/tutorial_objectstorage.py
[2025-09-29T14:38:30.994+0000] {processor.py:925} INFO - DAG(s) 'tutorial_objectstorage' retrieved from /home/airflow/.local/lib/python3.12/site-packages/airflow/example_dags/tutorial_objectstorage.py
[2025-09-29T14:38:31.006+0000] {logging_mixin.py:190} INFO - [2025-09-29T14:38:31.006+0000] {dag.py:3239} INFO - Sync 1 DAGs
[2025-09-29T14:38:31.017+0000] {logging_mixin.py:190} INFO - [2025-09-29T14:38:31.016+0000] {dag.py:4180} INFO - Setting next_dagrun for tutorial_objectstorage to None, run_after=None
[2025-09-29T14:38:31.034+0000] {processor.py:208} INFO - Processing /home/airflow/.local/lib/python3.12/site-packages/airflow/example_dags/tutorial_objectstorage.py took 0.054 seconds
[2025-09-29T14:39:01.352+0000] {processor.py:186} INFO - Started process (PID=635) to work on /home/airflow/.local/lib/python3.12/site-packages/airflow/example_dags/tutorial_objectstorage.py
[2025-09-29T14:39:01.353+0000] {processor.py:914} INFO - Processing file /home/airflow/.local/lib/python3.12/site-packages/airflow/example_dags/tutorial_objectstorage.py for tasks to queue
[2025-09-29T14:39:01.354+0000] {logging_mixin.py:190} INFO - [2025-09-29T14:39:01.354+0000] {dagbag.py:588} INFO - Filling up the DagBag from /home/airflow/.local/lib/python3.12/site-packages/airflow/example_dags/tutorial_objectstorage.py
[2025-09-29T14:39:01.359+0000] {processor.py:925} INFO - DAG(s) 'tutorial_objectstorage' retrieved from /home/airflow/.local/lib/python3.12/site-packages/airflow/example_dags/tutorial_objectstorage.py
[2025-09-29T14:39:01.375+0000] {logging_mixin.py:190} INFO - [2025-09-29T14:39:01.374+0000] {dag.py:3239} INFO - Sync 1 DAGs
[2025-09-29T14:39:01.383+0000] {logging_mixin.py:190} INFO - [2025-09-29T14:39:01.383+0000] {dag.py:4180} INFO - Setting next_dagrun for tutorial_objectstorage to None, run_after=None
[2025-09-29T14:39:01.402+0000] {processor.py:208} INFO - Processing /home/airflow/.local/lib/python3.12/site-packages/airflow/example_dags/tutorial_objectstorage.py took 0.053 seconds
[2025-09-29T14:39:31.868+0000] {processor.py:186} INFO - Started process (PID=698) to work on /home/airflow/.local/lib/python3.12/site-packages/airflow/example_dags/tutorial_objectstorage.py
[2025-09-29T14:39:31.868+0000] {processor.py:914} INFO - Processing file /home/airflow/.local/lib/python3.12/site-packages/airflow/example_dags/tutorial_objectstorage.py for tasks to queue
[2025-09-29T14:39:31.869+0000] {logging_mixin.py:190} INFO - [2025-09-29T14:39:31.869+0000] {dagbag.py:588} INFO - Filling up the DagBag from /home/airflow/.local/lib/python3.12/site-packages/airflow/example_dags/tutorial_objectstorage.py
[2025-09-29T14:39:31.875+0000] {processor.py:925} INFO - DAG(s) 'tutorial_objectstorage' retrieved from /home/airflow/.local/lib/python3.12/site-packages/airflow/example_dags/tutorial_objectstorage.py
[2025-09-29T14:39:31.885+0000] {logging_mixin.py:190} INFO - [2025-09-29T14:39:31.885+0000] {dag.py:3239} INFO - Sync 1 DAGs
[2025-09-29T14:39:31.893+0000] {logging_mixin.py:190} INFO - [2025-09-29T14:39:31.892+0000] {dag.py:4180} INFO - Setting next_dagrun for tutorial_objectstorage to None, run_after=None
[2025-09-29T14:39:31.902+0000] {processor.py:208} INFO - Processing /home/airflow/.local/lib/python3.12/site-packages/airflow/example_dags/tutorial_objectstorage.py took 0.037 seconds
[2025-09-29T14:40:02.428+0000] {processor.py:186} INFO - Started process (PID=762) to work on /home/airflow/.local/lib/python3.12/site-packages/airflow/example_dags/tutorial_objectstorage.py
[2025-09-29T14:40:02.429+0000] {processor.py:914} INFO - Processing file /home/airflow/.local/lib/python3.12/site-packages/airflow/example_dags/tutorial_objectstorage.py for tasks to queue
[2025-09-29T14:40:02.430+0000] {logging_mixin.py:190} INFO - [2025-09-29T14:40:02.430+0000] {dagbag.py:588} INFO - Filling up the DagBag from /home/airflow/.local/lib/python3.12/site-packages/airflow/example_dags/tutorial_objectstorage.py
[2025-09-29T14:40:02.435+0000] {processor.py:925} INFO - DAG(s) 'tutorial_objectstorage' retrieved from /home/airflow/.local/lib/python3.12/site-packages/airflow/example_dags/tutorial_objectstorage.py
[2025-09-29T14:40:02.448+0000] {logging_mixin.py:190} INFO - [2025-09-29T14:40:02.448+0000] {dag.py:3239} INFO - Sync 1 DAGs
[2025-09-29T14:40:02.456+0000] {logging_mixin.py:190} INFO - [2025-09-29T14:40:02.455+0000] {dag.py:4180} INFO - Setting next_dagrun for tutorial_objectstorage to None, run_after=None
[2025-09-29T14:40:02.469+0000] {processor.py:208} INFO - Processing /home/airflow/.local/lib/python3.12/site-packages/airflow/example_dags/tutorial_objectstorage.py took 0.043 seconds
[2025-09-29T14:40:32.773+0000] {processor.py:186} INFO - Started process (PID=825) to work on /home/airflow/.local/lib/python3.12/site-packages/airflow/example_dags/tutorial_objectstorage.py
[2025-09-29T14:40:32.773+0000] {processor.py:914} INFO - Processing file /home/airflow/.local/lib/python3.12/site-packages/airflow/example_dags/tutorial_objectstorage.py for tasks to queue
[2025-09-29T14:40:32.775+0000] {logging_mixin.py:190} INFO - [2025-09-29T14:40:32.775+0000] {dagbag.py:588} INFO - Filling up the DagBag from /home/airflow/.local/lib/python3.12/site-packages/airflow/example_dags/tutorial_objectstorage.py
[2025-09-29T14:40:32.781+0000] {processor.py:925} INFO - DAG(s) 'tutorial_objectstorage' retrieved from /home/airflow/.local/lib/python3.12/site-packages/airflow/example_dags/tutorial_objectstorage.py
[2025-09-29T14:40:32.794+0000] {logging_mixin.py:190} INFO - [2025-09-29T14:40:32.794+0000] {dag.py:3239} INFO - Sync 1 DAGs
[2025-09-29T14:40:32.801+0000] {logging_mixin.py:190} INFO - [2025-09-29T14:40:32.801+0000] {dag.py:4180} INFO - Setting next_dagrun for tutorial_objectstorage to None, run_after=None
[2025-09-29T14:40:32.812+0000] {processor.py:208} INFO - Processing /home/airflow/.local/lib/python3.12/site-packages/airflow/example_dags/tutorial_objectstorage.py took 0.044 seconds
[2025-09-29T14:41:03.240+0000] {processor.py:186} INFO - Started process (PID=891) to work on /home/airflow/.local/lib/python3.12/site-packages/airflow/example_dags/tutorial_objectstorage.py
[2025-09-29T14:41:03.241+0000] {processor.py:914} INFO - Processing file /home/airflow/.local/lib/python3.12/site-packages/airflow/example_dags/tutorial_objectstorage.py for tasks to queue
[2025-09-29T14:41:03.243+0000] {logging_mixin.py:190} INFO - [2025-09-29T14:41:03.242+0000] {dagbag.py:588} INFO - Filling up the DagBag from /home/airflow/.local/lib/python3.12/site-packages/airflow/example_dags/tutorial_objectstorage.py
[2025-09-29T14:41:03.247+0000] {processor.py:925} INFO - DAG(s) 'tutorial_objectstorage' retrieved from /home/airflow/.local/lib/python3.12/site-packages/airflow/example_dags/tutorial_objectstorage.py
[2025-09-29T14:41:03.265+0000] {logging_mixin.py:190} INFO - [2025-09-29T14:41:03.265+0000] {dag.py:3239} INFO - Sync 1 DAGs
[2025-09-29T14:41:03.280+0000] {logging_mixin.py:190} INFO - [2025-09-29T14:41:03.280+0000] {dag.py:4180} INFO - Setting next_dagrun for tutorial_objectstorage to None, run_after=None
[2025-09-29T14:41:03.292+0000] {processor.py:208} INFO - Processing /home/airflow/.local/lib/python3.12/site-packages/airflow/example_dags/tutorial_objectstorage.py took 0.056 seconds
[2025-09-29T14:41:33.412+0000] {processor.py:186} INFO - Started process (PID=955) to work on /home/airflow/.local/lib/python3.12/site-packages/airflow/example_dags/tutorial_objectstorage.py
[2025-09-29T14:41:33.413+0000] {processor.py:914} INFO - Processing file /home/airflow/.local/lib/python3.12/site-packages/airflow/example_dags/tutorial_objectstorage.py for tasks to queue
[2025-09-29T14:41:33.415+0000] {logging_mixin.py:190} INFO - [2025-09-29T14:41:33.414+0000] {dagbag.py:588} INFO - Filling up the DagBag from /home/airflow/.local/lib/python3.12/site-packages/airflow/example_dags/tutorial_objectstorage.py
[2025-09-29T14:41:33.428+0000] {processor.py:925} INFO - DAG(s) 'tutorial_objectstorage' retrieved from /home/airflow/.local/lib/python3.12/site-packages/airflow/example_dags/tutorial_objectstorage.py
[2025-09-29T14:41:33.443+0000] {logging_mixin.py:190} INFO - [2025-09-29T14:41:33.443+0000] {dag.py:3239} INFO - Sync 1 DAGs
[2025-09-29T14:41:33.452+0000] {logging_mixin.py:190} INFO - [2025-09-29T14:41:33.452+0000] {dag.py:4180} INFO - Setting next_dagrun for tutorial_objectstorage to None, run_after=None
[2025-09-29T14:41:33.469+0000] {processor.py:208} INFO - Processing /home/airflow/.local/lib/python3.12/site-packages/airflow/example_dags/tutorial_objectstorage.py took 0.061 seconds
[2025-09-29T14:42:03.954+0000] {processor.py:186} INFO - Started process (PID=1020) to work on /home/airflow/.local/lib/python3.12/site-packages/airflow/example_dags/tutorial_objectstorage.py
[2025-09-29T14:42:03.955+0000] {processor.py:914} INFO - Processing file /home/airflow/.local/lib/python3.12/site-packages/airflow/example_dags/tutorial_objectstorage.py for tasks to queue
[2025-09-29T14:42:03.956+0000] {logging_mixin.py:190} INFO - [2025-09-29T14:42:03.956+0000] {dagbag.py:588} INFO - Filling up the DagBag from /home/airflow/.local/lib/python3.12/site-packages/airflow/example_dags/tutorial_objectstorage.py
[2025-09-29T14:42:03.962+0000] {processor.py:925} INFO - DAG(s) 'tutorial_objectstorage' retrieved from /home/airflow/.local/lib/python3.12/site-packages/airflow/example_dags/tutorial_objectstorage.py
[2025-09-29T14:42:03.976+0000] {logging_mixin.py:190} INFO - [2025-09-29T14:42:03.976+0000] {dag.py:3239} INFO - Sync 1 DAGs
[2025-09-29T14:42:03.983+0000] {logging_mixin.py:190} INFO - [2025-09-29T14:42:03.983+0000] {dag.py:4180} INFO - Setting next_dagrun for tutorial_objectstorage to None, run_after=None
[2025-09-29T14:42:03.995+0000] {processor.py:208} INFO - Processing /home/airflow/.local/lib/python3.12/site-packages/airflow/example_dags/tutorial_objectstorage.py took 0.045 seconds
[2025-09-29T14:42:34.397+0000] {processor.py:186} INFO - Started process (PID=1084) to work on /home/airflow/.local/lib/python3.12/site-packages/airflow/example_dags/tutorial_objectstorage.py
[2025-09-29T14:42:34.398+0000] {processor.py:914} INFO - Processing file /home/airflow/.local/lib/python3.12/site-packages/airflow/example_dags/tutorial_objectstorage.py for tasks to queue
[2025-09-29T14:42:34.400+0000] {logging_mixin.py:190} INFO - [2025-09-29T14:42:34.400+0000] {dagbag.py:588} INFO - Filling up the DagBag from /home/airflow/.local/lib/python3.12/site-packages/airflow/example_dags/tutorial_objectstorage.py
[2025-09-29T14:42:34.409+0000] {processor.py:925} INFO - DAG(s) 'tutorial_objectstorage' retrieved from /home/airflow/.local/lib/python3.12/site-packages/airflow/example_dags/tutorial_objectstorage.py
[2025-09-29T14:42:34.423+0000] {logging_mixin.py:190} INFO - [2025-09-29T14:42:34.423+0000] {dag.py:3239} INFO - Sync 1 DAGs
[2025-09-29T14:42:34.431+0000] {logging_mixin.py:190} INFO - [2025-09-29T14:42:34.431+0000] {dag.py:4180} INFO - Setting next_dagrun for tutorial_objectstorage to None, run_after=None
[2025-09-29T14:42:34.444+0000] {processor.py:208} INFO - Processing /home/airflow/.local/lib/python3.12/site-packages/airflow/example_dags/tutorial_objectstorage.py took 0.050 seconds
[2025-09-29T14:43:04.702+0000] {processor.py:186} INFO - Started process (PID=1148) to work on /home/airflow/.local/lib/python3.12/site-packages/airflow/example_dags/tutorial_objectstorage.py
[2025-09-29T14:43:04.704+0000] {processor.py:914} INFO - Processing file /home/airflow/.local/lib/python3.12/site-packages/airflow/example_dags/tutorial_objectstorage.py for tasks to queue
[2025-09-29T14:43:04.707+0000] {logging_mixin.py:190} INFO - [2025-09-29T14:43:04.706+0000] {dagbag.py:588} INFO - Filling up the DagBag from /home/airflow/.local/lib/python3.12/site-packages/airflow/example_dags/tutorial_objectstorage.py
[2025-09-29T14:43:04.714+0000] {processor.py:925} INFO - DAG(s) 'tutorial_objectstorage' retrieved from /home/airflow/.local/lib/python3.12/site-packages/airflow/example_dags/tutorial_objectstorage.py
[2025-09-29T14:43:04.725+0000] {logging_mixin.py:190} INFO - [2025-09-29T14:43:04.725+0000] {dag.py:3239} INFO - Sync 1 DAGs
[2025-09-29T14:43:04.732+0000] {logging_mixin.py:190} INFO - [2025-09-29T14:43:04.732+0000] {dag.py:4180} INFO - Setting next_dagrun for tutorial_objectstorage to None, run_after=None
[2025-09-29T14:43:04.747+0000] {processor.py:208} INFO - Processing /home/airflow/.local/lib/python3.12/site-packages/airflow/example_dags/tutorial_objectstorage.py took 0.050 seconds
[2025-09-29T14:43:35.015+0000] {processor.py:186} INFO - Started process (PID=1212) to work on /home/airflow/.local/lib/python3.12/site-packages/airflow/example_dags/tutorial_objectstorage.py
[2025-09-29T14:43:35.016+0000] {processor.py:914} INFO - Processing file /home/airflow/.local/lib/python3.12/site-packages/airflow/example_dags/tutorial_objectstorage.py for tasks to queue
[2025-09-29T14:43:35.019+0000] {logging_mixin.py:190} INFO - [2025-09-29T14:43:35.019+0000] {dagbag.py:588} INFO - Filling up the DagBag from /home/airflow/.local/lib/python3.12/site-packages/airflow/example_dags/tutorial_objectstorage.py
[2025-09-29T14:43:35.025+0000] {processor.py:925} INFO - DAG(s) 'tutorial_objectstorage' retrieved from /home/airflow/.local/lib/python3.12/site-packages/airflow/example_dags/tutorial_objectstorage.py
[2025-09-29T14:43:35.038+0000] {logging_mixin.py:190} INFO - [2025-09-29T14:43:35.038+0000] {dag.py:3239} INFO - Sync 1 DAGs
[2025-09-29T14:43:35.046+0000] {logging_mixin.py:190} INFO - [2025-09-29T14:43:35.046+0000] {dag.py:4180} INFO - Setting next_dagrun for tutorial_objectstorage to None, run_after=None
[2025-09-29T14:43:35.056+0000] {processor.py:208} INFO - Processing /home/airflow/.local/lib/python3.12/site-packages/airflow/example_dags/tutorial_objectstorage.py took 0.045 seconds
[2025-09-29T14:44:05.170+0000] {processor.py:186} INFO - Started process (PID=1276) to work on /home/airflow/.local/lib/python3.12/site-packages/airflow/example_dags/tutorial_objectstorage.py
[2025-09-29T14:44:05.171+0000] {processor.py:914} INFO - Processing file /home/airflow/.local/lib/python3.12/site-packages/airflow/example_dags/tutorial_objectstorage.py for tasks to queue
[2025-09-29T14:44:05.175+0000] {logging_mixin.py:190} INFO - [2025-09-29T14:44:05.175+0000] {dagbag.py:588} INFO - Filling up the DagBag from /home/airflow/.local/lib/python3.12/site-packages/airflow/example_dags/tutorial_objectstorage.py
[2025-09-29T14:44:05.184+0000] {processor.py:925} INFO - DAG(s) 'tutorial_objectstorage' retrieved from /home/airflow/.local/lib/python3.12/site-packages/airflow/example_dags/tutorial_objectstorage.py
[2025-09-29T14:44:05.197+0000] {logging_mixin.py:190} INFO - [2025-09-29T14:44:05.197+0000] {dag.py:3239} INFO - Sync 1 DAGs
[2025-09-29T14:44:05.205+0000] {logging_mixin.py:190} INFO - [2025-09-29T14:44:05.205+0000] {dag.py:4180} INFO - Setting next_dagrun for tutorial_objectstorage to None, run_after=None
[2025-09-29T14:44:05.218+0000] {processor.py:208} INFO - Processing /home/airflow/.local/lib/python3.12/site-packages/airflow/example_dags/tutorial_objectstorage.py took 0.053 seconds
[2025-09-29T14:44:36.055+0000] {processor.py:186} INFO - Started process (PID=1339) to work on /home/airflow/.local/lib/python3.12/site-packages/airflow/example_dags/tutorial_objectstorage.py
[2025-09-29T14:44:36.055+0000] {processor.py:914} INFO - Processing file /home/airflow/.local/lib/python3.12/site-packages/airflow/example_dags/tutorial_objectstorage.py for tasks to queue
[2025-09-29T14:44:36.057+0000] {logging_mixin.py:190} INFO - [2025-09-29T14:44:36.057+0000] {dagbag.py:588} INFO - Filling up the DagBag from /home/airflow/.local/lib/python3.12/site-packages/airflow/example_dags/tutorial_objectstorage.py
[2025-09-29T14:44:36.066+0000] {processor.py:925} INFO - DAG(s) 'tutorial_objectstorage' retrieved from /home/airflow/.local/lib/python3.12/site-packages/airflow/example_dags/tutorial_objectstorage.py
[2025-09-29T14:44:36.082+0000] {logging_mixin.py:190} INFO - [2025-09-29T14:44:36.082+0000] {dag.py:3239} INFO - Sync 1 DAGs
[2025-09-29T14:44:36.095+0000] {logging_mixin.py:190} INFO - [2025-09-29T14:44:36.095+0000] {dag.py:4180} INFO - Setting next_dagrun for tutorial_objectstorage to None, run_after=None
[2025-09-29T14:44:36.109+0000] {processor.py:208} INFO - Processing /home/airflow/.local/lib/python3.12/site-packages/airflow/example_dags/tutorial_objectstorage.py took 0.059 seconds
[2025-09-29T14:45:06.484+0000] {processor.py:186} INFO - Started process (PID=1403) to work on /home/airflow/.local/lib/python3.12/site-packages/airflow/example_dags/tutorial_objectstorage.py
[2025-09-29T14:45:06.486+0000] {processor.py:914} INFO - Processing file /home/airflow/.local/lib/python3.12/site-packages/airflow/example_dags/tutorial_objectstorage.py for tasks to queue
[2025-09-29T14:45:06.488+0000] {logging_mixin.py:190} INFO - [2025-09-29T14:45:06.488+0000] {dagbag.py:588} INFO - Filling up the DagBag from /home/airflow/.local/lib/python3.12/site-packages/airflow/example_dags/tutorial_objectstorage.py
[2025-09-29T14:45:06.496+0000] {processor.py:925} INFO - DAG(s) 'tutorial_objectstorage' retrieved from /home/airflow/.local/lib/python3.12/site-packages/airflow/example_dags/tutorial_objectstorage.py
[2025-09-29T14:45:06.512+0000] {logging_mixin.py:190} INFO - [2025-09-29T14:45:06.512+0000] {dag.py:3239} INFO - Sync 1 DAGs
[2025-09-29T14:45:06.523+0000] {logging_mixin.py:190} INFO - [2025-09-29T14:45:06.523+0000] {dag.py:4180} INFO - Setting next_dagrun for tutorial_objectstorage to None, run_after=None
[2025-09-29T14:45:06.537+0000] {processor.py:208} INFO - Processing /home/airflow/.local/lib/python3.12/site-packages/airflow/example_dags/tutorial_objectstorage.py took 0.058 seconds
[2025-09-29T14:45:36.829+0000] {processor.py:186} INFO - Started process (PID=1467) to work on /home/airflow/.local/lib/python3.12/site-packages/airflow/example_dags/tutorial_objectstorage.py
[2025-09-29T14:45:36.830+0000] {processor.py:914} INFO - Processing file /home/airflow/.local/lib/python3.12/site-packages/airflow/example_dags/tutorial_objectstorage.py for tasks to queue
[2025-09-29T14:45:36.831+0000] {logging_mixin.py:190} INFO - [2025-09-29T14:45:36.831+0000] {dagbag.py:588} INFO - Filling up the DagBag from /home/airflow/.local/lib/python3.12/site-packages/airflow/example_dags/tutorial_objectstorage.py
[2025-09-29T14:45:36.838+0000] {processor.py:925} INFO - DAG(s) 'tutorial_objectstorage' retrieved from /home/airflow/.local/lib/python3.12/site-packages/airflow/example_dags/tutorial_objectstorage.py
[2025-09-29T14:45:36.858+0000] {logging_mixin.py:190} INFO - [2025-09-29T14:45:36.857+0000] {dag.py:3239} INFO - Sync 1 DAGs
[2025-09-29T14:45:36.869+0000] {logging_mixin.py:190} INFO - [2025-09-29T14:45:36.869+0000] {dag.py:4180} INFO - Setting next_dagrun for tutorial_objectstorage to None, run_after=None
[2025-09-29T14:45:36.884+0000] {processor.py:208} INFO - Processing /home/airflow/.local/lib/python3.12/site-packages/airflow/example_dags/tutorial_objectstorage.py took 0.058 seconds
[2025-09-29T14:46:07.297+0000] {processor.py:186} INFO - Started process (PID=1531) to work on /home/airflow/.local/lib/python3.12/site-packages/airflow/example_dags/tutorial_objectstorage.py
[2025-09-29T14:46:07.299+0000] {processor.py:914} INFO - Processing file /home/airflow/.local/lib/python3.12/site-packages/airflow/example_dags/tutorial_objectstorage.py for tasks to queue
[2025-09-29T14:46:07.302+0000] {logging_mixin.py:190} INFO - [2025-09-29T14:46:07.301+0000] {dagbag.py:588} INFO - Filling up the DagBag from /home/airflow/.local/lib/python3.12/site-packages/airflow/example_dags/tutorial_objectstorage.py
[2025-09-29T14:46:07.308+0000] {processor.py:925} INFO - DAG(s) 'tutorial_objectstorage' retrieved from /home/airflow/.local/lib/python3.12/site-packages/airflow/example_dags/tutorial_objectstorage.py
[2025-09-29T14:46:07.324+0000] {logging_mixin.py:190} INFO - [2025-09-29T14:46:07.324+0000] {dag.py:3239} INFO - Sync 1 DAGs
[2025-09-29T14:46:07.332+0000] {logging_mixin.py:190} INFO - [2025-09-29T14:46:07.332+0000] {dag.py:4180} INFO - Setting next_dagrun for tutorial_objectstorage to None, run_after=None
[2025-09-29T14:46:07.344+0000] {processor.py:208} INFO - Processing /home/airflow/.local/lib/python3.12/site-packages/airflow/example_dags/tutorial_objectstorage.py took 0.054 seconds
[2025-09-29T14:46:37.951+0000] {processor.py:186} INFO - Started process (PID=1595) to work on /home/airflow/.local/lib/python3.12/site-packages/airflow/example_dags/tutorial_objectstorage.py
[2025-09-29T14:46:37.951+0000] {processor.py:914} INFO - Processing file /home/airflow/.local/lib/python3.12/site-packages/airflow/example_dags/tutorial_objectstorage.py for tasks to queue
[2025-09-29T14:46:37.957+0000] {logging_mixin.py:190} INFO - [2025-09-29T14:46:37.957+0000] {dagbag.py:588} INFO - Filling up the DagBag from /home/airflow/.local/lib/python3.12/site-packages/airflow/example_dags/tutorial_objectstorage.py
[2025-09-29T14:46:37.964+0000] {processor.py:925} INFO - DAG(s) 'tutorial_objectstorage' retrieved from /home/airflow/.local/lib/python3.12/site-packages/airflow/example_dags/tutorial_objectstorage.py
[2025-09-29T14:46:37.981+0000] {logging_mixin.py:190} INFO - [2025-09-29T14:46:37.981+0000] {dag.py:3239} INFO - Sync 1 DAGs
[2025-09-29T14:46:37.993+0000] {logging_mixin.py:190} INFO - [2025-09-29T14:46:37.993+0000] {dag.py:4180} INFO - Setting next_dagrun for tutorial_objectstorage to None, run_after=None
[2025-09-29T14:46:38.006+0000] {processor.py:208} INFO - Processing /home/airflow/.local/lib/python3.12/site-packages/airflow/example_dags/tutorial_objectstorage.py took 0.060 seconds
[2025-09-29T14:47:08.423+0000] {processor.py:186} INFO - Started process (PID=1659) to work on /home/airflow/.local/lib/python3.12/site-packages/airflow/example_dags/tutorial_objectstorage.py
[2025-09-29T14:47:08.425+0000] {processor.py:914} INFO - Processing file /home/airflow/.local/lib/python3.12/site-packages/airflow/example_dags/tutorial_objectstorage.py for tasks to queue
[2025-09-29T14:47:08.427+0000] {logging_mixin.py:190} INFO - [2025-09-29T14:47:08.427+0000] {dagbag.py:588} INFO - Filling up the DagBag from /home/airflow/.local/lib/python3.12/site-packages/airflow/example_dags/tutorial_objectstorage.py
[2025-09-29T14:47:08.435+0000] {processor.py:925} INFO - DAG(s) 'tutorial_objectstorage' retrieved from /home/airflow/.local/lib/python3.12/site-packages/airflow/example_dags/tutorial_objectstorage.py
[2025-09-29T14:47:08.449+0000] {logging_mixin.py:190} INFO - [2025-09-29T14:47:08.449+0000] {dag.py:3239} INFO - Sync 1 DAGs
[2025-09-29T14:47:08.457+0000] {logging_mixin.py:190} INFO - [2025-09-29T14:47:08.457+0000] {dag.py:4180} INFO - Setting next_dagrun for tutorial_objectstorage to None, run_after=None
[2025-09-29T14:47:08.471+0000] {processor.py:208} INFO - Processing /home/airflow/.local/lib/python3.12/site-packages/airflow/example_dags/tutorial_objectstorage.py took 0.052 seconds
[2025-09-29T14:47:38.913+0000] {processor.py:186} INFO - Started process (PID=1723) to work on /home/airflow/.local/lib/python3.12/site-packages/airflow/example_dags/tutorial_objectstorage.py
[2025-09-29T14:47:38.915+0000] {processor.py:914} INFO - Processing file /home/airflow/.local/lib/python3.12/site-packages/airflow/example_dags/tutorial_objectstorage.py for tasks to queue
[2025-09-29T14:47:38.918+0000] {logging_mixin.py:190} INFO - [2025-09-29T14:47:38.918+0000] {dagbag.py:588} INFO - Filling up the DagBag from /home/airflow/.local/lib/python3.12/site-packages/airflow/example_dags/tutorial_objectstorage.py
[2025-09-29T14:47:38.926+0000] {processor.py:925} INFO - DAG(s) 'tutorial_objectstorage' retrieved from /home/airflow/.local/lib/python3.12/site-packages/airflow/example_dags/tutorial_objectstorage.py
[2025-09-29T14:47:38.940+0000] {logging_mixin.py:190} INFO - [2025-09-29T14:47:38.940+0000] {dag.py:3239} INFO - Sync 1 DAGs
[2025-09-29T14:47:38.949+0000] {logging_mixin.py:190} INFO - [2025-09-29T14:47:38.948+0000] {dag.py:4180} INFO - Setting next_dagrun for tutorial_objectstorage to None, run_after=None
[2025-09-29T14:47:38.962+0000] {processor.py:208} INFO - Processing /home/airflow/.local/lib/python3.12/site-packages/airflow/example_dags/tutorial_objectstorage.py took 0.054 seconds
[2025-09-29T14:48:09.193+0000] {processor.py:186} INFO - Started process (PID=1787) to work on /home/airflow/.local/lib/python3.12/site-packages/airflow/example_dags/tutorial_objectstorage.py
[2025-09-29T14:48:09.193+0000] {processor.py:914} INFO - Processing file /home/airflow/.local/lib/python3.12/site-packages/airflow/example_dags/tutorial_objectstorage.py for tasks to queue
[2025-09-29T14:48:09.195+0000] {logging_mixin.py:190} INFO - [2025-09-29T14:48:09.195+0000] {dagbag.py:588} INFO - Filling up the DagBag from /home/airflow/.local/lib/python3.12/site-packages/airflow/example_dags/tutorial_objectstorage.py
[2025-09-29T14:48:09.200+0000] {processor.py:925} INFO - DAG(s) 'tutorial_objectstorage' retrieved from /home/airflow/.local/lib/python3.12/site-packages/airflow/example_dags/tutorial_objectstorage.py
[2025-09-29T14:48:09.215+0000] {logging_mixin.py:190} INFO - [2025-09-29T14:48:09.214+0000] {dag.py:3239} INFO - Sync 1 DAGs
[2025-09-29T14:48:09.221+0000] {logging_mixin.py:190} INFO - [2025-09-29T14:48:09.221+0000] {dag.py:4180} INFO - Setting next_dagrun for tutorial_objectstorage to None, run_after=None
[2025-09-29T14:48:09.235+0000] {processor.py:208} INFO - Processing /home/airflow/.local/lib/python3.12/site-packages/airflow/example_dags/tutorial_objectstorage.py took 0.045 seconds
[2025-09-29T14:48:39.733+0000] {processor.py:186} INFO - Started process (PID=1851) to work on /home/airflow/.local/lib/python3.12/site-packages/airflow/example_dags/tutorial_objectstorage.py
[2025-09-29T14:48:39.734+0000] {processor.py:914} INFO - Processing file /home/airflow/.local/lib/python3.12/site-packages/airflow/example_dags/tutorial_objectstorage.py for tasks to queue
[2025-09-29T14:48:39.737+0000] {logging_mixin.py:190} INFO - [2025-09-29T14:48:39.736+0000] {dagbag.py:588} INFO - Filling up the DagBag from /home/airflow/.local/lib/python3.12/site-packages/airflow/example_dags/tutorial_objectstorage.py
[2025-09-29T14:48:39.745+0000] {processor.py:925} INFO - DAG(s) 'tutorial_objectstorage' retrieved from /home/airflow/.local/lib/python3.12/site-packages/airflow/example_dags/tutorial_objectstorage.py
[2025-09-29T14:48:39.758+0000] {logging_mixin.py:190} INFO - [2025-09-29T14:48:39.758+0000] {dag.py:3239} INFO - Sync 1 DAGs
[2025-09-29T14:48:39.766+0000] {logging_mixin.py:190} INFO - [2025-09-29T14:48:39.766+0000] {dag.py:4180} INFO - Setting next_dagrun for tutorial_objectstorage to None, run_after=None
[2025-09-29T14:48:39.778+0000] {processor.py:208} INFO - Processing /home/airflow/.local/lib/python3.12/site-packages/airflow/example_dags/tutorial_objectstorage.py took 0.052 seconds
[2025-09-29T14:49:09.831+0000] {processor.py:186} INFO - Started process (PID=1915) to work on /home/airflow/.local/lib/python3.12/site-packages/airflow/example_dags/tutorial_objectstorage.py
[2025-09-29T14:49:09.831+0000] {processor.py:914} INFO - Processing file /home/airflow/.local/lib/python3.12/site-packages/airflow/example_dags/tutorial_objectstorage.py for tasks to queue
[2025-09-29T14:49:09.833+0000] {logging_mixin.py:190} INFO - [2025-09-29T14:49:09.833+0000] {dagbag.py:588} INFO - Filling up the DagBag from /home/airflow/.local/lib/python3.12/site-packages/airflow/example_dags/tutorial_objectstorage.py
[2025-09-29T14:49:09.841+0000] {processor.py:925} INFO - DAG(s) 'tutorial_objectstorage' retrieved from /home/airflow/.local/lib/python3.12/site-packages/airflow/example_dags/tutorial_objectstorage.py
[2025-09-29T14:49:09.855+0000] {logging_mixin.py:190} INFO - [2025-09-29T14:49:09.855+0000] {dag.py:3239} INFO - Sync 1 DAGs
[2025-09-29T14:49:09.864+0000] {logging_mixin.py:190} INFO - [2025-09-29T14:49:09.864+0000] {dag.py:4180} INFO - Setting next_dagrun for tutorial_objectstorage to None, run_after=None
[2025-09-29T14:49:09.876+0000] {processor.py:208} INFO - Processing /home/airflow/.local/lib/python3.12/site-packages/airflow/example_dags/tutorial_objectstorage.py took 0.050 seconds
[2025-09-29T14:49:40.284+0000] {processor.py:186} INFO - Started process (PID=1979) to work on /home/airflow/.local/lib/python3.12/site-packages/airflow/example_dags/tutorial_objectstorage.py
[2025-09-29T14:49:40.285+0000] {processor.py:914} INFO - Processing file /home/airflow/.local/lib/python3.12/site-packages/airflow/example_dags/tutorial_objectstorage.py for tasks to queue
[2025-09-29T14:49:40.289+0000] {logging_mixin.py:190} INFO - [2025-09-29T14:49:40.288+0000] {dagbag.py:588} INFO - Filling up the DagBag from /home/airflow/.local/lib/python3.12/site-packages/airflow/example_dags/tutorial_objectstorage.py
[2025-09-29T14:49:40.299+0000] {processor.py:925} INFO - DAG(s) 'tutorial_objectstorage' retrieved from /home/airflow/.local/lib/python3.12/site-packages/airflow/example_dags/tutorial_objectstorage.py
[2025-09-29T14:49:40.315+0000] {logging_mixin.py:190} INFO - [2025-09-29T14:49:40.315+0000] {dag.py:3239} INFO - Sync 1 DAGs
[2025-09-29T14:49:40.324+0000] {logging_mixin.py:190} INFO - [2025-09-29T14:49:40.324+0000] {dag.py:4180} INFO - Setting next_dagrun for tutorial_objectstorage to None, run_after=None
[2025-09-29T14:49:40.337+0000] {processor.py:208} INFO - Processing /home/airflow/.local/lib/python3.12/site-packages/airflow/example_dags/tutorial_objectstorage.py took 0.059 seconds
[2025-09-29T14:50:10.668+0000] {processor.py:186} INFO - Started process (PID=2043) to work on /home/airflow/.local/lib/python3.12/site-packages/airflow/example_dags/tutorial_objectstorage.py
[2025-09-29T14:50:10.669+0000] {processor.py:914} INFO - Processing file /home/airflow/.local/lib/python3.12/site-packages/airflow/example_dags/tutorial_objectstorage.py for tasks to queue
[2025-09-29T14:50:10.671+0000] {logging_mixin.py:190} INFO - [2025-09-29T14:50:10.670+0000] {dagbag.py:588} INFO - Filling up the DagBag from /home/airflow/.local/lib/python3.12/site-packages/airflow/example_dags/tutorial_objectstorage.py
[2025-09-29T14:50:10.680+0000] {processor.py:925} INFO - DAG(s) 'tutorial_objectstorage' retrieved from /home/airflow/.local/lib/python3.12/site-packages/airflow/example_dags/tutorial_objectstorage.py
[2025-09-29T14:50:10.697+0000] {logging_mixin.py:190} INFO - [2025-09-29T14:50:10.697+0000] {dag.py:3239} INFO - Sync 1 DAGs
[2025-09-29T14:50:10.706+0000] {logging_mixin.py:190} INFO - [2025-09-29T14:50:10.706+0000] {dag.py:4180} INFO - Setting next_dagrun for tutorial_objectstorage to None, run_after=None
[2025-09-29T14:50:10.719+0000] {processor.py:208} INFO - Processing /home/airflow/.local/lib/python3.12/site-packages/airflow/example_dags/tutorial_objectstorage.py took 0.054 seconds
[2025-09-29T14:50:40.928+0000] {processor.py:186} INFO - Started process (PID=2107) to work on /home/airflow/.local/lib/python3.12/site-packages/airflow/example_dags/tutorial_objectstorage.py
[2025-09-29T14:50:40.929+0000] {processor.py:914} INFO - Processing file /home/airflow/.local/lib/python3.12/site-packages/airflow/example_dags/tutorial_objectstorage.py for tasks to queue
[2025-09-29T14:50:40.931+0000] {logging_mixin.py:190} INFO - [2025-09-29T14:50:40.931+0000] {dagbag.py:588} INFO - Filling up the DagBag from /home/airflow/.local/lib/python3.12/site-packages/airflow/example_dags/tutorial_objectstorage.py
[2025-09-29T14:50:40.939+0000] {processor.py:925} INFO - DAG(s) 'tutorial_objectstorage' retrieved from /home/airflow/.local/lib/python3.12/site-packages/airflow/example_dags/tutorial_objectstorage.py
[2025-09-29T14:50:40.951+0000] {logging_mixin.py:190} INFO - [2025-09-29T14:50:40.951+0000] {dag.py:3239} INFO - Sync 1 DAGs
[2025-09-29T14:50:40.961+0000] {logging_mixin.py:190} INFO - [2025-09-29T14:50:40.961+0000] {dag.py:4180} INFO - Setting next_dagrun for tutorial_objectstorage to None, run_after=None
[2025-09-29T14:50:40.972+0000] {processor.py:208} INFO - Processing /home/airflow/.local/lib/python3.12/site-packages/airflow/example_dags/tutorial_objectstorage.py took 0.047 seconds
[2025-09-29T14:51:11.208+0000] {processor.py:186} INFO - Started process (PID=2171) to work on /home/airflow/.local/lib/python3.12/site-packages/airflow/example_dags/tutorial_objectstorage.py
[2025-09-29T14:51:11.208+0000] {processor.py:914} INFO - Processing file /home/airflow/.local/lib/python3.12/site-packages/airflow/example_dags/tutorial_objectstorage.py for tasks to queue
[2025-09-29T14:51:11.211+0000] {logging_mixin.py:190} INFO - [2025-09-29T14:51:11.211+0000] {dagbag.py:588} INFO - Filling up the DagBag from /home/airflow/.local/lib/python3.12/site-packages/airflow/example_dags/tutorial_objectstorage.py
[2025-09-29T14:51:11.217+0000] {processor.py:925} INFO - DAG(s) 'tutorial_objectstorage' retrieved from /home/airflow/.local/lib/python3.12/site-packages/airflow/example_dags/tutorial_objectstorage.py
[2025-09-29T14:51:11.228+0000] {logging_mixin.py:190} INFO - [2025-09-29T14:51:11.227+0000] {dag.py:3239} INFO - Sync 1 DAGs
[2025-09-29T14:51:11.234+0000] {logging_mixin.py:190} INFO - [2025-09-29T14:51:11.234+0000] {dag.py:4180} INFO - Setting next_dagrun for tutorial_objectstorage to None, run_after=None
[2025-09-29T14:51:11.247+0000] {processor.py:208} INFO - Processing /home/airflow/.local/lib/python3.12/site-packages/airflow/example_dags/tutorial_objectstorage.py took 0.042 seconds
[2025-09-29T14:51:41.525+0000] {processor.py:186} INFO - Started process (PID=2235) to work on /home/airflow/.local/lib/python3.12/site-packages/airflow/example_dags/tutorial_objectstorage.py
[2025-09-29T14:51:41.525+0000] {processor.py:914} INFO - Processing file /home/airflow/.local/lib/python3.12/site-packages/airflow/example_dags/tutorial_objectstorage.py for tasks to queue
[2025-09-29T14:51:41.526+0000] {logging_mixin.py:190} INFO - [2025-09-29T14:51:41.526+0000] {dagbag.py:588} INFO - Filling up the DagBag from /home/airflow/.local/lib/python3.12/site-packages/airflow/example_dags/tutorial_objectstorage.py
[2025-09-29T14:51:41.533+0000] {processor.py:925} INFO - DAG(s) 'tutorial_objectstorage' retrieved from /home/airflow/.local/lib/python3.12/site-packages/airflow/example_dags/tutorial_objectstorage.py
[2025-09-29T14:51:41.550+0000] {logging_mixin.py:190} INFO - [2025-09-29T14:51:41.550+0000] {dag.py:3239} INFO - Sync 1 DAGs
[2025-09-29T14:51:41.559+0000] {logging_mixin.py:190} INFO - [2025-09-29T14:51:41.559+0000] {dag.py:4180} INFO - Setting next_dagrun for tutorial_objectstorage to None, run_after=None
[2025-09-29T14:51:41.570+0000] {processor.py:208} INFO - Processing /home/airflow/.local/lib/python3.12/site-packages/airflow/example_dags/tutorial_objectstorage.py took 0.049 seconds
[2025-09-29T14:52:11.922+0000] {processor.py:186} INFO - Started process (PID=2298) to work on /home/airflow/.local/lib/python3.12/site-packages/airflow/example_dags/tutorial_objectstorage.py
[2025-09-29T14:52:11.923+0000] {processor.py:914} INFO - Processing file /home/airflow/.local/lib/python3.12/site-packages/airflow/example_dags/tutorial_objectstorage.py for tasks to queue
[2025-09-29T14:52:11.924+0000] {logging_mixin.py:190} INFO - [2025-09-29T14:52:11.924+0000] {dagbag.py:588} INFO - Filling up the DagBag from /home/airflow/.local/lib/python3.12/site-packages/airflow/example_dags/tutorial_objectstorage.py
[2025-09-29T14:52:11.932+0000] {processor.py:925} INFO - DAG(s) 'tutorial_objectstorage' retrieved from /home/airflow/.local/lib/python3.12/site-packages/airflow/example_dags/tutorial_objectstorage.py
[2025-09-29T14:52:11.945+0000] {logging_mixin.py:190} INFO - [2025-09-29T14:52:11.945+0000] {dag.py:3239} INFO - Sync 1 DAGs
[2025-09-29T14:52:11.954+0000] {logging_mixin.py:190} INFO - [2025-09-29T14:52:11.953+0000] {dag.py:4180} INFO - Setting next_dagrun for tutorial_objectstorage to None, run_after=None
[2025-09-29T14:52:11.965+0000] {processor.py:208} INFO - Processing /home/airflow/.local/lib/python3.12/site-packages/airflow/example_dags/tutorial_objectstorage.py took 0.049 seconds
[2025-09-29T14:52:42.115+0000] {processor.py:186} INFO - Started process (PID=2361) to work on /home/airflow/.local/lib/python3.12/site-packages/airflow/example_dags/tutorial_objectstorage.py
[2025-09-29T14:52:42.116+0000] {processor.py:914} INFO - Processing file /home/airflow/.local/lib/python3.12/site-packages/airflow/example_dags/tutorial_objectstorage.py for tasks to queue
[2025-09-29T14:52:42.117+0000] {logging_mixin.py:190} INFO - [2025-09-29T14:52:42.117+0000] {dagbag.py:588} INFO - Filling up the DagBag from /home/airflow/.local/lib/python3.12/site-packages/airflow/example_dags/tutorial_objectstorage.py
[2025-09-29T14:52:42.128+0000] {processor.py:925} INFO - DAG(s) 'tutorial_objectstorage' retrieved from /home/airflow/.local/lib/python3.12/site-packages/airflow/example_dags/tutorial_objectstorage.py
[2025-09-29T14:52:42.143+0000] {logging_mixin.py:190} INFO - [2025-09-29T14:52:42.142+0000] {dag.py:3239} INFO - Sync 1 DAGs
[2025-09-29T14:52:42.150+0000] {logging_mixin.py:190} INFO - [2025-09-29T14:52:42.150+0000] {dag.py:4180} INFO - Setting next_dagrun for tutorial_objectstorage to None, run_after=None
[2025-09-29T14:52:42.162+0000] {processor.py:208} INFO - Processing /home/airflow/.local/lib/python3.12/site-packages/airflow/example_dags/tutorial_objectstorage.py took 0.054 seconds
[2025-09-29T14:53:12.296+0000] {processor.py:186} INFO - Started process (PID=2424) to work on /home/airflow/.local/lib/python3.12/site-packages/airflow/example_dags/tutorial_objectstorage.py
[2025-09-29T14:53:12.297+0000] {processor.py:914} INFO - Processing file /home/airflow/.local/lib/python3.12/site-packages/airflow/example_dags/tutorial_objectstorage.py for tasks to queue
[2025-09-29T14:53:12.298+0000] {logging_mixin.py:190} INFO - [2025-09-29T14:53:12.298+0000] {dagbag.py:588} INFO - Filling up the DagBag from /home/airflow/.local/lib/python3.12/site-packages/airflow/example_dags/tutorial_objectstorage.py
[2025-09-29T14:53:12.305+0000] {processor.py:925} INFO - DAG(s) 'tutorial_objectstorage' retrieved from /home/airflow/.local/lib/python3.12/site-packages/airflow/example_dags/tutorial_objectstorage.py
[2025-09-29T14:53:12.322+0000] {logging_mixin.py:190} INFO - [2025-09-29T14:53:12.322+0000] {dag.py:3239} INFO - Sync 1 DAGs
[2025-09-29T14:53:12.330+0000] {logging_mixin.py:190} INFO - [2025-09-29T14:53:12.330+0000] {dag.py:4180} INFO - Setting next_dagrun for tutorial_objectstorage to None, run_after=None
[2025-09-29T14:53:12.344+0000] {processor.py:208} INFO - Processing /home/airflow/.local/lib/python3.12/site-packages/airflow/example_dags/tutorial_objectstorage.py took 0.055 seconds
[2025-09-29T14:53:42.529+0000] {processor.py:186} INFO - Started process (PID=2487) to work on /home/airflow/.local/lib/python3.12/site-packages/airflow/example_dags/tutorial_objectstorage.py
[2025-09-29T14:53:42.530+0000] {processor.py:914} INFO - Processing file /home/airflow/.local/lib/python3.12/site-packages/airflow/example_dags/tutorial_objectstorage.py for tasks to queue
[2025-09-29T14:53:42.532+0000] {logging_mixin.py:190} INFO - [2025-09-29T14:53:42.531+0000] {dagbag.py:588} INFO - Filling up the DagBag from /home/airflow/.local/lib/python3.12/site-packages/airflow/example_dags/tutorial_objectstorage.py
[2025-09-29T14:53:42.543+0000] {processor.py:925} INFO - DAG(s) 'tutorial_objectstorage' retrieved from /home/airflow/.local/lib/python3.12/site-packages/airflow/example_dags/tutorial_objectstorage.py
[2025-09-29T14:53:42.556+0000] {logging_mixin.py:190} INFO - [2025-09-29T14:53:42.556+0000] {dag.py:3239} INFO - Sync 1 DAGs
[2025-09-29T14:53:42.563+0000] {logging_mixin.py:190} INFO - [2025-09-29T14:53:42.563+0000] {dag.py:4180} INFO - Setting next_dagrun for tutorial_objectstorage to None, run_after=None
[2025-09-29T14:53:42.577+0000] {processor.py:208} INFO - Processing /home/airflow/.local/lib/python3.12/site-packages/airflow/example_dags/tutorial_objectstorage.py took 0.055 seconds
[2025-09-29T14:54:12.808+0000] {processor.py:186} INFO - Started process (PID=2550) to work on /home/airflow/.local/lib/python3.12/site-packages/airflow/example_dags/tutorial_objectstorage.py
[2025-09-29T14:54:12.810+0000] {processor.py:914} INFO - Processing file /home/airflow/.local/lib/python3.12/site-packages/airflow/example_dags/tutorial_objectstorage.py for tasks to queue
[2025-09-29T14:54:12.810+0000] {logging_mixin.py:190} INFO - [2025-09-29T14:54:12.810+0000] {dagbag.py:588} INFO - Filling up the DagBag from /home/airflow/.local/lib/python3.12/site-packages/airflow/example_dags/tutorial_objectstorage.py
[2025-09-29T14:54:12.818+0000] {processor.py:925} INFO - DAG(s) 'tutorial_objectstorage' retrieved from /home/airflow/.local/lib/python3.12/site-packages/airflow/example_dags/tutorial_objectstorage.py
[2025-09-29T14:54:12.831+0000] {logging_mixin.py:190} INFO - [2025-09-29T14:54:12.830+0000] {dag.py:3239} INFO - Sync 1 DAGs
[2025-09-29T14:54:12.838+0000] {logging_mixin.py:190} INFO - [2025-09-29T14:54:12.838+0000] {dag.py:4180} INFO - Setting next_dagrun for tutorial_objectstorage to None, run_after=None
[2025-09-29T14:54:12.853+0000] {processor.py:208} INFO - Processing /home/airflow/.local/lib/python3.12/site-packages/airflow/example_dags/tutorial_objectstorage.py took 0.051 seconds
[2025-09-29T14:54:43.039+0000] {processor.py:186} INFO - Started process (PID=2613) to work on /home/airflow/.local/lib/python3.12/site-packages/airflow/example_dags/tutorial_objectstorage.py
[2025-09-29T14:54:43.040+0000] {processor.py:914} INFO - Processing file /home/airflow/.local/lib/python3.12/site-packages/airflow/example_dags/tutorial_objectstorage.py for tasks to queue
[2025-09-29T14:54:43.041+0000] {logging_mixin.py:190} INFO - [2025-09-29T14:54:43.041+0000] {dagbag.py:588} INFO - Filling up the DagBag from /home/airflow/.local/lib/python3.12/site-packages/airflow/example_dags/tutorial_objectstorage.py
[2025-09-29T14:54:43.048+0000] {processor.py:925} INFO - DAG(s) 'tutorial_objectstorage' retrieved from /home/airflow/.local/lib/python3.12/site-packages/airflow/example_dags/tutorial_objectstorage.py
[2025-09-29T14:54:43.065+0000] {logging_mixin.py:190} INFO - [2025-09-29T14:54:43.065+0000] {dag.py:3239} INFO - Sync 1 DAGs
[2025-09-29T14:54:43.077+0000] {logging_mixin.py:190} INFO - [2025-09-29T14:54:43.077+0000] {dag.py:4180} INFO - Setting next_dagrun for tutorial_objectstorage to None, run_after=None
[2025-09-29T14:54:43.089+0000] {processor.py:208} INFO - Processing /home/airflow/.local/lib/python3.12/site-packages/airflow/example_dags/tutorial_objectstorage.py took 0.057 seconds
[2025-09-29T14:55:13.476+0000] {processor.py:186} INFO - Started process (PID=2676) to work on /home/airflow/.local/lib/python3.12/site-packages/airflow/example_dags/tutorial_objectstorage.py
[2025-09-29T14:55:13.477+0000] {processor.py:914} INFO - Processing file /home/airflow/.local/lib/python3.12/site-packages/airflow/example_dags/tutorial_objectstorage.py for tasks to queue
[2025-09-29T14:55:13.478+0000] {logging_mixin.py:190} INFO - [2025-09-29T14:55:13.478+0000] {dagbag.py:588} INFO - Filling up the DagBag from /home/airflow/.local/lib/python3.12/site-packages/airflow/example_dags/tutorial_objectstorage.py
[2025-09-29T14:55:13.485+0000] {processor.py:925} INFO - DAG(s) 'tutorial_objectstorage' retrieved from /home/airflow/.local/lib/python3.12/site-packages/airflow/example_dags/tutorial_objectstorage.py
[2025-09-29T14:55:13.503+0000] {logging_mixin.py:190} INFO - [2025-09-29T14:55:13.503+0000] {dag.py:3239} INFO - Sync 1 DAGs
[2025-09-29T14:55:13.511+0000] {logging_mixin.py:190} INFO - [2025-09-29T14:55:13.511+0000] {dag.py:4180} INFO - Setting next_dagrun for tutorial_objectstorage to None, run_after=None
[2025-09-29T14:55:13.526+0000] {processor.py:208} INFO - Processing /home/airflow/.local/lib/python3.12/site-packages/airflow/example_dags/tutorial_objectstorage.py took 0.056 seconds
[2025-09-29T14:55:43.949+0000] {processor.py:186} INFO - Started process (PID=2738) to work on /home/airflow/.local/lib/python3.12/site-packages/airflow/example_dags/tutorial_objectstorage.py
[2025-09-29T14:55:43.950+0000] {processor.py:914} INFO - Processing file /home/airflow/.local/lib/python3.12/site-packages/airflow/example_dags/tutorial_objectstorage.py for tasks to queue
[2025-09-29T14:55:43.952+0000] {logging_mixin.py:190} INFO - [2025-09-29T14:55:43.952+0000] {dagbag.py:588} INFO - Filling up the DagBag from /home/airflow/.local/lib/python3.12/site-packages/airflow/example_dags/tutorial_objectstorage.py
[2025-09-29T14:55:43.963+0000] {processor.py:925} INFO - DAG(s) 'tutorial_objectstorage' retrieved from /home/airflow/.local/lib/python3.12/site-packages/airflow/example_dags/tutorial_objectstorage.py
[2025-09-29T14:55:43.975+0000] {logging_mixin.py:190} INFO - [2025-09-29T14:55:43.975+0000] {dag.py:3239} INFO - Sync 1 DAGs
[2025-09-29T14:55:43.983+0000] {logging_mixin.py:190} INFO - [2025-09-29T14:55:43.983+0000] {dag.py:4180} INFO - Setting next_dagrun for tutorial_objectstorage to None, run_after=None
[2025-09-29T14:55:43.995+0000] {processor.py:208} INFO - Processing /home/airflow/.local/lib/python3.12/site-packages/airflow/example_dags/tutorial_objectstorage.py took 0.053 seconds
[2025-09-29T14:56:14.528+0000] {processor.py:186} INFO - Started process (PID=2801) to work on /home/airflow/.local/lib/python3.12/site-packages/airflow/example_dags/tutorial_objectstorage.py
[2025-09-29T14:56:14.529+0000] {processor.py:914} INFO - Processing file /home/airflow/.local/lib/python3.12/site-packages/airflow/example_dags/tutorial_objectstorage.py for tasks to queue
[2025-09-29T14:56:14.530+0000] {logging_mixin.py:190} INFO - [2025-09-29T14:56:14.530+0000] {dagbag.py:588} INFO - Filling up the DagBag from /home/airflow/.local/lib/python3.12/site-packages/airflow/example_dags/tutorial_objectstorage.py
[2025-09-29T14:56:14.536+0000] {processor.py:925} INFO - DAG(s) 'tutorial_objectstorage' retrieved from /home/airflow/.local/lib/python3.12/site-packages/airflow/example_dags/tutorial_objectstorage.py
[2025-09-29T14:56:14.550+0000] {logging_mixin.py:190} INFO - [2025-09-29T14:56:14.550+0000] {dag.py:3239} INFO - Sync 1 DAGs
[2025-09-29T14:56:14.560+0000] {logging_mixin.py:190} INFO - [2025-09-29T14:56:14.560+0000] {dag.py:4180} INFO - Setting next_dagrun for tutorial_objectstorage to None, run_after=None
[2025-09-29T14:56:14.570+0000] {processor.py:208} INFO - Processing /home/airflow/.local/lib/python3.12/site-packages/airflow/example_dags/tutorial_objectstorage.py took 0.046 seconds
[2025-09-29T14:56:44.932+0000] {processor.py:186} INFO - Started process (PID=2864) to work on /home/airflow/.local/lib/python3.12/site-packages/airflow/example_dags/tutorial_objectstorage.py
[2025-09-29T14:56:44.933+0000] {processor.py:914} INFO - Processing file /home/airflow/.local/lib/python3.12/site-packages/airflow/example_dags/tutorial_objectstorage.py for tasks to queue
[2025-09-29T14:56:44.934+0000] {logging_mixin.py:190} INFO - [2025-09-29T14:56:44.934+0000] {dagbag.py:588} INFO - Filling up the DagBag from /home/airflow/.local/lib/python3.12/site-packages/airflow/example_dags/tutorial_objectstorage.py
[2025-09-29T14:56:44.944+0000] {processor.py:925} INFO - DAG(s) 'tutorial_objectstorage' retrieved from /home/airflow/.local/lib/python3.12/site-packages/airflow/example_dags/tutorial_objectstorage.py
[2025-09-29T14:56:44.958+0000] {logging_mixin.py:190} INFO - [2025-09-29T14:56:44.958+0000] {dag.py:3239} INFO - Sync 1 DAGs
[2025-09-29T14:56:44.970+0000] {logging_mixin.py:190} INFO - [2025-09-29T14:56:44.970+0000] {dag.py:4180} INFO - Setting next_dagrun for tutorial_objectstorage to None, run_after=None
[2025-09-29T14:56:44.982+0000] {processor.py:208} INFO - Processing /home/airflow/.local/lib/python3.12/site-packages/airflow/example_dags/tutorial_objectstorage.py took 0.055 seconds
[2025-09-29T14:57:15.371+0000] {processor.py:186} INFO - Started process (PID=2927) to work on /home/airflow/.local/lib/python3.12/site-packages/airflow/example_dags/tutorial_objectstorage.py
[2025-09-29T14:57:15.372+0000] {processor.py:914} INFO - Processing file /home/airflow/.local/lib/python3.12/site-packages/airflow/example_dags/tutorial_objectstorage.py for tasks to queue
[2025-09-29T14:57:15.373+0000] {logging_mixin.py:190} INFO - [2025-09-29T14:57:15.373+0000] {dagbag.py:588} INFO - Filling up the DagBag from /home/airflow/.local/lib/python3.12/site-packages/airflow/example_dags/tutorial_objectstorage.py
[2025-09-29T14:57:15.389+0000] {processor.py:925} INFO - DAG(s) 'tutorial_objectstorage' retrieved from /home/airflow/.local/lib/python3.12/site-packages/airflow/example_dags/tutorial_objectstorage.py
[2025-09-29T14:57:15.406+0000] {logging_mixin.py:190} INFO - [2025-09-29T14:57:15.405+0000] {dag.py:3239} INFO - Sync 1 DAGs
[2025-09-29T14:57:15.415+0000] {logging_mixin.py:190} INFO - [2025-09-29T14:57:15.415+0000] {dag.py:4180} INFO - Setting next_dagrun for tutorial_objectstorage to None, run_after=None
[2025-09-29T14:57:15.426+0000] {processor.py:208} INFO - Processing /home/airflow/.local/lib/python3.12/site-packages/airflow/example_dags/tutorial_objectstorage.py took 0.062 seconds
[2025-09-29T14:57:45.945+0000] {processor.py:186} INFO - Started process (PID=2990) to work on /home/airflow/.local/lib/python3.12/site-packages/airflow/example_dags/tutorial_objectstorage.py
[2025-09-29T14:57:45.946+0000] {processor.py:914} INFO - Processing file /home/airflow/.local/lib/python3.12/site-packages/airflow/example_dags/tutorial_objectstorage.py for tasks to queue
[2025-09-29T14:57:45.947+0000] {logging_mixin.py:190} INFO - [2025-09-29T14:57:45.947+0000] {dagbag.py:588} INFO - Filling up the DagBag from /home/airflow/.local/lib/python3.12/site-packages/airflow/example_dags/tutorial_objectstorage.py
[2025-09-29T14:57:45.954+0000] {processor.py:925} INFO - DAG(s) 'tutorial_objectstorage' retrieved from /home/airflow/.local/lib/python3.12/site-packages/airflow/example_dags/tutorial_objectstorage.py
[2025-09-29T14:57:45.969+0000] {logging_mixin.py:190} INFO - [2025-09-29T14:57:45.969+0000] {dag.py:3239} INFO - Sync 1 DAGs
[2025-09-29T14:57:45.977+0000] {logging_mixin.py:190} INFO - [2025-09-29T14:57:45.977+0000] {dag.py:4180} INFO - Setting next_dagrun for tutorial_objectstorage to None, run_after=None
[2025-09-29T14:57:45.991+0000] {processor.py:208} INFO - Processing /home/airflow/.local/lib/python3.12/site-packages/airflow/example_dags/tutorial_objectstorage.py took 0.053 seconds
[2025-09-29T14:58:16.634+0000] {processor.py:186} INFO - Started process (PID=3052) to work on /home/airflow/.local/lib/python3.12/site-packages/airflow/example_dags/tutorial_objectstorage.py
[2025-09-29T14:58:16.635+0000] {processor.py:914} INFO - Processing file /home/airflow/.local/lib/python3.12/site-packages/airflow/example_dags/tutorial_objectstorage.py for tasks to queue
[2025-09-29T14:58:16.635+0000] {logging_mixin.py:190} INFO - [2025-09-29T14:58:16.635+0000] {dagbag.py:588} INFO - Filling up the DagBag from /home/airflow/.local/lib/python3.12/site-packages/airflow/example_dags/tutorial_objectstorage.py
[2025-09-29T14:58:16.643+0000] {processor.py:925} INFO - DAG(s) 'tutorial_objectstorage' retrieved from /home/airflow/.local/lib/python3.12/site-packages/airflow/example_dags/tutorial_objectstorage.py
[2025-09-29T14:58:16.658+0000] {logging_mixin.py:190} INFO - [2025-09-29T14:58:16.658+0000] {dag.py:3239} INFO - Sync 1 DAGs
[2025-09-29T14:58:16.667+0000] {logging_mixin.py:190} INFO - [2025-09-29T14:58:16.667+0000] {dag.py:4180} INFO - Setting next_dagrun for tutorial_objectstorage to None, run_after=None
[2025-09-29T14:58:16.679+0000] {processor.py:208} INFO - Processing /home/airflow/.local/lib/python3.12/site-packages/airflow/example_dags/tutorial_objectstorage.py took 0.052 seconds
[2025-09-29T14:58:47.327+0000] {processor.py:186} INFO - Started process (PID=3115) to work on /home/airflow/.local/lib/python3.12/site-packages/airflow/example_dags/tutorial_objectstorage.py
[2025-09-29T14:58:47.328+0000] {processor.py:914} INFO - Processing file /home/airflow/.local/lib/python3.12/site-packages/airflow/example_dags/tutorial_objectstorage.py for tasks to queue
[2025-09-29T14:58:47.329+0000] {logging_mixin.py:190} INFO - [2025-09-29T14:58:47.329+0000] {dagbag.py:588} INFO - Filling up the DagBag from /home/airflow/.local/lib/python3.12/site-packages/airflow/example_dags/tutorial_objectstorage.py
[2025-09-29T14:58:47.339+0000] {processor.py:925} INFO - DAG(s) 'tutorial_objectstorage' retrieved from /home/airflow/.local/lib/python3.12/site-packages/airflow/example_dags/tutorial_objectstorage.py
[2025-09-29T14:58:47.354+0000] {logging_mixin.py:190} INFO - [2025-09-29T14:58:47.354+0000] {dag.py:3239} INFO - Sync 1 DAGs
[2025-09-29T14:58:47.363+0000] {logging_mixin.py:190} INFO - [2025-09-29T14:58:47.363+0000] {dag.py:4180} INFO - Setting next_dagrun for tutorial_objectstorage to None, run_after=None
[2025-09-29T14:58:47.376+0000] {processor.py:208} INFO - Processing /home/airflow/.local/lib/python3.12/site-packages/airflow/example_dags/tutorial_objectstorage.py took 0.054 seconds
[2025-09-29T14:59:18.079+0000] {processor.py:186} INFO - Started process (PID=3178) to work on /home/airflow/.local/lib/python3.12/site-packages/airflow/example_dags/tutorial_objectstorage.py
[2025-09-29T14:59:18.080+0000] {processor.py:914} INFO - Processing file /home/airflow/.local/lib/python3.12/site-packages/airflow/example_dags/tutorial_objectstorage.py for tasks to queue
[2025-09-29T14:59:18.081+0000] {logging_mixin.py:190} INFO - [2025-09-29T14:59:18.081+0000] {dagbag.py:588} INFO - Filling up the DagBag from /home/airflow/.local/lib/python3.12/site-packages/airflow/example_dags/tutorial_objectstorage.py
[2025-09-29T14:59:18.089+0000] {processor.py:925} INFO - DAG(s) 'tutorial_objectstorage' retrieved from /home/airflow/.local/lib/python3.12/site-packages/airflow/example_dags/tutorial_objectstorage.py
[2025-09-29T14:59:18.106+0000] {logging_mixin.py:190} INFO - [2025-09-29T14:59:18.106+0000] {dag.py:3239} INFO - Sync 1 DAGs
[2025-09-29T14:59:18.115+0000] {logging_mixin.py:190} INFO - [2025-09-29T14:59:18.115+0000] {dag.py:4180} INFO - Setting next_dagrun for tutorial_objectstorage to None, run_after=None
[2025-09-29T14:59:18.125+0000] {processor.py:208} INFO - Processing /home/airflow/.local/lib/python3.12/site-packages/airflow/example_dags/tutorial_objectstorage.py took 0.051 seconds
[2025-09-29T14:59:48.657+0000] {processor.py:186} INFO - Started process (PID=3241) to work on /home/airflow/.local/lib/python3.12/site-packages/airflow/example_dags/tutorial_objectstorage.py
[2025-09-29T14:59:48.658+0000] {processor.py:914} INFO - Processing file /home/airflow/.local/lib/python3.12/site-packages/airflow/example_dags/tutorial_objectstorage.py for tasks to queue
[2025-09-29T14:59:48.659+0000] {logging_mixin.py:190} INFO - [2025-09-29T14:59:48.659+0000] {dagbag.py:588} INFO - Filling up the DagBag from /home/airflow/.local/lib/python3.12/site-packages/airflow/example_dags/tutorial_objectstorage.py
[2025-09-29T14:59:48.668+0000] {processor.py:925} INFO - DAG(s) 'tutorial_objectstorage' retrieved from /home/airflow/.local/lib/python3.12/site-packages/airflow/example_dags/tutorial_objectstorage.py
[2025-09-29T14:59:48.682+0000] {logging_mixin.py:190} INFO - [2025-09-29T14:59:48.682+0000] {dag.py:3239} INFO - Sync 1 DAGs
[2025-09-29T14:59:48.692+0000] {logging_mixin.py:190} INFO - [2025-09-29T14:59:48.692+0000] {dag.py:4180} INFO - Setting next_dagrun for tutorial_objectstorage to None, run_after=None
[2025-09-29T14:59:48.702+0000] {processor.py:208} INFO - Processing /home/airflow/.local/lib/python3.12/site-packages/airflow/example_dags/tutorial_objectstorage.py took 0.052 seconds
[2025-09-29T15:00:19.122+0000] {processor.py:186} INFO - Started process (PID=3304) to work on /home/airflow/.local/lib/python3.12/site-packages/airflow/example_dags/tutorial_objectstorage.py
[2025-09-29T15:00:19.123+0000] {processor.py:914} INFO - Processing file /home/airflow/.local/lib/python3.12/site-packages/airflow/example_dags/tutorial_objectstorage.py for tasks to queue
[2025-09-29T15:00:19.125+0000] {logging_mixin.py:190} INFO - [2025-09-29T15:00:19.124+0000] {dagbag.py:588} INFO - Filling up the DagBag from /home/airflow/.local/lib/python3.12/site-packages/airflow/example_dags/tutorial_objectstorage.py
[2025-09-29T15:00:19.136+0000] {processor.py:925} INFO - DAG(s) 'tutorial_objectstorage' retrieved from /home/airflow/.local/lib/python3.12/site-packages/airflow/example_dags/tutorial_objectstorage.py
[2025-09-29T15:00:19.156+0000] {logging_mixin.py:190} INFO - [2025-09-29T15:00:19.156+0000] {dag.py:3239} INFO - Sync 1 DAGs
[2025-09-29T15:00:19.165+0000] {logging_mixin.py:190} INFO - [2025-09-29T15:00:19.165+0000] {dag.py:4180} INFO - Setting next_dagrun for tutorial_objectstorage to None, run_after=None
[2025-09-29T15:00:19.177+0000] {processor.py:208} INFO - Processing /home/airflow/.local/lib/python3.12/site-packages/airflow/example_dags/tutorial_objectstorage.py took 0.062 seconds
[2025-09-29T15:00:49.633+0000] {processor.py:186} INFO - Started process (PID=3367) to work on /home/airflow/.local/lib/python3.12/site-packages/airflow/example_dags/tutorial_objectstorage.py
[2025-09-29T15:00:49.634+0000] {processor.py:914} INFO - Processing file /home/airflow/.local/lib/python3.12/site-packages/airflow/example_dags/tutorial_objectstorage.py for tasks to queue
[2025-09-29T15:00:49.637+0000] {logging_mixin.py:190} INFO - [2025-09-29T15:00:49.636+0000] {dagbag.py:588} INFO - Filling up the DagBag from /home/airflow/.local/lib/python3.12/site-packages/airflow/example_dags/tutorial_objectstorage.py
[2025-09-29T15:00:49.650+0000] {processor.py:925} INFO - DAG(s) 'tutorial_objectstorage' retrieved from /home/airflow/.local/lib/python3.12/site-packages/airflow/example_dags/tutorial_objectstorage.py
[2025-09-29T15:00:49.663+0000] {logging_mixin.py:190} INFO - [2025-09-29T15:00:49.663+0000] {dag.py:3239} INFO - Sync 1 DAGs
[2025-09-29T15:00:49.673+0000] {logging_mixin.py:190} INFO - [2025-09-29T15:00:49.673+0000] {dag.py:4180} INFO - Setting next_dagrun for tutorial_objectstorage to None, run_after=None
[2025-09-29T15:00:49.687+0000] {processor.py:208} INFO - Processing /home/airflow/.local/lib/python3.12/site-packages/airflow/example_dags/tutorial_objectstorage.py took 0.059 seconds
[2025-09-29T15:01:20.168+0000] {processor.py:186} INFO - Started process (PID=3430) to work on /home/airflow/.local/lib/python3.12/site-packages/airflow/example_dags/tutorial_objectstorage.py
[2025-09-29T15:01:20.169+0000] {processor.py:914} INFO - Processing file /home/airflow/.local/lib/python3.12/site-packages/airflow/example_dags/tutorial_objectstorage.py for tasks to queue
[2025-09-29T15:01:20.170+0000] {logging_mixin.py:190} INFO - [2025-09-29T15:01:20.170+0000] {dagbag.py:588} INFO - Filling up the DagBag from /home/airflow/.local/lib/python3.12/site-packages/airflow/example_dags/tutorial_objectstorage.py
[2025-09-29T15:01:20.177+0000] {processor.py:925} INFO - DAG(s) 'tutorial_objectstorage' retrieved from /home/airflow/.local/lib/python3.12/site-packages/airflow/example_dags/tutorial_objectstorage.py
[2025-09-29T15:01:20.188+0000] {logging_mixin.py:190} INFO - [2025-09-29T15:01:20.188+0000] {dag.py:3239} INFO - Sync 1 DAGs
[2025-09-29T15:01:20.196+0000] {logging_mixin.py:190} INFO - [2025-09-29T15:01:20.196+0000] {dag.py:4180} INFO - Setting next_dagrun for tutorial_objectstorage to None, run_after=None
[2025-09-29T15:01:20.207+0000] {processor.py:208} INFO - Processing /home/airflow/.local/lib/python3.12/site-packages/airflow/example_dags/tutorial_objectstorage.py took 0.042 seconds
[2025-09-29T15:01:50.936+0000] {processor.py:186} INFO - Started process (PID=3493) to work on /home/airflow/.local/lib/python3.12/site-packages/airflow/example_dags/tutorial_objectstorage.py
[2025-09-29T15:01:50.938+0000] {processor.py:914} INFO - Processing file /home/airflow/.local/lib/python3.12/site-packages/airflow/example_dags/tutorial_objectstorage.py for tasks to queue
[2025-09-29T15:01:50.940+0000] {logging_mixin.py:190} INFO - [2025-09-29T15:01:50.939+0000] {dagbag.py:588} INFO - Filling up the DagBag from /home/airflow/.local/lib/python3.12/site-packages/airflow/example_dags/tutorial_objectstorage.py
[2025-09-29T15:01:50.950+0000] {processor.py:925} INFO - DAG(s) 'tutorial_objectstorage' retrieved from /home/airflow/.local/lib/python3.12/site-packages/airflow/example_dags/tutorial_objectstorage.py
[2025-09-29T15:01:50.965+0000] {logging_mixin.py:190} INFO - [2025-09-29T15:01:50.965+0000] {dag.py:3239} INFO - Sync 1 DAGs
[2025-09-29T15:01:50.973+0000] {logging_mixin.py:190} INFO - [2025-09-29T15:01:50.973+0000] {dag.py:4180} INFO - Setting next_dagrun for tutorial_objectstorage to None, run_after=None
[2025-09-29T15:01:50.986+0000] {processor.py:208} INFO - Processing /home/airflow/.local/lib/python3.12/site-packages/airflow/example_dags/tutorial_objectstorage.py took 0.056 seconds
[2025-09-29T15:02:21.385+0000] {processor.py:186} INFO - Started process (PID=3556) to work on /home/airflow/.local/lib/python3.12/site-packages/airflow/example_dags/tutorial_objectstorage.py
[2025-09-29T15:02:21.386+0000] {processor.py:914} INFO - Processing file /home/airflow/.local/lib/python3.12/site-packages/airflow/example_dags/tutorial_objectstorage.py for tasks to queue
[2025-09-29T15:02:21.387+0000] {logging_mixin.py:190} INFO - [2025-09-29T15:02:21.387+0000] {dagbag.py:588} INFO - Filling up the DagBag from /home/airflow/.local/lib/python3.12/site-packages/airflow/example_dags/tutorial_objectstorage.py
[2025-09-29T15:02:21.395+0000] {processor.py:925} INFO - DAG(s) 'tutorial_objectstorage' retrieved from /home/airflow/.local/lib/python3.12/site-packages/airflow/example_dags/tutorial_objectstorage.py
[2025-09-29T15:02:21.409+0000] {logging_mixin.py:190} INFO - [2025-09-29T15:02:21.409+0000] {dag.py:3239} INFO - Sync 1 DAGs
[2025-09-29T15:02:21.418+0000] {logging_mixin.py:190} INFO - [2025-09-29T15:02:21.418+0000] {dag.py:4180} INFO - Setting next_dagrun for tutorial_objectstorage to None, run_after=None
[2025-09-29T15:02:21.433+0000] {processor.py:208} INFO - Processing /home/airflow/.local/lib/python3.12/site-packages/airflow/example_dags/tutorial_objectstorage.py took 0.052 seconds
