[2025-09-29T14:34:29.683+0000] {processor.py:186} INFO - Started process (PID=68) to work on /home/airflow/.local/lib/python3.12/site-packages/airflow/example_dags/tutorial.py
[2025-09-29T14:34:29.684+0000] {processor.py:914} INFO - Processing file /home/airflow/.local/lib/python3.12/site-packages/airflow/example_dags/tutorial.py for tasks to queue
[2025-09-29T14:34:29.686+0000] {logging_mixin.py:190} INFO - [2025-09-29T14:34:29.686+0000] {dagbag.py:588} INFO - Filling up the DagBag from /home/airflow/.local/lib/python3.12/site-packages/airflow/example_dags/tutorial.py
[2025-09-29T14:34:29.691+0000] {processor.py:925} INFO - DAG(s) 'tutorial' retrieved from /home/airflow/.local/lib/python3.12/site-packages/airflow/example_dags/tutorial.py
[2025-09-29T14:34:29.710+0000] {logging_mixin.py:190} INFO - [2025-09-29T14:34:29.710+0000] {dag.py:3239} INFO - Sync 1 DAGs
[2025-09-29T14:34:29.722+0000] {logging_mixin.py:190} INFO - [2025-09-29T14:34:29.722+0000] {dag.py:4180} INFO - Setting next_dagrun for tutorial to 2025-09-28 00:00:00+00:00, run_after=2025-09-29 00:00:00+00:00
[2025-09-29T14:34:29.735+0000] {processor.py:208} INFO - Processing /home/airflow/.local/lib/python3.12/site-packages/airflow/example_dags/tutorial.py took 0.056 seconds
[2025-09-29T14:34:59.754+0000] {processor.py:186} INFO - Started process (PID=135) to work on /home/airflow/.local/lib/python3.12/site-packages/airflow/example_dags/tutorial.py
[2025-09-29T14:34:59.756+0000] {processor.py:914} INFO - Processing file /home/airflow/.local/lib/python3.12/site-packages/airflow/example_dags/tutorial.py for tasks to queue
[2025-09-29T14:34:59.758+0000] {logging_mixin.py:190} INFO - [2025-09-29T14:34:59.757+0000] {dagbag.py:588} INFO - Filling up the DagBag from /home/airflow/.local/lib/python3.12/site-packages/airflow/example_dags/tutorial.py
[2025-09-29T14:34:59.763+0000] {processor.py:925} INFO - DAG(s) 'tutorial' retrieved from /home/airflow/.local/lib/python3.12/site-packages/airflow/example_dags/tutorial.py
[2025-09-29T14:34:59.779+0000] {logging_mixin.py:190} INFO - [2025-09-29T14:34:59.779+0000] {dag.py:3239} INFO - Sync 1 DAGs
[2025-09-29T14:34:59.794+0000] {logging_mixin.py:190} INFO - [2025-09-29T14:34:59.794+0000] {dag.py:4180} INFO - Setting next_dagrun for tutorial to 2025-09-28 00:00:00+00:00, run_after=2025-09-29 00:00:00+00:00
[2025-09-29T14:34:59.810+0000] {processor.py:208} INFO - Processing /home/airflow/.local/lib/python3.12/site-packages/airflow/example_dags/tutorial.py took 0.059 seconds
[2025-09-29T14:35:30.107+0000] {processor.py:186} INFO - Started process (PID=199) to work on /home/airflow/.local/lib/python3.12/site-packages/airflow/example_dags/tutorial.py
[2025-09-29T14:35:30.107+0000] {processor.py:914} INFO - Processing file /home/airflow/.local/lib/python3.12/site-packages/airflow/example_dags/tutorial.py for tasks to queue
[2025-09-29T14:35:30.108+0000] {logging_mixin.py:190} INFO - [2025-09-29T14:35:30.108+0000] {dagbag.py:588} INFO - Filling up the DagBag from /home/airflow/.local/lib/python3.12/site-packages/airflow/example_dags/tutorial.py
[2025-09-29T14:35:30.113+0000] {processor.py:925} INFO - DAG(s) 'tutorial' retrieved from /home/airflow/.local/lib/python3.12/site-packages/airflow/example_dags/tutorial.py
[2025-09-29T14:35:30.122+0000] {logging_mixin.py:190} INFO - [2025-09-29T14:35:30.122+0000] {dag.py:3239} INFO - Sync 1 DAGs
[2025-09-29T14:35:30.132+0000] {logging_mixin.py:190} INFO - [2025-09-29T14:35:30.132+0000] {dag.py:4180} INFO - Setting next_dagrun for tutorial to 2025-09-28 00:00:00+00:00, run_after=2025-09-29 00:00:00+00:00
[2025-09-29T14:35:30.139+0000] {processor.py:208} INFO - Processing /home/airflow/.local/lib/python3.12/site-packages/airflow/example_dags/tutorial.py took 0.035 seconds
[2025-09-29T14:36:00.332+0000] {processor.py:186} INFO - Started process (PID=263) to work on /home/airflow/.local/lib/python3.12/site-packages/airflow/example_dags/tutorial.py
[2025-09-29T14:36:00.333+0000] {processor.py:914} INFO - Processing file /home/airflow/.local/lib/python3.12/site-packages/airflow/example_dags/tutorial.py for tasks to queue
[2025-09-29T14:36:00.334+0000] {logging_mixin.py:190} INFO - [2025-09-29T14:36:00.334+0000] {dagbag.py:588} INFO - Filling up the DagBag from /home/airflow/.local/lib/python3.12/site-packages/airflow/example_dags/tutorial.py
[2025-09-29T14:36:00.338+0000] {processor.py:925} INFO - DAG(s) 'tutorial' retrieved from /home/airflow/.local/lib/python3.12/site-packages/airflow/example_dags/tutorial.py
[2025-09-29T14:36:00.348+0000] {logging_mixin.py:190} INFO - [2025-09-29T14:36:00.348+0000] {dag.py:3239} INFO - Sync 1 DAGs
[2025-09-29T14:36:00.360+0000] {logging_mixin.py:190} INFO - [2025-09-29T14:36:00.360+0000] {dag.py:4180} INFO - Setting next_dagrun for tutorial to 2025-09-28 00:00:00+00:00, run_after=2025-09-29 00:00:00+00:00
[2025-09-29T14:36:00.368+0000] {processor.py:208} INFO - Processing /home/airflow/.local/lib/python3.12/site-packages/airflow/example_dags/tutorial.py took 0.039 seconds
[2025-09-29T14:36:30.461+0000] {processor.py:186} INFO - Started process (PID=327) to work on /home/airflow/.local/lib/python3.12/site-packages/airflow/example_dags/tutorial.py
[2025-09-29T14:36:30.462+0000] {processor.py:914} INFO - Processing file /home/airflow/.local/lib/python3.12/site-packages/airflow/example_dags/tutorial.py for tasks to queue
[2025-09-29T14:36:30.463+0000] {logging_mixin.py:190} INFO - [2025-09-29T14:36:30.463+0000] {dagbag.py:588} INFO - Filling up the DagBag from /home/airflow/.local/lib/python3.12/site-packages/airflow/example_dags/tutorial.py
[2025-09-29T14:36:30.468+0000] {processor.py:925} INFO - DAG(s) 'tutorial' retrieved from /home/airflow/.local/lib/python3.12/site-packages/airflow/example_dags/tutorial.py
[2025-09-29T14:36:30.477+0000] {logging_mixin.py:190} INFO - [2025-09-29T14:36:30.477+0000] {dag.py:3239} INFO - Sync 1 DAGs
[2025-09-29T14:36:30.488+0000] {logging_mixin.py:190} INFO - [2025-09-29T14:36:30.488+0000] {dag.py:4180} INFO - Setting next_dagrun for tutorial to 2025-09-28 00:00:00+00:00, run_after=2025-09-29 00:00:00+00:00
[2025-09-29T14:36:30.495+0000] {processor.py:208} INFO - Processing /home/airflow/.local/lib/python3.12/site-packages/airflow/example_dags/tutorial.py took 0.037 seconds
[2025-09-29T14:37:00.726+0000] {processor.py:186} INFO - Started process (PID=391) to work on /home/airflow/.local/lib/python3.12/site-packages/airflow/example_dags/tutorial.py
[2025-09-29T14:37:00.726+0000] {processor.py:914} INFO - Processing file /home/airflow/.local/lib/python3.12/site-packages/airflow/example_dags/tutorial.py for tasks to queue
[2025-09-29T14:37:00.728+0000] {logging_mixin.py:190} INFO - [2025-09-29T14:37:00.727+0000] {dagbag.py:588} INFO - Filling up the DagBag from /home/airflow/.local/lib/python3.12/site-packages/airflow/example_dags/tutorial.py
[2025-09-29T14:37:00.732+0000] {processor.py:925} INFO - DAG(s) 'tutorial' retrieved from /home/airflow/.local/lib/python3.12/site-packages/airflow/example_dags/tutorial.py
[2025-09-29T14:37:00.744+0000] {logging_mixin.py:190} INFO - [2025-09-29T14:37:00.744+0000] {dag.py:3239} INFO - Sync 1 DAGs
[2025-09-29T14:37:00.755+0000] {logging_mixin.py:190} INFO - [2025-09-29T14:37:00.755+0000] {dag.py:4180} INFO - Setting next_dagrun for tutorial to 2025-09-28 00:00:00+00:00, run_after=2025-09-29 00:00:00+00:00
[2025-09-29T14:37:00.765+0000] {processor.py:208} INFO - Processing /home/airflow/.local/lib/python3.12/site-packages/airflow/example_dags/tutorial.py took 0.043 seconds
[2025-09-29T14:37:31.035+0000] {processor.py:186} INFO - Started process (PID=460) to work on /home/airflow/.local/lib/python3.12/site-packages/airflow/example_dags/tutorial.py
[2025-09-29T14:37:31.036+0000] {processor.py:914} INFO - Processing file /home/airflow/.local/lib/python3.12/site-packages/airflow/example_dags/tutorial.py for tasks to queue
[2025-09-29T14:37:31.038+0000] {logging_mixin.py:190} INFO - [2025-09-29T14:37:31.038+0000] {dagbag.py:588} INFO - Filling up the DagBag from /home/airflow/.local/lib/python3.12/site-packages/airflow/example_dags/tutorial.py
[2025-09-29T14:37:31.045+0000] {processor.py:925} INFO - DAG(s) 'tutorial' retrieved from /home/airflow/.local/lib/python3.12/site-packages/airflow/example_dags/tutorial.py
[2025-09-29T14:37:31.058+0000] {logging_mixin.py:190} INFO - [2025-09-29T14:37:31.058+0000] {dag.py:3239} INFO - Sync 1 DAGs
[2025-09-29T14:37:31.070+0000] {logging_mixin.py:190} INFO - [2025-09-29T14:37:31.070+0000] {dag.py:4180} INFO - Setting next_dagrun for tutorial to 2025-09-28 00:00:00+00:00, run_after=2025-09-29 00:00:00+00:00
[2025-09-29T14:37:31.078+0000] {processor.py:208} INFO - Processing /home/airflow/.local/lib/python3.12/site-packages/airflow/example_dags/tutorial.py took 0.046 seconds
[2025-09-29T14:38:01.461+0000] {processor.py:186} INFO - Started process (PID=524) to work on /home/airflow/.local/lib/python3.12/site-packages/airflow/example_dags/tutorial.py
[2025-09-29T14:38:01.462+0000] {processor.py:914} INFO - Processing file /home/airflow/.local/lib/python3.12/site-packages/airflow/example_dags/tutorial.py for tasks to queue
[2025-09-29T14:38:01.463+0000] {logging_mixin.py:190} INFO - [2025-09-29T14:38:01.463+0000] {dagbag.py:588} INFO - Filling up the DagBag from /home/airflow/.local/lib/python3.12/site-packages/airflow/example_dags/tutorial.py
[2025-09-29T14:38:01.467+0000] {processor.py:925} INFO - DAG(s) 'tutorial' retrieved from /home/airflow/.local/lib/python3.12/site-packages/airflow/example_dags/tutorial.py
[2025-09-29T14:38:01.476+0000] {logging_mixin.py:190} INFO - [2025-09-29T14:38:01.476+0000] {dag.py:3239} INFO - Sync 1 DAGs
[2025-09-29T14:38:01.487+0000] {logging_mixin.py:190} INFO - [2025-09-29T14:38:01.487+0000] {dag.py:4180} INFO - Setting next_dagrun for tutorial to 2025-09-28 00:00:00+00:00, run_after=2025-09-29 00:00:00+00:00
[2025-09-29T14:38:01.495+0000] {processor.py:208} INFO - Processing /home/airflow/.local/lib/python3.12/site-packages/airflow/example_dags/tutorial.py took 0.037 seconds
[2025-09-29T14:38:31.838+0000] {processor.py:186} INFO - Started process (PID=596) to work on /home/airflow/.local/lib/python3.12/site-packages/airflow/example_dags/tutorial.py
[2025-09-29T14:38:31.839+0000] {processor.py:914} INFO - Processing file /home/airflow/.local/lib/python3.12/site-packages/airflow/example_dags/tutorial.py for tasks to queue
[2025-09-29T14:38:31.840+0000] {logging_mixin.py:190} INFO - [2025-09-29T14:38:31.840+0000] {dagbag.py:588} INFO - Filling up the DagBag from /home/airflow/.local/lib/python3.12/site-packages/airflow/example_dags/tutorial.py
[2025-09-29T14:38:31.844+0000] {processor.py:925} INFO - DAG(s) 'tutorial' retrieved from /home/airflow/.local/lib/python3.12/site-packages/airflow/example_dags/tutorial.py
[2025-09-29T14:38:31.854+0000] {logging_mixin.py:190} INFO - [2025-09-29T14:38:31.854+0000] {dag.py:3239} INFO - Sync 1 DAGs
[2025-09-29T14:38:31.866+0000] {logging_mixin.py:190} INFO - [2025-09-29T14:38:31.866+0000] {dag.py:4180} INFO - Setting next_dagrun for tutorial to 2025-09-28 00:00:00+00:00, run_after=2025-09-29 00:00:00+00:00
[2025-09-29T14:38:31.874+0000] {processor.py:208} INFO - Processing /home/airflow/.local/lib/python3.12/site-packages/airflow/example_dags/tutorial.py took 0.039 seconds
[2025-09-29T14:39:02.261+0000] {processor.py:186} INFO - Started process (PID=659) to work on /home/airflow/.local/lib/python3.12/site-packages/airflow/example_dags/tutorial.py
[2025-09-29T14:39:02.262+0000] {processor.py:914} INFO - Processing file /home/airflow/.local/lib/python3.12/site-packages/airflow/example_dags/tutorial.py for tasks to queue
[2025-09-29T14:39:02.263+0000] {logging_mixin.py:190} INFO - [2025-09-29T14:39:02.263+0000] {dagbag.py:588} INFO - Filling up the DagBag from /home/airflow/.local/lib/python3.12/site-packages/airflow/example_dags/tutorial.py
[2025-09-29T14:39:02.267+0000] {processor.py:925} INFO - DAG(s) 'tutorial' retrieved from /home/airflow/.local/lib/python3.12/site-packages/airflow/example_dags/tutorial.py
[2025-09-29T14:39:02.277+0000] {logging_mixin.py:190} INFO - [2025-09-29T14:39:02.277+0000] {dag.py:3239} INFO - Sync 1 DAGs
[2025-09-29T14:39:02.288+0000] {logging_mixin.py:190} INFO - [2025-09-29T14:39:02.288+0000] {dag.py:4180} INFO - Setting next_dagrun for tutorial to 2025-09-28 00:00:00+00:00, run_after=2025-09-29 00:00:00+00:00
[2025-09-29T14:39:02.297+0000] {processor.py:208} INFO - Processing /home/airflow/.local/lib/python3.12/site-packages/airflow/example_dags/tutorial.py took 0.039 seconds
[2025-09-29T14:39:32.836+0000] {processor.py:186} INFO - Started process (PID=722) to work on /home/airflow/.local/lib/python3.12/site-packages/airflow/example_dags/tutorial.py
[2025-09-29T14:39:32.837+0000] {processor.py:914} INFO - Processing file /home/airflow/.local/lib/python3.12/site-packages/airflow/example_dags/tutorial.py for tasks to queue
[2025-09-29T14:39:32.838+0000] {logging_mixin.py:190} INFO - [2025-09-29T14:39:32.838+0000] {dagbag.py:588} INFO - Filling up the DagBag from /home/airflow/.local/lib/python3.12/site-packages/airflow/example_dags/tutorial.py
[2025-09-29T14:39:32.842+0000] {processor.py:925} INFO - DAG(s) 'tutorial' retrieved from /home/airflow/.local/lib/python3.12/site-packages/airflow/example_dags/tutorial.py
[2025-09-29T14:39:32.856+0000] {logging_mixin.py:190} INFO - [2025-09-29T14:39:32.856+0000] {dag.py:3239} INFO - Sync 1 DAGs
[2025-09-29T14:39:32.870+0000] {logging_mixin.py:190} INFO - [2025-09-29T14:39:32.870+0000] {dag.py:4180} INFO - Setting next_dagrun for tutorial to 2025-09-28 00:00:00+00:00, run_after=2025-09-29 00:00:00+00:00
[2025-09-29T14:39:32.882+0000] {processor.py:208} INFO - Processing /home/airflow/.local/lib/python3.12/site-packages/airflow/example_dags/tutorial.py took 0.050 seconds
[2025-09-29T14:40:03.309+0000] {processor.py:186} INFO - Started process (PID=786) to work on /home/airflow/.local/lib/python3.12/site-packages/airflow/example_dags/tutorial.py
[2025-09-29T14:40:03.309+0000] {processor.py:914} INFO - Processing file /home/airflow/.local/lib/python3.12/site-packages/airflow/example_dags/tutorial.py for tasks to queue
[2025-09-29T14:40:03.310+0000] {logging_mixin.py:190} INFO - [2025-09-29T14:40:03.310+0000] {dagbag.py:588} INFO - Filling up the DagBag from /home/airflow/.local/lib/python3.12/site-packages/airflow/example_dags/tutorial.py
[2025-09-29T14:40:03.314+0000] {processor.py:925} INFO - DAG(s) 'tutorial' retrieved from /home/airflow/.local/lib/python3.12/site-packages/airflow/example_dags/tutorial.py
[2025-09-29T14:40:03.324+0000] {logging_mixin.py:190} INFO - [2025-09-29T14:40:03.324+0000] {dag.py:3239} INFO - Sync 1 DAGs
[2025-09-29T14:40:03.334+0000] {logging_mixin.py:190} INFO - [2025-09-29T14:40:03.334+0000] {dag.py:4180} INFO - Setting next_dagrun for tutorial to 2025-09-28 00:00:00+00:00, run_after=2025-09-29 00:00:00+00:00
[2025-09-29T14:40:03.342+0000] {processor.py:208} INFO - Processing /home/airflow/.local/lib/python3.12/site-packages/airflow/example_dags/tutorial.py took 0.036 seconds
[2025-09-29T14:40:33.646+0000] {processor.py:186} INFO - Started process (PID=849) to work on /home/airflow/.local/lib/python3.12/site-packages/airflow/example_dags/tutorial.py
[2025-09-29T14:40:33.647+0000] {processor.py:914} INFO - Processing file /home/airflow/.local/lib/python3.12/site-packages/airflow/example_dags/tutorial.py for tasks to queue
[2025-09-29T14:40:33.649+0000] {logging_mixin.py:190} INFO - [2025-09-29T14:40:33.648+0000] {dagbag.py:588} INFO - Filling up the DagBag from /home/airflow/.local/lib/python3.12/site-packages/airflow/example_dags/tutorial.py
[2025-09-29T14:40:33.653+0000] {processor.py:925} INFO - DAG(s) 'tutorial' retrieved from /home/airflow/.local/lib/python3.12/site-packages/airflow/example_dags/tutorial.py
[2025-09-29T14:40:33.665+0000] {logging_mixin.py:190} INFO - [2025-09-29T14:40:33.665+0000] {dag.py:3239} INFO - Sync 1 DAGs
[2025-09-29T14:40:33.677+0000] {logging_mixin.py:190} INFO - [2025-09-29T14:40:33.677+0000] {dag.py:4180} INFO - Setting next_dagrun for tutorial to 2025-09-28 00:00:00+00:00, run_after=2025-09-29 00:00:00+00:00
[2025-09-29T14:40:33.687+0000] {processor.py:208} INFO - Processing /home/airflow/.local/lib/python3.12/site-packages/airflow/example_dags/tutorial.py took 0.044 seconds
[2025-09-29T14:41:04.038+0000] {processor.py:186} INFO - Started process (PID=915) to work on /home/airflow/.local/lib/python3.12/site-packages/airflow/example_dags/tutorial.py
[2025-09-29T14:41:04.038+0000] {processor.py:914} INFO - Processing file /home/airflow/.local/lib/python3.12/site-packages/airflow/example_dags/tutorial.py for tasks to queue
[2025-09-29T14:41:04.039+0000] {logging_mixin.py:190} INFO - [2025-09-29T14:41:04.039+0000] {dagbag.py:588} INFO - Filling up the DagBag from /home/airflow/.local/lib/python3.12/site-packages/airflow/example_dags/tutorial.py
[2025-09-29T14:41:04.044+0000] {processor.py:925} INFO - DAG(s) 'tutorial' retrieved from /home/airflow/.local/lib/python3.12/site-packages/airflow/example_dags/tutorial.py
[2025-09-29T14:41:04.053+0000] {logging_mixin.py:190} INFO - [2025-09-29T14:41:04.053+0000] {dag.py:3239} INFO - Sync 1 DAGs
[2025-09-29T14:41:04.063+0000] {logging_mixin.py:190} INFO - [2025-09-29T14:41:04.063+0000] {dag.py:4180} INFO - Setting next_dagrun for tutorial to 2025-09-28 00:00:00+00:00, run_after=2025-09-29 00:00:00+00:00
[2025-09-29T14:41:04.071+0000] {processor.py:208} INFO - Processing /home/airflow/.local/lib/python3.12/site-packages/airflow/example_dags/tutorial.py took 0.036 seconds
[2025-09-29T14:41:34.328+0000] {processor.py:186} INFO - Started process (PID=979) to work on /home/airflow/.local/lib/python3.12/site-packages/airflow/example_dags/tutorial.py
[2025-09-29T14:41:34.329+0000] {processor.py:914} INFO - Processing file /home/airflow/.local/lib/python3.12/site-packages/airflow/example_dags/tutorial.py for tasks to queue
[2025-09-29T14:41:34.330+0000] {logging_mixin.py:190} INFO - [2025-09-29T14:41:34.330+0000] {dagbag.py:588} INFO - Filling up the DagBag from /home/airflow/.local/lib/python3.12/site-packages/airflow/example_dags/tutorial.py
[2025-09-29T14:41:34.334+0000] {processor.py:925} INFO - DAG(s) 'tutorial' retrieved from /home/airflow/.local/lib/python3.12/site-packages/airflow/example_dags/tutorial.py
[2025-09-29T14:41:34.348+0000] {logging_mixin.py:190} INFO - [2025-09-29T14:41:34.348+0000] {dag.py:3239} INFO - Sync 1 DAGs
[2025-09-29T14:41:34.359+0000] {logging_mixin.py:190} INFO - [2025-09-29T14:41:34.359+0000] {dag.py:4180} INFO - Setting next_dagrun for tutorial to 2025-09-28 00:00:00+00:00, run_after=2025-09-29 00:00:00+00:00
[2025-09-29T14:41:34.370+0000] {processor.py:208} INFO - Processing /home/airflow/.local/lib/python3.12/site-packages/airflow/example_dags/tutorial.py took 0.045 seconds
[2025-09-29T14:42:04.868+0000] {processor.py:186} INFO - Started process (PID=1044) to work on /home/airflow/.local/lib/python3.12/site-packages/airflow/example_dags/tutorial.py
[2025-09-29T14:42:04.868+0000] {processor.py:914} INFO - Processing file /home/airflow/.local/lib/python3.12/site-packages/airflow/example_dags/tutorial.py for tasks to queue
[2025-09-29T14:42:04.870+0000] {logging_mixin.py:190} INFO - [2025-09-29T14:42:04.870+0000] {dagbag.py:588} INFO - Filling up the DagBag from /home/airflow/.local/lib/python3.12/site-packages/airflow/example_dags/tutorial.py
[2025-09-29T14:42:04.875+0000] {processor.py:925} INFO - DAG(s) 'tutorial' retrieved from /home/airflow/.local/lib/python3.12/site-packages/airflow/example_dags/tutorial.py
[2025-09-29T14:42:04.886+0000] {logging_mixin.py:190} INFO - [2025-09-29T14:42:04.886+0000] {dag.py:3239} INFO - Sync 1 DAGs
[2025-09-29T14:42:04.899+0000] {logging_mixin.py:190} INFO - [2025-09-29T14:42:04.899+0000] {dag.py:4180} INFO - Setting next_dagrun for tutorial to 2025-09-28 00:00:00+00:00, run_after=2025-09-29 00:00:00+00:00
[2025-09-29T14:42:04.908+0000] {processor.py:208} INFO - Processing /home/airflow/.local/lib/python3.12/site-packages/airflow/example_dags/tutorial.py took 0.044 seconds
[2025-09-29T14:42:35.234+0000] {processor.py:186} INFO - Started process (PID=1108) to work on /home/airflow/.local/lib/python3.12/site-packages/airflow/example_dags/tutorial.py
[2025-09-29T14:42:35.235+0000] {processor.py:914} INFO - Processing file /home/airflow/.local/lib/python3.12/site-packages/airflow/example_dags/tutorial.py for tasks to queue
[2025-09-29T14:42:35.236+0000] {logging_mixin.py:190} INFO - [2025-09-29T14:42:35.236+0000] {dagbag.py:588} INFO - Filling up the DagBag from /home/airflow/.local/lib/python3.12/site-packages/airflow/example_dags/tutorial.py
[2025-09-29T14:42:35.240+0000] {processor.py:925} INFO - DAG(s) 'tutorial' retrieved from /home/airflow/.local/lib/python3.12/site-packages/airflow/example_dags/tutorial.py
[2025-09-29T14:42:35.249+0000] {logging_mixin.py:190} INFO - [2025-09-29T14:42:35.249+0000] {dag.py:3239} INFO - Sync 1 DAGs
[2025-09-29T14:42:35.261+0000] {logging_mixin.py:190} INFO - [2025-09-29T14:42:35.261+0000] {dag.py:4180} INFO - Setting next_dagrun for tutorial to 2025-09-28 00:00:00+00:00, run_after=2025-09-29 00:00:00+00:00
[2025-09-29T14:42:35.270+0000] {processor.py:208} INFO - Processing /home/airflow/.local/lib/python3.12/site-packages/airflow/example_dags/tutorial.py took 0.039 seconds
[2025-09-29T14:43:05.528+0000] {processor.py:186} INFO - Started process (PID=1172) to work on /home/airflow/.local/lib/python3.12/site-packages/airflow/example_dags/tutorial.py
[2025-09-29T14:43:05.529+0000] {processor.py:914} INFO - Processing file /home/airflow/.local/lib/python3.12/site-packages/airflow/example_dags/tutorial.py for tasks to queue
[2025-09-29T14:43:05.531+0000] {logging_mixin.py:190} INFO - [2025-09-29T14:43:05.531+0000] {dagbag.py:588} INFO - Filling up the DagBag from /home/airflow/.local/lib/python3.12/site-packages/airflow/example_dags/tutorial.py
[2025-09-29T14:43:05.535+0000] {processor.py:925} INFO - DAG(s) 'tutorial' retrieved from /home/airflow/.local/lib/python3.12/site-packages/airflow/example_dags/tutorial.py
[2025-09-29T14:43:05.546+0000] {logging_mixin.py:190} INFO - [2025-09-29T14:43:05.546+0000] {dag.py:3239} INFO - Sync 1 DAGs
[2025-09-29T14:43:05.557+0000] {logging_mixin.py:190} INFO - [2025-09-29T14:43:05.557+0000] {dag.py:4180} INFO - Setting next_dagrun for tutorial to 2025-09-28 00:00:00+00:00, run_after=2025-09-29 00:00:00+00:00
[2025-09-29T14:43:05.565+0000] {processor.py:208} INFO - Processing /home/airflow/.local/lib/python3.12/site-packages/airflow/example_dags/tutorial.py took 0.040 seconds
[2025-09-29T14:43:35.823+0000] {processor.py:186} INFO - Started process (PID=1236) to work on /home/airflow/.local/lib/python3.12/site-packages/airflow/example_dags/tutorial.py
[2025-09-29T14:43:35.823+0000] {processor.py:914} INFO - Processing file /home/airflow/.local/lib/python3.12/site-packages/airflow/example_dags/tutorial.py for tasks to queue
[2025-09-29T14:43:35.824+0000] {logging_mixin.py:190} INFO - [2025-09-29T14:43:35.824+0000] {dagbag.py:588} INFO - Filling up the DagBag from /home/airflow/.local/lib/python3.12/site-packages/airflow/example_dags/tutorial.py
[2025-09-29T14:43:35.829+0000] {processor.py:925} INFO - DAG(s) 'tutorial' retrieved from /home/airflow/.local/lib/python3.12/site-packages/airflow/example_dags/tutorial.py
[2025-09-29T14:43:35.839+0000] {logging_mixin.py:190} INFO - [2025-09-29T14:43:35.839+0000] {dag.py:3239} INFO - Sync 1 DAGs
[2025-09-29T14:43:35.849+0000] {logging_mixin.py:190} INFO - [2025-09-29T14:43:35.849+0000] {dag.py:4180} INFO - Setting next_dagrun for tutorial to 2025-09-28 00:00:00+00:00, run_after=2025-09-29 00:00:00+00:00
[2025-09-29T14:43:35.857+0000] {processor.py:208} INFO - Processing /home/airflow/.local/lib/python3.12/site-packages/airflow/example_dags/tutorial.py took 0.037 seconds
[2025-09-29T14:44:06.523+0000] {processor.py:186} INFO - Started process (PID=1300) to work on /home/airflow/.local/lib/python3.12/site-packages/airflow/example_dags/tutorial.py
[2025-09-29T14:44:06.525+0000] {processor.py:914} INFO - Processing file /home/airflow/.local/lib/python3.12/site-packages/airflow/example_dags/tutorial.py for tasks to queue
[2025-09-29T14:44:06.527+0000] {logging_mixin.py:190} INFO - [2025-09-29T14:44:06.527+0000] {dagbag.py:588} INFO - Filling up the DagBag from /home/airflow/.local/lib/python3.12/site-packages/airflow/example_dags/tutorial.py
[2025-09-29T14:44:06.532+0000] {processor.py:925} INFO - DAG(s) 'tutorial' retrieved from /home/airflow/.local/lib/python3.12/site-packages/airflow/example_dags/tutorial.py
[2025-09-29T14:44:06.543+0000] {logging_mixin.py:190} INFO - [2025-09-29T14:44:06.543+0000] {dag.py:3239} INFO - Sync 1 DAGs
[2025-09-29T14:44:06.555+0000] {logging_mixin.py:190} INFO - [2025-09-29T14:44:06.555+0000] {dag.py:4180} INFO - Setting next_dagrun for tutorial to 2025-09-28 00:00:00+00:00, run_after=2025-09-29 00:00:00+00:00
[2025-09-29T14:44:06.564+0000] {processor.py:208} INFO - Processing /home/airflow/.local/lib/python3.12/site-packages/airflow/example_dags/tutorial.py took 0.045 seconds
[2025-09-29T14:44:36.940+0000] {processor.py:186} INFO - Started process (PID=1363) to work on /home/airflow/.local/lib/python3.12/site-packages/airflow/example_dags/tutorial.py
[2025-09-29T14:44:36.941+0000] {processor.py:914} INFO - Processing file /home/airflow/.local/lib/python3.12/site-packages/airflow/example_dags/tutorial.py for tasks to queue
[2025-09-29T14:44:36.942+0000] {logging_mixin.py:190} INFO - [2025-09-29T14:44:36.942+0000] {dagbag.py:588} INFO - Filling up the DagBag from /home/airflow/.local/lib/python3.12/site-packages/airflow/example_dags/tutorial.py
[2025-09-29T14:44:36.946+0000] {processor.py:925} INFO - DAG(s) 'tutorial' retrieved from /home/airflow/.local/lib/python3.12/site-packages/airflow/example_dags/tutorial.py
[2025-09-29T14:44:36.956+0000] {logging_mixin.py:190} INFO - [2025-09-29T14:44:36.956+0000] {dag.py:3239} INFO - Sync 1 DAGs
[2025-09-29T14:44:36.968+0000] {logging_mixin.py:190} INFO - [2025-09-29T14:44:36.968+0000] {dag.py:4180} INFO - Setting next_dagrun for tutorial to 2025-09-28 00:00:00+00:00, run_after=2025-09-29 00:00:00+00:00
[2025-09-29T14:44:36.978+0000] {processor.py:208} INFO - Processing /home/airflow/.local/lib/python3.12/site-packages/airflow/example_dags/tutorial.py took 0.040 seconds
[2025-09-29T14:45:07.332+0000] {processor.py:186} INFO - Started process (PID=1427) to work on /home/airflow/.local/lib/python3.12/site-packages/airflow/example_dags/tutorial.py
[2025-09-29T14:45:07.333+0000] {processor.py:914} INFO - Processing file /home/airflow/.local/lib/python3.12/site-packages/airflow/example_dags/tutorial.py for tasks to queue
[2025-09-29T14:45:07.334+0000] {logging_mixin.py:190} INFO - [2025-09-29T14:45:07.334+0000] {dagbag.py:588} INFO - Filling up the DagBag from /home/airflow/.local/lib/python3.12/site-packages/airflow/example_dags/tutorial.py
[2025-09-29T14:45:07.338+0000] {processor.py:925} INFO - DAG(s) 'tutorial' retrieved from /home/airflow/.local/lib/python3.12/site-packages/airflow/example_dags/tutorial.py
[2025-09-29T14:45:07.354+0000] {logging_mixin.py:190} INFO - [2025-09-29T14:45:07.354+0000] {dag.py:3239} INFO - Sync 1 DAGs
[2025-09-29T14:45:07.372+0000] {logging_mixin.py:190} INFO - [2025-09-29T14:45:07.371+0000] {dag.py:4180} INFO - Setting next_dagrun for tutorial to 2025-09-28 00:00:00+00:00, run_after=2025-09-29 00:00:00+00:00
[2025-09-29T14:45:07.380+0000] {processor.py:208} INFO - Processing /home/airflow/.local/lib/python3.12/site-packages/airflow/example_dags/tutorial.py took 0.052 seconds
[2025-09-29T14:45:37.827+0000] {processor.py:186} INFO - Started process (PID=1491) to work on /home/airflow/.local/lib/python3.12/site-packages/airflow/example_dags/tutorial.py
[2025-09-29T14:45:37.829+0000] {processor.py:914} INFO - Processing file /home/airflow/.local/lib/python3.12/site-packages/airflow/example_dags/tutorial.py for tasks to queue
[2025-09-29T14:45:37.830+0000] {logging_mixin.py:190} INFO - [2025-09-29T14:45:37.830+0000] {dagbag.py:588} INFO - Filling up the DagBag from /home/airflow/.local/lib/python3.12/site-packages/airflow/example_dags/tutorial.py
[2025-09-29T14:45:37.834+0000] {processor.py:925} INFO - DAG(s) 'tutorial' retrieved from /home/airflow/.local/lib/python3.12/site-packages/airflow/example_dags/tutorial.py
[2025-09-29T14:45:37.845+0000] {logging_mixin.py:190} INFO - [2025-09-29T14:45:37.844+0000] {dag.py:3239} INFO - Sync 1 DAGs
[2025-09-29T14:45:37.857+0000] {logging_mixin.py:190} INFO - [2025-09-29T14:45:37.857+0000] {dag.py:4180} INFO - Setting next_dagrun for tutorial to 2025-09-28 00:00:00+00:00, run_after=2025-09-29 00:00:00+00:00
[2025-09-29T14:45:37.866+0000] {processor.py:208} INFO - Processing /home/airflow/.local/lib/python3.12/site-packages/airflow/example_dags/tutorial.py took 0.043 seconds
[2025-09-29T14:46:08.370+0000] {processor.py:186} INFO - Started process (PID=1555) to work on /home/airflow/.local/lib/python3.12/site-packages/airflow/example_dags/tutorial.py
[2025-09-29T14:46:08.372+0000] {processor.py:914} INFO - Processing file /home/airflow/.local/lib/python3.12/site-packages/airflow/example_dags/tutorial.py for tasks to queue
[2025-09-29T14:46:08.373+0000] {logging_mixin.py:190} INFO - [2025-09-29T14:46:08.373+0000] {dagbag.py:588} INFO - Filling up the DagBag from /home/airflow/.local/lib/python3.12/site-packages/airflow/example_dags/tutorial.py
[2025-09-29T14:46:08.378+0000] {processor.py:925} INFO - DAG(s) 'tutorial' retrieved from /home/airflow/.local/lib/python3.12/site-packages/airflow/example_dags/tutorial.py
[2025-09-29T14:46:08.393+0000] {logging_mixin.py:190} INFO - [2025-09-29T14:46:08.393+0000] {dag.py:3239} INFO - Sync 1 DAGs
[2025-09-29T14:46:08.406+0000] {logging_mixin.py:190} INFO - [2025-09-29T14:46:08.406+0000] {dag.py:4180} INFO - Setting next_dagrun for tutorial to 2025-09-28 00:00:00+00:00, run_after=2025-09-29 00:00:00+00:00
[2025-09-29T14:46:08.415+0000] {processor.py:208} INFO - Processing /home/airflow/.local/lib/python3.12/site-packages/airflow/example_dags/tutorial.py took 0.048 seconds
[2025-09-29T14:46:38.979+0000] {processor.py:186} INFO - Started process (PID=1619) to work on /home/airflow/.local/lib/python3.12/site-packages/airflow/example_dags/tutorial.py
[2025-09-29T14:46:38.980+0000] {processor.py:914} INFO - Processing file /home/airflow/.local/lib/python3.12/site-packages/airflow/example_dags/tutorial.py for tasks to queue
[2025-09-29T14:46:38.981+0000] {logging_mixin.py:190} INFO - [2025-09-29T14:46:38.981+0000] {dagbag.py:588} INFO - Filling up the DagBag from /home/airflow/.local/lib/python3.12/site-packages/airflow/example_dags/tutorial.py
[2025-09-29T14:46:38.987+0000] {processor.py:925} INFO - DAG(s) 'tutorial' retrieved from /home/airflow/.local/lib/python3.12/site-packages/airflow/example_dags/tutorial.py
[2025-09-29T14:46:38.997+0000] {logging_mixin.py:190} INFO - [2025-09-29T14:46:38.997+0000] {dag.py:3239} INFO - Sync 1 DAGs
[2025-09-29T14:46:39.008+0000] {logging_mixin.py:190} INFO - [2025-09-29T14:46:39.008+0000] {dag.py:4180} INFO - Setting next_dagrun for tutorial to 2025-09-28 00:00:00+00:00, run_after=2025-09-29 00:00:00+00:00
[2025-09-29T14:46:39.017+0000] {processor.py:208} INFO - Processing /home/airflow/.local/lib/python3.12/site-packages/airflow/example_dags/tutorial.py took 0.041 seconds
[2025-09-29T14:47:09.252+0000] {processor.py:186} INFO - Started process (PID=1683) to work on /home/airflow/.local/lib/python3.12/site-packages/airflow/example_dags/tutorial.py
[2025-09-29T14:47:09.252+0000] {processor.py:914} INFO - Processing file /home/airflow/.local/lib/python3.12/site-packages/airflow/example_dags/tutorial.py for tasks to queue
[2025-09-29T14:47:09.253+0000] {logging_mixin.py:190} INFO - [2025-09-29T14:47:09.253+0000] {dagbag.py:588} INFO - Filling up the DagBag from /home/airflow/.local/lib/python3.12/site-packages/airflow/example_dags/tutorial.py
[2025-09-29T14:47:09.258+0000] {processor.py:925} INFO - DAG(s) 'tutorial' retrieved from /home/airflow/.local/lib/python3.12/site-packages/airflow/example_dags/tutorial.py
[2025-09-29T14:47:09.267+0000] {logging_mixin.py:190} INFO - [2025-09-29T14:47:09.267+0000] {dag.py:3239} INFO - Sync 1 DAGs
[2025-09-29T14:47:09.279+0000] {logging_mixin.py:190} INFO - [2025-09-29T14:47:09.279+0000] {dag.py:4180} INFO - Setting next_dagrun for tutorial to 2025-09-28 00:00:00+00:00, run_after=2025-09-29 00:00:00+00:00
[2025-09-29T14:47:09.290+0000] {processor.py:208} INFO - Processing /home/airflow/.local/lib/python3.12/site-packages/airflow/example_dags/tutorial.py took 0.042 seconds
[2025-09-29T14:47:39.760+0000] {processor.py:186} INFO - Started process (PID=1747) to work on /home/airflow/.local/lib/python3.12/site-packages/airflow/example_dags/tutorial.py
[2025-09-29T14:47:39.761+0000] {processor.py:914} INFO - Processing file /home/airflow/.local/lib/python3.12/site-packages/airflow/example_dags/tutorial.py for tasks to queue
[2025-09-29T14:47:39.762+0000] {logging_mixin.py:190} INFO - [2025-09-29T14:47:39.762+0000] {dagbag.py:588} INFO - Filling up the DagBag from /home/airflow/.local/lib/python3.12/site-packages/airflow/example_dags/tutorial.py
[2025-09-29T14:47:39.766+0000] {processor.py:925} INFO - DAG(s) 'tutorial' retrieved from /home/airflow/.local/lib/python3.12/site-packages/airflow/example_dags/tutorial.py
[2025-09-29T14:47:39.775+0000] {logging_mixin.py:190} INFO - [2025-09-29T14:47:39.775+0000] {dag.py:3239} INFO - Sync 1 DAGs
[2025-09-29T14:47:39.785+0000] {logging_mixin.py:190} INFO - [2025-09-29T14:47:39.785+0000] {dag.py:4180} INFO - Setting next_dagrun for tutorial to 2025-09-28 00:00:00+00:00, run_after=2025-09-29 00:00:00+00:00
[2025-09-29T14:47:39.794+0000] {processor.py:208} INFO - Processing /home/airflow/.local/lib/python3.12/site-packages/airflow/example_dags/tutorial.py took 0.036 seconds
[2025-09-29T14:48:10.086+0000] {processor.py:186} INFO - Started process (PID=1811) to work on /home/airflow/.local/lib/python3.12/site-packages/airflow/example_dags/tutorial.py
[2025-09-29T14:48:10.088+0000] {processor.py:914} INFO - Processing file /home/airflow/.local/lib/python3.12/site-packages/airflow/example_dags/tutorial.py for tasks to queue
[2025-09-29T14:48:10.089+0000] {logging_mixin.py:190} INFO - [2025-09-29T14:48:10.089+0000] {dagbag.py:588} INFO - Filling up the DagBag from /home/airflow/.local/lib/python3.12/site-packages/airflow/example_dags/tutorial.py
[2025-09-29T14:48:10.093+0000] {processor.py:925} INFO - DAG(s) 'tutorial' retrieved from /home/airflow/.local/lib/python3.12/site-packages/airflow/example_dags/tutorial.py
[2025-09-29T14:48:10.105+0000] {logging_mixin.py:190} INFO - [2025-09-29T14:48:10.105+0000] {dag.py:3239} INFO - Sync 1 DAGs
[2025-09-29T14:48:10.116+0000] {logging_mixin.py:190} INFO - [2025-09-29T14:48:10.116+0000] {dag.py:4180} INFO - Setting next_dagrun for tutorial to 2025-09-28 00:00:00+00:00, run_after=2025-09-29 00:00:00+00:00
[2025-09-29T14:48:10.125+0000] {processor.py:208} INFO - Processing /home/airflow/.local/lib/python3.12/site-packages/airflow/example_dags/tutorial.py took 0.041 seconds
[2025-09-29T14:48:40.488+0000] {processor.py:186} INFO - Started process (PID=1875) to work on /home/airflow/.local/lib/python3.12/site-packages/airflow/example_dags/tutorial.py
[2025-09-29T14:48:40.488+0000] {processor.py:914} INFO - Processing file /home/airflow/.local/lib/python3.12/site-packages/airflow/example_dags/tutorial.py for tasks to queue
[2025-09-29T14:48:40.489+0000] {logging_mixin.py:190} INFO - [2025-09-29T14:48:40.489+0000] {dagbag.py:588} INFO - Filling up the DagBag from /home/airflow/.local/lib/python3.12/site-packages/airflow/example_dags/tutorial.py
[2025-09-29T14:48:40.493+0000] {processor.py:925} INFO - DAG(s) 'tutorial' retrieved from /home/airflow/.local/lib/python3.12/site-packages/airflow/example_dags/tutorial.py
[2025-09-29T14:48:40.504+0000] {logging_mixin.py:190} INFO - [2025-09-29T14:48:40.503+0000] {dag.py:3239} INFO - Sync 1 DAGs
[2025-09-29T14:48:40.514+0000] {logging_mixin.py:190} INFO - [2025-09-29T14:48:40.513+0000] {dag.py:4180} INFO - Setting next_dagrun for tutorial to 2025-09-28 00:00:00+00:00, run_after=2025-09-29 00:00:00+00:00
[2025-09-29T14:48:40.523+0000] {processor.py:208} INFO - Processing /home/airflow/.local/lib/python3.12/site-packages/airflow/example_dags/tutorial.py took 0.038 seconds
[2025-09-29T14:49:10.606+0000] {processor.py:186} INFO - Started process (PID=1939) to work on /home/airflow/.local/lib/python3.12/site-packages/airflow/example_dags/tutorial.py
[2025-09-29T14:49:10.608+0000] {processor.py:914} INFO - Processing file /home/airflow/.local/lib/python3.12/site-packages/airflow/example_dags/tutorial.py for tasks to queue
[2025-09-29T14:49:10.609+0000] {logging_mixin.py:190} INFO - [2025-09-29T14:49:10.609+0000] {dagbag.py:588} INFO - Filling up the DagBag from /home/airflow/.local/lib/python3.12/site-packages/airflow/example_dags/tutorial.py
[2025-09-29T14:49:10.614+0000] {processor.py:925} INFO - DAG(s) 'tutorial' retrieved from /home/airflow/.local/lib/python3.12/site-packages/airflow/example_dags/tutorial.py
[2025-09-29T14:49:10.623+0000] {logging_mixin.py:190} INFO - [2025-09-29T14:49:10.622+0000] {dag.py:3239} INFO - Sync 1 DAGs
[2025-09-29T14:49:10.633+0000] {logging_mixin.py:190} INFO - [2025-09-29T14:49:10.633+0000] {dag.py:4180} INFO - Setting next_dagrun for tutorial to 2025-09-28 00:00:00+00:00, run_after=2025-09-29 00:00:00+00:00
[2025-09-29T14:49:10.642+0000] {processor.py:208} INFO - Processing /home/airflow/.local/lib/python3.12/site-packages/airflow/example_dags/tutorial.py took 0.039 seconds
[2025-09-29T14:49:41.180+0000] {processor.py:186} INFO - Started process (PID=2003) to work on /home/airflow/.local/lib/python3.12/site-packages/airflow/example_dags/tutorial.py
[2025-09-29T14:49:41.180+0000] {processor.py:914} INFO - Processing file /home/airflow/.local/lib/python3.12/site-packages/airflow/example_dags/tutorial.py for tasks to queue
[2025-09-29T14:49:41.182+0000] {logging_mixin.py:190} INFO - [2025-09-29T14:49:41.181+0000] {dagbag.py:588} INFO - Filling up the DagBag from /home/airflow/.local/lib/python3.12/site-packages/airflow/example_dags/tutorial.py
[2025-09-29T14:49:41.186+0000] {processor.py:925} INFO - DAG(s) 'tutorial' retrieved from /home/airflow/.local/lib/python3.12/site-packages/airflow/example_dags/tutorial.py
[2025-09-29T14:49:41.196+0000] {logging_mixin.py:190} INFO - [2025-09-29T14:49:41.195+0000] {dag.py:3239} INFO - Sync 1 DAGs
[2025-09-29T14:49:41.207+0000] {logging_mixin.py:190} INFO - [2025-09-29T14:49:41.206+0000] {dag.py:4180} INFO - Setting next_dagrun for tutorial to 2025-09-28 00:00:00+00:00, run_after=2025-09-29 00:00:00+00:00
[2025-09-29T14:49:41.216+0000] {processor.py:208} INFO - Processing /home/airflow/.local/lib/python3.12/site-packages/airflow/example_dags/tutorial.py took 0.039 seconds
[2025-09-29T14:50:11.487+0000] {processor.py:186} INFO - Started process (PID=2067) to work on /home/airflow/.local/lib/python3.12/site-packages/airflow/example_dags/tutorial.py
[2025-09-29T14:50:11.487+0000] {processor.py:914} INFO - Processing file /home/airflow/.local/lib/python3.12/site-packages/airflow/example_dags/tutorial.py for tasks to queue
[2025-09-29T14:50:11.488+0000] {logging_mixin.py:190} INFO - [2025-09-29T14:50:11.488+0000] {dagbag.py:588} INFO - Filling up the DagBag from /home/airflow/.local/lib/python3.12/site-packages/airflow/example_dags/tutorial.py
[2025-09-29T14:50:11.492+0000] {processor.py:925} INFO - DAG(s) 'tutorial' retrieved from /home/airflow/.local/lib/python3.12/site-packages/airflow/example_dags/tutorial.py
[2025-09-29T14:50:11.502+0000] {logging_mixin.py:190} INFO - [2025-09-29T14:50:11.502+0000] {dag.py:3239} INFO - Sync 1 DAGs
[2025-09-29T14:50:11.512+0000] {logging_mixin.py:190} INFO - [2025-09-29T14:50:11.512+0000] {dag.py:4180} INFO - Setting next_dagrun for tutorial to 2025-09-28 00:00:00+00:00, run_after=2025-09-29 00:00:00+00:00
[2025-09-29T14:50:11.519+0000] {processor.py:208} INFO - Processing /home/airflow/.local/lib/python3.12/site-packages/airflow/example_dags/tutorial.py took 0.035 seconds
[2025-09-29T14:50:41.792+0000] {processor.py:186} INFO - Started process (PID=2131) to work on /home/airflow/.local/lib/python3.12/site-packages/airflow/example_dags/tutorial.py
[2025-09-29T14:50:41.793+0000] {processor.py:914} INFO - Processing file /home/airflow/.local/lib/python3.12/site-packages/airflow/example_dags/tutorial.py for tasks to queue
[2025-09-29T14:50:41.794+0000] {logging_mixin.py:190} INFO - [2025-09-29T14:50:41.794+0000] {dagbag.py:588} INFO - Filling up the DagBag from /home/airflow/.local/lib/python3.12/site-packages/airflow/example_dags/tutorial.py
[2025-09-29T14:50:41.799+0000] {processor.py:925} INFO - DAG(s) 'tutorial' retrieved from /home/airflow/.local/lib/python3.12/site-packages/airflow/example_dags/tutorial.py
[2025-09-29T14:50:41.813+0000] {logging_mixin.py:190} INFO - [2025-09-29T14:50:41.813+0000] {dag.py:3239} INFO - Sync 1 DAGs
[2025-09-29T14:50:41.824+0000] {logging_mixin.py:190} INFO - [2025-09-29T14:50:41.824+0000] {dag.py:4180} INFO - Setting next_dagrun for tutorial to 2025-09-28 00:00:00+00:00, run_after=2025-09-29 00:00:00+00:00
[2025-09-29T14:50:41.832+0000] {processor.py:208} INFO - Processing /home/airflow/.local/lib/python3.12/site-packages/airflow/example_dags/tutorial.py took 0.043 seconds
[2025-09-29T14:51:11.975+0000] {processor.py:186} INFO - Started process (PID=2195) to work on /home/airflow/.local/lib/python3.12/site-packages/airflow/example_dags/tutorial.py
[2025-09-29T14:51:11.975+0000] {processor.py:914} INFO - Processing file /home/airflow/.local/lib/python3.12/site-packages/airflow/example_dags/tutorial.py for tasks to queue
[2025-09-29T14:51:11.976+0000] {logging_mixin.py:190} INFO - [2025-09-29T14:51:11.976+0000] {dagbag.py:588} INFO - Filling up the DagBag from /home/airflow/.local/lib/python3.12/site-packages/airflow/example_dags/tutorial.py
[2025-09-29T14:51:11.981+0000] {processor.py:925} INFO - DAG(s) 'tutorial' retrieved from /home/airflow/.local/lib/python3.12/site-packages/airflow/example_dags/tutorial.py
[2025-09-29T14:51:11.991+0000] {logging_mixin.py:190} INFO - [2025-09-29T14:51:11.990+0000] {dag.py:3239} INFO - Sync 1 DAGs
[2025-09-29T14:51:12.001+0000] {logging_mixin.py:190} INFO - [2025-09-29T14:51:12.001+0000] {dag.py:4180} INFO - Setting next_dagrun for tutorial to 2025-09-28 00:00:00+00:00, run_after=2025-09-29 00:00:00+00:00
[2025-09-29T14:51:12.009+0000] {processor.py:208} INFO - Processing /home/airflow/.local/lib/python3.12/site-packages/airflow/example_dags/tutorial.py took 0.037 seconds
[2025-09-29T14:51:42.402+0000] {processor.py:186} INFO - Started process (PID=2259) to work on /home/airflow/.local/lib/python3.12/site-packages/airflow/example_dags/tutorial.py
[2025-09-29T14:51:42.403+0000] {processor.py:914} INFO - Processing file /home/airflow/.local/lib/python3.12/site-packages/airflow/example_dags/tutorial.py for tasks to queue
[2025-09-29T14:51:42.404+0000] {logging_mixin.py:190} INFO - [2025-09-29T14:51:42.404+0000] {dagbag.py:588} INFO - Filling up the DagBag from /home/airflow/.local/lib/python3.12/site-packages/airflow/example_dags/tutorial.py
[2025-09-29T14:51:42.408+0000] {processor.py:925} INFO - DAG(s) 'tutorial' retrieved from /home/airflow/.local/lib/python3.12/site-packages/airflow/example_dags/tutorial.py
[2025-09-29T14:51:42.417+0000] {logging_mixin.py:190} INFO - [2025-09-29T14:51:42.417+0000] {dag.py:3239} INFO - Sync 1 DAGs
[2025-09-29T14:51:42.428+0000] {logging_mixin.py:190} INFO - [2025-09-29T14:51:42.428+0000] {dag.py:4180} INFO - Setting next_dagrun for tutorial to 2025-09-28 00:00:00+00:00, run_after=2025-09-29 00:00:00+00:00
[2025-09-29T14:51:42.436+0000] {processor.py:208} INFO - Processing /home/airflow/.local/lib/python3.12/site-packages/airflow/example_dags/tutorial.py took 0.037 seconds
[2025-09-29T14:52:12.687+0000] {processor.py:186} INFO - Started process (PID=2322) to work on /home/airflow/.local/lib/python3.12/site-packages/airflow/example_dags/tutorial.py
[2025-09-29T14:52:12.689+0000] {processor.py:914} INFO - Processing file /home/airflow/.local/lib/python3.12/site-packages/airflow/example_dags/tutorial.py for tasks to queue
[2025-09-29T14:52:12.690+0000] {logging_mixin.py:190} INFO - [2025-09-29T14:52:12.690+0000] {dagbag.py:588} INFO - Filling up the DagBag from /home/airflow/.local/lib/python3.12/site-packages/airflow/example_dags/tutorial.py
[2025-09-29T14:52:12.695+0000] {processor.py:925} INFO - DAG(s) 'tutorial' retrieved from /home/airflow/.local/lib/python3.12/site-packages/airflow/example_dags/tutorial.py
[2025-09-29T14:52:12.704+0000] {logging_mixin.py:190} INFO - [2025-09-29T14:52:12.704+0000] {dag.py:3239} INFO - Sync 1 DAGs
[2025-09-29T14:52:12.715+0000] {logging_mixin.py:190} INFO - [2025-09-29T14:52:12.715+0000] {dag.py:4180} INFO - Setting next_dagrun for tutorial to 2025-09-28 00:00:00+00:00, run_after=2025-09-29 00:00:00+00:00
[2025-09-29T14:52:12.723+0000] {processor.py:208} INFO - Processing /home/airflow/.local/lib/python3.12/site-packages/airflow/example_dags/tutorial.py took 0.040 seconds
[2025-09-29T14:52:42.901+0000] {processor.py:186} INFO - Started process (PID=2385) to work on /home/airflow/.local/lib/python3.12/site-packages/airflow/example_dags/tutorial.py
[2025-09-29T14:52:42.902+0000] {processor.py:914} INFO - Processing file /home/airflow/.local/lib/python3.12/site-packages/airflow/example_dags/tutorial.py for tasks to queue
[2025-09-29T14:52:42.902+0000] {logging_mixin.py:190} INFO - [2025-09-29T14:52:42.902+0000] {dagbag.py:588} INFO - Filling up the DagBag from /home/airflow/.local/lib/python3.12/site-packages/airflow/example_dags/tutorial.py
[2025-09-29T14:52:42.907+0000] {processor.py:925} INFO - DAG(s) 'tutorial' retrieved from /home/airflow/.local/lib/python3.12/site-packages/airflow/example_dags/tutorial.py
[2025-09-29T14:52:42.916+0000] {logging_mixin.py:190} INFO - [2025-09-29T14:52:42.916+0000] {dag.py:3239} INFO - Sync 1 DAGs
[2025-09-29T14:52:42.926+0000] {logging_mixin.py:190} INFO - [2025-09-29T14:52:42.926+0000] {dag.py:4180} INFO - Setting next_dagrun for tutorial to 2025-09-28 00:00:00+00:00, run_after=2025-09-29 00:00:00+00:00
[2025-09-29T14:52:42.934+0000] {processor.py:208} INFO - Processing /home/airflow/.local/lib/python3.12/site-packages/airflow/example_dags/tutorial.py took 0.036 seconds
[2025-09-29T14:53:13.077+0000] {processor.py:186} INFO - Started process (PID=2448) to work on /home/airflow/.local/lib/python3.12/site-packages/airflow/example_dags/tutorial.py
[2025-09-29T14:53:13.078+0000] {processor.py:914} INFO - Processing file /home/airflow/.local/lib/python3.12/site-packages/airflow/example_dags/tutorial.py for tasks to queue
[2025-09-29T14:53:13.081+0000] {logging_mixin.py:190} INFO - [2025-09-29T14:53:13.081+0000] {dagbag.py:588} INFO - Filling up the DagBag from /home/airflow/.local/lib/python3.12/site-packages/airflow/example_dags/tutorial.py
[2025-09-29T14:53:13.086+0000] {processor.py:925} INFO - DAG(s) 'tutorial' retrieved from /home/airflow/.local/lib/python3.12/site-packages/airflow/example_dags/tutorial.py
[2025-09-29T14:53:13.095+0000] {logging_mixin.py:190} INFO - [2025-09-29T14:53:13.095+0000] {dag.py:3239} INFO - Sync 1 DAGs
[2025-09-29T14:53:13.106+0000] {logging_mixin.py:190} INFO - [2025-09-29T14:53:13.106+0000] {dag.py:4180} INFO - Setting next_dagrun for tutorial to 2025-09-28 00:00:00+00:00, run_after=2025-09-29 00:00:00+00:00
[2025-09-29T14:53:13.114+0000] {processor.py:208} INFO - Processing /home/airflow/.local/lib/python3.12/site-packages/airflow/example_dags/tutorial.py took 0.039 seconds
[2025-09-29T14:53:43.297+0000] {processor.py:186} INFO - Started process (PID=2511) to work on /home/airflow/.local/lib/python3.12/site-packages/airflow/example_dags/tutorial.py
[2025-09-29T14:53:43.298+0000] {processor.py:914} INFO - Processing file /home/airflow/.local/lib/python3.12/site-packages/airflow/example_dags/tutorial.py for tasks to queue
[2025-09-29T14:53:43.298+0000] {logging_mixin.py:190} INFO - [2025-09-29T14:53:43.298+0000] {dagbag.py:588} INFO - Filling up the DagBag from /home/airflow/.local/lib/python3.12/site-packages/airflow/example_dags/tutorial.py
[2025-09-29T14:53:43.303+0000] {processor.py:925} INFO - DAG(s) 'tutorial' retrieved from /home/airflow/.local/lib/python3.12/site-packages/airflow/example_dags/tutorial.py
[2025-09-29T14:53:43.312+0000] {logging_mixin.py:190} INFO - [2025-09-29T14:53:43.312+0000] {dag.py:3239} INFO - Sync 1 DAGs
[2025-09-29T14:53:43.322+0000] {logging_mixin.py:190} INFO - [2025-09-29T14:53:43.322+0000] {dag.py:4180} INFO - Setting next_dagrun for tutorial to 2025-09-28 00:00:00+00:00, run_after=2025-09-29 00:00:00+00:00
[2025-09-29T14:53:43.330+0000] {processor.py:208} INFO - Processing /home/airflow/.local/lib/python3.12/site-packages/airflow/example_dags/tutorial.py took 0.036 seconds
[2025-09-29T14:54:13.511+0000] {processor.py:186} INFO - Started process (PID=2574) to work on /home/airflow/.local/lib/python3.12/site-packages/airflow/example_dags/tutorial.py
[2025-09-29T14:54:13.512+0000] {processor.py:914} INFO - Processing file /home/airflow/.local/lib/python3.12/site-packages/airflow/example_dags/tutorial.py for tasks to queue
[2025-09-29T14:54:13.512+0000] {logging_mixin.py:190} INFO - [2025-09-29T14:54:13.512+0000] {dagbag.py:588} INFO - Filling up the DagBag from /home/airflow/.local/lib/python3.12/site-packages/airflow/example_dags/tutorial.py
[2025-09-29T14:54:13.518+0000] {processor.py:925} INFO - DAG(s) 'tutorial' retrieved from /home/airflow/.local/lib/python3.12/site-packages/airflow/example_dags/tutorial.py
[2025-09-29T14:54:13.531+0000] {logging_mixin.py:190} INFO - [2025-09-29T14:54:13.531+0000] {dag.py:3239} INFO - Sync 1 DAGs
[2025-09-29T14:54:13.541+0000] {logging_mixin.py:190} INFO - [2025-09-29T14:54:13.541+0000] {dag.py:4180} INFO - Setting next_dagrun for tutorial to 2025-09-28 00:00:00+00:00, run_after=2025-09-29 00:00:00+00:00
[2025-09-29T14:54:13.551+0000] {processor.py:208} INFO - Processing /home/airflow/.local/lib/python3.12/site-packages/airflow/example_dags/tutorial.py took 0.043 seconds
[2025-09-29T14:54:43.872+0000] {processor.py:186} INFO - Started process (PID=2637) to work on /home/airflow/.local/lib/python3.12/site-packages/airflow/example_dags/tutorial.py
[2025-09-29T14:54:43.873+0000] {processor.py:914} INFO - Processing file /home/airflow/.local/lib/python3.12/site-packages/airflow/example_dags/tutorial.py for tasks to queue
[2025-09-29T14:54:43.873+0000] {logging_mixin.py:190} INFO - [2025-09-29T14:54:43.873+0000] {dagbag.py:588} INFO - Filling up the DagBag from /home/airflow/.local/lib/python3.12/site-packages/airflow/example_dags/tutorial.py
[2025-09-29T14:54:43.878+0000] {processor.py:925} INFO - DAG(s) 'tutorial' retrieved from /home/airflow/.local/lib/python3.12/site-packages/airflow/example_dags/tutorial.py
[2025-09-29T14:54:43.888+0000] {logging_mixin.py:190} INFO - [2025-09-29T14:54:43.888+0000] {dag.py:3239} INFO - Sync 1 DAGs
[2025-09-29T14:54:43.898+0000] {logging_mixin.py:190} INFO - [2025-09-29T14:54:43.898+0000] {dag.py:4180} INFO - Setting next_dagrun for tutorial to 2025-09-28 00:00:00+00:00, run_after=2025-09-29 00:00:00+00:00
[2025-09-29T14:54:43.905+0000] {processor.py:208} INFO - Processing /home/airflow/.local/lib/python3.12/site-packages/airflow/example_dags/tutorial.py took 0.035 seconds
[2025-09-29T14:55:14.263+0000] {processor.py:186} INFO - Started process (PID=2700) to work on /home/airflow/.local/lib/python3.12/site-packages/airflow/example_dags/tutorial.py
[2025-09-29T14:55:14.265+0000] {processor.py:914} INFO - Processing file /home/airflow/.local/lib/python3.12/site-packages/airflow/example_dags/tutorial.py for tasks to queue
[2025-09-29T14:55:14.266+0000] {logging_mixin.py:190} INFO - [2025-09-29T14:55:14.266+0000] {dagbag.py:588} INFO - Filling up the DagBag from /home/airflow/.local/lib/python3.12/site-packages/airflow/example_dags/tutorial.py
[2025-09-29T14:55:14.272+0000] {processor.py:925} INFO - DAG(s) 'tutorial' retrieved from /home/airflow/.local/lib/python3.12/site-packages/airflow/example_dags/tutorial.py
[2025-09-29T14:55:14.287+0000] {logging_mixin.py:190} INFO - [2025-09-29T14:55:14.287+0000] {dag.py:3239} INFO - Sync 1 DAGs
[2025-09-29T14:55:14.298+0000] {logging_mixin.py:190} INFO - [2025-09-29T14:55:14.298+0000] {dag.py:4180} INFO - Setting next_dagrun for tutorial to 2025-09-28 00:00:00+00:00, run_after=2025-09-29 00:00:00+00:00
[2025-09-29T14:55:14.306+0000] {processor.py:208} INFO - Processing /home/airflow/.local/lib/python3.12/site-packages/airflow/example_dags/tutorial.py took 0.045 seconds
[2025-09-29T14:55:44.744+0000] {processor.py:186} INFO - Started process (PID=2762) to work on /home/airflow/.local/lib/python3.12/site-packages/airflow/example_dags/tutorial.py
[2025-09-29T14:55:44.744+0000] {processor.py:914} INFO - Processing file /home/airflow/.local/lib/python3.12/site-packages/airflow/example_dags/tutorial.py for tasks to queue
[2025-09-29T14:55:44.745+0000] {logging_mixin.py:190} INFO - [2025-09-29T14:55:44.745+0000] {dagbag.py:588} INFO - Filling up the DagBag from /home/airflow/.local/lib/python3.12/site-packages/airflow/example_dags/tutorial.py
[2025-09-29T14:55:44.750+0000] {processor.py:925} INFO - DAG(s) 'tutorial' retrieved from /home/airflow/.local/lib/python3.12/site-packages/airflow/example_dags/tutorial.py
[2025-09-29T14:55:44.759+0000] {logging_mixin.py:190} INFO - [2025-09-29T14:55:44.759+0000] {dag.py:3239} INFO - Sync 1 DAGs
[2025-09-29T14:55:44.769+0000] {logging_mixin.py:190} INFO - [2025-09-29T14:55:44.769+0000] {dag.py:4180} INFO - Setting next_dagrun for tutorial to 2025-09-28 00:00:00+00:00, run_after=2025-09-29 00:00:00+00:00
[2025-09-29T14:55:44.776+0000] {processor.py:208} INFO - Processing /home/airflow/.local/lib/python3.12/site-packages/airflow/example_dags/tutorial.py took 0.035 seconds
[2025-09-29T14:56:15.325+0000] {processor.py:186} INFO - Started process (PID=2825) to work on /home/airflow/.local/lib/python3.12/site-packages/airflow/example_dags/tutorial.py
[2025-09-29T14:56:15.325+0000] {processor.py:914} INFO - Processing file /home/airflow/.local/lib/python3.12/site-packages/airflow/example_dags/tutorial.py for tasks to queue
[2025-09-29T14:56:15.326+0000] {logging_mixin.py:190} INFO - [2025-09-29T14:56:15.326+0000] {dagbag.py:588} INFO - Filling up the DagBag from /home/airflow/.local/lib/python3.12/site-packages/airflow/example_dags/tutorial.py
[2025-09-29T14:56:15.330+0000] {processor.py:925} INFO - DAG(s) 'tutorial' retrieved from /home/airflow/.local/lib/python3.12/site-packages/airflow/example_dags/tutorial.py
[2025-09-29T14:56:15.340+0000] {logging_mixin.py:190} INFO - [2025-09-29T14:56:15.340+0000] {dag.py:3239} INFO - Sync 1 DAGs
[2025-09-29T14:56:15.350+0000] {logging_mixin.py:190} INFO - [2025-09-29T14:56:15.350+0000] {dag.py:4180} INFO - Setting next_dagrun for tutorial to 2025-09-28 00:00:00+00:00, run_after=2025-09-29 00:00:00+00:00
[2025-09-29T14:56:15.357+0000] {processor.py:208} INFO - Processing /home/airflow/.local/lib/python3.12/site-packages/airflow/example_dags/tutorial.py took 0.035 seconds
[2025-09-29T14:56:45.766+0000] {processor.py:186} INFO - Started process (PID=2888) to work on /home/airflow/.local/lib/python3.12/site-packages/airflow/example_dags/tutorial.py
[2025-09-29T14:56:45.766+0000] {processor.py:914} INFO - Processing file /home/airflow/.local/lib/python3.12/site-packages/airflow/example_dags/tutorial.py for tasks to queue
[2025-09-29T14:56:45.767+0000] {logging_mixin.py:190} INFO - [2025-09-29T14:56:45.767+0000] {dagbag.py:588} INFO - Filling up the DagBag from /home/airflow/.local/lib/python3.12/site-packages/airflow/example_dags/tutorial.py
[2025-09-29T14:56:45.773+0000] {processor.py:925} INFO - DAG(s) 'tutorial' retrieved from /home/airflow/.local/lib/python3.12/site-packages/airflow/example_dags/tutorial.py
[2025-09-29T14:56:45.786+0000] {logging_mixin.py:190} INFO - [2025-09-29T14:56:45.786+0000] {dag.py:3239} INFO - Sync 1 DAGs
[2025-09-29T14:56:45.797+0000] {logging_mixin.py:190} INFO - [2025-09-29T14:56:45.797+0000] {dag.py:4180} INFO - Setting next_dagrun for tutorial to 2025-09-28 00:00:00+00:00, run_after=2025-09-29 00:00:00+00:00
[2025-09-29T14:56:45.804+0000] {processor.py:208} INFO - Processing /home/airflow/.local/lib/python3.12/site-packages/airflow/example_dags/tutorial.py took 0.042 seconds
[2025-09-29T14:57:16.290+0000] {processor.py:186} INFO - Started process (PID=2951) to work on /home/airflow/.local/lib/python3.12/site-packages/airflow/example_dags/tutorial.py
[2025-09-29T14:57:16.290+0000] {processor.py:914} INFO - Processing file /home/airflow/.local/lib/python3.12/site-packages/airflow/example_dags/tutorial.py for tasks to queue
[2025-09-29T14:57:16.291+0000] {logging_mixin.py:190} INFO - [2025-09-29T14:57:16.291+0000] {dagbag.py:588} INFO - Filling up the DagBag from /home/airflow/.local/lib/python3.12/site-packages/airflow/example_dags/tutorial.py
[2025-09-29T14:57:16.295+0000] {processor.py:925} INFO - DAG(s) 'tutorial' retrieved from /home/airflow/.local/lib/python3.12/site-packages/airflow/example_dags/tutorial.py
[2025-09-29T14:57:16.304+0000] {logging_mixin.py:190} INFO - [2025-09-29T14:57:16.304+0000] {dag.py:3239} INFO - Sync 1 DAGs
[2025-09-29T14:57:16.314+0000] {logging_mixin.py:190} INFO - [2025-09-29T14:57:16.314+0000] {dag.py:4180} INFO - Setting next_dagrun for tutorial to 2025-09-28 00:00:00+00:00, run_after=2025-09-29 00:00:00+00:00
[2025-09-29T14:57:16.322+0000] {processor.py:208} INFO - Processing /home/airflow/.local/lib/python3.12/site-packages/airflow/example_dags/tutorial.py took 0.035 seconds
[2025-09-29T14:57:46.895+0000] {processor.py:186} INFO - Started process (PID=3014) to work on /home/airflow/.local/lib/python3.12/site-packages/airflow/example_dags/tutorial.py
[2025-09-29T14:57:46.896+0000] {processor.py:914} INFO - Processing file /home/airflow/.local/lib/python3.12/site-packages/airflow/example_dags/tutorial.py for tasks to queue
[2025-09-29T14:57:46.898+0000] {logging_mixin.py:190} INFO - [2025-09-29T14:57:46.898+0000] {dagbag.py:588} INFO - Filling up the DagBag from /home/airflow/.local/lib/python3.12/site-packages/airflow/example_dags/tutorial.py
[2025-09-29T14:57:46.903+0000] {processor.py:925} INFO - DAG(s) 'tutorial' retrieved from /home/airflow/.local/lib/python3.12/site-packages/airflow/example_dags/tutorial.py
[2025-09-29T14:57:46.913+0000] {logging_mixin.py:190} INFO - [2025-09-29T14:57:46.912+0000] {dag.py:3239} INFO - Sync 1 DAGs
[2025-09-29T14:57:46.923+0000] {logging_mixin.py:190} INFO - [2025-09-29T14:57:46.923+0000] {dag.py:4180} INFO - Setting next_dagrun for tutorial to 2025-09-28 00:00:00+00:00, run_after=2025-09-29 00:00:00+00:00
[2025-09-29T14:57:46.931+0000] {processor.py:208} INFO - Processing /home/airflow/.local/lib/python3.12/site-packages/airflow/example_dags/tutorial.py took 0.039 seconds
[2025-09-29T14:58:17.653+0000] {processor.py:186} INFO - Started process (PID=3076) to work on /home/airflow/.local/lib/python3.12/site-packages/airflow/example_dags/tutorial.py
[2025-09-29T14:58:17.654+0000] {processor.py:914} INFO - Processing file /home/airflow/.local/lib/python3.12/site-packages/airflow/example_dags/tutorial.py for tasks to queue
[2025-09-29T14:58:17.654+0000] {logging_mixin.py:190} INFO - [2025-09-29T14:58:17.654+0000] {dagbag.py:588} INFO - Filling up the DagBag from /home/airflow/.local/lib/python3.12/site-packages/airflow/example_dags/tutorial.py
[2025-09-29T14:58:17.659+0000] {processor.py:925} INFO - DAG(s) 'tutorial' retrieved from /home/airflow/.local/lib/python3.12/site-packages/airflow/example_dags/tutorial.py
[2025-09-29T14:58:17.669+0000] {logging_mixin.py:190} INFO - [2025-09-29T14:58:17.669+0000] {dag.py:3239} INFO - Sync 1 DAGs
[2025-09-29T14:58:17.680+0000] {logging_mixin.py:190} INFO - [2025-09-29T14:58:17.679+0000] {dag.py:4180} INFO - Setting next_dagrun for tutorial to 2025-09-28 00:00:00+00:00, run_after=2025-09-29 00:00:00+00:00
[2025-09-29T14:58:17.688+0000] {processor.py:208} INFO - Processing /home/airflow/.local/lib/python3.12/site-packages/airflow/example_dags/tutorial.py took 0.038 seconds
[2025-09-29T14:58:48.281+0000] {processor.py:186} INFO - Started process (PID=3139) to work on /home/airflow/.local/lib/python3.12/site-packages/airflow/example_dags/tutorial.py
[2025-09-29T14:58:48.282+0000] {processor.py:914} INFO - Processing file /home/airflow/.local/lib/python3.12/site-packages/airflow/example_dags/tutorial.py for tasks to queue
[2025-09-29T14:58:48.283+0000] {logging_mixin.py:190} INFO - [2025-09-29T14:58:48.283+0000] {dagbag.py:588} INFO - Filling up the DagBag from /home/airflow/.local/lib/python3.12/site-packages/airflow/example_dags/tutorial.py
[2025-09-29T14:58:48.287+0000] {processor.py:925} INFO - DAG(s) 'tutorial' retrieved from /home/airflow/.local/lib/python3.12/site-packages/airflow/example_dags/tutorial.py
[2025-09-29T14:58:48.298+0000] {logging_mixin.py:190} INFO - [2025-09-29T14:58:48.298+0000] {dag.py:3239} INFO - Sync 1 DAGs
[2025-09-29T14:58:48.308+0000] {logging_mixin.py:190} INFO - [2025-09-29T14:58:48.308+0000] {dag.py:4180} INFO - Setting next_dagrun for tutorial to 2025-09-28 00:00:00+00:00, run_after=2025-09-29 00:00:00+00:00
[2025-09-29T14:58:48.315+0000] {processor.py:208} INFO - Processing /home/airflow/.local/lib/python3.12/site-packages/airflow/example_dags/tutorial.py took 0.037 seconds
[2025-09-29T14:59:18.895+0000] {processor.py:186} INFO - Started process (PID=3202) to work on /home/airflow/.local/lib/python3.12/site-packages/airflow/example_dags/tutorial.py
[2025-09-29T14:59:18.895+0000] {processor.py:914} INFO - Processing file /home/airflow/.local/lib/python3.12/site-packages/airflow/example_dags/tutorial.py for tasks to queue
[2025-09-29T14:59:18.896+0000] {logging_mixin.py:190} INFO - [2025-09-29T14:59:18.896+0000] {dagbag.py:588} INFO - Filling up the DagBag from /home/airflow/.local/lib/python3.12/site-packages/airflow/example_dags/tutorial.py
[2025-09-29T14:59:18.900+0000] {processor.py:925} INFO - DAG(s) 'tutorial' retrieved from /home/airflow/.local/lib/python3.12/site-packages/airflow/example_dags/tutorial.py
[2025-09-29T14:59:18.910+0000] {logging_mixin.py:190} INFO - [2025-09-29T14:59:18.910+0000] {dag.py:3239} INFO - Sync 1 DAGs
[2025-09-29T14:59:18.920+0000] {logging_mixin.py:190} INFO - [2025-09-29T14:59:18.919+0000] {dag.py:4180} INFO - Setting next_dagrun for tutorial to 2025-09-28 00:00:00+00:00, run_after=2025-09-29 00:00:00+00:00
[2025-09-29T14:59:18.928+0000] {processor.py:208} INFO - Processing /home/airflow/.local/lib/python3.12/site-packages/airflow/example_dags/tutorial.py took 0.036 seconds
[2025-09-29T14:59:49.462+0000] {processor.py:186} INFO - Started process (PID=3265) to work on /home/airflow/.local/lib/python3.12/site-packages/airflow/example_dags/tutorial.py
[2025-09-29T14:59:49.463+0000] {processor.py:914} INFO - Processing file /home/airflow/.local/lib/python3.12/site-packages/airflow/example_dags/tutorial.py for tasks to queue
[2025-09-29T14:59:49.463+0000] {logging_mixin.py:190} INFO - [2025-09-29T14:59:49.463+0000] {dagbag.py:588} INFO - Filling up the DagBag from /home/airflow/.local/lib/python3.12/site-packages/airflow/example_dags/tutorial.py
[2025-09-29T14:59:49.468+0000] {processor.py:925} INFO - DAG(s) 'tutorial' retrieved from /home/airflow/.local/lib/python3.12/site-packages/airflow/example_dags/tutorial.py
[2025-09-29T14:59:49.478+0000] {logging_mixin.py:190} INFO - [2025-09-29T14:59:49.478+0000] {dag.py:3239} INFO - Sync 1 DAGs
[2025-09-29T14:59:49.488+0000] {logging_mixin.py:190} INFO - [2025-09-29T14:59:49.488+0000] {dag.py:4180} INFO - Setting next_dagrun for tutorial to 2025-09-28 00:00:00+00:00, run_after=2025-09-29 00:00:00+00:00
[2025-09-29T14:59:49.496+0000] {processor.py:208} INFO - Processing /home/airflow/.local/lib/python3.12/site-packages/airflow/example_dags/tutorial.py took 0.037 seconds
[2025-09-29T15:00:20.024+0000] {processor.py:186} INFO - Started process (PID=3328) to work on /home/airflow/.local/lib/python3.12/site-packages/airflow/example_dags/tutorial.py
[2025-09-29T15:00:20.024+0000] {processor.py:914} INFO - Processing file /home/airflow/.local/lib/python3.12/site-packages/airflow/example_dags/tutorial.py for tasks to queue
[2025-09-29T15:00:20.025+0000] {logging_mixin.py:190} INFO - [2025-09-29T15:00:20.025+0000] {dagbag.py:588} INFO - Filling up the DagBag from /home/airflow/.local/lib/python3.12/site-packages/airflow/example_dags/tutorial.py
[2025-09-29T15:00:20.030+0000] {processor.py:925} INFO - DAG(s) 'tutorial' retrieved from /home/airflow/.local/lib/python3.12/site-packages/airflow/example_dags/tutorial.py
[2025-09-29T15:00:20.040+0000] {logging_mixin.py:190} INFO - [2025-09-29T15:00:20.040+0000] {dag.py:3239} INFO - Sync 1 DAGs
[2025-09-29T15:00:20.051+0000] {logging_mixin.py:190} INFO - [2025-09-29T15:00:20.051+0000] {dag.py:4180} INFO - Setting next_dagrun for tutorial to 2025-09-28 00:00:00+00:00, run_after=2025-09-29 00:00:00+00:00
[2025-09-29T15:00:20.060+0000] {processor.py:208} INFO - Processing /home/airflow/.local/lib/python3.12/site-packages/airflow/example_dags/tutorial.py took 0.039 seconds
[2025-09-29T15:00:50.581+0000] {processor.py:186} INFO - Started process (PID=3391) to work on /home/airflow/.local/lib/python3.12/site-packages/airflow/example_dags/tutorial.py
[2025-09-29T15:00:50.582+0000] {processor.py:914} INFO - Processing file /home/airflow/.local/lib/python3.12/site-packages/airflow/example_dags/tutorial.py for tasks to queue
[2025-09-29T15:00:50.583+0000] {logging_mixin.py:190} INFO - [2025-09-29T15:00:50.582+0000] {dagbag.py:588} INFO - Filling up the DagBag from /home/airflow/.local/lib/python3.12/site-packages/airflow/example_dags/tutorial.py
[2025-09-29T15:00:50.588+0000] {processor.py:925} INFO - DAG(s) 'tutorial' retrieved from /home/airflow/.local/lib/python3.12/site-packages/airflow/example_dags/tutorial.py
[2025-09-29T15:00:50.602+0000] {logging_mixin.py:190} INFO - [2025-09-29T15:00:50.601+0000] {dag.py:3239} INFO - Sync 1 DAGs
[2025-09-29T15:00:50.614+0000] {logging_mixin.py:190} INFO - [2025-09-29T15:00:50.613+0000] {dag.py:4180} INFO - Setting next_dagrun for tutorial to 2025-09-28 00:00:00+00:00, run_after=2025-09-29 00:00:00+00:00
[2025-09-29T15:00:50.622+0000] {processor.py:208} INFO - Processing /home/airflow/.local/lib/python3.12/site-packages/airflow/example_dags/tutorial.py took 0.044 seconds
[2025-09-29T15:01:21.198+0000] {processor.py:186} INFO - Started process (PID=3454) to work on /home/airflow/.local/lib/python3.12/site-packages/airflow/example_dags/tutorial.py
[2025-09-29T15:01:21.199+0000] {processor.py:914} INFO - Processing file /home/airflow/.local/lib/python3.12/site-packages/airflow/example_dags/tutorial.py for tasks to queue
[2025-09-29T15:01:21.199+0000] {logging_mixin.py:190} INFO - [2025-09-29T15:01:21.199+0000] {dagbag.py:588} INFO - Filling up the DagBag from /home/airflow/.local/lib/python3.12/site-packages/airflow/example_dags/tutorial.py
[2025-09-29T15:01:21.205+0000] {processor.py:925} INFO - DAG(s) 'tutorial' retrieved from /home/airflow/.local/lib/python3.12/site-packages/airflow/example_dags/tutorial.py
[2025-09-29T15:01:21.217+0000] {logging_mixin.py:190} INFO - [2025-09-29T15:01:21.216+0000] {dag.py:3239} INFO - Sync 1 DAGs
[2025-09-29T15:01:21.228+0000] {logging_mixin.py:190} INFO - [2025-09-29T15:01:21.228+0000] {dag.py:4180} INFO - Setting next_dagrun for tutorial to 2025-09-28 00:00:00+00:00, run_after=2025-09-29 00:00:00+00:00
[2025-09-29T15:01:21.240+0000] {processor.py:208} INFO - Processing /home/airflow/.local/lib/python3.12/site-packages/airflow/example_dags/tutorial.py took 0.045 seconds
[2025-09-29T15:01:51.776+0000] {processor.py:186} INFO - Started process (PID=3517) to work on /home/airflow/.local/lib/python3.12/site-packages/airflow/example_dags/tutorial.py
[2025-09-29T15:01:51.777+0000] {processor.py:914} INFO - Processing file /home/airflow/.local/lib/python3.12/site-packages/airflow/example_dags/tutorial.py for tasks to queue
[2025-09-29T15:01:51.777+0000] {logging_mixin.py:190} INFO - [2025-09-29T15:01:51.777+0000] {dagbag.py:588} INFO - Filling up the DagBag from /home/airflow/.local/lib/python3.12/site-packages/airflow/example_dags/tutorial.py
[2025-09-29T15:01:51.782+0000] {processor.py:925} INFO - DAG(s) 'tutorial' retrieved from /home/airflow/.local/lib/python3.12/site-packages/airflow/example_dags/tutorial.py
[2025-09-29T15:01:51.791+0000] {logging_mixin.py:190} INFO - [2025-09-29T15:01:51.791+0000] {dag.py:3239} INFO - Sync 1 DAGs
[2025-09-29T15:01:51.801+0000] {logging_mixin.py:190} INFO - [2025-09-29T15:01:51.801+0000] {dag.py:4180} INFO - Setting next_dagrun for tutorial to 2025-09-28 00:00:00+00:00, run_after=2025-09-29 00:00:00+00:00
[2025-09-29T15:01:51.808+0000] {processor.py:208} INFO - Processing /home/airflow/.local/lib/python3.12/site-packages/airflow/example_dags/tutorial.py took 0.036 seconds
[2025-09-29T15:02:22.349+0000] {processor.py:186} INFO - Started process (PID=3580) to work on /home/airflow/.local/lib/python3.12/site-packages/airflow/example_dags/tutorial.py
[2025-09-29T15:02:22.349+0000] {processor.py:914} INFO - Processing file /home/airflow/.local/lib/python3.12/site-packages/airflow/example_dags/tutorial.py for tasks to queue
[2025-09-29T15:02:22.350+0000] {logging_mixin.py:190} INFO - [2025-09-29T15:02:22.350+0000] {dagbag.py:588} INFO - Filling up the DagBag from /home/airflow/.local/lib/python3.12/site-packages/airflow/example_dags/tutorial.py
[2025-09-29T15:02:22.356+0000] {processor.py:925} INFO - DAG(s) 'tutorial' retrieved from /home/airflow/.local/lib/python3.12/site-packages/airflow/example_dags/tutorial.py
[2025-09-29T15:02:22.368+0000] {logging_mixin.py:190} INFO - [2025-09-29T15:02:22.368+0000] {dag.py:3239} INFO - Sync 1 DAGs
[2025-09-29T15:02:22.381+0000] {logging_mixin.py:190} INFO - [2025-09-29T15:02:22.381+0000] {dag.py:4180} INFO - Setting next_dagrun for tutorial to 2025-09-28 00:00:00+00:00, run_after=2025-09-29 00:00:00+00:00
[2025-09-29T15:02:22.391+0000] {processor.py:208} INFO - Processing /home/airflow/.local/lib/python3.12/site-packages/airflow/example_dags/tutorial.py took 0.046 seconds
