[2025-09-29T14:34:31.923+0000] {local_task_job_runner.py:123} INFO - ::group::Pre task execution logs
[2025-09-29T14:34:31.930+0000] {taskinstance.py:2612} INFO - Dependencies all met for dep_context=non-requeueable deps ti=<TaskInstance: example_hello_dag.add_numbers scheduled__2025-09-25T00:00:00+00:00 [queued]>
[2025-09-29T14:34:31.936+0000] {taskinstance.py:2612} INFO - Dependencies all met for dep_context=requeueable deps ti=<TaskInstance: example_hello_dag.add_numbers scheduled__2025-09-25T00:00:00+00:00 [queued]>
[2025-09-29T14:34:31.938+0000] {taskinstance.py:2865} INFO - Starting attempt 1 of 2
[2025-09-29T14:34:31.946+0000] {taskinstance.py:2888} INFO - Executing <Task(PythonOperator): add_numbers> on 2025-09-25 00:00:00+00:00
[2025-09-29T14:34:31.950+0000] {warnings.py:112} WARNING - /home/***/.local/lib/python3.12/site-packages/***/task/task_runner/standard_task_runner.py:70: DeprecationWarning: This process (pid=64) is multi-threaded, use of fork() may lead to deadlocks in the child.
  pid = os.fork()

[2025-09-29T14:34:31.951+0000] {standard_task_runner.py:72} INFO - Started process 69 to run task
[2025-09-29T14:34:31.952+0000] {standard_task_runner.py:104} INFO - Running: ['***', 'tasks', 'run', 'example_hello_dag', 'add_numbers', 'scheduled__2025-09-25T00:00:00+00:00', '--job-id', '14', '--raw', '--subdir', 'DAGS_FOLDER/example_hello_dag.py', '--cfg-path', '/tmp/tmps6lqp7zz']
[2025-09-29T14:34:31.953+0000] {standard_task_runner.py:105} INFO - Job 14: Subtask add_numbers
[2025-09-29T14:34:31.977+0000] {task_command.py:467} INFO - Running <TaskInstance: example_hello_dag.add_numbers scheduled__2025-09-25T00:00:00+00:00 [running]> on host 69391400d53e
[2025-09-29T14:34:32.018+0000] {taskinstance.py:3131} INFO - Exporting env vars: AIRFLOW_CTX_DAG_OWNER='you' AIRFLOW_CTX_DAG_ID='example_hello_dag' AIRFLOW_CTX_TASK_ID='add_numbers' AIRFLOW_CTX_EXECUTION_DATE='2025-09-25T00:00:00+00:00' AIRFLOW_CTX_TRY_NUMBER='1' AIRFLOW_CTX_DAG_RUN_ID='scheduled__2025-09-25T00:00:00+00:00'
[2025-09-29T14:34:32.019+0000] {logging_mixin.py:190} INFO - Task instance is in running state
[2025-09-29T14:34:32.019+0000] {logging_mixin.py:190} INFO -  Previous state of the Task instance: queued
[2025-09-29T14:34:32.020+0000] {logging_mixin.py:190} INFO - Current task name:add_numbers state:running start_date:2025-09-29 14:34:31.931235+00:00
[2025-09-29T14:34:32.020+0000] {logging_mixin.py:190} INFO - Dag name:example_hello_dag and current dag run status:running
[2025-09-29T14:34:32.020+0000] {taskinstance.py:731} INFO - ::endgroup::
[2025-09-29T14:34:32.021+0000] {logging_mixin.py:190} INFO - a + b = 5
[2025-09-29T14:34:32.021+0000] {python.py:240} INFO - Done. Returned value was: None
[2025-09-29T14:34:32.026+0000] {taskinstance.py:340} INFO - ::group::Post task execution logs
[2025-09-29T14:34:32.026+0000] {taskinstance.py:352} INFO - Marking task as SUCCESS. dag_id=example_hello_dag, task_id=add_numbers, run_id=scheduled__2025-09-25T00:00:00+00:00, execution_date=20250925T000000, start_date=20250929T143431, end_date=20250929T143432
[2025-09-29T14:34:32.031+0000] {logging_mixin.py:190} INFO - Task instance in success state
[2025-09-29T14:34:32.032+0000] {logging_mixin.py:190} INFO -  Previous state of the Task instance: running
[2025-09-29T14:34:32.032+0000] {logging_mixin.py:190} INFO - Dag name:example_hello_dag queued_at:2025-09-29 14:34:27.543134+00:00
[2025-09-29T14:34:32.032+0000] {logging_mixin.py:190} INFO - Task hostname:69391400d53e operator:PythonOperator
[2025-09-29T14:34:32.050+0000] {local_task_job_runner.py:266} INFO - Task exited with return code 0
[2025-09-29T14:34:32.063+0000] {taskinstance.py:3900} INFO - 0 downstream tasks scheduled from follow-on schedule check
[2025-09-29T14:34:32.064+0000] {local_task_job_runner.py:245} INFO - ::endgroup::
