[2025-09-29T14:34:27.674+0000] {processor.py:186} INFO - Started process (PID=42) to work on /opt/airflow/dags/example_hello_dag.py
[2025-09-29T14:34:27.676+0000] {processor.py:914} INFO - Processing file /opt/airflow/dags/example_hello_dag.py for tasks to queue
[2025-09-29T14:34:27.681+0000] {logging_mixin.py:190} INFO - [2025-09-29T14:34:27.681+0000] {dagbag.py:588} INFO - Filling up the DagBag from /opt/airflow/dags/example_hello_dag.py
[2025-09-29T14:34:27.704+0000] {processor.py:925} INFO - DAG(s) 'example_hello_dag' retrieved from /opt/airflow/dags/example_hello_dag.py
[2025-09-29T14:34:27.753+0000] {logging_mixin.py:190} INFO - [2025-09-29T14:34:27.752+0000] {dag.py:3239} INFO - Sync 1 DAGs
[2025-09-29T14:34:27.808+0000] {logging_mixin.py:190} INFO - [2025-09-29T14:34:27.808+0000] {dag.py:4180} INFO - Setting next_dagrun for example_hello_dag to 2025-09-28 00:00:00+00:00, run_after=2025-09-29 00:00:00+00:00
[2025-09-29T14:34:27.837+0000] {processor.py:208} INFO - Processing /opt/airflow/dags/example_hello_dag.py took 0.168 seconds
[2025-09-29T14:34:58.678+0000] {processor.py:186} INFO - Started process (PID=110) to work on /opt/airflow/dags/example_hello_dag.py
[2025-09-29T14:34:58.679+0000] {processor.py:914} INFO - Processing file /opt/airflow/dags/example_hello_dag.py for tasks to queue
[2025-09-29T14:34:58.681+0000] {logging_mixin.py:190} INFO - [2025-09-29T14:34:58.681+0000] {dagbag.py:588} INFO - Filling up the DagBag from /opt/airflow/dags/example_hello_dag.py
[2025-09-29T14:34:58.691+0000] {processor.py:925} INFO - DAG(s) 'example_hello_dag' retrieved from /opt/airflow/dags/example_hello_dag.py
[2025-09-29T14:34:58.706+0000] {logging_mixin.py:190} INFO - [2025-09-29T14:34:58.706+0000] {dag.py:3239} INFO - Sync 1 DAGs
[2025-09-29T14:34:58.719+0000] {logging_mixin.py:190} INFO - [2025-09-29T14:34:58.719+0000] {dag.py:4180} INFO - Setting next_dagrun for example_hello_dag to 2025-09-29 00:00:00+00:00, run_after=2025-09-30 00:00:00+00:00
[2025-09-29T14:34:58.733+0000] {processor.py:208} INFO - Processing /opt/airflow/dags/example_hello_dag.py took 0.058 seconds
[2025-09-29T14:35:29.258+0000] {processor.py:186} INFO - Started process (PID=174) to work on /opt/airflow/dags/example_hello_dag.py
[2025-09-29T14:35:29.259+0000] {processor.py:914} INFO - Processing file /opt/airflow/dags/example_hello_dag.py for tasks to queue
[2025-09-29T14:35:29.261+0000] {logging_mixin.py:190} INFO - [2025-09-29T14:35:29.261+0000] {dagbag.py:588} INFO - Filling up the DagBag from /opt/airflow/dags/example_hello_dag.py
[2025-09-29T14:35:29.272+0000] {processor.py:925} INFO - DAG(s) 'example_hello_dag' retrieved from /opt/airflow/dags/example_hello_dag.py
[2025-09-29T14:35:29.286+0000] {logging_mixin.py:190} INFO - [2025-09-29T14:35:29.286+0000] {dag.py:3239} INFO - Sync 1 DAGs
[2025-09-29T14:35:29.300+0000] {logging_mixin.py:190} INFO - [2025-09-29T14:35:29.300+0000] {dag.py:4180} INFO - Setting next_dagrun for example_hello_dag to 2025-09-29 00:00:00+00:00, run_after=2025-09-30 00:00:00+00:00
[2025-09-29T14:35:29.312+0000] {processor.py:208} INFO - Processing /opt/airflow/dags/example_hello_dag.py took 0.059 seconds
[2025-09-29T14:35:59.480+0000] {processor.py:186} INFO - Started process (PID=238) to work on /opt/airflow/dags/example_hello_dag.py
[2025-09-29T14:35:59.481+0000] {processor.py:914} INFO - Processing file /opt/airflow/dags/example_hello_dag.py for tasks to queue
[2025-09-29T14:35:59.483+0000] {logging_mixin.py:190} INFO - [2025-09-29T14:35:59.483+0000] {dagbag.py:588} INFO - Filling up the DagBag from /opt/airflow/dags/example_hello_dag.py
[2025-09-29T14:35:59.495+0000] {processor.py:925} INFO - DAG(s) 'example_hello_dag' retrieved from /opt/airflow/dags/example_hello_dag.py
[2025-09-29T14:35:59.511+0000] {logging_mixin.py:190} INFO - [2025-09-29T14:35:59.511+0000] {dag.py:3239} INFO - Sync 1 DAGs
[2025-09-29T14:35:59.523+0000] {logging_mixin.py:190} INFO - [2025-09-29T14:35:59.523+0000] {dag.py:4180} INFO - Setting next_dagrun for example_hello_dag to 2025-09-29 00:00:00+00:00, run_after=2025-09-30 00:00:00+00:00
[2025-09-29T14:35:59.533+0000] {processor.py:208} INFO - Processing /opt/airflow/dags/example_hello_dag.py took 0.058 seconds
[2025-09-29T14:36:29.641+0000] {processor.py:186} INFO - Started process (PID=302) to work on /opt/airflow/dags/example_hello_dag.py
[2025-09-29T14:36:29.642+0000] {processor.py:914} INFO - Processing file /opt/airflow/dags/example_hello_dag.py for tasks to queue
[2025-09-29T14:36:29.644+0000] {logging_mixin.py:190} INFO - [2025-09-29T14:36:29.644+0000] {dagbag.py:588} INFO - Filling up the DagBag from /opt/airflow/dags/example_hello_dag.py
[2025-09-29T14:36:29.659+0000] {processor.py:925} INFO - DAG(s) 'example_hello_dag' retrieved from /opt/airflow/dags/example_hello_dag.py
[2025-09-29T14:36:29.672+0000] {logging_mixin.py:190} INFO - [2025-09-29T14:36:29.672+0000] {dag.py:3239} INFO - Sync 1 DAGs
[2025-09-29T14:36:29.687+0000] {logging_mixin.py:190} INFO - [2025-09-29T14:36:29.687+0000] {dag.py:4180} INFO - Setting next_dagrun for example_hello_dag to 2025-09-29 00:00:00+00:00, run_after=2025-09-30 00:00:00+00:00
[2025-09-29T14:36:29.697+0000] {processor.py:208} INFO - Processing /opt/airflow/dags/example_hello_dag.py took 0.060 seconds
[2025-09-29T14:36:59.827+0000] {processor.py:186} INFO - Started process (PID=366) to work on /opt/airflow/dags/example_hello_dag.py
[2025-09-29T14:36:59.828+0000] {processor.py:914} INFO - Processing file /opt/airflow/dags/example_hello_dag.py for tasks to queue
[2025-09-29T14:36:59.829+0000] {logging_mixin.py:190} INFO - [2025-09-29T14:36:59.829+0000] {dagbag.py:588} INFO - Filling up the DagBag from /opt/airflow/dags/example_hello_dag.py
[2025-09-29T14:36:59.838+0000] {processor.py:925} INFO - DAG(s) 'example_hello_dag' retrieved from /opt/airflow/dags/example_hello_dag.py
[2025-09-29T14:36:59.849+0000] {logging_mixin.py:190} INFO - [2025-09-29T14:36:59.849+0000] {dag.py:3239} INFO - Sync 1 DAGs
[2025-09-29T14:36:59.863+0000] {logging_mixin.py:190} INFO - [2025-09-29T14:36:59.863+0000] {dag.py:4180} INFO - Setting next_dagrun for example_hello_dag to 2025-09-29 00:00:00+00:00, run_after=2025-09-30 00:00:00+00:00
[2025-09-29T14:36:59.873+0000] {processor.py:208} INFO - Processing /opt/airflow/dags/example_hello_dag.py took 0.049 seconds
[2025-09-29T14:37:30.099+0000] {processor.py:186} INFO - Started process (PID=429) to work on /opt/airflow/dags/example_hello_dag.py
[2025-09-29T14:37:30.100+0000] {processor.py:914} INFO - Processing file /opt/airflow/dags/example_hello_dag.py for tasks to queue
[2025-09-29T14:37:30.103+0000] {logging_mixin.py:190} INFO - [2025-09-29T14:37:30.103+0000] {dagbag.py:588} INFO - Filling up the DagBag from /opt/airflow/dags/example_hello_dag.py
[2025-09-29T14:37:30.114+0000] {processor.py:925} INFO - DAG(s) 'example_hello_dag' retrieved from /opt/airflow/dags/example_hello_dag.py
[2025-09-29T14:37:30.134+0000] {logging_mixin.py:190} INFO - [2025-09-29T14:37:30.134+0000] {dag.py:3239} INFO - Sync 1 DAGs
[2025-09-29T14:37:30.145+0000] {logging_mixin.py:190} INFO - [2025-09-29T14:37:30.145+0000] {dag.py:4180} INFO - Setting next_dagrun for example_hello_dag to 2025-09-29 00:00:00+00:00, run_after=2025-09-30 00:00:00+00:00
[2025-09-29T14:37:30.156+0000] {processor.py:208} INFO - Processing /opt/airflow/dags/example_hello_dag.py took 0.062 seconds
[2025-09-29T14:38:00.438+0000] {processor.py:186} INFO - Started process (PID=493) to work on /opt/airflow/dags/example_hello_dag.py
[2025-09-29T14:38:00.439+0000] {processor.py:914} INFO - Processing file /opt/airflow/dags/example_hello_dag.py for tasks to queue
[2025-09-29T14:38:00.441+0000] {logging_mixin.py:190} INFO - [2025-09-29T14:38:00.441+0000] {dagbag.py:588} INFO - Filling up the DagBag from /opt/airflow/dags/example_hello_dag.py
[2025-09-29T14:38:00.449+0000] {processor.py:925} INFO - DAG(s) 'example_hello_dag' retrieved from /opt/airflow/dags/example_hello_dag.py
[2025-09-29T14:38:00.464+0000] {logging_mixin.py:190} INFO - [2025-09-29T14:38:00.464+0000] {dag.py:3239} INFO - Sync 1 DAGs
[2025-09-29T14:38:00.482+0000] {logging_mixin.py:190} INFO - [2025-09-29T14:38:00.482+0000] {dag.py:4180} INFO - Setting next_dagrun for example_hello_dag to 2025-09-29 00:00:00+00:00, run_after=2025-09-30 00:00:00+00:00
[2025-09-29T14:38:00.499+0000] {processor.py:208} INFO - Processing /opt/airflow/dags/example_hello_dag.py took 0.064 seconds
[2025-09-29T14:38:30.913+0000] {processor.py:186} INFO - Started process (PID=565) to work on /opt/airflow/dags/example_hello_dag.py
[2025-09-29T14:38:30.914+0000] {processor.py:914} INFO - Processing file /opt/airflow/dags/example_hello_dag.py for tasks to queue
[2025-09-29T14:38:30.917+0000] {logging_mixin.py:190} INFO - [2025-09-29T14:38:30.916+0000] {dagbag.py:588} INFO - Filling up the DagBag from /opt/airflow/dags/example_hello_dag.py
[2025-09-29T14:38:30.934+0000] {processor.py:925} INFO - DAG(s) 'example_hello_dag' retrieved from /opt/airflow/dags/example_hello_dag.py
[2025-09-29T14:38:30.956+0000] {logging_mixin.py:190} INFO - [2025-09-29T14:38:30.956+0000] {dag.py:3239} INFO - Sync 1 DAGs
[2025-09-29T14:38:30.972+0000] {logging_mixin.py:190} INFO - [2025-09-29T14:38:30.972+0000] {dag.py:4180} INFO - Setting next_dagrun for example_hello_dag to 2025-09-29 00:00:00+00:00, run_after=2025-09-30 00:00:00+00:00
[2025-09-29T14:38:30.983+0000] {processor.py:208} INFO - Processing /opt/airflow/dags/example_hello_dag.py took 0.075 seconds
[2025-09-29T14:39:01.282+0000] {processor.py:186} INFO - Started process (PID=634) to work on /opt/airflow/dags/example_hello_dag.py
[2025-09-29T14:39:01.283+0000] {processor.py:914} INFO - Processing file /opt/airflow/dags/example_hello_dag.py for tasks to queue
[2025-09-29T14:39:01.286+0000] {logging_mixin.py:190} INFO - [2025-09-29T14:39:01.286+0000] {dagbag.py:588} INFO - Filling up the DagBag from /opt/airflow/dags/example_hello_dag.py
[2025-09-29T14:39:01.300+0000] {processor.py:925} INFO - DAG(s) 'example_hello_dag' retrieved from /opt/airflow/dags/example_hello_dag.py
[2025-09-29T14:39:01.316+0000] {logging_mixin.py:190} INFO - [2025-09-29T14:39:01.316+0000] {dag.py:3239} INFO - Sync 1 DAGs
[2025-09-29T14:39:01.333+0000] {logging_mixin.py:190} INFO - [2025-09-29T14:39:01.333+0000] {dag.py:4180} INFO - Setting next_dagrun for example_hello_dag to 2025-09-29 00:00:00+00:00, run_after=2025-09-30 00:00:00+00:00
[2025-09-29T14:39:01.344+0000] {processor.py:208} INFO - Processing /opt/airflow/dags/example_hello_dag.py took 0.068 seconds
[2025-09-29T14:39:31.795+0000] {processor.py:186} INFO - Started process (PID=697) to work on /opt/airflow/dags/example_hello_dag.py
[2025-09-29T14:39:31.796+0000] {processor.py:914} INFO - Processing file /opt/airflow/dags/example_hello_dag.py for tasks to queue
[2025-09-29T14:39:31.800+0000] {logging_mixin.py:190} INFO - [2025-09-29T14:39:31.799+0000] {dagbag.py:588} INFO - Filling up the DagBag from /opt/airflow/dags/example_hello_dag.py
[2025-09-29T14:39:31.814+0000] {processor.py:925} INFO - DAG(s) 'example_hello_dag' retrieved from /opt/airflow/dags/example_hello_dag.py
[2025-09-29T14:39:31.831+0000] {logging_mixin.py:190} INFO - [2025-09-29T14:39:31.831+0000] {dag.py:3239} INFO - Sync 1 DAGs
[2025-09-29T14:39:31.844+0000] {logging_mixin.py:190} INFO - [2025-09-29T14:39:31.844+0000] {dag.py:4180} INFO - Setting next_dagrun for example_hello_dag to 2025-09-29 00:00:00+00:00, run_after=2025-09-30 00:00:00+00:00
[2025-09-29T14:39:31.857+0000] {processor.py:208} INFO - Processing /opt/airflow/dags/example_hello_dag.py took 0.066 seconds
[2025-09-29T14:40:02.372+0000] {processor.py:186} INFO - Started process (PID=761) to work on /opt/airflow/dags/example_hello_dag.py
[2025-09-29T14:40:02.373+0000] {processor.py:914} INFO - Processing file /opt/airflow/dags/example_hello_dag.py for tasks to queue
[2025-09-29T14:40:02.374+0000] {logging_mixin.py:190} INFO - [2025-09-29T14:40:02.374+0000] {dagbag.py:588} INFO - Filling up the DagBag from /opt/airflow/dags/example_hello_dag.py
[2025-09-29T14:40:02.383+0000] {processor.py:925} INFO - DAG(s) 'example_hello_dag' retrieved from /opt/airflow/dags/example_hello_dag.py
[2025-09-29T14:40:02.395+0000] {logging_mixin.py:190} INFO - [2025-09-29T14:40:02.395+0000] {dag.py:3239} INFO - Sync 1 DAGs
[2025-09-29T14:40:02.410+0000] {logging_mixin.py:190} INFO - [2025-09-29T14:40:02.410+0000] {dag.py:4180} INFO - Setting next_dagrun for example_hello_dag to 2025-09-29 00:00:00+00:00, run_after=2025-09-30 00:00:00+00:00
[2025-09-29T14:40:02.421+0000] {processor.py:208} INFO - Processing /opt/airflow/dags/example_hello_dag.py took 0.054 seconds
[2025-09-29T14:40:32.696+0000] {processor.py:186} INFO - Started process (PID=824) to work on /opt/airflow/dags/example_hello_dag.py
[2025-09-29T14:40:32.697+0000] {processor.py:914} INFO - Processing file /opt/airflow/dags/example_hello_dag.py for tasks to queue
[2025-09-29T14:40:32.700+0000] {logging_mixin.py:190} INFO - [2025-09-29T14:40:32.700+0000] {dagbag.py:588} INFO - Filling up the DagBag from /opt/airflow/dags/example_hello_dag.py
[2025-09-29T14:40:32.713+0000] {processor.py:925} INFO - DAG(s) 'example_hello_dag' retrieved from /opt/airflow/dags/example_hello_dag.py
[2025-09-29T14:40:32.733+0000] {logging_mixin.py:190} INFO - [2025-09-29T14:40:32.733+0000] {dag.py:3239} INFO - Sync 1 DAGs
[2025-09-29T14:40:32.749+0000] {logging_mixin.py:190} INFO - [2025-09-29T14:40:32.749+0000] {dag.py:4180} INFO - Setting next_dagrun for example_hello_dag to 2025-09-29 00:00:00+00:00, run_after=2025-09-30 00:00:00+00:00
[2025-09-29T14:40:32.762+0000] {processor.py:208} INFO - Processing /opt/airflow/dags/example_hello_dag.py took 0.071 seconds
[2025-09-29T14:41:03.238+0000] {processor.py:186} INFO - Started process (PID=890) to work on /opt/airflow/dags/example_hello_dag.py
[2025-09-29T14:41:03.239+0000] {processor.py:914} INFO - Processing file /opt/airflow/dags/example_hello_dag.py for tasks to queue
[2025-09-29T14:41:03.241+0000] {logging_mixin.py:190} INFO - [2025-09-29T14:41:03.241+0000] {dagbag.py:588} INFO - Filling up the DagBag from /opt/airflow/dags/example_hello_dag.py
[2025-09-29T14:41:03.256+0000] {processor.py:925} INFO - DAG(s) 'example_hello_dag' retrieved from /opt/airflow/dags/example_hello_dag.py
[2025-09-29T14:41:03.269+0000] {logging_mixin.py:190} INFO - [2025-09-29T14:41:03.269+0000] {dag.py:3239} INFO - Sync 1 DAGs
[2025-09-29T14:41:03.288+0000] {logging_mixin.py:190} INFO - [2025-09-29T14:41:03.287+0000] {dag.py:4180} INFO - Setting next_dagrun for example_hello_dag to 2025-09-29 00:00:00+00:00, run_after=2025-09-30 00:00:00+00:00
[2025-09-29T14:41:03.299+0000] {processor.py:208} INFO - Processing /opt/airflow/dags/example_hello_dag.py took 0.066 seconds
[2025-09-29T14:41:33.411+0000] {processor.py:186} INFO - Started process (PID=954) to work on /opt/airflow/dags/example_hello_dag.py
[2025-09-29T14:41:33.412+0000] {processor.py:914} INFO - Processing file /opt/airflow/dags/example_hello_dag.py for tasks to queue
[2025-09-29T14:41:33.414+0000] {logging_mixin.py:190} INFO - [2025-09-29T14:41:33.414+0000] {dagbag.py:588} INFO - Filling up the DagBag from /opt/airflow/dags/example_hello_dag.py
[2025-09-29T14:41:33.428+0000] {processor.py:925} INFO - DAG(s) 'example_hello_dag' retrieved from /opt/airflow/dags/example_hello_dag.py
[2025-09-29T14:41:33.443+0000] {logging_mixin.py:190} INFO - [2025-09-29T14:41:33.443+0000] {dag.py:3239} INFO - Sync 1 DAGs
[2025-09-29T14:41:33.459+0000] {logging_mixin.py:190} INFO - [2025-09-29T14:41:33.459+0000] {dag.py:4180} INFO - Setting next_dagrun for example_hello_dag to 2025-09-29 00:00:00+00:00, run_after=2025-09-30 00:00:00+00:00
[2025-09-29T14:41:33.473+0000] {processor.py:208} INFO - Processing /opt/airflow/dags/example_hello_dag.py took 0.066 seconds
[2025-09-29T14:42:03.950+0000] {processor.py:186} INFO - Started process (PID=1019) to work on /opt/airflow/dags/example_hello_dag.py
[2025-09-29T14:42:03.952+0000] {processor.py:914} INFO - Processing file /opt/airflow/dags/example_hello_dag.py for tasks to queue
[2025-09-29T14:42:03.954+0000] {logging_mixin.py:190} INFO - [2025-09-29T14:42:03.954+0000] {dagbag.py:588} INFO - Filling up the DagBag from /opt/airflow/dags/example_hello_dag.py
[2025-09-29T14:42:03.968+0000] {processor.py:925} INFO - DAG(s) 'example_hello_dag' retrieved from /opt/airflow/dags/example_hello_dag.py
[2025-09-29T14:42:03.983+0000] {logging_mixin.py:190} INFO - [2025-09-29T14:42:03.983+0000] {dag.py:3239} INFO - Sync 1 DAGs
[2025-09-29T14:42:03.997+0000] {logging_mixin.py:190} INFO - [2025-09-29T14:42:03.997+0000] {dag.py:4180} INFO - Setting next_dagrun for example_hello_dag to 2025-09-29 00:00:00+00:00, run_after=2025-09-30 00:00:00+00:00
[2025-09-29T14:42:04.009+0000] {processor.py:208} INFO - Processing /opt/airflow/dags/example_hello_dag.py took 0.063 seconds
[2025-09-29T14:42:34.397+0000] {processor.py:186} INFO - Started process (PID=1083) to work on /opt/airflow/dags/example_hello_dag.py
[2025-09-29T14:42:34.397+0000] {processor.py:914} INFO - Processing file /opt/airflow/dags/example_hello_dag.py for tasks to queue
[2025-09-29T14:42:34.399+0000] {logging_mixin.py:190} INFO - [2025-09-29T14:42:34.399+0000] {dagbag.py:588} INFO - Filling up the DagBag from /opt/airflow/dags/example_hello_dag.py
[2025-09-29T14:42:34.409+0000] {processor.py:925} INFO - DAG(s) 'example_hello_dag' retrieved from /opt/airflow/dags/example_hello_dag.py
[2025-09-29T14:42:34.424+0000] {logging_mixin.py:190} INFO - [2025-09-29T14:42:34.424+0000] {dag.py:3239} INFO - Sync 1 DAGs
[2025-09-29T14:42:34.441+0000] {logging_mixin.py:190} INFO - [2025-09-29T14:42:34.441+0000] {dag.py:4180} INFO - Setting next_dagrun for example_hello_dag to 2025-09-29 00:00:00+00:00, run_after=2025-09-30 00:00:00+00:00
[2025-09-29T14:42:34.451+0000] {processor.py:208} INFO - Processing /opt/airflow/dags/example_hello_dag.py took 0.058 seconds
[2025-09-29T14:43:04.697+0000] {processor.py:186} INFO - Started process (PID=1147) to work on /opt/airflow/dags/example_hello_dag.py
[2025-09-29T14:43:04.702+0000] {processor.py:914} INFO - Processing file /opt/airflow/dags/example_hello_dag.py for tasks to queue
[2025-09-29T14:43:04.704+0000] {logging_mixin.py:190} INFO - [2025-09-29T14:43:04.704+0000] {dagbag.py:588} INFO - Filling up the DagBag from /opt/airflow/dags/example_hello_dag.py
[2025-09-29T14:43:04.717+0000] {processor.py:925} INFO - DAG(s) 'example_hello_dag' retrieved from /opt/airflow/dags/example_hello_dag.py
[2025-09-29T14:43:04.728+0000] {logging_mixin.py:190} INFO - [2025-09-29T14:43:04.728+0000] {dag.py:3239} INFO - Sync 1 DAGs
[2025-09-29T14:43:04.742+0000] {logging_mixin.py:190} INFO - [2025-09-29T14:43:04.742+0000] {dag.py:4180} INFO - Setting next_dagrun for example_hello_dag to 2025-09-29 00:00:00+00:00, run_after=2025-09-30 00:00:00+00:00
[2025-09-29T14:43:04.754+0000] {processor.py:208} INFO - Processing /opt/airflow/dags/example_hello_dag.py took 0.060 seconds
[2025-09-29T14:43:35.012+0000] {processor.py:186} INFO - Started process (PID=1211) to work on /opt/airflow/dags/example_hello_dag.py
[2025-09-29T14:43:35.013+0000] {processor.py:914} INFO - Processing file /opt/airflow/dags/example_hello_dag.py for tasks to queue
[2025-09-29T14:43:35.015+0000] {logging_mixin.py:190} INFO - [2025-09-29T14:43:35.015+0000] {dagbag.py:588} INFO - Filling up the DagBag from /opt/airflow/dags/example_hello_dag.py
[2025-09-29T14:43:35.028+0000] {processor.py:925} INFO - DAG(s) 'example_hello_dag' retrieved from /opt/airflow/dags/example_hello_dag.py
[2025-09-29T14:43:35.040+0000] {logging_mixin.py:190} INFO - [2025-09-29T14:43:35.039+0000] {dag.py:3239} INFO - Sync 1 DAGs
[2025-09-29T14:43:35.054+0000] {logging_mixin.py:190} INFO - [2025-09-29T14:43:35.054+0000] {dag.py:4180} INFO - Setting next_dagrun for example_hello_dag to 2025-09-29 00:00:00+00:00, run_after=2025-09-30 00:00:00+00:00
[2025-09-29T14:43:35.065+0000] {processor.py:208} INFO - Processing /opt/airflow/dags/example_hello_dag.py took 0.058 seconds
[2025-09-29T14:44:05.168+0000] {processor.py:186} INFO - Started process (PID=1275) to work on /opt/airflow/dags/example_hello_dag.py
[2025-09-29T14:44:05.169+0000] {processor.py:914} INFO - Processing file /opt/airflow/dags/example_hello_dag.py for tasks to queue
[2025-09-29T14:44:05.173+0000] {logging_mixin.py:190} INFO - [2025-09-29T14:44:05.173+0000] {dagbag.py:588} INFO - Filling up the DagBag from /opt/airflow/dags/example_hello_dag.py
[2025-09-29T14:44:05.186+0000] {processor.py:925} INFO - DAG(s) 'example_hello_dag' retrieved from /opt/airflow/dags/example_hello_dag.py
[2025-09-29T14:44:05.198+0000] {logging_mixin.py:190} INFO - [2025-09-29T14:44:05.198+0000] {dag.py:3239} INFO - Sync 1 DAGs
[2025-09-29T14:44:05.216+0000] {logging_mixin.py:190} INFO - [2025-09-29T14:44:05.216+0000] {dag.py:4180} INFO - Setting next_dagrun for example_hello_dag to 2025-09-29 00:00:00+00:00, run_after=2025-09-30 00:00:00+00:00
[2025-09-29T14:44:05.227+0000] {processor.py:208} INFO - Processing /opt/airflow/dags/example_hello_dag.py took 0.067 seconds
[2025-09-29T14:44:36.051+0000] {processor.py:186} INFO - Started process (PID=1338) to work on /opt/airflow/dags/example_hello_dag.py
[2025-09-29T14:44:36.052+0000] {processor.py:914} INFO - Processing file /opt/airflow/dags/example_hello_dag.py for tasks to queue
[2025-09-29T14:44:36.055+0000] {logging_mixin.py:190} INFO - [2025-09-29T14:44:36.055+0000] {dagbag.py:588} INFO - Filling up the DagBag from /opt/airflow/dags/example_hello_dag.py
[2025-09-29T14:44:36.067+0000] {processor.py:925} INFO - DAG(s) 'example_hello_dag' retrieved from /opt/airflow/dags/example_hello_dag.py
[2025-09-29T14:44:36.080+0000] {logging_mixin.py:190} INFO - [2025-09-29T14:44:36.080+0000] {dag.py:3239} INFO - Sync 1 DAGs
[2025-09-29T14:44:36.096+0000] {logging_mixin.py:190} INFO - [2025-09-29T14:44:36.096+0000] {dag.py:4180} INFO - Setting next_dagrun for example_hello_dag to 2025-09-29 00:00:00+00:00, run_after=2025-09-30 00:00:00+00:00
[2025-09-29T14:44:36.108+0000] {processor.py:208} INFO - Processing /opt/airflow/dags/example_hello_dag.py took 0.064 seconds
[2025-09-29T14:45:06.484+0000] {processor.py:186} INFO - Started process (PID=1402) to work on /opt/airflow/dags/example_hello_dag.py
[2025-09-29T14:45:06.484+0000] {processor.py:914} INFO - Processing file /opt/airflow/dags/example_hello_dag.py for tasks to queue
[2025-09-29T14:45:06.487+0000] {logging_mixin.py:190} INFO - [2025-09-29T14:45:06.487+0000] {dagbag.py:588} INFO - Filling up the DagBag from /opt/airflow/dags/example_hello_dag.py
[2025-09-29T14:45:06.497+0000] {processor.py:925} INFO - DAG(s) 'example_hello_dag' retrieved from /opt/airflow/dags/example_hello_dag.py
[2025-09-29T14:45:06.511+0000] {logging_mixin.py:190} INFO - [2025-09-29T14:45:06.511+0000] {dag.py:3239} INFO - Sync 1 DAGs
[2025-09-29T14:45:06.524+0000] {logging_mixin.py:190} INFO - [2025-09-29T14:45:06.524+0000] {dag.py:4180} INFO - Setting next_dagrun for example_hello_dag to 2025-09-29 00:00:00+00:00, run_after=2025-09-30 00:00:00+00:00
[2025-09-29T14:45:06.537+0000] {processor.py:208} INFO - Processing /opt/airflow/dags/example_hello_dag.py took 0.060 seconds
[2025-09-29T14:45:36.828+0000] {processor.py:186} INFO - Started process (PID=1466) to work on /opt/airflow/dags/example_hello_dag.py
[2025-09-29T14:45:36.829+0000] {processor.py:914} INFO - Processing file /opt/airflow/dags/example_hello_dag.py for tasks to queue
[2025-09-29T14:45:36.831+0000] {logging_mixin.py:190} INFO - [2025-09-29T14:45:36.831+0000] {dagbag.py:588} INFO - Filling up the DagBag from /opt/airflow/dags/example_hello_dag.py
[2025-09-29T14:45:36.846+0000] {processor.py:925} INFO - DAG(s) 'example_hello_dag' retrieved from /opt/airflow/dags/example_hello_dag.py
[2025-09-29T14:45:36.865+0000] {logging_mixin.py:190} INFO - [2025-09-29T14:45:36.865+0000] {dag.py:3239} INFO - Sync 1 DAGs
[2025-09-29T14:45:36.881+0000] {logging_mixin.py:190} INFO - [2025-09-29T14:45:36.881+0000] {dag.py:4180} INFO - Setting next_dagrun for example_hello_dag to 2025-09-29 00:00:00+00:00, run_after=2025-09-30 00:00:00+00:00
[2025-09-29T14:45:36.895+0000] {processor.py:208} INFO - Processing /opt/airflow/dags/example_hello_dag.py took 0.070 seconds
[2025-09-29T14:46:07.291+0000] {processor.py:186} INFO - Started process (PID=1530) to work on /opt/airflow/dags/example_hello_dag.py
[2025-09-29T14:46:07.293+0000] {processor.py:914} INFO - Processing file /opt/airflow/dags/example_hello_dag.py for tasks to queue
[2025-09-29T14:46:07.296+0000] {logging_mixin.py:190} INFO - [2025-09-29T14:46:07.295+0000] {dagbag.py:588} INFO - Filling up the DagBag from /opt/airflow/dags/example_hello_dag.py
[2025-09-29T14:46:07.307+0000] {processor.py:925} INFO - DAG(s) 'example_hello_dag' retrieved from /opt/airflow/dags/example_hello_dag.py
[2025-09-29T14:46:07.325+0000] {logging_mixin.py:190} INFO - [2025-09-29T14:46:07.324+0000] {dag.py:3239} INFO - Sync 1 DAGs
[2025-09-29T14:46:07.340+0000] {logging_mixin.py:190} INFO - [2025-09-29T14:46:07.340+0000] {dag.py:4180} INFO - Setting next_dagrun for example_hello_dag to 2025-09-29 00:00:00+00:00, run_after=2025-09-30 00:00:00+00:00
[2025-09-29T14:46:07.352+0000] {processor.py:208} INFO - Processing /opt/airflow/dags/example_hello_dag.py took 0.069 seconds
[2025-09-29T14:46:37.948+0000] {processor.py:186} INFO - Started process (PID=1594) to work on /opt/airflow/dags/example_hello_dag.py
[2025-09-29T14:46:37.949+0000] {processor.py:914} INFO - Processing file /opt/airflow/dags/example_hello_dag.py for tasks to queue
[2025-09-29T14:46:37.950+0000] {logging_mixin.py:190} INFO - [2025-09-29T14:46:37.950+0000] {dagbag.py:588} INFO - Filling up the DagBag from /opt/airflow/dags/example_hello_dag.py
[2025-09-29T14:46:37.962+0000] {processor.py:925} INFO - DAG(s) 'example_hello_dag' retrieved from /opt/airflow/dags/example_hello_dag.py
[2025-09-29T14:46:37.980+0000] {logging_mixin.py:190} INFO - [2025-09-29T14:46:37.980+0000] {dag.py:3239} INFO - Sync 1 DAGs
[2025-09-29T14:46:37.995+0000] {logging_mixin.py:190} INFO - [2025-09-29T14:46:37.995+0000] {dag.py:4180} INFO - Setting next_dagrun for example_hello_dag to 2025-09-29 00:00:00+00:00, run_after=2025-09-30 00:00:00+00:00
[2025-09-29T14:46:38.006+0000] {processor.py:208} INFO - Processing /opt/airflow/dags/example_hello_dag.py took 0.064 seconds
[2025-09-29T14:47:08.421+0000] {processor.py:186} INFO - Started process (PID=1658) to work on /opt/airflow/dags/example_hello_dag.py
[2025-09-29T14:47:08.422+0000] {processor.py:914} INFO - Processing file /opt/airflow/dags/example_hello_dag.py for tasks to queue
[2025-09-29T14:47:08.423+0000] {logging_mixin.py:190} INFO - [2025-09-29T14:47:08.423+0000] {dagbag.py:588} INFO - Filling up the DagBag from /opt/airflow/dags/example_hello_dag.py
[2025-09-29T14:47:08.436+0000] {processor.py:925} INFO - DAG(s) 'example_hello_dag' retrieved from /opt/airflow/dags/example_hello_dag.py
[2025-09-29T14:47:08.449+0000] {logging_mixin.py:190} INFO - [2025-09-29T14:47:08.449+0000] {dag.py:3239} INFO - Sync 1 DAGs
[2025-09-29T14:47:08.466+0000] {logging_mixin.py:190} INFO - [2025-09-29T14:47:08.465+0000] {dag.py:4180} INFO - Setting next_dagrun for example_hello_dag to 2025-09-29 00:00:00+00:00, run_after=2025-09-30 00:00:00+00:00
[2025-09-29T14:47:08.478+0000] {processor.py:208} INFO - Processing /opt/airflow/dags/example_hello_dag.py took 0.064 seconds
[2025-09-29T14:47:38.909+0000] {processor.py:186} INFO - Started process (PID=1722) to work on /opt/airflow/dags/example_hello_dag.py
[2025-09-29T14:47:38.909+0000] {processor.py:914} INFO - Processing file /opt/airflow/dags/example_hello_dag.py for tasks to queue
[2025-09-29T14:47:38.913+0000] {logging_mixin.py:190} INFO - [2025-09-29T14:47:38.913+0000] {dagbag.py:588} INFO - Filling up the DagBag from /opt/airflow/dags/example_hello_dag.py
[2025-09-29T14:47:38.925+0000] {processor.py:925} INFO - DAG(s) 'example_hello_dag' retrieved from /opt/airflow/dags/example_hello_dag.py
[2025-09-29T14:47:38.940+0000] {logging_mixin.py:190} INFO - [2025-09-29T14:47:38.939+0000] {dag.py:3239} INFO - Sync 1 DAGs
[2025-09-29T14:47:38.953+0000] {logging_mixin.py:190} INFO - [2025-09-29T14:47:38.953+0000] {dag.py:4180} INFO - Setting next_dagrun for example_hello_dag to 2025-09-29 00:00:00+00:00, run_after=2025-09-30 00:00:00+00:00
[2025-09-29T14:47:38.966+0000] {processor.py:208} INFO - Processing /opt/airflow/dags/example_hello_dag.py took 0.063 seconds
[2025-09-29T14:48:09.193+0000] {processor.py:186} INFO - Started process (PID=1786) to work on /opt/airflow/dags/example_hello_dag.py
[2025-09-29T14:48:09.194+0000] {processor.py:914} INFO - Processing file /opt/airflow/dags/example_hello_dag.py for tasks to queue
[2025-09-29T14:48:09.195+0000] {logging_mixin.py:190} INFO - [2025-09-29T14:48:09.195+0000] {dagbag.py:588} INFO - Filling up the DagBag from /opt/airflow/dags/example_hello_dag.py
[2025-09-29T14:48:09.205+0000] {processor.py:925} INFO - DAG(s) 'example_hello_dag' retrieved from /opt/airflow/dags/example_hello_dag.py
[2025-09-29T14:48:09.220+0000] {logging_mixin.py:190} INFO - [2025-09-29T14:48:09.220+0000] {dag.py:3239} INFO - Sync 1 DAGs
[2025-09-29T14:48:09.234+0000] {logging_mixin.py:190} INFO - [2025-09-29T14:48:09.234+0000] {dag.py:4180} INFO - Setting next_dagrun for example_hello_dag to 2025-09-29 00:00:00+00:00, run_after=2025-09-30 00:00:00+00:00
[2025-09-29T14:48:09.244+0000] {processor.py:208} INFO - Processing /opt/airflow/dags/example_hello_dag.py took 0.055 seconds
[2025-09-29T14:48:39.733+0000] {processor.py:186} INFO - Started process (PID=1850) to work on /opt/airflow/dags/example_hello_dag.py
[2025-09-29T14:48:39.734+0000] {processor.py:914} INFO - Processing file /opt/airflow/dags/example_hello_dag.py for tasks to queue
[2025-09-29T14:48:39.737+0000] {logging_mixin.py:190} INFO - [2025-09-29T14:48:39.737+0000] {dagbag.py:588} INFO - Filling up the DagBag from /opt/airflow/dags/example_hello_dag.py
[2025-09-29T14:48:39.748+0000] {processor.py:925} INFO - DAG(s) 'example_hello_dag' retrieved from /opt/airflow/dags/example_hello_dag.py
[2025-09-29T14:48:39.762+0000] {logging_mixin.py:190} INFO - [2025-09-29T14:48:39.762+0000] {dag.py:3239} INFO - Sync 1 DAGs
[2025-09-29T14:48:39.776+0000] {logging_mixin.py:190} INFO - [2025-09-29T14:48:39.776+0000] {dag.py:4180} INFO - Setting next_dagrun for example_hello_dag to 2025-09-29 00:00:00+00:00, run_after=2025-09-30 00:00:00+00:00
[2025-09-29T14:48:39.787+0000] {processor.py:208} INFO - Processing /opt/airflow/dags/example_hello_dag.py took 0.062 seconds
[2025-09-29T14:49:09.831+0000] {processor.py:186} INFO - Started process (PID=1914) to work on /opt/airflow/dags/example_hello_dag.py
[2025-09-29T14:49:09.832+0000] {processor.py:914} INFO - Processing file /opt/airflow/dags/example_hello_dag.py for tasks to queue
[2025-09-29T14:49:09.834+0000] {logging_mixin.py:190} INFO - [2025-09-29T14:49:09.834+0000] {dagbag.py:588} INFO - Filling up the DagBag from /opt/airflow/dags/example_hello_dag.py
[2025-09-29T14:49:09.845+0000] {processor.py:925} INFO - DAG(s) 'example_hello_dag' retrieved from /opt/airflow/dags/example_hello_dag.py
[2025-09-29T14:49:09.858+0000] {logging_mixin.py:190} INFO - [2025-09-29T14:49:09.858+0000] {dag.py:3239} INFO - Sync 1 DAGs
[2025-09-29T14:49:09.870+0000] {logging_mixin.py:190} INFO - [2025-09-29T14:49:09.870+0000] {dag.py:4180} INFO - Setting next_dagrun for example_hello_dag to 2025-09-29 00:00:00+00:00, run_after=2025-09-30 00:00:00+00:00
[2025-09-29T14:49:09.881+0000] {processor.py:208} INFO - Processing /opt/airflow/dags/example_hello_dag.py took 0.056 seconds
[2025-09-29T14:49:40.280+0000] {processor.py:186} INFO - Started process (PID=1978) to work on /opt/airflow/dags/example_hello_dag.py
[2025-09-29T14:49:40.282+0000] {processor.py:914} INFO - Processing file /opt/airflow/dags/example_hello_dag.py for tasks to queue
[2025-09-29T14:49:40.284+0000] {logging_mixin.py:190} INFO - [2025-09-29T14:49:40.284+0000] {dagbag.py:588} INFO - Filling up the DagBag from /opt/airflow/dags/example_hello_dag.py
[2025-09-29T14:49:40.299+0000] {processor.py:925} INFO - DAG(s) 'example_hello_dag' retrieved from /opt/airflow/dags/example_hello_dag.py
[2025-09-29T14:49:40.313+0000] {logging_mixin.py:190} INFO - [2025-09-29T14:49:40.312+0000] {dag.py:3239} INFO - Sync 1 DAGs
[2025-09-29T14:49:40.325+0000] {logging_mixin.py:190} INFO - [2025-09-29T14:49:40.325+0000] {dag.py:4180} INFO - Setting next_dagrun for example_hello_dag to 2025-09-29 00:00:00+00:00, run_after=2025-09-30 00:00:00+00:00
[2025-09-29T14:49:40.341+0000] {processor.py:208} INFO - Processing /opt/airflow/dags/example_hello_dag.py took 0.067 seconds
[2025-09-29T14:50:10.668+0000] {processor.py:186} INFO - Started process (PID=2042) to work on /opt/airflow/dags/example_hello_dag.py
[2025-09-29T14:50:10.669+0000] {processor.py:914} INFO - Processing file /opt/airflow/dags/example_hello_dag.py for tasks to queue
[2025-09-29T14:50:10.670+0000] {logging_mixin.py:190} INFO - [2025-09-29T14:50:10.670+0000] {dagbag.py:588} INFO - Filling up the DagBag from /opt/airflow/dags/example_hello_dag.py
[2025-09-29T14:50:10.681+0000] {processor.py:925} INFO - DAG(s) 'example_hello_dag' retrieved from /opt/airflow/dags/example_hello_dag.py
[2025-09-29T14:50:10.694+0000] {logging_mixin.py:190} INFO - [2025-09-29T14:50:10.694+0000] {dag.py:3239} INFO - Sync 1 DAGs
[2025-09-29T14:50:10.708+0000] {logging_mixin.py:190} INFO - [2025-09-29T14:50:10.708+0000] {dag.py:4180} INFO - Setting next_dagrun for example_hello_dag to 2025-09-29 00:00:00+00:00, run_after=2025-09-30 00:00:00+00:00
[2025-09-29T14:50:10.722+0000] {processor.py:208} INFO - Processing /opt/airflow/dags/example_hello_dag.py took 0.057 seconds
[2025-09-29T14:50:40.927+0000] {processor.py:186} INFO - Started process (PID=2106) to work on /opt/airflow/dags/example_hello_dag.py
[2025-09-29T14:50:40.928+0000] {processor.py:914} INFO - Processing file /opt/airflow/dags/example_hello_dag.py for tasks to queue
[2025-09-29T14:50:40.929+0000] {logging_mixin.py:190} INFO - [2025-09-29T14:50:40.929+0000] {dagbag.py:588} INFO - Filling up the DagBag from /opt/airflow/dags/example_hello_dag.py
[2025-09-29T14:50:40.941+0000] {processor.py:925} INFO - DAG(s) 'example_hello_dag' retrieved from /opt/airflow/dags/example_hello_dag.py
[2025-09-29T14:50:40.955+0000] {logging_mixin.py:190} INFO - [2025-09-29T14:50:40.955+0000] {dag.py:3239} INFO - Sync 1 DAGs
[2025-09-29T14:50:40.966+0000] {logging_mixin.py:190} INFO - [2025-09-29T14:50:40.965+0000] {dag.py:4180} INFO - Setting next_dagrun for example_hello_dag to 2025-09-29 00:00:00+00:00, run_after=2025-09-30 00:00:00+00:00
[2025-09-29T14:50:40.976+0000] {processor.py:208} INFO - Processing /opt/airflow/dags/example_hello_dag.py took 0.053 seconds
[2025-09-29T14:51:11.207+0000] {processor.py:186} INFO - Started process (PID=2170) to work on /opt/airflow/dags/example_hello_dag.py
[2025-09-29T14:51:11.208+0000] {processor.py:914} INFO - Processing file /opt/airflow/dags/example_hello_dag.py for tasks to queue
[2025-09-29T14:51:11.210+0000] {logging_mixin.py:190} INFO - [2025-09-29T14:51:11.209+0000] {dagbag.py:588} INFO - Filling up the DagBag from /opt/airflow/dags/example_hello_dag.py
[2025-09-29T14:51:11.220+0000] {processor.py:925} INFO - DAG(s) 'example_hello_dag' retrieved from /opt/airflow/dags/example_hello_dag.py
[2025-09-29T14:51:11.232+0000] {logging_mixin.py:190} INFO - [2025-09-29T14:51:11.232+0000] {dag.py:3239} INFO - Sync 1 DAGs
[2025-09-29T14:51:11.243+0000] {logging_mixin.py:190} INFO - [2025-09-29T14:51:11.243+0000] {dag.py:4180} INFO - Setting next_dagrun for example_hello_dag to 2025-09-29 00:00:00+00:00, run_after=2025-09-30 00:00:00+00:00
[2025-09-29T14:51:11.254+0000] {processor.py:208} INFO - Processing /opt/airflow/dags/example_hello_dag.py took 0.050 seconds
[2025-09-29T14:51:41.523+0000] {processor.py:186} INFO - Started process (PID=2234) to work on /opt/airflow/dags/example_hello_dag.py
[2025-09-29T14:51:41.524+0000] {processor.py:914} INFO - Processing file /opt/airflow/dags/example_hello_dag.py for tasks to queue
[2025-09-29T14:51:41.525+0000] {logging_mixin.py:190} INFO - [2025-09-29T14:51:41.525+0000] {dagbag.py:588} INFO - Filling up the DagBag from /opt/airflow/dags/example_hello_dag.py
[2025-09-29T14:51:41.539+0000] {processor.py:925} INFO - DAG(s) 'example_hello_dag' retrieved from /opt/airflow/dags/example_hello_dag.py
[2025-09-29T14:51:41.551+0000] {logging_mixin.py:190} INFO - [2025-09-29T14:51:41.551+0000] {dag.py:3239} INFO - Sync 1 DAGs
[2025-09-29T14:51:41.564+0000] {logging_mixin.py:190} INFO - [2025-09-29T14:51:41.564+0000] {dag.py:4180} INFO - Setting next_dagrun for example_hello_dag to 2025-09-29 00:00:00+00:00, run_after=2025-09-30 00:00:00+00:00
[2025-09-29T14:51:41.574+0000] {processor.py:208} INFO - Processing /opt/airflow/dags/example_hello_dag.py took 0.054 seconds
