[2025-09-29T14:34:27.670+0000] {processor.py:186} INFO - Started process (PID=41) to work on /opt/airflow/dags/file_copy_dag.py
[2025-09-29T14:34:27.673+0000] {processor.py:914} INFO - Processing file /opt/airflow/dags/file_copy_dag.py for tasks to queue
[2025-09-29T14:34:27.680+0000] {logging_mixin.py:190} INFO - [2025-09-29T14:34:27.680+0000] {dagbag.py:588} INFO - Filling up the DagBag from /opt/airflow/dags/file_copy_dag.py
[2025-09-29T14:34:27.707+0000] {processor.py:925} INFO - DAG(s) 'file_copy_dag' retrieved from /opt/airflow/dags/file_copy_dag.py
[2025-09-29T14:34:27.941+0000] {logging_mixin.py:190} INFO - [2025-09-29T14:34:27.940+0000] {override.py:1900} INFO - Created Permission View: can delete on DAG:file_copy_dag
[2025-09-29T14:34:27.973+0000] {logging_mixin.py:190} INFO - [2025-09-29T14:34:27.972+0000] {override.py:1900} INFO - Created Permission View: can read on DAG:file_copy_dag
[2025-09-29T14:34:27.992+0000] {logging_mixin.py:190} INFO - [2025-09-29T14:34:27.991+0000] {override.py:1900} INFO - Created Permission View: can edit on DAG:file_copy_dag
[2025-09-29T14:34:28.011+0000] {logging_mixin.py:190} INFO - [2025-09-29T14:34:28.011+0000] {override.py:1900} INFO - Created Permission View: can create on DAG Run:file_copy_dag
[2025-09-29T14:34:28.025+0000] {logging_mixin.py:190} INFO - [2025-09-29T14:34:28.024+0000] {override.py:1900} INFO - Created Permission View: can delete on DAG Run:file_copy_dag
[2025-09-29T14:34:28.040+0000] {logging_mixin.py:190} INFO - [2025-09-29T14:34:28.040+0000] {override.py:1900} INFO - Created Permission View: can read on DAG Run:file_copy_dag
[2025-09-29T14:34:28.056+0000] {logging_mixin.py:190} INFO - [2025-09-29T14:34:28.054+0000] {override.py:1900} INFO - Created Permission View: menu access on DAG Run:file_copy_dag
[2025-09-29T14:34:28.059+0000] {logging_mixin.py:190} INFO - [2025-09-29T14:34:28.058+0000] {dag.py:3239} INFO - Sync 1 DAGs
[2025-09-29T14:34:28.140+0000] {logging_mixin.py:190} INFO - [2025-09-29T14:34:28.139+0000] {dag.py:3262} INFO - Creating ORM DAG for file_copy_dag
[2025-09-29T14:34:28.141+0000] {logging_mixin.py:190} INFO - [2025-09-29T14:34:28.141+0000] {dag.py:4180} INFO - Setting next_dagrun for file_copy_dag to None, run_after=None
[2025-09-29T14:34:28.173+0000] {processor.py:208} INFO - Processing /opt/airflow/dags/file_copy_dag.py took 0.510 seconds
[2025-09-29T14:34:58.678+0000] {processor.py:186} INFO - Started process (PID=109) to work on /opt/airflow/dags/file_copy_dag.py
[2025-09-29T14:34:58.678+0000] {processor.py:914} INFO - Processing file /opt/airflow/dags/file_copy_dag.py for tasks to queue
[2025-09-29T14:34:58.681+0000] {logging_mixin.py:190} INFO - [2025-09-29T14:34:58.680+0000] {dagbag.py:588} INFO - Filling up the DagBag from /opt/airflow/dags/file_copy_dag.py
[2025-09-29T14:34:58.687+0000] {processor.py:925} INFO - DAG(s) 'file_copy_dag' retrieved from /opt/airflow/dags/file_copy_dag.py
[2025-09-29T14:34:58.700+0000] {logging_mixin.py:190} INFO - [2025-09-29T14:34:58.700+0000] {dag.py:3239} INFO - Sync 1 DAGs
[2025-09-29T14:34:58.710+0000] {logging_mixin.py:190} INFO - [2025-09-29T14:34:58.709+0000] {dag.py:4180} INFO - Setting next_dagrun for file_copy_dag to None, run_after=None
[2025-09-29T14:34:58.726+0000] {processor.py:208} INFO - Processing /opt/airflow/dags/file_copy_dag.py took 0.051 seconds
[2025-09-29T14:35:29.257+0000] {processor.py:186} INFO - Started process (PID=173) to work on /opt/airflow/dags/file_copy_dag.py
[2025-09-29T14:35:29.258+0000] {processor.py:914} INFO - Processing file /opt/airflow/dags/file_copy_dag.py for tasks to queue
[2025-09-29T14:35:29.260+0000] {logging_mixin.py:190} INFO - [2025-09-29T14:35:29.260+0000] {dagbag.py:588} INFO - Filling up the DagBag from /opt/airflow/dags/file_copy_dag.py
[2025-09-29T14:35:29.268+0000] {processor.py:925} INFO - DAG(s) 'file_copy_dag' retrieved from /opt/airflow/dags/file_copy_dag.py
[2025-09-29T14:35:29.283+0000] {logging_mixin.py:190} INFO - [2025-09-29T14:35:29.283+0000] {dag.py:3239} INFO - Sync 1 DAGs
[2025-09-29T14:35:29.292+0000] {logging_mixin.py:190} INFO - [2025-09-29T14:35:29.292+0000] {dag.py:4180} INFO - Setting next_dagrun for file_copy_dag to None, run_after=None
[2025-09-29T14:35:29.307+0000] {processor.py:208} INFO - Processing /opt/airflow/dags/file_copy_dag.py took 0.055 seconds
[2025-09-29T14:35:59.480+0000] {processor.py:186} INFO - Started process (PID=237) to work on /opt/airflow/dags/file_copy_dag.py
[2025-09-29T14:35:59.480+0000] {processor.py:914} INFO - Processing file /opt/airflow/dags/file_copy_dag.py for tasks to queue
[2025-09-29T14:35:59.482+0000] {logging_mixin.py:190} INFO - [2025-09-29T14:35:59.482+0000] {dagbag.py:588} INFO - Filling up the DagBag from /opt/airflow/dags/file_copy_dag.py
[2025-09-29T14:35:59.493+0000] {processor.py:925} INFO - DAG(s) 'file_copy_dag' retrieved from /opt/airflow/dags/file_copy_dag.py
[2025-09-29T14:35:59.508+0000] {logging_mixin.py:190} INFO - [2025-09-29T14:35:59.508+0000] {dag.py:3239} INFO - Sync 1 DAGs
[2025-09-29T14:35:59.516+0000] {logging_mixin.py:190} INFO - [2025-09-29T14:35:59.515+0000] {dag.py:4180} INFO - Setting next_dagrun for file_copy_dag to None, run_after=None
[2025-09-29T14:35:59.525+0000] {processor.py:208} INFO - Processing /opt/airflow/dags/file_copy_dag.py took 0.052 seconds
[2025-09-29T14:36:29.640+0000] {processor.py:186} INFO - Started process (PID=301) to work on /opt/airflow/dags/file_copy_dag.py
[2025-09-29T14:36:29.641+0000] {processor.py:914} INFO - Processing file /opt/airflow/dags/file_copy_dag.py for tasks to queue
[2025-09-29T14:36:29.643+0000] {logging_mixin.py:190} INFO - [2025-09-29T14:36:29.643+0000] {dagbag.py:588} INFO - Filling up the DagBag from /opt/airflow/dags/file_copy_dag.py
[2025-09-29T14:36:29.650+0000] {processor.py:925} INFO - DAG(s) 'file_copy_dag' retrieved from /opt/airflow/dags/file_copy_dag.py
[2025-09-29T14:36:29.665+0000] {logging_mixin.py:190} INFO - [2025-09-29T14:36:29.665+0000] {dag.py:3239} INFO - Sync 1 DAGs
[2025-09-29T14:36:29.673+0000] {logging_mixin.py:190} INFO - [2025-09-29T14:36:29.673+0000] {dag.py:4180} INFO - Setting next_dagrun for file_copy_dag to None, run_after=None
[2025-09-29T14:36:29.685+0000] {processor.py:208} INFO - Processing /opt/airflow/dags/file_copy_dag.py took 0.051 seconds
[2025-09-29T14:36:59.827+0000] {processor.py:186} INFO - Started process (PID=365) to work on /opt/airflow/dags/file_copy_dag.py
[2025-09-29T14:36:59.828+0000] {processor.py:914} INFO - Processing file /opt/airflow/dags/file_copy_dag.py for tasks to queue
[2025-09-29T14:36:59.829+0000] {logging_mixin.py:190} INFO - [2025-09-29T14:36:59.829+0000] {dagbag.py:588} INFO - Filling up the DagBag from /opt/airflow/dags/file_copy_dag.py
[2025-09-29T14:36:59.837+0000] {processor.py:925} INFO - DAG(s) 'file_copy_dag' retrieved from /opt/airflow/dags/file_copy_dag.py
[2025-09-29T14:36:59.848+0000] {logging_mixin.py:190} INFO - [2025-09-29T14:36:59.848+0000] {dag.py:3239} INFO - Sync 1 DAGs
[2025-09-29T14:36:59.855+0000] {logging_mixin.py:190} INFO - [2025-09-29T14:36:59.855+0000] {dag.py:4180} INFO - Setting next_dagrun for file_copy_dag to None, run_after=None
[2025-09-29T14:36:59.865+0000] {processor.py:208} INFO - Processing /opt/airflow/dags/file_copy_dag.py took 0.041 seconds
[2025-09-29T14:37:30.098+0000] {processor.py:186} INFO - Started process (PID=428) to work on /opt/airflow/dags/file_copy_dag.py
[2025-09-29T14:37:30.099+0000] {processor.py:914} INFO - Processing file /opt/airflow/dags/file_copy_dag.py for tasks to queue
[2025-09-29T14:37:30.102+0000] {logging_mixin.py:190} INFO - [2025-09-29T14:37:30.102+0000] {dagbag.py:588} INFO - Filling up the DagBag from /opt/airflow/dags/file_copy_dag.py
[2025-09-29T14:37:30.110+0000] {processor.py:925} INFO - DAG(s) 'file_copy_dag' retrieved from /opt/airflow/dags/file_copy_dag.py
[2025-09-29T14:37:30.125+0000] {logging_mixin.py:190} INFO - [2025-09-29T14:37:30.124+0000] {dag.py:3239} INFO - Sync 1 DAGs
[2025-09-29T14:37:30.133+0000] {logging_mixin.py:190} INFO - [2025-09-29T14:37:30.133+0000] {dag.py:4180} INFO - Setting next_dagrun for file_copy_dag to None, run_after=None
[2025-09-29T14:37:30.150+0000] {processor.py:208} INFO - Processing /opt/airflow/dags/file_copy_dag.py took 0.060 seconds
[2025-09-29T14:38:00.438+0000] {processor.py:186} INFO - Started process (PID=492) to work on /opt/airflow/dags/file_copy_dag.py
[2025-09-29T14:38:00.440+0000] {processor.py:914} INFO - Processing file /opt/airflow/dags/file_copy_dag.py for tasks to queue
[2025-09-29T14:38:00.441+0000] {logging_mixin.py:190} INFO - [2025-09-29T14:38:00.441+0000] {dagbag.py:588} INFO - Filling up the DagBag from /opt/airflow/dags/file_copy_dag.py
[2025-09-29T14:38:00.450+0000] {processor.py:925} INFO - DAG(s) 'file_copy_dag' retrieved from /opt/airflow/dags/file_copy_dag.py
[2025-09-29T14:38:00.464+0000] {logging_mixin.py:190} INFO - [2025-09-29T14:38:00.464+0000] {dag.py:3239} INFO - Sync 1 DAGs
[2025-09-29T14:38:00.474+0000] {logging_mixin.py:190} INFO - [2025-09-29T14:38:00.474+0000] {dag.py:4180} INFO - Setting next_dagrun for file_copy_dag to None, run_after=None
[2025-09-29T14:38:00.495+0000] {processor.py:208} INFO - Processing /opt/airflow/dags/file_copy_dag.py took 0.062 seconds
[2025-09-29T14:38:30.911+0000] {processor.py:186} INFO - Started process (PID=564) to work on /opt/airflow/dags/file_copy_dag.py
[2025-09-29T14:38:30.912+0000] {processor.py:914} INFO - Processing file /opt/airflow/dags/file_copy_dag.py for tasks to queue
[2025-09-29T14:38:30.914+0000] {logging_mixin.py:190} INFO - [2025-09-29T14:38:30.914+0000] {dagbag.py:588} INFO - Filling up the DagBag from /opt/airflow/dags/file_copy_dag.py
[2025-09-29T14:38:30.921+0000] {processor.py:925} INFO - DAG(s) 'file_copy_dag' retrieved from /opt/airflow/dags/file_copy_dag.py
[2025-09-29T14:38:30.940+0000] {logging_mixin.py:190} INFO - [2025-09-29T14:38:30.940+0000] {dag.py:3239} INFO - Sync 1 DAGs
[2025-09-29T14:38:30.949+0000] {logging_mixin.py:190} INFO - [2025-09-29T14:38:30.948+0000] {dag.py:4180} INFO - Setting next_dagrun for file_copy_dag to None, run_after=None
[2025-09-29T14:38:30.968+0000] {processor.py:208} INFO - Processing /opt/airflow/dags/file_copy_dag.py took 0.063 seconds
[2025-09-29T14:39:01.281+0000] {processor.py:186} INFO - Started process (PID=633) to work on /opt/airflow/dags/file_copy_dag.py
[2025-09-29T14:39:01.282+0000] {processor.py:914} INFO - Processing file /opt/airflow/dags/file_copy_dag.py for tasks to queue
[2025-09-29T14:39:01.285+0000] {logging_mixin.py:190} INFO - [2025-09-29T14:39:01.285+0000] {dagbag.py:588} INFO - Filling up the DagBag from /opt/airflow/dags/file_copy_dag.py
[2025-09-29T14:39:01.296+0000] {processor.py:925} INFO - DAG(s) 'file_copy_dag' retrieved from /opt/airflow/dags/file_copy_dag.py
[2025-09-29T14:39:01.310+0000] {logging_mixin.py:190} INFO - [2025-09-29T14:39:01.309+0000] {dag.py:3239} INFO - Sync 1 DAGs
[2025-09-29T14:39:01.318+0000] {logging_mixin.py:190} INFO - [2025-09-29T14:39:01.318+0000] {dag.py:4180} INFO - Setting next_dagrun for file_copy_dag to None, run_after=None
[2025-09-29T14:39:01.333+0000] {processor.py:208} INFO - Processing /opt/airflow/dags/file_copy_dag.py took 0.060 seconds
[2025-09-29T14:39:31.795+0000] {processor.py:186} INFO - Started process (PID=696) to work on /opt/airflow/dags/file_copy_dag.py
[2025-09-29T14:39:31.796+0000] {processor.py:914} INFO - Processing file /opt/airflow/dags/file_copy_dag.py for tasks to queue
[2025-09-29T14:39:31.799+0000] {logging_mixin.py:190} INFO - [2025-09-29T14:39:31.798+0000] {dagbag.py:588} INFO - Filling up the DagBag from /opt/airflow/dags/file_copy_dag.py
[2025-09-29T14:39:31.809+0000] {processor.py:925} INFO - DAG(s) 'file_copy_dag' retrieved from /opt/airflow/dags/file_copy_dag.py
[2025-09-29T14:39:31.826+0000] {logging_mixin.py:190} INFO - [2025-09-29T14:39:31.826+0000] {dag.py:3239} INFO - Sync 1 DAGs
[2025-09-29T14:39:31.837+0000] {logging_mixin.py:190} INFO - [2025-09-29T14:39:31.837+0000] {dag.py:4180} INFO - Setting next_dagrun for file_copy_dag to None, run_after=None
[2025-09-29T14:39:31.854+0000] {processor.py:208} INFO - Processing /opt/airflow/dags/file_copy_dag.py took 0.064 seconds
[2025-09-29T14:40:02.371+0000] {processor.py:186} INFO - Started process (PID=760) to work on /opt/airflow/dags/file_copy_dag.py
[2025-09-29T14:40:02.371+0000] {processor.py:914} INFO - Processing file /opt/airflow/dags/file_copy_dag.py for tasks to queue
[2025-09-29T14:40:02.374+0000] {logging_mixin.py:190} INFO - [2025-09-29T14:40:02.374+0000] {dagbag.py:588} INFO - Filling up the DagBag from /opt/airflow/dags/file_copy_dag.py
[2025-09-29T14:40:02.381+0000] {processor.py:925} INFO - DAG(s) 'file_copy_dag' retrieved from /opt/airflow/dags/file_copy_dag.py
[2025-09-29T14:40:02.395+0000] {logging_mixin.py:190} INFO - [2025-09-29T14:40:02.395+0000] {dag.py:3239} INFO - Sync 1 DAGs
[2025-09-29T14:40:02.403+0000] {logging_mixin.py:190} INFO - [2025-09-29T14:40:02.403+0000] {dag.py:4180} INFO - Setting next_dagrun for file_copy_dag to None, run_after=None
[2025-09-29T14:40:02.414+0000] {processor.py:208} INFO - Processing /opt/airflow/dags/file_copy_dag.py took 0.049 seconds
[2025-09-29T14:40:32.693+0000] {processor.py:186} INFO - Started process (PID=823) to work on /opt/airflow/dags/file_copy_dag.py
[2025-09-29T14:40:32.695+0000] {processor.py:914} INFO - Processing file /opt/airflow/dags/file_copy_dag.py for tasks to queue
[2025-09-29T14:40:32.696+0000] {logging_mixin.py:190} INFO - [2025-09-29T14:40:32.696+0000] {dagbag.py:588} INFO - Filling up the DagBag from /opt/airflow/dags/file_copy_dag.py
[2025-09-29T14:40:32.709+0000] {processor.py:925} INFO - DAG(s) 'file_copy_dag' retrieved from /opt/airflow/dags/file_copy_dag.py
[2025-09-29T14:40:32.729+0000] {logging_mixin.py:190} INFO - [2025-09-29T14:40:32.729+0000] {dag.py:3239} INFO - Sync 1 DAGs
[2025-09-29T14:40:32.741+0000] {logging_mixin.py:190} INFO - [2025-09-29T14:40:32.741+0000] {dag.py:4180} INFO - Setting next_dagrun for file_copy_dag to None, run_after=None
[2025-09-29T14:40:32.755+0000] {processor.py:208} INFO - Processing /opt/airflow/dags/file_copy_dag.py took 0.068 seconds
[2025-09-29T14:40:46.016+0000] {processor.py:186} INFO - Started process (PID=881) to work on /opt/airflow/dags/file_copy_dag.py
[2025-09-29T14:40:46.016+0000] {processor.py:914} INFO - Processing file /opt/airflow/dags/file_copy_dag.py for tasks to queue
[2025-09-29T14:40:46.019+0000] {logging_mixin.py:190} INFO - [2025-09-29T14:40:46.018+0000] {dagbag.py:588} INFO - Filling up the DagBag from /opt/airflow/dags/file_copy_dag.py
[2025-09-29T14:40:46.026+0000] {processor.py:925} INFO - DAG(s) 'file_copy_dag' retrieved from /opt/airflow/dags/file_copy_dag.py
[2025-09-29T14:40:46.089+0000] {logging_mixin.py:190} INFO - [2025-09-29T14:40:46.089+0000] {dag.py:3239} INFO - Sync 1 DAGs
[2025-09-29T14:40:46.095+0000] {logging_mixin.py:190} INFO - [2025-09-29T14:40:46.095+0000] {dag.py:4180} INFO - Setting next_dagrun for file_copy_dag to None, run_after=None
[2025-09-29T14:40:46.107+0000] {processor.py:208} INFO - Processing /opt/airflow/dags/file_copy_dag.py took 0.096 seconds
[2025-09-29T14:40:56.120+0000] {processor.py:186} INFO - Started process (PID=882) to work on /opt/airflow/dags/file_copy_dag.py
[2025-09-29T14:40:56.121+0000] {processor.py:914} INFO - Processing file /opt/airflow/dags/file_copy_dag.py for tasks to queue
[2025-09-29T14:40:56.122+0000] {logging_mixin.py:190} INFO - [2025-09-29T14:40:56.122+0000] {dagbag.py:588} INFO - Filling up the DagBag from /opt/airflow/dags/file_copy_dag.py
[2025-09-29T14:40:56.130+0000] {processor.py:925} INFO - DAG(s) 'file_copy_dag' retrieved from /opt/airflow/dags/file_copy_dag.py
[2025-09-29T14:40:56.139+0000] {logging_mixin.py:190} INFO - [2025-09-29T14:40:56.139+0000] {dag.py:3239} INFO - Sync 1 DAGs
[2025-09-29T14:40:56.150+0000] {logging_mixin.py:190} INFO - [2025-09-29T14:40:56.149+0000] {dag.py:4180} INFO - Setting next_dagrun for file_copy_dag to None, run_after=None
[2025-09-29T14:40:56.161+0000] {processor.py:208} INFO - Processing /opt/airflow/dags/file_copy_dag.py took 0.045 seconds
[2025-09-29T14:41:01.183+0000] {processor.py:186} INFO - Started process (PID=883) to work on /opt/airflow/dags/file_copy_dag.py
[2025-09-29T14:41:01.184+0000] {processor.py:914} INFO - Processing file /opt/airflow/dags/file_copy_dag.py for tasks to queue
[2025-09-29T14:41:01.186+0000] {logging_mixin.py:190} INFO - [2025-09-29T14:41:01.186+0000] {dagbag.py:588} INFO - Filling up the DagBag from /opt/airflow/dags/file_copy_dag.py
[2025-09-29T14:41:01.194+0000] {processor.py:925} INFO - DAG(s) 'file_copy_dag' retrieved from /opt/airflow/dags/file_copy_dag.py
[2025-09-29T14:41:01.202+0000] {logging_mixin.py:190} INFO - [2025-09-29T14:41:01.202+0000] {dag.py:3239} INFO - Sync 1 DAGs
[2025-09-29T14:41:01.211+0000] {logging_mixin.py:190} INFO - [2025-09-29T14:41:01.211+0000] {dag.py:4180} INFO - Setting next_dagrun for file_copy_dag to None, run_after=None
[2025-09-29T14:41:01.221+0000] {processor.py:208} INFO - Processing /opt/airflow/dags/file_copy_dag.py took 0.043 seconds
[2025-09-29T14:41:31.383+0000] {processor.py:186} INFO - Started process (PID=947) to work on /opt/airflow/dags/file_copy_dag.py
[2025-09-29T14:41:31.383+0000] {processor.py:914} INFO - Processing file /opt/airflow/dags/file_copy_dag.py for tasks to queue
[2025-09-29T14:41:31.385+0000] {logging_mixin.py:190} INFO - [2025-09-29T14:41:31.385+0000] {dagbag.py:588} INFO - Filling up the DagBag from /opt/airflow/dags/file_copy_dag.py
[2025-09-29T14:41:31.391+0000] {processor.py:925} INFO - DAG(s) 'file_copy_dag' retrieved from /opt/airflow/dags/file_copy_dag.py
[2025-09-29T14:41:31.455+0000] {logging_mixin.py:190} INFO - [2025-09-29T14:41:31.454+0000] {dag.py:3239} INFO - Sync 1 DAGs
[2025-09-29T14:41:31.461+0000] {logging_mixin.py:190} INFO - [2025-09-29T14:41:31.461+0000] {dag.py:4180} INFO - Setting next_dagrun for file_copy_dag to None, run_after=None
[2025-09-29T14:41:31.472+0000] {processor.py:208} INFO - Processing /opt/airflow/dags/file_copy_dag.py took 0.094 seconds
[2025-09-29T14:41:49.778+0000] {processor.py:186} INFO - Started process (PID=1011) to work on /opt/airflow/dags/file_copy_dag.py
[2025-09-29T14:41:49.779+0000] {processor.py:914} INFO - Processing file /opt/airflow/dags/file_copy_dag.py for tasks to queue
[2025-09-29T14:41:49.780+0000] {logging_mixin.py:190} INFO - [2025-09-29T14:41:49.780+0000] {dagbag.py:588} INFO - Filling up the DagBag from /opt/airflow/dags/file_copy_dag.py
[2025-09-29T14:41:49.785+0000] {processor.py:925} INFO - DAG(s) 'file_copy_dag' retrieved from /opt/airflow/dags/file_copy_dag.py
[2025-09-29T14:41:49.792+0000] {logging_mixin.py:190} INFO - [2025-09-29T14:41:49.792+0000] {dag.py:3239} INFO - Sync 1 DAGs
[2025-09-29T14:41:49.801+0000] {logging_mixin.py:190} INFO - [2025-09-29T14:41:49.801+0000] {dag.py:4180} INFO - Setting next_dagrun for file_copy_dag to None, run_after=None
[2025-09-29T14:41:49.813+0000] {processor.py:208} INFO - Processing /opt/airflow/dags/file_copy_dag.py took 0.039 seconds
[2025-09-29T14:41:53.836+0000] {processor.py:186} INFO - Started process (PID=1012) to work on /opt/airflow/dags/file_copy_dag.py
[2025-09-29T14:41:53.838+0000] {processor.py:914} INFO - Processing file /opt/airflow/dags/file_copy_dag.py for tasks to queue
[2025-09-29T14:41:53.842+0000] {logging_mixin.py:190} INFO - [2025-09-29T14:41:53.841+0000] {dagbag.py:588} INFO - Filling up the DagBag from /opt/airflow/dags/file_copy_dag.py
[2025-09-29T14:41:53.863+0000] {processor.py:925} INFO - DAG(s) 'file_copy_dag' retrieved from /opt/airflow/dags/file_copy_dag.py
[2025-09-29T14:41:53.874+0000] {logging_mixin.py:190} INFO - [2025-09-29T14:41:53.873+0000] {dag.py:3239} INFO - Sync 1 DAGs
[2025-09-29T14:41:53.881+0000] {logging_mixin.py:190} INFO - [2025-09-29T14:41:53.881+0000] {dag.py:4180} INFO - Setting next_dagrun for file_copy_dag to None, run_after=None
[2025-09-29T14:41:53.890+0000] {processor.py:208} INFO - Processing /opt/airflow/dags/file_copy_dag.py took 0.063 seconds
[2025-09-29T14:42:17.143+0000] {processor.py:186} INFO - Started process (PID=1076) to work on /opt/airflow/dags/file_copy_dag.py
[2025-09-29T14:42:17.144+0000] {processor.py:914} INFO - Processing file /opt/airflow/dags/file_copy_dag.py for tasks to queue
[2025-09-29T14:42:17.146+0000] {logging_mixin.py:190} INFO - [2025-09-29T14:42:17.146+0000] {dagbag.py:588} INFO - Filling up the DagBag from /opt/airflow/dags/file_copy_dag.py
[2025-09-29T14:42:17.155+0000] {processor.py:925} INFO - DAG(s) 'file_copy_dag' retrieved from /opt/airflow/dags/file_copy_dag.py
[2025-09-29T14:42:17.291+0000] {logging_mixin.py:190} INFO - [2025-09-29T14:42:17.291+0000] {dag.py:3239} INFO - Sync 1 DAGs
[2025-09-29T14:42:17.314+0000] {logging_mixin.py:190} INFO - [2025-09-29T14:42:17.314+0000] {dag.py:4180} INFO - Setting next_dagrun for file_copy_dag to None, run_after=None
[2025-09-29T14:42:17.328+0000] {processor.py:208} INFO - Processing /opt/airflow/dags/file_copy_dag.py took 0.190 seconds
[2025-09-29T14:42:47.480+0000] {processor.py:186} INFO - Started process (PID=1140) to work on /opt/airflow/dags/file_copy_dag.py
[2025-09-29T14:42:47.481+0000] {processor.py:914} INFO - Processing file /opt/airflow/dags/file_copy_dag.py for tasks to queue
[2025-09-29T14:42:47.482+0000] {logging_mixin.py:190} INFO - [2025-09-29T14:42:47.482+0000] {dagbag.py:588} INFO - Filling up the DagBag from /opt/airflow/dags/file_copy_dag.py
[2025-09-29T14:42:47.487+0000] {processor.py:925} INFO - DAG(s) 'file_copy_dag' retrieved from /opt/airflow/dags/file_copy_dag.py
[2025-09-29T14:42:47.497+0000] {logging_mixin.py:190} INFO - [2025-09-29T14:42:47.497+0000] {dag.py:3239} INFO - Sync 1 DAGs
[2025-09-29T14:42:47.504+0000] {logging_mixin.py:190} INFO - [2025-09-29T14:42:47.504+0000] {dag.py:4180} INFO - Setting next_dagrun for file_copy_dag to None, run_after=None
[2025-09-29T14:42:47.514+0000] {processor.py:208} INFO - Processing /opt/airflow/dags/file_copy_dag.py took 0.038 seconds
[2025-09-29T14:43:17.807+0000] {processor.py:186} INFO - Started process (PID=1204) to work on /opt/airflow/dags/file_copy_dag.py
[2025-09-29T14:43:17.808+0000] {processor.py:914} INFO - Processing file /opt/airflow/dags/file_copy_dag.py for tasks to queue
[2025-09-29T14:43:17.809+0000] {logging_mixin.py:190} INFO - [2025-09-29T14:43:17.809+0000] {dagbag.py:588} INFO - Filling up the DagBag from /opt/airflow/dags/file_copy_dag.py
[2025-09-29T14:43:17.815+0000] {processor.py:925} INFO - DAG(s) 'file_copy_dag' retrieved from /opt/airflow/dags/file_copy_dag.py
[2025-09-29T14:43:17.825+0000] {logging_mixin.py:190} INFO - [2025-09-29T14:43:17.825+0000] {dag.py:3239} INFO - Sync 1 DAGs
[2025-09-29T14:43:17.832+0000] {logging_mixin.py:190} INFO - [2025-09-29T14:43:17.832+0000] {dag.py:4180} INFO - Setting next_dagrun for file_copy_dag to None, run_after=None
[2025-09-29T14:43:17.840+0000] {processor.py:208} INFO - Processing /opt/airflow/dags/file_copy_dag.py took 0.038 seconds
[2025-09-29T14:43:47.970+0000] {processor.py:186} INFO - Started process (PID=1268) to work on /opt/airflow/dags/file_copy_dag.py
[2025-09-29T14:43:47.971+0000] {processor.py:914} INFO - Processing file /opt/airflow/dags/file_copy_dag.py for tasks to queue
[2025-09-29T14:43:47.973+0000] {logging_mixin.py:190} INFO - [2025-09-29T14:43:47.973+0000] {dagbag.py:588} INFO - Filling up the DagBag from /opt/airflow/dags/file_copy_dag.py
[2025-09-29T14:43:47.981+0000] {processor.py:925} INFO - DAG(s) 'file_copy_dag' retrieved from /opt/airflow/dags/file_copy_dag.py
[2025-09-29T14:43:47.996+0000] {logging_mixin.py:190} INFO - [2025-09-29T14:43:47.996+0000] {dag.py:3239} INFO - Sync 1 DAGs
[2025-09-29T14:43:48.006+0000] {logging_mixin.py:190} INFO - [2025-09-29T14:43:48.006+0000] {dag.py:4180} INFO - Setting next_dagrun for file_copy_dag to None, run_after=None
[2025-09-29T14:43:48.021+0000] {processor.py:208} INFO - Processing /opt/airflow/dags/file_copy_dag.py took 0.056 seconds
[2025-09-29T14:44:18.822+0000] {processor.py:186} INFO - Started process (PID=1332) to work on /opt/airflow/dags/file_copy_dag.py
[2025-09-29T14:44:18.823+0000] {processor.py:914} INFO - Processing file /opt/airflow/dags/file_copy_dag.py for tasks to queue
[2025-09-29T14:44:18.826+0000] {logging_mixin.py:190} INFO - [2025-09-29T14:44:18.825+0000] {dagbag.py:588} INFO - Filling up the DagBag from /opt/airflow/dags/file_copy_dag.py
[2025-09-29T14:44:18.832+0000] {processor.py:925} INFO - DAG(s) 'file_copy_dag' retrieved from /opt/airflow/dags/file_copy_dag.py
[2025-09-29T14:44:18.847+0000] {logging_mixin.py:190} INFO - [2025-09-29T14:44:18.847+0000] {dag.py:3239} INFO - Sync 1 DAGs
[2025-09-29T14:44:18.857+0000] {logging_mixin.py:190} INFO - [2025-09-29T14:44:18.857+0000] {dag.py:4180} INFO - Setting next_dagrun for file_copy_dag to None, run_after=None
[2025-09-29T14:44:18.869+0000] {processor.py:208} INFO - Processing /opt/airflow/dags/file_copy_dag.py took 0.052 seconds
[2025-09-29T14:44:49.253+0000] {processor.py:186} INFO - Started process (PID=1395) to work on /opt/airflow/dags/file_copy_dag.py
[2025-09-29T14:44:49.253+0000] {processor.py:914} INFO - Processing file /opt/airflow/dags/file_copy_dag.py for tasks to queue
[2025-09-29T14:44:49.255+0000] {logging_mixin.py:190} INFO - [2025-09-29T14:44:49.255+0000] {dagbag.py:588} INFO - Filling up the DagBag from /opt/airflow/dags/file_copy_dag.py
[2025-09-29T14:44:49.260+0000] {processor.py:925} INFO - DAG(s) 'file_copy_dag' retrieved from /opt/airflow/dags/file_copy_dag.py
[2025-09-29T14:44:49.272+0000] {logging_mixin.py:190} INFO - [2025-09-29T14:44:49.272+0000] {dag.py:3239} INFO - Sync 1 DAGs
[2025-09-29T14:44:49.279+0000] {logging_mixin.py:190} INFO - [2025-09-29T14:44:49.279+0000] {dag.py:4180} INFO - Setting next_dagrun for file_copy_dag to None, run_after=None
[2025-09-29T14:44:49.300+0000] {processor.py:208} INFO - Processing /opt/airflow/dags/file_copy_dag.py took 0.051 seconds
[2025-09-29T14:45:19.624+0000] {processor.py:186} INFO - Started process (PID=1459) to work on /opt/airflow/dags/file_copy_dag.py
[2025-09-29T14:45:19.625+0000] {processor.py:914} INFO - Processing file /opt/airflow/dags/file_copy_dag.py for tasks to queue
[2025-09-29T14:45:19.628+0000] {logging_mixin.py:190} INFO - [2025-09-29T14:45:19.628+0000] {dagbag.py:588} INFO - Filling up the DagBag from /opt/airflow/dags/file_copy_dag.py
[2025-09-29T14:45:19.636+0000] {processor.py:925} INFO - DAG(s) 'file_copy_dag' retrieved from /opt/airflow/dags/file_copy_dag.py
[2025-09-29T14:45:19.651+0000] {logging_mixin.py:190} INFO - [2025-09-29T14:45:19.651+0000] {dag.py:3239} INFO - Sync 1 DAGs
[2025-09-29T14:45:19.658+0000] {logging_mixin.py:190} INFO - [2025-09-29T14:45:19.657+0000] {dag.py:4180} INFO - Setting next_dagrun for file_copy_dag to None, run_after=None
[2025-09-29T14:45:19.666+0000] {processor.py:208} INFO - Processing /opt/airflow/dags/file_copy_dag.py took 0.048 seconds
[2025-09-29T14:45:50.105+0000] {processor.py:186} INFO - Started process (PID=1523) to work on /opt/airflow/dags/file_copy_dag.py
[2025-09-29T14:45:50.106+0000] {processor.py:914} INFO - Processing file /opt/airflow/dags/file_copy_dag.py for tasks to queue
[2025-09-29T14:45:50.109+0000] {logging_mixin.py:190} INFO - [2025-09-29T14:45:50.109+0000] {dagbag.py:588} INFO - Filling up the DagBag from /opt/airflow/dags/file_copy_dag.py
[2025-09-29T14:45:50.117+0000] {processor.py:925} INFO - DAG(s) 'file_copy_dag' retrieved from /opt/airflow/dags/file_copy_dag.py
[2025-09-29T14:45:50.132+0000] {logging_mixin.py:190} INFO - [2025-09-29T14:45:50.132+0000] {dag.py:3239} INFO - Sync 1 DAGs
[2025-09-29T14:45:50.139+0000] {logging_mixin.py:190} INFO - [2025-09-29T14:45:50.139+0000] {dag.py:4180} INFO - Setting next_dagrun for file_copy_dag to None, run_after=None
[2025-09-29T14:45:50.148+0000] {processor.py:208} INFO - Processing /opt/airflow/dags/file_copy_dag.py took 0.048 seconds
[2025-09-29T14:46:20.733+0000] {processor.py:186} INFO - Started process (PID=1587) to work on /opt/airflow/dags/file_copy_dag.py
[2025-09-29T14:46:20.734+0000] {processor.py:914} INFO - Processing file /opt/airflow/dags/file_copy_dag.py for tasks to queue
[2025-09-29T14:46:20.737+0000] {logging_mixin.py:190} INFO - [2025-09-29T14:46:20.737+0000] {dagbag.py:588} INFO - Filling up the DagBag from /opt/airflow/dags/file_copy_dag.py
[2025-09-29T14:46:20.746+0000] {processor.py:925} INFO - DAG(s) 'file_copy_dag' retrieved from /opt/airflow/dags/file_copy_dag.py
[2025-09-29T14:46:20.764+0000] {logging_mixin.py:190} INFO - [2025-09-29T14:46:20.764+0000] {dag.py:3239} INFO - Sync 1 DAGs
[2025-09-29T14:46:20.793+0000] {logging_mixin.py:190} INFO - [2025-09-29T14:46:20.792+0000] {dag.py:4180} INFO - Setting next_dagrun for file_copy_dag to None, run_after=None
[2025-09-29T14:46:20.847+0000] {processor.py:208} INFO - Processing /opt/airflow/dags/file_copy_dag.py took 0.120 seconds
[2025-09-29T14:46:51.226+0000] {processor.py:186} INFO - Started process (PID=1651) to work on /opt/airflow/dags/file_copy_dag.py
[2025-09-29T14:46:51.227+0000] {processor.py:914} INFO - Processing file /opt/airflow/dags/file_copy_dag.py for tasks to queue
[2025-09-29T14:46:51.231+0000] {logging_mixin.py:190} INFO - [2025-09-29T14:46:51.230+0000] {dagbag.py:588} INFO - Filling up the DagBag from /opt/airflow/dags/file_copy_dag.py
[2025-09-29T14:46:51.239+0000] {processor.py:925} INFO - DAG(s) 'file_copy_dag' retrieved from /opt/airflow/dags/file_copy_dag.py
[2025-09-29T14:46:51.256+0000] {logging_mixin.py:190} INFO - [2025-09-29T14:46:51.256+0000] {dag.py:3239} INFO - Sync 1 DAGs
[2025-09-29T14:46:51.265+0000] {logging_mixin.py:190} INFO - [2025-09-29T14:46:51.265+0000] {dag.py:4180} INFO - Setting next_dagrun for file_copy_dag to None, run_after=None
[2025-09-29T14:46:51.274+0000] {processor.py:208} INFO - Processing /opt/airflow/dags/file_copy_dag.py took 0.055 seconds
[2025-09-29T14:47:21.724+0000] {processor.py:186} INFO - Started process (PID=1715) to work on /opt/airflow/dags/file_copy_dag.py
[2025-09-29T14:47:21.725+0000] {processor.py:914} INFO - Processing file /opt/airflow/dags/file_copy_dag.py for tasks to queue
[2025-09-29T14:47:21.728+0000] {logging_mixin.py:190} INFO - [2025-09-29T14:47:21.727+0000] {dagbag.py:588} INFO - Filling up the DagBag from /opt/airflow/dags/file_copy_dag.py
[2025-09-29T14:47:21.736+0000] {processor.py:925} INFO - DAG(s) 'file_copy_dag' retrieved from /opt/airflow/dags/file_copy_dag.py
[2025-09-29T14:47:21.752+0000] {logging_mixin.py:190} INFO - [2025-09-29T14:47:21.752+0000] {dag.py:3239} INFO - Sync 1 DAGs
[2025-09-29T14:47:21.759+0000] {logging_mixin.py:190} INFO - [2025-09-29T14:47:21.758+0000] {dag.py:4180} INFO - Setting next_dagrun for file_copy_dag to None, run_after=None
[2025-09-29T14:47:21.767+0000] {processor.py:208} INFO - Processing /opt/airflow/dags/file_copy_dag.py took 0.050 seconds
[2025-09-29T14:47:51.992+0000] {processor.py:186} INFO - Started process (PID=1779) to work on /opt/airflow/dags/file_copy_dag.py
[2025-09-29T14:47:51.993+0000] {processor.py:914} INFO - Processing file /opt/airflow/dags/file_copy_dag.py for tasks to queue
[2025-09-29T14:47:51.996+0000] {logging_mixin.py:190} INFO - [2025-09-29T14:47:51.996+0000] {dagbag.py:588} INFO - Filling up the DagBag from /opt/airflow/dags/file_copy_dag.py
[2025-09-29T14:47:52.005+0000] {processor.py:925} INFO - DAG(s) 'file_copy_dag' retrieved from /opt/airflow/dags/file_copy_dag.py
[2025-09-29T14:47:52.021+0000] {logging_mixin.py:190} INFO - [2025-09-29T14:47:52.021+0000] {dag.py:3239} INFO - Sync 1 DAGs
[2025-09-29T14:47:52.029+0000] {logging_mixin.py:190} INFO - [2025-09-29T14:47:52.028+0000] {dag.py:4180} INFO - Setting next_dagrun for file_copy_dag to None, run_after=None
[2025-09-29T14:47:52.038+0000] {processor.py:208} INFO - Processing /opt/airflow/dags/file_copy_dag.py took 0.054 seconds
[2025-09-29T14:48:22.531+0000] {processor.py:186} INFO - Started process (PID=1843) to work on /opt/airflow/dags/file_copy_dag.py
[2025-09-29T14:48:22.533+0000] {processor.py:914} INFO - Processing file /opt/airflow/dags/file_copy_dag.py for tasks to queue
[2025-09-29T14:48:22.536+0000] {logging_mixin.py:190} INFO - [2025-09-29T14:48:22.535+0000] {dagbag.py:588} INFO - Filling up the DagBag from /opt/airflow/dags/file_copy_dag.py
[2025-09-29T14:48:22.544+0000] {processor.py:925} INFO - DAG(s) 'file_copy_dag' retrieved from /opt/airflow/dags/file_copy_dag.py
[2025-09-29T14:48:22.561+0000] {logging_mixin.py:190} INFO - [2025-09-29T14:48:22.560+0000] {dag.py:3239} INFO - Sync 1 DAGs
[2025-09-29T14:48:22.568+0000] {logging_mixin.py:190} INFO - [2025-09-29T14:48:22.568+0000] {dag.py:4180} INFO - Setting next_dagrun for file_copy_dag to None, run_after=None
[2025-09-29T14:48:22.577+0000] {processor.py:208} INFO - Processing /opt/airflow/dags/file_copy_dag.py took 0.052 seconds
[2025-09-29T14:48:52.663+0000] {processor.py:186} INFO - Started process (PID=1907) to work on /opt/airflow/dags/file_copy_dag.py
[2025-09-29T14:48:52.663+0000] {processor.py:914} INFO - Processing file /opt/airflow/dags/file_copy_dag.py for tasks to queue
[2025-09-29T14:48:52.665+0000] {logging_mixin.py:190} INFO - [2025-09-29T14:48:52.665+0000] {dagbag.py:588} INFO - Filling up the DagBag from /opt/airflow/dags/file_copy_dag.py
[2025-09-29T14:48:52.671+0000] {processor.py:925} INFO - DAG(s) 'file_copy_dag' retrieved from /opt/airflow/dags/file_copy_dag.py
[2025-09-29T14:48:52.683+0000] {logging_mixin.py:190} INFO - [2025-09-29T14:48:52.683+0000] {dag.py:3239} INFO - Sync 1 DAGs
[2025-09-29T14:48:52.692+0000] {logging_mixin.py:190} INFO - [2025-09-29T14:48:52.692+0000] {dag.py:4180} INFO - Setting next_dagrun for file_copy_dag to None, run_after=None
[2025-09-29T14:48:52.702+0000] {processor.py:208} INFO - Processing /opt/airflow/dags/file_copy_dag.py took 0.045 seconds
[2025-09-29T14:49:23.017+0000] {processor.py:186} INFO - Started process (PID=1971) to work on /opt/airflow/dags/file_copy_dag.py
[2025-09-29T14:49:23.018+0000] {processor.py:914} INFO - Processing file /opt/airflow/dags/file_copy_dag.py for tasks to queue
[2025-09-29T14:49:23.020+0000] {logging_mixin.py:190} INFO - [2025-09-29T14:49:23.020+0000] {dagbag.py:588} INFO - Filling up the DagBag from /opt/airflow/dags/file_copy_dag.py
[2025-09-29T14:49:23.026+0000] {processor.py:925} INFO - DAG(s) 'file_copy_dag' retrieved from /opt/airflow/dags/file_copy_dag.py
[2025-09-29T14:49:23.037+0000] {logging_mixin.py:190} INFO - [2025-09-29T14:49:23.037+0000] {dag.py:3239} INFO - Sync 1 DAGs
[2025-09-29T14:49:23.044+0000] {logging_mixin.py:190} INFO - [2025-09-29T14:49:23.044+0000] {dag.py:4180} INFO - Setting next_dagrun for file_copy_dag to None, run_after=None
[2025-09-29T14:49:23.054+0000] {processor.py:208} INFO - Processing /opt/airflow/dags/file_copy_dag.py took 0.044 seconds
[2025-09-29T14:49:53.450+0000] {processor.py:186} INFO - Started process (PID=2035) to work on /opt/airflow/dags/file_copy_dag.py
[2025-09-29T14:49:53.451+0000] {processor.py:914} INFO - Processing file /opt/airflow/dags/file_copy_dag.py for tasks to queue
[2025-09-29T14:49:53.454+0000] {logging_mixin.py:190} INFO - [2025-09-29T14:49:53.454+0000] {dagbag.py:588} INFO - Filling up the DagBag from /opt/airflow/dags/file_copy_dag.py
[2025-09-29T14:49:53.461+0000] {processor.py:925} INFO - DAG(s) 'file_copy_dag' retrieved from /opt/airflow/dags/file_copy_dag.py
[2025-09-29T14:49:53.474+0000] {logging_mixin.py:190} INFO - [2025-09-29T14:49:53.474+0000] {dag.py:3239} INFO - Sync 1 DAGs
[2025-09-29T14:49:53.483+0000] {logging_mixin.py:190} INFO - [2025-09-29T14:49:53.483+0000] {dag.py:4180} INFO - Setting next_dagrun for file_copy_dag to None, run_after=None
[2025-09-29T14:49:53.495+0000] {processor.py:208} INFO - Processing /opt/airflow/dags/file_copy_dag.py took 0.050 seconds
[2025-09-29T14:50:23.690+0000] {processor.py:186} INFO - Started process (PID=2099) to work on /opt/airflow/dags/file_copy_dag.py
[2025-09-29T14:50:23.691+0000] {processor.py:914} INFO - Processing file /opt/airflow/dags/file_copy_dag.py for tasks to queue
[2025-09-29T14:50:23.693+0000] {logging_mixin.py:190} INFO - [2025-09-29T14:50:23.693+0000] {dagbag.py:588} INFO - Filling up the DagBag from /opt/airflow/dags/file_copy_dag.py
[2025-09-29T14:50:23.699+0000] {processor.py:925} INFO - DAG(s) 'file_copy_dag' retrieved from /opt/airflow/dags/file_copy_dag.py
[2025-09-29T14:50:23.712+0000] {logging_mixin.py:190} INFO - [2025-09-29T14:50:23.712+0000] {dag.py:3239} INFO - Sync 1 DAGs
[2025-09-29T14:50:23.719+0000] {logging_mixin.py:190} INFO - [2025-09-29T14:50:23.719+0000] {dag.py:4180} INFO - Setting next_dagrun for file_copy_dag to None, run_after=None
[2025-09-29T14:50:23.730+0000] {processor.py:208} INFO - Processing /opt/airflow/dags/file_copy_dag.py took 0.043 seconds
[2025-09-29T14:50:54.006+0000] {processor.py:186} INFO - Started process (PID=2163) to work on /opt/airflow/dags/file_copy_dag.py
[2025-09-29T14:50:54.007+0000] {processor.py:914} INFO - Processing file /opt/airflow/dags/file_copy_dag.py for tasks to queue
[2025-09-29T14:50:54.008+0000] {logging_mixin.py:190} INFO - [2025-09-29T14:50:54.008+0000] {dagbag.py:588} INFO - Filling up the DagBag from /opt/airflow/dags/file_copy_dag.py
[2025-09-29T14:50:54.014+0000] {processor.py:925} INFO - DAG(s) 'file_copy_dag' retrieved from /opt/airflow/dags/file_copy_dag.py
[2025-09-29T14:50:54.026+0000] {logging_mixin.py:190} INFO - [2025-09-29T14:50:54.026+0000] {dag.py:3239} INFO - Sync 1 DAGs
[2025-09-29T14:50:54.035+0000] {logging_mixin.py:190} INFO - [2025-09-29T14:50:54.035+0000] {dag.py:4180} INFO - Setting next_dagrun for file_copy_dag to None, run_after=None
[2025-09-29T14:50:54.047+0000] {processor.py:208} INFO - Processing /opt/airflow/dags/file_copy_dag.py took 0.045 seconds
[2025-09-29T14:51:24.299+0000] {processor.py:186} INFO - Started process (PID=2227) to work on /opt/airflow/dags/file_copy_dag.py
[2025-09-29T14:51:24.300+0000] {processor.py:914} INFO - Processing file /opt/airflow/dags/file_copy_dag.py for tasks to queue
[2025-09-29T14:51:24.302+0000] {logging_mixin.py:190} INFO - [2025-09-29T14:51:24.301+0000] {dagbag.py:588} INFO - Filling up the DagBag from /opt/airflow/dags/file_copy_dag.py
[2025-09-29T14:51:24.306+0000] {processor.py:925} INFO - DAG(s) 'file_copy_dag' retrieved from /opt/airflow/dags/file_copy_dag.py
[2025-09-29T14:51:24.316+0000] {logging_mixin.py:190} INFO - [2025-09-29T14:51:24.316+0000] {dag.py:3239} INFO - Sync 1 DAGs
[2025-09-29T14:51:24.322+0000] {logging_mixin.py:190} INFO - [2025-09-29T14:51:24.322+0000] {dag.py:4180} INFO - Setting next_dagrun for file_copy_dag to None, run_after=None
[2025-09-29T14:51:24.330+0000] {processor.py:208} INFO - Processing /opt/airflow/dags/file_copy_dag.py took 0.036 seconds
[2025-09-29T14:51:54.686+0000] {processor.py:186} INFO - Started process (PID=2291) to work on /opt/airflow/dags/file_copy_dag.py
[2025-09-29T14:51:54.687+0000] {processor.py:914} INFO - Processing file /opt/airflow/dags/file_copy_dag.py for tasks to queue
[2025-09-29T14:51:54.689+0000] {logging_mixin.py:190} INFO - [2025-09-29T14:51:54.689+0000] {dagbag.py:588} INFO - Filling up the DagBag from /opt/airflow/dags/file_copy_dag.py
[2025-09-29T14:51:54.696+0000] {processor.py:925} INFO - DAG(s) 'file_copy_dag' retrieved from /opt/airflow/dags/file_copy_dag.py
[2025-09-29T14:51:54.709+0000] {logging_mixin.py:190} INFO - [2025-09-29T14:51:54.709+0000] {dag.py:3239} INFO - Sync 1 DAGs
[2025-09-29T14:51:54.718+0000] {logging_mixin.py:190} INFO - [2025-09-29T14:51:54.718+0000] {dag.py:4180} INFO - Setting next_dagrun for file_copy_dag to None, run_after=None
[2025-09-29T14:51:54.728+0000] {processor.py:208} INFO - Processing /opt/airflow/dags/file_copy_dag.py took 0.046 seconds
[2025-09-29T14:52:24.904+0000] {processor.py:186} INFO - Started process (PID=2354) to work on /opt/airflow/dags/file_copy_dag.py
[2025-09-29T14:52:24.905+0000] {processor.py:914} INFO - Processing file /opt/airflow/dags/file_copy_dag.py for tasks to queue
[2025-09-29T14:52:24.906+0000] {logging_mixin.py:190} INFO - [2025-09-29T14:52:24.906+0000] {dagbag.py:588} INFO - Filling up the DagBag from /opt/airflow/dags/file_copy_dag.py
[2025-09-29T14:52:24.914+0000] {processor.py:925} INFO - DAG(s) 'file_copy_dag' retrieved from /opt/airflow/dags/file_copy_dag.py
[2025-09-29T14:52:24.930+0000] {logging_mixin.py:190} INFO - [2025-09-29T14:52:24.930+0000] {dag.py:3239} INFO - Sync 1 DAGs
[2025-09-29T14:52:24.938+0000] {logging_mixin.py:190} INFO - [2025-09-29T14:52:24.938+0000] {dag.py:4180} INFO - Setting next_dagrun for file_copy_dag to None, run_after=None
[2025-09-29T14:52:24.947+0000] {processor.py:208} INFO - Processing /opt/airflow/dags/file_copy_dag.py took 0.049 seconds
[2025-09-29T14:52:55.050+0000] {processor.py:186} INFO - Started process (PID=2417) to work on /opt/airflow/dags/file_copy_dag.py
[2025-09-29T14:52:55.051+0000] {processor.py:914} INFO - Processing file /opt/airflow/dags/file_copy_dag.py for tasks to queue
[2025-09-29T14:52:55.052+0000] {logging_mixin.py:190} INFO - [2025-09-29T14:52:55.052+0000] {dagbag.py:588} INFO - Filling up the DagBag from /opt/airflow/dags/file_copy_dag.py
[2025-09-29T14:52:55.060+0000] {processor.py:925} INFO - DAG(s) 'file_copy_dag' retrieved from /opt/airflow/dags/file_copy_dag.py
[2025-09-29T14:52:55.076+0000] {logging_mixin.py:190} INFO - [2025-09-29T14:52:55.076+0000] {dag.py:3239} INFO - Sync 1 DAGs
[2025-09-29T14:52:55.085+0000] {logging_mixin.py:190} INFO - [2025-09-29T14:52:55.085+0000] {dag.py:4180} INFO - Setting next_dagrun for file_copy_dag to None, run_after=None
[2025-09-29T14:52:55.094+0000] {processor.py:208} INFO - Processing /opt/airflow/dags/file_copy_dag.py took 0.051 seconds
[2025-09-29T14:53:25.276+0000] {processor.py:186} INFO - Started process (PID=2480) to work on /opt/airflow/dags/file_copy_dag.py
[2025-09-29T14:53:25.277+0000] {processor.py:914} INFO - Processing file /opt/airflow/dags/file_copy_dag.py for tasks to queue
[2025-09-29T14:53:25.278+0000] {logging_mixin.py:190} INFO - [2025-09-29T14:53:25.278+0000] {dagbag.py:588} INFO - Filling up the DagBag from /opt/airflow/dags/file_copy_dag.py
[2025-09-29T14:53:25.287+0000] {processor.py:925} INFO - DAG(s) 'file_copy_dag' retrieved from /opt/airflow/dags/file_copy_dag.py
[2025-09-29T14:53:25.303+0000] {logging_mixin.py:190} INFO - [2025-09-29T14:53:25.303+0000] {dag.py:3239} INFO - Sync 1 DAGs
[2025-09-29T14:53:25.311+0000] {logging_mixin.py:190} INFO - [2025-09-29T14:53:25.311+0000] {dag.py:4180} INFO - Setting next_dagrun for file_copy_dag to None, run_after=None
[2025-09-29T14:53:25.320+0000] {processor.py:208} INFO - Processing /opt/airflow/dags/file_copy_dag.py took 0.051 seconds
[2025-09-29T14:53:55.569+0000] {processor.py:186} INFO - Started process (PID=2543) to work on /opt/airflow/dags/file_copy_dag.py
[2025-09-29T14:53:55.570+0000] {processor.py:914} INFO - Processing file /opt/airflow/dags/file_copy_dag.py for tasks to queue
[2025-09-29T14:53:55.571+0000] {logging_mixin.py:190} INFO - [2025-09-29T14:53:55.571+0000] {dagbag.py:588} INFO - Filling up the DagBag from /opt/airflow/dags/file_copy_dag.py
[2025-09-29T14:53:55.579+0000] {processor.py:925} INFO - DAG(s) 'file_copy_dag' retrieved from /opt/airflow/dags/file_copy_dag.py
[2025-09-29T14:53:55.594+0000] {logging_mixin.py:190} INFO - [2025-09-29T14:53:55.593+0000] {dag.py:3239} INFO - Sync 1 DAGs
[2025-09-29T14:53:55.601+0000] {logging_mixin.py:190} INFO - [2025-09-29T14:53:55.601+0000] {dag.py:4180} INFO - Setting next_dagrun for file_copy_dag to None, run_after=None
[2025-09-29T14:53:55.609+0000] {processor.py:208} INFO - Processing /opt/airflow/dags/file_copy_dag.py took 0.047 seconds
[2025-09-29T14:54:25.796+0000] {processor.py:186} INFO - Started process (PID=2606) to work on /opt/airflow/dags/file_copy_dag.py
[2025-09-29T14:54:25.797+0000] {processor.py:914} INFO - Processing file /opt/airflow/dags/file_copy_dag.py for tasks to queue
[2025-09-29T14:54:25.797+0000] {logging_mixin.py:190} INFO - [2025-09-29T14:54:25.797+0000] {dagbag.py:588} INFO - Filling up the DagBag from /opt/airflow/dags/file_copy_dag.py
[2025-09-29T14:54:25.802+0000] {processor.py:925} INFO - DAG(s) 'file_copy_dag' retrieved from /opt/airflow/dags/file_copy_dag.py
[2025-09-29T14:54:25.811+0000] {logging_mixin.py:190} INFO - [2025-09-29T14:54:25.811+0000] {dag.py:3239} INFO - Sync 1 DAGs
[2025-09-29T14:54:25.818+0000] {logging_mixin.py:190} INFO - [2025-09-29T14:54:25.818+0000] {dag.py:4180} INFO - Setting next_dagrun for file_copy_dag to None, run_after=None
[2025-09-29T14:54:25.828+0000] {processor.py:208} INFO - Processing /opt/airflow/dags/file_copy_dag.py took 0.035 seconds
[2025-09-29T14:54:56.221+0000] {processor.py:186} INFO - Started process (PID=2669) to work on /opt/airflow/dags/file_copy_dag.py
[2025-09-29T14:54:56.222+0000] {processor.py:914} INFO - Processing file /opt/airflow/dags/file_copy_dag.py for tasks to queue
[2025-09-29T14:54:56.224+0000] {logging_mixin.py:190} INFO - [2025-09-29T14:54:56.224+0000] {dagbag.py:588} INFO - Filling up the DagBag from /opt/airflow/dags/file_copy_dag.py
[2025-09-29T14:54:56.233+0000] {processor.py:925} INFO - DAG(s) 'file_copy_dag' retrieved from /opt/airflow/dags/file_copy_dag.py
[2025-09-29T14:54:56.245+0000] {logging_mixin.py:190} INFO - [2025-09-29T14:54:56.245+0000] {dag.py:3239} INFO - Sync 1 DAGs
[2025-09-29T14:54:56.253+0000] {logging_mixin.py:190} INFO - [2025-09-29T14:54:56.253+0000] {dag.py:4180} INFO - Setting next_dagrun for file_copy_dag to None, run_after=None
[2025-09-29T14:54:56.264+0000] {processor.py:208} INFO - Processing /opt/airflow/dags/file_copy_dag.py took 0.049 seconds
[2025-09-29T14:55:26.752+0000] {processor.py:186} INFO - Started process (PID=2732) to work on /opt/airflow/dags/file_copy_dag.py
[2025-09-29T14:55:26.753+0000] {processor.py:914} INFO - Processing file /opt/airflow/dags/file_copy_dag.py for tasks to queue
[2025-09-29T14:55:26.755+0000] {logging_mixin.py:190} INFO - [2025-09-29T14:55:26.754+0000] {dagbag.py:588} INFO - Filling up the DagBag from /opt/airflow/dags/file_copy_dag.py
[2025-09-29T14:55:26.761+0000] {processor.py:925} INFO - DAG(s) 'file_copy_dag' retrieved from /opt/airflow/dags/file_copy_dag.py
[2025-09-29T14:55:26.772+0000] {logging_mixin.py:190} INFO - [2025-09-29T14:55:26.771+0000] {dag.py:3239} INFO - Sync 1 DAGs
[2025-09-29T14:55:26.781+0000] {logging_mixin.py:190} INFO - [2025-09-29T14:55:26.780+0000] {dag.py:4180} INFO - Setting next_dagrun for file_copy_dag to None, run_after=None
[2025-09-29T14:55:26.790+0000] {processor.py:208} INFO - Processing /opt/airflow/dags/file_copy_dag.py took 0.042 seconds
[2025-09-29T14:55:57.308+0000] {processor.py:186} INFO - Started process (PID=2794) to work on /opt/airflow/dags/file_copy_dag.py
[2025-09-29T14:55:57.309+0000] {processor.py:914} INFO - Processing file /opt/airflow/dags/file_copy_dag.py for tasks to queue
[2025-09-29T14:55:57.311+0000] {logging_mixin.py:190} INFO - [2025-09-29T14:55:57.310+0000] {dagbag.py:588} INFO - Filling up the DagBag from /opt/airflow/dags/file_copy_dag.py
[2025-09-29T14:55:57.319+0000] {processor.py:925} INFO - DAG(s) 'file_copy_dag' retrieved from /opt/airflow/dags/file_copy_dag.py
[2025-09-29T14:55:57.335+0000] {logging_mixin.py:190} INFO - [2025-09-29T14:55:57.335+0000] {dag.py:3239} INFO - Sync 1 DAGs
[2025-09-29T14:55:57.342+0000] {logging_mixin.py:190} INFO - [2025-09-29T14:55:57.342+0000] {dag.py:4180} INFO - Setting next_dagrun for file_copy_dag to None, run_after=None
[2025-09-29T14:55:57.351+0000] {processor.py:208} INFO - Processing /opt/airflow/dags/file_copy_dag.py took 0.049 seconds
[2025-09-29T14:56:27.729+0000] {processor.py:186} INFO - Started process (PID=2857) to work on /opt/airflow/dags/file_copy_dag.py
[2025-09-29T14:56:27.730+0000] {processor.py:914} INFO - Processing file /opt/airflow/dags/file_copy_dag.py for tasks to queue
[2025-09-29T14:56:27.731+0000] {logging_mixin.py:190} INFO - [2025-09-29T14:56:27.731+0000] {dagbag.py:588} INFO - Filling up the DagBag from /opt/airflow/dags/file_copy_dag.py
[2025-09-29T14:56:27.739+0000] {processor.py:925} INFO - DAG(s) 'file_copy_dag' retrieved from /opt/airflow/dags/file_copy_dag.py
[2025-09-29T14:56:27.756+0000] {logging_mixin.py:190} INFO - [2025-09-29T14:56:27.756+0000] {dag.py:3239} INFO - Sync 1 DAGs
[2025-09-29T14:56:27.763+0000] {logging_mixin.py:190} INFO - [2025-09-29T14:56:27.763+0000] {dag.py:4180} INFO - Setting next_dagrun for file_copy_dag to None, run_after=None
[2025-09-29T14:56:27.771+0000] {processor.py:208} INFO - Processing /opt/airflow/dags/file_copy_dag.py took 0.049 seconds
[2025-09-29T14:56:58.102+0000] {processor.py:186} INFO - Started process (PID=2920) to work on /opt/airflow/dags/file_copy_dag.py
[2025-09-29T14:56:58.103+0000] {processor.py:914} INFO - Processing file /opt/airflow/dags/file_copy_dag.py for tasks to queue
[2025-09-29T14:56:58.104+0000] {logging_mixin.py:190} INFO - [2025-09-29T14:56:58.104+0000] {dagbag.py:588} INFO - Filling up the DagBag from /opt/airflow/dags/file_copy_dag.py
[2025-09-29T14:56:58.109+0000] {processor.py:925} INFO - DAG(s) 'file_copy_dag' retrieved from /opt/airflow/dags/file_copy_dag.py
[2025-09-29T14:56:58.121+0000] {logging_mixin.py:190} INFO - [2025-09-29T14:56:58.121+0000] {dag.py:3239} INFO - Sync 1 DAGs
[2025-09-29T14:56:58.129+0000] {logging_mixin.py:190} INFO - [2025-09-29T14:56:58.129+0000] {dag.py:4180} INFO - Setting next_dagrun for file_copy_dag to None, run_after=None
[2025-09-29T14:56:58.140+0000] {processor.py:208} INFO - Processing /opt/airflow/dags/file_copy_dag.py took 0.041 seconds
[2025-09-29T14:57:28.686+0000] {processor.py:186} INFO - Started process (PID=2983) to work on /opt/airflow/dags/file_copy_dag.py
[2025-09-29T14:57:28.686+0000] {processor.py:914} INFO - Processing file /opt/airflow/dags/file_copy_dag.py for tasks to queue
[2025-09-29T14:57:28.687+0000] {logging_mixin.py:190} INFO - [2025-09-29T14:57:28.687+0000] {dagbag.py:588} INFO - Filling up the DagBag from /opt/airflow/dags/file_copy_dag.py
[2025-09-29T14:57:28.691+0000] {processor.py:925} INFO - DAG(s) 'file_copy_dag' retrieved from /opt/airflow/dags/file_copy_dag.py
[2025-09-29T14:57:28.701+0000] {logging_mixin.py:190} INFO - [2025-09-29T14:57:28.701+0000] {dag.py:3239} INFO - Sync 1 DAGs
[2025-09-29T14:57:28.708+0000] {logging_mixin.py:190} INFO - [2025-09-29T14:57:28.708+0000] {dag.py:4180} INFO - Setting next_dagrun for file_copy_dag to None, run_after=None
[2025-09-29T14:57:28.717+0000] {processor.py:208} INFO - Processing /opt/airflow/dags/file_copy_dag.py took 0.034 seconds
[2025-09-29T14:57:59.404+0000] {processor.py:186} INFO - Started process (PID=3046) to work on /opt/airflow/dags/file_copy_dag.py
[2025-09-29T14:57:59.405+0000] {processor.py:914} INFO - Processing file /opt/airflow/dags/file_copy_dag.py for tasks to queue
[2025-09-29T14:57:59.406+0000] {logging_mixin.py:190} INFO - [2025-09-29T14:57:59.406+0000] {dagbag.py:588} INFO - Filling up the DagBag from /opt/airflow/dags/file_copy_dag.py
[2025-09-29T14:57:59.414+0000] {processor.py:925} INFO - DAG(s) 'file_copy_dag' retrieved from /opt/airflow/dags/file_copy_dag.py
[2025-09-29T14:57:59.433+0000] {logging_mixin.py:190} INFO - [2025-09-29T14:57:59.432+0000] {dag.py:3239} INFO - Sync 1 DAGs
[2025-09-29T14:57:59.443+0000] {logging_mixin.py:190} INFO - [2025-09-29T14:57:59.443+0000] {dag.py:4180} INFO - Setting next_dagrun for file_copy_dag to None, run_after=None
[2025-09-29T14:57:59.451+0000] {processor.py:208} INFO - Processing /opt/airflow/dags/file_copy_dag.py took 0.054 seconds
[2025-09-29T14:58:30.109+0000] {processor.py:186} INFO - Started process (PID=3108) to work on /opt/airflow/dags/file_copy_dag.py
[2025-09-29T14:58:30.110+0000] {processor.py:914} INFO - Processing file /opt/airflow/dags/file_copy_dag.py for tasks to queue
[2025-09-29T14:58:30.111+0000] {logging_mixin.py:190} INFO - [2025-09-29T14:58:30.111+0000] {dagbag.py:588} INFO - Filling up the DagBag from /opt/airflow/dags/file_copy_dag.py
[2025-09-29T14:58:30.119+0000] {processor.py:925} INFO - DAG(s) 'file_copy_dag' retrieved from /opt/airflow/dags/file_copy_dag.py
[2025-09-29T14:58:30.136+0000] {logging_mixin.py:190} INFO - [2025-09-29T14:58:30.135+0000] {dag.py:3239} INFO - Sync 1 DAGs
[2025-09-29T14:58:30.145+0000] {logging_mixin.py:190} INFO - [2025-09-29T14:58:30.145+0000] {dag.py:4180} INFO - Setting next_dagrun for file_copy_dag to None, run_after=None
[2025-09-29T14:58:30.153+0000] {processor.py:208} INFO - Processing /opt/airflow/dags/file_copy_dag.py took 0.050 seconds
[2025-09-29T14:59:00.860+0000] {processor.py:186} INFO - Started process (PID=3171) to work on /opt/airflow/dags/file_copy_dag.py
[2025-09-29T14:59:00.861+0000] {processor.py:914} INFO - Processing file /opt/airflow/dags/file_copy_dag.py for tasks to queue
[2025-09-29T14:59:00.862+0000] {logging_mixin.py:190} INFO - [2025-09-29T14:59:00.862+0000] {dagbag.py:588} INFO - Filling up the DagBag from /opt/airflow/dags/file_copy_dag.py
[2025-09-29T14:59:00.871+0000] {processor.py:925} INFO - DAG(s) 'file_copy_dag' retrieved from /opt/airflow/dags/file_copy_dag.py
[2025-09-29T14:59:00.888+0000] {logging_mixin.py:190} INFO - [2025-09-29T14:59:00.888+0000] {dag.py:3239} INFO - Sync 1 DAGs
[2025-09-29T14:59:00.897+0000] {logging_mixin.py:190} INFO - [2025-09-29T14:59:00.897+0000] {dag.py:4180} INFO - Setting next_dagrun for file_copy_dag to None, run_after=None
[2025-09-29T14:59:00.906+0000] {processor.py:208} INFO - Processing /opt/airflow/dags/file_copy_dag.py took 0.052 seconds
[2025-09-29T14:59:31.427+0000] {processor.py:186} INFO - Started process (PID=3234) to work on /opt/airflow/dags/file_copy_dag.py
[2025-09-29T14:59:31.428+0000] {processor.py:914} INFO - Processing file /opt/airflow/dags/file_copy_dag.py for tasks to queue
[2025-09-29T14:59:31.429+0000] {logging_mixin.py:190} INFO - [2025-09-29T14:59:31.429+0000] {dagbag.py:588} INFO - Filling up the DagBag from /opt/airflow/dags/file_copy_dag.py
[2025-09-29T14:59:31.438+0000] {processor.py:925} INFO - DAG(s) 'file_copy_dag' retrieved from /opt/airflow/dags/file_copy_dag.py
[2025-09-29T14:59:31.454+0000] {logging_mixin.py:190} INFO - [2025-09-29T14:59:31.454+0000] {dag.py:3239} INFO - Sync 1 DAGs
[2025-09-29T14:59:31.462+0000] {logging_mixin.py:190} INFO - [2025-09-29T14:59:31.462+0000] {dag.py:4180} INFO - Setting next_dagrun for file_copy_dag to None, run_after=None
[2025-09-29T14:59:31.471+0000] {processor.py:208} INFO - Processing /opt/airflow/dags/file_copy_dag.py took 0.050 seconds
[2025-09-29T15:00:01.920+0000] {processor.py:186} INFO - Started process (PID=3297) to work on /opt/airflow/dags/file_copy_dag.py
[2025-09-29T15:00:01.922+0000] {processor.py:914} INFO - Processing file /opt/airflow/dags/file_copy_dag.py for tasks to queue
[2025-09-29T15:00:01.923+0000] {logging_mixin.py:190} INFO - [2025-09-29T15:00:01.923+0000] {dagbag.py:588} INFO - Filling up the DagBag from /opt/airflow/dags/file_copy_dag.py
[2025-09-29T15:00:01.932+0000] {processor.py:925} INFO - DAG(s) 'file_copy_dag' retrieved from /opt/airflow/dags/file_copy_dag.py
[2025-09-29T15:00:01.952+0000] {logging_mixin.py:190} INFO - [2025-09-29T15:00:01.951+0000] {dag.py:3239} INFO - Sync 1 DAGs
[2025-09-29T15:00:01.963+0000] {logging_mixin.py:190} INFO - [2025-09-29T15:00:01.963+0000] {dag.py:4180} INFO - Setting next_dagrun for file_copy_dag to None, run_after=None
[2025-09-29T15:00:01.972+0000] {processor.py:208} INFO - Processing /opt/airflow/dags/file_copy_dag.py took 0.058 seconds
[2025-09-29T15:00:32.438+0000] {processor.py:186} INFO - Started process (PID=3360) to work on /opt/airflow/dags/file_copy_dag.py
[2025-09-29T15:00:32.439+0000] {processor.py:914} INFO - Processing file /opt/airflow/dags/file_copy_dag.py for tasks to queue
[2025-09-29T15:00:32.440+0000] {logging_mixin.py:190} INFO - [2025-09-29T15:00:32.440+0000] {dagbag.py:588} INFO - Filling up the DagBag from /opt/airflow/dags/file_copy_dag.py
[2025-09-29T15:00:32.445+0000] {processor.py:925} INFO - DAG(s) 'file_copy_dag' retrieved from /opt/airflow/dags/file_copy_dag.py
[2025-09-29T15:00:32.458+0000] {logging_mixin.py:190} INFO - [2025-09-29T15:00:32.457+0000] {dag.py:3239} INFO - Sync 1 DAGs
[2025-09-29T15:00:32.468+0000] {logging_mixin.py:190} INFO - [2025-09-29T15:00:32.468+0000] {dag.py:4180} INFO - Setting next_dagrun for file_copy_dag to None, run_after=None
[2025-09-29T15:00:32.479+0000] {processor.py:208} INFO - Processing /opt/airflow/dags/file_copy_dag.py took 0.045 seconds
[2025-09-29T15:01:03.035+0000] {processor.py:186} INFO - Started process (PID=3423) to work on /opt/airflow/dags/file_copy_dag.py
[2025-09-29T15:01:03.036+0000] {processor.py:914} INFO - Processing file /opt/airflow/dags/file_copy_dag.py for tasks to queue
[2025-09-29T15:01:03.038+0000] {logging_mixin.py:190} INFO - [2025-09-29T15:01:03.037+0000] {dagbag.py:588} INFO - Filling up the DagBag from /opt/airflow/dags/file_copy_dag.py
[2025-09-29T15:01:03.044+0000] {processor.py:925} INFO - DAG(s) 'file_copy_dag' retrieved from /opt/airflow/dags/file_copy_dag.py
[2025-09-29T15:01:03.055+0000] {logging_mixin.py:190} INFO - [2025-09-29T15:01:03.055+0000] {dag.py:3239} INFO - Sync 1 DAGs
[2025-09-29T15:01:03.064+0000] {logging_mixin.py:190} INFO - [2025-09-29T15:01:03.064+0000] {dag.py:4180} INFO - Setting next_dagrun for file_copy_dag to None, run_after=None
[2025-09-29T15:01:03.076+0000] {processor.py:208} INFO - Processing /opt/airflow/dags/file_copy_dag.py took 0.045 seconds
[2025-09-29T15:01:33.758+0000] {processor.py:186} INFO - Started process (PID=3492) to work on /opt/airflow/dags/file_copy_dag.py
[2025-09-29T15:01:33.760+0000] {processor.py:914} INFO - Processing file /opt/airflow/dags/file_copy_dag.py for tasks to queue
[2025-09-29T15:01:33.761+0000] {logging_mixin.py:190} INFO - [2025-09-29T15:01:33.761+0000] {dagbag.py:588} INFO - Filling up the DagBag from /opt/airflow/dags/file_copy_dag.py
[2025-09-29T15:01:33.769+0000] {processor.py:925} INFO - DAG(s) 'file_copy_dag' retrieved from /opt/airflow/dags/file_copy_dag.py
[2025-09-29T15:01:33.786+0000] {logging_mixin.py:190} INFO - [2025-09-29T15:01:33.785+0000] {dag.py:3239} INFO - Sync 1 DAGs
[2025-09-29T15:01:33.795+0000] {logging_mixin.py:190} INFO - [2025-09-29T15:01:33.795+0000] {dag.py:4180} INFO - Setting next_dagrun for file_copy_dag to None, run_after=None
[2025-09-29T15:01:33.803+0000] {processor.py:208} INFO - Processing /opt/airflow/dags/file_copy_dag.py took 0.051 seconds
[2025-09-29T15:02:04.220+0000] {processor.py:186} INFO - Started process (PID=3555) to work on /opt/airflow/dags/file_copy_dag.py
[2025-09-29T15:02:04.221+0000] {processor.py:914} INFO - Processing file /opt/airflow/dags/file_copy_dag.py for tasks to queue
[2025-09-29T15:02:04.223+0000] {logging_mixin.py:190} INFO - [2025-09-29T15:02:04.223+0000] {dagbag.py:588} INFO - Filling up the DagBag from /opt/airflow/dags/file_copy_dag.py
[2025-09-29T15:02:04.231+0000] {processor.py:925} INFO - DAG(s) 'file_copy_dag' retrieved from /opt/airflow/dags/file_copy_dag.py
[2025-09-29T15:02:04.247+0000] {logging_mixin.py:190} INFO - [2025-09-29T15:02:04.247+0000] {dag.py:3239} INFO - Sync 1 DAGs
[2025-09-29T15:02:04.255+0000] {logging_mixin.py:190} INFO - [2025-09-29T15:02:04.255+0000] {dag.py:4180} INFO - Setting next_dagrun for file_copy_dag to None, run_after=None
[2025-09-29T15:02:04.263+0000] {processor.py:208} INFO - Processing /opt/airflow/dags/file_copy_dag.py took 0.050 seconds
[2025-09-29T15:02:34.815+0000] {processor.py:186} INFO - Started process (PID=3618) to work on /opt/airflow/dags/file_copy_dag.py
[2025-09-29T15:02:34.816+0000] {processor.py:914} INFO - Processing file /opt/airflow/dags/file_copy_dag.py for tasks to queue
[2025-09-29T15:02:34.817+0000] {logging_mixin.py:190} INFO - [2025-09-29T15:02:34.817+0000] {dagbag.py:588} INFO - Filling up the DagBag from /opt/airflow/dags/file_copy_dag.py
[2025-09-29T15:02:34.822+0000] {processor.py:925} INFO - DAG(s) 'file_copy_dag' retrieved from /opt/airflow/dags/file_copy_dag.py
[2025-09-29T15:02:34.832+0000] {logging_mixin.py:190} INFO - [2025-09-29T15:02:34.832+0000] {dag.py:3239} INFO - Sync 1 DAGs
[2025-09-29T15:02:34.840+0000] {logging_mixin.py:190} INFO - [2025-09-29T15:02:34.840+0000] {dag.py:4180} INFO - Setting next_dagrun for file_copy_dag to None, run_after=None
[2025-09-29T15:02:34.848+0000] {processor.py:208} INFO - Processing /opt/airflow/dags/file_copy_dag.py took 0.038 seconds
