[2025-09-29T15:01:25.219+0000] {local_task_job_runner.py:123} INFO - ::group::Pre task execution logs
[2025-09-29T15:01:25.229+0000] {taskinstance.py:2612} INFO - Dependencies all met for dep_context=non-requeueable deps ti=<TaskInstance: file_copy_dag.copy_file_to_bronze manual__2025-09-29T15:01:24+00:00 [queued]>
[2025-09-29T15:01:25.236+0000] {taskinstance.py:2612} INFO - Dependencies all met for dep_context=requeueable deps ti=<TaskInstance: file_copy_dag.copy_file_to_bronze manual__2025-09-29T15:01:24+00:00 [queued]>
[2025-09-29T15:01:25.236+0000] {taskinstance.py:2865} INFO - Starting attempt 1 of 2
[2025-09-29T15:01:25.256+0000] {taskinstance.py:2888} INFO - Executing <Task(BashOperator): copy_file_to_bronze> on 2025-09-29 15:01:24+00:00
[2025-09-29T15:01:25.260+0000] {warnings.py:112} WARNING - /home/***/.local/lib/python3.12/site-packages/***/task/task_runner/standard_task_runner.py:70: DeprecationWarning: This process (pid=453) is multi-threaded, use of fork() may lead to deadlocks in the child.
  pid = os.fork()

[2025-09-29T15:01:25.261+0000] {standard_task_runner.py:72} INFO - Started process 455 to run task
[2025-09-29T15:01:25.262+0000] {standard_task_runner.py:104} INFO - Running: ['***', 'tasks', 'run', 'file_copy_dag', 'copy_file_to_bronze', 'manual__2025-09-29T15:01:24+00:00', '--job-id', '21', '--raw', '--subdir', 'DAGS_FOLDER/file_copy_dag.py', '--cfg-path', '/tmp/tmp1hzdp7j7']
[2025-09-29T15:01:25.263+0000] {standard_task_runner.py:105} INFO - Job 21: Subtask copy_file_to_bronze
[2025-09-29T15:01:25.297+0000] {task_command.py:467} INFO - Running <TaskInstance: file_copy_dag.copy_file_to_bronze manual__2025-09-29T15:01:24+00:00 [running]> on host 69391400d53e
[2025-09-29T15:01:25.345+0000] {taskinstance.py:3131} INFO - Exporting env vars: AIRFLOW_CTX_DAG_OWNER='you' AIRFLOW_CTX_DAG_ID='file_copy_dag' AIRFLOW_CTX_TASK_ID='copy_file_to_bronze' AIRFLOW_CTX_EXECUTION_DATE='2025-09-29T15:01:24+00:00' AIRFLOW_CTX_TRY_NUMBER='1' AIRFLOW_CTX_DAG_RUN_ID='manual__2025-09-29T15:01:24+00:00'
[2025-09-29T15:01:25.346+0000] {logging_mixin.py:190} INFO - Task instance is in running state
[2025-09-29T15:01:25.346+0000] {logging_mixin.py:190} INFO -  Previous state of the Task instance: queued
[2025-09-29T15:01:25.346+0000] {logging_mixin.py:190} INFO - Current task name:copy_file_to_bronze state:running start_date:2025-09-29 15:01:25.229765+00:00
[2025-09-29T15:01:25.346+0000] {logging_mixin.py:190} INFO - Dag name:file_copy_dag and current dag run status:running
[2025-09-29T15:01:25.346+0000] {taskinstance.py:731} INFO - ::endgroup::
[2025-09-29T15:01:25.347+0000] {subprocess.py:63} INFO - Tmp dir root location: /tmp
[2025-09-29T15:01:25.347+0000] {subprocess.py:75} INFO - Running command: ['/usr/bin/bash', '-c', 'mkdir -p /opt/***/dags/data/bronze && cp -f /opt/***/dags/data/input/sample.csv /opt/***/dags/data/bronze/sample.csv']
[2025-09-29T15:01:25.354+0000] {subprocess.py:86} INFO - Output:
[2025-09-29T15:01:25.359+0000] {subprocess.py:97} INFO - Command exited with return code 0
[2025-09-29T15:01:25.374+0000] {taskinstance.py:340} INFO - ::group::Post task execution logs
[2025-09-29T15:01:25.374+0000] {taskinstance.py:352} INFO - Marking task as SUCCESS. dag_id=file_copy_dag, task_id=copy_file_to_bronze, run_id=manual__2025-09-29T15:01:24+00:00, execution_date=20250929T150124, start_date=20250929T150125, end_date=20250929T150125
[2025-09-29T15:01:25.379+0000] {logging_mixin.py:190} INFO - Task instance in success state
[2025-09-29T15:01:25.380+0000] {logging_mixin.py:190} INFO -  Previous state of the Task instance: running
[2025-09-29T15:01:25.380+0000] {logging_mixin.py:190} INFO - Dag name:file_copy_dag queued_at:2025-09-29 15:01:24.514093+00:00
[2025-09-29T15:01:25.380+0000] {logging_mixin.py:190} INFO - Task hostname:69391400d53e operator:BashOperator
[2025-09-29T15:01:25.401+0000] {local_task_job_runner.py:266} INFO - Task exited with return code 0
[2025-09-29T15:01:25.411+0000] {taskinstance.py:3900} INFO - 0 downstream tasks scheduled from follow-on schedule check
[2025-09-29T15:01:25.412+0000] {local_task_job_runner.py:245} INFO - ::endgroup::
