Spark Command: /opt/homebrew/opt/openjdk@17/bin/java -cp /Users/admin/Desktop/git_rep/spark_local/conf/:/Users/admin/Desktop/git_rep/spark_local/jars/slf4j-api-2.0.16.jar:/Users/admin/Desktop/git_rep/spark_local/jars/* -Xmx1g org.apache.spark.deploy.worker.Worker --webui-port 8081 spark://localhost:7077
========================================
Using Spark's default log4j profile: org/apache/spark/log4j2-defaults.properties
25/09/01 15:52:01 WARN Utils: Your hostname, admins-MacBook-Pro.local, resolves to a loopback address: 127.0.0.1; using 10.4.47.164 instead (on interface en0)
25/09/01 15:52:01 WARN Utils: Set SPARK_LOCAL_IP if you need to bind to another address
25/09/01 15:52:01 INFO Worker: Started daemon with process name: 43711@admins-MacBook-Pro.local
25/09/01 15:52:01 INFO SignalUtils: Registering signal handler for TERM
25/09/01 15:52:01 INFO SignalUtils: Registering signal handler for HUP
25/09/01 15:52:01 INFO SignalUtils: Registering signal handler for INT
25/09/01 15:52:01 WARN NativeCodeLoader: Unable to load native-hadoop library for your platform... using builtin-java classes where applicable
Using Spark's default log4j profile: org/apache/spark/log4j2-defaults.properties
25/09/01 15:52:01 INFO SecurityManager: Changing view acls to: admin
25/09/01 15:52:01 INFO SecurityManager: Changing modify acls to: admin
25/09/01 15:52:01 INFO SecurityManager: Changing view acls groups to: admin
25/09/01 15:52:01 INFO SecurityManager: Changing modify acls groups to: admin
25/09/01 15:52:01 INFO SecurityManager: SecurityManager: authentication disabled; ui acls disabled; users with view permissions: admin groups with view permissions: EMPTY; users with modify permissions: admin; groups with modify permissions: EMPTY; RPC SSL disabled
25/09/01 15:52:02 INFO Utils: Successfully started service 'sparkWorker' on port 53643.
25/09/01 15:52:02 INFO Worker: Worker decommissioning not enabled.
25/09/01 15:52:02 INFO Worker: Starting Spark worker 10.4.47.164:53643 with 8 cores, 31.0 GiB RAM
25/09/01 15:52:02 INFO Worker: Running Spark version 4.0.0
25/09/01 15:52:02 INFO Worker: Spark home: /Users/admin/Desktop/git_rep/spark_local
25/09/01 15:52:02 INFO ResourceUtils: ==============================================================
25/09/01 15:52:02 INFO ResourceUtils: No custom resources configured for spark.worker.
25/09/01 15:52:02 INFO ResourceUtils: ==============================================================
25/09/01 15:52:02 INFO JettyUtils: Start Jetty 0.0.0.0:8081 for WorkerUI
25/09/01 15:52:02 INFO Utils: Successfully started service 'WorkerUI' on port 8081.
25/09/01 15:52:02 INFO WorkerWebUI: Bound WorkerWebUI to 0.0.0.0, and started at http://10.4.47.164:8081
25/09/01 15:52:02 INFO Worker: Connecting to master localhost:7077...
25/09/01 15:52:02 INFO TransportClientFactory: Successfully created connection to localhost/127.0.0.1:7077 after 13 ms (0 ms spent in bootstraps)
25/09/01 15:52:02 INFO Worker: Successfully registered with master spark://admins-MacBook-Pro.local:7077
25/09/01 15:52:02 INFO Worker: Worker cleanup enabled; old application directories will be deleted in: /Users/admin/Desktop/git_rep/spark_local/work
25/09/01 15:54:33 INFO Worker: Asked to launch executor app-20250901155433-0000/0 for English Words
25/09/01 15:54:33 INFO SecurityManager: Changing view acls to: admin
25/09/01 15:54:33 INFO SecurityManager: Changing modify acls to: admin
25/09/01 15:54:33 INFO SecurityManager: Changing view acls groups to: admin
25/09/01 15:54:33 INFO SecurityManager: Changing modify acls groups to: admin
25/09/01 15:54:33 INFO SecurityManager: SecurityManager: authentication disabled; ui acls disabled; users with view permissions: admin groups with view permissions: EMPTY; users with modify permissions: admin; groups with modify permissions: EMPTY; RPC SSL disabled
25/09/01 15:54:33 INFO ExecutorRunner: Launch command: "/opt/homebrew/opt/openjdk@17/bin/java" "-cp" "/Users/admin/Desktop/git_rep/spark_local/conf/:/Users/admin/Desktop/git_rep/spark_local/jars/slf4j-api-2.0.16.jar:/Users/admin/Desktop/git_rep/spark_local/jars/*" "-Xmx1024M" "-Dspark.driver.port=53708" "-Djava.net.preferIPv6Addresses=false" "-XX:+IgnoreUnrecognizedVMOptions" "--add-modules=jdk.incubator.vector" "--add-opens=java.base/java.lang=ALL-UNNAMED" "--add-opens=java.base/java.lang.invoke=ALL-UNNAMED" "--add-opens=java.base/java.lang.reflect=ALL-UNNAMED" "--add-opens=java.base/java.io=ALL-UNNAMED" "--add-opens=java.base/java.net=ALL-UNNAMED" "--add-opens=java.base/java.nio=ALL-UNNAMED" "--add-opens=java.base/java.util=ALL-UNNAMED" "--add-opens=java.base/java.util.concurrent=ALL-UNNAMED" "--add-opens=java.base/java.util.concurrent.atomic=ALL-UNNAMED" "--add-opens=java.base/jdk.internal.ref=ALL-UNNAMED" "--add-opens=java.base/sun.nio.ch=ALL-UNNAMED" "--add-opens=java.base/sun.nio.cs=ALL-UNNAMED" "--add-opens=java.base/sun.security.action=ALL-UNNAMED" "--add-opens=java.base/sun.util.calendar=ALL-UNNAMED" "--add-opens=java.security.jgss/sun.security.krb5=ALL-UNNAMED" "-Djdk.reflect.useDirectMethodHandle=false" "-Dio.netty.tryReflectionSetAccessible=true" "org.apache.spark.executor.CoarseGrainedExecutorBackend" "--driver-url" "spark://CoarseGrainedScheduler@10.4.47.164:53708" "--executor-id" "0" "--hostname" "10.4.47.164" "--cores" "8" "--app-id" "app-20250901155433-0000" "--worker-url" "spark://Worker@10.4.47.164:53643" "--resourceProfileId" "0"
25/09/01 15:54:39 INFO Worker: Asked to kill executor app-20250901155433-0000/0
25/09/01 15:54:39 INFO ExecutorRunner: Runner thread for executor app-20250901155433-0000/0 interrupted
25/09/01 15:54:39 INFO ExecutorRunner: Killing process!
25/09/01 15:54:40 INFO Worker: Executor app-20250901155433-0000/0 finished with state KILLED message Runner thread for executor app-20250901155433-0000/0 interrupted exitStatus 143
25/09/01 15:54:40 INFO ExternalShuffleBlockResolver: Clean up non-shuffle and non-RDD files associated with the finished executor 0
25/09/01 15:54:40 INFO ExternalShuffleBlockResolver: Executor is not registered (appId=app-20250901155433-0000, execId=0)
25/09/01 15:54:40 INFO Worker: Cleaning up local directories for application app-20250901155433-0000
25/09/01 15:54:40 INFO ExternalShuffleBlockResolver: Application app-20250901155433-0000 removed, cleanupLocalDirs = true
25/09/01 16:03:24 INFO Worker: Master with url spark://admins-MacBook-Pro.local:7077 requested this worker to reconnect.
25/09/01 16:03:24 INFO Worker: Connecting to master localhost:7077...
25/09/01 16:03:24 INFO Worker: Successfully registered with master spark://admins-MacBook-Pro.local:7077
25/09/01 16:03:24 INFO Worker: Worker cleanup enabled; old application directories will be deleted in: /Users/admin/Desktop/git_rep/spark_local/work
25/09/01 17:12:04 INFO Worker: Master with url spark://admins-MacBook-Pro.local:7077 requested this worker to reconnect.
25/09/01 17:12:04 INFO Worker: Connecting to master localhost:7077...
25/09/01 17:12:04 INFO Worker: Successfully registered with master spark://admins-MacBook-Pro.local:7077
25/09/01 17:12:04 INFO Worker: Worker cleanup enabled; old application directories will be deleted in: /Users/admin/Desktop/git_rep/spark_local/work
25/09/01 18:17:24 INFO Worker: Master with url spark://admins-MacBook-Pro.local:7077 requested this worker to reconnect.
25/09/01 18:17:24 INFO Worker: Connecting to master localhost:7077...
25/09/01 18:17:24 INFO Worker: Successfully registered with master spark://admins-MacBook-Pro.local:7077
25/09/01 18:17:24 INFO Worker: Worker cleanup enabled; old application directories will be deleted in: /Users/admin/Desktop/git_rep/spark_local/work
25/09/01 18:57:16 INFO Worker: Master with url spark://admins-MacBook-Pro.local:7077 requested this worker to reconnect.
25/09/01 18:57:16 INFO Worker: Master with url spark://admins-MacBook-Pro.local:7077 requested this worker to reconnect.
25/09/01 18:57:16 INFO Worker: Connecting to master localhost:7077...
25/09/01 18:57:16 INFO Worker: Not spawning another attempt to register with the master, since there is an attempt scheduled already.
25/09/01 18:57:16 INFO Worker: Successfully registered with master spark://admins-MacBook-Pro.local:7077
25/09/01 18:57:16 INFO Worker: Worker cleanup enabled; old application directories will be deleted in: /Users/admin/Desktop/git_rep/spark_local/work
25/09/01 22:58:55 INFO Worker: Master with url spark://admins-MacBook-Pro.local:7077 requested this worker to reconnect.
25/09/01 22:58:55 INFO Worker: Connecting to master localhost:7077...
25/09/01 22:58:55 INFO Worker: Master with url spark://admins-MacBook-Pro.local:7077 requested this worker to reconnect.
25/09/01 22:58:55 INFO Worker: Not spawning another attempt to register with the master, since there is an attempt scheduled already.
25/09/01 22:58:55 INFO Worker: Successfully registered with master spark://admins-MacBook-Pro.local:7077
25/09/01 22:58:55 INFO Worker: Worker cleanup enabled; old application directories will be deleted in: /Users/admin/Desktop/git_rep/spark_local/work
25/09/02 01:16:49 INFO Worker: Master with url spark://admins-MacBook-Pro.local:7077 requested this worker to reconnect.
25/09/02 01:16:49 INFO Worker: Connecting to master localhost:7077...
25/09/02 01:16:49 INFO Worker: Successfully registered with master spark://admins-MacBook-Pro.local:7077
25/09/02 01:16:49 INFO Worker: Worker cleanup enabled; old application directories will be deleted in: /Users/admin/Desktop/git_rep/spark_local/work
25/09/02 03:26:49 INFO Worker: Master with url spark://admins-MacBook-Pro.local:7077 requested this worker to reconnect.
25/09/02 03:26:49 INFO Worker: Connecting to master localhost:7077...
25/09/02 03:26:49 INFO Worker: Successfully registered with master spark://admins-MacBook-Pro.local:7077
25/09/02 03:26:49 INFO Worker: Worker cleanup enabled; old application directories will be deleted in: /Users/admin/Desktop/git_rep/spark_local/work
25/09/02 05:34:04 INFO Worker: Master with url spark://admins-MacBook-Pro.local:7077 requested this worker to reconnect.
25/09/02 05:34:04 INFO Worker: Connecting to master localhost:7077...
25/09/02 05:34:04 INFO Worker: Successfully registered with master spark://admins-MacBook-Pro.local:7077
25/09/02 05:34:04 INFO Worker: Worker cleanup enabled; old application directories will be deleted in: /Users/admin/Desktop/git_rep/spark_local/work
25/09/02 08:12:59 INFO Worker: Master with url spark://admins-MacBook-Pro.local:7077 requested this worker to reconnect.
25/09/02 08:12:59 INFO Worker: Connecting to master localhost:7077...
25/09/02 08:12:59 INFO Worker: Successfully registered with master spark://admins-MacBook-Pro.local:7077
25/09/02 08:12:59 INFO Worker: Worker cleanup enabled; old application directories will be deleted in: /Users/admin/Desktop/git_rep/spark_local/work
25/09/02 08:55:22 INFO Worker: Master with url spark://admins-MacBook-Pro.local:7077 requested this worker to reconnect.
25/09/02 08:55:22 INFO Worker: Connecting to master localhost:7077...
25/09/02 08:55:22 INFO Worker: Successfully registered with master spark://admins-MacBook-Pro.local:7077
25/09/02 08:55:22 INFO Worker: Worker cleanup enabled; old application directories will be deleted in: /Users/admin/Desktop/git_rep/spark_local/work
25/09/02 09:31:37 INFO Worker: Master with url spark://admins-MacBook-Pro.local:7077 requested this worker to reconnect.
25/09/02 09:31:37 INFO Worker: Master with url spark://admins-MacBook-Pro.local:7077 requested this worker to reconnect.
25/09/02 09:31:37 INFO Worker: Not spawning another attempt to register with the master, since there is an attempt scheduled already.
25/09/02 09:31:37 INFO Worker: Connecting to master localhost:7077...
25/09/02 09:31:37 INFO Worker: Master with url spark://admins-MacBook-Pro.local:7077 requested this worker to reconnect.
25/09/02 09:31:37 INFO Worker: Not spawning another attempt to register with the master, since there is an attempt scheduled already.
25/09/02 09:31:37 INFO Worker: Master with url spark://admins-MacBook-Pro.local:7077 requested this worker to reconnect.
25/09/02 09:31:37 INFO Worker: Not spawning another attempt to register with the master, since there is an attempt scheduled already.
25/09/02 09:31:37 INFO Worker: Master with url spark://admins-MacBook-Pro.local:7077 requested this worker to reconnect.
25/09/02 09:31:37 INFO Worker: Not spawning another attempt to register with the master, since there is an attempt scheduled already.
25/09/02 09:31:37 INFO Worker: Master with url spark://admins-MacBook-Pro.local:7077 requested this worker to reconnect.
25/09/02 09:31:37 INFO Worker: Not spawning another attempt to register with the master, since there is an attempt scheduled already.
25/09/02 09:31:37 INFO Worker: Master with url spark://admins-MacBook-Pro.local:7077 requested this worker to reconnect.
25/09/02 09:31:37 INFO Worker: Not spawning another attempt to register with the master, since there is an attempt scheduled already.
25/09/02 09:31:37 INFO Worker: Successfully registered with master spark://admins-MacBook-Pro.local:7077
25/09/02 09:31:37 INFO Worker: Worker cleanup enabled; old application directories will be deleted in: /Users/admin/Desktop/git_rep/spark_local/work
25/09/02 10:44:10 INFO Worker: Master with url spark://admins-MacBook-Pro.local:7077 requested this worker to reconnect.
25/09/02 10:44:10 INFO Worker: Connecting to master localhost:7077...
25/09/02 10:44:10 INFO Worker: Master with url spark://admins-MacBook-Pro.local:7077 requested this worker to reconnect.
25/09/02 10:44:10 INFO Worker: Not spawning another attempt to register with the master, since there is an attempt scheduled already.
25/09/02 10:44:10 INFO Worker: Master with url spark://admins-MacBook-Pro.local:7077 requested this worker to reconnect.
25/09/02 10:44:10 INFO Worker: Not spawning another attempt to register with the master, since there is an attempt scheduled already.
25/09/02 10:44:10 INFO Worker: Master with url spark://admins-MacBook-Pro.local:7077 requested this worker to reconnect.
25/09/02 10:44:10 INFO Worker: Not spawning another attempt to register with the master, since there is an attempt scheduled already.
25/09/02 10:44:10 INFO Worker: Master with url spark://admins-MacBook-Pro.local:7077 requested this worker to reconnect.
25/09/02 10:44:10 INFO Worker: Not spawning another attempt to register with the master, since there is an attempt scheduled already.
25/09/02 10:44:10 INFO Worker: Successfully registered with master spark://admins-MacBook-Pro.local:7077
25/09/02 10:44:10 INFO Worker: Worker cleanup enabled; old application directories will be deleted in: /Users/admin/Desktop/git_rep/spark_local/work
25/09/02 12:15:45 INFO Worker: Master with url spark://admins-MacBook-Pro.local:7077 requested this worker to reconnect.
25/09/02 12:15:45 INFO Worker: Connecting to master localhost:7077...
25/09/02 12:15:45 INFO Worker: Master with url spark://admins-MacBook-Pro.local:7077 requested this worker to reconnect.
25/09/02 12:15:45 INFO Worker: Not spawning another attempt to register with the master, since there is an attempt scheduled already.
25/09/02 12:15:45 INFO Worker: Successfully registered with master spark://admins-MacBook-Pro.local:7077
25/09/02 12:15:45 INFO Worker: Worker cleanup enabled; old application directories will be deleted in: /Users/admin/Desktop/git_rep/spark_local/work
25/09/02 13:34:27 INFO Worker: Master with url spark://admins-MacBook-Pro.local:7077 requested this worker to reconnect.
25/09/02 13:34:27 INFO Worker: Connecting to master localhost:7077...
25/09/02 13:34:27 INFO Worker: Successfully registered with master spark://admins-MacBook-Pro.local:7077
25/09/02 13:34:27 INFO Worker: Worker cleanup enabled; old application directories will be deleted in: /Users/admin/Desktop/git_rep/spark_local/work
25/09/02 15:09:06 INFO Worker: Master with url spark://admins-MacBook-Pro.local:7077 requested this worker to reconnect.
25/09/02 15:09:06 INFO Worker: Connecting to master localhost:7077...
25/09/02 15:09:06 INFO Worker: Master with url spark://admins-MacBook-Pro.local:7077 requested this worker to reconnect.
25/09/02 15:09:06 INFO Worker: Not spawning another attempt to register with the master, since there is an attempt scheduled already.
25/09/02 15:09:06 INFO Worker: Master with url spark://admins-MacBook-Pro.local:7077 requested this worker to reconnect.
25/09/02 15:09:06 INFO Worker: Not spawning another attempt to register with the master, since there is an attempt scheduled already.
25/09/02 15:09:06 INFO Worker: Master with url spark://admins-MacBook-Pro.local:7077 requested this worker to reconnect.
25/09/02 15:09:06 INFO Worker: Not spawning another attempt to register with the master, since there is an attempt scheduled already.
25/09/02 15:09:06 INFO Worker: Master with url spark://admins-MacBook-Pro.local:7077 requested this worker to reconnect.
25/09/02 15:09:06 INFO Worker: Not spawning another attempt to register with the master, since there is an attempt scheduled already.
25/09/02 15:09:06 INFO Worker: Master with url spark://admins-MacBook-Pro.local:7077 requested this worker to reconnect.
25/09/02 15:09:06 INFO Worker: Not spawning another attempt to register with the master, since there is an attempt scheduled already.
25/09/02 15:09:06 INFO Worker: Successfully registered with master spark://admins-MacBook-Pro.local:7077
25/09/02 15:09:06 INFO Worker: Worker cleanup enabled; old application directories will be deleted in: /Users/admin/Desktop/git_rep/spark_local/work
25/09/02 15:39:44 INFO Worker: Master with url spark://admins-MacBook-Pro.local:7077 requested this worker to reconnect.
25/09/02 15:39:44 INFO Worker: Connecting to master localhost:7077...
25/09/02 15:39:44 INFO Worker: Master with url spark://admins-MacBook-Pro.local:7077 requested this worker to reconnect.
25/09/02 15:39:44 INFO Worker: Not spawning another attempt to register with the master, since there is an attempt scheduled already.
25/09/02 15:39:44 INFO Worker: Successfully registered with master spark://admins-MacBook-Pro.local:7077
25/09/02 15:39:44 INFO Worker: Worker cleanup enabled; old application directories will be deleted in: /Users/admin/Desktop/git_rep/spark_local/work
25/09/02 17:43:22 INFO Worker: Master with url spark://admins-MacBook-Pro.local:7077 requested this worker to reconnect.
25/09/02 17:43:22 INFO Worker: Connecting to master localhost:7077...
25/09/02 17:43:22 INFO Worker: Master with url spark://admins-MacBook-Pro.local:7077 requested this worker to reconnect.
25/09/02 17:43:22 INFO Worker: Not spawning another attempt to register with the master, since there is an attempt scheduled already.
25/09/02 17:43:22 INFO Worker: Master with url spark://admins-MacBook-Pro.local:7077 requested this worker to reconnect.
25/09/02 17:43:22 INFO Worker: Not spawning another attempt to register with the master, since there is an attempt scheduled already.
25/09/02 17:43:22 INFO Worker: Master with url spark://admins-MacBook-Pro.local:7077 requested this worker to reconnect.
25/09/02 17:43:22 INFO Worker: Not spawning another attempt to register with the master, since there is an attempt scheduled already.
25/09/02 17:43:22 INFO Worker: Master with url spark://admins-MacBook-Pro.local:7077 requested this worker to reconnect.
25/09/02 17:43:22 INFO Worker: Not spawning another attempt to register with the master, since there is an attempt scheduled already.
25/09/02 17:43:22 INFO Worker: Master with url spark://admins-MacBook-Pro.local:7077 requested this worker to reconnect.
25/09/02 17:43:22 INFO Worker: Not spawning another attempt to register with the master, since there is an attempt scheduled already.
25/09/02 17:43:22 INFO Worker: Master with url spark://admins-MacBook-Pro.local:7077 requested this worker to reconnect.
25/09/02 17:43:22 INFO Worker: Not spawning another attempt to register with the master, since there is an attempt scheduled already.
25/09/02 17:43:22 INFO Worker: Master with url spark://admins-MacBook-Pro.local:7077 requested this worker to reconnect.
25/09/02 17:43:22 INFO Worker: Not spawning another attempt to register with the master, since there is an attempt scheduled already.
25/09/02 17:43:22 INFO Worker: Master with url spark://admins-MacBook-Pro.local:7077 requested this worker to reconnect.
25/09/02 17:43:22 INFO Worker: Not spawning another attempt to register with the master, since there is an attempt scheduled already.
25/09/02 17:43:22 INFO Worker: Successfully registered with master spark://admins-MacBook-Pro.local:7077
25/09/02 17:43:22 INFO Worker: Worker cleanup enabled; old application directories will be deleted in: /Users/admin/Desktop/git_rep/spark_local/work
25/09/02 21:14:44 INFO Worker: Master with url spark://admins-MacBook-Pro.local:7077 requested this worker to reconnect.
25/09/02 21:14:44 INFO Worker: Master with url spark://admins-MacBook-Pro.local:7077 requested this worker to reconnect.
25/09/02 21:14:44 INFO Worker: Connecting to master localhost:7077...
25/09/02 21:14:44 INFO Worker: Not spawning another attempt to register with the master, since there is an attempt scheduled already.
25/09/02 21:14:44 INFO Worker: Master with url spark://admins-MacBook-Pro.local:7077 requested this worker to reconnect.
25/09/02 21:14:44 INFO Worker: Not spawning another attempt to register with the master, since there is an attempt scheduled already.
25/09/02 21:14:44 INFO Worker: Master with url spark://admins-MacBook-Pro.local:7077 requested this worker to reconnect.
25/09/02 21:14:44 INFO Worker: Not spawning another attempt to register with the master, since there is an attempt scheduled already.
25/09/02 21:14:44 INFO Worker: Master with url spark://admins-MacBook-Pro.local:7077 requested this worker to reconnect.
25/09/02 21:14:44 INFO Worker: Not spawning another attempt to register with the master, since there is an attempt scheduled already.
25/09/02 21:14:44 INFO Worker: Master with url spark://admins-MacBook-Pro.local:7077 requested this worker to reconnect.
25/09/02 21:14:44 INFO Worker: Not spawning another attempt to register with the master, since there is an attempt scheduled already.
25/09/02 21:14:44 INFO Worker: Master with url spark://admins-MacBook-Pro.local:7077 requested this worker to reconnect.
25/09/02 21:14:44 INFO Worker: Not spawning another attempt to register with the master, since there is an attempt scheduled already.
25/09/02 21:14:44 INFO Worker: Master with url spark://admins-MacBook-Pro.local:7077 requested this worker to reconnect.
25/09/02 21:14:44 INFO Worker: Not spawning another attempt to register with the master, since there is an attempt scheduled already.
25/09/02 21:14:44 INFO Worker: Master with url spark://admins-MacBook-Pro.local:7077 requested this worker to reconnect.
25/09/02 21:14:44 INFO Worker: Not spawning another attempt to register with the master, since there is an attempt scheduled already.
25/09/02 21:14:44 INFO Worker: Master with url spark://admins-MacBook-Pro.local:7077 requested this worker to reconnect.
25/09/02 21:14:44 INFO Worker: Not spawning another attempt to register with the master, since there is an attempt scheduled already.
25/09/02 21:14:44 INFO Worker: Master with url spark://admins-MacBook-Pro.local:7077 requested this worker to reconnect.
25/09/02 21:14:44 INFO Worker: Not spawning another attempt to register with the master, since there is an attempt scheduled already.
25/09/02 21:14:44 INFO Worker: Master with url spark://admins-MacBook-Pro.local:7077 requested this worker to reconnect.
25/09/02 21:14:44 INFO Worker: Not spawning another attempt to register with the master, since there is an attempt scheduled already.
25/09/02 21:14:44 INFO Worker: Master with url spark://admins-MacBook-Pro.local:7077 requested this worker to reconnect.
25/09/02 21:14:44 INFO Worker: Not spawning another attempt to register with the master, since there is an attempt scheduled already.
25/09/02 21:14:44 INFO Worker: Master with url spark://admins-MacBook-Pro.local:7077 requested this worker to reconnect.
25/09/02 21:14:44 INFO Worker: Not spawning another attempt to register with the master, since there is an attempt scheduled already.
25/09/02 21:14:44 INFO Worker: Successfully registered with master spark://admins-MacBook-Pro.local:7077
25/09/02 21:14:44 INFO Worker: Worker cleanup enabled; old application directories will be deleted in: /Users/admin/Desktop/git_rep/spark_local/work
25/09/02 22:56:03 INFO Worker: Master with url spark://admins-MacBook-Pro.local:7077 requested this worker to reconnect.
25/09/02 22:56:03 INFO Worker: Connecting to master localhost:7077...
25/09/02 22:56:03 INFO Worker: Master with url spark://admins-MacBook-Pro.local:7077 requested this worker to reconnect.
25/09/02 22:56:03 INFO Worker: Not spawning another attempt to register with the master, since there is an attempt scheduled already.
25/09/02 22:56:03 INFO Worker: Master with url spark://admins-MacBook-Pro.local:7077 requested this worker to reconnect.
25/09/02 22:56:03 INFO Worker: Not spawning another attempt to register with the master, since there is an attempt scheduled already.
25/09/02 22:56:03 INFO Worker: Master with url spark://admins-MacBook-Pro.local:7077 requested this worker to reconnect.
25/09/02 22:56:03 INFO Worker: Not spawning another attempt to register with the master, since there is an attempt scheduled already.
25/09/02 22:56:03 INFO Worker: Master with url spark://admins-MacBook-Pro.local:7077 requested this worker to reconnect.
25/09/02 22:56:03 INFO Worker: Not spawning another attempt to register with the master, since there is an attempt scheduled already.
25/09/02 22:56:03 INFO Worker: Master with url spark://admins-MacBook-Pro.local:7077 requested this worker to reconnect.
25/09/02 22:56:03 INFO Worker: Not spawning another attempt to register with the master, since there is an attempt scheduled already.
25/09/02 22:56:03 INFO Worker: Master with url spark://admins-MacBook-Pro.local:7077 requested this worker to reconnect.
25/09/02 22:56:03 INFO Worker: Not spawning another attempt to register with the master, since there is an attempt scheduled already.
25/09/02 22:56:03 INFO Worker: Successfully registered with master spark://admins-MacBook-Pro.local:7077
25/09/02 22:56:03 INFO Worker: Worker cleanup enabled; old application directories will be deleted in: /Users/admin/Desktop/git_rep/spark_local/work
25/09/03 00:59:26 INFO Worker: Master with url spark://admins-MacBook-Pro.local:7077 requested this worker to reconnect.
25/09/03 00:59:26 INFO Worker: Master with url spark://admins-MacBook-Pro.local:7077 requested this worker to reconnect.
25/09/03 00:59:26 INFO Worker: Connecting to master localhost:7077...
25/09/03 00:59:26 INFO Worker: Not spawning another attempt to register with the master, since there is an attempt scheduled already.
25/09/03 00:59:26 INFO Worker: Master with url spark://admins-MacBook-Pro.local:7077 requested this worker to reconnect.
25/09/03 00:59:26 INFO Worker: Not spawning another attempt to register with the master, since there is an attempt scheduled already.
25/09/03 00:59:26 INFO Worker: Master with url spark://admins-MacBook-Pro.local:7077 requested this worker to reconnect.
25/09/03 00:59:26 INFO Worker: Not spawning another attempt to register with the master, since there is an attempt scheduled already.
25/09/03 00:59:26 INFO Worker: Master with url spark://admins-MacBook-Pro.local:7077 requested this worker to reconnect.
25/09/03 00:59:26 INFO Worker: Not spawning another attempt to register with the master, since there is an attempt scheduled already.
25/09/03 00:59:26 INFO Worker: Master with url spark://admins-MacBook-Pro.local:7077 requested this worker to reconnect.
25/09/03 00:59:26 INFO Worker: Not spawning another attempt to register with the master, since there is an attempt scheduled already.
25/09/03 00:59:26 INFO Worker: Master with url spark://admins-MacBook-Pro.local:7077 requested this worker to reconnect.
25/09/03 00:59:26 INFO Worker: Not spawning another attempt to register with the master, since there is an attempt scheduled already.
25/09/03 00:59:26 INFO Worker: Master with url spark://admins-MacBook-Pro.local:7077 requested this worker to reconnect.
25/09/03 00:59:26 INFO Worker: Not spawning another attempt to register with the master, since there is an attempt scheduled already.
25/09/03 00:59:26 INFO Worker: Master with url spark://admins-MacBook-Pro.local:7077 requested this worker to reconnect.
25/09/03 00:59:26 INFO Worker: Not spawning another attempt to register with the master, since there is an attempt scheduled already.
25/09/03 00:59:26 INFO Worker: Master with url spark://admins-MacBook-Pro.local:7077 requested this worker to reconnect.
25/09/03 00:59:26 INFO Worker: Not spawning another attempt to register with the master, since there is an attempt scheduled already.
25/09/03 00:59:26 INFO Worker: Master with url spark://admins-MacBook-Pro.local:7077 requested this worker to reconnect.
25/09/03 00:59:26 INFO Worker: Not spawning another attempt to register with the master, since there is an attempt scheduled already.
25/09/03 00:59:26 INFO Worker: Successfully registered with master spark://admins-MacBook-Pro.local:7077
25/09/03 00:59:26 INFO Worker: Worker cleanup enabled; old application directories will be deleted in: /Users/admin/Desktop/git_rep/spark_local/work
25/09/03 02:45:45 INFO Worker: Master with url spark://admins-MacBook-Pro.local:7077 requested this worker to reconnect.
25/09/03 02:45:45 INFO Worker: Master with url spark://admins-MacBook-Pro.local:7077 requested this worker to reconnect.
25/09/03 02:45:45 INFO Worker: Not spawning another attempt to register with the master, since there is an attempt scheduled already.
25/09/03 02:45:45 INFO Worker: Master with url spark://admins-MacBook-Pro.local:7077 requested this worker to reconnect.
25/09/03 02:45:45 INFO Worker: Connecting to master localhost:7077...
25/09/03 02:45:45 INFO Worker: Not spawning another attempt to register with the master, since there is an attempt scheduled already.
25/09/03 02:45:45 INFO Worker: Master with url spark://admins-MacBook-Pro.local:7077 requested this worker to reconnect.
25/09/03 02:45:45 INFO Worker: Not spawning another attempt to register with the master, since there is an attempt scheduled already.
25/09/03 02:45:45 INFO Worker: Master with url spark://admins-MacBook-Pro.local:7077 requested this worker to reconnect.
25/09/03 02:45:45 INFO Worker: Not spawning another attempt to register with the master, since there is an attempt scheduled already.
25/09/03 02:45:45 INFO Worker: Master with url spark://admins-MacBook-Pro.local:7077 requested this worker to reconnect.
25/09/03 02:45:45 INFO Worker: Not spawning another attempt to register with the master, since there is an attempt scheduled already.
25/09/03 02:45:45 INFO Worker: Master with url spark://admins-MacBook-Pro.local:7077 requested this worker to reconnect.
25/09/03 02:45:45 INFO Worker: Not spawning another attempt to register with the master, since there is an attempt scheduled already.
25/09/03 02:45:45 INFO Worker: Master with url spark://admins-MacBook-Pro.local:7077 requested this worker to reconnect.
25/09/03 02:45:45 INFO Worker: Not spawning another attempt to register with the master, since there is an attempt scheduled already.
25/09/03 02:45:45 INFO Worker: Master with url spark://admins-MacBook-Pro.local:7077 requested this worker to reconnect.
25/09/03 02:45:45 INFO Worker: Not spawning another attempt to register with the master, since there is an attempt scheduled already.
25/09/03 02:45:45 INFO Worker: Master with url spark://admins-MacBook-Pro.local:7077 requested this worker to reconnect.
25/09/03 02:45:45 INFO Worker: Not spawning another attempt to register with the master, since there is an attempt scheduled already.
25/09/03 02:45:45 INFO Worker: Master with url spark://admins-MacBook-Pro.local:7077 requested this worker to reconnect.
25/09/03 02:45:45 INFO Worker: Not spawning another attempt to register with the master, since there is an attempt scheduled already.
25/09/03 02:45:45 INFO Worker: Master with url spark://admins-MacBook-Pro.local:7077 requested this worker to reconnect.
25/09/03 02:45:45 INFO Worker: Not spawning another attempt to register with the master, since there is an attempt scheduled already.
25/09/03 02:45:45 INFO Worker: Master with url spark://admins-MacBook-Pro.local:7077 requested this worker to reconnect.
25/09/03 02:45:45 INFO Worker: Not spawning another attempt to register with the master, since there is an attempt scheduled already.
25/09/03 02:45:45 INFO Worker: Master with url spark://admins-MacBook-Pro.local:7077 requested this worker to reconnect.
25/09/03 02:45:45 INFO Worker: Not spawning another attempt to register with the master, since there is an attempt scheduled already.
25/09/03 02:45:45 INFO Worker: Master with url spark://admins-MacBook-Pro.local:7077 requested this worker to reconnect.
25/09/03 02:45:45 INFO Worker: Not spawning another attempt to register with the master, since there is an attempt scheduled already.
25/09/03 02:45:45 INFO Worker: Master with url spark://admins-MacBook-Pro.local:7077 requested this worker to reconnect.
25/09/03 02:45:45 INFO Worker: Not spawning another attempt to register with the master, since there is an attempt scheduled already.
25/09/03 02:45:45 INFO Worker: Master with url spark://admins-MacBook-Pro.local:7077 requested this worker to reconnect.
25/09/03 02:45:45 INFO Worker: Not spawning another attempt to register with the master, since there is an attempt scheduled already.
25/09/03 02:45:45 INFO Worker: Master with url spark://admins-MacBook-Pro.local:7077 requested this worker to reconnect.
25/09/03 02:45:45 INFO Worker: Not spawning another attempt to register with the master, since there is an attempt scheduled already.
25/09/03 02:45:45 INFO Worker: Master with url spark://admins-MacBook-Pro.local:7077 requested this worker to reconnect.
25/09/03 02:45:45 INFO Worker: Not spawning another attempt to register with the master, since there is an attempt scheduled already.
25/09/03 02:45:45 INFO Worker: Master with url spark://admins-MacBook-Pro.local:7077 requested this worker to reconnect.
25/09/03 02:45:45 INFO Worker: Not spawning another attempt to register with the master, since there is an attempt scheduled already.
25/09/03 02:45:45 INFO Worker: Master with url spark://admins-MacBook-Pro.local:7077 requested this worker to reconnect.
25/09/03 02:45:45 INFO Worker: Not spawning another attempt to register with the master, since there is an attempt scheduled already.
25/09/03 02:45:45 INFO Worker: Successfully registered with master spark://admins-MacBook-Pro.local:7077
25/09/03 02:45:45 INFO Worker: Worker cleanup enabled; old application directories will be deleted in: /Users/admin/Desktop/git_rep/spark_local/work
25/09/03 07:22:31 INFO Worker: Master with url spark://admins-MacBook-Pro.local:7077 requested this worker to reconnect.
25/09/03 07:22:31 INFO Worker: Connecting to master localhost:7077...
25/09/03 07:22:31 INFO Worker: Successfully registered with master spark://admins-MacBook-Pro.local:7077
25/09/03 07:22:31 INFO Worker: Worker cleanup enabled; old application directories will be deleted in: /Users/admin/Desktop/git_rep/spark_local/work
25/09/03 09:46:10 INFO Worker: Master with url spark://admins-MacBook-Pro.local:7077 requested this worker to reconnect.
25/09/03 09:46:10 INFO Worker: Connecting to master localhost:7077...
25/09/03 09:46:10 INFO Worker: Master with url spark://admins-MacBook-Pro.local:7077 requested this worker to reconnect.
25/09/03 09:46:10 INFO Worker: Not spawning another attempt to register with the master, since there is an attempt scheduled already.
25/09/03 09:46:10 INFO Worker: Master with url spark://admins-MacBook-Pro.local:7077 requested this worker to reconnect.
25/09/03 09:46:10 INFO Worker: Not spawning another attempt to register with the master, since there is an attempt scheduled already.
25/09/03 09:46:10 INFO Worker: Master with url spark://admins-MacBook-Pro.local:7077 requested this worker to reconnect.
25/09/03 09:46:10 INFO Worker: Not spawning another attempt to register with the master, since there is an attempt scheduled already.
25/09/03 09:46:10 INFO Worker: Master with url spark://admins-MacBook-Pro.local:7077 requested this worker to reconnect.
25/09/03 09:46:10 INFO Worker: Not spawning another attempt to register with the master, since there is an attempt scheduled already.
25/09/03 09:46:10 INFO Worker: Master with url spark://admins-MacBook-Pro.local:7077 requested this worker to reconnect.
25/09/03 09:46:10 INFO Worker: Not spawning another attempt to register with the master, since there is an attempt scheduled already.
25/09/03 09:46:10 INFO Worker: Master with url spark://admins-MacBook-Pro.local:7077 requested this worker to reconnect.
25/09/03 09:46:10 INFO Worker: Not spawning another attempt to register with the master, since there is an attempt scheduled already.
25/09/03 09:46:10 INFO Worker: Master with url spark://admins-MacBook-Pro.local:7077 requested this worker to reconnect.
25/09/03 09:46:10 INFO Worker: Not spawning another attempt to register with the master, since there is an attempt scheduled already.
25/09/03 09:46:10 INFO Worker: Master with url spark://admins-MacBook-Pro.local:7077 requested this worker to reconnect.
25/09/03 09:46:10 INFO Worker: Not spawning another attempt to register with the master, since there is an attempt scheduled already.
25/09/03 09:46:10 INFO Worker: Master with url spark://admins-MacBook-Pro.local:7077 requested this worker to reconnect.
25/09/03 09:46:10 INFO Worker: Not spawning another attempt to register with the master, since there is an attempt scheduled already.
25/09/03 09:46:10 INFO Worker: Master with url spark://admins-MacBook-Pro.local:7077 requested this worker to reconnect.
25/09/03 09:46:10 INFO Worker: Not spawning another attempt to register with the master, since there is an attempt scheduled already.
25/09/03 09:46:10 INFO Worker: Master with url spark://admins-MacBook-Pro.local:7077 requested this worker to reconnect.
25/09/03 09:46:10 INFO Worker: Not spawning another attempt to register with the master, since there is an attempt scheduled already.
25/09/03 09:46:10 INFO Worker: Master with url spark://admins-MacBook-Pro.local:7077 requested this worker to reconnect.
25/09/03 09:46:10 INFO Worker: Not spawning another attempt to register with the master, since there is an attempt scheduled already.
25/09/03 09:46:10 INFO Worker: Master with url spark://admins-MacBook-Pro.local:7077 requested this worker to reconnect.
25/09/03 09:46:10 INFO Worker: Not spawning another attempt to register with the master, since there is an attempt scheduled already.
25/09/03 09:46:10 INFO Worker: Successfully registered with master spark://admins-MacBook-Pro.local:7077
25/09/03 09:46:10 INFO Worker: Worker cleanup enabled; old application directories will be deleted in: /Users/admin/Desktop/git_rep/spark_local/work
25/09/03 10:26:03 INFO Worker: Master with url spark://admins-MacBook-Pro.local:7077 requested this worker to reconnect.
25/09/03 10:26:03 INFO Worker: Connecting to master localhost:7077...
25/09/03 10:26:03 INFO Worker: Successfully registered with master spark://admins-MacBook-Pro.local:7077
25/09/03 10:26:03 INFO Worker: Worker cleanup enabled; old application directories will be deleted in: /Users/admin/Desktop/git_rep/spark_local/work
25/09/03 12:02:23 INFO Worker: Master with url spark://admins-MacBook-Pro.local:7077 requested this worker to reconnect.
25/09/03 12:02:23 INFO Worker: Master with url spark://admins-MacBook-Pro.local:7077 requested this worker to reconnect.
25/09/03 12:02:23 INFO Worker: Connecting to master localhost:7077...
25/09/03 12:02:23 INFO Worker: Not spawning another attempt to register with the master, since there is an attempt scheduled already.
25/09/03 12:02:23 INFO Worker: Master with url spark://admins-MacBook-Pro.local:7077 requested this worker to reconnect.
25/09/03 12:02:23 INFO Worker: Not spawning another attempt to register with the master, since there is an attempt scheduled already.
25/09/03 12:02:23 INFO Worker: Master with url spark://admins-MacBook-Pro.local:7077 requested this worker to reconnect.
25/09/03 12:02:23 INFO Worker: Not spawning another attempt to register with the master, since there is an attempt scheduled already.
25/09/03 12:02:23 INFO Worker: Master with url spark://admins-MacBook-Pro.local:7077 requested this worker to reconnect.
25/09/03 12:02:23 INFO Worker: Not spawning another attempt to register with the master, since there is an attempt scheduled already.
25/09/03 12:02:23 INFO Worker: Master with url spark://admins-MacBook-Pro.local:7077 requested this worker to reconnect.
25/09/03 12:02:23 INFO Worker: Not spawning another attempt to register with the master, since there is an attempt scheduled already.
25/09/03 12:02:23 INFO Worker: Master with url spark://admins-MacBook-Pro.local:7077 requested this worker to reconnect.
25/09/03 12:02:23 INFO Worker: Not spawning another attempt to register with the master, since there is an attempt scheduled already.
25/09/03 12:02:23 INFO Worker: Master with url spark://admins-MacBook-Pro.local:7077 requested this worker to reconnect.
25/09/03 12:02:23 INFO Worker: Not spawning another attempt to register with the master, since there is an attempt scheduled already.
25/09/03 12:02:23 INFO Worker: Master with url spark://admins-MacBook-Pro.local:7077 requested this worker to reconnect.
25/09/03 12:02:23 INFO Worker: Not spawning another attempt to register with the master, since there is an attempt scheduled already.
25/09/03 12:02:23 INFO Worker: Master with url spark://admins-MacBook-Pro.local:7077 requested this worker to reconnect.
25/09/03 12:02:23 INFO Worker: Not spawning another attempt to register with the master, since there is an attempt scheduled already.
25/09/03 12:02:23 INFO Worker: Master with url spark://admins-MacBook-Pro.local:7077 requested this worker to reconnect.
25/09/03 12:02:23 INFO Worker: Not spawning another attempt to register with the master, since there is an attempt scheduled already.
25/09/03 12:02:23 INFO Worker: Master with url spark://admins-MacBook-Pro.local:7077 requested this worker to reconnect.
25/09/03 12:02:23 INFO Worker: Not spawning another attempt to register with the master, since there is an attempt scheduled already.
25/09/03 12:02:23 INFO Worker: Master with url spark://admins-MacBook-Pro.local:7077 requested this worker to reconnect.
25/09/03 12:02:23 INFO Worker: Not spawning another attempt to register with the master, since there is an attempt scheduled already.
25/09/03 12:02:23 INFO Worker: Successfully registered with master spark://admins-MacBook-Pro.local:7077
25/09/03 12:02:23 INFO Worker: Worker cleanup enabled; old application directories will be deleted in: /Users/admin/Desktop/git_rep/spark_local/work
25/09/03 13:30:18 INFO Worker: Master with url spark://admins-MacBook-Pro.local:7077 requested this worker to reconnect.
25/09/03 13:30:18 INFO Worker: Connecting to master localhost:7077...
25/09/03 13:30:18 INFO Worker: Master with url spark://admins-MacBook-Pro.local:7077 requested this worker to reconnect.
25/09/03 13:30:18 INFO Worker: Not spawning another attempt to register with the master, since there is an attempt scheduled already.
25/09/03 13:30:18 INFO Worker: Master with url spark://admins-MacBook-Pro.local:7077 requested this worker to reconnect.
25/09/03 13:30:18 INFO Worker: Not spawning another attempt to register with the master, since there is an attempt scheduled already.
25/09/03 13:30:18 INFO Worker: Master with url spark://admins-MacBook-Pro.local:7077 requested this worker to reconnect.
25/09/03 13:30:18 INFO Worker: Not spawning another attempt to register with the master, since there is an attempt scheduled already.
25/09/03 13:30:18 INFO Worker: Master with url spark://admins-MacBook-Pro.local:7077 requested this worker to reconnect.
25/09/03 13:30:18 INFO Worker: Not spawning another attempt to register with the master, since there is an attempt scheduled already.
25/09/03 13:30:18 INFO Worker: Master with url spark://admins-MacBook-Pro.local:7077 requested this worker to reconnect.
25/09/03 13:30:18 INFO Worker: Not spawning another attempt to register with the master, since there is an attempt scheduled already.
25/09/03 13:30:18 INFO Worker: Master with url spark://admins-MacBook-Pro.local:7077 requested this worker to reconnect.
25/09/03 13:30:18 INFO Worker: Not spawning another attempt to register with the master, since there is an attempt scheduled already.
25/09/03 13:30:18 INFO Worker: Master with url spark://admins-MacBook-Pro.local:7077 requested this worker to reconnect.
25/09/03 13:30:18 INFO Worker: Not spawning another attempt to register with the master, since there is an attempt scheduled already.
25/09/03 13:30:18 INFO Worker: Master with url spark://admins-MacBook-Pro.local:7077 requested this worker to reconnect.
25/09/03 13:30:18 INFO Worker: Not spawning another attempt to register with the master, since there is an attempt scheduled already.
25/09/03 13:30:18 INFO Worker: Master with url spark://admins-MacBook-Pro.local:7077 requested this worker to reconnect.
25/09/03 13:30:18 INFO Worker: Not spawning another attempt to register with the master, since there is an attempt scheduled already.
25/09/03 13:30:18 INFO Worker: Master with url spark://admins-MacBook-Pro.local:7077 requested this worker to reconnect.
25/09/03 13:30:18 INFO Worker: Not spawning another attempt to register with the master, since there is an attempt scheduled already.
25/09/03 13:30:18 INFO Worker: Master with url spark://admins-MacBook-Pro.local:7077 requested this worker to reconnect.
25/09/03 13:30:18 INFO Worker: Not spawning another attempt to register with the master, since there is an attempt scheduled already.
25/09/03 13:30:18 INFO Worker: Master with url spark://admins-MacBook-Pro.local:7077 requested this worker to reconnect.
25/09/03 13:30:18 INFO Worker: Not spawning another attempt to register with the master, since there is an attempt scheduled already.
25/09/03 13:30:18 INFO Worker: Successfully registered with master spark://admins-MacBook-Pro.local:7077
25/09/03 13:30:18 INFO Worker: Worker cleanup enabled; old application directories will be deleted in: /Users/admin/Desktop/git_rep/spark_local/work
25/09/03 16:35:13 INFO Worker: Master with url spark://admins-MacBook-Pro.local:7077 requested this worker to reconnect.
25/09/03 16:35:13 INFO Worker: Connecting to master localhost:7077...
25/09/03 16:35:13 INFO Worker: Master with url spark://admins-MacBook-Pro.local:7077 requested this worker to reconnect.
25/09/03 16:35:13 INFO Worker: Not spawning another attempt to register with the master, since there is an attempt scheduled already.
25/09/03 16:35:13 INFO Worker: Master with url spark://admins-MacBook-Pro.local:7077 requested this worker to reconnect.
25/09/03 16:35:13 INFO Worker: Not spawning another attempt to register with the master, since there is an attempt scheduled already.
25/09/03 16:35:13 INFO Worker: Master with url spark://admins-MacBook-Pro.local:7077 requested this worker to reconnect.
25/09/03 16:35:13 INFO Worker: Not spawning another attempt to register with the master, since there is an attempt scheduled already.
25/09/03 16:35:13 INFO Worker: Master with url spark://admins-MacBook-Pro.local:7077 requested this worker to reconnect.
25/09/03 16:35:13 INFO Worker: Not spawning another attempt to register with the master, since there is an attempt scheduled already.
25/09/03 16:35:13 INFO Worker: Successfully registered with master spark://admins-MacBook-Pro.local:7077
25/09/03 16:35:13 INFO Worker: Worker cleanup enabled; old application directories will be deleted in: /Users/admin/Desktop/git_rep/spark_local/work
25/09/03 17:15:06 INFO Worker: Master with url spark://admins-MacBook-Pro.local:7077 requested this worker to reconnect.
25/09/03 17:15:06 INFO Worker: Master with url spark://admins-MacBook-Pro.local:7077 requested this worker to reconnect.
25/09/03 17:15:06 INFO Worker: Not spawning another attempt to register with the master, since there is an attempt scheduled already.
25/09/03 17:15:06 INFO Worker: Master with url spark://admins-MacBook-Pro.local:7077 requested this worker to reconnect.
25/09/03 17:15:06 INFO Worker: Not spawning another attempt to register with the master, since there is an attempt scheduled already.
25/09/03 17:15:06 INFO Worker: Master with url spark://admins-MacBook-Pro.local:7077 requested this worker to reconnect.
25/09/03 17:15:06 INFO Worker: Not spawning another attempt to register with the master, since there is an attempt scheduled already.
25/09/03 17:15:06 INFO Worker: Master with url spark://admins-MacBook-Pro.local:7077 requested this worker to reconnect.
25/09/03 17:15:06 INFO Worker: Not spawning another attempt to register with the master, since there is an attempt scheduled already.
25/09/03 17:15:06 INFO Worker: Master with url spark://admins-MacBook-Pro.local:7077 requested this worker to reconnect.
25/09/03 17:15:06 INFO Worker: Connecting to master localhost:7077...
25/09/03 17:15:06 INFO Worker: Not spawning another attempt to register with the master, since there is an attempt scheduled already.
25/09/03 17:15:06 INFO Worker: Master with url spark://admins-MacBook-Pro.local:7077 requested this worker to reconnect.
25/09/03 17:15:06 INFO Worker: Not spawning another attempt to register with the master, since there is an attempt scheduled already.
25/09/03 17:15:06 INFO Worker: Master with url spark://admins-MacBook-Pro.local:7077 requested this worker to reconnect.
25/09/03 17:15:06 INFO Worker: Not spawning another attempt to register with the master, since there is an attempt scheduled already.
25/09/03 17:15:06 INFO Worker: Master with url spark://admins-MacBook-Pro.local:7077 requested this worker to reconnect.
25/09/03 17:15:06 INFO Worker: Not spawning another attempt to register with the master, since there is an attempt scheduled already.
25/09/03 17:15:06 INFO Worker: Master with url spark://admins-MacBook-Pro.local:7077 requested this worker to reconnect.
25/09/03 17:15:06 INFO Worker: Not spawning another attempt to register with the master, since there is an attempt scheduled already.
25/09/03 17:15:06 INFO Worker: Master with url spark://admins-MacBook-Pro.local:7077 requested this worker to reconnect.
25/09/03 17:15:06 INFO Worker: Not spawning another attempt to register with the master, since there is an attempt scheduled already.
25/09/03 17:15:06 INFO Worker: Master with url spark://admins-MacBook-Pro.local:7077 requested this worker to reconnect.
25/09/03 17:15:06 INFO Worker: Not spawning another attempt to register with the master, since there is an attempt scheduled already.
25/09/03 17:15:06 INFO Worker: Master with url spark://admins-MacBook-Pro.local:7077 requested this worker to reconnect.
25/09/03 17:15:06 INFO Worker: Not spawning another attempt to register with the master, since there is an attempt scheduled already.
25/09/03 17:15:06 INFO Worker: Master with url spark://admins-MacBook-Pro.local:7077 requested this worker to reconnect.
25/09/03 17:15:06 INFO Worker: Not spawning another attempt to register with the master, since there is an attempt scheduled already.
25/09/03 17:15:06 INFO Worker: Successfully registered with master spark://admins-MacBook-Pro.local:7077
25/09/03 17:15:06 INFO Worker: Worker cleanup enabled; old application directories will be deleted in: /Users/admin/Desktop/git_rep/spark_local/work
25/09/03 18:35:30 INFO Worker: Master with url spark://admins-MacBook-Pro.local:7077 requested this worker to reconnect.
25/09/03 18:35:30 INFO Worker: Master with url spark://admins-MacBook-Pro.local:7077 requested this worker to reconnect.
25/09/03 18:35:30 INFO Worker: Not spawning another attempt to register with the master, since there is an attempt scheduled already.
25/09/03 18:35:30 INFO Worker: Connecting to master localhost:7077...
25/09/03 18:35:30 INFO Worker: Master with url spark://admins-MacBook-Pro.local:7077 requested this worker to reconnect.
25/09/03 18:35:30 INFO Worker: Not spawning another attempt to register with the master, since there is an attempt scheduled already.
25/09/03 18:35:30 INFO Worker: Master with url spark://admins-MacBook-Pro.local:7077 requested this worker to reconnect.
25/09/03 18:35:30 INFO Worker: Not spawning another attempt to register with the master, since there is an attempt scheduled already.
25/09/03 18:35:30 INFO Worker: Master with url spark://admins-MacBook-Pro.local:7077 requested this worker to reconnect.
25/09/03 18:35:30 INFO Worker: Not spawning another attempt to register with the master, since there is an attempt scheduled already.
25/09/03 18:35:30 INFO Worker: Master with url spark://admins-MacBook-Pro.local:7077 requested this worker to reconnect.
25/09/03 18:35:30 INFO Worker: Not spawning another attempt to register with the master, since there is an attempt scheduled already.
25/09/03 18:35:30 INFO Worker: Master with url spark://admins-MacBook-Pro.local:7077 requested this worker to reconnect.
25/09/03 18:35:30 INFO Worker: Not spawning another attempt to register with the master, since there is an attempt scheduled already.
25/09/03 18:35:30 INFO Worker: Master with url spark://admins-MacBook-Pro.local:7077 requested this worker to reconnect.
25/09/03 18:35:30 INFO Worker: Not spawning another attempt to register with the master, since there is an attempt scheduled already.
25/09/03 18:35:30 INFO Worker: Master with url spark://admins-MacBook-Pro.local:7077 requested this worker to reconnect.
25/09/03 18:35:30 INFO Worker: Not spawning another attempt to register with the master, since there is an attempt scheduled already.
25/09/03 18:35:30 INFO Worker: Master with url spark://admins-MacBook-Pro.local:7077 requested this worker to reconnect.
25/09/03 18:35:30 INFO Worker: Not spawning another attempt to register with the master, since there is an attempt scheduled already.
25/09/03 18:35:30 INFO Worker: Master with url spark://admins-MacBook-Pro.local:7077 requested this worker to reconnect.
25/09/03 18:35:30 INFO Worker: Not spawning another attempt to register with the master, since there is an attempt scheduled already.
25/09/03 18:35:30 INFO Worker: Master with url spark://admins-MacBook-Pro.local:7077 requested this worker to reconnect.
25/09/03 18:35:30 INFO Worker: Not spawning another attempt to register with the master, since there is an attempt scheduled already.
25/09/03 18:35:30 INFO Worker: Master with url spark://admins-MacBook-Pro.local:7077 requested this worker to reconnect.
25/09/03 18:35:30 INFO Worker: Not spawning another attempt to register with the master, since there is an attempt scheduled already.
25/09/03 18:35:30 INFO Worker: Master with url spark://admins-MacBook-Pro.local:7077 requested this worker to reconnect.
25/09/03 18:35:30 INFO Worker: Not spawning another attempt to register with the master, since there is an attempt scheduled already.
25/09/03 18:35:30 INFO Worker: Master with url spark://admins-MacBook-Pro.local:7077 requested this worker to reconnect.
25/09/03 18:35:30 INFO Worker: Not spawning another attempt to register with the master, since there is an attempt scheduled already.
25/09/03 18:35:30 INFO Worker: Master with url spark://admins-MacBook-Pro.local:7077 requested this worker to reconnect.
25/09/03 18:35:30 INFO Worker: Not spawning another attempt to register with the master, since there is an attempt scheduled already.
25/09/03 18:35:30 INFO Worker: Master with url spark://admins-MacBook-Pro.local:7077 requested this worker to reconnect.
25/09/03 18:35:30 INFO Worker: Not spawning another attempt to register with the master, since there is an attempt scheduled already.
25/09/03 18:35:30 INFO Worker: Master with url spark://admins-MacBook-Pro.local:7077 requested this worker to reconnect.
25/09/03 18:35:30 INFO Worker: Not spawning another attempt to register with the master, since there is an attempt scheduled already.
25/09/03 18:35:30 INFO Worker: Successfully registered with master spark://admins-MacBook-Pro.local:7077
25/09/03 18:35:30 INFO Worker: Worker cleanup enabled; old application directories will be deleted in: /Users/admin/Desktop/git_rep/spark_local/work
25/09/03 20:21:44 INFO Worker: Master with url spark://admins-MacBook-Pro.local:7077 requested this worker to reconnect.
25/09/03 20:21:44 INFO Worker: Connecting to master localhost:7077...
25/09/03 20:21:44 INFO Worker: Master with url spark://admins-MacBook-Pro.local:7077 requested this worker to reconnect.
25/09/03 20:21:44 INFO Worker: Not spawning another attempt to register with the master, since there is an attempt scheduled already.
25/09/03 20:21:44 INFO Worker: Master with url spark://admins-MacBook-Pro.local:7077 requested this worker to reconnect.
25/09/03 20:21:44 INFO Worker: Not spawning another attempt to register with the master, since there is an attempt scheduled already.
25/09/03 20:21:44 INFO Worker: Master with url spark://admins-MacBook-Pro.local:7077 requested this worker to reconnect.
25/09/03 20:21:44 INFO Worker: Not spawning another attempt to register with the master, since there is an attempt scheduled already.
25/09/03 20:21:44 INFO Worker: Master with url spark://admins-MacBook-Pro.local:7077 requested this worker to reconnect.
25/09/03 20:21:44 INFO Worker: Not spawning another attempt to register with the master, since there is an attempt scheduled already.
25/09/03 20:21:44 INFO Worker: Master with url spark://admins-MacBook-Pro.local:7077 requested this worker to reconnect.
25/09/03 20:21:44 INFO Worker: Not spawning another attempt to register with the master, since there is an attempt scheduled already.
25/09/03 20:21:44 INFO Worker: Master with url spark://admins-MacBook-Pro.local:7077 requested this worker to reconnect.
25/09/03 20:21:44 INFO Worker: Not spawning another attempt to register with the master, since there is an attempt scheduled already.
25/09/03 20:21:44 INFO Worker: Master with url spark://admins-MacBook-Pro.local:7077 requested this worker to reconnect.
25/09/03 20:21:44 INFO Worker: Not spawning another attempt to register with the master, since there is an attempt scheduled already.
25/09/03 20:21:44 INFO Worker: Master with url spark://admins-MacBook-Pro.local:7077 requested this worker to reconnect.
25/09/03 20:21:44 INFO Worker: Not spawning another attempt to register with the master, since there is an attempt scheduled already.
25/09/03 20:21:44 INFO Worker: Master with url spark://admins-MacBook-Pro.local:7077 requested this worker to reconnect.
25/09/03 20:21:44 INFO Worker: Not spawning another attempt to register with the master, since there is an attempt scheduled already.
25/09/03 20:21:44 INFO Worker: Master with url spark://admins-MacBook-Pro.local:7077 requested this worker to reconnect.
25/09/03 20:21:44 INFO Worker: Not spawning another attempt to register with the master, since there is an attempt scheduled already.
25/09/03 20:21:44 INFO Worker: Master with url spark://admins-MacBook-Pro.local:7077 requested this worker to reconnect.
25/09/03 20:21:44 INFO Worker: Not spawning another attempt to register with the master, since there is an attempt scheduled already.
25/09/03 20:21:44 INFO Worker: Master with url spark://admins-MacBook-Pro.local:7077 requested this worker to reconnect.
25/09/03 20:21:44 INFO Worker: Not spawning another attempt to register with the master, since there is an attempt scheduled already.
25/09/03 20:21:44 INFO Worker: Master with url spark://admins-MacBook-Pro.local:7077 requested this worker to reconnect.
25/09/03 20:21:44 INFO Worker: Not spawning another attempt to register with the master, since there is an attempt scheduled already.
25/09/03 20:21:44 INFO Worker: Successfully registered with master spark://admins-MacBook-Pro.local:7077
25/09/03 20:21:44 INFO Worker: Worker cleanup enabled; old application directories will be deleted in: /Users/admin/Desktop/git_rep/spark_local/work
25/09/03 22:57:22 INFO Worker: Master with url spark://admins-MacBook-Pro.local:7077 requested this worker to reconnect.
25/09/03 22:57:22 INFO Worker: Connecting to master localhost:7077...
25/09/03 22:57:22 INFO Worker: Master with url spark://admins-MacBook-Pro.local:7077 requested this worker to reconnect.
25/09/03 22:57:22 INFO Worker: Not spawning another attempt to register with the master, since there is an attempt scheduled already.
25/09/03 22:57:22 INFO Worker: Master with url spark://admins-MacBook-Pro.local:7077 requested this worker to reconnect.
25/09/03 22:57:22 INFO Worker: Not spawning another attempt to register with the master, since there is an attempt scheduled already.
25/09/03 22:57:22 INFO Worker: Master with url spark://admins-MacBook-Pro.local:7077 requested this worker to reconnect.
25/09/03 22:57:22 INFO Worker: Not spawning another attempt to register with the master, since there is an attempt scheduled already.
25/09/03 22:57:22 INFO Worker: Master with url spark://admins-MacBook-Pro.local:7077 requested this worker to reconnect.
25/09/03 22:57:22 INFO Worker: Not spawning another attempt to register with the master, since there is an attempt scheduled already.
25/09/03 22:57:22 INFO Worker: Master with url spark://admins-MacBook-Pro.local:7077 requested this worker to reconnect.
25/09/03 22:57:22 INFO Worker: Not spawning another attempt to register with the master, since there is an attempt scheduled already.
25/09/03 22:57:22 INFO Worker: Master with url spark://admins-MacBook-Pro.local:7077 requested this worker to reconnect.
25/09/03 22:57:22 INFO Worker: Not spawning another attempt to register with the master, since there is an attempt scheduled already.
25/09/03 22:57:22 INFO Worker: Master with url spark://admins-MacBook-Pro.local:7077 requested this worker to reconnect.
25/09/03 22:57:22 INFO Worker: Not spawning another attempt to register with the master, since there is an attempt scheduled already.
25/09/03 22:57:22 INFO Worker: Master with url spark://admins-MacBook-Pro.local:7077 requested this worker to reconnect.
25/09/03 22:57:22 INFO Worker: Not spawning another attempt to register with the master, since there is an attempt scheduled already.
25/09/03 22:57:22 INFO Worker: Master with url spark://admins-MacBook-Pro.local:7077 requested this worker to reconnect.
25/09/03 22:57:22 INFO Worker: Not spawning another attempt to register with the master, since there is an attempt scheduled already.
25/09/03 22:57:22 INFO Worker: Master with url spark://admins-MacBook-Pro.local:7077 requested this worker to reconnect.
25/09/03 22:57:22 INFO Worker: Not spawning another attempt to register with the master, since there is an attempt scheduled already.
25/09/03 22:57:22 INFO Worker: Successfully registered with master spark://admins-MacBook-Pro.local:7077
25/09/03 22:57:22 INFO Worker: Worker cleanup enabled; old application directories will be deleted in: /Users/admin/Desktop/git_rep/spark_local/work
25/09/04 00:41:18 INFO Worker: Master with url spark://admins-MacBook-Pro.local:7077 requested this worker to reconnect.
25/09/04 00:41:18 INFO Worker: Master with url spark://admins-MacBook-Pro.local:7077 requested this worker to reconnect.
25/09/04 00:41:18 INFO Worker: Not spawning another attempt to register with the master, since there is an attempt scheduled already.
25/09/04 00:41:18 INFO Worker: Master with url spark://admins-MacBook-Pro.local:7077 requested this worker to reconnect.
25/09/04 00:41:18 INFO Worker: Connecting to master localhost:7077...
25/09/04 00:41:18 INFO Worker: Not spawning another attempt to register with the master, since there is an attempt scheduled already.
25/09/04 00:41:18 INFO Worker: Master with url spark://admins-MacBook-Pro.local:7077 requested this worker to reconnect.
25/09/04 00:41:18 INFO Worker: Not spawning another attempt to register with the master, since there is an attempt scheduled already.
25/09/04 00:41:18 INFO Worker: Master with url spark://admins-MacBook-Pro.local:7077 requested this worker to reconnect.
25/09/04 00:41:18 INFO Worker: Not spawning another attempt to register with the master, since there is an attempt scheduled already.
25/09/04 00:41:18 INFO Worker: Master with url spark://admins-MacBook-Pro.local:7077 requested this worker to reconnect.
25/09/04 00:41:18 INFO Worker: Not spawning another attempt to register with the master, since there is an attempt scheduled already.
25/09/04 00:41:18 INFO Worker: Master with url spark://admins-MacBook-Pro.local:7077 requested this worker to reconnect.
25/09/04 00:41:18 INFO Worker: Not spawning another attempt to register with the master, since there is an attempt scheduled already.
25/09/04 00:41:18 INFO Worker: Master with url spark://admins-MacBook-Pro.local:7077 requested this worker to reconnect.
25/09/04 00:41:18 INFO Worker: Not spawning another attempt to register with the master, since there is an attempt scheduled already.
25/09/04 00:41:18 INFO Worker: Master with url spark://admins-MacBook-Pro.local:7077 requested this worker to reconnect.
25/09/04 00:41:18 INFO Worker: Not spawning another attempt to register with the master, since there is an attempt scheduled already.
25/09/04 00:41:18 INFO Worker: Master with url spark://admins-MacBook-Pro.local:7077 requested this worker to reconnect.
25/09/04 00:41:18 INFO Worker: Not spawning another attempt to register with the master, since there is an attempt scheduled already.
25/09/04 00:41:18 INFO Worker: Master with url spark://admins-MacBook-Pro.local:7077 requested this worker to reconnect.
25/09/04 00:41:18 INFO Worker: Not spawning another attempt to register with the master, since there is an attempt scheduled already.
25/09/04 00:41:18 INFO Worker: Master with url spark://admins-MacBook-Pro.local:7077 requested this worker to reconnect.
25/09/04 00:41:18 INFO Worker: Not spawning another attempt to register with the master, since there is an attempt scheduled already.
25/09/04 00:41:18 INFO Worker: Master with url spark://admins-MacBook-Pro.local:7077 requested this worker to reconnect.
25/09/04 00:41:18 INFO Worker: Not spawning another attempt to register with the master, since there is an attempt scheduled already.
25/09/04 00:41:18 INFO Worker: Master with url spark://admins-MacBook-Pro.local:7077 requested this worker to reconnect.
25/09/04 00:41:18 INFO Worker: Not spawning another attempt to register with the master, since there is an attempt scheduled already.
25/09/04 00:41:18 INFO Worker: Successfully registered with master spark://admins-MacBook-Pro.local:7077
25/09/04 00:41:18 INFO Worker: Worker cleanup enabled; old application directories will be deleted in: /Users/admin/Desktop/git_rep/spark_local/work
25/09/04 03:53:34 INFO Worker: Master with url spark://admins-MacBook-Pro.local:7077 requested this worker to reconnect.
25/09/04 03:53:34 INFO Worker: Connecting to master localhost:7077...
25/09/04 03:53:34 INFO Worker: Successfully registered with master spark://admins-MacBook-Pro.local:7077
25/09/04 03:53:34 INFO Worker: Worker cleanup enabled; old application directories will be deleted in: /Users/admin/Desktop/git_rep/spark_local/work
25/09/04 06:20:55 INFO Worker: Master with url spark://admins-MacBook-Pro.local:7077 requested this worker to reconnect.
25/09/04 06:20:55 INFO Worker: Connecting to master localhost:7077...
25/09/04 06:20:55 INFO Worker: Master with url spark://admins-MacBook-Pro.local:7077 requested this worker to reconnect.
25/09/04 06:20:55 INFO Worker: Not spawning another attempt to register with the master, since there is an attempt scheduled already.
25/09/04 06:20:55 INFO Worker: Master with url spark://admins-MacBook-Pro.local:7077 requested this worker to reconnect.
25/09/04 06:20:55 INFO Worker: Not spawning another attempt to register with the master, since there is an attempt scheduled already.
25/09/04 06:20:55 INFO Worker: Master with url spark://admins-MacBook-Pro.local:7077 requested this worker to reconnect.
25/09/04 06:20:55 INFO Worker: Not spawning another attempt to register with the master, since there is an attempt scheduled already.
25/09/04 06:20:55 INFO Worker: Master with url spark://admins-MacBook-Pro.local:7077 requested this worker to reconnect.
25/09/04 06:20:55 INFO Worker: Not spawning another attempt to register with the master, since there is an attempt scheduled already.
25/09/04 06:20:55 INFO Worker: Master with url spark://admins-MacBook-Pro.local:7077 requested this worker to reconnect.
25/09/04 06:20:55 INFO Worker: Not spawning another attempt to register with the master, since there is an attempt scheduled already.
25/09/04 06:20:55 INFO Worker: Successfully registered with master spark://admins-MacBook-Pro.local:7077
25/09/04 06:20:55 INFO Worker: Worker cleanup enabled; old application directories will be deleted in: /Users/admin/Desktop/git_rep/spark_local/work
25/09/04 09:17:00 INFO Worker: Master with url spark://admins-MacBook-Pro.local:7077 requested this worker to reconnect.
25/09/04 09:17:00 INFO Worker: Master with url spark://admins-MacBook-Pro.local:7077 requested this worker to reconnect.
25/09/04 09:17:00 INFO Worker: Not spawning another attempt to register with the master, since there is an attempt scheduled already.
25/09/04 09:17:00 INFO Worker: Master with url spark://admins-MacBook-Pro.local:7077 requested this worker to reconnect.
25/09/04 09:17:00 INFO Worker: Not spawning another attempt to register with the master, since there is an attempt scheduled already.
25/09/04 09:17:00 INFO Worker: Connecting to master localhost:7077...
25/09/04 09:17:00 INFO Worker: Master with url spark://admins-MacBook-Pro.local:7077 requested this worker to reconnect.
25/09/04 09:17:00 INFO Worker: Not spawning another attempt to register with the master, since there is an attempt scheduled already.
25/09/04 09:17:00 INFO Worker: Master with url spark://admins-MacBook-Pro.local:7077 requested this worker to reconnect.
25/09/04 09:17:00 INFO Worker: Not spawning another attempt to register with the master, since there is an attempt scheduled already.
25/09/04 09:17:00 INFO Worker: Master with url spark://admins-MacBook-Pro.local:7077 requested this worker to reconnect.
25/09/04 09:17:00 INFO Worker: Not spawning another attempt to register with the master, since there is an attempt scheduled already.
25/09/04 09:17:00 INFO Worker: Master with url spark://admins-MacBook-Pro.local:7077 requested this worker to reconnect.
25/09/04 09:17:00 INFO Worker: Not spawning another attempt to register with the master, since there is an attempt scheduled already.
25/09/04 09:17:00 INFO Worker: Master with url spark://admins-MacBook-Pro.local:7077 requested this worker to reconnect.
25/09/04 09:17:00 INFO Worker: Not spawning another attempt to register with the master, since there is an attempt scheduled already.
25/09/04 09:17:00 INFO Worker: Master with url spark://admins-MacBook-Pro.local:7077 requested this worker to reconnect.
25/09/04 09:17:00 INFO Worker: Not spawning another attempt to register with the master, since there is an attempt scheduled already.
25/09/04 09:17:00 INFO Worker: Master with url spark://admins-MacBook-Pro.local:7077 requested this worker to reconnect.
25/09/04 09:17:00 INFO Worker: Not spawning another attempt to register with the master, since there is an attempt scheduled already.
25/09/04 09:17:00 INFO Worker: Master with url spark://admins-MacBook-Pro.local:7077 requested this worker to reconnect.
25/09/04 09:17:00 INFO Worker: Not spawning another attempt to register with the master, since there is an attempt scheduled already.
25/09/04 09:17:00 INFO Worker: Master with url spark://admins-MacBook-Pro.local:7077 requested this worker to reconnect.
25/09/04 09:17:00 INFO Worker: Not spawning another attempt to register with the master, since there is an attempt scheduled already.
25/09/04 09:17:00 INFO Worker: Master with url spark://admins-MacBook-Pro.local:7077 requested this worker to reconnect.
25/09/04 09:17:00 INFO Worker: Not spawning another attempt to register with the master, since there is an attempt scheduled already.
25/09/04 09:17:00 INFO Worker: Master with url spark://admins-MacBook-Pro.local:7077 requested this worker to reconnect.
25/09/04 09:17:00 INFO Worker: Not spawning another attempt to register with the master, since there is an attempt scheduled already.
25/09/04 09:17:00 INFO Worker: Master with url spark://admins-MacBook-Pro.local:7077 requested this worker to reconnect.
25/09/04 09:17:00 INFO Worker: Not spawning another attempt to register with the master, since there is an attempt scheduled already.
25/09/04 09:17:00 INFO Worker: Master with url spark://admins-MacBook-Pro.local:7077 requested this worker to reconnect.
25/09/04 09:17:00 INFO Worker: Not spawning another attempt to register with the master, since there is an attempt scheduled already.
25/09/04 09:17:00 INFO Worker: Successfully registered with master spark://admins-MacBook-Pro.local:7077
25/09/04 09:17:00 INFO Worker: Worker cleanup enabled; old application directories will be deleted in: /Users/admin/Desktop/git_rep/spark_local/work
25/09/04 11:12:51 INFO Worker: Master with url spark://admins-MacBook-Pro.local:7077 requested this worker to reconnect.
25/09/04 11:12:51 INFO Worker: Connecting to master localhost:7077...
25/09/04 11:12:51 INFO Worker: Master with url spark://admins-MacBook-Pro.local:7077 requested this worker to reconnect.
25/09/04 11:12:51 INFO Worker: Not spawning another attempt to register with the master, since there is an attempt scheduled already.
25/09/04 11:12:51 INFO Worker: Master with url spark://admins-MacBook-Pro.local:7077 requested this worker to reconnect.
25/09/04 11:12:51 INFO Worker: Not spawning another attempt to register with the master, since there is an attempt scheduled already.
25/09/04 11:12:51 INFO Worker: Successfully registered with master spark://admins-MacBook-Pro.local:7077
25/09/04 11:12:51 INFO Worker: Worker cleanup enabled; old application directories will be deleted in: /Users/admin/Desktop/git_rep/spark_local/work
